C51 COMPILER V9.60.7.0   MAIN                                                              09/12/2025 09:20:42 PAGE 1   


C51 COMPILER V9.60.7.0, COMPILATION OF MODULE MAIN
OBJECT MODULE PLACED IN .\Objects\main.obj
COMPILER INVOKED BY: D:\KEIL_STM32\C51\BIN\C51.EXE main.c OPTIMIZE(8,SPEED) BROWSE DEBUG OBJECTEXTEND PRINT(.\Listings\m
                    -ain.lst) OBJECT(.\Objects\main.obj)

line level    source

   1          #include <REG52.H>       
   2          #include "lcd24064.h"
   3          #include "picture.h"
   4          
   5          unsigned char mode;
   6          void main( void )   
   7          {
   8   1       
   9   1      //  FS=0;
  10   1      //  LcmInit();
  11   1      //  LcmClear(); 
  12   1      //  DisplayDots(0xaa,0xaa);
  13   1      //  Delay(1000); 
  14   1      //  DisplayDots(0x55,0x55);
  15   1      //  Delay(1000); 
  16   1      //  DisplayDots(0xaa,0x55);
  17   1      //  Delay(1000); 
  18   1      //  DisplayDots(0x55,0xaa);
  19   1      //  Delay(1000); 
  20   1      //  DisplayDots(0xff,0x00);
  21   1      //  Delay(1000); 
  22   1      //  DisplayDots(0x00,0xff);
  23   1      //  Delay(1000);
  24   1      //  LcmClear(); 
  25   1      //  Display_FullCGROM();
  26   1      //  Delay(1000);
  27   1      //  LcmClear();
  28   1      //  wordageEng();
  29   1       while(1)  
  30   1      {  
  31   2        FS=0;
  32   2        LcmInit();
  33   2        LcmClear();   
  34   2        DisplayDots(0xaa,0xaa);
  35   2        Delay(1000); 
  36   2        DisplayDots(0x55,0x55);
  37   2        Delay(1000); 
  38   2        DisplayDots(0xaa,0x55);
  39   2        Delay(1000); 
  40   2        DisplayDots(0x55,0xaa);
  41   2        Delay(1000); 
  42   2        DisplayDots(0xff,0x00);
  43   2        Delay(1000); 
  44   2        DisplayDots(0x00,0xff);
  45   2        Delay(1000);
  46   2        LcmClear();   
  47   2        Display_FullCGROM();
  48   2        Delay(1000);
  49   2        LcmClear();
  50   2        wordageEng(); 
  51   2      //              if(ReadKey())
  52   2      //              mode++;
  53   2      //              mode%=9;
  54   2      //              LcmClear();
C51 COMPILER V9.60.7.0   MAIN                                                              09/12/2025 09:20:42 PAGE 2   

  55   2      //              switch(mode){   
  56   2      //              case 0:DisplayDots(0xff,0x00);
  57   2      //              break;
  58   2      //              case 1:DisplayDots(0x00,0xff);
  59   2      //              break;
  60   2      //              case 2:DisplayDots(0xaa,0x55);
  61   2      //              break;
  62   2      //              case 3:DisplayDots(0x55,0xaa);
  63   2      //              break;
  64   2      //              case 4:DisplayDots(0x55,0x55);
  65   2      //              break;
  66   2      //              case 5:DisplayDots(0xaa,0xaa);
  67   2      //              break;                  
  68   2      //              case 6:DisplayDots(0xff,0xff);
  69   2      //              break;
  70   2      //              case 7:Display_FullCGROM();     
  71   2      //              break;
  72   2      //              case 8:wordageEng();    
  73   2      //              break;
  74   2      // }   
  75   2      }   
  76   1      }
  77          
  78          
  79          
  80          
  81          //void main(void)   
  82          //{
  83          
  84          //        FS=0;
  85          //        LcmInit();
  86          //        LcmClear();   
  87          //    while (1)  
  88          //    {   
  89          //        if (ReadKey()) 
  90          //        {
  91          //            HandleKey(); 
  92          //        } 
  93          //        else 
  94          //        {
  95          //          
  96          //            DisplayPatterns(); 
  97          //        }
  98          //    }   
  99          //}
 100          // 


MODULE INFORMATION:   STATIC OVERLAYABLE
   CODE SIZE        =    113    ----
   CONSTANT SIZE    =   ----    ----
   XDATA SIZE       =   ----    ----
   PDATA SIZE       =   ----    ----
   DATA SIZE        =      1    ----
   IDATA SIZE       =   ----    ----
   BIT SIZE         =   ----    ----
END OF MODULE INFORMATION.


C51 COMPILATION COMPLETE.  0 WARNING(S),  0 ERROR(S)
