C51 COMPILER V9.60.7.0   PICTURE                                                           06/17/2025 21:19:17 PAGE 1   


C51 COMPILER V9.60.7.0, COMPILATION OF MODULE PICTURE
OBJECT MODULE PLACED IN .\Objects\picture.obj
COMPILER INVOKED BY: D:\KEIL_STM32\C51\BIN\C51.EXE picture.c OPTIMIZE(8,SPEED) BROWSE DEBUG OBJECTEXTEND PRINT(.\Listing
                    -s\picture.lst) OBJECT(.\Objects\picture.obj)

line level    source

   1          unsigned char code Chinese_character[]=
   2          {
   3          ///* [×Ö¿â]£º[HZK1616ËÎÌå] [Êý¾ÝÅÅÁÐ]:´Ó×óµ½ÓÒ´ÓÉÏµ½ÏÂ [È¡Ä£·½Ê½]:ºáÏò8µã×ó¸ßÎ» [Õý¸º·´É«]:·ñ [È¥µôÖØ¸´ºó]
             -¹²33¸ö×Ö·û
   4          //[×Ü×Ö·û¿â]£º"¹ã¶«ìÇ»Ô¿Æ¼¼ÓÐÏÞ¹«Ë¾YeiHuiDisplay.com LCM24064_06"*/
   5          
   6          ///*-- ID:0,×Ö·û:"¹ã",ASCII±àÂë:B9E3,¶ÔÓ¦×Ö:¿íx¸ß=16x16,»­²¼:¿íW=16 ¸ßH=16,¹²32×Ö½Ú*/
   7          //0x01,0x00,0x00,0x84,0x3F,0xFE,0x20,0x00,0x20,0x00,0x20,0x00,0x20,0x00,0x20,0x00,
   8          //0x20,0x00,0x20,0x00,0x20,0x00,0x20,0x00,0x40,0x00,0x40,0x00,0x80,0x00,0x00,0x00,
   9          
  10          ///*-- ID:1,×Ö·û:"¶«",ASCII±àÂë:B6AB,¶ÔÓ¦×Ö:¿íx¸ß=16x16,»­²¼:¿íW=16 ¸ßH=16,¹²32×Ö½Ú*/
  11          //0x02,0x00,0x02,0x00,0x02,0x04,0xFF,0xFE,0x04,0x00,0x09,0x00,0x09,0x00,0x11,0x10,
  12          //0x3F,0xF8,0x01,0x00,0x09,0x40,0x09,0x20,0x11,0x10,0x21,0x18,0x45,0x08,0x02,0x00,
  13          
  14          ///*-- ID:2,×Ö·û:"ìÇ",ASCII±àÂë:ECC7,¶ÔÓ¦×Ö:¿íx¸ß=16x16,»­²¼:¿íW=16 ¸ßH=16,¹²32×Ö½Ú*/
  15          //0x10,0xA0,0x10,0xA0,0x10,0xA0,0x15,0x24,0x55,0x28,0x59,0x30,0x53,0x64,0x95,0x1C,
  16          //0x11,0x40,0x10,0x44,0x17,0xFE,0x28,0x40,0x24,0x40,0x44,0x40,0x40,0x40,0x80,0x40,
  17          
  18          ///*-- ID:3,×Ö·û:"»Ô",ASCII±àÂë:BBD4,¶ÔÓ¦×Ö:¿íx¸ß=16x16,»­²¼:¿íW=16 ¸ßH=16,¹²32×Ö½Ú*/
  19          //0x10,0x00,0x11,0xFE,0x95,0x04,0x56,0x40,0x38,0x48,0x11,0xFC,0xFE,0x80,0x29,0x20,
  20          //0x29,0xFC,0x28,0x20,0x28,0x24,0x2B,0xFE,0x4C,0x20,0x48,0x20,0x80,0x20,0x00,0x20,
  21          
  22          ///*-- ID:4,×Ö·û:"¿Æ",ASCII±àÂë:BFC6,¶ÔÓ¦×Ö:¿íx¸ß=16x16,»­²¼:¿íW=16 ¸ßH=16,¹²32×Ö½Ú*/
  23          //0x04,0x10,0x0E,0x10,0xF8,0x90,0x08,0x50,0x08,0x10,0xFE,0x90,0x08,0x50,0x1C,0x14,
  24          //0x1A,0x1E,0x29,0xF0,0x28,0x10,0x48,0x10,0x88,0x10,0x08,0x10,0x08,0x10,0x08,0x10,
  25          
  26          ///*-- ID:5,×Ö·û:"¼¼",ASCII±àÂë:BCBC,¶ÔÓ¦×Ö:¿íx¸ß=16x16,»­²¼:¿íW=16 ¸ßH=16,¹²32×Ö½Ú*/
  27          //0x10,0x40,0x10,0x40,0x10,0x48,0x13,0xFC,0xFC,0x40,0x10,0x40,0x10,0x40,0x13,0xF8,
  28          //0x1A,0x08,0x31,0x10,0xD1,0x10,0x10,0xA0,0x10,0x40,0x10,0xB0,0x51,0x0E,0x26,0x04,
  29          
  30          ///*-- ID:6,×Ö·û:"ÓÐ",ASCII±àÂë:D3D0,¶ÔÓ¦×Ö:¿íx¸ß=16x16,»­²¼:¿íW=16 ¸ßH=16,¹²32×Ö½Ú*/
  31          //0x02,0x00,0x02,0x04,0xFF,0xFE,0x04,0x00,0x04,0x10,0x0F,0xF8,0x08,0x10,0x18,0x10,
  32          //0x2F,0xF0,0x48,0x10,0x88,0x10,0x0F,0xF0,0x08,0x10,0x08,0x10,0x08,0x50,0x08,0x20,
  33          
  34          ///*-- ID:7,×Ö·û:"ÏÞ",ASCII±àÂë:CFDE,¶ÔÓ¦×Ö:¿íx¸ß=16x16,»­²¼:¿íW=16 ¸ßH=16,¹²32×Ö½Ú*/
  35          //0x00,0x08,0x7D,0xFC,0x45,0x08,0x49,0x08,0x49,0xF8,0x51,0x08,0x49,0x08,0x49,0xF8,
  36          //0x45,0x04,0x45,0x88,0x45,0x50,0x69,0x20,0x51,0x10,0x41,0x4E,0x41,0x84,0x41,0x00,
  37          
  38          ///*-- ID:8,×Ö·û:"¹«",ASCII±àÂë:B9AB,¶ÔÓ¦×Ö:¿íx¸ß=16x16,»­²¼:¿íW=16 ¸ßH=16,¹²32×Ö½Ú*/
  39          //0x00,0x00,0x00,0x80,0x04,0x80,0x04,0x40,0x08,0x40,0x08,0x20,0x11,0x10,0x21,0x0E,
  40          //0xC2,0x04,0x02,0x00,0x04,0x00,0x08,0x40,0x10,0x20,0x1F,0xF0,0x00,0x10,0x00,0x00,
  41          
  42          ///*-- ID:9,×Ö·û:"Ë¾",ASCII±àÂë:CBBE,¶ÔÓ¦×Ö:¿íx¸ß=16x16,»­²¼:¿íW=16 ¸ßH=16,¹²32×Ö½Ú*/
  43          //0x00,0x08,0x3F,0xFC,0x00,0x08,0x00,0x48,0xFF,0xE8,0x00,0x08,0x00,0x88,0x3F,0xC8,
  44          //0x20,0x88,0x20,0x88,0x20,0x88,0x20,0x88,0x3F,0x88,0x20,0x88,0x00,0x28,0x00,0x10,
  45          
  46          /* [×Ö¿â]£º[HZK1616ËÎÌå] [Êý¾ÝÅÅÁÐ]:´Ó×óµ½ÓÒ´ÓÉÏµ½ÏÂ [È¡Ä£·½Ê½]:ºáÏò8µã×ó¸ßÎ» [Õý¸º·´É«]:·ñ [È¥µôÖØ¸´ºó]¹²
             -10¸ö×Ö·û
  47          [×Ü×Ö·û¿â]£º"ÖÇÁ¦¹âëŠ¹É·ÝÓÐÏÞ¹«Ë¾"*/
  48          
  49          /*-- ID:0,×Ö·û:"ÖÇ",ASCII±àÂë:D6C7,¶ÔÓ¦×Ö:¿íx¸ß=16x16,»­²¼:¿íW=16 ¸ßH=16,¹²32×Ö½Ú*/
  50          0x20,0x00,0x22,0x04,0x3F,0x7E,0x48,0x44,0x08,0x44,0xFF,0xC4,0x10,0x44,0x14,0x7C,
  51          0x22,0x44,0x42,0x10,0x9F,0xF8,0x10,0x10,0x1F,0xF0,0x10,0x10,0x1F,0xF0,0x10,0x10,
  52          
C51 COMPILER V9.60.7.0   PICTURE                                                           06/17/2025 21:19:17 PAGE 2   

  53          /*-- ID:1,×Ö·û:"Á¦",ASCII±àÂë:C1A6,¶ÔÓ¦×Ö:¿íx¸ß=16x16,»­²¼:¿íW=16 ¸ßH=16,¹²32×Ö½Ú*/
  54          0x02,0x00,0x02,0x00,0x02,0x00,0x02,0x08,0x7F,0xFC,0x02,0x08,0x02,0x08,0x02,0x08,
  55          0x02,0x08,0x02,0x08,0x02,0x08,0x04,0x08,0x04,0x08,0x08,0x88,0x08,0x50,0x70,0x20,
  56          
  57          /*-- ID:2,×Ö·û:"¹â",ASCII±àÂë:B9E2,¶ÔÓ¦×Ö:¿íx¸ß=16x16,»­²¼:¿íW=16 ¸ßH=16,¹²32×Ö½Ú*/
  58          0x01,0x00,0x21,0x08,0x11,0x0C,0x09,0x10,0x09,0x20,0x01,0x04,0xFF,0xFE,0x04,0x40,
  59          0x04,0x40,0x04,0x40,0x04,0x40,0x08,0x40,0x08,0x42,0x10,0x42,0x20,0x3E,0x40,0x00,
  60          
  61          /*-- ID:3,×Ö·û:"µç",ASCII±àÂë:B5E7,¶ÔÓ¦×Ö:¿íx¸ß=16x16,»­²¼:¿íW=16 ¸ßH=16,¹²32×Ö½Ú*/
  62          0x02,0x00,0x02,0x00,0x02,0x10,0x7F,0xF8,0x42,0x10,0x42,0x10,0x7F,0xF0,0x42,0x10,
  63          0x42,0x10,0x7F,0xF0,0x42,0x10,0x02,0x00,0x02,0x04,0x02,0x04,0x01,0xFC,0x00,0x00,
  64          
  65          /*-- ID:4,×Ö·û:"¹É",ASCII±àÂë:B9C9,¶ÔÓ¦×Ö:¿íx¸ß=16x16,»­²¼:¿íW=16 ¸ßH=16,¹²32×Ö½Ú*/
  66          0x04,0x08,0x3E,0xFC,0x24,0x88,0x24,0x88,0x24,0x88,0x3D,0x0E,0x26,0x00,0x25,0xFC,
  67          0x24,0x84,0x3C,0x88,0x24,0x48,0x24,0x70,0x24,0x20,0x24,0x50,0x4D,0x8E,0x86,0x04,
  68          
  69          /*-- ID:5,×Ö·û:"·Ý",ASCII±àÂë:B7DD,¶ÔÓ¦×Ö:¿íx¸ß=16x16,»­²¼:¿íW=16 ¸ßH=16,¹²32×Ö½Ú*/
  70          0x08,0x20,0x09,0x20,0x09,0x20,0x11,0x10,0x12,0x10,0x32,0x0E,0x54,0x04,0x9B,0xF0,
  71          0x11,0x10,0x11,0x10,0x11,0x10,0x11,0x10,0x12,0x10,0x12,0x10,0x14,0xA0,0x10,0x40,
  72          
  73          /*-- ID:6,×Ö·û:"ÓÐ",ASCII±àÂë:D3D0,¶ÔÓ¦×Ö:¿íx¸ß=16x16,»­²¼:¿íW=16 ¸ßH=16,¹²32×Ö½Ú*/
  74          0x02,0x00,0x02,0x04,0xFF,0xFE,0x04,0x00,0x04,0x10,0x0F,0xF8,0x08,0x10,0x18,0x10,
  75          0x2F,0xF0,0x48,0x10,0x88,0x10,0x0F,0xF0,0x08,0x10,0x08,0x10,0x08,0x50,0x08,0x20,
  76          
  77          /*-- ID:7,×Ö·û:"ÏÞ",ASCII±àÂë:CFDE,¶ÔÓ¦×Ö:¿íx¸ß=16x16,»­²¼:¿íW=16 ¸ßH=16,¹²32×Ö½Ú*/
  78          0x00,0x08,0x7D,0xFC,0x45,0x08,0x49,0x08,0x49,0xF8,0x51,0x08,0x49,0x08,0x49,0xF8,
  79          0x45,0x04,0x45,0x88,0x45,0x50,0x69,0x20,0x51,0x10,0x41,0x4E,0x41,0x84,0x41,0x00,
  80          
  81          /*-- ID:8,×Ö·û:"¹«",ASCII±àÂë:B9AB,¶ÔÓ¦×Ö:¿íx¸ß=16x16,»­²¼:¿íW=16 ¸ßH=16,¹²32×Ö½Ú*/
  82          0x00,0x00,0x00,0x80,0x04,0x80,0x04,0x40,0x08,0x40,0x08,0x20,0x11,0x10,0x21,0x0E,
  83          0xC2,0x04,0x02,0x00,0x04,0x00,0x08,0x40,0x10,0x20,0x1F,0xF0,0x00,0x10,0x00,0x00,
  84          
  85          /*-- ID:9,×Ö·û:"Ë¾",ASCII±àÂë:CBBE,¶ÔÓ¦×Ö:¿íx¸ß=16x16,»­²¼:¿íW=16 ¸ßH=16,¹²32×Ö½Ú*/
  86          0x00,0x08,0x3F,0xFC,0x00,0x08,0x00,0x48,0xFF,0xE8,0x00,0x08,0x00,0x88,0x3F,0xC8,
  87          0x20,0x88,0x20,0x88,0x20,0x88,0x20,0x88,0x3F,0x88,0x20,0x88,0x00,0x28,0x00,0x10
  88          
  89          
  90          
  91          
  92          };
  93          unsigned char code English_character[]=
  94          {
  95                  
  96          /* [×Ö¿â]£º[ASC8x16E×Ö¿â] [Êý¾ÝÅÅÁÐ]:´Ó×óµ½ÓÒ´ÓÉÏµ½ÏÂ [È¡Ä£·½Ê½]:ºáÏò8µã×ó¸ßÎ» [Õý¸º·´É«]:·ñ [È¥µôÖØ¸´ºó]¹
             -²27¸ö×Ö·û
  97          [×Ü×Ö·û¿â]£º"YeHuiDisplay.comLCM24064_06"*/
  98          
  99          ///*-- ID:0,×Ö·û:"Y",ASCII±àÂë:59,¶ÔÓ¦×Ö:¿íx¸ß=8x16,»­²¼:¿íW=8 ¸ßH=16,¹²16×Ö½Ú*/
 100          //0x00,0x00,0xEE,0x44,0x44,0x28,0x28,0x10,0x10,0x10,0x10,0x10,0x38,0x00,0x00,0x00,
 101          
 102          ///*-- ID:1,×Ö·û:"e",ASCII±àÂë:65,¶ÔÓ¦×Ö:¿íx¸ß=8x16,»­²¼:¿íW=8 ¸ßH=16,¹²16×Ö½Ú*/
 103          //0x00,0x00,0x00,0x00,0x00,0x00,0x3C,0x42,0x42,0x7E,0x40,0x42,0x3C,0x00,0x00,0x00,
 104          
 105          ///*-- ID:2,×Ö·û:"H",ASCII±àÂë:48,¶ÔÓ¦×Ö:¿íx¸ß=8x16,»­²¼:¿íW=8 ¸ßH=16,¹²16×Ö½Ú*/
 106          //0x00,0x00,0xE7,0x42,0x42,0x42,0x42,0x7E,0x42,0x42,0x42,0x42,0xE7,0x00,0x00,0x00,
 107          
 108          ///*-- ID:3,×Ö·û:"u",ASCII±àÂë:75,¶ÔÓ¦×Ö:¿íx¸ß=8x16,»­²¼:¿íW=8 ¸ßH=16,¹²16×Ö½Ú*/
 109          //0x00,0x00,0x00,0x00,0x00,0x00,0xC6,0x42,0x42,0x42,0x42,0x46,0x3B,0x00,0x00,0x00,
 110          
 111          ///*-- ID:4,×Ö·û:"i",ASCII±àÂë:69,¶ÔÓ¦×Ö:¿íx¸ß=8x16,»­²¼:¿íW=8 ¸ßH=16,¹²16×Ö½Ú*/
 112          //0x00,0x00,0x30,0x30,0x00,0x00,0x70,0x10,0x10,0x10,0x10,0x10,0x7C,0x00,0x00,0x00,
 113          
C51 COMPILER V9.60.7.0   PICTURE                                                           06/17/2025 21:19:17 PAGE 3   

 114          ///*-- ID:5,×Ö·û:"D",ASCII±àÂë:44,¶ÔÓ¦×Ö:¿íx¸ß=8x16,»­²¼:¿íW=8 ¸ßH=16,¹²16×Ö½Ú*/
 115          //0x00,0x00,0xF8,0x44,0x42,0x42,0x42,0x42,0x42,0x42,0x42,0x44,0xF8,0x00,0x00,0x00,
 116          
 117          ///*-- ID:6,×Ö·û:"i",ASCII±àÂë:69,¶ÔÓ¦×Ö:¿íx¸ß=8x16,»­²¼:¿íW=8 ¸ßH=16,¹²16×Ö½Ú*/
 118          //0x00,0x00,0x30,0x30,0x00,0x00,0x70,0x10,0x10,0x10,0x10,0x10,0x7C,0x00,0x00,0x00,
 119          
 120          ///*-- ID:7,×Ö·û:"s",ASCII±àÂë:73,¶ÔÓ¦×Ö:¿íx¸ß=8x16,»­²¼:¿íW=8 ¸ßH=16,¹²16×Ö½Ú*/
 121          //0x00,0x00,0x00,0x00,0x00,0x00,0x3E,0x42,0x40,0x3C,0x02,0x42,0x7C,0x00,0x00,0x00,
 122          
 123          ///*-- ID:8,×Ö·û:"p",ASCII±àÂë:70,¶ÔÓ¦×Ö:¿íx¸ß=8x16,»­²¼:¿íW=8 ¸ßH=16,¹²16×Ö½Ú*/
 124          //0x00,0x00,0x00,0x00,0x00,0x00,0xD8,0x64,0x42,0x42,0x42,0x64,0x58,0x40,0xE0,0x00,
 125          
 126          ///*-- ID:9,×Ö·û:"l",ASCII±àÂë:6C,¶ÔÓ¦×Ö:¿íx¸ß=8x16,»­²¼:¿íW=8 ¸ßH=16,¹²16×Ö½Ú*/
 127          //0x00,0x00,0x10,0x70,0x10,0x10,0x10,0x10,0x10,0x10,0x10,0x10,0x7C,0x00,0x00,0x00,
 128          
 129          ///*-- ID:10,×Ö·û:"a",ASCII±àÂë:61,¶ÔÓ¦×Ö:¿íx¸ß=8x16,»­²¼:¿íW=8 ¸ßH=16,¹²16×Ö½Ú*/
 130          //0x00,0x00,0x00,0x00,0x00,0x00,0x38,0x44,0x0C,0x34,0x44,0x4C,0x36,0x00,0x00,0x00,
 131          
 132          ///*-- ID:11,×Ö·û:"y",ASCII±àÂë:79,¶ÔÓ¦×Ö:¿íx¸ß=8x16,»­²¼:¿íW=8 ¸ßH=16,¹²16×Ö½Ú*/
 133          //0x00,0x00,0x00,0x00,0x00,0x00,0xE7,0x42,0x24,0x24,0x18,0x18,0x10,0x10,0x60,0x00,
 134          
 135          ///*-- ID:12,×Ö·û:".",ASCII±àÂë:2E,¶ÔÓ¦×Ö:¿íx¸ß=8x16,»­²¼:¿íW=8 ¸ßH=16,¹²16×Ö½Ú*/
 136          //0x00,0x00,0x00,0x00,0x00,0x00,0x00,0x00,0x00,0x00,0x00,0x60,0x60,0x00,0x00,0x00,
 137          
 138          ///*-- ID:13,×Ö·û:"c",ASCII±àÂë:63,¶ÔÓ¦×Ö:¿íx¸ß=8x16,»­²¼:¿íW=8 ¸ßH=16,¹²16×Ö½Ú*/
 139          //0x00,0x00,0x00,0x00,0x00,0x00,0x1C,0x22,0x40,0x40,0x40,0x22,0x1C,0x00,0x00,0x00,
 140          
 141          ///*-- ID:14,×Ö·û:"o",ASCII±àÂë:6F,¶ÔÓ¦×Ö:¿íx¸ß=8x16,»­²¼:¿íW=8 ¸ßH=16,¹²16×Ö½Ú*/
 142          //0x00,0x00,0x00,0x00,0x00,0x00,0x3C,0x42,0x42,0x42,0x42,0x42,0x3C,0x00,0x00,0x00,
 143          
 144          ///*-- ID:15,×Ö·û:"m",ASCII±àÂë:6D,¶ÔÓ¦×Ö:¿íx¸ß=8x16,»­²¼:¿íW=8 ¸ßH=16,¹²16×Ö½Ú*/
 145          //0x00,0x00,0x00,0x00,0x00,0x00,0xFE,0x49,0x49,0x49,0x49,0x49,0xED,0x00,0x00,0x00,
 146          
 147          ///*-- ID:16,×Ö·û:"L",ASCII±àÂë:4C,¶ÔÓ¦×Ö:¿íx¸ß=8x16,»­²¼:¿íW=8 ¸ßH=16,¹²16×Ö½Ú*/
 148          //0x00,0x00,0xE0,0x40,0x40,0x40,0x40,0x40,0x40,0x40,0x40,0x42,0xFE,0x00,0x00,0x00,
 149          
 150          ///*-- ID:17,×Ö·û:"C",ASCII±àÂë:43,¶ÔÓ¦×Ö:¿íx¸ß=8x16,»­²¼:¿íW=8 ¸ßH=16,¹²16×Ö½Ú*/
 151          //0x00,0x00,0x3E,0x42,0x42,0x80,0x80,0x80,0x80,0x80,0x42,0x44,0x38,0x00,0x00,0x00,
 152          
 153          ///*-- ID:18,×Ö·û:"M",ASCII±àÂë:4D,¶ÔÓ¦×Ö:¿íx¸ß=8x16,»­²¼:¿íW=8 ¸ßH=16,¹²16×Ö½Ú*/
 154          //0x00,0x00,0xEE,0x6C,0x6C,0x6C,0x6C,0x6C,0x54,0x54,0x54,0x54,0xD6,0x00,0x00,0x00,
 155          
 156          ///*-- ID:19,×Ö·û:"2",ASCII±àÂë:32,¶ÔÓ¦×Ö:¿íx¸ß=8x16,»­²¼:¿íW=8 ¸ßH=16,¹²16×Ö½Ú*/
 157          //0x00,0x00,0x3C,0x42,0x42,0x42,0x02,0x04,0x08,0x10,0x20,0x42,0x7E,0x00,0x00,0x00,
 158          
 159          ///*-- ID:20,×Ö·û:"4",ASCII±àÂë:34,¶ÔÓ¦×Ö:¿íx¸ß=8x16,»­²¼:¿íW=8 ¸ßH=16,¹²16×Ö½Ú*/
 160          //0x00,0x00,0x04,0x0C,0x0C,0x14,0x24,0x24,0x44,0x7F,0x04,0x04,0x1F,0x00,0x00,0x00,
 161          
 162          ///*-- ID:21,×Ö·û:"0",ASCII±àÂë:30,¶ÔÓ¦×Ö:¿íx¸ß=8x16,»­²¼:¿íW=8 ¸ßH=16,¹²16×Ö½Ú*/
 163          //0x00,0x00,0x18,0x24,0x42,0x42,0x42,0x42,0x42,0x42,0x42,0x24,0x18,0x00,0x00,0x00,
 164          
 165          ///*-- ID:22,×Ö·û:"6",ASCII±àÂë:36,¶ÔÓ¦×Ö:¿íx¸ß=8x16,»­²¼:¿íW=8 ¸ßH=16,¹²16×Ö½Ú*/
 166          //0x00,0x00,0x18,0x24,0x40,0x40,0x5C,0x62,0x42,0x42,0x42,0x22,0x1C,0x00,0x00,0x00,
 167          
 168          ///*-- ID:23,×Ö·û:"4",ASCII±àÂë:34,¶ÔÓ¦×Ö:¿íx¸ß=8x16,»­²¼:¿íW=8 ¸ßH=16,¹²16×Ö½Ú*/
 169          //0x00,0x00,0x04,0x0C,0x0C,0x14,0x24,0x24,0x44,0x7F,0x04,0x04,0x1F,0x00,0x00,0x00,
 170          
 171          ///*-- ID:24,×Ö·û:"_",ASCII±àÂë:5F,¶ÔÓ¦×Ö:¿íx¸ß=8x16,»­²¼:¿íW=8 ¸ßH=16,¹²16×Ö½Ú*/
 172          //0x00,0x00,0x00,0x00,0x00,0x00,0x00,0x00,0x00,0x00,0x00,0x00,0x00,0x00,0xFF,0x00,
 173          
 174          ///*-- ID:25,×Ö·û:"0",ASCII±àÂë:30,¶ÔÓ¦×Ö:¿íx¸ß=8x16,»­²¼:¿íW=8 ¸ßH=16,¹²16×Ö½Ú*/
 175          //0x00,0x00,0x18,0x24,0x42,0x42,0x42,0x42,0x42,0x42,0x42,0x24,0x18,0x00,0x00,0x00,
C51 COMPILER V9.60.7.0   PICTURE                                                           06/17/2025 21:19:17 PAGE 4   

 176          
 177          ///*-- ID:26,×Ö·û:"6",ASCII±àÂë:36,¶ÔÓ¦×Ö:¿íx¸ß=8x16,»­²¼:¿íW=8 ¸ßH=16,¹²16×Ö½Ú*/
 178          //0x00,0x00,0x18,0x24,0x40,0x40,0x5C,0x62,0x42,0x42,0x42,0x22,0x1C,0x00,0x00,0x00
 179          
 180          
 181          
 182          /* [×Ö¿â]£º[ASC8x16E×Ö¿â] [Êý¾ÝÅÅÁÐ]:´Ó×óµ½ÓÒ´ÓÉÏµ½ÏÂ [È¡Ä£·½Ê½]:ºáÏò8µã×ó¸ßÎ» [Õý¸º·´É«]:·ñ [È¥µôÖØ¸´ºó]¹
             -²46¸ö×Ö·û
 183          [×Ü×Ö·û¿â]£º"Intelligent Optoelectronics Co., Ltd. LCM24064"*/
 184          
 185          /*-- ID:0,×Ö·û:"I",ASCII±àÂë:49,¶ÔÓ¦×Ö:¿íx¸ß=8x16,»­²¼:¿íW=8 ¸ßH=16,¹²16×Ö½Ú*/
 186          0x00,0x00,0x7C,0x10,0x10,0x10,0x10,0x10,0x10,0x10,0x10,0x10,0x7C,0x00,0x00,0x00,
 187          
 188          /*-- ID:1,×Ö·û:"n",ASCII±àÂë:6E,¶ÔÓ¦×Ö:¿íx¸ß=8x16,»­²¼:¿íW=8 ¸ßH=16,¹²16×Ö½Ú*/
 189          0x00,0x00,0x00,0x00,0x00,0x00,0xDC,0x62,0x42,0x42,0x42,0x42,0xE7,0x00,0x00,0x00,
 190          
 191          /*-- ID:2,×Ö·û:"t",ASCII±àÂë:74,¶ÔÓ¦×Ö:¿íx¸ß=8x16,»­²¼:¿íW=8 ¸ßH=16,¹²16×Ö½Ú*/
 192          0x00,0x00,0x00,0x00,0x10,0x10,0x7C,0x10,0x10,0x10,0x10,0x12,0x0C,0x00,0x00,0x00,
 193          
 194          /*-- ID:3,×Ö·û:"e",ASCII±àÂë:65,¶ÔÓ¦×Ö:¿íx¸ß=8x16,»­²¼:¿íW=8 ¸ßH=16,¹²16×Ö½Ú*/
 195          0x00,0x00,0x00,0x00,0x00,0x00,0x3C,0x42,0x42,0x7E,0x40,0x42,0x3C,0x00,0x00,0x00,
 196          
 197          /*-- ID:4,×Ö·û:"l",ASCII±àÂë:6C,¶ÔÓ¦×Ö:¿íx¸ß=8x16,»­²¼:¿íW=8 ¸ßH=16,¹²16×Ö½Ú*/
 198          0x00,0x00,0x10,0x70,0x10,0x10,0x10,0x10,0x10,0x10,0x10,0x10,0x7C,0x00,0x00,0x00,
 199          
 200          /*-- ID:5,×Ö·û:"l",ASCII±àÂë:6C,¶ÔÓ¦×Ö:¿íx¸ß=8x16,»­²¼:¿íW=8 ¸ßH=16,¹²16×Ö½Ú*/
 201          0x00,0x00,0x10,0x70,0x10,0x10,0x10,0x10,0x10,0x10,0x10,0x10,0x7C,0x00,0x00,0x00,
 202          
 203          /*-- ID:6,×Ö·û:"i",ASCII±àÂë:69,¶ÔÓ¦×Ö:¿íx¸ß=8x16,»­²¼:¿íW=8 ¸ßH=16,¹²16×Ö½Ú*/
 204          0x00,0x00,0x30,0x30,0x00,0x00,0x70,0x10,0x10,0x10,0x10,0x10,0x7C,0x00,0x00,0x00,
 205          
 206          /*-- ID:7,×Ö·û:"g",ASCII±àÂë:67,¶ÔÓ¦×Ö:¿íx¸ß=8x16,»­²¼:¿íW=8 ¸ßH=16,¹²16×Ö½Ú*/
 207          0x00,0x00,0x00,0x00,0x00,0x00,0x3E,0x44,0x44,0x38,0x40,0x3C,0x42,0x42,0x3C,0x00,
 208          
 209          /*-- ID:8,×Ö·û:"e",ASCII±àÂë:65,¶ÔÓ¦×Ö:¿íx¸ß=8x16,»­²¼:¿íW=8 ¸ßH=16,¹²16×Ö½Ú*/
 210          0x00,0x00,0x00,0x00,0x00,0x00,0x3C,0x42,0x42,0x7E,0x40,0x42,0x3C,0x00,0x00,0x00,
 211          
 212          /*-- ID:9,×Ö·û:"n",ASCII±àÂë:6E,¶ÔÓ¦×Ö:¿íx¸ß=8x16,»­²¼:¿íW=8 ¸ßH=16,¹²16×Ö½Ú*/
 213          0x00,0x00,0x00,0x00,0x00,0x00,0xDC,0x62,0x42,0x42,0x42,0x42,0xE7,0x00,0x00,0x00,
 214          
 215          /*-- ID:10,×Ö·û:"t",ASCII±àÂë:74,¶ÔÓ¦×Ö:¿íx¸ß=8x16,»­²¼:¿íW=8 ¸ßH=16,¹²16×Ö½Ú*/
 216          0x00,0x00,0x00,0x00,0x10,0x10,0x7C,0x10,0x10,0x10,0x10,0x12,0x0C,0x00,0x00,0x00,
 217          
 218          /*-- ID:11,×Ö·û:" ",ASCII±àÂë:20,¶ÔÓ¦×Ö:¿íx¸ß=8x16,»­²¼:¿íW=8 ¸ßH=16,¹²16×Ö½Ú*/
 219          0x00,0x00,0x00,0x00,0x00,0x00,0x00,0x00,0x00,0x00,0x00,0x00,0x00,0x00,0x00,0x00,
 220          
 221          /*-- ID:12,×Ö·û:"O",ASCII±àÂë:4F,¶ÔÓ¦×Ö:¿íx¸ß=8x16,»­²¼:¿íW=8 ¸ßH=16,¹²16×Ö½Ú*/
 222          0x00,0x00,0x38,0x44,0x82,0x82,0x82,0x82,0x82,0x82,0x82,0x44,0x38,0x00,0x00,0x00,
 223          
 224          /*-- ID:13,×Ö·û:"p",ASCII±àÂë:70,¶ÔÓ¦×Ö:¿íx¸ß=8x16,»­²¼:¿íW=8 ¸ßH=16,¹²16×Ö½Ú*/
 225          0x00,0x00,0x00,0x00,0x00,0x00,0xD8,0x64,0x42,0x42,0x42,0x64,0x58,0x40,0xE0,0x00,
 226          
 227          /*-- ID:14,×Ö·û:"t",ASCII±àÂë:74,¶ÔÓ¦×Ö:¿íx¸ß=8x16,»­²¼:¿íW=8 ¸ßH=16,¹²16×Ö½Ú*/
 228          0x00,0x00,0x00,0x00,0x10,0x10,0x7C,0x10,0x10,0x10,0x10,0x12,0x0C,0x00,0x00,0x00,
 229          
 230          /*-- ID:15,×Ö·û:"o",ASCII±àÂë:6F,¶ÔÓ¦×Ö:¿íx¸ß=8x16,»­²¼:¿íW=8 ¸ßH=16,¹²16×Ö½Ú*/
 231          0x00,0x00,0x00,0x00,0x00,0x00,0x3C,0x42,0x42,0x42,0x42,0x42,0x3C,0x00,0x00,0x00,
 232          
 233          /*-- ID:16,×Ö·û:"e",ASCII±àÂë:65,¶ÔÓ¦×Ö:¿íx¸ß=8x16,»­²¼:¿íW=8 ¸ßH=16,¹²16×Ö½Ú*/
 234          0x00,0x00,0x00,0x00,0x00,0x00,0x3C,0x42,0x42,0x7E,0x40,0x42,0x3C,0x00,0x00,0x00,
 235          
 236          /*-- ID:17,×Ö·û:"l",ASCII±àÂë:6C,¶ÔÓ¦×Ö:¿íx¸ß=8x16,»­²¼:¿íW=8 ¸ßH=16,¹²16×Ö½Ú*/
C51 COMPILER V9.60.7.0   PICTURE                                                           06/17/2025 21:19:17 PAGE 5   

 237          0x00,0x00,0x10,0x70,0x10,0x10,0x10,0x10,0x10,0x10,0x10,0x10,0x7C,0x00,0x00,0x00,
 238          
 239          /*-- ID:18,×Ö·û:"e",ASCII±àÂë:65,¶ÔÓ¦×Ö:¿íx¸ß=8x16,»­²¼:¿íW=8 ¸ßH=16,¹²16×Ö½Ú*/
 240          0x00,0x00,0x00,0x00,0x00,0x00,0x3C,0x42,0x42,0x7E,0x40,0x42,0x3C,0x00,0x00,0x00,
 241          
 242          /*-- ID:19,×Ö·û:"c",ASCII±àÂë:63,¶ÔÓ¦×Ö:¿íx¸ß=8x16,»­²¼:¿íW=8 ¸ßH=16,¹²16×Ö½Ú*/
 243          0x00,0x00,0x00,0x00,0x00,0x00,0x1C,0x22,0x40,0x40,0x40,0x22,0x1C,0x00,0x00,0x00,
 244          
 245          /*-- ID:20,×Ö·û:"t",ASCII±àÂë:74,¶ÔÓ¦×Ö:¿íx¸ß=8x16,»­²¼:¿íW=8 ¸ßH=16,¹²16×Ö½Ú*/
 246          0x00,0x00,0x00,0x00,0x10,0x10,0x7C,0x10,0x10,0x10,0x10,0x12,0x0C,0x00,0x00,0x00,
 247          
 248          /*-- ID:21,×Ö·û:"r",ASCII±àÂë:72,¶ÔÓ¦×Ö:¿íx¸ß=8x16,»­²¼:¿íW=8 ¸ßH=16,¹²16×Ö½Ú*/
 249          0x00,0x00,0x00,0x00,0x00,0x00,0xEE,0x32,0x20,0x20,0x20,0x20,0xF8,0x00,0x00,0x00,
 250          
 251          /*-- ID:22,×Ö·û:"o",ASCII±àÂë:6F,¶ÔÓ¦×Ö:¿íx¸ß=8x16,»­²¼:¿íW=8 ¸ßH=16,¹²16×Ö½Ú*/
 252          0x00,0x00,0x00,0x00,0x00,0x00,0x3C,0x42,0x42,0x42,0x42,0x42,0x3C,0x00,0x00,0x00,
 253          
 254          /*-- ID:23,×Ö·û:"n",ASCII±àÂë:6E,¶ÔÓ¦×Ö:¿íx¸ß=8x16,»­²¼:¿íW=8 ¸ßH=16,¹²16×Ö½Ú*/
 255          0x00,0x00,0x00,0x00,0x00,0x00,0xDC,0x62,0x42,0x42,0x42,0x42,0xE7,0x00,0x00,0x00,
 256          
 257          /*-- ID:24,×Ö·û:"i",ASCII±àÂë:69,¶ÔÓ¦×Ö:¿íx¸ß=8x16,»­²¼:¿íW=8 ¸ßH=16,¹²16×Ö½Ú*/
 258          0x00,0x00,0x30,0x30,0x00,0x00,0x70,0x10,0x10,0x10,0x10,0x10,0x7C,0x00,0x00,0x00,
 259          
 260          /*-- ID:25,×Ö·û:"c",ASCII±àÂë:63,¶ÔÓ¦×Ö:¿íx¸ß=8x16,»­²¼:¿íW=8 ¸ßH=16,¹²16×Ö½Ú*/
 261          0x00,0x00,0x00,0x00,0x00,0x00,0x1C,0x22,0x40,0x40,0x40,0x22,0x1C,0x00,0x00,0x00,
 262          
 263          /*-- ID:26,×Ö·û:"s",ASCII±àÂë:73,¶ÔÓ¦×Ö:¿íx¸ß=8x16,»­²¼:¿íW=8 ¸ßH=16,¹²16×Ö½Ú*/
 264          0x00,0x00,0x00,0x00,0x00,0x00,0x3E,0x42,0x40,0x3C,0x02,0x42,0x7C,0x00,0x00,0x00,
 265          
 266          /*-- ID:27,×Ö·û:" ",ASCII±àÂë:20,¶ÔÓ¦×Ö:¿íx¸ß=8x16,»­²¼:¿íW=8 ¸ßH=16,¹²16×Ö½Ú*/
 267          0x00,0x00,0x00,0x00,0x00,0x00,0x00,0x00,0x00,0x00,0x00,0x00,0x00,0x00,0x00,0x00,
 268          
 269          /*-- ID:28,×Ö·û:"C",ASCII±àÂë:43,¶ÔÓ¦×Ö:¿íx¸ß=8x16,»­²¼:¿íW=8 ¸ßH=16,¹²16×Ö½Ú*/
 270          0x00,0x00,0x3E,0x42,0x42,0x80,0x80,0x80,0x80,0x80,0x42,0x44,0x38,0x00,0x00,0x00,
 271          
 272          /*-- ID:29,×Ö·û:"o",ASCII±àÂë:6F,¶ÔÓ¦×Ö:¿íx¸ß=8x16,»­²¼:¿íW=8 ¸ßH=16,¹²16×Ö½Ú*/
 273          0x00,0x00,0x00,0x00,0x00,0x00,0x3C,0x42,0x42,0x42,0x42,0x42,0x3C,0x00,0x00,0x00,
 274          
 275          /*-- ID:30,×Ö·û:".",ASCII±àÂë:2E,¶ÔÓ¦×Ö:¿íx¸ß=8x16,»­²¼:¿íW=8 ¸ßH=16,¹²16×Ö½Ú*/
 276          0x00,0x00,0x00,0x00,0x00,0x00,0x00,0x00,0x00,0x00,0x00,0x60,0x60,0x00,0x00,0x00,
 277          
 278          /*-- ID:31,×Ö·û:",",ASCII±àÂë:2C,¶ÔÓ¦×Ö:¿íx¸ß=8x16,»­²¼:¿íW=8 ¸ßH=16,¹²16×Ö½Ú*/
 279          0x00,0x00,0x00,0x00,0x00,0x00,0x00,0x00,0x00,0x00,0x00,0x60,0x20,0x20,0x40,0x00,
 280          
 281          /*-- ID:32,×Ö·û:" ",ASCII±àÂë:20,¶ÔÓ¦×Ö:¿íx¸ß=8x16,»­²¼:¿íW=8 ¸ßH=16,¹²16×Ö½Ú*/
 282          0x00,0x00,0x00,0x00,0x00,0x00,0x00,0x00,0x00,0x00,0x00,0x00,0x00,0x00,0x00,0x00,
 283          
 284          /*-- ID:33,×Ö·û:"L",ASCII±àÂë:4C,¶ÔÓ¦×Ö:¿íx¸ß=8x16,»­²¼:¿íW=8 ¸ßH=16,¹²16×Ö½Ú*/
 285          0x00,0x00,0xE0,0x40,0x40,0x40,0x40,0x40,0x40,0x40,0x40,0x42,0xFE,0x00,0x00,0x00,
 286          
 287          /*-- ID:34,×Ö·û:"t",ASCII±àÂë:74,¶ÔÓ¦×Ö:¿íx¸ß=8x16,»­²¼:¿íW=8 ¸ßH=16,¹²16×Ö½Ú*/
 288          0x00,0x00,0x00,0x00,0x10,0x10,0x7C,0x10,0x10,0x10,0x10,0x12,0x0C,0x00,0x00,0x00,
 289          
 290          /*-- ID:35,×Ö·û:"d",ASCII±àÂë:64,¶ÔÓ¦×Ö:¿íx¸ß=8x16,»­²¼:¿íW=8 ¸ßH=16,¹²16×Ö½Ú*/
 291          0x00,0x00,0x00,0x06,0x02,0x02,0x3E,0x42,0x42,0x42,0x42,0x46,0x3B,0x00,0x00,0x00,
 292          
 293          /*-- ID:36,×Ö·û:".",ASCII±àÂë:2E,¶ÔÓ¦×Ö:¿íx¸ß=8x16,»­²¼:¿íW=8 ¸ßH=16,¹²16×Ö½Ú*/
 294          0x00,0x00,0x00,0x00,0x00,0x00,0x00,0x00,0x00,0x00,0x00,0x60,0x60,0x00,0x00,0x00,
 295          
 296          /*-- ID:37,×Ö·û:" ",ASCII±àÂë:20,¶ÔÓ¦×Ö:¿íx¸ß=8x16,»­²¼:¿íW=8 ¸ßH=16,¹²16×Ö½Ú*/
 297          0x00,0x00,0x00,0x00,0x00,0x00,0x00,0x00,0x00,0x00,0x00,0x00,0x00,0x00,0x00,0x00,
 298          
C51 COMPILER V9.60.7.0   PICTURE                                                           06/17/2025 21:19:17 PAGE 6   

 299          
 300          
 301          
 302          
 303          ///*-- ID:38,×Ö·û:"L",ASCII±àÂë:4C,¶ÔÓ¦×Ö:¿íx¸ß=8x16,»­²¼:¿íW=8 ¸ßH=16,¹²16×Ö½Ú*/
 304          //0x00,0x00,0xE0,0x40,0x40,0x40,0x40,0x40,0x40,0x40,0x40,0x42,0xFE,0x00,0x00,0x00,
 305          
 306          ///*-- ID:39,×Ö·û:"C",ASCII±àÂë:43,¶ÔÓ¦×Ö:¿íx¸ß=8x16,»­²¼:¿íW=8 ¸ßH=16,¹²16×Ö½Ú*/
 307          //0x00,0x00,0x3E,0x42,0x42,0x80,0x80,0x80,0x80,0x80,0x42,0x44,0x38,0x00,0x00,0x00,
 308          
 309          ///*-- ID:40,×Ö·û:"M",ASCII±àÂë:4D,¶ÔÓ¦×Ö:¿íx¸ß=8x16,»­²¼:¿íW=8 ¸ßH=16,¹²16×Ö½Ú*/
 310          //0x00,0x00,0xEE,0x6C,0x6C,0x6C,0x6C,0x6C,0x54,0x54,0x54,0x54,0xD6,0x00,0x00,0x00,
 311          
 312          ///*-- ID:41,×Ö·û:"2",ASCII±àÂë:32,¶ÔÓ¦×Ö:¿íx¸ß=8x16,»­²¼:¿íW=8 ¸ßH=16,¹²16×Ö½Ú*/
 313          //0x00,0x00,0x3C,0x42,0x42,0x42,0x02,0x04,0x08,0x10,0x20,0x42,0x7E,0x00,0x00,0x00,
 314          
 315          ///*-- ID:42,×Ö·û:"4",ASCII±àÂë:34,¶ÔÓ¦×Ö:¿íx¸ß=8x16,»­²¼:¿íW=8 ¸ßH=16,¹²16×Ö½Ú*/
 316          //0x00,0x00,0x04,0x0C,0x0C,0x14,0x24,0x24,0x44,0x7F,0x04,0x04,0x1F,0x00,0x00,0x00,
 317          
 318          ///*-- ID:43,×Ö·û:"0",ASCII±àÂë:30,¶ÔÓ¦×Ö:¿íx¸ß=8x16,»­²¼:¿íW=8 ¸ßH=16,¹²16×Ö½Ú*/
 319          //0x00,0x00,0x18,0x24,0x42,0x42,0x42,0x42,0x42,0x42,0x42,0x24,0x18,0x00,0x00,0x00,
 320          
 321          ///*-- ID:44,×Ö·û:"6",ASCII±àÂë:36,¶ÔÓ¦×Ö:¿íx¸ß=8x16,»­²¼:¿íW=8 ¸ßH=16,¹²16×Ö½Ú*/
 322          //0x00,0x00,0x18,0x24,0x40,0x40,0x5C,0x62,0x42,0x42,0x42,0x22,0x1C,0x00,0x00,0x00,
 323          
 324          ///*-- ID:45,×Ö·û:"4",ASCII±àÂë:34,¶ÔÓ¦×Ö:¿íx¸ß=8x16,»­²¼:¿íW=8 ¸ßH=16,¹²16×Ö½Ú*/
 325          //0x00,0x00,0x04,0x0C,0x0C,0x14,0x24,0x24,0x44,0x7F,0x04,0x04,0x1F,0x00,0x00,0x00
 326          
 327          
 328          };
 329          
 330          unsigned char code BMP0[]={
 331          /*-[Êý¾ÝÅÅÁÐ]:´Ó×óµ½ÓÒ´ÓÉÏµ½ÏÂ [È¡Ä£·½Ê½]:ºáÏò8µã×ó¸ßÎ» [Õý¸º·´É«]:·ñ
 332          Í¼Ïñ³ß´ç:240x64 »­²¼³ß´ç:240x64£¬¹²1920¸ö×Ö½Ú-*/
 333          0xFF,0xFF,0xFF,0xFF,0xFF,0xFF,0xFF,0xFF,0xFF,0xFF,0xFF,0xFF,0xFF,0xFF,0xFF,0xFF,
 334          0xFF,0xFF,0xFF,0xFF,0xFF,0xFF,0xFF,0xFF,0xFF,0xFF,0xFF,0xFF,0xFF,0xFF,0x80,0x00,
 335          0x00,0x00,0x00,0x00,0x00,0x00,0x00,0x00,0x00,0x00,0x00,0x00,0x00,0x00,0x00,0x00,
 336          0x00,0x00,0x00,0x00,0x00,0x00,0x00,0x00,0x00,0x00,0x00,0x01,0x80,0x00,0x00,0x00,
 337          0x00,0x00,0x00,0x00,0x00,0x00,0x00,0x00,0x00,0x00,0x00,0x00,0x00,0x00,0x00,0x00,
 338          0x00,0x00,0x00,0x00,0x00,0x00,0x00,0x00,0x00,0x01,0x80,0x00,0x00,0x00,0x00,0x00,
 339          0x00,0x00,0x00,0x00,0x00,0x00,0x00,0x00,0x00,0x00,0x00,0x00,0x00,0x00,0x00,0x00,
 340          0x00,0x00,0x00,0x00,0x00,0x00,0x00,0x01,0x80,0x00,0x00,0x00,0x00,0x00,0x00,0x00,
 341          0x00,0x00,0x00,0x00,0x00,0x00,0x00,0x00,0x00,0x00,0x00,0x00,0x00,0x00,0x00,0x00,
 342          0x00,0x00,0x00,0x00,0x00,0x01,0x80,0x00,0x00,0x00,0x00,0x00,0x00,0x00,0x00,0x00,
 343          0x00,0x00,0x00,0x00,0x00,0x00,0x00,0x00,0x00,0x00,0x00,0x00,0x00,0x00,0x00,0x00,
 344          0x00,0x00,0x00,0x01,0x80,0x00,0x00,0x00,0x00,0x00,0x00,0x00,0x00,0x00,0x00,0x00,
 345          0x00,0x00,0x00,0x00,0x00,0x00,0x00,0x00,0x00,0x00,0x00,0x00,0x00,0x00,0x00,0x00,
 346          0x00,0x01,0x80,0x00,0x00,0x00,0x00,0x00,0x00,0x00,0x00,0x00,0x00,0x00,0x00,0x00,
 347          0x00,0x00,0x00,0x00,0x00,0x00,0x00,0x00,0x00,0x00,0x00,0x00,0x00,0x00,0x00,0x01,
 348          0x80,0x00,0x00,0x00,0x00,0x00,0x00,0x00,0x00,0x00,0x00,0x00,0x00,0x00,0x00,0x00,
 349          0x00,0x00,0x00,0x00,0x00,0x00,0x00,0x00,0x00,0x00,0x00,0x00,0x00,0x01,0x80,0x00,
 350          0x00,0x00,0x00,0x00,0x00,0x00,0x00,0x00,0x00,0x00,0x00,0x00,0x00,0x00,0x00,0x00,
 351          0x00,0x00,0x00,0x00,0x00,0x00,0x00,0x00,0x00,0x00,0x00,0x01,0x80,0x00,0x00,0x00,
 352          0x00,0x00,0x00,0x00,0x00,0x00,0x00,0x00,0x00,0x00,0x00,0x00,0x00,0x00,0x00,0x00,
 353          0x00,0x00,0x00,0x00,0x00,0x00,0x00,0x00,0x00,0x01,0x80,0x00,0x00,0x00,0x00,0x00,
 354          0x00,0x00,0x00,0x00,0x00,0x00,0x00,0x00,0x00,0x00,0x00,0x00,0x00,0x00,0x00,0x00,
 355          0x00,0x00,0x00,0x00,0x00,0x00,0x00,0x01,0x80,0x00,0x00,0x00,0x00,0x00,0x00,0x00,
 356          0x00,0x00,0x00,0x00,0x00,0x00,0x00,0x00,0x00,0x00,0x00,0x00,0x00,0x00,0x00,0x00,
 357          0x00,0x00,0x00,0x00,0x00,0x01,0x80,0x00,0x00,0x00,0x00,0x00,0x00,0x00,0x00,0x00,
 358          0x00,0x00,0x00,0x00,0x00,0x00,0x00,0x00,0x00,0x00,0x00,0x00,0x00,0x00,0x00,0x00,
 359          0x00,0x00,0x00,0x01,0x80,0x00,0x00,0x00,0x00,0x00,0x00,0x00,0x00,0x00,0x00,0x00,
 360          0x00,0x00,0x00,0x00,0x00,0x00,0x00,0x00,0x00,0x00,0x00,0x00,0x00,0x00,0x00,0x00,
C51 COMPILER V9.60.7.0   PICTURE                                                           06/17/2025 21:19:17 PAGE 7   

 361          0x00,0x01,0x80,0x00,0x00,0x00,0x00,0x00,0x00,0x00,0x00,0x00,0x00,0x00,0x00,0x00,
 362          0x00,0x00,0x00,0x00,0x00,0x00,0x00,0x00,0x00,0x00,0x00,0x00,0x00,0x00,0x00,0x01,
 363          0x80,0x00,0x00,0x00,0x00,0x00,0x00,0x00,0x00,0x00,0x00,0x00,0x00,0x00,0x00,0x00,
 364          0x00,0x00,0x00,0x00,0x00,0x00,0x00,0x00,0x00,0x00,0x00,0x00,0x00,0x01,0x80,0x00,
 365          0x00,0x00,0x00,0x00,0x00,0x00,0x00,0x00,0x00,0x00,0x00,0x00,0x00,0x00,0x00,0x00,
 366          0x00,0x00,0x00,0x00,0x00,0x00,0x00,0x00,0x00,0x00,0x00,0x01,0x80,0x00,0x00,0x00,
 367          0x00,0x00,0x00,0x00,0x00,0x00,0x00,0x00,0x00,0x00,0x00,0x00,0x00,0x00,0x00,0x00,
 368          0x00,0x00,0x00,0x00,0x00,0x00,0x00,0x00,0x00,0x01,0x80,0x00,0x00,0x00,0x00,0x00,
 369          0x00,0x00,0x00,0x00,0x00,0x00,0x00,0x00,0x00,0x00,0x00,0x00,0x00,0x00,0x00,0x00,
 370          0x00,0x00,0x00,0x00,0x00,0x00,0x00,0x01,0x80,0x00,0x00,0x00,0x00,0x00,0x00,0x00,
 371          0x00,0x00,0x00,0x00,0x00,0x00,0x00,0x00,0x00,0x00,0x00,0x00,0x00,0x00,0x00,0x00,
 372          0x00,0x00,0x00,0x00,0x00,0x01,0x80,0x00,0x00,0x00,0x00,0x00,0x00,0x00,0x00,0x00,
 373          0x00,0x00,0x00,0x00,0x00,0x00,0x00,0x00,0x00,0x00,0x00,0x00,0x00,0x00,0x00,0x00,
 374          0x00,0x00,0x00,0x01,0x80,0x00,0x00,0x00,0x00,0x00,0x00,0x00,0x00,0x00,0x00,0x00,
 375          0x00,0x00,0x00,0x00,0x00,0x00,0x00,0x00,0x00,0x00,0x00,0x00,0x00,0x00,0x00,0x00,
 376          0x00,0x01,0x80,0x00,0x00,0x00,0x00,0x00,0x00,0x00,0x00,0x00,0x00,0x00,0x00,0x00,
 377          0x00,0x00,0x00,0x00,0x00,0x00,0x00,0x00,0x00,0x00,0x00,0x00,0x00,0x00,0x00,0x01,
 378          0x80,0x00,0x00,0x00,0x00,0x00,0x00,0x00,0x00,0x00,0x00,0x00,0x00,0x00,0x00,0x00,
 379          0x00,0x00,0x00,0x00,0x00,0x00,0x00,0x00,0x00,0x00,0x00,0x00,0x00,0x01,0x80,0x00,
 380          0x00,0x00,0x00,0x00,0x00,0x00,0x00,0x00,0x00,0x00,0x00,0x00,0x00,0x00,0x00,0x00,
 381          0x00,0x00,0x00,0x00,0x00,0x00,0x00,0x00,0x00,0x00,0x00,0x01,0x80,0x00,0x00,0x00,
 382          0x00,0x00,0x00,0x00,0x00,0x00,0x00,0x00,0x00,0x00,0x00,0x00,0x00,0x00,0x00,0x00,
 383          0x00,0x00,0x00,0x00,0x00,0x00,0x00,0x00,0x00,0x01,0x80,0x00,0x00,0x00,0x00,0x00,
 384          0x00,0x00,0x00,0x00,0x00,0x00,0x00,0x00,0x00,0x00,0x00,0x00,0x00,0x00,0x00,0x00,
 385          0x00,0x00,0x00,0x00,0x00,0x00,0x00,0x01,0x80,0x00,0x00,0x00,0x00,0x00,0x00,0x00,
 386          0x00,0x00,0x00,0x00,0x00,0x00,0x00,0x00,0x00,0x00,0x00,0x00,0x00,0x00,0x00,0x00,
 387          0x00,0x00,0x00,0x00,0x00,0x01,0x80,0x00,0x00,0x00,0x00,0x00,0x00,0x00,0x00,0x00,
 388          0x00,0x00,0x00,0x00,0x00,0x00,0x00,0x00,0x00,0x00,0x00,0x00,0x00,0x00,0x00,0x00,
 389          0x00,0x00,0x00,0x01,0x80,0x00,0x00,0x00,0x00,0x00,0x00,0x00,0x00,0x00,0x00,0x00,
 390          0x00,0x00,0x00,0x00,0x00,0x00,0x00,0x00,0x00,0x00,0x00,0x00,0x00,0x00,0x00,0x00,
 391          0x00,0x01,0x80,0x00,0x00,0x00,0x00,0x00,0x00,0x00,0x00,0x00,0x00,0x00,0x00,0x00,
 392          0x00,0x00,0x00,0x00,0x00,0x00,0x00,0x00,0x00,0x00,0x00,0x00,0x00,0x00,0x00,0x01,
 393          0x80,0x00,0x00,0x00,0x00,0x00,0x00,0x00,0x00,0x00,0x00,0x00,0x00,0x00,0x00,0x00,
 394          0x00,0x00,0x00,0x00,0x00,0x00,0x00,0x00,0x00,0x00,0x00,0x00,0x00,0x01,0x80,0x00,
 395          0x00,0x00,0x00,0x00,0x00,0x00,0x00,0x00,0x00,0x00,0x00,0x00,0x00,0x00,0x00,0x00,
 396          0x00,0x00,0x00,0x00,0x00,0x00,0x00,0x00,0x00,0x00,0x00,0x01,0x80,0x00,0x00,0x00,
 397          0x00,0x00,0x00,0x00,0x00,0x00,0x00,0x00,0x00,0x00,0x00,0x00,0x00,0x00,0x00,0x00,
 398          0x00,0x00,0x00,0x00,0x00,0x00,0x00,0x00,0x00,0x01,0x80,0x00,0x00,0x00,0x00,0x00,
 399          0x00,0x00,0x00,0x00,0x00,0x00,0x00,0x00,0x00,0x00,0x00,0x00,0x00,0x00,0x00,0x00,
 400          0x00,0x00,0x00,0x00,0x00,0x00,0x00,0x01,0x80,0x00,0x00,0x00,0x00,0x00,0x00,0x00,
 401          0x00,0x00,0x00,0x00,0x00,0x00,0x00,0x00,0x00,0x00,0x00,0x00,0x00,0x00,0x00,0x00,
 402          0x00,0x00,0x00,0x00,0x00,0x01,0x80,0x00,0x00,0x00,0x00,0x00,0x00,0x00,0x00,0x00,
 403          0x00,0x00,0x00,0x00,0x00,0x00,0x00,0x00,0x00,0x00,0x00,0x00,0x00,0x00,0x00,0x00,
 404          0x00,0x00,0x00,0x01,0x80,0x00,0x00,0x00,0x00,0x00,0x00,0x00,0x00,0x00,0x00,0x00,
 405          0x00,0x00,0x00,0x00,0x00,0x00,0x00,0x00,0x00,0x00,0x00,0x00,0x00,0x00,0x00,0x00,
 406          0x00,0x01,0x80,0x00,0x00,0x00,0x00,0x00,0x00,0x00,0x00,0x00,0x00,0x00,0x00,0x00,
 407          0x00,0x00,0x00,0x00,0x00,0x00,0x00,0x00,0x00,0x00,0x00,0x00,0x00,0x00,0x00,0x01,
 408          0x80,0x00,0x00,0x00,0x00,0x00,0x00,0x00,0x00,0x00,0x00,0x00,0x00,0x00,0x00,0x00,
 409          0x00,0x00,0x00,0x00,0x00,0x00,0x00,0x00,0x00,0x00,0x00,0x00,0x00,0x01,0x80,0x00,
 410          0x00,0x00,0x00,0x00,0x00,0x00,0x00,0x00,0x00,0x00,0x00,0x00,0x00,0x00,0x00,0x00,
 411          0x00,0x00,0x00,0x00,0x00,0x00,0x00,0x00,0x00,0x00,0x00,0x01,0x80,0x00,0x00,0x00,
 412          0x00,0x00,0x00,0x00,0x00,0x00,0x00,0x00,0x00,0x00,0x00,0x00,0x00,0x00,0x00,0x00,
 413          0x00,0x00,0x00,0x00,0x00,0x00,0x00,0x00,0x00,0x01,0x80,0x00,0x00,0x00,0x00,0x00,
 414          0x00,0x00,0x00,0x00,0x00,0x00,0x00,0x00,0x00,0x00,0x00,0x00,0x00,0x00,0x00,0x00,
 415          0x00,0x00,0x00,0x00,0x00,0x00,0x00,0x01,0x80,0x00,0x00,0x00,0x00,0x00,0x00,0x00,
 416          0x00,0x00,0x00,0x00,0x00,0x00,0x00,0x00,0x00,0x00,0x00,0x00,0x00,0x00,0x00,0x00,
 417          0x00,0x00,0x00,0x00,0x00,0x01,0x80,0x00,0x00,0x00,0x00,0x00,0x00,0x00,0x00,0x00,
 418          0x00,0x00,0x00,0x00,0x00,0x00,0x00,0x00,0x00,0x00,0x00,0x00,0x00,0x00,0x00,0x00,
 419          0x00,0x00,0x00,0x01,0x80,0x00,0x00,0x00,0x00,0x00,0x00,0x00,0x00,0x00,0x00,0x00,
 420          0x00,0x00,0x00,0x00,0x00,0x00,0x00,0x00,0x00,0x00,0x00,0x00,0x00,0x00,0x00,0x00,
 421          0x00,0x01,0x80,0x00,0x00,0x00,0x00,0x00,0x00,0x00,0x00,0x00,0x00,0x00,0x00,0x00,
 422          0x00,0x00,0x00,0x00,0x00,0x00,0x00,0x00,0x00,0x00,0x00,0x00,0x00,0x00,0x00,0x01,
C51 COMPILER V9.60.7.0   PICTURE                                                           06/17/2025 21:19:17 PAGE 8   

 423          0x80,0x00,0x00,0x00,0x00,0x00,0x00,0x00,0x00,0x00,0x00,0x00,0x00,0x00,0x00,0x00,
 424          0x00,0x00,0x00,0x00,0x00,0x00,0x00,0x00,0x00,0x00,0x00,0x00,0x00,0x01,0x80,0x00,
 425          0x00,0x00,0x00,0x00,0x00,0x00,0x00,0x00,0x00,0x00,0x00,0x00,0x00,0x00,0x00,0x00,
 426          0x00,0x00,0x00,0x00,0x00,0x00,0x00,0x00,0x00,0x00,0x00,0x01,0x80,0x00,0x00,0x00,
 427          0x00,0x00,0x00,0x00,0x00,0x00,0x00,0x00,0x00,0x00,0x00,0x00,0x00,0x00,0x00,0x00,
 428          0x00,0x00,0x00,0x00,0x00,0x00,0x00,0x00,0x00,0x01,0x80,0x00,0x00,0x00,0x00,0x00,
 429          0x00,0x00,0x00,0x00,0x00,0x00,0x00,0x00,0x00,0x00,0x00,0x00,0x00,0x00,0x00,0x00,
 430          0x00,0x00,0x00,0x00,0x00,0x00,0x00,0x01,0x80,0x00,0x00,0x00,0x00,0x00,0x00,0x00,
 431          0x00,0x00,0x00,0x00,0x00,0x00,0x00,0x00,0x00,0x00,0x00,0x00,0x00,0x00,0x00,0x00,
 432          0x00,0x00,0x00,0x00,0x00,0x01,0x80,0x00,0x00,0x00,0x00,0x00,0x00,0x00,0x00,0x00,
 433          0x00,0x00,0x00,0x00,0x00,0x00,0x00,0x00,0x00,0x00,0x00,0x00,0x00,0x00,0x00,0x00,
 434          0x00,0x00,0x00,0x01,0x80,0x00,0x00,0x00,0x00,0x00,0x00,0x00,0x00,0x00,0x00,0x00,
 435          0x00,0x00,0x00,0x00,0x00,0x00,0x00,0x00,0x00,0x00,0x00,0x00,0x00,0x00,0x00,0x00,
 436          0x00,0x01,0x80,0x00,0x00,0x00,0x00,0x00,0x00,0x00,0x00,0x00,0x00,0x00,0x00,0x00,
 437          0x00,0x00,0x00,0x00,0x00,0x00,0x00,0x00,0x00,0x00,0x00,0x00,0x00,0x00,0x00,0x01,
 438          0x80,0x00,0x00,0x00,0x00,0x00,0x00,0x00,0x00,0x00,0x00,0x00,0x00,0x00,0x00,0x00,
 439          0x00,0x00,0x00,0x00,0x00,0x00,0x00,0x00,0x00,0x00,0x00,0x00,0x00,0x01,0x80,0x00,
 440          0x00,0x00,0x00,0x00,0x00,0x00,0x00,0x00,0x00,0x00,0x00,0x00,0x00,0x00,0x00,0x00,
 441          0x00,0x00,0x00,0x00,0x00,0x00,0x00,0x00,0x00,0x00,0x00,0x01,0x80,0x00,0x00,0x00,
 442          0x00,0x00,0x00,0x00,0x00,0x00,0x00,0x00,0x00,0x00,0x00,0x00,0x00,0x00,0x00,0x00,
 443          0x00,0x00,0x00,0x00,0x00,0x00,0x00,0x00,0x00,0x01,0x80,0x00,0x00,0x00,0x00,0x00,
 444          0x00,0x00,0x00,0x00,0x00,0x00,0x00,0x00,0x00,0x00,0x00,0x00,0x00,0x00,0x00,0x00,
 445          0x00,0x00,0x00,0x00,0x00,0x00,0x00,0x01,0x80,0x00,0x00,0x00,0x00,0x00,0x00,0x00,
 446          0x00,0x00,0x00,0x00,0x00,0x00,0x00,0x00,0x00,0x00,0x00,0x00,0x00,0x00,0x00,0x00,
 447          0x00,0x00,0x00,0x00,0x00,0x01,0x80,0x00,0x00,0x00,0x00,0x00,0x00,0x00,0x00,0x00,
 448          0x00,0x00,0x00,0x00,0x00,0x00,0x00,0x00,0x00,0x00,0x00,0x00,0x00,0x00,0x00,0x00,
 449          0x00,0x00,0x00,0x01,0x80,0x00,0x00,0x00,0x00,0x00,0x00,0x00,0x00,0x00,0x00,0x00,
 450          0x00,0x00,0x00,0x00,0x00,0x00,0x00,0x00,0x00,0x00,0x00,0x00,0x00,0x00,0x00,0x00,
 451          0x00,0x01,0xFF,0xFF,0xFF,0xFF,0xFF,0xFF,0xFF,0xFF,0xFF,0xFF,0xFF,0xFF,0xFF,0xFF,
 452          0xFF,0xFF,0xFF,0xFF,0xFF,0xFF,0xFF,0xFF,0xFF,0xFF,0xFF,0xFF,0xFF,0xFF,0xFF,0xFF
 453          
 454          };
 455           
 456          unsigned char code BMP1[]={ 
 457          0xFF,0xFF,0xFF,0xFF,0xFF,0xFF,0xFF,0xFF,0xFF,0xFF,0xFF,0xFF,0xFF,0xFF,0xFF,0xFF,
 458          0xFF,0xFF,0xFF,0xFF,0xFF,0xFF,0xFF,0xFF,0xFF,0xFF,0xFF,0xFF,0xFF,0xFF,0x80,0x00,
 459          0x00,0x00,0x00,0x00,0x00,0x00,0x01,0x00,0x00,0x00,0x00,0x00,0x00,0x00,0x00,0x00,
 460          0x00,0x00,0x00,0x80,0x00,0x00,0x00,0x00,0x00,0x00,0x00,0x01,0x80,0x00,0x00,0x40,
 461          0x00,0x00,0x00,0x00,0x01,0x80,0x01,0x80,0xE0,0x00,0x00,0x00,0x00,0x07,0x01,0x80,
 462          0x01,0x80,0x00,0x00,0x00,0x00,0x02,0x00,0x00,0x01,0x80,0x00,0x00,0xC0,0x00,0x00,
 463          0x00,0x00,0x03,0x80,0x07,0xC1,0xFF,0xF0,0x00,0x00,0x0F,0xFF,0x83,0xE0,0x01,0xC0,
 464          0x00,0x00,0x00,0x00,0x03,0x00,0x00,0x01,0x80,0x00,0x01,0xE0,0x00,0x00,0x00,0x00,
 465          0x07,0x80,0x0F,0xE7,0xCE,0x70,0x00,0x00,0x0E,0x73,0xE7,0xF0,0x01,0xE0,0x00,0x00,
 466          0x00,0x00,0x07,0x80,0x00,0x01,0x80,0x00,0x01,0xE0,0x00,0x00,0x00,0x00,0x07,0x80,
 467          0x1F,0xFC,0x00,0x60,0x00,0x00,0x06,0x00,0x3F,0xF8,0x01,0xE0,0x00,0x00,0x00,0x00,
 468          0x07,0x80,0x00,0x01,0x80,0x00,0x03,0xE4,0x00,0x00,0x00,0x00,0x07,0xC0,0x3F,0xF8,
 469          0x00,0x30,0x00,0x00,0x0C,0x00,0x1F,0xFC,0x03,0xE0,0x00,0x00,0x00,0x00,0x27,0xC0,
 470          0x00,0x01,0x80,0x00,0x07,0xEF,0xC0,0x00,0x00,0x00,0x0F,0xC0,0x3F,0xFC,0x00,0x38,
 471          0x78,0x1E,0x1C,0x00,0x3F,0xFC,0x03,0xF0,0x00,0x00,0x00,0x03,0xF7,0xE0,0x00,0x01,
 472          0x80,0x00,0x0F,0xEF,0xFE,0x00,0x00,0x00,0x0F,0xC0,0x7F,0xF8,0x00,0x3D,0xFC,0x3F,
 473          0xBC,0x00,0x1F,0xFE,0x03,0xF0,0x00,0x00,0x00,0x7F,0xF7,0xF0,0x00,0x01,0x80,0x00,
 474          0x0F,0xE7,0xFF,0xE0,0x00,0x00,0x1D,0xC0,0x7F,0xFC,0x00,0x3F,0xFC,0x3F,0xFC,0x00,
 475          0x3F,0xFE,0x03,0xB8,0x00,0x00,0x07,0xFF,0xE7,0xF0,0x00,0x01,0x80,0x00,0x07,0xE7,
 476          0x3F,0xFE,0x00,0x00,0x16,0x40,0x7F,0xFF,0x00,0x63,0xFE,0x7F,0xC6,0x00,0xFF,0xFE,
 477          0x02,0x68,0x00,0x00,0x7F,0xFC,0xE7,0xE0,0x00,0x01,0x80,0x00,0x07,0xE7,0x07,0xFF,
 478          0xF0,0x00,0x3F,0x40,0x3F,0xE3,0x8F,0xFB,0xFE,0x7F,0xDF,0xF1,0xC7,0xFC,0x02,0xFC,
 479          0x00,0x0F,0xFF,0xE0,0xE7,0xE0,0x00,0x01,0x80,0x00,0x07,0xE7,0x00,0xFF,0xFE,0x00,
 480          0x79,0xE0,0x3F,0xFD,0xFF,0x1D,0xFE,0x7F,0xB8,0xFF,0xBF,0xFC,0x07,0x9E,0x00,0x7F,
 481          0xFF,0x00,0xE7,0xE0,0x00,0x01,0x80,0x00,0x07,0xF7,0x00,0x1F,0xFE,0x01,0xFD,0xE0,
 482          0x1D,0xFE,0xFF,0xFD,0xFE,0x7F,0xBF,0xFF,0x7F,0xB8,0x07,0xBF,0x80,0x7F,0xF8,0x00,
 483          0xEF,0xE0,0x00,0x01,0x80,0x00,0x03,0xF7,0x00,0x03,0xFE,0x01,0xFF,0xE0,0x09,0xFF,
 484          0x9F,0xFC,0xFC,0x3F,0x3F,0xF9,0xFF,0x90,0x07,0xFF,0x80,0x7F,0xC0,0x00,0xEF,0xC0,
C51 COMPILER V9.60.7.0   PICTURE                                                           06/17/2025 21:19:17 PAGE 9   

 485          0x00,0x01,0x80,0x00,0x03,0xF7,0x00,0x00,0x7E,0x00,0x00,0x60,0x09,0xFF,0x9F,0xFC,
 486          0x7C,0x3E,0x3F,0xF9,0xFF,0x90,0x06,0x00,0x00,0x7E,0x00,0x00,0xEF,0xC0,0x00,0x01,
 487          0x80,0x00,0x03,0xF3,0x00,0x00,0x1C,0x00,0x00,0x30,0x10,0x7F,0x0F,0xFC,0x78,0x1E,
 488          0x3F,0xF0,0xFE,0x08,0x0C,0x00,0x00,0x38,0x00,0x00,0xCF,0xC0,0x00,0x01,0x80,0x00,
 489          0x01,0xF3,0x00,0x00,0x1C,0x00,0x00,0x30,0x30,0x7C,0x07,0xF8,0x40,0x02,0x1F,0xE0,
 490          0x3E,0x0C,0x0C,0x00,0x00,0x38,0x00,0x00,0xCF,0x80,0x00,0x01,0x80,0xC0,0x01,0xF3,
 491          0x80,0x00,0x1C,0x00,0x00,0x10,0x21,0xF8,0x00,0xC0,0x40,0x02,0x03,0x00,0x1F,0x84,
 492          0x08,0x00,0x00,0x38,0x00,0x01,0xCF,0x80,0x03,0x01,0x80,0xF8,0x01,0xF3,0x80,0x00,
 493          0x3C,0x00,0x00,0x18,0x67,0xFC,0x07,0x00,0x60,0x06,0x00,0xE0,0x3F,0xE6,0x18,0x00,
 494          0x00,0x3C,0x00,0x01,0xCF,0x80,0x1F,0x01,0x80,0x7F,0x00,0xF3,0x80,0x00,0x3C,0x00,
 495          0x00,0x1F,0xEF,0xFC,0x1F,0xC0,0x60,0x06,0x03,0xF8,0x3F,0xF7,0xF8,0x00,0x00,0x3C,
 496          0x00,0x01,0xCF,0x00,0xFE,0x01,0x80,0x7F,0xC0,0xF3,0x80,0x00,0x38,0x00,0x00,0x18,
 497          0xDF,0x9C,0x1F,0xF0,0x60,0x06,0x0F,0xF8,0x39,0xFB,0x18,0x00,0x00,0x1C,0x00,0x01,
 498          0xCF,0x03,0xFE,0x01,0x80,0x3F,0xF8,0xF3,0x80,0x00,0x38,0x00,0x00,0x3C,0xFF,0x7C,
 499          0x3F,0xF8,0x60,0x06,0x1F,0xFC,0x3E,0xFF,0x3C,0x00,0x00,0x1C,0x00,0x01,0xCF,0x1F,
 500          0xFC,0x01,0x80,0x3F,0xFE,0xF9,0x80,0x00,0x38,0x00,0x00,0x6F,0xBF,0xD8,0x39,0xF8,
 501          0x60,0x06,0x1F,0x9C,0x1B,0xFD,0xF6,0x00,0x00,0x1C,0x00,0x01,0x9F,0x7F,0xFC,0x01,
 502          0x80,0x1D,0xFF,0x79,0x80,0x00,0x78,0x00,0x00,0x47,0xBF,0x98,0x3D,0xF8,0x40,0x02,
 503          0x1F,0xBC,0x19,0xFD,0xE2,0x00,0x00,0x1E,0x00,0x01,0x9E,0xFF,0xB8,0x01,0x80,0x1C,
 504          0x3F,0x79,0x80,0x00,0x70,0x00,0x00,0x47,0xBF,0x20,0x25,0xFC,0x60,0x06,0x3F,0xA4,
 505          0x04,0xFD,0xE2,0x00,0x00,0x0E,0x00,0x01,0x9E,0xFC,0x38,0x01,0x80,0x1C,0x07,0x79,
 506          0x80,0x00,0x70,0x00,0x00,0x63,0xBF,0xE0,0x01,0xF8,0x60,0x06,0x1F,0x80,0x07,0xFD,
 507          0xC6,0x00,0x00,0x0E,0x00,0x01,0x9E,0xE0,0x38,0x01,0x80,0x0E,0x00,0x39,0x80,0x00,
 508          0x70,0x00,0x00,0x31,0x9F,0xF8,0x1F,0xF8,0x60,0x06,0x1F,0xF8,0x1F,0xF9,0x8C,0x00,
 509          0x00,0x0E,0x00,0x01,0x9C,0x00,0x70,0x01,0x80,0x0E,0x00,0x39,0xC0,0x00,0x70,0x00,
 510          0x00,0x3B,0x8F,0xB8,0x1F,0xF8,0x60,0x06,0x1F,0xF8,0x1D,0xF1,0xDC,0x00,0x00,0x0E,
 511          0x00,0x03,0x9C,0x00,0x70,0x01,0x80,0x06,0x00,0x39,0xC0,0x00,0x60,0x00,0x00,0x1F,
 512          0x80,0x10,0x07,0xF0,0x60,0x06,0x0F,0xE0,0x08,0x01,0xF8,0x00,0x00,0x06,0x00,0x03,
 513          0x9C,0x00,0x60,0x01,0x80,0x07,0x00,0x18,0xC0,0x00,0xE0,0x00,0x00,0x03,0xC0,0x00,
 514          0x01,0xC0,0xC0,0x03,0x03,0x80,0x00,0x03,0xC0,0x00,0x00,0x07,0x00,0x03,0x18,0x00,
 515          0xE0,0x01,0x80,0x03,0x00,0x18,0xC0,0x00,0xE0,0x00,0x00,0x01,0xE0,0x00,0x00,0x01,
 516          0xC0,0x03,0x80,0x00,0x00,0x07,0x80,0x00,0x00,0x07,0x00,0x03,0x18,0x00,0xC0,0x01,
 517          0x80,0x03,0x00,0x1C,0xC0,0x00,0xE0,0x00,0x00,0x00,0xB0,0xFE,0x00,0x01,0x80,0x01,
 518          0x80,0x00,0x7F,0x0D,0x00,0x00,0x00,0x07,0x00,0x03,0x38,0x00,0xC0,0x01,0x80,0x01,
 519          0x80,0x1C,0xFF,0xFF,0xC0,0x00,0x00,0x00,0xD8,0x7C,0x00,0x03,0x00,0x00,0xC0,0x00,
 520          0x3E,0x1B,0x00,0x00,0x00,0x03,0xFF,0xFF,0x38,0x01,0x80,0x01,0x80,0x01,0x80,0x0C,
 521          0xFF,0xFF,0xC0,0x00,0x00,0x00,0xCC,0x00,0x00,0x0E,0x00,0x00,0x70,0x00,0x00,0x33,
 522          0x00,0x00,0x00,0x03,0xFF,0xFF,0x30,0x01,0x80,0x01,0x80,0x00,0x80,0x0C,0xFF,0xFF,
 523          0xC0,0x00,0x00,0x00,0x67,0x00,0x00,0x1C,0x00,0x00,0x38,0x00,0x00,0xE6,0x00,0x00,
 524          0x00,0x03,0xFF,0xFF,0x30,0x01,0x00,0x01,0x80,0x00,0x80,0x0C,0x00,0x00,0x00,0x00,
 525          0x00,0x00,0x61,0xC0,0x00,0x70,0x00,0x00,0x0E,0x00,0x03,0x86,0x00,0x00,0x00,0x00,
 526          0x00,0x00,0x30,0x01,0x00,0x01,0x80,0x00,0x00,0x04,0x00,0x00,0x00,0x00,0x00,0x00,
 527          0x31,0xFF,0x1F,0xF0,0x00,0x00,0x0F,0xF8,0xFF,0x8C,0x00,0x00,0x00,0x00,0x00,0x00,
 528          0x20,0x00,0x00,0x01,0x80,0x00,0x00,0x00,0x00,0x00,0x00,0x00,0x00,0x00,0x33,0xC7,
 529          0xFF,0xF8,0x00,0x00,0x1F,0xFF,0xE3,0xCC,0x00,0x00,0x00,0x00,0x00,0x00,0x00,0x00,
 530          0x00,0x01,0x87,0xE0,0x00,0x02,0x3F,0x0C,0x00,0xC0,0x00,0x00,0x1B,0x80,0x0E,0xF8,
 531          0x00,0x00,0x1F,0x70,0x01,0xD8,0x00,0x00,0x03,0x00,0x30,0xFC,0x40,0x00,0x07,0xE1,
 532          0x86,0x00,0x00,0x06,0x31,0x80,0x00,0x00,0x00,0x00,0x0E,0x00,0x0C,0x38,0x00,0x00,
 533          0x1C,0x30,0x00,0x70,0x00,0x00,0x00,0x00,0x01,0x8C,0x60,0x00,0x00,0x61,0x86,0x03,
 534          0xC3,0xCF,0x31,0x8C,0x78,0xCD,0x86,0xC0,0x0E,0x00,0x0C,0x18,0x00,0x00,0x18,0x30,
 535          0x00,0x70,0x03,0x61,0xB3,0x1E,0x31,0x8C,0xF3,0xC3,0xC0,0x61,0x86,0x04,0x66,0x66,
 536          0x31,0x8C,0xCC,0xCE,0xCD,0xC0,0x04,0x00,0x0E,0x08,0x00,0x00,0x10,0x70,0x00,0x20,
 537          0x03,0xB3,0x73,0x33,0x31,0x8C,0x66,0x66,0x20,0x61,0x87,0xE1,0xE7,0x06,0x3F,0x0C,
 538          0xE0,0xCC,0xCC,0xC0,0x0C,0x00,0x03,0x0C,0x00,0x00,0x30,0xC0,0x00,0x30,0x03,0x33,
 539          0x33,0x07,0x30,0xFC,0x60,0xE7,0x87,0xE1,0x86,0x03,0x63,0xC6,0x33,0x0C,0x78,0xCC,
 540          0xCC,0xC0,0x0C,0x00,0x01,0x06,0x00,0x00,0x60,0x80,0x00,0x30,0x03,0x33,0x33,0x1E,
 541          0x30,0xCC,0x63,0xC6,0xC0,0x61,0x86,0x06,0x60,0xE6,0x31,0x8C,0x1C,0xCC,0xCC,0xC0,
 542          0x0C,0x00,0x01,0x86,0x00,0x00,0x61,0x80,0x00,0x30,0x03,0x33,0x33,0x38,0x31,0x8C,
 543          0x67,0x06,0x60,0x61,0x86,0x06,0x66,0x66,0x31,0x8C,0xCC,0xCC,0xCD,0xC0,0x08,0x00,
 544          0x00,0xC3,0x00,0x00,0xC3,0x00,0x00,0x10,0x03,0xB3,0x33,0x33,0x31,0x8C,0x66,0x66,
 545          0x60,0x61,0x87,0xE3,0xE3,0xC3,0x30,0xCC,0x78,0xCC,0xC6,0xC0,0x08,0x00,0x00,0x82,
 546          0x00,0x00,0x41,0x00,0x00,0x10,0x03,0x63,0x33,0x1E,0x33,0x0C,0xC3,0xC7,0xC7,0xE1,
C51 COMPILER V9.60.7.0   PICTURE                                                           06/17/2025 21:19:17 PAGE 10  

 547          0x80,0x00,0x00,0x00,0x00,0x00,0x00,0x00,0x08,0xC0,0x08,0x00,0x00,0x82,0x00,0x00,
 548          0x41,0x00,0x00,0x10,0x03,0x10,0x00,0x00,0x00,0x00,0x00,0x00,0x00,0x01,0x80,0x00,
 549          0x00,0x00,0x00,0x00,0x00,0x00,0x07,0x80,0x08,0x00,0x00,0xE6,0x00,0x00,0x67,0x00,
 550          0x00,0x10,0x01,0xE0,0x00,0x00,0x00,0x00,0x00,0x00,0x00,0x01,0xBF,0xFF,0xFF,0xFF,
 551          0xFF,0xFF,0xFF,0xFF,0xFF,0xF0,0x08,0x00,0x00,0x7C,0x00,0x00,0x3E,0x00,0x00,0x10,
 552          0x0F,0xFF,0xFF,0xFF,0xFF,0xFF,0xFF,0xFF,0xFF,0xFD,0xBF,0xFF,0xFF,0xFF,0xFF,0xFF,
 553          0xFF,0xFF,0xFF,0xF0,0x08,0x00,0x00,0x78,0x00,0x00,0x1E,0x00,0x00,0x10,0x0F,0xFF,
 554          0xFF,0xFF,0xFF,0xFF,0xFF,0xFF,0xFF,0xFD,0x80,0x00,0x00,0x00,0x00,0x00,0x00,0x00,
 555          0x00,0x00,0x08,0x00,0x00,0x70,0x00,0x00,0x0E,0x00,0x00,0x10,0x00,0x00,0x00,0x00,
 556          0x00,0x00,0x00,0x00,0x00,0x01,0xA0,0x00,0x00,0x28,0x00,0x20,0x00,0x00,0x00,0x00,
 557          0x08,0x00,0x00,0x60,0x00,0x00,0x06,0x00,0x00,0x10,0x00,0x00,0x00,0x00,0x04,0x00,
 558          0x14,0x00,0x00,0x05,0xA0,0x00,0x00,0x20,0x00,0x20,0x00,0x00,0x00,0x00,0x0C,0x00,
 559          0x00,0xC0,0x00,0x00,0x03,0x00,0x00,0x30,0x00,0x00,0x00,0x00,0x04,0x00,0x04,0x00,
 560          0x00,0x05,0xBC,0x8A,0x21,0xE8,0xEF,0x27,0x22,0x18,0xE7,0x60,0x0C,0x00,0x00,0xC0,
 561          0x00,0x00,0x03,0x00,0x00,0x30,0x06,0xE7,0x18,0x44,0xE4,0xF7,0x17,0x84,0x51,0x3D,
 562          0xA2,0x89,0x42,0x29,0x08,0xA0,0x94,0x25,0x14,0x90,0x0C,0x00,0x00,0x80,0x00,0x00,
 563          0x01,0x00,0x00,0x30,0x09,0x28,0xA4,0x29,0x05,0x10,0x94,0x42,0x91,0x45,0xA2,0x89,
 564          0x5A,0x28,0xC8,0xA3,0x94,0x21,0x14,0x90,0x04,0x3F,0x00,0x80,0x00,0x00,0x01,0x00,
 565          0xFC,0x20,0x09,0x28,0x84,0x29,0xC5,0x13,0x14,0x5A,0x91,0x45,0xA2,0x89,0x42,0x28,
 566          0x28,0xA4,0x94,0x25,0x14,0x90,0x04,0x0F,0x01,0x80,0x00,0x00,0x01,0x80,0xF0,0x20,
 567          0x09,0x28,0xA4,0x29,0x25,0x14,0x14,0x42,0x91,0x45,0xBC,0x78,0x81,0xE9,0xCF,0x23,
 568          0x88,0x98,0xE4,0x90,0x06,0x02,0x01,0x80,0x00,0x00,0x01,0x80,0x40,0x60,0x09,0x27,
 569          0x19,0x11,0xC4,0xF3,0x97,0x81,0x1E,0x3D,0x80,0x00,0x80,0x00,0x08,0x00,0x08,0x00,
 570          0x00,0x00,0x06,0x02,0x01,0x80,0x00,0x00,0x01,0x80,0x40,0x60,0x00,0x00,0x00,0x10,
 571          0x00,0x10,0x00,0x01,0x00,0x01,0x80,0x03,0x00,0x00,0x08,0x00,0x30,0x00,0x00,0x00,
 572          0x03,0x06,0x03,0x00,0x00,0x00,0x00,0xC0,0x60,0xC0,0x00,0x00,0x00,0x0C,0x00,0x10,
 573          0x00,0x00,0xC0,0x01,0x80,0x00,0x00,0x00,0x00,0x00,0x00,0x00,0x00,0x00,0x01,0xFF,
 574          0xCF,0x00,0x00,0x00,0x00,0xF3,0xFF,0x80,0x00,0x00,0x00,0x00,0x00,0x00,0x00,0x00,
 575          0x00,0x01,0xFF,0xFF,0xFF,0xFF,0xFF,0xFF,0xFF,0xFF,0xFF,0xFF,0xFF,0xFF,0xFF,0xFF,
 576          0xFF,0xFF,0xFF,0xFF,0xFF,0xFF,0xFF,0xFF,0xFF,0xFF,0xFF,0xFF,0xFF,0xFF,0xFF,0xFF,
 577          };   
 578          
 579          unsigned char code BMP2[]={
 580          
 581          /*--240x64  --*/
 582          0xF0,0x00,0x01,0x00,0x00,0x00,0x00,0x80,0x00,0x00,0x00,0x00,0x00,0x00,0x00,0x00,
 583          0x3D,0xF0,0x00,0x00,0x00,0x00,0x00,0x00,0x00,0x00,0x00,0x00,0x00,0x0F,0x80,0x00,
 584          0x01,0x00,0x00,0x00,0x00,0xC0,0x00,0xC0,0x70,0x00,0x00,0x00,0x00,0x00,0xFF,0xBF,
 585          0x00,0x00,0x00,0x00,0x00,0x00,0x00,0x00,0x00,0x00,0x00,0x01,0x80,0x00,0x07,0xF0,
 586          0x00,0x00,0x01,0xC0,0x03,0xE0,0xFF,0xF8,0x00,0x00,0x00,0x01,0xFE,0x0F,0x80,0x00,
 587          0x00,0x7C,0x13,0xC0,0x00,0x00,0x00,0xF8,0x00,0x01,0x80,0x01,0xCD,0xF0,0xF0,0x00,
 588          0x03,0xC0,0x07,0xF3,0xE7,0x38,0x00,0x00,0x00,0x03,0xFE,0x00,0xC0,0x00,0x00,0xFE,
 589          0x7E,0xC0,0x00,0x00,0x01,0xFC,0x00,0x01,0x00,0x0F,0xF8,0x39,0xFF,0xC0,0x03,0xC0,
 590          0x0F,0xFE,0x00,0x30,0x00,0x00,0x00,0x03,0xFE,0x00,0x60,0x00,0x01,0xFE,0xC1,0x80,
 591          0x00,0x00,0x07,0xFE,0x00,0x00,0x00,0x3C,0x10,0x19,0xFF,0xC0,0x03,0xE0,0x1F,0xFC,
 592          0x00,0x18,0x00,0x00,0x00,0x03,0xFE,0x00,0x40,0x00,0x01,0xFF,0x00,0x60,0x00,0x00,
 593          0x07,0xFE,0x00,0x00,0x00,0x18,0x00,0xFF,0xFF,0xC0,0x07,0xE0,0x1F,0xFE,0x00,0x1C,
 594          0x3C,0x00,0x00,0x03,0xF7,0xFD,0xC0,0x00,0x03,0xFF,0x00,0x30,0x00,0x00,0x0F,0xFE,
 595          0x00,0x00,0x00,0x18,0x03,0xF3,0xFF,0xC0,0x07,0xE0,0x3F,0xFC,0x00,0x1E,0xFE,0x00,
 596          0x00,0x03,0xFF,0xFF,0xE0,0x00,0x03,0xFF,0xC0,0x20,0x00,0x00,0x0F,0xFE,0x04,0x00,
 597          0x00,0x1B,0xFF,0xFB,0xFF,0xE0,0x0E,0xE0,0x3F,0xFE,0x00,0x1F,0xFE,0x00,0x00,0x03,
 598          0xFF,0xF0,0xD8,0x00,0x03,0xFE,0x7F,0xF0,0x00,0x00,0x0F,0xFE,0x3E,0x00,0x00,0x1F,
 599          0xBF,0xFF,0xFF,0xF0,0x0B,0x20,0x3F,0xFF,0x80,0x31,0xFF,0x00,0x00,0x06,0x7D,0xFF,
 600          0x6C,0x00,0x01,0xFC,0x1F,0xF0,0x00,0x00,0x0F,0xFC,0x77,0x00,0x00,0x3F,0xF3,0xF9,
 601          0xFF,0xF0,0x1F,0xA0,0x1F,0xF1,0xC7,0xFD,0xFF,0x00,0x00,0x0C,0x01,0xFF,0xE6,0xF0,
 602          0x01,0xF8,0x1F,0xE8,0x00,0x00,0x0F,0xFC,0xE1,0x80,0x3E,0x7F,0xE0,0xF0,0xFF,0xF8,
 603          0x3C,0xF0,0x1F,0xFE,0xFF,0x8E,0xFF,0x00,0x00,0x0F,0xC0,0xFF,0x83,0xF8,0x03,0x00,
 604          0x1F,0xE8,0x00,0x00,0x07,0xC7,0xC0,0xE0,0x3F,0xFF,0xC0,0x3E,0x7F,0xFC,0xFE,0xF0,
 605          0x0E,0xFF,0x7F,0xFE,0xFF,0x00,0x00,0x1F,0xC0,0x7F,0x03,0xFC,0x06,0x00,0x1F,0xF8,
 606          0x00,0x00,0x06,0x07,0xF0,0x64,0xFF,0xDF,0x00,0xFF,0xBF,0xF8,0xFF,0xF0,0x04,0xFF,
 607          0xCF,0xFE,0x7E,0x00,0x00,0x38,0x40,0x7C,0x03,0xFC,0x0C,0x00,0x0F,0xF4,0x00,0x00,
 608          0x0C,0x07,0xD8,0x3E,0xFF,0xC1,0xC0,0xFF,0xFF,0xF0,0x00,0x30,0x04,0xFF,0xCF,0xFE,
C51 COMPILER V9.60.7.0   PICTURE                                                           06/17/2025 21:19:17 PAGE 11  

 609          0x3E,0x00,0x00,0xF1,0x81,0xFC,0x03,0xFC,0x08,0x00,0x07,0xE4,0x00,0x00,0x18,0x07,
 610          0xEC,0x1E,0xFF,0x87,0xF1,0xCF,0xFF,0xF0,0x00,0x18,0x08,0x3F,0x87,0xFE,0x3C,0x00,
 611          0x01,0xB3,0x83,0x1E,0x01,0xFC,0x10,0x00,0x01,0x04,0x00,0x00,0x30,0x07,0xF6,0x1F,
 612          0xFF,0x8F,0xF9,0x83,0xFF,0xE0,0x00,0x18,0x18,0x3E,0x03,0xFC,0x20,0x00,0x03,0x33,
 613          0x03,0x1E,0x01,0xFC,0x30,0x00,0x00,0x76,0x00,0x00,0x60,0x37,0xFB,0x1F,0xFF,0x1F,
 614          0x99,0x83,0xFF,0xE0,0x00,0x08,0x10,0xFC,0x00,0x60,0x20,0x00,0x06,0x37,0x07,0x1E,
 615          0x01,0xFC,0x20,0x00,0x00,0xFA,0x00,0x00,0xC0,0xFF,0xFF,0x3F,0xFF,0x1E,0x09,0x31,
 616          0xFF,0xC0,0x00,0x0C,0x33,0xFE,0x03,0x80,0x30,0x00,0x0C,0x18,0x0F,0x1E,0x01,0xF8,
 617          0x60,0x00,0x01,0xFA,0x00,0x01,0x81,0xFF,0xFF,0x7F,0x3F,0x3E,0x09,0x59,0xFF,0xC0,
 618          0x00,0x0F,0xF7,0xFE,0x0F,0xE0,0x30,0x00,0x08,0x07,0x0E,0x1E,0x01,0xF8,0x40,0x00,
 619          0x01,0xCE,0x00,0x01,0x03,0xFF,0xFB,0xFF,0x1F,0x3C,0xF0,0x41,0xFF,0xC0,0x00,0x0C,
 620          0x6F,0xCE,0x0F,0xF8,0x30,0x00,0x18,0x07,0x8C,0x3E,0x01,0xE0,0x80,0x00,0x03,0x83,
 621          0x00,0x03,0x07,0xFF,0xFD,0xFE,0x03,0x3C,0x90,0x03,0xFF,0xC0,0x00,0x1E,0x7F,0xBE,
 622          0x1F,0xFC,0x30,0x00,0x19,0x00,0x0C,0x7E,0x03,0x00,0x80,0x00,0x03,0x99,0x00,0x06,
 623          0x0F,0xE7,0x01,0xEC,0x03,0x3C,0x80,0x0F,0xEF,0xC0,0x00,0x37,0xDF,0xEC,0x1C,0xFC,
 624          0x30,0x00,0x19,0x80,0x07,0xFC,0x03,0x01,0x80,0x00,0x03,0x99,0x00,0x0C,0x0F,0xC3,
 625          0x01,0xFC,0x03,0x3C,0x10,0x0F,0xCF,0xC0,0x00,0x23,0xDF,0xCC,0x1E,0xFC,0x20,0x00,
 626          0x18,0x84,0x03,0xF8,0x03,0x01,0x00,0x00,0x01,0x99,0x80,0x08,0x0F,0x81,0x00,0xFC,
 627          0x03,0x3E,0x33,0x80,0x0F,0xC0,0x00,0x23,0xDF,0x90,0x12,0xFE,0x30,0x00,0x18,0x7E,
 628          0x00,0xE0,0x02,0x01,0x00,0x00,0x01,0xD8,0xC0,0x18,0x0F,0x87,0x00,0xF8,0x03,0x3F,
 629          0xE7,0x80,0x0F,0xC0,0x00,0x31,0xDF,0xF0,0x00,0xFC,0x30,0x02,0x08,0x32,0x00,0x00,
 630          0x02,0x03,0x00,0x00,0x01,0xE0,0xC0,0x10,0x0F,0x8E,0x01,0xF0,0x03,0x3F,0xC1,0x18,
 631          0x0F,0xC0,0x00,0x18,0xCF,0xFC,0x0F,0xFC,0x30,0x07,0x0C,0x03,0x00,0x00,0x06,0x07,
 632          0x00,0x00,0x00,0x60,0x40,0x10,0x0F,0x8E,0x03,0xE0,0x03,0x1F,0x81,0x98,0x0F,0xC0,
 633          0x00,0x1D,0xC7,0xDC,0x0F,0xFC,0x30,0x0F,0x84,0x01,0x80,0x00,0x06,0x06,0x00,0x00,
 634          0x00,0x00,0x40,0x18,0x07,0x8C,0x07,0xE0,0x03,0x00,0x0F,0xF0,0x0F,0xC0,0x00,0x0F,
 635          0xC0,0x08,0x03,0xF8,0x30,0x1F,0x86,0x00,0xC0,0x0C,0x04,0x06,0x00,0x00,0x00,0x00,
 636          0xC0,0x18,0x03,0xE0,0x0C,0xC0,0x03,0x00,0x0E,0x00,0x0F,0xC0,0x00,0x01,0xE0,0x00,
 637          0x00,0xE0,0x60,0x3F,0xF3,0x00,0x70,0x38,0x04,0x06,0x00,0x00,0x00,0x02,0x80,0x08,
 638          0x0C,0xE0,0x1C,0xC0,0x03,0x00,0x00,0x00,0x0F,0xC0,0x00,0x00,0xF0,0x00,0x00,0x00,
 639          0xE0,0x7F,0xFD,0x00,0x1F,0xE0,0x0C,0x03,0x00,0x00,0x00,0x06,0x80,0x0C,0x06,0x00,
 640          0x18,0xC0,0x03,0x00,0x00,0x00,0x1F,0xC0,0x00,0x00,0x58,0x7F,0x00,0x00,0xC0,0x7F,
 641          0xFF,0x80,0x00,0x00,0x08,0x01,0x00,0x00,0x00,0x05,0x80,0x04,0x02,0x00,0x99,0xC0,
 642          0x03,0x00,0x00,0x00,0x1F,0xC0,0x00,0x00,0x6C,0x3E,0x00,0x01,0x80,0x7E,0x7F,0xE0,
 643          0x00,0x00,0x18,0x01,0x80,0x00,0x00,0x0B,0x00,0x1E,0x01,0x00,0xC3,0x80,0x03,0x00,
 644          0x00,0x00,0x3F,0xC0,0x00,0x00,0x66,0x00,0x00,0x07,0x00,0x3F,0xBF,0xF8,0x00,0x00,
 645          0x30,0x00,0x80,0x00,0x00,0x06,0x00,0x7F,0x01,0x80,0xDF,0x80,0x01,0x80,0x00,0x00,
 646          0x7F,0x80,0x00,0x00,0x33,0x80,0x00,0x0E,0x00,0x3D,0xBF,0xFC,0x00,0x00,0xE0,0x00,
 647          0x20,0x00,0x00,0x1C,0x00,0x7F,0x00,0xC0,0x1F,0x80,0x01,0xC0,0x00,0x01,0xFF,0x80,
 648          0x00,0x00,0x30,0xE0,0x00,0x38,0x00,0x39,0xBF,0xFF,0x80,0x07,0xC0,0x00,0x30,0x00,
 649          0x00,0x30,0x01,0xFF,0x80,0x3E,0x0E,0x80,0x00,0xE0,0x00,0x03,0x3F,0x80,0x00,0x00,
 650          0x18,0xFF,0x8F,0xF8,0x00,0x79,0xBF,0xFF,0xFE,0xFE,0x00,0x00,0x0C,0x1E,0x00,0xE0,
 651          0x03,0xFF,0xE0,0x0F,0x00,0x80,0x00,0x7C,0x00,0x0C,0x0F,0x80,0x00,0x00,0x19,0xE3,
 652          0xFF,0xFC,0x00,0x71,0x7F,0xFF,0xFF,0xF0,0x00,0x00,0x07,0xBF,0x03,0x80,0x07,0xFF,
 653          0xE0,0x01,0xF1,0x00,0x00,0x0F,0xFF,0xC0,0x03,0x80,0x00,0x00,0x0D,0xC0,0x07,0x7C,
 654          0x00,0xFB,0x7F,0xFF,0xFF,0xF0,0x00,0x00,0x03,0xFF,0x1E,0x00,0x07,0xFF,0xC0,0x00,
 655          0xE3,0x00,0x00,0x00,0xFF,0x00,0x03,0x00,0x00,0x00,0x0D,0x80,0x06,0x3C,0x00,0xEE,
 656          0xFF,0xFF,0xFF,0xF0,0x00,0x00,0x07,0xFF,0x96,0x00,0x07,0xFF,0x80,0x00,0x06,0x00,
 657          0x00,0x00,0x7C,0x00,0x01,0x00,0x00,0x00,0x07,0x00,0x06,0x1C,0x03,0xF1,0xE7,0xFF,
 658          0xFF,0xF0,0x00,0x00,0x0A,0xFE,0x02,0x00,0x07,0xFF,0x81,0x80,0x3C,0x00,0x00,0x00,
 659          0xFC,0x00,0x01,0x00,0x00,0x00,0x07,0x00,0x06,0x0C,0x03,0xFF,0xC9,0xFF,0xFF,0xF0,
 660          0x00,0x00,0x1E,0xFE,0x02,0x00,0x0F,0xFF,0x00,0xFF,0xE0,0x00,0x00,0x01,0xF8,0x00,
 661          0x01,0x80,0x00,0x00,0x02,0x00,0x07,0x04,0x03,0xFF,0x81,0xFF,0xFF,0xF0,0x00,0x00,
 662          0x1D,0xFC,0x03,0x00,0x0F,0xF4,0x00,0xE0,0x00,0x00,0x00,0x01,0xF8,0x00,0x01,0x80,
 663          0x00,0x00,0x06,0x00,0x01,0x86,0x00,0xFF,0xB9,0xFF,0xFF,0xE0,0x00,0x00,0x1F,0xFC,
 664          0x01,0x80,0x0E,0xE0,0x00,0xE0,0x00,0x00,0x00,0x03,0xF8,0x00,0x01,0x80,0x00,0x00,
 665          0x06,0x00,0x00,0x83,0x00,0x7F,0x8D,0xFF,0xFF,0xE0,0x00,0x00,0x1F,0xF8,0x01,0xF0,
 666          0x0A,0xC0,0x01,0xE0,0x00,0x00,0x00,0x03,0xFC,0x00,0x00,0x80,0x00,0x00,0x06,0x00,
 667          0x00,0xC3,0x00,0x3F,0xC5,0xF9,0xFF,0xE0,0x00,0x00,0x3F,0xF8,0x01,0xF8,0x0D,0x80,
 668          0x01,0xF0,0x00,0x00,0x00,0x03,0xFC,0x00,0x00,0x80,0x00,0x00,0x04,0x00,0x00,0x61,
 669          0x80,0x0F,0xE3,0xF8,0xFF,0xE0,0x00,0x00,0x3F,0xF0,0x01,0xF8,0x07,0x00,0x01,0xF8,
 670          0x00,0x00,0x00,0x03,0xF8,0x00,0x00,0x80,0x00,0x00,0x04,0x00,0x00,0x41,0x00,0x01,
C51 COMPILER V9.60.7.0   PICTURE                                                           06/17/2025 21:19:17 PAGE 12  

 671          0xFF,0xF0,0x7F,0xC0,0x00,0x00,0x3F,0xF0,0x01,0xF8,0x07,0x00,0x01,0xFC,0x00,0x00,
 672          0x00,0x01,0xF8,0x00,0x00,0x80,0x00,0x00,0x04,0x00,0x00,0x41,0x00,0x00,0x7F,0xF0,
 673          0x3F,0xC0,0x00,0x00,0x3F,0xE0,0x01,0xF8,0x0B,0x00,0x03,0xFE,0x00,0x00,0x00,0x01,
 674          0xF8,0x00,0x00,0x80,0x00,0x00,0x04,0x00,0x00,0x73,0x00,0x00,0x7F,0xE0,0x0F,0xC0,
 675          0x00,0x00,0x3F,0xE0,0x01,0xF0,0x32,0x00,0x03,0xFF,0x00,0x00,0x00,0x00,0xF8,0x00,
 676          0x00,0xC0,0x00,0x00,0x04,0x00,0x00,0x3E,0x00,0x00,0x63,0xC0,0x07,0x80,0x00,0x00,
 677          0x3F,0xE0,0x01,0xE0,0x32,0x00,0x02,0xFE,0x00,0x00,0x00,0x00,0x70,0x00,0x00,0xC0,
 678          0x00,0x00,0x04,0x00,0x00,0x3C,0x00,0x00,0x20,0x00,0x04,0x00,0x00,0x00,0x3F,0xC0,
 679          0x01,0x00,0x32,0x00,0x06,0xFE,0x00,0x00,0x00,0x00,0x20,0x00,0x00,0xC0,0x00,0x00,
 680          0x04,0x00,0x00,0x38,0x00,0x00,0x20,0x00,0x0C,0x00,0x00,0x00,0x1F,0xC0,0x01,0x00,
 681          0x32,0x00,0x06,0xFE,0x00,0x00,0x00,0x00,0x60,0x00,0x00,0xC0,0x00,0x00,0x04,0x00,
 682          0x00,0x30,0x00,0x00,0x20,0x00,0x0C,0x00,0x00,0x00,0x0E,0x00,0x03,0x00,0x33,0x00,
 683          0x04,0xFC,0x00,0x00,0x00,0x00,0x60,0x00,0x00,0xC0,0x00,0x00,0x06,0x01,0x80,0x00,
 684          0x00,0x1B,0x00,0x01,0x80,0x00,0x00,0x00,0x00,0x00,0x03,0x00,0x33,0x00,0x4C,0x00,
 685          0x00,0x00,0x00,0x00,0x60,0x00,0x00,0x80,0x00,0x00,0x06,0x01,0x80,0x00,0x00,0x18,
 686          0x00,0x01,0x80,0x00,0x00,0x00,0x00,0x80,0x03,0x00,0x39,0x00,0x58,0x00,0x00,0x00,
 687          0x00,0x00,0x60,0x00,0x00,0x80,0x00,0x00,0x06,0x01,0xF3,0x3C,0x60,0xFB,0x3C,0xF9,
 688          0x9D,0x8C,0x38,0xF3,0xFE,0x00,0x01,0x80,0x0F,0x00,0x30,0x00,0x00,0x00,0x00,0x00,
 689          0x40,0x00,0x00,0x80,0x00,0x00,0x02,0x01,0x9B,0x36,0xC1,0x9B,0x66,0xCD,0xA6,0xD8,
 690          0x6D,0x9B,0x33,0x00,0x00,0x80,0x01,0x80,0x20,0x00,0x00,0x00,0x00,0x00,0x40,0x30,
 691          0x00,0x80,0x00,0x00,0x02,0x01,0x9B,0x36,0xC1,0x9B,0x78,0xCD,0x9E,0xD8,0x61,0x9B,
 692          0x33,0x00,0x00,0x80,0x00,0x80,0x20,0x00,0x00,0x00,0x00,0x00,0x40,0x1F,0x01,0x80,
 693          0x00,0x00,0x03,0x01,0x9B,0x36,0xDD,0x9B,0x1E,0xCD,0xB6,0xD8,0x61,0x9B,0x33,0x00,
 694          0x00,0x80,0x00,0x80,0x20,0x00,0x00,0x00,0x80,0x00,0x40,0x12,0x01,0x00,0x00,0x00,
 695          0x03,0x01,0x9B,0x33,0x81,0x9B,0x66,0xCD,0xB6,0x73,0x6D,0x9B,0x33,0x00,0x01,0x00,
 696          0x00,0x80,0x60,0x00,0x00,0x01,0x80,0x00,0x60,0x32,0x01,0x00,0x00,0x00,0x01,0x81,
 697          0xF1,0xF3,0x80,0xFB,0x3C,0xF9,0x9E,0x73,0x38,0xF3,0x33,0x00,0x03,0x00,0x00,0xC0,
 698          0xC0,0x00,0x00,0x01,0x80,0x00,0x30,0x23,0x07,0xC0,0x00,0x00,0x00,0xE0,0x00,0x03,
 699          0x00,0x00,0x00,0xC0,0x00,0x60,0x00,0x00,0x00,0x00,0x8E,0x00,0x00,0xE3,0x80,0x00,
 700          0x00,0x01,0xF0,0x00,0xFF,0xFF,0xFF,0xC0,0x00,0x00,0x00,0x00,0x00,0x0E,0x00,0x00,
 701          0x00,0xC0,0x01,0xC0,0x00,0x00,0x00,0x00,0xF8,0x00,0x00,0x7F,0x00,0x00,0x00,0x0F,
 702          };


MODULE INFORMATION:   STATIC OVERLAYABLE
   CODE SIZE        =   ----    ----
   CONSTANT SIZE    =   6688    ----
   XDATA SIZE       =   ----    ----
   PDATA SIZE       =   ----    ----
   DATA SIZE        =   ----    ----
   IDATA SIZE       =   ----    ----
   BIT SIZE         =   ----    ----
END OF MODULE INFORMATION.


C51 COMPILATION COMPLETE.  0 WARNING(S),  0 ERROR(S)
