BL51 BANKED LINKER/LOCATER V6.22.4.0                                                    09/12/2025  09:20:43  PAGE 1


BL51 BANKED LINKER/LOCATER V6.22.4.0, INVOKED BY:
D:\KEIL_STM32\C51\BIN\BL51.EXE .\Objects\main.obj, .\Objects\lcd24064.obj, .\Objects\picture.obj TO .\Objects\project PR
>> INT (.\Listings\project.m51) RAMSIZE (256) DISABLEWARNING (16)


MEMORY MODEL: SMALL


INPUT MODULES INCLUDED:
  .\Objects\main.obj (MAIN)
  .\Objects\lcd24064.obj (LCD24064)
  .\Objects\picture.obj (PICTURE)
  D:\KEIL_STM32\C51\LIB\C51S.LIB (?C_STARTUP)
  D:\KEIL_STM32\C51\LIB\C51S.LIB (?C?COPY)
  D:\KEIL_STM32\C51\LIB\C51S.LIB (?C?CLDPTR)
  D:\KEIL_STM32\C51\LIB\C51S.LIB (?C_INIT)


LINK MAP OF MODULE:  .\Objects\project (MAIN)


            TYPE    BASE      LENGTH    RELOCATION   SEGMENT NAME
            -----------------------------------------------------

            * * * * * * *   D A T A   M E M O R Y   * * * * * * *
            REG     0000H     0008H     ABSOLUTE     "REG BANK 0"
            DATA    0008H     0018H     UNIT         _DATA_GROUP_
            BIT     0020H.0   0000H.1   UNIT         ?BI?LCD24064
                    0020H.1   0000H.7                *** GAP ***
            DATA    0021H     0011H     UNIT         ?DT?LCD24064
            DATA    0032H     0007H     UNIT         ?DT?_REVERSEDISPLAYBMP?LCD24064
            DATA    0039H     0003H     UNIT         ?DT?_DISPLAY_STR?LCD24064
            DATA    003CH     0001H     UNIT         ?DT?MAIN
            DATA    003DH     0001H     UNIT         ?DT?CHECKBUSY_S2?LCD24064
            DATA    003EH     0001H     UNIT         ?DT?HANDLEKEY?LCD24064
            IDATA   003FH     0001H     UNIT         ?STACK

            * * * * * * *   C O D E   M E M O R Y   * * * * * * *
            CODE    0000H     0003H     ABSOLUTE     
            CODE    0003H     1A20H     UNIT         ?CO?PICTURE
            CODE    1A23H     010FH     UNIT         ?C?LIB_CODE
            CODE    1B32H     008CH     UNIT         ?C_C51STARTUP
            CODE    1BBEH     0081H     UNIT         ?PR?DISPLAYPATTERNS?LCD24064
            CODE    1C3FH     0077H     UNIT         ?PR?HANDLEKEY?LCD24064
            CODE    1CB6H     0071H     UNIT         ?PR?MAIN?MAIN
            CODE    1D27H     0069H     UNIT         ?PR?DISPLAY_FULLCGROM_SPECIFIEDPOSITIONS?LCD24064
            CODE    1D90H     0064H     UNIT         ?PR?_DISPLAY_16_16?LCD24064
            CODE    1DF4H     005FH     UNIT         ?PR?LCMINIT?LCD24064
            CODE    1E53H     005DH     UNIT         ?PR?WORDAGEENG?LCD24064
            CODE    1EB0H     0059H     UNIT         ?PR?_DISPLAYBMP?LCD24064
            CODE    1F09H     0059H     UNIT         ?PR?_REVERSEDISPLAYBMP?LCD24064
            CODE    1F62H     0058H     UNIT         ?PR?_DISPLAY_8_16?LCD24064
            CODE    1FBAH     004DH     UNIT         ?PR?WORDAGECHA?LCD24064
            CODE    2007H     0046H     UNIT         ?PR?_WRITECOMMAND?LCD24064
            CODE    204DH     0042H     UNIT         ?PR?_LOCATEXY?LCD24064
            CODE    208FH     0041H     UNIT         ?PR?DISPLAY_FULLCGROM?LCD24064
            CODE    20D0H     0036H     UNIT         ?PR?_DISPLAY_STR?LCD24064
            CODE    2106H     0035H     UNIT         ?PR?_DISPLAYDOTS?LCD24064
BL51 BANKED LINKER/LOCATER V6.22.4.0                                                  09/12/2025  09:20:43  PAGE 2


            CODE    213BH     0029H     UNIT         ?PR?LCMCLEAR?LCD24064
            CODE    2164H     0023H     UNIT         ?C_INITSEG
            CODE    2187H     0017H     UNIT         ?PR?_DELAY?LCD24064
            CODE    219EH     0016H     UNIT         ?PR?READKEY?LCD24064
            CODE    21B4H     000DH     UNIT         ?PR?CHECKBUSY_S0S1?LCD24064
            CODE    21C1H     000DH     UNIT         ?PR?CHECKBUSY_S2?LCD24064
            CODE    21CEH     000DH     UNIT         ?PR?CHECKBUSY_S3?LCD24064
            CODE    21DBH     000AH     UNIT         ?PR?_WRITEDATA?LCD24064
            CODE    21E5H     0008H     UNIT         ?CO?LCD24064



OVERLAY MAP OF MODULE:   .\Objects\project (MAIN)


SEGMENT                                            DATA_GROUP 
  +--> CALLED SEGMENT                            START    LENGTH
----------------------------------------------------------------
?C_C51STARTUP                                    -----    -----
  +--> ?PR?MAIN?MAIN
  +--> ?C_INITSEG

?PR?MAIN?MAIN                                    -----    -----
  +--> ?PR?LCMINIT?LCD24064
  +--> ?PR?LCMCLEAR?LCD24064
  +--> ?PR?_DISPLAYDOTS?LCD24064
  +--> ?PR?_DELAY?LCD24064
  +--> ?PR?DISPLAY_FULLCGROM?LCD24064
  +--> ?PR?WORDAGEENG?LCD24064

?PR?LCMINIT?LCD24064                             -----    -----
  +--> ?PR?_DELAY?LCD24064
  +--> ?PR?_WRITECOMMAND?LCD24064

?PR?_WRITECOMMAND?LCD24064                       001BH    0004H
  +--> ?PR?CHECKBUSY_S0S1?LCD24064
  +--> ?PR?_WRITEDATA?LCD24064
  +--> ?PR?CHECKBUSY_S3?LCD24064

?PR?CHECKBUSY_S0S1?LCD24064                      001FH    0001H

?PR?CHECKBUSY_S3?LCD24064                        001FH    0001H

?PR?LCMCLEAR?LCD24064                            -----    -----
  +--> ?PR?_LOCATEXY?LCD24064
  +--> ?PR?_WRITECOMMAND?LCD24064
  +--> ?PR?_WRITEDATA?LCD24064

?PR?_LOCATEXY?LCD24064                           0017H    0004H
  +--> ?PR?_WRITECOMMAND?LCD24064

?PR?_DISPLAYDOTS?LCD24064                        0008H    0002H
  +--> ?PR?_LOCATEXY?LCD24064
  +--> ?PR?_WRITECOMMAND?LCD24064
  +--> ?PR?_WRITEDATA?LCD24064

?PR?DISPLAY_FULLCGROM?LCD24064                   0008H    0003H
BL51 BANKED LINKER/LOCATER V6.22.4.0                                                  09/12/2025  09:20:43  PAGE 3


  +--> ?PR?_LOCATEXY?LCD24064
  +--> ?PR?_WRITECOMMAND?LCD24064
  +--> ?PR?DISPLAY_FULLCGROM_SPECIFIEDPOSITI...

?PR?DISPLAY_FULLCGROM_SPECIFIEDPOSITI...         000BH    000CH
  +--> ?CO?LCD24064
  +--> ?PR?_LOCATEXY?LCD24064
  +--> ?PR?_WRITECOMMAND?LCD24064

?PR?WORDAGEENG?LCD24064                          0008H    0001H
  +--> ?CO?PICTURE
  +--> ?PR?_DISPLAYBMP?LCD24064
  +--> ?PR?WORDAGECHA?LCD24064
  +--> ?PR?_DELAY?LCD24064
  +--> ?PR?_DISPLAY_8_16?LCD24064

?PR?_DISPLAYBMP?LCD24064                         0009H    0007H
  +--> ?PR?_LOCATEXY?LCD24064
  +--> ?PR?_WRITECOMMAND?LCD24064
  +--> ?PR?_WRITEDATA?LCD24064

?PR?WORDAGECHA?LCD24064                          0009H    0001H
  +--> ?PR?_DELAY?LCD24064
  +--> ?CO?PICTURE
  +--> ?PR?_DISPLAY_16_16?LCD24064

?PR?_DISPLAY_16_16?LCD24064                      000AH    0009H
  +--> ?PR?_LOCATEXY?LCD24064
  +--> ?PR?_WRITECOMMAND?LCD24064

?PR?_DISPLAY_8_16?LCD24064                       0009H    0008H
  +--> ?PR?_LOCATEXY?LCD24064
  +--> ?PR?_WRITECOMMAND?LCD24064



SYMBOL TABLE OF MODULE:  .\Objects\project (MAIN)

  VALUE           TYPE          NAME
  ----------------------------------

  -------         MODULE        MAIN
  C:0000H         SYMBOL        _ICE_DUMMY_
  D:0090H         PUBLIC        P1
  D:00A0H         PUBLIC        P2
  D:00B0H         PUBLIC        P3
  D:00A8H         PUBLIC        IE
  B:00B0H.5       PUBLIC        FS
  D:00B8H         PUBLIC        IP
  C:1CB6H         PUBLIC        main
  D:003CH         PUBLIC        mode
  D:0098H         PUBLIC        SCON
  D:0088H         PUBLIC        TCON
  D:00C8H         PUBLIC        T2CON
  D:00D0H         PUBLIC        PSW
  -------         PROC          MAIN
  C:1CB6H         LINE#         6
BL51 BANKED LINKER/LOCATER V6.22.4.0                                                  09/12/2025  09:20:43  PAGE 4


  C:1CB6H         LINE#         7
  C:1CB6H         LINE#         29
  C:1CB6H         LINE#         30
  C:1CB6H         LINE#         31
  C:1CB8H         LINE#         32
  C:1CBBH         LINE#         33
  C:1CBEH         LINE#         34
  C:1CC5H         LINE#         35
  C:1CCCH         LINE#         36
  C:1CD3H         LINE#         37
  C:1CDAH         LINE#         38
  C:1CE1H         LINE#         39
  C:1CE8H         LINE#         40
  C:1CEFH         LINE#         41
  C:1CF6H         LINE#         42
  C:1CFDH         LINE#         43
  C:1D04H         LINE#         44
  C:1D0BH         LINE#         45
  C:1D12H         LINE#         46
  C:1D15H         LINE#         47
  C:1D18H         LINE#         48
  C:1D1FH         LINE#         49
  C:1D22H         LINE#         50
  C:1D25H         LINE#         75
  -------         ENDPROC       MAIN
  -------         ENDMOD        MAIN

  -------         MODULE        LCD24064
  C:0000H         SYMBOL        _ICE_DUMMY_
  D:0090H         PUBLIC        P1
  D:00A0H         PUBLIC        P2
  D:00B0H         PUBLIC        P3
  B:00B0H.4       PUBLIC        RESET
  B:00B0H.3       PUBLIC        CD
  C:213BH         PUBLIC        LcmClear
  B:00B0H.0       PUBLIC        _WR
  D:0023H         PUBLIC        start_x
  C:1E53H         PUBLIC        wordageEng
  D:0025H         PUBLIC        start_y
  C:21DBH         PUBLIC        _WriteData
  C:1D27H         PUBLIC        Display_FullCGROM_SpecifiedPositions
  D:00A8H         PUBLIC        IE
  D:00B8H         PUBLIC        IP
  C:1F09H         PUBLIC        _ReverseDisplayBMP
  B:0020H.0       PUBLIC        Log
  C:219EH         PUBLIC        ReadKey
  B:00A0H.0       PUBLIC        Key
  D:0027H         PUBLIC        count
  D:0029H         PUBLIC        start_code
  D:002BH         PUBLIC        group
  C:1BBEH         PUBLIC        DisplayPatterns
  C:1DF4H         PUBLIC        LcmInit
  D:0098H         PUBLIC        SCON
  D:0088H         PUBLIC        TCON
  C:1F62H         PUBLIC        _Display_8_16
  D:002CH         PUBLIC        start_x1
  C:1EB0H         PUBLIC        _DisplayBMP
BL51 BANKED LINKER/LOCATER V6.22.4.0                                                  09/12/2025  09:20:43  PAGE 5


  D:002DH         PUBLIC        start_y1
  C:21E5H         SYMBOL        _?ix1000
  C:208FH         PUBLIC        Display_FullCGROM
  C:204DH         PUBLIC        _Locatexy
  C:200EH         PUBLIC        _WriteCommand
  D:002EH         PUBLIC        count1
  D:002FH         PUBLIC        start_code1
  D:00C8H         PUBLIC        T2CON
  D:0030H         PUBLIC        i
  D:0031H         PUBLIC        j
  C:1D90H         PUBLIC        _Display_16_16
  C:21C1H         PUBLIC        CheckBusy_S2
  C:21CEH         PUBLIC        CheckBusy_S3
  C:21B4H         PUBLIC        CheckBusy_S0S1
  C:2187H         PUBLIC        _Delay
  C:20D0H         PUBLIC        _Display_Str
  B:00B0H.1       PUBLIC        _RD
  C:2106H         PUBLIC        _DisplayDots
  C:1C3FH         PUBLIC        HandleKey
  D:00D0H         PUBLIC        PSW
  C:1FBAH         PUBLIC        wordageCha
  -------         PROC          _LOCATEXY
  D:0017H         SYMBOL        xa
  D:0018H         SYMBOL        ya
  D:0003H         SYMBOL        mode
  -------         DO            
  D:0019H         SYMBOL        a
  -------         ENDDO         
  C:204DH         LINE#         8
  C:2051H         LINE#         9
  C:2056H         LINE#         10
  C:2059H         LINE#         11
  C:2059H         LINE#         12
  C:206BH         LINE#         13
  C:206FH         LINE#         14
  C:2071H         LINE#         17
  C:2071H         LINE#         18
  C:2083H         LINE#         19
  C:208EH         LINE#         20
  C:208EH         LINE#         22
  -------         ENDPROC       _LOCATEXY
  -------         PROC          CHECKBUSY_S0S1
  -------         DO            
  D:001FH         SYMBOL        b
  -------         ENDDO         
  C:21B4H         LINE#         28
  C:21B4H         LINE#         29
  C:21B4H         LINE#         31
  C:21B7H         LINE#         32
  C:21B9H         LINE#         33
  C:21BBH         LINE#         34
  C:21BEH         LINE#         35
  C:21C0H         LINE#         36
  C:21C0H         LINE#         37
  C:21C0H         LINE#         39
  -------         ENDPROC       CHECKBUSY_S0S1
  -------         PROC          CHECKBUSY_S2
BL51 BANKED LINKER/LOCATER V6.22.4.0                                                  09/12/2025  09:20:43  PAGE 6


  -------         DO            
  D:003DH         SYMBOL        b
  -------         ENDDO         
  C:21C1H         LINE#         45
  C:21C1H         LINE#         46
  C:21C1H         LINE#         48
  C:21C4H         LINE#         49
  C:21C6H         LINE#         50
  C:21C8H         LINE#         51
  C:21CBH         LINE#         52
  C:21CDH         LINE#         53
  C:21CDH         LINE#         54
  C:21CDH         LINE#         56
  -------         ENDPROC       CHECKBUSY_S2
  -------         PROC          CHECKBUSY_S3
  -------         DO            
  D:001FH         SYMBOL        b
  -------         ENDDO         
  C:21CEH         LINE#         63
  C:21CEH         LINE#         64
  C:21CEH         LINE#         66
  C:21D1H         LINE#         67
  C:21D3H         LINE#         68
  C:21D5H         LINE#         69
  C:21D8H         LINE#         70
  C:21DAH         LINE#         71
  C:21DAH         LINE#         72
  C:21DAH         LINE#         73
  -------         ENDPROC       CHECKBUSY_S3
  C:2007H         SYMBOL        L?0161
  -------         PROC          L?0160
  -------         ENDPROC       L?0160
  C:2007H         SYMBOL        L?0161
  -------         PROC          _WRITECOMMAND
  D:0007H         SYMBOL        dat1
  D:001CH         SYMBOL        dat2
  D:001DH         SYMBOL        command
  D:001EH         SYMBOL        parameters_num
  C:200EH         LINE#         84
  C:2012H         LINE#         85
  C:2012H         LINE#         86
  C:202CH         LINE#         87
  C:202FH         LINE#         88
  C:2032H         LINE#         89
  C:2032H         LINE#         90
  C:2037H         LINE#         91
  C:203AH         LINE#         92
  C:203FH         LINE#         93
  C:203FH         LINE#         95
  C:2042H         LINE#         96
  C:2044H         LINE#         97
  C:2047H         LINE#         98
  C:2049H         LINE#         99
  C:204AH         LINE#         100
  C:204CH         LINE#         102
  -------         ENDPROC       _WRITECOMMAND
  -------         PROC          _WRITEDATA
BL51 BANKED LINKER/LOCATER V6.22.4.0                                                  09/12/2025  09:20:43  PAGE 7


  D:0007H         SYMBOL        DataByte
  C:21DBH         LINE#         108
  C:21DBH         LINE#         109
  C:21DBH         LINE#         110
  C:21DDH         LINE#         111
  C:21DFH         LINE#         112
  C:21E1H         LINE#         113
  C:21E2H         LINE#         114
  C:21E4H         LINE#         115
  -------         ENDPROC       _WRITEDATA
  -------         PROC          LCMCLEAR
  -------         DO            
  D:0004H         SYMBOL        a
  -------         ENDDO         
  C:213BH         LINE#         117
  C:213BH         LINE#         118
  C:213BH         LINE#         119
  C:2142H         LINE#         120
  C:2145H         LINE#         121
  C:2148H         LINE#         122
  C:2148H         LINE#         123
  C:214DH         LINE#         124
  C:215AH         LINE#         125
  -------         ENDPROC       LCMCLEAR
  -------         PROC          _DISPLAY_STR
  D:0007H         SYMBOL        x
  D:0005H         SYMBOL        y
  D:0039H         SYMBOL        ascll
  C:20D0H         LINE#         128
  C:20D6H         LINE#         129
  C:20D6H         LINE#         130
  C:20DBH         LINE#         131
  C:20EAH         LINE#         132
  C:20EAH         LINE#         133
  C:20F8H         LINE#         134
  C:2103H         LINE#         135
  C:2105H         LINE#         136
  -------         ENDPROC       _DISPLAY_STR
  -------         PROC          _DISPLAY_16_16
  D:000AH         SYMBOL        x
  D:000BH         SYMBOL        y
  D:000CH         SYMBOL        Chinese_character
  D:000EH         SYMBOL        character_code
  -------         DO            
  D:000FH         SYMBOL        k
  D:0010H         SYMBOL        j
  D:0011H         SYMBOL        num
  -------         ENDDO         
  C:1D90H         LINE#         139
  C:1D98H         LINE#         140
  C:1D9DH         LINE#         141
  C:1DA8H         LINE#         142
  C:1DAFH         LINE#         143
  C:1DB2H         LINE#         144
  C:1DB5H         LINE#         145
  C:1DB5H         LINE#         146
  C:1DCEH         LINE#         147
BL51 BANKED LINKER/LOCATER V6.22.4.0                                                  09/12/2025  09:20:43  PAGE 8


  C:1DD6H         LINE#         148
  C:1DDFH         LINE#         149
  C:1DE1H         LINE#         150
  C:1DEAH         LINE#         151
  C:1DF3H         LINE#         153
  -------         ENDPROC       _DISPLAY_16_16
  -------         PROC          _DISPLAYDOTS
  D:0008H         SYMBOL        DotByte
  D:0009H         SYMBOL        DotByte1
  -------         DO            
  D:0005H         SYMBOL        k
  D:0006H         SYMBOL        j
  -------         ENDDO         
  C:2106H         LINE#         155
  C:210AH         LINE#         156
  C:210AH         LINE#         157
  C:2112H         LINE#         158
  C:2115H         LINE#         159
  C:2117H         LINE#         160
  C:2117H         LINE#         161
  C:2119H         LINE#         162
  C:2119H         LINE#         163
  C:211EH         LINE#         165
  C:2122H         LINE#         166
  C:2124H         LINE#         167
  C:2124H         LINE#         168
  C:2129H         LINE#         170
  C:212DH         LINE#         171
  C:2131H         LINE#         172
  -------         ENDPROC       _DISPLAYDOTS
  -------         PROC          _DISPLAYBMP
  D:0009H         SYMBOL        x
  D:000AH         SYMBOL        y
  D:000BH         SYMBOL        W
  D:000CH         SYMBOL        H
  D:000DH         SYMBOL        puts
  -------         DO            
  D:0006H         SYMBOL        k
  D:000FH         SYMBOL        j
  -------         ENDDO         
  C:1EB0H         LINE#         176
  C:1EB6H         LINE#         177
  C:1EB6H         LINE#         178
  C:1EBBH         LINE#         180
  C:1EC5H         LINE#         181
  C:1EC8H         LINE#         182
  C:1ED7H         LINE#         183
  C:1ED7H         LINE#         184
  C:1EECH         LINE#         186
  C:1EEFH         LINE#         187
  C:1EF9H         LINE#         188
  C:1EFBH         LINE#         189
  C:1F04H         LINE#         190
  C:1F08H         LINE#         191
  -------         ENDPROC       _DISPLAYBMP
  -------         PROC          _REVERSEDISPLAYBMP
  D:0032H         SYMBOL        x
BL51 BANKED LINKER/LOCATER V6.22.4.0                                                  09/12/2025  09:20:43  PAGE 9


  D:0033H         SYMBOL        y
  D:0034H         SYMBOL        W
  D:0035H         SYMBOL        H
  D:0036H         SYMBOL        puts
  -------         DO            
  D:0006H         SYMBOL        k
  D:0038H         SYMBOL        j
  -------         ENDDO         
  C:1F09H         LINE#         193
  C:1F0FH         LINE#         194
  C:1F0FH         LINE#         195
  C:1F14H         LINE#         197
  C:1F1EH         LINE#         198
  C:1F21H         LINE#         199
  C:1F30H         LINE#         200
  C:1F30H         LINE#         201
  C:1F3DH         LINE#         202
  C:1F45H         LINE#         203
  C:1F48H         LINE#         204
  C:1F52H         LINE#         205
  C:1F54H         LINE#         206
  C:1F5DH         LINE#         207
  C:1F61H         LINE#         208
  -------         ENDPROC       _REVERSEDISPLAYBMP
  -------         PROC          _DELAY
  D:0006H         SYMBOL        MS
  -------         DO            
  D:0004H         SYMBOL        us
  D:0005H         SYMBOL        usn
  -------         ENDDO         
  C:2187H         LINE#         211
  C:2187H         LINE#         212
  C:2187H         LINE#         214
  C:218BH         LINE#         215
  C:218BH         LINE#         216
  C:218DH         LINE#         217
  C:218DH         LINE#         218
  C:218DH         LINE#         219
  C:218FH         LINE#         220
  C:2191H         LINE#         221
  C:2193H         LINE#         222
  C:2193H         LINE#         223
  C:2198H         LINE#         224
  C:219AH         LINE#         225
  C:219DH         LINE#         226
  -------         ENDPROC       _DELAY
  -------         PROC          LCMINIT
  C:1DF4H         LINE#         231
  C:1DF4H         LINE#         232
  C:1DF4H         LINE#         233
  C:1DF6H         LINE#         234
  C:1DFDH         LINE#         235
  C:1DFFH         LINE#         236
  C:1E06H         LINE#         237
  C:1E11H         LINE#         238
  C:1E1DH         LINE#         239
  C:1E29H         LINE#         240
BL51 BANKED LINKER/LOCATER V6.22.4.0                                                  09/12/2025  09:20:43  PAGE 10


  C:1E35H         LINE#         241
  C:1E3FH         LINE#         242
  C:1E49H         LINE#         243
  -------         ENDPROC       LCMINIT
  -------         PROC          _DISPLAY_8_16
  D:0009H         SYMBOL        x
  D:000AH         SYMBOL        y
  D:000BH         SYMBOL        English_character
  D:000DH         SYMBOL        character_code
  -------         DO            
  D:000EH         SYMBOL        j
  D:000FH         SYMBOL        num
  -------         ENDDO         
  C:1F62H         LINE#         245
  C:1F6AH         LINE#         246
  C:1F6AH         LINE#         248
  C:1F6FH         LINE#         249
  C:1F7AH         LINE#         251
  C:1F81H         LINE#         253
  C:1F84H         LINE#         254
  C:1F84H         LINE#         255
  C:1F9DH         LINE#         256
  C:1FA5H         LINE#         257
  C:1FA7H         LINE#         258
  C:1FB0H         LINE#         259
  C:1FB9H         LINE#         260
  -------         ENDPROC       _DISPLAY_8_16
  -------         PROC          DISPLAY_FULLCGROM
  -------         DO            
  D:0008H         SYMBOL        x
  D:0009H         SYMBOL        y
  D:000AH         SYMBOL        charCode
  -------         ENDDO         
  C:208FH         LINE#         261
  C:208FH         LINE#         262
  C:208FH         LINE#         263
  C:2094H         LINE#         264
  C:2097H         LINE#         267
  C:209EH         LINE#         268
  C:209EH         LINE#         269
  C:20A7H         LINE#         272
  C:20B3H         LINE#         275
  C:20B5H         LINE#         276
  C:20B7H         LINE#         279
  C:20BEH         LINE#         280
  C:20BEH         LINE#         281
  C:20C1H         LINE#         282
  C:20C3H         LINE#         283
  C:20C3H         LINE#         286
  C:20CAH         LINE#         287
  C:20CAH         LINE#         288
  C:20CDH         LINE#         289
  C:20CDH         LINE#         290
  C:20CDH         LINE#         292
  C:20CDH         LINE#         294
  -------         ENDPROC       DISPLAY_FULLCGROM
  -------         PROC          DISPLAY_FULLCGROM_SPECIFIEDPOSITIONS
BL51 BANKED LINKER/LOCATER V6.22.4.0                                                  09/12/2025  09:20:43  PAGE 11


  -------         DO            
  D:000BH         SYMBOL        charCode
  D:000CH         SYMBOL        positions
  D:0014H         SYMBOL        num_positions
  -------         DO            
  D:0015H         SYMBOL        x
  D:0016H         SYMBOL        y
  -------         ENDDO         
  -------         ENDDO         
  C:1D27H         LINE#         298
  C:1D27H         LINE#         299
  C:1D27H         LINE#         300
  C:1D2AH         LINE#         302
  C:1D3DH         LINE#         308
  C:1D40H         LINE#         310
  C:1D4AH         LINE#         311
  C:1D4AH         LINE#         312
  C:1D54H         LINE#         313
  C:1D5EH         LINE#         315
  C:1D67H         LINE#         316
  C:1D6AH         LINE#         317
  C:1D6AH         LINE#         318
  C:1D76H         LINE#         319
  C:1D78H         LINE#         320
  C:1D7FH         LINE#         321
  C:1D7FH         LINE#         322
  C:1D82H         LINE#         323
  C:1D82H         LINE#         324
  C:1D8BH         LINE#         325
  C:1D8FH         LINE#         326
  -------         ENDPROC       DISPLAY_FULLCGROM_SPECIFIEDPOSITIONS
  -------         PROC          WORDAGEENG
  -------         DO            
  D:0008H         SYMBOL        i
  -------         ENDDO         
  C:1E53H         LINE#         331
  C:1E53H         LINE#         332
  C:1E53H         LINE#         336
  C:1E64H         LINE#         337
  C:1E67H         LINE#         338
  C:1E6EH         LINE#         340
  C:1E71H         LINE#         341
  C:1E71H         LINE#         342
  C:1E81H         LINE#         343
  C:1E81H         LINE#         344
  C:1EA2H         LINE#         345
  C:1EA6H         LINE#         346
  C:1EAFH         LINE#         347
  -------         ENDPROC       WORDAGEENG
  -------         PROC          WORDAGECHA
  -------         DO            
  D:0009H         SYMBOL        i
  -------         ENDDO         
  C:1FBAH         LINE#         354
  C:1FBAH         LINE#         355
  C:1FBAH         LINE#         357
  C:1FC1H         LINE#         358
BL51 BANKED LINKER/LOCATER V6.22.4.0                                                  09/12/2025  09:20:43  PAGE 12


  C:1FC4H         LINE#         359
  C:1FC4H         LINE#         360
  C:1FD4H         LINE#         361
  C:1FD4H         LINE#         362
  C:1FF9H         LINE#         363
  C:1FFDH         LINE#         364
  C:2006H         LINE#         365
  -------         ENDPROC       WORDAGECHA
  -------         PROC          READKEY
  C:219EH         LINE#         368
  C:219EH         LINE#         369
  C:219EH         LINE#         370
  C:21A1H         LINE#         371
  C:21A1H         LINE#         372
  C:21A8H         LINE#         373
  C:21ABH         LINE#         374
  C:21ABH         LINE#         375
  C:21AEH         LINE#         376
  C:21B1H         LINE#         377
  C:21B1H         LINE#         378
  C:21B1H         LINE#         379
  C:21B3H         LINE#         380
  -------         ENDPROC       READKEY
  -------         PROC          DISPLAYPATTERNS
  -------         DO            
  D:0021H         SYMBOL        step
  -------         ENDDO         
  C:1BBEH         LINE#         385
  C:1BBEH         LINE#         386
  C:1BBEH         LINE#         389
  C:1BEBH         LINE#         390
  C:1BEBH         LINE#         391
  C:1BEFH         LINE#         392
  C:1BF3H         LINE#         393
  C:1BF9H         LINE#         394
  C:1BFFH         LINE#         395
  C:1C05H         LINE#         396
  C:1C0BH         LINE#         397
  C:1C14H         LINE#         398
  C:1C19H         LINE#         399
  C:1C26H         LINE#         400
  C:1C26H         LINE#         401
  C:1C2EH         LINE#         402
  C:1C3EH         LINE#         403
  -------         ENDPROC       DISPLAYPATTERNS
  -------         PROC          HANDLEKEY
  -------         DO            
  D:003EH         SYMBOL        mode
  -------         ENDDO         
  C:1C3FH         LINE#         405
  C:1C3FH         LINE#         406
  C:1C3FH         LINE#         408
  C:1C41H         LINE#         409
  C:1C4AH         LINE#         410
  C:1C4DH         LINE#         411
  C:1C76H         LINE#         412
  C:1C76H         LINE#         413
BL51 BANKED LINKER/LOCATER V6.22.4.0                                                  09/12/2025  09:20:43  PAGE 13


  C:1C7AH         LINE#         414
  C:1C7EH         LINE#         415
  C:1C84H         LINE#         416
  C:1C8AH         LINE#         417
  C:1C90H         LINE#         418
  C:1C96H         LINE#         419
  C:1C9FH         LINE#         420
  C:1CA8H         LINE#         421
  C:1CB5H         LINE#         424
  C:1CB5H         LINE#         425
  -------         ENDPROC       HANDLEKEY
  -------         ENDMOD        LCD24064

  -------         MODULE        PICTURE
  C:0000H         SYMBOL        _ICE_DUMMY_
  C:03A3H         PUBLIC        BMP0
  C:0B23H         PUBLIC        BMP1
  C:12A3H         PUBLIC        BMP2
  C:0003H         PUBLIC        Chinese_character
  C:0143H         PUBLIC        English_character
  -------         ENDMOD        PICTURE

  -------         MODULE        ?C?COPY
  C:1AF3H         PUBLIC        ?C?COPY
  -------         ENDMOD        ?C?COPY

  -------         MODULE        ?C?CLDPTR
  C:1B19H         PUBLIC        ?C?CLDPTR
  -------         ENDMOD        ?C?CLDPTR

Program Size: data=63.1 xdata=0 code=8685
LINK/LOCATE RUN COMPLETE.  0 WARNING(S),  0 ERROR(S)
