C51 COMPILER V9.60.7.0   MAIN                                                              09/10/2025 15:34:18 PAGE 1   


C51 COMPILER V9.60.7.0, COMPILATION OF MODULE MAIN
OBJECT MODULE PLACED IN .\Objects\main.obj
COMPILER INVOKED BY: D:\KEIL_STM32\C51\BIN\C51.EXE main.c OPTIMIZE(8,SPEED) BROWSE DEBUG OBJECTEXTEND PRINT(.\Listings\m
                    -ain.lst) OBJECT(.\Objects\main.obj)

line level    source

   1          //LCM2402A??????????????????[C51????][MCS51??????]
   2          //????: LCM2002A?????????????
   3          //  ????????LCM2402A???????MCS51???????MCS51?????
   4          //???????
   5          //  ???????HD44780?????MCS51??????????,LCM2402A??????
   6          //????????????????,HD44780???????????????????,
   7          //??LCM2402A???????????????????.
   8          //  ???????,?20?ASCII??X2??????????"LCM2402A",
   9          //" WWW.YEHUIDISPLAY.COM ",????0..9????????,????,??????????,
  10          //???????1???LCD??.
  11          //-------------------------------------------------------------------------------
  12          //????: 2009.08.11
  13          //????: VW For Windows
  14          //????: AT89C52 MCU,MCS-51?? MCU,etc.
  15          //???: XIEJIANREN.
  16          //????: ??(0762-2898988),??(0762-2898818),??(WWW.YEHUIDISPLAY.COM)
  17          //????: ??????????????,???????.
  18          //????: http:/www.yehuidisplay.com/lcm/product/1/LCM2402A.pdf
  19          //-------------------------------------------------------------------------------
  20          #include <reg51.h>
  21          #include <intrins.h>
  22          //????????????
  23          void exsample(void);                    //????
  24          void exdelay(void);                     //???????
  25          void charfill(unsigned char c);         //????A???ASCII?????
  26          void putstrxy(unsigned char cx,unsigned char cy,unsigned char code *s);
  27                                                  //?(cx,cy)???????????
  28          void putstr(unsigned char code *s);     //?????????
  29          void putchar(unsigned char c);          //?(CXPOS,CYPOS)??????????
  30          unsigned char getchar(void);            //?(CXPOS,CYPOS)??????????
  31          void charlcdpos(void);                  //??(CXPOS,CYPOS)?????DDRAM??
  32          void charcursornext(void);              //????????????????
  33          void lcdreset(void);                    //SMC2002???????????????
  34          void delay3ms(void);                    //??3MS???
  35          void lcdwc(unsigned char c);            //???????????????
  36          void lcdwd(unsigned char d);            //???????????????
  37          unsigned char lcdrd(void);              //??????
  38          void lcdwaitidle(void);                 //??????
  39          void exdelay1(unsigned int ms);   // 传入延时时间，单位：毫秒
  40          //-------------------------------------------------------------------------------
  41          //SMC2002A???????????
  42          //PIN1: VSS  [???]-------------------VSS
  43          //PIN2: VDD  [????]-----------------VDD
  44          //PIN3: Vo   [LCD ????]-------------?10K??????VSS,0?????
  45          //PIN4: RS   [??/???????]------P3.0
  46          //PIN5: RW   [????????]---------P3.1
  47          //PIN6: E    [??????]-------------P3.2
  48          //PIN7: D0   [Data I/O]-----------------P1.0
  49          //PIN8: D1   [Data I/O]-----------------P1.1
  50          //PIN9: D2   [Data I/O]-----------------P1.2
  51          //PIN10:D3   [Data I/O]-----------------P1.3
  52          //PIN11:D4   [Data I/O]-----------------P1.4
  53          //PIN12:D5   [Data I/O]-----------------P1.5
  54          //PIN13:D6   [Data I/O]-----------------P1.6
C51 COMPILER V9.60.7.0   MAIN                                                              09/10/2025 15:34:18 PAGE 2   

  55          //PIN14:D7   [Data I/O]-----------------P1.7
  56          //PIN15:BLA  [?????]---------------?10????+5V.
  57          //PIN16:BLK  [?????]---------------VSS
  58          //???http:/www.yehuidisplay.com/lcm/product/1/LCM2402A.pdf
  59          //?????http://www.yehuidisplay.com/lcm/reference/HD44780_CHARACTER_TABLE.pdf
  60          //-------------------------------------------------------------------------------
  61          //???????????????????
  62          //??????????,????????????????
  63          sbit RSPIN   = P3^0;                    //RS???????
  64          sbit RWPIN   = P3^1;                    //RW???????
  65          sbit EPIN    = P3^2;                    //E???????
  66          //-------------------------------------------------------------------------------
  67          //??CXPOS,CYPOS???????????????????
  68          unsigned char data CXPOS;               //???????(??CHARLCDPOS???)
  69          unsigned char data CYPOS;               //???????(??CHARLCDPOS???)
  70          //-------------------------------------------------------------------------------
  71          void main(void)                         //???
  72          {
  73   1        while(1)
  74   1        {
  75   2          exsample();                         //??????
  76   2        }
  77   1      }
  78          void exsample(void)                     //????
  79          {   unsigned char i;
  80   1      //0.??????,LCD??????????,???????
  81   1          lcdreset();                         //??????????
  82   1          charfill(' ');                      //????
  83   1      
  84   1      //1.?????: ?(8,0)??????"LCM2402A"
  85   1          putstrxy(8,0,"LCM2402A");           //?(8,0)?????????
  86   1          exdelay1(1000);  // 延时1秒                          //???300mS
  87   1          exdelay1(1000);  // 延时1秒                          //???300mS
  88   1      
  89   1      //2.?????: ?(2,1)??????"WWW.ORIENTAL-LCD.COM"
  90   1          putstrxy(2,1,"Made in China");      //?(2,1)?????????
  91   1          exdelay1(1000);  // 延时1秒                          //???300mS
  92   1          exdelay1(1000);  // 延时1秒                          //???300mS
  93   1      
  94   1      //3.??????: ????0..9 ????
  95   1          for(i='0';i<'9'+1;i++)
  96   1          {   charfill(i);                    //?????i??
  97   2              exdelay1(1000);  // 延时1秒                      //???300mS
  98   2          }
  99   1          charfill(' ');                      //????
 100   1          exdelay1(1000);  // 延时1秒                          //???300mS
 101   1      
 102   1      //4.????: ????A..Z ??
 103   1          for(i='A';i<'Z'+1;i++)              //????A..Z??
 104   1          {   putchar(i);                     //???????i??
 105   2              charcursornext();               //?????????????
 106   2              exdelay1(1000);  // 延时1秒                      //???300mS
 107   2          }
 108   1      
 109   1      //5.????: ???????1???LCD??.
 110   1          for(CXPOS=0,CYPOS=0,i=0;i<32;i++)   //????(0,0)
 111   1          {   putchar(getchar()+1);          //?????????1???LCD??
 112   2              charcursornext();               //?????????????
 113   2              exdelay1(1000);  // 延时1秒                      //???300mS
 114   2          }
 115   1      }
 116          
C51 COMPILER V9.60.7.0   MAIN                                                              09/10/2025 15:34:18 PAGE 3   

 117          void exdelay1(unsigned int ms)   // 传入延时时间，单位：毫秒
 118          {
 119   1          unsigned int x, y, z;
 120   1          while(ms--)   // 每次循环延时 1ms
 121   1          {
 122   2              for(x = 0; x < 1; x++)
 123   2                  for(y = 0; y < 64; y++)
 124   2                      for(z = 0; z < 51; z++);
 125   2          }
 126   1      }
 127          
 128          //-------------------------------------------------------------------------------
 129          //??charfill,putstr,putchar,getchar?HD44780??????????????????
 130          //-------------------------------------------------------------------------------
 131          //?????:void charfill(unsigned char c).
 132          //??:????A???ASCII??.
 133          //????:2019.06.19
 134          //???:???
 135          //-------------------------------------------------------------------------------
 136          void charfill(unsigned char c)          //????A???ASCII?????
 137          {   for(CXPOS=CYPOS=0;1;)
 138   1          {   putchar(c);                     //?????
 139   2              charcursornext();               //?????????????
 140   2              if((CXPOS==0) && (CYPOS==0)) break;
 141   2          }
 142   1      }
 143          //-------------------------------------------------------------------------------
 144          //?????:void putstrxy(unsigned char cx,unsigned char cy,unsigned char *s).
 145          //??:?(cx,cy)????????.
 146          //????:2019.06.19
 147          //???:???
 148          //-------------------------------------------------------------------------------
 149          void putstrxy(unsigned char cx,unsigned char cy,unsigned char code *s)
 150          {                                       //?(cx,cy)???????????
 151   1          CXPOS=cx;                           //???X???cx
 152   1          CYPOS=cy;                           //???Y???cy
 153   1          for(;*s!=0;s++)                     //?????????,??
 154   1          {   putchar(*s);                    //?1???
 155   2              charcursornext();               //?????????
 156   2          }
 157   1      }
 158          //-------------------------------------------------------------------------------
 159          //?????:void putstr(unsigned char *s).
 160          //??:?(CXPOS,CYPOS)????????.
 161          //????:2019.06.19
 162          //???:???
 163          //-------------------------------------------------------------------------------
 164          void putstr(unsigned char code *s)      //?????????
 165          {   for(;*s!=0;s++)                     //?????????,??
 166   1          {   putchar(*s);                    //?1???
 167   2              charcursornext();               //?????????
 168   2          }
 169   1      }
 170          //-------------------------------------------------------------------------------
 171          //?????:void putchar(unsigned char c).
 172          //??:?(CXPOS,CYPOS)???????.
 173          //????:2019.06.19
 174          //???:???
 175          //-------------------------------------------------------------------------------
 176          void putchar(unsigned char c)           //?(CXPOS,CYPOS)??????????
 177          {
 178   1          charlcdpos();                       //??(CXPOS,CYPOS)?????DDRAM??
C51 COMPILER V9.60.7.0   MAIN                                                              09/10/2025 15:34:18 PAGE 4   

 179   1          lcdwd(c);                           //???
 180   1      }
 181          //-------------------------------------------------------------------------------
 182          //?????:unsigned char getchar(void).
 183          //??:?(CXPOS,CYPOS)???????.
 184          //????:2019.06.19
 185          //???:???
 186          //-------------------------------------------------------------------------------
 187          unsigned char getchar(void)             //?(CXPOS,CYPOS)??????????
 188          {
 189   1          charlcdpos();                       //??(CXPOS,CYPOS)?????DDRAM??
 190   1          return lcdrd();                     //???
 191   1      }
 192          //-------------------------------------------------------------------------------
 193          //??charlcdpos,charcursornext,lcdreset?HD44780?????????????
 194          //20??X2??LCM2002????????????????????.
 195          //-------------------------------------------------------------------------------
 196          //?????:void charlcdpos(void).
 197          //??:??(CXPOS,CYPOS)?????DDRAM??.
 198          //????:2019.06.19
 199          //???:???
 200          //-------------------------------------------------------------------------------
 201          void charlcdpos(void)                   //??(CXPOS,CYPOS)?????DDRAM??
 202          {
 203   1          if(CXPOS>=24) CXPOS=0;              //X????(0?23)
 204   1          CYPOS&=0X01;                        //Y????(0?1)
 205   1          if(CYPOS==0)                        //(???)X: ?0----23???
 206   1              lcdwc(CXPOS|0x80);              //    DDRAM:   0----13H
 207   1          else                                //(???)X: ?0----23???
 208   1              lcdwc(CXPOS|0xC0);              //    DDRAM:  40----53H
 209   1      }
 210          //-------------------------------------------------------------------------------
 211          //?????:void charcursornext(void).
 212          //??:?????????????.
 213          //????:2019.06.19
 214          //???:???
 215          //-------------------------------------------------------------------------------
 216          void charcursornext(void)               //????????????????
 217          {
 218   1          CXPOS++;                            //?????1
 219   1          if(CXPOS>23)                        //????CXPOS>23?????
 220   1          {   CXPOS=0;                        //????????
 221   2              CYPOS++;                        //????1
 222   2              CYPOS&=0X1;                     //????CYPOS??????(0?1)
 223   2          }
 224   1      }
 225          //-------------------------------------------------------------------------------
 226          //?????:void lcdreset(void).
 227          //??:??????????.
 228          //????:2019.06.19
 229          //???:???
 230          //-------------------------------------------------------------------------------
 231          void lcdreset(void)                     //LCM2402???????????????
 232          {                                       //2402???????0x38
 233   1          lcdwc(0x38);                        //?????????
 234   1          delay3ms();                         //??3MS
 235   1          lcdwc(0x38);                        //?????????
 236   1          delay3ms();                         //??3MS
 237   1          lcdwc(0x38);                        //?????????
 238   1          delay3ms();                         //??3MS
 239   1          lcdwc(0x38);                        //?????????
 240   1          delay3ms();                         //??3MS
C51 COMPILER V9.60.7.0   MAIN                                                              09/10/2025 15:34:18 PAGE 5   

 241   1          lcdwc(0x08);                        //????
 242   1          lcdwc(0x01);                        //??
 243   1          delay3ms();                         //??3MS
 244   1          lcdwc(0x06);                        //????????
 245   1          lcdwc(0x0C);                        //????????
 246   1      }
 247          void delay3ms(void)                     //??3MS???
 248          { unsigned char i,j,k;
 249   1        for(i=0;i<3;i++)
 250   1          for(j=0;j<64;j++)
 251   1            for(k=0;k<51;k++);
 252   1      }
 253          //-------------------------------------------------------------------------------
 254          //??lcdwc,lcdwd,lcdrd?HD44780?????MCS51????????????,
 255          //lcdwaitidle??????.
 256          //-------------------------------------------------------------------------------
 257          //?????:void lcdwc(unsigned char c).
 258          //??:????????????.
 259          //????:2019.06.19
 260          //???:???
 261          //-------------------------------------------------------------------------------
 262          void lcdwc(unsigned char c)             //???????????????
 263          {
 264   1          lcdwaitidle();                       //HD44780??????????
 265   1          RSPIN=0;                             //RS=0 RW=0 E=???
 266   1          RWPIN=0;
 267   1          P1=c;
 268   1          EPIN=1;
 269   1          _nop_();
 270   1          EPIN=0;
 271   1      }
 272          //-------------------------------------------------------------------------------
 273          //?????:void lcdwd(unsigned char d).
 274          //??:???????????.
 275          //????:2019.06.19
 276          //???:???
 277          //-------------------------------------------------------------------------------
 278          void lcdwd(unsigned char d)             //???????????????
 279          {
 280   1          lcdwaitidle();                       //HD44780??????????
 281   1          RSPIN=1;                             //RS=1 RW=0 E=???
 282   1          RWPIN=0;
 283   1          P1=d;
 284   1          EPIN=1;
 285   1          _nop_();
 286   1          EPIN=0;
 287   1      }
 288          //-------------------------------------------------------------------------------
 289          //?????:unsigned char lcdrd(void).
 290          //??:???????????.
 291          //????:2009.08.12
 292          //???:chujianjun@sunman.cn,tanchao@sunman.cn
 293          //-------------------------------------------------------------------------------
 294          unsigned char lcdrd(void)               //??????
 295          {   unsigned char d;
 296   1          lcdwaitidle();                       //HD44780??????????
 297   1          P1=0xff;
 298   1          RSPIN=1;                             //RS=1 RW=1 E=???
 299   1          RWPIN=1;
 300   1          EPIN=1;
 301   1          _nop_();
 302   1          d=P1;
C51 COMPILER V9.60.7.0   MAIN                                                              09/10/2025 15:34:18 PAGE 6   

 303   1          EPIN=0;
 304   1          return d;
 305   1      }
 306          //-------------------------------------------------------------------------------
 307          //?????:void lcdwaitidle(void).
 308          //??:???.
 309          //????:2009.08.12
 310          //???:chujianjun@sunman.cn,tanchao@sunman.cn
 311          //-------------------------------------------------------------------------------
 312          void lcdwaitidle(void)                  //??????
 313          {   unsigned char i;
 314   1          P1=0xff;
 315   1          RSPIN=0;                            //RS=0 RW=1 E=???
 316   1          RWPIN=1;
 317   1          EPIN=1;
 318   1          for(i=0;i<20;i++)
 319   1              if((P1&0x80) == 0) break;       //D7=0 ??LCD?????,?????
 320   1          EPIN=0;
 321   1      }


MODULE INFORMATION:   STATIC OVERLAYABLE
   CODE SIZE        =    499    ----
   CONSTANT SIZE    =     23    ----
   XDATA SIZE       =   ----    ----
   PDATA SIZE       =   ----    ----
   DATA SIZE        =      2       9
   IDATA SIZE       =   ----    ----
   BIT SIZE         =   ----    ----
END OF MODULE INFORMATION.


C51 COMPILATION COMPLETE.  0 WARNING(S),  0 ERROR(S)
