C51 COMPILER V9.60.7.0   MAIN                                                              04/22/2025 09:07:27 PAGE 1   


C51 COMPILER V9.60.7.0, COMPILATION OF MODULE MAIN
OBJECT MODULE PLACED IN .\Objects\main.obj
COMPILER INVOKED BY: D:\KEIL_STM32\C51\BIN\C51.EXE main.c OPTIMIZE(8,SPEED) BROWSE DEBUG OBJECTEXTEND PRINT(.\Listings\m
                    -ain.lst) OBJECT(.\Objects\main.obj)

line level    source

   1          //SMC0802B??????????????????[C51????][MCS51??????]
   2          //????: SMC0802B?????????????
   3          //  ????????SMC0802B???????MCS51???????MCS51?????
   4          //???????
   5          //  ???????HD44780?????MCS51??????????,SMC0802??????
   6          //????????????????,HD44780???????????????????,
   7          //??SMC0802???????????????????.
   8          //  ???????,?8?ASCII??X2??????????"SMC0802B","SUNMAN",???
   9          //?0..9????????,????,??????????,;???????1???LCD
  10          //??.
  11          //-------------------------------------------------------------------------------
  12          //????: 2009.08.13
  13          //????: VW For Windows
  14          //????: AT89C52 MCU,MCS-51?? MCU,etc.
  15          //???: ???(chujianjun@sunman.cn),??(tanchao@sunman.cn).
  16          //????: ??(0731-84167806,84167807),??(0731-84167807),??(www.sunman.cn)
  17          //????: ???????????????,???????.
  18          //????: http:/www.sunman.cn/lcm/product/SMC0802B.html
  19          //-------------------------------------------------------------------------------
  20          #include <reg51.h>
  21          #include <intrins.h>
  22          //????????????
  23          void exsample(void);                    //????
  24          void exdelay(void);                     //???????
  25          void charfill(unsigned char c);         //????A???ASCII?????
  26          void putstrxy(unsigned char cx,unsigned char cy,unsigned char code *s);
  27                                                  //?(cx,cy)???????????
  28          void putstr(unsigned char code *s);     //?????????
  29          void putchar(unsigned char c);          //?(CXPOS,CYPOS)??????????
  30          unsigned char getchar(void);            //?(CXPOS,CYPOS)??????????
  31          void charlcdpos(void);                  //??(CXPOS,CYPOS)?????DDRAM??
  32          void charcursornext(void);              //????????????????
  33          void lcdreset(void);                    //SMC0802???????????????
  34          void delay3ms(void);                    //??3MS???
  35          void lcdwc(unsigned char c);            //???????????????
  36          void lcdwd(unsigned char d);            //???????????????
  37          unsigned char lcdrd(void);              //??????
  38          void lcdwaitidle(void);                 //??????
  39          //-------------------------------------------------------------------------------
  40          //SMC0802B???????????
  41          //PIN1: VSS  [???]-------------------VSS
  42          //PIN2: VDD  [????]-----------------VDD
  43          //PIN3: Vo   [LCD ????]-------------?10K??????VSS,0?????
  44          //PIN4: RS   [??/???????]------P3.0
  45          //PIN5: RW   [????????]---------P3.1
  46          //PIN6: E    [??????]-------------P3.2
  47          //PIN7: D0   [Data I/O]-----------------P1.0
  48          //PIN8: D1   [Data I/O]-----------------P1.1
  49          //PIN9: D2   [Data I/O]-----------------P1.2
  50          //PIN10:D3   [Data I/O]-----------------P1.3
  51          //PIN11:D4   [Data I/O]-----------------P1.4
  52          //PIN12:D5   [Data I/O]-----------------P1.5
  53          //PIN13:D6   [Data I/O]-----------------P1.6
  54          //PIN14:D7   [Data I/O]-----------------P1.7
C51 COMPILER V9.60.7.0   MAIN                                                              04/22/2025 09:07:27 PAGE 2   

  55          //PIN15:BLA  [?????]---------------?10????+5V.
  56          //PIN16:BLK  [?????]---------------VSS
  57          //???http://download.sunman.cn/lcm/product/1/SMC0802B.pdf
  58          //?????http://download.sunman.cn/lcm/reference/HD44780_CHARACTER_TABLE.pdf
  59          //-------------------------------------------------------------------------------
  60          //???????????????????
  61          //??????????,????????????????
  62          sbit RSPIN   = P3^0;                    //RS???????
  63          sbit RWPIN   = P3^1;                    //RW???????
  64          sbit EPIN    = P3^2;                    //E???????
  65          //-------------------------------------------------------------------------------
  66          //??CXPOS,CYPOS???????????????????
  67          unsigned char data CXPOS;               //???????(??CHARLCDPOS???)
  68          unsigned char data CYPOS;               //???????(??CHARLCDPOS???)
  69          //-------------------------------------------------------------------------------
  70          void main(void)                         //???
  71          {
  72   1        while(1)
  73   1        {
  74   2          exsample();                         //??????
  75   2        }
  76   1      }
  77          void exsample(void)                     //????
  78          {   unsigned char i;
  79   1      //0.??????,LCD??????????,???????
  80   1          lcdreset();                         //??????????
  81   1          charfill(' ');                      //????
  82   1      
  83   1      //1.?????: ?(0,0)??????"LCM0802B"
  84   1          putstrxy(0,0,"LCM0802B");           //?(0,0)?????????
  85   1          exdelay();                          //???300mS
  86   1          exdelay();                          //???300mS
  87   1      
  88   1      //2.?????: ?(1,1)??????"Oriental"
  89   1      //    putstrxy(0,1,"Oriental");             //?(0,1)?????????
  90   1      //    exdelay();                          //???300mS
  91   1      //    exdelay();                          //???300mS
  92   1      
  93   1      //3.??????: ????0..9 ????
  94   1          for(i='0';i<'9'+1;i++)
  95   1          {   charfill(i);                    //?????i??
  96   2              exdelay();                      //???300mS
  97   2          }
  98   1          charfill(' ');                      //????
  99   1          exdelay();                          //???300mS
 100   1      
 101   1      //4.????: ????A..P ??
 102   1          for(i='A';i<'P'+1;i++)              //????A..P??
 103   1          {   putchar(i);                     //???????i??
 104   2              charcursornext();               //?????????????
 105   2              exdelay();                      //???300mS
 106   2          }
 107   1      
 108   1      //5.????: ???????1???LCD??.
 109   1          for(CXPOS=0,CYPOS=0,i=0;i<16;i++)   //????(0,0)
 110   1          {   putchar(getchar()+1);           //?????????1???LCD??
 111   2              charcursornext();               //?????????????
 112   2              exdelay();                      //???300mS
 113   2          }
 114   1      }
 115          void exdelay(void)                      //???????
 116          { unsigned char i,j,k;                  //???300mS
C51 COMPILER V9.60.7.0   MAIN                                                              04/22/2025 09:07:27 PAGE 3   

 117   1        for(i=0;i<30;i++)
 118   1          for(j=0;j<64;j++)
 119   1            for(k=0;k<51;k++);
 120   1      }
 121          //-------------------------------------------------------------------------------
 122          //??charfill,putstr,putchar,getchar?HD44780??????????????????
 123          //-------------------------------------------------------------------------------
 124          //?????:void charfill(unsigned char c).
 125          //??:????A???ASCII??.
 126          //????:2009.08.11
 127          //???:chujianjun@sunman.cn,tanchao@sunman.cn
 128          //-------------------------------------------------------------------------------
 129          void charfill(unsigned char c)          //????A???ASCII?????
 130          {   for(CXPOS=CYPOS=0;1;)
 131   1          {   putchar(c);                     //?????
 132   2              charcursornext();               //?????????????
 133   2              if((CXPOS==0) && (CYPOS==0)) break;
 134   2          }
 135   1      }
 136          //-------------------------------------------------------------------------------
 137          //?????:void putstrxy(unsigned char cx,unsigned char cy,unsigned char *s).
 138          //??:?(cx,cy)????????.
 139          //????:2009.08.11
 140          //???:chujianjun@sunman.cn,tanchao@sunman.cn
 141          //-------------------------------------------------------------------------------
 142          void putstrxy(unsigned char cx,unsigned char cy,unsigned char code *s)
 143          {                                       //?(cx,cy)???????????
 144   1          CXPOS=cx;                           //???X???cx
 145   1          CYPOS=cy;                           //???Y???cy
 146   1          for(;*s!=0;s++)                     //?????????,??
 147   1          {   putchar(*s);                    //?1???
 148   2              charcursornext();               //?????????
 149   2          }
 150   1      }
 151          //-------------------------------------------------------------------------------
 152          //?????:void putstr(unsigned char *s).
 153          //??:?(CXPOS,CYPOS)????????.
 154          //????:2009.08.11
 155          //???:chujianjun@sunman.cn,tanchao@sunman.cn
 156          //-------------------------------------------------------------------------------
 157          void putstr(unsigned char code *s)      //?????????
 158          {   for(;*s!=0;s++)                     //?????????,??
 159   1          {   putchar(*s);                    //?1???
 160   2              charcursornext();               //?????????
 161   2          }
 162   1      }
 163          //-------------------------------------------------------------------------------
 164          //?????:void putchar(unsigned char c).
 165          //??:?(CXPOS,CYPOS)???????.
 166          //????:2009.08.11
 167          //???:chujianjun@sunman.cn,tanchao@sunman.cn
 168          //-------------------------------------------------------------------------------
 169          void putchar(unsigned char c)           //?(CXPOS,CYPOS)??????????
 170          {
 171   1          charlcdpos();                       //??(CXPOS,CYPOS)?????DDRAM??
 172   1          lcdwd(c);                           //???
 173   1      }
 174          //-------------------------------------------------------------------------------
 175          //?????:unsigned char getchar(void).
 176          //??:?(CXPOS,CYPOS)???????.
 177          //????:2009.08.12
 178          //???:chujianjun@sunman.cn,tanchao@sunman.cn
C51 COMPILER V9.60.7.0   MAIN                                                              04/22/2025 09:07:27 PAGE 4   

 179          //-------------------------------------------------------------------------------
 180          unsigned char getchar(void)             //?(CXPOS,CYPOS)??????????
 181          {
 182   1          charlcdpos();                       //??(CXPOS,CYPOS)?????DDRAM??
 183   1          return lcdrd();                     //???
 184   1      }
 185          //-------------------------------------------------------------------------------
 186          //??charlcdpos,charcursornext,lcdreset?HD44780?????????????
 187          //8??X2??SMC0802????????????????????.
 188          //-------------------------------------------------------------------------------
 189          //?????:void charlcdpos(void).
 190          //??:??(CXPOS,CYPOS)?????DDRAM??.
 191          //????:2009.08.13
 192          //???:chujianjun@sunman.cn,tanchao@sunman.cn
 193          //-------------------------------------------------------------------------------
 194          void charlcdpos(void)                   //??(CXPOS,CYPOS)?????DDRAM??
 195          {
 196   1          CXPOS&=0X07;                        //X????(0?7)
 197   1          CYPOS&=0X01;                        //Y????(0?1)
 198   1          if(CYPOS==0)                        //(???)X: ?0----7???
 199   1              lcdwc(CXPOS|0x80);              //    DDRAM:   0----07H
 200   1          else                                //(???)X: ?0----7???
 201   1              lcdwc(CXPOS|0xC0);              //    DDRAM:  40----47H
 202   1      }
 203          //-------------------------------------------------------------------------------
 204          //?????:void charcursornext(void).
 205          //??:?????????????.
 206          //????:2009.08.13
 207          //???:chujianjun@sunman.cn,tanchao@sunman.cn
 208          //-------------------------------------------------------------------------------
 209          void charcursornext(void)               //????????????????
 210          {
 211   1          CXPOS++;                            //?????1
 212   1          if(CXPOS>7)                        //????CXPOS>7?????
 213   1          {   CXPOS=0;                        //????????
 214   2              CYPOS++;                        //????1
 215   2              CYPOS&=0X1;                     //????CYPOS??????(0?1)
 216   2          }
 217   1      }
 218          //-------------------------------------------------------------------------------
 219          //?????:void lcdreset(void).
 220          //??:??????????.
 221          //????:2009.08.11
 222          //???:chujianjun@sunman.cn,tanchao@sunman.cn
 223          //-------------------------------------------------------------------------------
 224          void lcdreset(void)                     //SMC0802???????????????
 225          {                                       //0802???????0x38
 226   1          lcdwc(0x38);                        //?????????
 227   1          delay3ms();                         //??3MS
 228   1          lcdwc(0x38);                        //?????????
 229   1          delay3ms();                         //??3MS
 230   1          lcdwc(0x38);                        //?????????
 231   1          delay3ms();                         //??3MS
 232   1          lcdwc(0x38);                        //?????????
 233   1          delay3ms();                         //??3MS
 234   1          lcdwc(0x08);                        //????
 235   1          lcdwc(0x01);                        //??
 236   1          delay3ms();                         //??3MS
 237   1          lcdwc(0x06);                        //????????
 238   1          lcdwc(0x0C);                        //????????
 239   1      }
 240          void delay3ms(void)                     //??3MS???
C51 COMPILER V9.60.7.0   MAIN                                                              04/22/2025 09:07:27 PAGE 5   

 241          { unsigned char i,j,k;
 242   1        for(i=0;i<3;i++)
 243   1          for(j=0;j<64;j++)
 244   1            for(k=0;k<51;k++);
 245   1      }
 246          //-------------------------------------------------------------------------------
 247          //??lcdwc,lcdwd,lcdrd?HD44780?????MCS51????????????,
 248          //lcdwaitidle??????.
 249          //-------------------------------------------------------------------------------
 250          //?????:void lcdwc(unsigned char c).
 251          //??:????????????.
 252          //????:2009.08.08
 253          //???:chujianjun@sunman.cn,tanchao@sunman.cn
 254          //-------------------------------------------------------------------------------
 255          void lcdwc(unsigned char c)             //???????????????
 256          {
 257   1          lcdwaitidle();                       //HD44780??????????
 258   1          RSPIN=0;                             //RS=0 RW=0 E=???
 259   1          RWPIN=0;
 260   1          P1=c;
 261   1          EPIN=1;
 262   1          _nop_();
 263   1          EPIN=0;
 264   1      }
 265          //-------------------------------------------------------------------------------
 266          //?????:void lcdwd(unsigned char d).
 267          //??:???????????.
 268          //????:2009.08.12
 269          //???:chujianjun@sunman.cn,tanchao@sunman.cn
 270          //-------------------------------------------------------------------------------
 271          void lcdwd(unsigned char d)             //???????????????
 272          {
 273   1          lcdwaitidle();                       //HD44780??????????
 274   1          RSPIN=1;                             //RS=1 RW=0 E=???
 275   1          RWPIN=0;
 276   1          P1=d;
 277   1          EPIN=1;
 278   1          _nop_();
 279   1          EPIN=0;
 280   1      }
 281          //-------------------------------------------------------------------------------
 282          //?????:unsigned char lcdrd(void).
 283          //??:???????????.
 284          //????:2009.08.12
 285          //???:chujianjun@sunman.cn,tanchao@sunman.cn
 286          //-------------------------------------------------------------------------------
 287          unsigned char lcdrd(void)               //??????
 288          {   unsigned char d;
 289   1          lcdwaitidle();                       //HD44780??????????
 290   1          P1=0xff;
 291   1          RSPIN=1;                             //RS=1 RW=1 E=???
 292   1          RWPIN=1;
 293   1          EPIN=1;
 294   1          _nop_();
 295   1          d=P1;
 296   1          EPIN=0;
 297   1          return d;
 298   1      }
 299          //-------------------------------------------------------------------------------
 300          //?????:void lcdwaitidle(void).
 301          //??:???.
 302          //????:2009.08.12
C51 COMPILER V9.60.7.0   MAIN                                                              04/22/2025 09:07:27 PAGE 6   

 303          //???:chujianjun@sunman.cn,tanchao@sunman.cn
 304          //-------------------------------------------------------------------------------
 305          void lcdwaitidle(void)                  //??????
 306          {   unsigned char i;
 307   1          P1=0xff;
 308   1          RSPIN=0;                            //RS=0 RW=1 E=???
 309   1          RWPIN=1;
 310   1          EPIN=1;
 311   1          for(i=0;i<20;i++)
 312   1              if((P1&0x80) == 0) break;       //D7=0 ??LCD?????,?????
 313   1          EPIN=0;
 314   1      }


MODULE INFORMATION:   STATIC OVERLAYABLE
   CODE SIZE        =    433    ----
   CONSTANT SIZE    =      9    ----
   XDATA SIZE       =   ----    ----
   PDATA SIZE       =   ----    ----
   DATA SIZE        =      2       9
   IDATA SIZE       =   ----    ----
   BIT SIZE         =   ----    ----
END OF MODULE INFORMATION.


C51 COMPILATION COMPLETE.  0 WARNING(S),  0 ERROR(S)
