C51 COMPILER V9.60.7.0   MAIN                                                              09/14/2025 22:22:26 PAGE 1   


C51 COMPILER V9.60.7.0, COMPILATION OF MODULE MAIN
OBJECT MODULE PLACED IN .\Objects\main.obj
COMPILER INVOKED BY: D:\KEIL_STM32\C51\BIN\C51.EXE main.c OPTIMIZE(8,SPEED) BROWSE DEBUG OBJECTEXTEND PRINT(.\Listings\m
                    -ain.lst) OBJECT(.\Objects\main.obj)

line level    source

   1          //LCM12232D标准字符点阵型液晶显示模块的演示程序[C51编程语言][MCS51并行接口方式]
   2          //应用产品: LCM12232D标准中文字符点阵型液晶显示模块
   3          //  本演示程序适用于LCM12232D液晶显示模块与MCS51系列单片机采用MCS51并行接口
   4          //方式的硬件连线方式。
   5          //  本演示程序包括ST7920兼容芯片的MCS51并行接口方式子程序集,LCM12232系列标准中文
   6          //字符点阵型液晶显示模块的接口子程序集,ST7920兼容芯片的液晶显示控制器的通用子程序
   7          //集,以及LCM12232系列标准中文字符点阵型液晶显示的演示子程序.
   8          //  本演示的内容为,在20列ASCII字符(10列中文)X2行的液晶显示屏上显示" LCM12232D ",
   9          //"中文字符图形点阵","液晶显示模块","东方电子ORIENTAL",所有数字0..9依次全屏显示
  10          //一遍,显示清屏,所有英文字母依次显示,显示自定义字符,图形模式图片显示.
  11          //-------------------------------------------------------------------------------
  12          //创建日期: 2009.08.11
  13          //软件环境: VW For Windows
  14          //硬件环境: AT89C52 MCU,MCS-51系列 MCU,etc.
  15          //创建人: XIEJIANREN.
  16          //技术支持: 电话(0762-2898988),传真(0762-2898818),网址(WWW.YEHUIDISPLAY.COM)
  17          //版权信息: 广东烨辉科技有限公司版权所有,转载请指明出处.
  18          //参考网页: http:/www.yehuidisplay.com/lcm/product/1/LCM12232.pdf
  19          //-------------------------------------------------------------------------------
  20          #include <reg51.h>
  21          #include <intrins.h>
  22          //以下为演示程序的函数定义
  23          void exsample(void);                    //演示程序
  24          void exdelay(void);                     //演示延时子程序
  25          void putchar(unsigned int c);           //定位写字符子程序
  26          void putstr(unsigned char code *s);     //显示字符串子程序,字符码为0时退出
  27          void putstrxy(unsigned char cx,unsigned char cy,unsigned char code *s);
  28          void setcharcgram(unsigned char cindex,unsigned char code *s);
  29                                                  //设置自定义字符点阵
  30          void charcursornext(void);              //置字符位置为下一个有效位置子程序
  31          void putimage(unsigned char code *s);   //显示图形子程序
  32          void putsizeimage(unsigned char XSIZE,unsigned char YSIZE,unsigned char code *s);
  33                                                  //显示指定大小的图形子程序
  34          void charlcdfill(unsigned int c);       //整屏显示c代表的字符数据子程序
  35          void glcdfill(unsigned char d);         //整屏显示d代表的字节数据子程序
  36          void glcdpos(void);                     //写入绘图区域内部RAM指针子程序
  37          void charlcdpos(void);                  //设置(CXPOS,CYPOS)内部DDRAM地址的子程序
  38          void lcdreset(void);                    //液晶显示控制器初始化子程序
  39          void delay3ms(void);                    //延时3MS子程序
  40          void lcdon(void);                       //LCD显示开启子程序
  41          void lcdoff(void);                      //LCD显示关闭子程序
  42          void lcdgraphon(void);                  //绘图区域显示开启子程序
  43          void lcdgraphoff(void);                 //绘图区域显示关闭子程序
  44          unsigned char lcdrd(void);              //从液晶显示控制器读数据
  45          void lcdwd(unsigned char d);            //送图形数据子程序
  46          void lcdwc(unsigned char c);            //送指令子程序
  47          void lcdwaitidle(void);                 //控制器忙检测子程序
  48          //-------------------------------------------------------------------------------
  49          //SMG16032D产品引脚说明及演示连线
  50          //PIN1: VSS  [电源地]-------------------VSS
  51          //PIN2: VDD  [电源正极]-----------------VDD(+5V)
  52          //PIN3: NC   [空脚]
  53          //PIN4: RS   [数据/命令选择 数据1,命令0]-P3.0
  54          //PIN5: RW   [读/写控制 读1,写0]--------P3.1
C51 COMPILER V9.60.7.0   MAIN                                                              09/14/2025 22:22:26 PAGE 2   

  55          //PIN6: E    [使能信号 高有效]----------P3.2
  56          //PIN7: D0   [Data I/O]-----------------P1.0
  57          //PIN8: D1   [Data I/O]-----------------P1.1
  58          //PIN9: D2   [Data I/O]-----------------P1.2
  59          //PIN10:D3   [Data I/O]-----------------P1.3
  60          //PIN11:D4   [Data I/O]-----------------P1.4
  61          //PIN12:D5   [Data I/O]-----------------P1.5
  62          //PIN13:D6   [Data I/O]-----------------P1.6
  63          //PIN14:D7   [Data I/O]-----------------P1.7
  64          //PIN15:PSB  [模块内部已选择,悬空]
  65          //PIN16:NC   [空脚]
  66          //PIN17:RST  [复位端,低电平有效]--------VDD
  67          //PIN18:NC   [空脚]
  68          //PIN19:NC   [空脚]
  69          //PIN20:NC   [空脚]
  70          //请参见http://download.sunman.cn/lcm/product/1/LCM12232D.pdf
  71          //字符表参见http://download.sunman.cn/lcm/reference/ST7920_GB_CHARACTER_TABLE.pdf
  72          //芯片资料参见http://download.sunman.cn/lcm/reference/ST7920.pdf
  73          //-------------------------------------------------------------------------------
  74          //以下为产品接口引脚在演示程序中的预定义
  75          //用户在编写应用程序时,需按自己的实际硬件连线来重新定义
  76          sbit RSPIN   = P3^0;                    // RS对应单片机引脚
  77          sbit RWPIN   = P3^1;                    // RW对应单片机引脚
  78          sbit EPIN    = P3^2;                    // E对应单片机引脚
  79          //-------------------------------------------------------------------------------
  80          //以下CXPOS,CYPOS变量用于指示当前操作字符的位置的预定义
  81          unsigned char CXPOS;                    //列方向地址指针(用于charlcdpos子程序)
  82          unsigned char CYPOS;                    //行方向地址指针(用于charlcdpos子程序)
  83          
  84          //-------------------------------------------------------------------------------
  85          //以下GXPOS,GYPOS变量用于指示绘图区域RAM的位置的预定义
  86          //用户在编写应用程序时,需按自己的实际软件程序需要来重新定义
  87          unsigned char GXPOS;                    //列方向地址指针(用于glcdpos子程序)
  88          unsigned char GYPOS;                    //行方向地址指针(用于glcdpos子程序)
  89          
  90          #define USERCHAR1CODE 0xffff            //自定义字符1代码
  91          #define USERCHAR2CODE 0xfffd            //自定义字符2代码
  92          #define USERCHAR3CODE 0xfffb            //自定义字符3代码
  93          #define USERCHAR4CODE 0xfff9            //自定义字符4代码
  94          
  95          unsigned char code CHAR1CGRAMTAB[]={
  96          0x00,0x0f,
  97          0x00,0x7f,
  98          0x01,0xf0,
  99          0x03,0xc0,
 100          0x07,0x0f,
 101          0x0e,0x3f,
 102          0x1c,0xfe,
 103          0x39,0xfc,
 104          0x33,0xfc,
 105          0x73,0xfe,
 106          0x67,0xff,
 107          0x67,0xe7,
 108          0xcf,0xe3,
 109          0xcf,0xe1,
 110          0xcf,0xe4,
 111          0xc0,0x06
 112          };
 113          unsigned char code CHAR2CGRAMTAB[]={
 114          0xf0,0x00,
 115          0xfe,0x00,
 116          0x0f,0x80,
C51 COMPILER V9.60.7.0   MAIN                                                              09/14/2025 22:22:26 PAGE 3   

 117          0x03,0xc0,
 118          0xf0,0xe0,
 119          0xfc,0x70,
 120          0x7f,0x38,
 121          0x3f,0x9c,
 122          0x3f,0xcc,
 123          0x7f,0xce,
 124          0xff,0xe6,
 125          0xe7,0xe6,
 126          0xc7,0xf3,
 127          0x87,0xff,
 128          0x27,0xff,
 129          0x60,0x03
 130          };
 131          unsigned char code CHAR3CGRAMTAB[]={
 132          0xc0,0x07,
 133          0xff,0xe7,
 134          0xff,0xe7,
 135          0xcf,0xe7,
 136          0x67,0xe7,
 137          0x67,0xff,
 138          0x73,0xff,
 139          0x33,0xff,
 140          0x39,0xff,
 141          0x1c,0xff,
 142          0x0e,0x3f,
 143          0x07,0x0f,
 144          0x03,0xc0,
 145          0x01,0xf0,
 146          0x00,0x7f,
 147          0x00,0x0f
 148          };
 149          unsigned char code CHAR4CGRAMTAB[]={
 150          0xe0,0x03,
 151          0xe7,0xf3,
 152          0xe7,0xf3,
 153          0xe7,0xf3,
 154          0xe7,0xe6,
 155          0xff,0xe6,
 156          0xff,0xce,
 157          0xff,0xcc,
 158          0xff,0x9c,
 159          0xff,0x38,
 160          0xfc,0x70,
 161          0xf0,0xe0,
 162          0x03,0xc0,
 163          0x0f,0x80,
 164          0xfe,0x00,
 165          0xf0,0x00
 166          };
 167          //-------------------------------------------------------------------------------
 168          //以下为图片库点阵代码
 169          //实际使用时请包含由SUNMAN图形点阵代码生成器.EXE自动生成的imagelib.c文件来替换该部分
 170          unsigned char code Img_sunman_32x32[]={32,32,
 171          0x00,0x0f,0xf0,0x00,
 172          0x00,0x7f,0xfe,0x00,
 173          0x01,0xf0,0x0f,0x80,
 174          0x03,0xc0,0x03,0xc0,
 175          0x07,0x0f,0xf0,0xe0,
 176          0x0e,0x3f,0xfc,0x70,
 177          0x1c,0xfe,0x7f,0x38,
 178          0x39,0xfc,0x3f,0x9c,
C51 COMPILER V9.60.7.0   MAIN                                                              09/14/2025 22:22:26 PAGE 4   

 179          0x33,0xfc,0x3f,0xcc,
 180          0x73,0xfe,0x7f,0xce,
 181          0x67,0xff,0xff,0xe6,
 182          0x67,0xe7,0xe7,0xe6,
 183          0xcf,0xe3,0xc7,0xf3,
 184          0xcf,0xe1,0x87,0xff,
 185          0xcf,0xe4,0x27,0xff,
 186          0xc0,0x06,0x60,0x03,
 187          0xc0,0x07,0xe0,0x03,
 188          0xff,0xe7,0xe7,0xf3,
 189          0xff,0xe7,0xe7,0xf3,
 190          0xcf,0xe7,0xe7,0xf3,
 191          0x67,0xe7,0xe7,0xe6,
 192          0x67,0xff,0xff,0xe6,
 193          0x73,0xff,0xff,0xce,
 194          0x33,0xff,0xff,0xcc,
 195          0x39,0xff,0xff,0x9c,
 196          0x1c,0xff,0xff,0x38,
 197          0x0e,0x3f,0xfc,0x70,
 198          0x07,0x0f,0xf0,0xe0,
 199          0x03,0xc0,0x03,0xc0,
 200          0x01,0xf0,0x0f,0x80,
 201          0x00,0x7f,0xfe,0x00,
 202          0x00,0x0f,0xf0,0x00
 203          };
 204          //-------------------------------------------------------------------------------
 205          
 206          void main(void)
 207          {   while(1)
 208   1          {   lcdreset();                     //初始化液晶显示控制器
 209   2              exsample();                     //演示程序
 210   2          }
 211   1      }
 212          void exsample(void)                     //演示程序
 213          {   unsigned char i;
 214   1      //0.演示前的准备,LCD液晶显示控制器初始化,所有显示全清零
 215   1          lcdreset();                         //液晶显示控制器初始化
 216   1          charlcdfill(' ');                   //显示清屏
 217   1      
 218   1      //1.字符串演示: 在(2,0)字符位置显示" LCM12232A "
 219   1          putstrxy(2,0," LCM12232 ");       //在(4,0)位置开始显示字符串
 220   1          exdelay();                          //延时约300mS
 221   1          exdelay();                          //延时约300mS
 222   1      
 223   1      //2.字符串演示: 在(2,1)字符位置显示"ORIENTAL-LCD"
 224   1          putstrxy(2,1,"Made in China");   //在(0,1)位置开始显示字符串
 225   1      
 226   1          exdelay();                          //延时约300mS
 227   1          exdelay();                          //延时约300mS
 228   1      
 229   1      //3.字符串演示: 在(1,0)字符位置显示"深圳束方电子"
 230   1               charlcdfill(' '); 
 231   1          putstrxy(1,0,"中国制造");       //在(0,0)位置开始显示字符串
 232   1      //      putstrxy(1,1,"份有限公司"); 
 233   1          exdelay();                          //延时约300mS
 234   1          exdelay();                          //延时约300mS
 235   1      
 236   1      //4.字符串演示: 在(1,1)字符位置显示"122*32 DOTS"
 237   1       charlcdfill(' '); 
 238   1          putstrxy(2,1,"122*32 DOTS");   //在(0,1)位置开始显示字符串
 239   1          putstrxy(2,0,"122*32 DOTS");   //在(0,1)位置开始显示字符串
 240   1          exdelay();                          //延时约300mS
C51 COMPILER V9.60.7.0   MAIN                                                              09/14/2025 22:22:26 PAGE 5   

 241   1          exdelay();                          //延时约300mS
 242   1      
 243   1      //5.字符填充演示: 整屏显示0..9 空格一遍
 244   1          for(i='0';i<'9'+1;i++)
 245   1          {   charlcdfill(i);                 //整屏显示为i的值
 246   2              exdelay();                      //延时约300mS
 247   2          }
 248   1          charlcdfill(' ');                   //显示清屏
 249   1          exdelay();                          //延时约300mS
 250   1      
 251   1      //6.字符演示: 依次显示A..Z 一遍
 252   1          for(i='A';i<'Z'+1;i++)              //依次显示A..Z一遍
 253   1          {   putchar(i);                     //当前位置显示为i的值
 254   2              exdelay();                      //延时约300mS
 255   2          }
 256   1      
 257   1      //7.自定义字符演示：在(4,0)(5,0)(4,1)(5,1)字符位置显示自定义字符1,2,3,4
 258   1          //CXPOS=4,CYPOS=0;
 259   1         //putchar(USERCHAR1CODE);
 260   1          //exdelay();                          //延时约300mS
 261   1          //putchar(USERCHAR2CODE);
 262   1          //exdelay();                          //延时约300mS
 263   1          //CXPOS=4,CYPOS=1;
 264   1          //putchar(USERCHAR3CODE);
 265   1          //exdelay();                          //延时约300mS
 266   1          //putchar(USERCHAR4CODE);
 267   1          //exdelay();                          //延时约300mS
 268   1          //exdelay();                          //延时约300mS
 269   1      
 270   1      //8.图形模式演示: 在(0,0)点阵位置显示图片
 271   1          charlcdfill(' ');                   //显示清屏
 272   1          //lcdgraphon();                       //开图形模式
 273   1          //GXPOS=0,GYPOS=0;
 274   1          //putimage(Img_sunman_32x32);
 275   1          //exdelay();                          //延时约300mS
 276   1          //exdelay();                          //延时约300mS
 277   1          //glcdfill(0);                        //图形区域清屏
 278   1          //lcdgraphoff();                      //关图形模式
 279   1      }
 280          void exdelay(void)                      //演示延时子程序
 281          { unsigned char i,j,k;                  //延时约300mS
 282   1        for(i=0;i<30;i++)
 283   1          for(j=0;j<64;j++)
 284   1            for(k=0;k<51;k++);
 285   1      }
 286          //-------------------------------------------------------------------------------
 287          //字符操作区域
 288          //16032ZK字符区域定义为:
 289          //   CXPOS(0-19) 对应于第1列到第19列位置,每个字符列位置实际占位8点,总计对应160点
 290          //   CYPOS(0-1)对应于第1行到第2行,每个行位置实际占位16点,总计对应32点
 291          //警告:直接设置CXPOS的位置时,请将CXPOS的值设置为偶数,否则显示的字符值会不正确.
 292          //-------------------------------------------------------------------------------
 293          //以下为charlcdfill,putchar,putstr,setcharcgram为ST7920兼容芯片的液晶显示控制器
 294          //的通用子程序,putstrxy为扩充子程序.
 295          //-------------------------------------------------------------------------------
 296          //子程序名称:void charlcdfill(unsigned int c).
 297          //功能:整屏显示A代表的ASCII字符.
 298          //修改日期:2009.10.29
 299          //修改人:xiejianren
 300          //-------------------------------------------------------------------------------
 301          void charlcdfill(unsigned int c)        //整屏显示A代表的ASCII字符子程序
 302          {   for(CXPOS=CYPOS=0;1;)
C51 COMPILER V9.60.7.0   MAIN                                                              09/14/2025 22:22:26 PAGE 6   

 303   1          {   putchar(c);                     //定位写字符
 304   2              if((CXPOS==0) && (CYPOS==0)) break;
 305   2          }
 306   1      }
 307          //-------------------------------------------------------------------------------
 308          //子程序名称:void putchar(unsigned int c).
 309          //功能:在(XPOS,YPOS)位置写单个字符点阵,若c>128 表示为中文字符,否则为西文字符
 310          //修改日期:2009.8.18
 311          //修改人:xiejianren
 312          //-------------------------------------------------------------------------------
 313          void putchar(unsigned int c)            //定位写字符子程序
 314          {   unsigned char d;
 315   1          if(c>128)                           //字符码大于128表示为汉字
 316   1          {   if( (CXPOS&0x1)==1 )            //写汉字时,CXPOS字符位置在奇数位置,则
 317   2              {   lcdwd(' ');                 //自动补添一个空格对齐后再显示汉字
 318   3                  charcursornext();           //置字符位置为下一个有效位置
 319   3              }
 320   2              charlcdpos();
 321   2              if((c&0xff00)==0xff00)          //若高位字节为0FFH则表示为自定义字符
 322   2                  c=0xffff-c;                 //则转换为ST7920的字符码
 323   2              lcdwd(c/256);                   //写高位字符
 324   2              charcursornext();
 325   2              lcdwd(c&0xff);                  //写低位字符
 326   2              charcursornext();
 327   2          }
 328   1          else                                //字符码小于128表示为ASCII字符
 329   1          {   charlcdpos();
 330   2              if( (CXPOS&0x1)==1 )            //写ASCII字符时,CXPOS字符位置在奇数位置,则
 331   2              {   d=lcdrd();                  //读高位字符
 332   3                  charlcdpos();
 333   3                  lcdwd(d);                   //重新写高位字符
 334   3                  lcdwd(c);
 335   3              }
 336   2              else
 337   2              {   lcdwd(c);                   //写ASCII字符时,CXPOS字符位置在偶数位置,则
 338   3                  lcdwd(' ');                 //直接写入,同时自动补显一个空格.
 339   3              }
 340   2              charcursornext();               //置字符位置为下一个有效位置
 341   2          }
 342   1      }
 343          //-------------------------------------------------------------------------------
 344          //子程序名称:void putstr(unsigned char code *s).
 345          //功能:写字符串点阵,若*s=0 表示字符串结束.
 346          //修改日期:2009.8.18
 347          //修改人:xiejianren
 348          //-------------------------------------------------------------------------------
 349          void putstr(unsigned char code *s)      //显示字符串子程序,字符码为0时退出
 350          {   unsigned int c;
 351   1          while(1)
 352   1          {   c=*s;
 353   2              s++;
 354   2              if(c==0) break;
 355   2              if(c<128)
 356   2                  putchar(c);
 357   2              else
 358   2              {   putchar(c*256+*s);
 359   3                  s++;
 360   3              }
 361   2          }
 362   1      }
 363          //-------------------------------------------------------------------------------
 364          //子程序名称:void putstrxy(unsigned char cx,unsigned char cy,unsigned char *s).
C51 COMPILER V9.60.7.0   MAIN                                                              09/14/2025 22:22:26 PAGE 7   

 365          //功能:在(cx,cy)字符位置写字符串.
 366          //修改日期:2009.08.11
 367          //修改人:xiejianren
 368          //-------------------------------------------------------------------------------
 369          void putstrxy(unsigned char cx,unsigned char cy,unsigned char code *s)
 370          {                                       //在(cx,cy)字符位置写字符串子程序
 371   1          CXPOS=cx;                           //置当前X位置为cx
 372   1          CYPOS=cy;                           //置当前Y位置为cy
 373   1          putstr(s);
 374   1      }
 375          //-------------------------------------------------------------------------------
 376          //子程序名称:void setcharcgram(unsigned char cindex,unsigned char code *s).
 377          //功能:将*s所指32字节点阵写到自定义字符cindex(0-3)中.
 378          //修改日期:2009.10.29
 379          //修改人:xiejianren
 380          //-------------------------------------------------------------------------------
 381          void setcharcgram(unsigned char cindex,unsigned char code *s)
 382          {   unsigned char i;
 383   1          lcdwc(0x34);                        //扩充指令集,图形模式关闭
 384   1          lcdwc(0x02);                        //SR=0 激活CGRAM
 385   1          lcdwc(0x30);                        //恢复为基本指令集
 386   1          lcdwc( ((cindex&0x3)<<4) | 0x40);   //设置CGRAM地址
 387   1          for(i=0;i<32;i++,s++)               //写点阵数据
 388   1              lcdwd(*s);
 389   1      }
 390          //-------------------------------------------------------------------------------
 391          //以下putsizeimage为图形对象的基本子程序,putimage为图形对象的扩充子程序
 392          //-------------------------------------------------------------------------------
 393          //子程序名称:void putsizeimage(unsigned char XSIZE,unsigned YSIZE,
 394          //                             unsigned char code *s)
 395          //功能:在(GXPOS,GYPOS)位置绘制XSIZE列及YISZE行点阵的图形*S(XSIZE仅取8的倍数
 396          //     GXPOS仅取16的倍数).
 397          //修改日期:2009.10.29
 398          //修改人:xiejianren
 399          //-------------------------------------------------------------------------------
 400          void putsizeimage(unsigned char XSIZE,unsigned char YSIZE,unsigned char code *s)
 401          {  unsigned char lx,ly,x;
 402   1         x=GXPOS;
 403   1         for(ly=0;ly<YSIZE;ly++,GYPOS++)
 404   1         {  for(GXPOS=x,lx=0;lx<XSIZE;)
 405   2            {  if((GXPOS&0x08)==0) glcdpos();
 406   3               lcdwd(*s);
 407   3               s++;
 408   3               lx+=8;
 409   3               GXPOS+=8;
 410   3            }
 411   2         }
 412   1         GXPOS=x;
 413   1      }
 414          //-------------------------------------------------------------------------------
 415          //子程序名称:void putimage(unsigned char code *s).
 416          //功能:在(XPOS,YPOS)位置绘制XSIZE[*s]列及YISZE[*(s+1)]行点阵的图形[*(s+2)].
 417          //修改日期:2009.8.18
 418          //修改人:XIEJIANREN
 419          //-------------------------------------------------------------------------------
 420          void putimage(unsigned char code *s)    //显示图形子程序
 421          {   unsigned char XSIZE,YSIZE;
 422   1          XSIZE=*s;
 423   1          s++;
 424   1          YSIZE=*s;
 425   1          s++;
 426   1          putsizeimage(XSIZE,YSIZE,s);
C51 COMPILER V9.60.7.0   MAIN                                                              09/14/2025 22:22:26 PAGE 8   

 427   1      }
 428          //-------------------------------------------------------------------------------
 429          //以下为charlcdpos,charcursornext,lcdreset为ST7920兼容芯片的液晶显示控制器的
 430          //20ASCII字符X2行的LCM16032系列标准中文字符点阵型液晶显示模块的接口程序.
 431          //-------------------------------------------------------------------------------
 432          //子程序名称:void charlcdpos(void).
 433          //功能:设置坐标点(CXPOS,CYPOS)位置对应的内部RAM地址.
 434          //修改日期:2009.11.02
 435          //修改人:XIEJIANREN
 436          //-------------------------------------------------------------------------------
 437          void charlcdpos(void)                   //设置坐标点(CXPOS,CYPOS)内部RAM地址的子程序
 438          {   unsigned char ddaddr;
 439   1          if(CXPOS>19) CXPOS=0;               //字符位置CXPOS的有效范围为(0到19)
 440   1          CYPOS&=0X1;                         //字符位置CYPOS的有效范围为(0到1)
 441   1          ddaddr=CXPOS/2;
 442   1          if(CYPOS==0)                        //(第一行)X: 第0----19个字符
 443   1              lcdwc(ddaddr|0x80);             //    DDRAM:  80----89H
 444   1          else                                //(第二行)X: 第0----19个字符
 445   1              lcdwc(ddaddr|0x90);             //    DDRAM:  90----99H
 446   1      }
 447          //-------------------------------------------------------------------------------
 448          //子程序名称:void charcursornext(void).
 449          //功能:置字符位置为下一个有效位置.
 450          //修改日期:2009.11.02
 451          //修改人:XIEJIANREN
 452          //-------------------------------------------------------------------------------
 453          void charcursornext(void)               //置字符位置为下一个有效位置子程序
 454          {
 455   1          CXPOS++;                            //字符位置加1
 456   1          if(CXPOS>19) CXPOS=0;               //字符位置CXPOS的有效范围为(0到19)
 457   1          if(CXPOS==0)                        //字符位置CXPOS=0表示要换行
 458   1          {   CYPOS++;                        //行位置加1
 459   2              CYPOS&=0X1;                     //字符位置CYPOS的有效范围为(0到1)
 460   2          }
 461   1      }
 462          //-------------------------------------------------------------------------------
 463          //子程序名称:void lcdreset(void)
 464          //功能:液晶显示控制器初始化
 465          //修改日期:2009.08.31
 466          //修改人:XIEJIANREN
 467          //-------------------------------------------------------------------------------
 468          void lcdreset(void)                     //液晶显示控制器初始化子程序
 469          {   lcdwc(0x33);                        //接口模式设置
 470   1          delay3ms();                         //延时3MS
 471   1          lcdwc(0x30);                        //基本指令集
 472   1          delay3ms();                         //延时3MS
 473   1          lcdwc(0x30);                        //重复送基本指令集
 474   1          delay3ms();                         //延时3MS
 475   1          lcdwc(0x01);                        //清屏控制字
 476   1          delay3ms();                         //延时3MS
 477   1          lcdwc(0x06);                        //显示光标移动设置
 478   1          lcdon();                            //开显示
 479   1      }
 480          void delay3ms(void)                     //延时3MS子程序
 481          { unsigned char i,j,k;
 482   1        for(i=0;i<3;i++)
 483   1          for(j=0;j<64;j++)
 484   1            for(k=0;k<51;k++);
 485   1      }
 486          //-------------------------------------------------------------------------------
 487          //子程序名称:void glcdfill(unsigned char d).
 488          //功能:整屏显示d表示的字节数据.
C51 COMPILER V9.60.7.0   MAIN                                                              09/14/2025 22:22:26 PAGE 9   

 489          //修改日期:2009.11.02
 490          //修改人:XIEJIANREN
 491          //-------------------------------------------------------------------------------
 492          void glcdfill(unsigned char d)          //整屏显示d代表的字数据子程序
 493          {   unsigned char i;
 494   1          GXPOS=0;
 495   1          GYPOS=0;
 496   1          while(GYPOS<32)
 497   1          {   glcdpos();
 498   2              for(i=0;i<20;i++)
 499   2                  lcdwd(d);
 500   2              GYPOS++;
 501   2          }
 502   1          GYPOS=0;
 503   1      }
 504          //-------------------------------------------------------------------------------
 505          //子程序名称:void glcdpos(void)
 506          //功能:设置(GXPOS,GYPOS)对应绘图区域内部RAM指针.
 507          //修改日期:2009.11.02
 508          //修改人:XIEJIANREN
 509          //-------------------------------------------------------------------------------
 510          void glcdpos(void)                      //写入绘图区域内部RAM指针子程序
 511          {   lcdwc(0x36);                        //扩展指令集
 512   1          lcdwc((GYPOS&0x1f)|0x80);           //先送Y地址
 513   1          lcdwc((GXPOS/16)|0x80);             //再送X地址
 514   1          lcdwc(0x30);                        //恢复为基本指令集
 515   1      }
 516          //-------------------------------------------------------------------------------
 517          //子程序名称:lcdon()
 518          //功能:开启LCD显示
 519          //修改日期:2009.10.28
 520          //修改人:XIEJIANREN
 521          //-------------------------------------------------------------------------------
 522          void lcdon(void)                        //LCD显示开启子程序
 523          {   lcdwc(0x30);                        //设置为基本指令集
 524   1          lcdwc(0x0c);
 525   1      }
 526          //-------------------------------------------------------------------------------
 527          //子程序名称:lcdoff()
 528          //功能:关闭LCD显示
 529          //修改日期:2009.10.28
 530          //修改人:XIEJIANREN
 531          //-------------------------------------------------------------------------------
 532          void lcdoff(void)                       //LCD显示关闭子程序
 533          {   lcdwc(0x30);                        //设置为基本指令集
 534   1          lcdwc(0x08);
 535   1      }
 536          //-------------------------------------------------------------------------------
 537          //子程序名称:lcdgraphon()
 538          //功能:开启绘图区域显示
 539          //修改日期:2009.10.28
 540          //修改人:XIEJIANREN
 541          //-------------------------------------------------------------------------------
 542          void lcdgraphon(void)                  //绘图区域显示开启子程序
 543          {   lcdwc(0x36);
 544   1          lcdwc(0x30);                        //恢复为基本指令集
 545   1      }
 546          //-------------------------------------------------------------------------------
 547          //子程序名称:lcdgraphoff()
 548          //功能:关闭绘图区域显示
 549          //修改日期:2009.10.28
 550          //修改人:XIEJIANREN
C51 COMPILER V9.60.7.0   MAIN                                                              09/14/2025 22:22:26 PAGE 10  

 551          //-------------------------------------------------------------------------------
 552          void lcdgraphoff(void)                  //绘图区域显示关闭子程序
 553          {   lcdwc(0x34);
 554   1          lcdwc(0x30);                        //恢复为基本指令集
 555   1      }
 556          //-------------------------------------------------------------------------------
 557          //以下lcdwc,lcdwd为ST7920兼容芯片的MCS51三线式串行接口方式的基本子程序,lcdwaitidle
 558          //为内部子程序.
 559          //-------------------------------------------------------------------------------
 560          //子程序名称:unsigned char lcdrd(void).
 561          //功能:从液晶显示控制器读数据.
 562          //修改日期:2009.10.29
 563          //修改人:XIEJIANREN
 564          //-------------------------------------------------------------------------------
 565          unsigned char lcdrd(void)               //从液晶显示控制器读数据
 566          {   unsigned char d;
 567   1          lcdwaitidle();                      //ST7920液晶显示控制器忙检测
 568   1          RSPIN=1;                            //RS=1 RW=1 E=高脉冲
 569   1          RWPIN=1;
 570   1          EPIN=1;
 571   1          _nop_();
 572   1          d=P1;
 573   1          EPIN=0;
 574   1          return d;
 575   1      }
 576          //-------------------------------------------------------------------------------
 577          //子程序名称:void lcdwd(unsigned char d).
 578          //功能:向液晶显示控制器写数据.
 579          //修改日期:2009.10.29
 580          //修改人:XIEJIANREN
 581          //-------------------------------------------------------------------------------
 582          void lcdwd(unsigned char d)             //向液晶显示控制器写数据
 583          {   lcdwaitidle();                      //ST7920液晶显示控制器忙检测
 584   1          P1=d;
 585   1          RSPIN=1;                            //RS=1 RW=0 E=高脉冲
 586   1          RWPIN=0;
 587   1          EPIN=1;
 588   1          _nop_();
 589   1          EPIN=0;
 590   1      }
 591          //-------------------------------------------------------------------------------
 592          //子程序名称:lcdwc(unsigned char c).
 593          //功能:向液晶显示控制器送指令.
 594          //修改日期:2009.10.29
 595          //修改人:XIEJIANREN
 596          //-------------------------------------------------------------------------------
 597          void lcdwc(unsigned char c)             //向液晶显示控制器送指令
 598          {   lcdwaitidle();                      //ST7920液晶显示控制器忙检测
 599   1          P1=c;
 600   1          RSPIN=0;                            //RS=0 RW=0 E=高脉冲
 601   1          RWPIN=0;
 602   1          EPIN=1;
 603   1          _nop_();
 604   1          EPIN=0;
 605   1      }
 606          //-------------------------------------------------------------------------------
 607          //子程序名称:void lcdwaitidle(void).
 608          //功能:忙检测,在对液晶显示控制器操作的每一条指令之前,需检测液晶显示器是否空闲.
 609          //修改日期:2009.10.30
 610          //修改人:XIEJIANREN
 611          //-------------------------------------------------------------------------------
 612          void lcdwaitidle(void)                  //控制器忙检测子程序
C51 COMPILER V9.60.7.0   MAIN                                                              09/14/2025 22:22:26 PAGE 11  

 613          {   unsigned char i;
 614   1          P1=0xff;
 615   1          RSPIN=0;
 616   1          RWPIN=1;
 617   1          EPIN=1;
 618   1          for(i=0;i<20;i++)                   //
 619   1              if( (P1&0x80) != 0x80 ) break;  //D7=0 空闲退出
 620   1          EPIN=0;
 621   1      }


MODULE INFORMATION:   STATIC OVERLAYABLE
   CODE SIZE        =    887    ----
   CONSTANT SIZE    =    304    ----
   XDATA SIZE       =   ----    ----
   PDATA SIZE       =   ----    ----
   DATA SIZE        =      4      26
   IDATA SIZE       =   ----    ----
   BIT SIZE         =   ----    ----
END OF MODULE INFORMATION.


C51 COMPILATION COMPLETE.  0 WARNING(S),  0 ERROR(S)
