C51 COMPILER V9.60.7.0   MAIN                                                              06/26/2025 17:02:22 PAGE 1   


C51 COMPILER V9.60.7.0, COMPILATION OF MODULE MAIN
OBJECT MODULE PLACED IN main.OBJ
COMPILER INVOKED BY: D:\KEIL_STM32\C51\BIN\C51.EXE main.c OPTIMIZE(8,SPEED) BROWSE INCDIR(.\SRC) DEBUG OBJECTEXTEND

line level    source

   1          #include "REG51.h"
   2          #include "oled.h"
   3          #include "bmp.h"
   4          
   5          int main(void)
   6          {       
   7   1              u8 t=' ';
   8   1              OLED_Init();//初始化OLED
   9   1              OLED_ColorTurn(0);//0正常显示，1 反色显示
  10   1          OLED_DisplayTurn(0);//0正常显示 1 屏幕翻转显示
  11   1              while(1) 
  12   1              {               
  13   2      //      u8 t=' ';
  14   2      //      OLED_Init();//初始化OLED
  15   2      //      OLED_ColorTurn(0);//0正常显示，1 反色显示
  16   2      //    OLED_DisplayTurn(0);//0正常显示 1 屏幕翻转显示
  17   2      
  18   2      
  19   2      //              OLED_ShowString(8,2,"ZHONGJINGYUAN",16);
  20   2      //              OLED_ShowString(20,4,"2014/05/01",16);
  21   2      //              OLED_ShowString(0,6,"ASCII:",16);  
  22   2      //              OLED_ShowString(63,6,"CODE:",16);
  23   2      //              OLED_ShowChar(48,6,t,16);
  24   2      //              t++;
  25   2      //              if(t>'~')t=' ';
  26   2      //              OLED_ShowNum(103,6,t,3,16);
  27   2      //              delay_ms(500);
  28   2      //              OLED_Clear();
  29   2                      
  30   2              OLED_DrawBMP(0,0,128,64,BMP1);
  31   2              delay_ms(100);
  32   2      
  33   2      
  34   2              OLED_DrawBMP(0,0,128,64,BMP2);
  35   2              OLED_ShowChinese(18,1,0,16); 
  36   2              OLED_ShowChinese(36,1,1,16);
  37   2              OLED_ShowChinese(54,1,2,16);
  38   2              OLED_ShowChinese(72,1,3,16);
  39   2              OLED_ShowChinese(90,1,4,16);
  40   2              
  41   2              OLED_ShowChinese(18,3,5,16);
  42   2              OLED_ShowChinese(36,3,6,16);
  43   2              OLED_ShowChinese(54,3,7,16);
  44   2              OLED_ShowChinese(72,3,8,16);
  45   2              OLED_ShowChinese(90,3,9,16);
  46   2              OLED_ShowString(14,5,"OLED2.24Inch",16);
  47   2              delay_ms(50);
  48   2              
  49   2              OLED_Fill_Row(0X55) ;
  50   2              delay_ms(100);
  51   2              
  52   2              OLED_Fill_Row(0XAA) ;
  53   2              delay_ms(100);
  54   2              
  55   2              OLED_Fill_Column(0xFF, 0x00); 
C51 COMPILER V9.60.7.0   MAIN                                                              06/26/2025 17:02:22 PAGE 2   

  56   2              delay_ms(100);
  57   2      
  58   2              OLED_Fill_Column(0x00, 0xFF); 
  59   2              delay_ms(100);
  60   2      
  61   2              OLED_Fill_Column(0x55, 0xAA); 
  62   2              delay_ms(100);
  63   2      
  64   2              OLED_Fill_Column(0xAA, 0x55); 
  65   2              delay_ms(100);
  66   2              
  67   2              OLED_Clear();   
  68   2              OLED_ColorTurn(1);//0正常显示，1 反色显示
  69   2              
  70   2              OLED_DrawBMP(0,0,128,64,BMP1);
  71   2              delay_ms(100);
  72   2              OLED_DrawBMP(0,0,128,64,BMP2);
  73   2              OLED_ShowChinese(18,1,0,16); 
  74   2              OLED_ShowChinese(36,1,1,16);
  75   2              OLED_ShowChinese(54,1,2,16);
  76   2              OLED_ShowChinese(72,1,3,16);
  77   2              OLED_ShowChinese(90,1,4,16);
  78   2              
  79   2              OLED_ShowChinese(18,3,5,16);
  80   2              OLED_ShowChinese(36,3,6,16);
  81   2              OLED_ShowChinese(54,3,7,16);
  82   2              OLED_ShowChinese(72,3,8,16);
  83   2              OLED_ShowChinese(90,3,9,16);
  84   2              OLED_ShowString(14,5,"OLED2.24Inch",16);
  85   2              delay_ms(100);
  86   2              }         
  87   1              
  88   1      }
  89          
  90                  


MODULE INFORMATION:   STATIC OVERLAYABLE
   CODE SIZE        =    504    ----
   CONSTANT SIZE    =   2061    ----
   XDATA SIZE       =   ----    ----
   PDATA SIZE       =   ----    ----
   DATA SIZE        =   ----       1
   IDATA SIZE       =   ----    ----
   BIT SIZE         =   ----    ----
END OF MODULE INFORMATION.


C51 COMPILATION COMPLETE.  0 WARNING(S),  0 ERROR(S)
