C51 COMPILER V9.60.7.0   LCD12864                                                          07/01/2025 16:58:24 PAGE 1   


C51 COMPILER V9.60.7.0, COMPILATION OF MODULE LCD12864
OBJECT MODULE PLACED IN .\Objects\lcd12864.obj
COMPILER INVOKED BY: D:\KEIL_STM32\C51\BIN\C51.EXE lcd12864.c OPTIMIZE(8,SPEED) BROWSE DEBUG OBJECTEXTEND PRINT(.\Listin
                    -gs\lcd12864.lst) OBJECT(.\Objects\lcd12864.obj)

line level    source

   1          #include <REGX52.H>
   2          #include "intrins.h"
   3          #include "lcd12864.h"
   4          #include "picture.h"
   5          sbit CS   =P3^0;  //片选
   6          sbit STD  =P3^1;  //串行数据
   7          sbit SCLK =P3^2;  //串口时钟
   8          sbit KEY = P2^0;
   9          
  10          unsigned char i,X,Y,XPosition,YPosition,FCHARBUF;
  11          
  12          unsigned int ReadKey1() // 按键检测函数
  13          {
  14   1          if (KEY == 1)           
  15   1              {  // 按键被按下
  16   2              Delay(1);  // 简单的去抖动处理
  17   2              if (KEY == 1) 
  18   2                      {  // 检查按键是否仍然按下
  19   3                  while (KEY == 1);  // 等待按键释放
  20   3                  return 1;  // 返回按键被按下
  21   3              }
  22   2          }
  23   1          return 0;  // 按键没有被按下
  24   1      }
  25          
  26          
  27          void Delay(unsigned char xms)   //@12.000MHz
  28          {
  29   1              while(xms--){
  30   2              unsigned char data i, j;
  31   2      
  32   2              i = 12;
  33   2              j = 169;
  34   2              do
  35   2              {
  36   3                      while (--j);
  37   3              } while (--i);
  38   2      }
  39   1      }
  40          
  41          /**
  42           * @brief  一位数据(bit d)通过引脚发送到液晶显示控制器
  43           * @param  
  44           * @retval None
  45           */
  46          
  47          void Trans_Bit(bit d)  // 将一位数据传输到液晶显示控制器
  48          {
  49   1         STD = d;       // 先将传入的 bit 数据 d 送到数据引脚 STDPIN 上
  50   1         //_nop_();          
  51   1         SCLK = 1;      // 将时钟引脚 SCLKPIN 置高（开始一个时钟周期）
  52   1         //_nop_();        
  53   1         SCLK = 0;      // 将时钟引脚 SCLKPIN 置低（结束负脉冲的下降沿）
  54   1         //_nop_();       
C51 COMPILER V9.60.7.0   LCD12864                                                          07/01/2025 16:58:24 PAGE 2   

  55   1         SCLK = 1;      // 将时钟引脚 SCLKPIN 置高（准备下一次数据传输）
  56   1      }
  57          
  58          
  59          
  60          /**
  61            * @brief  向LCD12864发一字节显示数据/指令  
  62            * @param  d
  63            * @retval None
  64            */
  65          
  66          void Trans_Byte(unsigned char d)
  67          {
  68   1          unsigned char i;
  69   1          for(i = 0; i < 8; i++)//一个字节
  70   1          {
  71   2              if((d & 0x80) == 0x80)//检查数据字节的最高位
  72   2                  Trans_Bit(1);
  73   2              else
  74   2                  Trans_Bit(0);
  75   2              d <<= 1;  // 左移后赋值
  76   2          }            
  77   1      }
  78          
  79          
  80          
  81          /**
  82            * @brief  向LCD12864写指令  
  83            * @param  None
  84            * @retval None
  85            */
  86          void Write_Command(unsigned char e)
  87          {
  88   1          CS = 1; //11111 00 0    // 激活片选信号
  89   1          Trans_Byte(0xf8);      // 发送控制字节,进行同步 P26 P10
  90   1          Trans_Byte(e & 0xf0);  // 发送命令的高四位
  91   1          Trans_Byte((e & 0x0f) << 4); // 发送命令的低四位
  92   1          CS = 0;                // 取消片选信号
  93   1      }
  94          
  95          
  96          
  97          /**
  98            * @brief  向LCD12864写数据  
  99            * @param  
 100            * @retval None
 101            */
 102          void Write_Data(unsigned char e)
 103          {
 104   1          CS = 1;  //11111 01 0   // 激活片选信号
 105   1          Trans_Byte(0xfa);      // 发送控制字节，进行同步    P26 P10
 106   1          Trans_Byte(e & 0xf0);  // 发送数据的高四位
 107   1          Trans_Byte((e & 0x0f) << 4); // 发送数据的低四位
 108   1          CS = 0;                // 取消片选信号
 109   1      }
 110          
 111          
 112          
 113          /**
 114            * @brief  向LCD12864读状态  
 115            * @param  
 116            * @retval None
C51 COMPILER V9.60.7.0   LCD12864                                                          07/01/2025 16:58:24 PAGE 3   

 117            */
 118          void Write_Status(unsigned char e)
 119          {
 120   1          CS = 1;  //11111 10 0   // 激活片选信号
 121   1          Trans_Byte(0xfc);      // 发送控制字节，进行同步    P26 P10
 122   1          Trans_Byte(e & 0xf0);  // 发送数据的高四位
 123   1          Trans_Byte((e & 0x0f) << 4); // 发送数据的低四位
 124   1          CS = 0;   
 125   1      }
 126          
 127          
 128          /**
 129            * @brief  向LCD12864读数据  
 130            * @param  
 131            * @retval None
 132            */
 133          void Read_Data(unsigned char e)
 134          {
 135   1              CS=1;   //0x11111 11 0
 136   1          Trans_Byte(0xfc);      // 发送控制字节，进行同步    P26 P10
 137   1          Trans_Byte(e & 0xf0);  // 发送数据的高四位
 138   1          Trans_Byte((e & 0x0f) << 4); // 发送数据的低四位
 139   1          CS = 0;   
 140   1      }
 141          
 142          
 143          /**
 144            * @brief  向LCD12864图形显示开
 145            * @param  None
 146            * @retval None
 147            */
 148          void  Graphic_Display_ON(void)
 149          {           //0x0011 0110
 150   1              Write_Command(0x36);  //P17
 151   1              Write_Command(0x30);  //恢复为基本指令集 P16
 152   1      }
 153                  
 154          
 155          /**
 156            * @brief  向LCD12864图形显示关
 157            * @param  None
 158            * @retval None
 159            */
 160          void  Graphic_Display_OFF(void)
 161          {                       //0x0011 0100
 162   1              Write_Command(0x34);  //P17
 163   1              Write_Command(0x30);  //恢复为基本指令集
 164   1      }       
 165          
 166          /**
 167            * @brief  显示开
 168            * @param  None
 169            * @retval None
 170            */
 171          void  Display_ON(void)
 172          {
 173   1              Write_Command(0x30);
 174   1              Write_Command(0x0c);//P20
 175   1      }                 //0x0000 1100
 176          
 177          /**
 178            * @brief  显示关
C51 COMPILER V9.60.7.0   LCD12864                                                          07/01/2025 16:58:24 PAGE 4   

 179            * @param  None
 180            * @retval None
 181            */
 182          void  Display_OFF(void)
 183          {
 184   1              Write_Command(0x30);
 185   1              Write_Command(0x08);//P20
 186   1      }                 //0x0000 1000
 187          
 188          
 189          /**
 190            * @brief  反白关
 191            * @param  None
 192            * @retval None
 193            */
 194          void  Versawhite_off(void)
 195          {
 196   1              Write_Command(0x30);
 197   1              Write_Command(0x0e);//P20
 198   1      }          //0x0000 1110
 199          
 200          
 201          /**
 202            * @brief  反白开
 203            * @param  None
 204            * @retval None
 205            */
 206          void  Versawhite_on(void)
 207          {
 208   1              Write_Command(0x30);
 209   1              Write_Command(0x0f);//P20
 210   1      }         //0x0000 1111
 211          
 212          
 213          /**
 214            * @brief  显示清除
 215            * @param  None
 216            * @retval None
 217            */
 218          
 219          void Display_Clear(void)
 220          {
 221   1              Write_Command(0x30);
 222   1              Write_Command(0x01);//P19
 223   1      }            //0x0000 0001
 224           
 225          
 226          /**
 227            * @brief  光标回到起始位
 228            * @param  None
 229            * @retval None
 230            */
 231          void Return_Home(void)
 232          {
 233   1              Write_Command(0x30);
 234   1              Write_Command(0x02);//P19
 235   1      }         //0x0000 0010
 236          
 237          
 238          
 239          /**
 240            * @brief  设置绘图区域内部RAM指针
C51 COMPILER V9.60.7.0   LCD12864                                                          07/01/2025 16:58:24 PAGE 5   

 241            * @param  None
 242            * @retval None
 243            */
 244          
 245          void Set_DrawingPosition(void)
 246          {    
 247   1              Write_Command(0x36);//绘图指令
 248   1              Write_Command((YPosition&0x1f)| 0x80);//0x1f->>0-31,发送y轴地址         P24
 249   1              if(YPosition>=32)//下半屏
 250   1                      Write_Command((XPosition/16+8) | 0x80);//发送x轴地址
 251   1              else
 252   1                      Write_Command((XPosition/16) | 0x80);
 253   1              
 254   1              Write_Command(0x30);//恢复基本指令
 255   1      }
 256          
 257          
 258          /**
 259            * @brief  屏幕填充为某个字节数据 DATA
 260            * @param  DATA
 261            * @retval None
 262            */
 263          void FillScreen(unsigned char DATA)  // 整屏显示指定的字节数据
 264          {
 265   1              unsigned char i;
 266   1              YPosition=0;XPosition=0;
 267   1          while (YPosition < 64)  // 遍历所有的Y轴行数
 268   1          {         
 269   2              Set_DrawingPosition();  // 设置当前的绘图位置
 270   2              for (i = 1; i <16; i++)  // 填充一行中的18个字节数据
 271   2              {
 272   3                  Write_Data(DATA);  // 将指定的字节数据写入到当前绘图位置
 273   3              }
 274   2              YPosition++;  // 移动到下一行
 275   2          }   
 276   1          YPosition = 0;  // 完成后将Y轴位置重置
 277   1      }
 278          
 279                  
 280          /**
 281            * @brief  屏幕初始化
 282            * @param  None
 283            * @retval None
 284            */
 285           void Lcd12864spi_init(void)
 286          {
 287   1      
 288   1              Write_Command(0x30);
 289   1              Delay(1);
 290   1              Write_Command(0x30);
 291   1              Delay(1);
 292   1              Write_Command(0x08);
 293   1              Delay(1);
 294   1              Write_Command(0x10);
 295   1              Delay(1);
 296   1              Write_Command(0x0c);
 297   1              Delay(1);
 298   1              Write_Command(0x01);
 299   1              Delay(1);
 300   1              Write_Command(0x06);
 301   1              Delay(1);
 302   1              Display_Clear();
C51 COMPILER V9.60.7.0   LCD12864                                                          07/01/2025 16:58:24 PAGE 6   

 303   1      }
 304          
 305          /**
 306            * @brief  屏幕逐个显示字符。
 307            * @param  None
 308            * @retval None
 309            */
 310          
 311          void moveToNextCharPosition(void)  // 移动光标到下一个字符位置
 312          {
 313   1              
 314   1          X++;                       // 字符位置加1
 315   1          X &= 0x0F;                 // 限制CXPOS在0到15的范围内
 316   1      
 317   1          if (X == 0)                // 如果CXPOS为0，表示需要换行
 318   1          {   
 319   2              Y++;                   // 行位置加1
 320   2              Y &= 0x3;             // 限制CYPOS在0到3的范围内
 321   2          }
 322   1      }
 323          
 324          
 325          /**
 326            * @brief  设置字符光标在LCD内部RAM的地址
 327            * @param  None
 328            * @retval None
 329            */
 330          void setLcdCursorPosition(void)  
 331          {
 332   1              unsigned char addDDRAM;
 333   1              X &= 0xF;// 限制在0-15列 
 334   1              addDDRAM = X / 2;//每两个字符共享一个 DDRAM 单元
 335   1              if (Y == 0) Write_Command(addDDRAM | 0x80);// DDRAM地址:80H-87H
 336   1              else if (Y == 1) Write_Command(addDDRAM | 0x90);// DDRAM地址:90H-97H
 337   1              else if (Y == 2) Write_Command(addDDRAM | 0x88);// DDRAM地址:88H-8FH
 338   1              else if (Y == 3) Write_Command(addDDRAM | 0x98);// DDRAM地址:98H-9FH
 339   1      }       
 340          
 341          
 342          /**
 343            * @brief  处理图形数据
 344            * @param  imageData[] 图像数组
 345            * @retval None
 346            */
 347          void drawimge(unsigned char code *imgeData)
 348          {
 349   1          unsigned char width, height;
 350   1          
 351   1          // 获取图像的宽度
 352   1          width = *imgeData;
 353   1          imgeData++;  // 指针向前移动，指向图像高度
 354   1          
 355   1          // 获取图像的高度
 356   1          height = *imgeData;
 357   1          imgeData++;  // 指针向前移动，指向实际图像数据
 358   1          
 359   1          // 显示图像
 360   1          drawImageWithSize(width, height, imgeData);
 361   1      }
 362          
 363          
 364          //                                    128                  64
C51 COMPILER V9.60.7.0   LCD12864                                                          07/01/2025 16:58:24 PAGE 7   

 365          void drawImageWithSize(unsigned char width, unsigned char height, unsigned char code *imgeData)
 366          {
 367   1          unsigned char pixelX, pixelY, x;
 368   1           x = XPosition;  // 保存当前X位置
 369   1      
 370   1          // 遍历图像的高度（逐行显示）
 371   1          for (pixelY = 0; pixelY < height; pixelY++, YPosition++)  // 每次遍历一行，GYPOS增加一行
 372   1          {
 373   2              // 遍历图像的宽度
 374   2              for (XPosition = x, pixelX = 0; pixelX < width;)
 375   2              {       if ((XPosition & 0x08) == 0) Set_DrawingPosition();  // 根据位置设置光标
 376   3                  Write_Data(*imgeData);                   // 显示当前字节的图像数据
 377   3                  imgeData++;                         // 移动到下一个字节
 378   3                  pixelX += 8;                         // X位置每次移动8个像素（每个字节8像素）
 379   3                  XPosition += 8;                          // 光标在X方向移动8个像素
 380   3              }
 381   2          }
 382   1      
 383   1          XPosition = x;  // 恢复X方向的起始位置
 384   1      }
 385          
 386          
 387          /**
 388            * @brief  自定义字符(点阵图形)写入LCD12864的字符生成 RAM
 389            * @param  charindex:0-7,pattern[] 图像数组
 390            * @retval None
 391            */
 392          void setchartoCGRAM(unsigned char charindex ,unsigned char code *pattern)
 393          {
 394   1              unsigned char i;
 395   1               // 切换到扩展指令集并激活 CGRAM
 396   1          Write_Command(0x34);  // 进入扩展指令集，图形模式关闭
 397   1          Write_Command(0x02);  // 设置 SR = 0，激活 CGRAM
 398   1          Write_Command(0x30);  // 返回基本指令集
 399   1              
 400   1              // 设置 CGRAM 地址 (低 2 位取自 charIndex，并与 0x40 合并)
 401   1              Write_Command(((charindex &0x3)<<4) |0x40);//設定CGRAM位址,P21
 402   1              for(i=0;i<32;i++)
 403   1                      Write_Data(*pattern); // 写入并移动到下一个字节
 404   1              
 405   1      }
 406          
 407          
 408          /**
 409           * @brief 在指定的 (cx, cy) 位置显示字符串
 410           * @param x 0-4 字符的X坐标位置
 411           * @param y 0-4 字符的Y坐标位置
 412           * @param s 要显示的字符串
 413           */
 414          void DisplaystringAtposition(unsigned char x ,unsigned char y ,unsigned char code*s)
 415          {
 416   1              X=x;
 417   1              Y=y;
 418   1              DisplayString(s);
 419   1      }
 420          
 421                 
 422          
 423          /**
 424           * @brief 显示字符串，直到遇到字符码为0
 425           * @param str 要显示的字符串
 426           */
C51 COMPILER V9.60.7.0   LCD12864                                                          07/01/2025 16:58:24 PAGE 8   

 427          void DisplayString(unsigned char code *str) 
 428          {
 429   1          unsigned int charCode;
 430   1      
 431   1          while (1) 
 432   1          {
 433   2              charCode = *str;  // 读取当前字符
 434   2              str++;  // 移动到下一个字符
 435   2      
 436   2              if (charCode == 0) break;  // 如果字符码为0，结束字符串显示
 437   2      
 438   2              if (charCode < 128)
 439   2              {
 440   3                  putchar(charCode);  // 显示ASCII字符
 441   3              }
 442   2              else
 443   2              {
 444   3                  // 处理扩展字符（高位和低位字节组合）
 445   3                  putchar(charCode * 256 + *str);
 446   3                  str++;  // 跳过下一个字符（低位字节）
 447   3              }
 448   2          }
 449   1      }
 450          
 451          
 452          /**
 453           * @brief 显示字符到LCD屏幕上，并处理字符类型和自动对齐
 454           *
 455           * 该函数用于在LCD上显示字符，支持ASCII字符和汉字的显示，并处理字符位置的对齐。
 456           * 对于汉字（字符码大于128），会自动处理两个字节并根据当前光标位置进行对齐；
 457           * 对于ASCII字符（字符码小于128），如果在奇数位置会进行适当的对齐补充。
 458           * 
 459           * @param c 要显示的字符，可能是ASCII字符或汉字字符。
 460           * 
 461           * @note 
 462           * - 汉字字符码大于128，且占两个字节（高字节和低字节）。该函数会自动分段显示。
 463           * - 自定义字符的高字节为0xFF，转换为ST7920控制器的字符码格式。
 464           */
 465          void putchar(unsigned int c) 
 466          {
 467   1          if (c > 128) // 字符码大于128表示为汉字
 468   1          {
 469   2              if ((X & 0x1) == 1) // 如果CXPOS字符位置在奇数位置
 470   2              {
 471   3                  Write_Data(' '); // 自动补添一个空格对齐
 472   3                  moveToNextCharPosition(); // 置字符位置为下一个有效位置
 473   3              }
 474   2              setLcdCursorPosition(); // 设置字符位置
 475   2              if ((c & 0xff00) == 0xff00) // 如果高位字节为0xFF表示自定义字符
 476   2              {
 477   3                  c = 0xffff - c; // 转换为ST7920的字符码
 478   3              }
 479   2              Write_Data(c / 256); // 256写高位字符
 480   2              moveToNextCharPosition(); // 置字符位置为下一个有效位置
 481   2              Write_Data(c & 0xff); // 写低位字符
 482   2              moveToNextCharPosition(); // 置字符位置为下一个有效位置
 483   2          }
 484   1          else // 字符码小于128表示为ASCII字符
 485   1          {
 486   2              setLcdCursorPosition(); // 设置字符位置
 487   2              if ((X& 0x1) == 1) // 如果CXPOS字符位置在奇数位置
 488   2              {
C51 COMPILER V9.60.7.0   LCD12864                                                          07/01/2025 16:58:24 PAGE 9   

 489   3                  Write_Data(FCHARBUF); // 重新写高位字符缓冲区内容
 490   3                  Write_Data(c); // 写当前字符
 491   3              }
 492   2              else // 如果CXPOS字符位置在偶数位置
 493   2              {
 494   3                  Write_Data(c); // 直接写当前字符
 495   3                  FCHARBUF = c; // 保存当前字符到高位字符缓冲变量
 496   3                  Write_Data(' '); // 自动补显一个空格
 497   3              }
 498   2              moveToNextCharPosition(); // 置字符位置为下一个有效位置
 499   2          }
 500   1      }
 501          
 502          
 503          
 504          /**
 505           * @brief 在整个LCD屏幕上填充指定的ASCII字符
 506           * 该函数会在LCD的每个字符位置显示由参数 `c` 代表的ASCII字符。
 507           * 它通过循环逐个字符地在屏幕上显示，直到返回到初始位置（0,0），从而完成整个屏幕的填充。
 508           * @param c 要显示的ASCII字符
 509           */
 510          void charlcdfill(unsigned int c) // 整屏显示指定ASCII字符的子程序
 511          {   
 512   1          for (X = Y = 0; 1;) // 初始化X和Y坐标为0,0，并开始无限循环
 513   1          {   
 514   2              putchar(c); // 调用putchar函数，在当前位置显示字符
 515   2              if ((X == 0) && (Y == 0)) break; // 如果已经返回到屏幕起始位置(0,0)，则退出循环
 516   2          }
 517   1      }
 518          
 519          
 520          
 521          //斜线图案
 522          void FillDiagonalLinePattern(void)
 523          {
 524   1          unsigned char x, y;
 525   1      
 526   1          for (y = 0; y < 64; y++)  // 遍历Y轴
 527   1          {
 528   2              YPosition = y;
 529   2              Set_DrawingPosition();
 530   2      
 531   2              for (x = 0; x < 16; x++)  // 遍历X轴
 532   2              {
 533   3                  Write_Data(1 << (y % 8));  
 534   3              }
 535   2          }
 536   1      
 537   1      }
 538          
 539          
 540          // 按行填充图案（如麻点、水平条纹）
 541          // evenData: 偶数行数据，oddData: 奇数行数据
 542          void ST7920_Fill_Row(unsigned char evenData, unsigned char oddData)
 543          {
 544   1          unsigned char x, y;
 545   1          for (y = 0; y < 64; y++) {
 546   2              YPosition = y;
 547   2              Set_DrawingPosition();
 548   2      
 549   2              for (x = 0; x < 16; x++) {
 550   3                  if (y % 2 == 0)
C51 COMPILER V9.60.7.0   LCD12864                                                          07/01/2025 16:58:24 PAGE 10  

 551   3                      Write_Data(evenData);
 552   3                  else
 553   3                      Write_Data(oddData);
 554   3              }
 555   2          }
 556   1      }


MODULE INFORMATION:   STATIC OVERLAYABLE
   CODE SIZE        =    883    ----
   CONSTANT SIZE    =   ----    ----
   XDATA SIZE       =   ----    ----
   PDATA SIZE       =   ----    ----
   DATA SIZE        =      6       9
   IDATA SIZE       =   ----    ----
   BIT SIZE         =   ----       1
END OF MODULE INFORMATION.


C51 COMPILATION COMPLETE.  0 WARNING(S),  0 ERROR(S)
