C51 COMPILER V9.60.7.0   MIAN                                                              07/29/2025 13:44:49 PAGE 1   


C51 COMPILER V9.60.7.0, COMPILATION OF MODULE MIAN
OBJECT MODULE PLACED IN .\Objects\mian.obj
COMPILER INVOKED BY: D:\KEIL_STM32\C51\BIN\C51.EXE mian.c OPTIMIZE(8,SPEED) BROWSE DEBUG OBJECTEXTEND PRINT(.\Listings\m
                    -ian.lst) OBJECT(.\Objects\mian.obj)

line level    source

   1          #include <REGX52.H>
   2          #include "lcd12864.h"
   3          #include "picture.h"
   4          
   5          unsigned char mode;
   6          
   7          void main(void)
   8          {
   9   1              Lcd12864spi_init();            // 初始化LCD
  10   1              charlcdfill(' ');       
  11   1              drawimge(Img_SUNMAN_128x64);    
  12   1              DisplaystringAtposition(2,1,"广东烨辉科");
  13   1              DisplaystringAtposition(2,2,"技有限公司");
  14   1              DisplaystringAtposition(3,3,"LCM-12864");
  15   1              Delay(500);
  16   1          charlcdfill(' ');
  17   1              ST7920_Fill_Row(0x55, 0xAA);  
  18   1              Delay(500);     
  19   1              ST7920_Fill_Row(0xAA, 0x55);  
  20   1              Delay(500);     
  21   1              ST7920_Fill_Row(0x00, 0xFF);  
  22   1              Delay(500);     
  23   1              ST7920_Fill_Row(0xFF, 0x00);  
  24   1              Delay(500);     
  25   1              ST7920_Fill_Row(0x55, 0x55);
  26   1              Delay(500);
  27   1              ST7920_Fill_Row(0xAA, 0xAA);   
  28   1              Delay(500);
  29   1              ST7920_Fill_Row(0xFF, 0xFF);   
  30   1              Delay(500);
  31   1       
  32   1      while (1)
  33   1      {       
  34   2                      if (ReadKey1()) 
  35   2                {  
  36   3                      charlcdfill(' ');
  37   3                      mode++;
  38   3                      mode %= 7;                      
  39   3                      switch (mode) 
  40   3                {
  41   4              case 0:            
  42   4                              ST7920_Fill_Row(0x55, 0xaa);  
  43   4                  break;
  44   4              case 1:
  45   4                  ST7920_Fill_Row(0xaa, 0x55);   
  46   4                  break;
  47   4              case 2:
  48   4                  ST7920_Fill_Row(0x55, 0x55);   
  49   4                  break;
  50   4              case 3:
  51   4                 ST7920_Fill_Row(0xaa, 0xaa);   
  52   4                  break;
  53   4              case 4:
  54   4                  ST7920_Fill_Row(0xFF, 0x00);   
C51 COMPILER V9.60.7.0   MIAN                                                              07/29/2025 13:44:49 PAGE 2   

  55   4                  break;
  56   4              case 5:
  57   4                  ST7920_Fill_Row(0x00, 0xFF);   
  58   4                  break;
  59   4                      case 6:
  60   4                              ST7920_Fill_Row(0xFF, 0xFF);  
  61   4                              break;   
  62   4                      }
  63   3              }                       
  64   2                      }       
  65   1      }
  66          


MODULE INFORMATION:   STATIC OVERLAYABLE
   CODE SIZE        =    250    ----
   CONSTANT SIZE    =     32    ----
   XDATA SIZE       =   ----    ----
   PDATA SIZE       =   ----    ----
   DATA SIZE        =      1    ----
   IDATA SIZE       =   ----    ----
   BIT SIZE         =   ----    ----
END OF MODULE INFORMATION.


C51 COMPILATION COMPLETE.  0 WARNING(S),  0 ERROR(S)
