C51 COMPILER V9.60.7.0   LCM160160                                                         04/14/2025 10:39:58 PAGE 1   


C51 COMPILER V9.60.7.0, COMPILATION OF MODULE LCM160160
OBJECT MODULE PLACED IN .\Objects\lcm160160.obj
COMPILER INVOKED BY: D:\KEIL_STM32\C51\BIN\C51.EXE lcm160160.c COMPACT OPTIMIZE(8,SPEED) BROWSE DEBUG OBJECTEXTEND PRINT
                    -(.\Listings\lcm160160.lst) OBJECT(.\Objects\lcm160160.obj)

line level    source

   1          #include <REGX52.H>
   2          #include <INTRINS.H>
   3          #include "lcm160160.h"
   4          #include "pic.h"
   5          unsigned char UC_ISPAUSE ;
   6          
   7          void delayms(uint uc_ms)
   8          {
   9   1              uchar uc_dlay1;
  10   1      
  11   1              while (uc_ms--)
  12   1                      for (uc_dlay1=0; uc_dlay1<125; uc_dlay1++);
  13   1      }
  14          
  15          void delay100ms()
  16          {
  17   1              uchar uc_dlay;
  18   1              uc_dlay = LCD_DLY;
  19   1              while (uc_dlay--)
  20   1                      delayms(100);
  21   1      }
  22          
  23          //蜂鸣器
  24          void BeepN(uchar uc_times)
  25          {
  26   1              uchar i;
  27   1              for (i=0;i<uc_times;i++)
  28   1              {
  29   2                      BEEP_PORT =1;
  30   2                      delayms(1000);
  31   2                      BEEP_PORT =0;
  32   2                      delayms(1000);
  33   2      
  34   2              };
  35   1      }
  36          
  37          //Interrupt 0 外部中断0（INT0） 
  38          void Func_int0() interrupt 0 using 1
  39          {
  40   1              if (uc_IsPause == 0)
  41   1                      uc_IsPause = 1;
  42   1              else
  43   1                      uc_IsPause = 0;
  44   1      
  45   1      
  46   1              if ( uc_IsPause == 1 )
  47   1                      while (1)
  48   1                      {
  49   2                              if (PAUSE == 0)
  50   2                                      return;
  51   2                      }
  52   1      }
  53          
  54          void SendByte(uchar uc_dat)
C51 COMPILER V9.60.7.0   LCM160160                                                         04/14/2025 10:39:58 PAGE 2   

  55          {
  56   1              uchar uc_bitcnt;
  57   1              for(uc_bitcnt=0; uc_bitcnt<8; uc_bitcnt++)
  58   1              {
  59   2                      SCK_PORT = 0; 
  60   2                      SDA_PORT = 0;
  61   2      
  62   2                      if (uc_dat & 0x80) 
  63   2                              SDA_PORT = 1; /*发送数据由高位到低位传送*/
  64   2      
  65   2                      SCK_PORT = 1; /*钳住总线准备下一个数据位*/
  66   2      //              uc_dat= uc_dat <<1; /*发送数据左移一位*/
  67   2                      uc_dat <<=1; /*发送数据左移一位*/
  68   2              }
  69   1      }
  70          
  71          //Write Instruction Code
  72          void wr_cmd(uchar uc_cmd)
  73          {
  74   1              A0_PORT = 0;
  75   1      
  76   1              CS_PORT = 0;
  77   1              CS1_PORT = 0;
  78   1              
  79   1              SendByte(uc_cmd);
  80   1      
  81   1              CS_PORT = 1;
  82   1              CS1_PORT = 1;
  83   1      }
  84          
  85          //Write Display RAM Data
  86          void wr_dat(uchar uc_dat)
  87          {
  88   1              A0_PORT = 1;
  89   1      
  90   1              CS_PORT = 0;
  91   1              CS1_PORT = 0;
  92   1      
  93   1              SendByte(uc_dat);
  94   1      
  95   1              CS_PORT = 1;
  96   1              CS1_PORT = 1;
  97   1      }
  98          
  99          
 100          //Write Instruction Code
 101          void wr_cmd1(uchar uc_cmd)
 102          {
 103   1              A0_PORT = 0;
 104   1      
 105   1              CS_PORT = 0;
 106   1              
 107   1              SendByte(uc_cmd);
 108   1      
 109   1              CS_PORT = 1;
 110   1      }
 111          
 112          //Write Display RAM Data
 113          void wr_dat1(uchar uc_dat)
 114          {
 115   1              A0_PORT = 1;
 116   1      
C51 COMPILER V9.60.7.0   LCM160160                                                         04/14/2025 10:39:58 PAGE 3   

 117   1              CS_PORT = 0;
 118   1      
 119   1              SendByte(uc_dat);
 120   1      
 121   1              CS_PORT = 1;
 122   1      }
 123          
 124          //Write Instruction Code
 125          void wr_cmd2(uchar uc_cmd)
 126          {
 127   1              A0_PORT = 0;
 128   1      
 129   1              CS1_PORT = 0;
 130   1              
 131   1              SendByte(uc_cmd);
 132   1      
 133   1              CS1_PORT = 1;
 134   1      }
 135          
 136          //Write Display RAM Data
 137          void wr_dat2(uchar uc_dat)
 138          {
 139   1              A0_PORT = 1;
 140   1      
 141   1              CS1_PORT = 0;
 142   1      
 143   1              SendByte(uc_dat);
 144   1      
 145   1              CS1_PORT = 1;
 146   1      }
 147          
 148          void wr_cmdXcs(uchar uc_cmd)
 149          {
 150   1              A0_PORT = 0;
 151   1      
 152   1              CS_PORT = 1;
 153   1              CS1_PORT = 1;
 154   1              
 155   1              SendByte(uc_cmd);
 156   1      }
 157          
 158          uchar rd_reg1()
 159          {
 160   1              uchar uc_RetVal,uc_BitCnt;
 161   1              bit b_sda;
 162   1      
 163   1              A0_PORT  = 0;
 164   1              CS_PORT  = 0;
 165   1      
 166   1              SendByte(0xFE);
 167   1      
 168   1              SDA_PORT = 1;
 169   1      
 170   1              uc_RetVal =0;
 171   1              for(uc_BitCnt=0; uc_BitCnt<8; uc_BitCnt++)
 172   1              {
 173   2                      uc_RetVal= uc_RetVal <<1;
 174   2              
 175   2                      SCK_PORT = 0; 
 176   2                      
 177   2                      b_sda =SDA_PORT;
 178   2                      if ( b_sda==1)
C51 COMPILER V9.60.7.0   LCM160160                                                         04/14/2025 10:39:58 PAGE 4   

 179   2                              uc_RetVal =uc_RetVal |0x01;
 180   2      
 181   2                      SCK_PORT = 1; 
 182   2              };
 183   1      
 184   1              CS_PORT = 1;
 185   1      
 186   1              return uc_RetVal;
 187   1      }
 188          
 189          uchar rd_reg2()
 190          {
 191   1              uchar uc_RetVal,uc_BitCnt;
 192   1              bit b_sda;
 193   1      
 194   1              A0_PORT  = 0;
 195   1              CS1_PORT = 0;
 196   1      
 197   1              SendByte(0xFE);
 198   1      
 199   1              SDA_PORT = 1;
 200   1      
 201   1              uc_RetVal =0;
 202   1              for(uc_BitCnt=0; uc_BitCnt<8; uc_BitCnt++)
 203   1              {
 204   2                      uc_RetVal= uc_RetVal <<1;
 205   2              
 206   2                      SCK_PORT = 0; 
 207   2                      
 208   2                      b_sda =SDA_PORT;
 209   2                      if ( b_sda==1)
 210   2                              uc_RetVal =uc_RetVal |0x01;
 211   2      
 212   2                      SCK_PORT = 1; 
 213   2              };
 214   1      
 215   1              CS1_PORT = 1;
 216   1      
 217   1              return uc_RetVal;
 218   1      }
 219          
 220          uchar rd_ProId1()
 221          {       uchar uc_ProID;
 222   1              wr_cmd1(0x38); //Extension Command 3
 223   1              wr_cmd1(0x7F); //Enable Read ID
 224   1      
 225   1              wr_cmd1(0x30);//Extension command 1
 226   1              uc_ProID =rd_reg1();
 227   1      
 228   1              wr_cmd1(0x38); //Extension Command 3
 229   1              wr_cmd1(0x7E); //Disable Read ID
 230   1              wr_cmd1(0x30);//Extension command 1
 231   1              
 232   1              return uc_ProID;
 233   1      }
 234          
 235          uchar rd_ProId2()
 236          {       uchar uc_ProID;
 237   1              wr_cmd2(0x38); //Extension Command 3
 238   1              wr_cmd2(0x7F); //Enable Read ID
 239   1      
 240   1              wr_cmd2(0x30);//Extension command 1
C51 COMPILER V9.60.7.0   LCM160160                                                         04/14/2025 10:39:58 PAGE 5   

 241   1              uc_ProID =rd_reg2();
 242   1      
 243   1              wr_cmd2(0x38); //Extension Command 3
 244   1              wr_cmd2(0x7E); //Disable Read ID
 245   1              wr_cmd2(0x30);//Extension command 1
 246   1      
 247   1              return uc_ProID;
 248   1      }
 249          
 250          void LCD_RST()
 251          {
 252   1              RST_PORT=0;
 253   1              delayms(5);
 254   1      
 255   1              RST_PORT=1;
 256   1              delayms(150);
 257   1      }
 258          
 259          //ST75161 Initialization
 260          void LCD_Initial()
 261          {
 262   1              
 263   1              wr_cmd(0x31); // Extension Command 2
 264   1              wr_cmd(0xD7); // Disable Auto Read
 265   1              wr_dat(0x9F);
 266   1      
 267   1              wr_cmd(0xE0); // Enable OTP Read
 268   1              wr_dat(0x00);
 269   1              delayms(10);
 270   1      
 271   1              wr_cmd(0xE3); // OTP Up-Load
 272   1              delayms(20);
 273   1      
 274   1              wr_cmd(0xE1); // OTP Control Out
 275   1      
 276   1              wr_cmd(0x30);//Extension command 1
 277   1              wr_cmd(0x94);//Sleep out mode
 278   1              wr_cmd(0xD1);//Turns on the internal oscillation circuit.
 279   1              
 280   1              wr_cmd(0xAE);//Display OFF
 281   1              delayms(50);
 282   1              wr_cmd(0xA6);//INV=0: Normal display
 283   1      
 284   1              wr_cmd(0xCA);//Display Control
 285   1              wr_dat(0x00);//CLD=0: not divide
 286   1              wr_dat(0x9F);//1/160 Duty
 287   1              wr_dat(0x25);//0 Line cycles in a frame  0x00
 288   1      
 289   1              wr_cmd(0xBC);//Data Scan Direction
 290   1              wr_dat(0x00);//MV =0: In the column direction;MX =0: Normal
 291   1      
 292   1              wr_cmd(0xAB);//Start line address
 293   1              wr_dat(0x00);
 294   1      
 295   1              wr_cmd(0x20);//Power Control
 296   1              wr_dat(0x0B);//VB\VR\VF On
 297   1      
 298   1              wr_cmd(0x81);//Power Control
 299   1              wr_dat(ui_VopSet&0x3F);//Vop5~Vop0,0~3F  0x20
 300   1              wr_dat(ui_VopSet>>6);//Vop8~Vop6,0~7   0x04
 301   1      
 302   1              
C51 COMPILER V9.60.7.0   LCM160160                                                         04/14/2025 10:39:58 PAGE 6   

 303   1              wr_cmd(0x0C);//Data Format Select,DO=1: LSB is on top; D0~D7  0C
 304   1              
 305   1              wr_cmd(0xF0);//Display Mode
 306   1              wr_dat(0x10);//DM=0 :Mono(Default)
 307   1              
 308   1              wr_cmd(0x76);//ICON=0 ; Disable ICON RAM.
 309   1      
 310   1              wr_cmd(0x31);//Extension command 2
 311   1              wr_cmd(0x32);//Analog circuit set
 312   1              wr_dat(0x00);//
 313   1              wr_dat(0x01);//Booster Efficiency =6KHz
 314   1              wr_dat(0x03);//1/11 Bias
 315   1      
 316   1              wr_cmd(0x51);//Booster Level
 317   1              wr_dat(0xFB);//10 Times
 318   1      
 319   1              wr_cmd(0xF0);    // Frame Rate 
 320   1              wr_dat(0x01);    // FA=10Hz
 321   1              wr_dat(0x03);    // FB=34.5Hz
 322   1              wr_dat(0x06);    // FC=46Hz
 323   1              wr_dat(0x0D);    // FD=73Hz
 324   1      
 325   1              wr_cmd(0xF2);     // Temperature Range
 326   1              wr_dat(0x03);    // TA=-37
 327   1              wr_dat(0x23);    // TB=-5
 328   1              wr_dat(0x40);    // TC=24
 329   1              
 330   1              wr_cmd(0xF4);    // Temperature Gradient Compensation
 331   1              wr_dat(0x43);    // MT1=4,MT0=3
 332   1              wr_dat(0x11);    // MT3=1,MT2=1
 333   1              wr_dat(0x11);    // MT5=1,MT4=1
 334   1              wr_dat(0x11);    // MT7=1,MT6=1
 335   1              wr_dat(0x00);    // MT9=0,MT8=0
 336   1              wr_dat(0x06);    // MTB=0,MTA=6 
 337   1              wr_dat(0xBC);    // MTD=11,MTV=12
 338   1              wr_dat(0xFF);    // MTF=15,MTE=15
 339   1              
 340   1              wr_cmd(0x30);//Extension command 1
 341   1              wr_cmd(0xAF);//Display On
 342   1      
 343   1      
 344   1      
 345   1      //      RST_PORT=0; 
 346   1      //      delayms(100); 
 347   1      //      RST_PORT=1; 
 348   1      //      delayms(500); 
 349   1      //      wr_cmd(0x30);  //EXT=0
 350   1      //      wr_cmd(0x94);  //Sleep out 
 351   1      //      wr_cmd(0x31);  //EXT=1 
 352   1      //      wr_cmd(0xD7);  //Autoread disable 
 353   1      //      wr_dat(0X9F);     
 354   1      //      wr_cmd(0x32);  //Analog SET 
 355   1      //      wr_dat(0x00);  //OSC Frequency adjustment   
 356   1      //      wr_dat(0x01);  //Frequency on booster capacitors->6KHz   
 357   1      //      wr_dat(0x00);  //Bias=1/14   
 358   1      //      wr_cmd(0x20);  // Gray Level 
 359   1      //      wr_dat(0x01);  
 360   1      //      wr_dat(0x03); 
 361   1      //      wr_dat(0x05); 
 362   1      //      wr_dat(0x07);  
 363   1      //      wr_dat(0x09); 
 364   1      //      wr_dat(0x0b); 
C51 COMPILER V9.60.7.0   LCM160160                                                         04/14/2025 10:39:58 PAGE 7   

 365   1      //      wr_dat(0x0d); 
 366   1      //      wr_dat(0x10); 
 367   1      //      wr_dat(0x11); 
 368   1      //      wr_dat(0x13); 
 369   1      //      wr_dat(0x15); 
 370   1      //      wr_dat(0x17); 
 371   1      //      wr_dat(0x19); 
 372   1      //      wr_dat(0x1b); 
 373   1      //      wr_dat(0x1d); 
 374   1      //      wr_dat(0x1f);
 375   1      //      wr_cmd(0x31);   //EXT=1 
 376   1      //      wr_cmd(0xf0);   //此指令比较重要,不加此指令升压会慢0.5s 
 377   1      //      wr_dat(0x0f);   
 378   1      //      wr_dat(0x0f); 
 379   1      //      wr_dat(0x0f); 
 380   1      //      wr_dat(0x0f); 
 381   1      //      wr_cmd(0x30);   //EXT=0 
 382   1      //      wr_cmd(0x75);   //Page Address setting 
 383   1      //      wr_dat(0X00);   // XS=0   
 384   1      //      wr_dat(0X28);   // XE=159 0x28  
 385   1      //      wr_cmd(0x15);   //Clumn Address setting 
 386   1      //      wr_dat(0X00);   // XS=0  
 387   1      //      wr_dat(0Xff);   // XE=256  
 388   1      //      wr_cmd(0xBC);   //Data scan direction
 389   1      //      wr_dat(0x00);   //MX.MY=Normal  
 390   1      //      wr_dat(0xA6);  
 391   1      //      wr_cmd(0xCA);   //Display Control 
 392   1      //      wr_dat(0X00);      
 393   1      //      wr_dat(0X9F);    //Duty=160  
 394   1      //      wr_dat(0X20);    //Nline=off  
 395   1      //      wr_cmd(0xF0);    //Display Mode  
 396   1      //      wr_dat(0X10);    //10=Monochrome Mode,11=4Gray  
 397   1      //      wr_cmd(0x81);    //EV control 
 398   1      //      wr_dat(0x27);    //微调对比度的值，可设置范围0x00～0x3f
 399   1      //      wr_dat(0x05);    //粗调对比度，可设置范围0x00～0x07
 400   1      //      wr_cmd(0x20);    //Power control   
 401   1      //      wr_dat(0x0B);    //D0=regulator ; D1=follower ; D3=booste,  on:1 off:0   
 402   1      //      delayms(20);            
 403   1      //      wr_cmd(0xAF);    //Display on   
 404   1      
 405   1      } 
 406          
 407          
 408          
 409          //========================================================
 410          void VOP_Fine_TuneH()
 411          {
 412   1              wr_cmd(0xD6);
 413   1      }
 414          //========================================================
 415          void VOP_Fine_TuneL()
 416          {
 417   1              wr_cmd(0xD7);
 418   1      }
 419          
 420          //========================================================
 421          void OTP_Write()     
 422          {       
 423   1        wr_cmd(0x30);//Extension Command 1 
 424   1        wr_cmd(0xAE);//Display OFF 
 425   1        delayms(50);   // Delay 50ms 
 426   1      
C51 COMPILER V9.60.7.0   LCM160160                                                         04/14/2025 10:39:58 PAGE 8   

 427   1        wr_cmd(0x39);//Enable OTP
 428   1        wr_cmd(0xD6);    
 429   1        wr_dat(0x10);
 430   1         
 431   1        wr_cmd(0x31);//Extension Command 2   
 432   1        wr_cmd(0xF0);//Frame Rate = 73Hz 
 433   1        wr_dat(0x0D);     
 434   1        wr_dat(0x0D);     
 435   1        wr_dat(0x0D);     
 436   1        wr_dat(0x0D);     
 437   1             
 438   1        wr_cmd(0xE4);//OTP Selection Control 
 439   1        wr_dat(0x99);   
 440   1        
 441   1        wr_cmd(0xE5);//OTP Programming Setting 
 442   1        wr_dat(0x0F); 
 443   1          
 444   1        wr_cmd(0xE0);//OTP WR/RD Control 
 445   1        wr_dat(0x20);     
 446   1        delayms(100);  //Delay 50ms 
 447   1      
 448   1        wr_cmd(0xE2);//OTP Write 
 449   1        delayms(100);  //Delay 100ms 
 450   1      
 451   1        wr_cmd(0xE1);//OTP Control Out 
 452   1      
 453   1        wr_cmd(0x30);//Extension Command 1 
 454   1      } 
 455          
 456          void Chk_ProdExist()
 457          {
 458   1              uchar uc_rdStus;
 459   1      
 460   1              uc_rdStus =rd_ProId1();
 461   1              if ((uc_rdStus &0x03)==0x01)
 462   1              {
 463   2                      uc_ProdExist1 =1;
 464   2              }
 465   1              else
 466   1              {
 467   2                      uc_ProdExist1 =0;
 468   2              };
 469   1      
 470   1      
 471   1              uc_rdStus =rd_ProId2();
 472   1              if ((uc_rdStus &0x03)==0x01)
 473   1              {
 474   2                      uc_ProdExist2 =1;
 475   2              }
 476   1              else
 477   1              {
 478   2                      uc_ProdExist2 =0;
 479   2              };
 480   1      }
 481          
 482          void disp_ASC1(uchar uc_RowNo,uchar uc_ColNo,uchar uc_CharCode)
 483          {
 484   1              uchar uc_ColCnt,uc_PageCnt;
 485   1      
 486   1              wr_cmd1(0x30);//Extension command 1
 487   1      
 488   1              wr_cmd1(0x75);//Set Page Address
C51 COMPILER V9.60.7.0   LCM160160                                                         04/14/2025 10:39:58 PAGE 9   

 489   1              wr_dat1(uc_RowNo);//Start Page
 490   1              wr_dat1(uc_RowNo +1);//End Page
 491   1      
 492   1              wr_cmd1(0x15);//Set Column Address
 493   1              wr_dat1(uc_ColNo);//Start Column
 494   1              wr_dat1(uc_ColNo +7);//End Column
 495   1              
 496   1              wr_cmd1(0x5C);
 497   1              
 498   1              for (uc_PageCnt=0;uc_PageCnt < 2;uc_PageCnt++)  
 499   1              {
 500   2                      for (uc_ColCnt=0;uc_ColCnt <8;uc_ColCnt++)
 501   2                              wr_dat1(ASCIILIB[(uc_CharCode -0x20) *16 +uc_PageCnt *8 +uc_ColCnt]);
 502   2              }
 503   1      }
 504          
 505          void disp_ASCStr1(uchar uc_RowNum,uchar uc_ColNum,uchar *StrAddr,uchar uc_StrLen)
 506          {
 507   1              uchar uc_CharCnt,uc_CharCode;
 508   1      
 509   1              for (uc_CharCnt=0;uc_CharCnt < uc_StrLen;uc_CharCnt++)  
 510   1              {
 511   2                      uc_CharCode = StrAddr[uc_CharCnt];
 512   2                      disp_ASC1(uc_RowNum,uc_ColNum +uc_CharCnt*8,uc_CharCode);
 513   2              }
 514   1      }
 515          
 516          void disp_ASC2(uchar uc_RowNo,uchar uc_ColNo,uchar uc_CharCode)
 517          {
 518   1              uchar uc_ColCnt,uc_PageCnt;
 519   1      
 520   1              wr_cmd2(0x30);//Extension command 1
 521   1      
 522   1              wr_cmd2(0x75);//Set Page Address
 523   1              wr_dat2(uc_RowNo);//Start Page
 524   1              wr_dat2(uc_RowNo +1);//End Page
 525   1      
 526   1              wr_cmd2(0x15);//Set Column Address
 527   1              wr_dat2(uc_ColNo);//Start Column
 528   1              wr_dat2(uc_ColNo +7);//End Column
 529   1              
 530   1              wr_cmd2(0x5C);
 531   1              
 532   1              for (uc_PageCnt=0;uc_PageCnt < 2;uc_PageCnt++)  
 533   1              {
 534   2                      for (uc_ColCnt=0;uc_ColCnt <8;uc_ColCnt++)
 535   2                              wr_dat2(ASCIILIB[(uc_CharCode -0x20) *16 +uc_PageCnt *8 +uc_ColCnt]);
 536   2              }
 537   1      }
 538          
 539          void disp_ASCStr2(uchar uc_RowNum,uchar uc_ColNum,uchar *StrAddr,uchar uc_StrLen)
 540          {
 541   1              uchar uc_CharCnt,uc_CharCode;
 542   1      
 543   1              for (uc_CharCnt=0;uc_CharCnt < uc_StrLen;uc_CharCnt++)  
 544   1              {
 545   2                      uc_CharCode = StrAddr[uc_CharCnt];
 546   2                      disp_ASC2(uc_RowNum,uc_ColNum +uc_CharCnt*8,uc_CharCode);
 547   2              }
 548   1      }
 549          
 550          
C51 COMPILER V9.60.7.0   LCM160160                                                         04/14/2025 10:39:58 PAGE 10  

 551          void disp_GB1(uchar uc_RowNo,uchar uc_ColNo,uchar uc_CharCode)
 552          {
 553   1              uchar uc_ColCnt,uc_PageCnt;
 554   1      
 555   1              wr_cmd1(0x30);//Extension command 1
 556   1      
 557   1              wr_cmd1(0x75);//Set Page Address
 558   1              wr_dat1(uc_RowNo);//Start Page
 559   1              wr_dat1(uc_RowNo +1);//End Page
 560   1      
 561   1              wr_cmd1(0x15);//Set Column Address
 562   1              wr_dat1(uc_ColNo);//Start Column
 563   1              wr_dat1(uc_ColNo +15);//End Column
 564   1              
 565   1              wr_cmd1(0x5C);
 566   1              
 567   1              for (uc_PageCnt=0;uc_PageCnt < 2;uc_PageCnt++)  
 568   1              {
 569   2                      for (uc_ColCnt=0;uc_ColCnt <16;uc_ColCnt++)
 570   2                              wr_dat1(GBCSLIB[(uc_CharCode) *32 +uc_PageCnt *16 +uc_ColCnt]);
 571   2              }
 572   1      }
 573          
 574          void disp_GB2(uchar uc_RowNo,uchar uc_ColNo,uchar uc_CharCode)
 575          {
 576   1              uchar uc_ColCnt,uc_PageCnt;
 577   1      
 578   1              wr_cmd2(0x30);//Extension command 1
 579   1      
 580   1              wr_cmd2(0x75);//Set Page Address
 581   1              wr_dat2(uc_RowNo);//Start Page
 582   1              wr_dat2(uc_RowNo +1);//End Page
 583   1      
 584   1              wr_cmd2(0x15);//Set Column Address
 585   1              wr_dat2(uc_ColNo);//Start Column
 586   1              wr_dat2(uc_ColNo +15);//End Column
 587   1              
 588   1              wr_cmd2(0x5C);
 589   1              
 590   1              for (uc_PageCnt=0;uc_PageCnt < 2;uc_PageCnt++)  
 591   1              {
 592   2                      for (uc_ColCnt=0;uc_ColCnt <16;uc_ColCnt++)
 593   2                              wr_dat2(GBCSLIB[(uc_CharCode) *32 +uc_PageCnt *16 +uc_ColCnt]);
 594   2              }
 595   1      }
 596          
 597          void disp_GB(uchar uc_RowNo,uchar uc_ColNo,uchar uc_CharCode)
 598          {
 599   1              uchar uc_ColCnt,uc_PageCnt;
 600   1      
 601   1              wr_cmd(0x30);//Extension command 1
 602   1      
 603   1              wr_cmd(0x75);//Set Page Address
 604   1              wr_dat(uc_RowNo);//Start Page
 605   1              wr_dat(uc_RowNo +1);//End Page
 606   1      
 607   1              wr_cmd(0x15);//Set Column Address
 608   1              wr_dat(uc_ColNo);//Start Column
 609   1              wr_dat(uc_ColNo +15);//End Column
 610   1              
 611   1              wr_cmd(0x5C);
 612   1              
C51 COMPILER V9.60.7.0   LCM160160                                                         04/14/2025 10:39:58 PAGE 11  

 613   1              for (uc_PageCnt=0;uc_PageCnt < 2;uc_PageCnt++)  
 614   1              {
 615   2                      for (uc_ColCnt=0;uc_ColCnt <16;uc_ColCnt++)
 616   2                              wr_dat(GBCSLIB[(uc_CharCode) *32 +uc_PageCnt *16 +uc_ColCnt]);
 617   2              }
 618   1      }
 619          
 620          void disp_GBStr(uchar uc_RowNum,uchar uc_ColNum,uchar *StrAddr,uchar uc_StrLen)
 621          {
 622   1              uchar uc_CharCnt,uc_CharCode;
 623   1      
 624   1              for (uc_CharCnt=0;uc_CharCnt < uc_StrLen;uc_CharCnt++)  
 625   1              {
 626   2                      uc_CharCode = StrAddr[uc_CharCnt];
 627   2                      disp_GB(uc_RowNum,uc_ColNum +uc_CharCnt*16,uc_CharCode);
 628   2              }
 629   1      }
 630          
 631          void disp_Numeric1(uchar uc_PageAddr,uchar uc_ColAddr,uint ui_NumVal)
 632          {
 633   1              uchar uc_Num2ASC[3];
 634   1              
 635   1              uc_Num2ASC[2] = '0' +ui_NumVal%10;
 636   1              uc_Num2ASC[1] = '0' +ui_NumVal/10%10;
 637   1              uc_Num2ASC[0] = '0' +ui_NumVal/100%10;
 638   1              disp_ASCStr1(uc_PageAddr,uc_ColAddr,uc_Num2ASC,3);
 639   1      }
 640          
 641          void disp_Numeric2(uchar uc_PageAddr,uchar uc_ColAddr,uint ui_NumVal)
 642          {
 643   1              uchar uc_Num2ASC[3];
 644   1              
 645   1              uc_Num2ASC[2] = '0' +ui_NumVal%10;
 646   1              uc_Num2ASC[1] = '0' +ui_NumVal/10%10;
 647   1              uc_Num2ASC[0] = '0' +ui_NumVal/100%10;
 648   1              disp_ASCStr2(uc_PageAddr,uc_ColAddr,uc_Num2ASC,3);
 649   1      }
 650          
 651          void disp_Vopinf()
 652          {
 653   1              uint uc_VopH,uc_VopL,ui_VopMsr;
 654   1      
 655   1              //显示第1个模块的OTP信息
 656   1              if (uc_ProdExist1 ==1)
 657   1              {
 658   2                      wr_cmd1(0x30);//EXT=0
 659   2                      wr_cmd1(0x7C);//read vop[5:0]
 660   2                      uc_VopL=rd_reg1();
 661   2                      wr_cmd1(0x25);
 662   2                      
 663   2                      wr_cmd1(0x30);
 664   2                      wr_cmd1(0x7D);//read vop[8:6]
 665   2                      uc_VopH=rd_reg1();
 666   2                      wr_cmd1(0x25);
 667   2              
 668   2                      ui_VopMsr =uc_VopH;
 669   2                      ui_VopMsr =(ui_VopMsr <<6)|uc_VopL;
 670   2                      ui_VopAdj1 =ui_VopMsr;
 671   2      
 672   2                      disp_ASCStr1(16,32,"SV=",3);
 673   2                      disp_Numeric1(16,56,ui_VopSet);
 674   2      
C51 COMPILER V9.60.7.0   LCM160160                                                         04/14/2025 10:39:58 PAGE 12  

 675   2                      disp_ASCStr1(16,88,"PV=",3);
 676   2                      disp_Numeric1(16,112,ui_VopMsr);
 677   2              };
 678   1      
 679   1      
 680   1              //显示第2个模块的OTP信息
 681   1              if (uc_ProdExist2 ==1)
 682   1              {
 683   2                      wr_cmd2(0x30);//EXT=0
 684   2                      wr_cmd2(0x7C);//read vop[5:0]
 685   2                      uc_VopL=rd_reg2();
 686   2                      wr_cmd2(0x25);
 687   2                      
 688   2                      wr_cmd2(0x30);
 689   2                      wr_cmd2(0x7D);//read vop[8:6]
 690   2                      uc_VopH=rd_reg2();
 691   2                      wr_cmd2(0x25);
 692   2              
 693   2                      ui_VopMsr =uc_VopH;
 694   2                      ui_VopMsr =(ui_VopMsr <<6)|uc_VopL;
 695   2                      ui_VopAdj2 =ui_VopMsr;
 696   2              
 697   2                      disp_ASCStr2(16,32,"SV=",3);
 698   2                      disp_Numeric2(16,56,ui_VopSet);
 699   2      
 700   2                      disp_ASCStr2(16,88,"PV=",3);
 701   2                      disp_Numeric2(16,112,ui_VopMsr);
 702   2              };
 703   1      }
 704          
 705          //Write Data To DDRAM
 706          void disp_dots(uchar dat1,uchar dat2)
 707          {
 708   1              uchar uc_RowCnt,uc_ColCnt;       //LINE=COL COL=LINE
 709   1      
 710   1              wr_cmd(0x30);//Extension command 1
 711   1      
 712   1              wr_cmd(0x75);//Set Page Address
 713   1              wr_dat(0x00);//Start Page
 714   1              wr_dat(0x13);//End Page
 715   1      
 716   1              wr_cmd(0x15);//Set Column Address
 717   1              wr_dat(0x00);//Start Column
 718   1              wr_dat(0x9F);//End Column
 719   1      
 720   1              wr_cmd(0x5C);//
 721   1                      
 722   1              for (uc_RowCnt=0;uc_RowCnt<20;uc_RowCnt++)
 723   1              {
 724   2                      for (uc_ColCnt=0;uc_ColCnt<80;uc_ColCnt++)
 725   2                      {
 726   3                                      wr_dat(dat1);
 727   3                                      wr_dat(dat2);
 728   3                      }
 729   2              }
 730   1      
 731   1              delay100ms();
 732   1      }
 733          
 734          void LCD_Clear()
 735          {
 736   1              uchar uc_RowCnt,uc_ColCnt;       //LINE=COL COL=LINE
C51 COMPILER V9.60.7.0   LCM160160                                                         04/14/2025 10:39:58 PAGE 13  

 737   1      
 738   1              wr_cmd(0x30);//Extension command 1
 739   1      
 740   1              wr_cmd(0x75);//Set Page Address
 741   1              wr_dat(0x00);//Start Page
 742   1              wr_dat(0x13);//End Page
 743   1      
 744   1              wr_cmd(0x15);//Set Column Address
 745   1              wr_dat(0x00);//Start Column
 746   1              wr_dat(0x9F);//End Column
 747   1      
 748   1              wr_cmd(0x5C);//
 749   1                      
 750   1              for (uc_RowCnt=0;uc_RowCnt<20;uc_RowCnt++)
 751   1                      for (uc_ColCnt=0;uc_ColCnt<160;uc_ColCnt++)
 752   1                              wr_dat(0x00);
 753   1      }
 754          
 755          void disp_bmp(xchar *bmpinf)
 756          {
 757   1              uchar uc_PageCnt,uc_ColCnt;
 758   1      
 759   1              wr_cmd(0x30);//Extension command 1
 760   1      
 761   1              wr_cmd(0x75);//Set Page Address
 762   1              wr_dat(0x00);//Start Page
 763   1              wr_dat(0x13);//End Page
 764   1      
 765   1              wr_cmd(0x15);//Set Column Address
 766   1              wr_dat(0x00);//Start Column
 767   1              wr_dat(0x9F);//End Column
 768   1      
 769   1              wr_cmd(0x5C);//
 770   1      
 771   1              for (uc_PageCnt=0;uc_PageCnt<20;uc_PageCnt++)
 772   1                      for (uc_ColCnt=0;uc_ColCnt<160;uc_ColCnt++)
 773   1                              wr_dat(bmpinf[uc_PageCnt*160 + uc_ColCnt]);
 774   1      }
 775          
 776          void Contrast_Adj( void )
 777          {
 778   1              Vop_Inc=1;
 779   1              Vop_Dec=1;
 780   1              
 781   1              if(!Vop_Inc)
 782   1              {
 783   2                      delayms(30);
 784   2                      if(!Vop_Inc)
 785   2                      {
 786   3                          while(!Vop_Inc);
 787   3                              VOP_Fine_TuneH();
 788   3      
 789   3                              ui_VopAdj1 ++;
 790   3                              ui_VopAdj2 ++;
 791   3                              disp_Numeric1(16,112,ui_VopAdj1);
 792   3                              disp_Numeric2(16,112,ui_VopAdj2);
 793   3                      }
 794   2              }
 795   1              else if(!Vop_Dec)
 796   1              {
 797   2                      delayms(30);
 798   2                      if(!Vop_Dec)
C51 COMPILER V9.60.7.0   LCM160160                                                         04/14/2025 10:39:58 PAGE 14  

 799   2                      {
 800   3                              while(!Vop_Dec);
 801   3                              VOP_Fine_TuneL();
 802   3      
 803   3                              ui_VopAdj1 --;
 804   3                              ui_VopAdj2 --;
 805   3                              disp_Numeric1(16,112,ui_VopAdj1);
 806   3                              disp_Numeric2(16,112,ui_VopAdj2);
 807   3                      }
 808   2              }
 809   1              else if(!OTP)
 810   1            {
 811   2                       delayms(30);    
 812   2               if(!OTP)
 813   2               {
 814   3                  while(!OTP);
 815   3      
 816   3                              EXTB=0; 
 817   3                          Enb_DC = 1;
 818   3                              delayms(50);
 819   3                 
 820   3                  OTP_Write();
 821   3                      delayms(10);
 822   3      
 823   3                              Enb_DC = 0; //Remove VPP
 824   3                              EXTB=1; //Remove vss   
 825   3                              delayms(50);
 826   3               
 827   3                  LCD_Initial();
 828   3                  disp_bmp(CustImg);
 829   3                              disp_Vopinf();
 830   3               }
 831   2                }
 832   1      }
 833          
 834          
 835          void Chk_BLCathode()
 836          {
 837   1              BLE_PORT =0;
 838   1              delay100ms();
 839   1              BLE_PORT =1;
 840   1      }
 841          
 842          void Chk_CSignal()
 843          {
 844   1              wr_cmdXcs(0xAE);//测试/CS信号焊接情况,如果漏焊或者与旁边的VSS信号短路,则LCD不显示
 845   1              delayms(50);
 846   1      }
 847          void Chk_AllSignal()
 848          {
 849   1              uchar uc_rdStus,uc_Errcode1,uc_Errcode2;
 850   1      
 851   1              uchar uc_testOK =44;
 852   1              uchar uc_testNG =45;
 853   1              uchar uc_testNO =46;
 854   1      
 855   1              uc_Errcode1=0;
 856   1              uc_Errcode2=0;
 857   1      
 858   1              //检测片选信号缺陷
 859   1              Errflag1[0] =0;
 860   1              Errflag2[0] =0;
C51 COMPILER V9.60.7.0   LCM160160                                                         04/14/2025 10:39:58 PAGE 15  

 861   1      
 862   1              LCD_Initial();
 863   1              LCD_Clear();
 864   1              delayms(220);
 865   1      
 866   1              Chk_CSignal();
 867   1              if (uc_ProdExist1 ==1)
 868   1              {
 869   2                      uc_rdStus =rd_reg1();
 870   2                      if ((uc_rdStus &0x08)==0x00)
 871   2                      {
 872   3                              Errflag1[0] =1;
 873   3                      }
 874   2              };
 875   1      
 876   1              if (uc_ProdExist2 ==1)
 877   1              {
 878   2                      uc_rdStus =rd_reg2();
 879   2                      if ((uc_rdStus &0x08) ==0x00)
 880   2                      {
 881   3                              Errflag2[0] =1;
 882   3                      }
 883   2              };
 884   1      
 885   1              //检测复位信号缺陷
 886   1              Errflag1[1] =0;
 887   1              Errflag2[1] =0;
 888   1      
 889   1              LCD_RST();
 890   1              if (uc_ProdExist1 ==1)
 891   1              {
 892   2                      uc_rdStus =rd_reg1();
 893   2                      if ((uc_rdStus &0x08)==0x08)
 894   2                      {
 895   3                              Errflag1[1] =1;
 896   3                      };
 897   2              };
 898   1      
 899   1              if (uc_ProdExist2 ==2)
 900   1              {
 901   2                      uc_rdStus =rd_reg2();
 902   2                      if ((uc_rdStus &0x08) ==0x08)
 903   2                      {
 904   3                              Errflag2[1] =1;
 905   3                      }
 906   2              };
 907   1      
 908   1              //检测读写信号缺陷
 909   1              Errflag1[2] =0;
 910   1              Errflag2[2] =0;
 911   1      
 912   1              //检测背光源与VSS短路
 913   1              Errflag1[3] =0;
 914   1              Errflag2[3] =0;
 915   1              
 916   1      
 917   1              //显示检测结果
 918   1              LCD_Initial();
 919   1              LCD_Clear();
 920   1      
 921   1              disp_GBStr(0,16*2,Msg01,7);
 922   1              disp_GBStr(2,0,Msg02a,5);
C51 COMPILER V9.60.7.0   LCM160160                                                         04/14/2025 10:39:58 PAGE 16  

 923   1              disp_GBStr(4,16,Msg02b,9);
 924   1              disp_GBStr(6,0,Msg03a,5);
 925   1              disp_GBStr(8,16,Msg03b,9);
 926   1              disp_GBStr(10,0,Msg04a,5);
 927   1              disp_GBStr(12,16,Msg04b,7);
 928   1              disp_GBStr(14,0,Msg05a,9);
 929   1              disp_GBStr(16,16,Msg05b,8);
 930   1      
 931   1              if (uc_ProdExist1 ==1)
 932   1              {
 933   2                      //片选信号缺陷
 934   2                      if (Errflag1[0] ==1)
 935   2                      {
 936   3                              disp_GB1(2,16*9,uc_testNG);
 937   3                              uc_Errcode1 ++; 
 938   3                      }
 939   2                      else
 940   2                      {
 941   3                              disp_GB1(2,16*9,uc_testOK);
 942   3                      };
 943   2      
 944   2                      //复位信号缺陷
 945   2                      if (Errflag1[1]==1)
 946   2                      {
 947   3                              disp_GB1(6,16*9,uc_testNG);
 948   3                              uc_Errcode1 ++;
 949   3                      }
 950   2                      else
 951   2                      {
 952   3                              disp_GB1(6,16*9,uc_testOK);
 953   3                      };
 954   2      
 955   2                      //读写信号缺陷
 956   2                      disp_GB1(10,16*9,uc_testNO);
 957   2              
 958   2                      //背光源负极和VSS电路
 959   2                      disp_GB1(14,16*9,uc_testNO);
 960   2              };
 961   1      
 962   1              if (uc_ProdExist2 ==1)
 963   1              {
 964   2                      //片选信号缺陷
 965   2                      if (Errflag2[0]==1)
 966   2                      {
 967   3                              disp_GB2(2,16*9,uc_testNG);
 968   3                              uc_Errcode2 ++; 
 969   3                      }
 970   2                      else
 971   2                      {
 972   3                              disp_GB2(2,16*9,uc_testOK);
 973   3                      };
 974   2      
 975   2                      
 976   2                      //复位信号缺陷
 977   2                      if (Errflag2[1]==1)
 978   2                      {
 979   3                              disp_GB2(6,16*9,uc_testNG);
 980   3                              uc_Errcode2 ++;
 981   3                      }
 982   2                      else
 983   2                      {
 984   3                              disp_GB2(6,16*9,uc_testOK);
C51 COMPILER V9.60.7.0   LCM160160                                                         04/14/2025 10:39:58 PAGE 17  

 985   3                      };
 986   2      
 987   2                      //读写信号缺陷
 988   2                      disp_GB2(10,16*9,uc_testNO);
 989   2      
 990   2                      //背光源负极和VSS电路
 991   2                      disp_GB2(14,16*9,uc_testNO);
 992   2              };
 993   1      
 994   1              //检测背光源
 995   1              Chk_BLCathode();
 996   1              
 997   1              //结论和告警
 998   1              if ((uc_Errcode1 >0) ||(uc_Errcode2 >0))
 999   1              {
1000   2                      disp_GBStr(18,0,Msg09a,9);
1001   2                      BeepN(3);
1002   2                      while(1);
1003   2              }
1004   1              else
1005   1              {
1006   2                      disp_GBStr(18,0,Msg09b,9);      
1007   2                      delay100ms();
1008   2              }
1009   1      }
1010          
1011          char str[] = "LCM160160";
1012          unsigned char i ;
1013          void Yehui_UI()
1014          {
1015   1              disp_bmp(Box);
1016   1              disp_GBStr(6,40,Msg10a,5);      //广东烨辉科
1017   1              disp_GBStr(8,40,Msg10b,5);      //技有限公司
1018   1              
1019   1           //disp_ASC1(8, 10, 'L');
1020   1              for ( i = 0; str[i] != '\0'; i++) 
1021   1              {
1022   2                      unsigned char Row = 12;
1023   2                      unsigned char Col = 42;         
1024   2                      disp_ASC1(Row, Col + i * 8, str[i]);
1025   2              }
1026   1              WhatsApp();
1027   1      }
1028          
1029          char str1[] = " Whats App:";
1030          char str2[] = " +86 136 2249 6694";
1031          char str3[] = "Guangdong Yehui ";
1032          char str4[] = "Technology Co.,Ltd.";
1033          void WhatsApp()
1034          {
1035   1      
1036   1           //disp_ASC1(8, 10, 'L');
1037   1      //      for ( i = 0; str1[i] != '\0'; i++) 
1038   1      //      {
1039   1      //              unsigned char Row = 15;
1040   1      //              unsigned char Col = 2;          
1041   1      //              disp_ASC1(Row, Col + i * 8, str1[i]);
1042   1      //      }
1043   1      //      
1044   1      //      for ( i = 0; str2[i] != '\0'; i++) 
1045   1      //      {
1046   1      //              unsigned char Row = 17;
C51 COMPILER V9.60.7.0   LCM160160                                                         04/14/2025 10:39:58 PAGE 18  

1047   1      //              unsigned char Col = 2;          
1048   1      //              disp_ASC1(Row, Col + i * 8, str2[i]);
1049   1      //      }
1050   1              
1051   1              
1052   1              for ( i = 0; str3[i] != '\0'; i++) 
1053   1              {
1054   2                      unsigned char Row = 1;
1055   2                      unsigned char Col = 16;         
1056   2                      disp_ASC1(Row, Col + i * 8, str3[i]);
1057   2              }
1058   1              
1059   1              for ( i = 0; str4[i] != '\0'; i++) 
1060   1              {
1061   2                      unsigned char Row = 3;
1062   2                      unsigned char Col = 3;          
1063   2                      disp_ASC1(Row, Col + i * 8, str4[i]);
1064   2              }
1065   1      }
1066          
1067          //按键函数
1068          unsigned int HOLD()
1069          {
1070   1          if (Key1 == 0) 
1071   1              {  
1072   2              delayms(5);  
1073   2              if (Key1 == 0) 
1074   2                      {  
1075   3                  while (Key1 == 0); 
1076   3                  return 1; 
1077   3              }
1078   2          }
1079   1          return 0; 
1080   1      }
1081          
1082          //按键函数
1083          unsigned int UP() 
1084          {
1085   1          if (Key2 == 0) 
1086   1              {  
1087   2              delayms(5);  
1088   2              if (Key2 == 0) 
1089   2                      { 
1090   3                  while (Key2 == 0);  
1091   3                  return 1;  
1092   3              }
1093   2          }
1094   1          return 0; 
1095   1      }
1096          
1097          //按键函数
1098          unsigned int DN() 
1099          {
1100   1          if (Key3 == 0) 
1101   1              {  
1102   2              delayms(5);  
1103   2              if (Key3 == 0) 
1104   2                      { 
1105   3                  while (Key3 == 0);  
1106   3                  return 1;  
1107   3              }
1108   2          }
C51 COMPILER V9.60.7.0   LCM160160                                                         04/14/2025 10:39:58 PAGE 19  

1109   1          return 0; 
1110   1      }


MODULE INFORMATION:   STATIC OVERLAYABLE
   CODE SIZE        =   3160    ----
   CONSTANT SIZE    =      8    ----
   XDATA SIZE       =   ----    ----
   PDATA SIZE       =     88      52
   DATA SIZE        =   ----    ----
   IDATA SIZE       =   ----    ----
   BIT SIZE         =   ----       2
END OF MODULE INFORMATION.


C51 COMPILATION COMPLETE.  0 WARNING(S),  0 ERROR(S)
