C51 COMPILER V9.60.7.0   MAIN                                                              08/20/2025 11:04:33 PAGE 1   


C51 COMPILER V9.60.7.0, COMPILATION OF MODULE MAIN
OBJECT MODULE PLACED IN .\Objects\main.obj
COMPILER INVOKED BY: D:\KEIL_STM32\C51\BIN\C51.EXE main.c COMPACT OPTIMIZE(8,SPEED) BROWSE DEBUG OBJECTEXTEND PRINT(.\Li
                    -stings\main.lst) OBJECT(.\Objects\main.obj)

line level    source

   1          #include <REGX52.H>
   2          #include "lcm160160.h" 
   3          #include "pic.h"
   4          
   5          unsigned char UC_PRODEXIST1 = 0;
   6          unsigned char UC_PRODEXIST2 = 0;
   7          unsigned char ERRFLAG1 = 0;
   8          unsigned char ERRFLAG2 = 0;
   9          
  10          void main()
  11          {
  12   1              EA=1; //Interurupt Enabled
  13   1      
  14   1              IT0 = 1;//INT0 Falling Edge Trigger
  15   1      
  16   1              EX0 = 1;//INT0 Enabled
  17   1      
  18   1              CURDECT_PORT =1;//关闭电流检测
  19   1      
  20   1              BEEP_PORT =0;//Alarm Off
  21   1      
  22   1              BLE_PORT =1;//Backlight ON
  23   1      
  24   1              EXTB=1;//Remove VSS 
  25   1      
  26   1              Enb_DC = 0;//Remove VPP
  27   1      
  28   1              LCD_RST();
  29   1      
  30   1      //      Chk_ProdExist();
  31   1      
  32   1      //      Chk_AllSignal();
  33   1              LCD_Initial();
  34   1              LCD_Clear();
  35   1              delayms(20);
  36   1      
  37   1              while(1)
  38   1              {
  39   2                      while (DN());
  40   2                      disp_dots(0xFF,0xFF);
  41   2                      delayms(5000);
  42   2                      while (DN());
  43   2                      disp_dots(0xAA,0x55);
  44   2                      delayms(5000);
  45   2                      while (DN());
  46   2                      disp_dots(0x55,0xAA);
  47   2                      delayms(5000);
  48   2                      while (DN());
  49   2                      disp_dots(0xFF,0x00);
  50   2                      delayms(5000);
  51   2                      while (DN());
  52   2                      disp_dots(0x00,0xFF);
  53   2                      delayms(5000);
  54   2                      while (DN());
C51 COMPILER V9.60.7.0   MAIN                                                              08/20/2025 11:04:33 PAGE 2   

  55   2                      disp_dots(0xAA,0xAA);
  56   2                      delayms(5000);
  57   2                      while (DN());
  58   2                      disp_dots(0x55,0x55);
  59   2                      delayms(5000);
  60   2                      while (DN());
  61   2                      disp_bmp(Border);
  62   2                      delayms(5000);
  63   2                      while (DN());
  64   2      //              Yehui_UI();
  65   2      //              delayms(5000);
  66   2      //              while (DN());
  67   2                      disp_bmp(CustImg);
  68   2                      delayms(5000);
  69   2      
  70   2      
  71   2                      
  72   2      //              disp_Vopinf();
  73   2      //              CURDECT_PORT =0;//启用电流检测
  74   2      
  75   2      //              EX0 = 0;//INT0 Disabled
  76   2                      
  77   2      //              while (1)
  78   2      //                      Contrast_Adj();
  79   2              };
  80   1       }
  81          


MODULE INFORMATION:   STATIC OVERLAYABLE
   CODE SIZE        =    222    ----
   CONSTANT SIZE    =   ----    ----
   XDATA SIZE       =   ----    ----
   PDATA SIZE       =     12    ----
   DATA SIZE        =   ----    ----
   IDATA SIZE       =   ----    ----
   BIT SIZE         =   ----    ----
END OF MODULE INFORMATION.


C51 COMPILATION COMPLETE.  0 WARNING(S),  0 ERROR(S)
