C51 COMPILER V9.60.7.0   MAIN                                                              09/11/2025 15:40:34 PAGE 1   


C51 COMPILER V9.60.7.0, COMPILATION OF MODULE MAIN
OBJECT MODULE PLACED IN main.OBJ
COMPILER INVOKED BY: D:\KEIL_STM32\C51\BIN\C51.EXE main.c OPTIMIZE(8,SPEED) BROWSE INCDIR(.\SRC) DEBUG OBJECTEXTEND

line level    source

   1          #include "REG51.h"
   2          #include "oled.h"
   3          #include "bmp.h"
   4          
   5          int main(void)
   6          {       
   7   1      //      u8 t=' ';
   8   1      //      OLED_Init();//初始化OLED
   9   1      //      OLED_ColorTurn(0);//0正常显示，1 反色显示
  10   1      //    OLED_DisplayTurn(0);//0正常显示 1 屏幕翻转显示
  11   1              
  12   1      //      OLED_DrawBMP(2,0,128,64,BMP1);
  13   1      //      delay_ms(60);
  14   1      //      OLED_DrawBMP(2,0,128,64,BMP2);
  15   1      //      OLED_ShowChinese(18,1,0,16); 
  16   1      //      OLED_ShowChinese(36,1,1,16);
  17   1      //      OLED_ShowChinese(54,1,2,16);
  18   1      //      OLED_ShowChinese(72,1,3,16);
  19   1      //      OLED_ShowChinese(90,1,4,16);
  20   1      //      
  21   1      //      OLED_ShowChinese(18,3,5,16);
  22   1      //      OLED_ShowChinese(36,3,6,16);
  23   1      //      OLED_ShowChinese(54,3,7,16);
  24   1      //      OLED_ShowChinese(72,3,8,16);
  25   1      //      OLED_ShowChinese(90,3,9,16);
  26   1      //      OLED_ShowString(15,5,"1.3Inch_OLED",16);
  27   1      //      delay_ms(50);
  28   1      //      
  29   1      //      OLED_Fill_Row(0X55) ;
  30   1      //      delay_ms(60);
  31   1      //      
  32   1      //      OLED_Fill_Row(0XAA) ;
  33   1      //      delay_ms(60);
  34   1      //      
  35   1      //      OLED_Fill_Column(0xFF, 0x00); 
  36   1      //      delay_ms(60);
  37   1      
  38   1      //      OLED_Fill_Column(0x00, 0xFF); 
  39   1      //      delay_ms(60);
  40   1      
  41   1      //      OLED_Fill_Column(0x55, 0xAA); 
  42   1      //      delay_ms(60);
  43   1      
  44   1      //      OLED_Fill_Column(0xAA, 0x55); 
  45   1      //      delay_ms(60);
  46   1      //      
  47   1      //      OLED_Clear();   
  48   1      ////    OLED_ColorTurn(1);//0正常显示，1 反色显示
  49   1      //      
  50   1      ////    OLED_DrawBMP(2,0,128,64,BMP1);
  51   1      //      delay_ms(60);
  52   1      ////    OLED_DrawBMP(2,0,128,64,BMP2);
  53   1      
  54   1      //      OLED_ShowChinese(18,1,0,16); 
  55   1      //      OLED_ShowChinese(36,1,1,16);
C51 COMPILER V9.60.7.0   MAIN                                                              09/11/2025 15:40:34 PAGE 2   

  56   1      //      OLED_ShowChinese(54,1,2,16);
  57   1      //      OLED_ShowChinese(72,1,3,16);
  58   1      //      OLED_ShowChinese(90,1,4,16);
  59   1      //      
  60   1      //      OLED_ShowChinese(18,3,5,16);
  61   1      //      OLED_ShowChinese(36,3,6,16);
  62   1      //      OLED_ShowChinese(54,3,7,16);
  63   1      //      OLED_ShowChinese(72,3,8,16);
  64   1      //      OLED_ShowChinese(90,3,9,16);
  65   1      //      OLED_ShowString(15,5,"1.3Inch_OLED",16);
  66   1      
  67   1              while(1) 
  68   1              {
  69   2              u8 t=' ';
  70   2              OLED_Init();//初始化OLED
  71   2              OLED_ColorTurn(0);//0正常显示，1 反色显示
  72   2          OLED_DisplayTurn(0);//0正常显示 1 屏幕翻转显示
  73   2                      
  74   2      //              OLED_DrawBMP(2,0,128,64,BMP1);
  75   2      //              delay_ms(10);
  76   2      //              OLED_Clear();
  77   2      
  78   2      //              OLED_ShowChinese(18,0,0,16);// 
  79   2      //              OLED_ShowChinese(36,0,1,16);//
  80   2      //              OLED_ShowChinese(54,0,2,16);// 
  81   2      //              OLED_ShowChinese(72,0,3,16);//
  82   2      //              OLED_ShowChinese(90,0,4,16);//
  83   2                      OLED_ShowString(16,2,"Made in China",16);
  84   2                      OLED_ShowString(20,4,"2025/09/15",16);
  85   2                      OLED_ShowString(1,6,"ASCII:",16);  
  86   2                      OLED_ShowString(63,6,"CODE:",16);
  87   2                      OLED_ShowChar(48,6,t,16);
  88   2                      t++;
  89   2                      if(t>'~')t=' ';
  90   2                      OLED_ShowNum(103,6,t,3,16);
  91   2                      delay_ms(1);
  92   2                      OLED_Clear();
  93   2                      
  94   2              OLED_DrawBMP(0,0,128,64,BMP1);
  95   2              delay_ms(100);
  96   2              OLED_DrawBMP(0,0,128,64,BMP2);
  97   2      
  98   2      //      OLED_ShowChinese(18,1,0,16); 
  99   2      //      OLED_ShowChinese(36,1,1,16);
 100   2      //      OLED_ShowChinese(54,1,2,16);
 101   2      //      OLED_ShowChinese(72,1,3,16);
 102   2      //      OLED_ShowChinese(90,1,4,16);
 103   2      //      
 104   2      //      OLED_ShowChinese(18,3,5,16);
 105   2      //      OLED_ShowChinese(36,3,6,16);
 106   2      //      OLED_ShowChinese(54,3,7,16);
 107   2      //      OLED_ShowChinese(72,3,8,16);
 108   2      //      OLED_ShowChinese(90,3,9,16);
 109   2              OLED_ShowString(16,3,"1.54Inch_OLED",16);
 110   2              delay_ms(100);
 111   2              
 112   2              OLED_Fill_Row(0X55) ;
 113   2              delay_ms(100);
 114   2              
 115   2              OLED_Fill_Row(0XAA) ;
 116   2              delay_ms(100);
 117   2              
C51 COMPILER V9.60.7.0   MAIN                                                              09/11/2025 15:40:34 PAGE 3   

 118   2              OLED_Fill_Column(0xFF, 0x00); 
 119   2              delay_ms(100);
 120   2      
 121   2              OLED_Fill_Column(0x00, 0xFF); 
 122   2              delay_ms(100);
 123   2      
 124   2              OLED_Fill_Column(0x55, 0xAA); 
 125   2              delay_ms(100);
 126   2      
 127   2              OLED_Fill_Column(0xAA, 0x55); 
 128   2              delay_ms(100);
 129   2              OLED_Fill_Column(0x00, 0x00); 
 130   2              OLED_Clear();   
 131   2              OLED_ColorTurn(1);//0正常显示，1 反色显示
 132   2              
 133   2              OLED_DrawBMP(0,0,128,64,BMP1);
 134   2              delay_ms(100);
 135   2              OLED_DrawBMP(0,0,128,64,BMP2);
 136   2              
 137   2      //      OLED_ShowChinese(18,1,0,16); 
 138   2      //      OLED_ShowChinese(36,1,1,16);
 139   2      //      OLED_ShowChinese(54,1,2,16);
 140   2      //      OLED_ShowChinese(72,1,3,16);
 141   2      //      OLED_ShowChinese(90,1,4,16);
 142   2      //      
 143   2      //      OLED_ShowChinese(18,3,5,16);
 144   2      //      OLED_ShowChinese(36,3,6,16);
 145   2      //      OLED_ShowChinese(54,3,7,16);
 146   2      //      OLED_ShowChinese(72,3,8,16);
 147   2      //      OLED_ShowChinese(90,3,9,16);
 148   2              OLED_ShowString(16,3,"1.54Inch_OLED",16);
 149   2              delay_ms(100);  
 150   2              }         
 151   1              
 152   1      }
 153          
 154                  


MODULE INFORMATION:   STATIC OVERLAYABLE
   CODE SIZE        =    388    ----
   CONSTANT SIZE    =   2100    ----
   XDATA SIZE       =   ----    ----
   PDATA SIZE       =   ----    ----
   DATA SIZE        =   ----       1
   IDATA SIZE       =   ----    ----
   BIT SIZE         =   ----    ----
END OF MODULE INFORMATION.


C51 COMPILATION COMPLETE.  0 WARNING(S),  0 ERROR(S)
