C51 COMPILER V9.60.7.0   MAIN                                                              03/04/2025 09:06:38 PAGE 1   


C51 COMPILER V9.60.7.0, COMPILATION OF MODULE MAIN
OBJECT MODULE PLACED IN .\Objects\main.obj
COMPILER INVOKED BY: D:\KEIL_STM32\C51\BIN\C51.EXE main.c LARGE OPTIMIZE(8,SPEED) BROWSE DEBUG OBJECTEXTEND PRINT(.\List
                    -ings\main.lst) OBJECT(.\Objects\main.obj)

line level    source

   1          #include "vk2c24a.h"
   2          extern unsigned char vk2c24a_segi,vk2c24a_comi;
   3          extern unsigned char Vk2c24a_segtab[Vk2c24a_SEGNUM];
   4          void main(void)
   5          {       
   6   1              unsigned char vk2c24a_maxcom=4;
   7   1              unsigned char seg;
   8   1              Vk2c24a_Init();
   9   1              Vk2c24a_DisAll(0x00);
  10   1              
  11   1              while(1)
  12   1              {
  13   2                              for ( seg = 0; seg < 71; seg++)
  14   2                              {               
  15   3                                      Vk2c24a_DisSegComOn(seg, 0);
  16   3      
  17   3                              }
  18   2                              
  19   2                              for ( seg = 0; seg < 71; seg++)
  20   2                              {
  21   3                              
  22   3                                      Vk2c24a_DisSegComOn(seg, 1); 
  23   3      
  24   3                              }
  25   2                              
  26   2                              for ( seg = 0; seg < 71; seg++)
  27   2                              {
  28   3                              
  29   3                                      Vk2c24a_DisSegComOn(seg, 2); 
  30   3      
  31   3                              }
  32   2                              
  33   2                              for ( seg = 0; seg < 71; seg++)
  34   2                              {
  35   3                              
  36   3                                      Vk2c24a_DisSegComOn(seg, 3); 
  37   3      
  38   3                              }
  39   2      
  40   2              }
  41   1      }


MODULE INFORMATION:   STATIC OVERLAYABLE
   CODE SIZE        =    126    ----
   CONSTANT SIZE    =   ----    ----
   XDATA SIZE       =   ----       2
   PDATA SIZE       =   ----    ----
   DATA SIZE        =   ----    ----
   IDATA SIZE       =   ----    ----
   BIT SIZE         =   ----    ----
END OF MODULE INFORMATION.


C51 COMPILATION COMPLETE.  0 WARNING(S),  0 ERROR(S)
