C51 COMPILER V9.60.7.0   VK2C24A                                                           03/04/2025 09:07:23 PAGE 1   


C51 COMPILER V9.60.7.0, COMPILATION OF MODULE VK2C24A
OBJECT MODULE PLACED IN .\Objects\vk2c24a.obj
COMPILER INVOKED BY: D:\KEIL_STM32\C51\BIN\C51.EXE vk2c24a.c LARGE OPTIMIZE(8,SPEED) BROWSE DEBUG OBJECTEXTEND PRINT(.\L
                    -istings\vk2c24a.lst) OBJECT(.\Objects\vk2c24a.obj)

line level    source

   1          #include "vk2c24a.h"
   2          #include <intrins.h>  
   3          
   4          #define Vk2c24a_CLK 1 //SCL信号线频率,由delay_nus实现 50->10kHz 10->50kHz 5->100kHz
   5          
   6          //segtab[]数组对应实际的芯片到LCD连线，连线见-Vk2c24a参考电路
   7          //4com
   8          unsigned char Vk2c24a_segtab[Vk2c24a_SEGNUM]={//vk2c24A
   9                  1, 2, 3, 4, 5, 6, 7, 8, 9,10,11,12,13,14,15,
  10                  16,17,18,19,20,21,22,23,
  11                  32,33,34,35,36,37,38,39,40,41,42,43,44,45,46,47,
  12                  48,49,50,51,52,53,54,55,56
  13          };
  14          
  15          //vk2c24a_dispram对应芯片的显示RAM
  16          //4com
  17          unsigned char vk2c24a_dispram[Vk2c24a_SEGNUM/2];//4COM时每个字节数据对应2个SEG
  18          //8com
  19          //unsigned char vk2c24a_dispram[Vk2c24a_SEGNUM];//8COM时每个字节数据对应1个SEG
  20          //16com
  21          //unsigned char vk2c24a_dispram[Vk2c24a_SEGNUM*2];//16COM时每2个字节数据对应1个SEG
  22          //对应数组vk2c24a_segtab[Vk2c24a_SEGNUM]
  23          //显示RAM buffer为8位对应2个SEG，bit7/bit3->com3,bit6/bit2->com2,bit5/bit1->com1,bit4/bit0->com0
  24          //显示RAM buffer为8位对应1个SEG，bit7->com7,bit6->com6,...,bit0->com0
  25          //LCD 实例  3个8字
  26          //1是百位，2是十位，3是个位
  27          /*显示buffer和lcd图案映射关系如下
  28          //4COM
  29          vk2c24a_dispram[Vk2c24a_SEGNUM/2]=
  30          {//com3   com2   com1     com0 //对应芯片SEG脚  对应显示RAM数据
  31                  1D,     1E,    1F,      1A,     //seg4                          vk2c24a_dispram[2]-bit3-bit0
  32                    ,     1C,    1G,      1B,     //seg5                          vk2c24a_dispram[2]-bit7-bit4
  33                  2D,     2E,    2F,      2A,     //seg6                          vk2c24a_dispram[3]-bit3-bit0
  34                    ,     2C,    2G,      2B,     //seg7                          vk2c24a_dispram[3]-bit7-bit4
  35                  3D,     3E,    3F,      3A,             //seg8                          vk2c24a_dispram[4]-bit3-bit0
  36                    ,     3C,    3G,      3B,             //seg9                          vk2c24a_dispram[4]-bit7-bit4
  37          }
  38          //8COM
  39          vk2c24a_dispram[Vk2c24a_SEGNUM]=
  40          {//com7   com6   com5     com4   com3   com2   com1     com0 //对应芯片SEG脚  对应显示RAM数据
  41                   1D,     1E,    1F,      1A,    ,     1C,    1G,      1B,  //seg6                       vk2c24a_dispram[2]
  42                   2D,     2E,    2F,      2A,    ,     2C,    2G,      2B,  //seg7                       vk2c24a_dispram[3]
  43                   3D,     3E,    3F,      3A,    ,     3C,    3G,      3B,  //seg8                       vk2c24a_dispram[4]
  44          }
  45          */
  46          /*8字点序 
  47               A
  48             F   B
  49               G
  50                   E   C
  51                     D
  52          */
  53          unsigned char shuzi_zimo[15]= //数字和字符字模
  54          {
C51 COMPILER V9.60.7.0   VK2C24A                                                           03/04/2025 09:07:23 PAGE 2   

  55          //0    1    2    3    4    5    6    7    8    9    -    L    o    H    i 
  56                  0x5F,0x50,0x3D,0x79,0x72,0x6B,0x6F,0x51,0x7F,0x7B,0x20,0x0E,0x6C,0x76,0x50
  57          };
  58          unsigned char vk2c24a_segi,vk2c24a_comi;
  59          unsigned char vk2c24a_maxcom=4;//驱动的com数VK2C24A可以是4com或者8com
  60          /* Private function prototypes -----------------------------------------------*/
  61          unsigned char Vk2c24a_InitSequence(void);
  62          /* Private function ----------------------------------------------------------*/
  63          /*******************************************************************************
  64          * Function Name  : delay_nus
  65          * Description    : 延时1uS程序
  66          * Input          : n->延时时间nuS
  67          * Output         : None
  68          * Return         : None
  69          *******************************************************************************/
  70          void delay_nus(unsigned int n)     
  71          {
  72   1              unsigned char i;
  73   1              while(n--)
  74   1              {
  75   2                      i=20;
  76   2                      while(i--)
  77   2                      {//nop指令根据单片机做相应的修改
  78   3                              _nop_();
  79   3                      }
  80   2              }
  81   1      }
  82          /*******************************************************************************
  83          * Function Name  : delay_nms
  84          * Description    : 延时1mS程序
  85          * Input          : n->延时时间nmS
  86          * Output         : None
  87          * Return         : None
  88          *******************************************************************************/
  89          void delay_nms(unsigned long int n)
  90          {
  91   1              while(n--)
  92   1              {
  93   2                      delay_nus(1000);
  94   2              }
  95   1      }
  96          /*******************************************************************************
  97          * Function Name  : I2CStart
  98          * Description    : 时钟线高时，数据线由高到低的跳变，表示I2C开始信号
  99          * Input          : None
 100          * Output         : None
 101          * Return         : None
 102          *******************************************************************************/
 103          void Vk2c24a_I2CStart( void )
 104          {
 105   1        Vk2c24a_SCL_H();
 106   1        Vk2c24a_SDA_H();
 107   1        delay_nus(Vk2c24a_CLK);
 108   1        Vk2c24a_SDA_L();
 109   1        delay_nus(Vk2c24a_CLK);
 110   1      }
 111          /*******************************************************************************
 112          * Function Name  : I2CStop
 113          * Description    : 时钟线高时，数据线由低到高的跳变，表示I2C停止信号
 114          * Input          : None
 115          * Output         : None
 116          * Return         : None
C51 COMPILER V9.60.7.0   VK2C24A                                                           03/04/2025 09:07:23 PAGE 3   

 117          *******************************************************************************/
 118          void Vk2c24a_I2CStop( void )
 119          {
 120   1        Vk2c24a_SCL_H();
 121   1        Vk2c24a_SDA_L();
 122   1        delay_nus(Vk2c24a_CLK);
 123   1        Vk2c24a_SDA_H();
 124   1        delay_nus(Vk2c24a_CLK);
 125   1      }
 126          /*******************************************************************************
 127          * Function Name  : I2CSlaveAck
 128          * Description    : I2C从机设备应答查询
 129          * Input          : None
 130          * Output         : None
 131          * Return         : 0-ok 1-fail
 132          *******************************************************************************/
 133          unsigned char Vk2c24a_I2CSlaveAck( void )
 134          {
 135   1        unsigned int TimeOut;
 136   1        unsigned char RetValue;
 137   1              
 138   1        Vk2c24a_SCL_L();
 139   1              //单片机SDA脚为单向IO要设为输入脚
 140   1      //      Vk2c24a_SET_SDA_IN();
 141   1        delay_nus(Vk2c24a_CLK);
 142   1        Vk2c24a_SCL_H();//第9个sclk上升沿
 143   1      
 144   1        TimeOut = 10000;
 145   1        while( TimeOut-- > 0 )
 146   1        {
 147   2          if( Vk2c24a_GET_SDA()!=0 )//读取ack
 148   2          {
 149   3            RetValue = 1;
 150   3          }
 151   2          else
 152   2          {
 153   3            RetValue = 0;
 154   3            break;
 155   3          }
 156   2        } 
 157   1              Vk2c24a_SCL_L();
 158   1              //单片机SDA脚为单向IO要设为输出脚
 159   1      //      Vk2c24a_SET_SDA_OUT(); 
 160   1        
 161   1        return RetValue;
 162   1      }
 163          /*******************************************************************************
 164          * Function Name  : I2CWriteByte
 165          * Description    : I2C写一字节,先送高位
 166          * Input          : byte-要写入的数据
 167          * Output         : None
 168          * Return         : None
 169          *******************************************************************************/
 170          void Vk2c24a_I2CWriteByte( unsigned char byte )
 171          {
 172   1              unsigned char i=8;
 173   1              while (i--)
 174   1              { 
 175   2                      Vk2c24a_SCL_L();
 176   2                      if(byte&0x80)
 177   2                              Vk2c24a_SDA_H();
 178   2                      else
C51 COMPILER V9.60.7.0   VK2C24A                                                           03/04/2025 09:07:23 PAGE 4   

 179   2                              Vk2c24a_SDA_L();
 180   2                      byte<<=1; 
 181   2                      delay_nus(Vk2c24a_CLK);
 182   2                      Vk2c24a_SCL_H();     
 183   2                      delay_nus(Vk2c24a_CLK);
 184   2              }
 185   1      }
 186          
 187          /*******************************************************************************
 188          * Function Name  : WriteCmd
 189          * Description    : 写1字节命令带参数
 190          * Input          : cmd-要写入的命令
 191          *                : data-要写入的参数
 192          * Output         : None
 193          * Return         : 0-ok 1-fail
 194          *******************************************************************************/
 195          unsigned char WriteCmdVk2c24a(unsigned char cmd, unsigned char Data )
 196          {
 197   1              Vk2c24a_I2CStart();
 198   1      
 199   1              Vk2c24a_I2CWriteByte( Vk2c24a_ADDR|0x00 );
 200   1              if( 1 == Vk2c24a_I2CSlaveAck() )
 201   1              {
 202   2                      Vk2c24a_I2CStop(); 
 203   2                      return 0;   
 204   2              }
 205   1              Vk2c24a_I2CWriteByte( cmd );
 206   1              if( 1 == Vk2c24a_I2CSlaveAck() )
 207   1              {
 208   2                      Vk2c24a_I2CStop(); 
 209   2                      return 0;   
 210   2              }
 211   1              Vk2c24a_I2CWriteByte( Data );
 212   1              if( 1 == Vk2c24a_I2CSlaveAck() )
 213   1              {
 214   2                      Vk2c24a_I2CStop(); 
 215   2                      return 0;   
 216   2              }
 217   1        Vk2c24a_I2CStop();
 218   1       
 219   1        return 0;    //返回操作成败标志
 220   1      }
 221          /*******************************************************************************
 222          * Function Name  : Write1Data
 223          * Description    : 写1字节数据到显示RAM
 224          * Input          : Addr-写入ram的地址
 225          *                : Dat->写入ram的数据
 226          * Output         : None
 227          * Return         : 0-ok 1-fail
 228          *******************************************************************************/
 229          unsigned char Write1DataVk2c24a(unsigned char Addr,unsigned char Dat)
 230          {
 231   1              //START 信号
 232   1              Vk2c24a_I2CStart(); 
 233   1              //SLAVE地址
 234   1              Vk2c24a_I2CWriteByte(Vk2c24a_ADDR); 
 235   1              if( 1 == Vk2c24a_I2CSlaveAck() )
 236   1              {               
 237   2                      Vk2c24a_I2CStop();
 238   2                      return 1; 
 239   2              }
 240   1              //写显示RAM命令
C51 COMPILER V9.60.7.0   VK2C24A                                                           03/04/2025 09:07:23 PAGE 5   

 241   1              Vk2c24a_I2CWriteByte(Vk2c24a_RWRAM);                                            
 242   1              if( 1 == Vk2c24a_I2CSlaveAck() )
 243   1              {
 244   2                      Vk2c24a_I2CStop();                                                                                                      
 245   2                      return 0;
 246   2              }
 247   1              //显示RAM地址
 248   1              Vk2c24a_I2CWriteByte(Addr); 
 249   1              if( 1 == Vk2c24a_I2CSlaveAck() )
 250   1              {
 251   2                      Vk2c24a_I2CStop();
 252   2                      return 1;
 253   2              }
 254   1              //显示数据，1字节数据包含2个SEG
 255   1              Vk2c24a_I2CWriteByte(Dat);
 256   1              if( Vk2c24a_I2CSlaveAck()==1 )
 257   1              {
 258   2                      Vk2c24a_I2CStop();
 259   2                      return 1;
 260   2              }
 261   1              //STOP信号
 262   1       Vk2c24a_I2CStop();
 263   1       return 0;   
 264   1      }
 265          /*******************************************************************************
 266          * Function Name  : WritenData
 267          * Description    : 写多个数据到显示RAM
 268          * Input          : Addr-写入ram的起始地址
 269          *                : Databuf->写入ram的数据buffer指针
 270          *                : Cnt->写入ram的数据个数
 271          * Output         : None
 272          * Return         : 0-ok 1-fail
 273          *******************************************************************************/
 274          unsigned char  WritenDataVk2c24a(unsigned char Addr,unsigned char *Databuf,unsigned char Cnt)
 275          {
 276   1              unsigned char n;
 277   1              
 278   1              //START信号     
 279   1              Vk2c24a_I2CStart();                                                                     
 280   1              //SLAVE地址
 281   1              Vk2c24a_I2CWriteByte(Vk2c24a_ADDR);     
 282   1              if( 1 == Vk2c24a_I2CSlaveAck() )
 283   1              {
 284   2                      Vk2c24a_I2CStop();                                                                                                      
 285   2                      return 0;                                                                               
 286   2              }
 287   1              //写显示RAM命令
 288   1              Vk2c24a_I2CWriteByte(Vk2c24a_RWRAM);                                            
 289   1              if( 1 == Vk2c24a_I2CSlaveAck() )
 290   1              {
 291   2                      Vk2c24a_I2CStop();                                                                                                      
 292   2                      return 0;
 293   2              }
 294   1              //显示RAM起始地址
 295   1              Vk2c24a_I2CWriteByte(Addr);                                             
 296   1              if( 1 == Vk2c24a_I2CSlaveAck() )
 297   1              {
 298   2                      Vk2c24a_I2CStop();                                                                                                      
 299   2                      return 0;
 300   2              }
 301   1              //发送Cnt个数据到显示RAM
 302   1              for(n=0;n<Cnt;n++)
C51 COMPILER V9.60.7.0   VK2C24A                                                           03/04/2025 09:07:23 PAGE 6   

 303   1              { 
 304   2                      Vk2c24a_I2CWriteByte(*Databuf++);
 305   2                      if( Vk2c24a_I2CSlaveAck()==1 )
 306   2                      {
 307   3                              Vk2c24a_I2CStop();                                                                                                      
 308   3                              return 0;
 309   3                      }
 310   2              }
 311   1              //STOP信号
 312   1               Vk2c24a_I2CStop();                                                                                     
 313   1               return 0;    
 314   1      }
 315          /*******************************************************************************
 316          * Function Name  : Vk2c24a_DisAll
 317          * Description    : 所有SEG显示同一个数据，bit7/bit3-COM3 bit6/bit2-COM2 bit5/bit1-COM1 bit4/bit0-COM0
 318          *                                : 例如：0xff全亮 0x00全灭 0x55灭亮灭亮 0xaa亮灭亮灭 0x33灭灭亮亮 
 319          * Input          ：dat->写入ram的数据(1个字节数据对应2个SEG)  
 320          * Output         : None
 321          * Return         : None
 322          *******************************************************************************/
 323          void Vk2c24a_DisAll(unsigned char dat)
 324          {
 325   1              unsigned char segi;
 326   1              unsigned char dispram[120];
 327   1              
 328   1              if(vk2c24a_maxcom==4)
 329   1              {
 330   2                      for(segi=0;segi<36;segi++)
 331   2                      {
 332   3                              dispram[segi]=dat;
 333   3                      }
 334   2                      WritenDataVk2c24a(0,dispram,36);//这里送8bit数据对应2个SEG，每8bit数据地址加1，每8位数据1个ACK
 335   2              }
 336   1              else if(vk2c24a_maxcom==8)
 337   1              {
 338   2                      for(segi=0;segi<68;segi++)
 339   2                      {
 340   3                              dispram[segi]=dat;
 341   3                      }
 342   2                      WritenDataVk2c24a(0,dispram,68);//这里送8bit数据对应1个SEG，每8bit数据地址加1，每8位数据1个ACK
 343   2              }
 344   1              else if(vk2c24a_maxcom==16)
 345   1              {
 346   2                      for(segi=0;segi<120;segi++)
 347   2                      {
 348   3                              dispram[segi]=dat;
 349   3                      }
 350   2                      WritenDataVk2c24a(0,dispram,120);//这里送8bit数据对应1个SEG，每8bit数据地址加1，每8位数据1个ACK
 351   2              }
 352   1      }
 353          /*******************************************************************************
 354          * Function Name  : DisSegComOn
 355          * Description    : 点亮1个点(1个seg和1个com交叉对应的显示点)
 356          * Input          ：seg->点对应的seg脚  
 357          *                        ：com->点对应com脚  
 358          * Output         : None
 359          * Return         : None
 360          *******************************************************************************/
 361          void Vk2c24a_DisSegComOn(unsigned char seg,unsigned char com)
 362          {
 363   1      //      if(vk2c24a_maxcom==4)
 364   1      //      {
C51 COMPILER V9.60.7.0   VK2C24A                                                           03/04/2025 09:07:23 PAGE 7   

 365   1      //              if(seg%2==0)
 366   1      //                      Write1DataVk2c24a(seg/2,(1<<(com)));//这里送8位数据低4bit有效，每8bit数据地址加1，每8位数据1个ACK)
 367   1      //              else
 368   1      //                      Write1DataVk2c24a(seg/2,(1<<(4+com)));//这里送8位数据高4bit有效，每8bit数据地址加1，每8位数据1个ACK
 369   1      //      }
 370   1      //      else
 371   1      //      {
 372   1      //              Write1DataVk2c24a(seg,(1<<(com)));//这里送8位数据低4bit有效，每8bit数据地址加1，每8位数据1个ACK
 373   1      //      }
 374   1              
 375   1              unsigned char addrbit, tempdat;
 376   1          if (seg % 2 == 0)//判断是不是偶数
 377   1              addrbit = (1 << com); // 对应低 4 位
 378   1          else
 379   1              addrbit = (1 << (4 + com)); // 对应高 4 位
 380   1          // 将显示状态累加，而不是覆盖
 381   1          tempdat = vk2c24a_dispram[seg / 2] | addrbit;
 382   1          vk2c24a_dispram[seg / 2] = tempdat;
 383   1          WritenDataVk2c24a(seg / 2, &tempdat, 1);    
 384   1      }
 385          /*******************************************************************************
 386          * Function Name  : DisSegComOff
 387          * Description    : 关闭1个点(1个seg和1个com交叉对应的显示点)
 388          * Input          ：seg->点对应的seg脚  
 389          *                        ：com->点对应com脚  
 390          * Output         : None
 391          * Return         : None
 392          *******************************************************************************/
 393          void Vk2c24a_DisSegComOff(unsigned char seg,unsigned char com)
 394          {
 395   1              if(vk2c24a_maxcom==4)
 396   1              {
 397   2                      if(seg%2==0)
 398   2                              Write1DataVk2c24a(seg/2,~(1<<com));//这里送8位数据低4bit有效，每8bit数据地址加1，每8位数据1个ACK
 399   2                      else
 400   2                              Write1DataVk2c24a(seg/2,~(1<<(4+com)));//这里送8位数据高4bit有效，每8bit数据地址加1，每8位数据1个ACK
 401   2              }
 402   1              else
 403   1              {
 404   2                      Write1DataVk2c24a(seg,~(1<<com));//这里送8位数据低4bit有效，每8bit数据地址加1，每8位数据1个ACK
 405   2              }
 406   1      }
 407          /*******************************************************************************
 408          * Function Name  : Enter_Standby
 409          * Description    : 进入掉电低功耗模式,掉电无显示
 410          * Input          ：None 
 411          * Output         : None
 412          * Return         : 0-ok 1-fail
 413          *******************************************************************************/
 414          void Vk2c24a_Enter_Standby(void)
 415          {               
 416   1              WriteCmdVk2c24a(Vk2c24a_SYSSET,SYSOFF_LCDOFF);
 417   1      }
 418          /*******************************************************************************
 419          * Function Name  : Exit_Standby
 420          * Description    : 退出掉电低功耗模式
 421          * Input          ：None 
 422          * Output         : None
 423          * Return         : None
 424          *******************************************************************************/
 425          void Vk2c24a_Exit_Standby(void)
 426          {       
C51 COMPILER V9.60.7.0   VK2C24A                                                           03/04/2025 09:07:23 PAGE 8   

 427   1              WriteCmdVk2c24a(Vk2c24a_SYSSET,SYSON_LCDON);
 428   1      }
 429          
 430          /*******************************************************************************
 431          * Function Name  : Lowlevel_Init
 432          * Description    : 配置通信线GPIO
 433          * Input          ：None 
 434          * Output         : None
 435          * Return         : None
 436          *******************************************************************************/
 437          void Vk2c24a_Lowlevel_Init(void)
 438          {
 439   1              //通信线电平不同，建议加电平转换电路
 440   1              //此函数根据客户单片机做相应的修改      
 441   1      //      Vk2c24a_SET_SDA_DIR();
 442   1      //      GPIO_SetMode(Vk2c24a_SCL_PORT, Vk2c24a_SCL_PIN, GPIO_MODE_OUTPUT);
 443   1      //      GPIO_SetMode(Vk2c24a_SDA_PORT, Vk2c24a_SDA_PIN, GPIO_MODE_QUASI);
 444   1                            
 445   1              Vk2c24a_SCL_H();  
 446   1              Vk2c24a_SDA_H();        
 447   1      }
 448          /*******************************************************************************
 449          * Function Name  : Init
 450          * Description    : 初始化配置
 451          * Input          ：None 
 452          * Output         : None
 453          * Return         : None
 454          *******************************************************************************/
 455          void Vk2c24a_Init(void)
 456          {       
 457   1              //管脚配置根据客户单片机做相应的修改
 458   1              Vk2c24a_Lowlevel_Init();
 459   1              
 460   1              WriteCmdVk2c24a(Vk2c24a_MODESET,BIAS_1_3|COM_4);        //模式设置  1/3 Bais 1/4 Duty
 461   1      //      WriteCmdVk2c24a(Vk2c24a_MODESET,BIAS_1_4|COM_4);        //模式设置  1/3 Bais 1/4 Duty
 462   1      //      WriteCmdVk2c24a(Vk2c24a_MODESET,BIAS_1_5|COM_4);        //模式设置  1/3 Bais 1/4 Duty
 463   1              vk2c24a_maxcom=4;
 464   1      //      WriteCmdVk2c24a(Vk2c24a_MODESET,BIAS_1_3|COM_8);        //模式设置  1/3 Bais 1/8 Duty
 465   1      //      WriteCmdVk2c24a(Vk2c24a_MODESET,BIAS_1_4|COM_8);        //模式设置  1/3 Bais 1/8 Duty
 466   1      //      WriteCmdVk2c24a(Vk2c24a_MODESET,BIAS_1_5|COM_8);        //模式设置  1/3 Bais 1/8 Duty
 467   1      //      vk2c24a_maxcom=8;
 468   1      //      WriteCmdVk2c24a(Vk2c24a_MODESET,BIAS_1_3|COM_16); //模式设置  1/3 Bais 1/16 Duty
 469   1      //      WriteCmdVk2c24a(Vk2c24a_MODESET,BIAS_1_4|COM_16); //模式设置  1/3 Bais 1/16 Duty
 470   1      //      WriteCmdVk2c24a(Vk2c24a_MODESET,BIAS_1_5|COM_16); //模式设置  1/3 Bais 1/16 Duty
 471   1      //      vk2c24a_maxcom=16;
 472   1              WriteCmdVk2c24a(Vk2c24a_SYSSET,SYSON_LCDON);            //内部系统振荡器开，lcd开显示
 473   1      //      WriteCmdVk2c24a(Vk2c24a_FRAMESET,FRAME_80HZ);       //帧频率80Hz
 474   1      //      WriteCmdVk2c24a(Vk2c24a_FRAMESET,FRAME_160HZ);      //帧频率160Hz
 475   1      //      WriteCmdVk2c24a(Vk2c24a_BLINKSET,BLINK_OFF);            //闪烁关闭      
 476   1      //      WriteCmdVk2c24a(Vk2c24a_BLINKSET,BLINK_2HZ);            //闪烁2HZ
 477   1      //      WriteCmdVk2c24a(Vk2c24a_BLINKSET,BLINK_1HZ);            //闪烁1HZ
 478   1      //      WriteCmdVk2c24a(Vk2c24a_BLINKSET,BLINK_0D5HZ);      //闪烁0.5HZ
 479   1      
 480   1      
 481   1              //SEG/VLCD共用脚设为VLCD，内部电压调整功能关闭,VLCD和VDD短接VR=0偏置电压=VDD
 482   1      //      WriteCmdVk2c24a(Vk2c24a_IVASET,VLCDSEL_IVAOFF_R0); 
 483   1              //SEG/VLCD共用脚设为VLCD，内部电压调整功能关闭,VLCD和VDD串接电阻VR>0偏置电压=VLCD
 484   1              WriteCmdVk2c24a(Vk2c24a_IVASET,VLCDSEL_IVAOFF_R1); 
 485   1              //SEG/VLCD共用脚设为SEG，内部偏置电压调整：1/3bias=0.652VDD 1/4bias=0.714VDD
 486   1      //      WriteCmdVk2c24a(Vk2c24a_IVASET,SEGSEL_IVA02H);  
 487   1      }
 488          /*******************************************************************************
C51 COMPILER V9.60.7.0   VK2C24A                                                           03/04/2025 09:07:23 PAGE 9   

 489          * Function Name  : disp_3num
 490          * Description    : 显示3位数字
 491          * Input          ：dat->3位数字 十进制 
 492          * Output         : None
 493          * Return         : None
 494          *******************************************************************************/
 495          void disp_3num(unsigned int dat)
 496          {               
 497   1              unsigned dat8;
 498   1                      
 499   1              if(vk2c24a_maxcom==4)
 500   1              {
 501   2                      dat8=dat/100%10;        //显示百位
 502   2                      vk2c24a_dispram[2]&=0xf0;
 503   2                      vk2c24a_dispram[2]|=shuzi_zimo[dat8]&0x0f;
 504   2                      vk2c24a_dispram[2]&=0x8f;
 505   2                      vk2c24a_dispram[2]|=shuzi_zimo[dat8]&0xf0;
 506   2                      
 507   2                      dat8=dat/10%10;         //显示十位
 508   2                      vk2c24a_dispram[3]&=0xf0;
 509   2                      vk2c24a_dispram[3]|=shuzi_zimo[dat8]&0x0f;
 510   2                      vk2c24a_dispram[3]&=0x8f;
 511   2                      vk2c24a_dispram[3]|=shuzi_zimo[dat8]&0xf0;
 512   2                      
 513   2                      dat8=dat%10;                    //显示个位
 514   2                      vk2c24a_dispram[4]&=0xf0;
 515   2                      vk2c24a_dispram[4]|=shuzi_zimo[dat8]&0x0f;
 516   2                      vk2c24a_dispram[4]&=0x8f;
 517   2                      vk2c24a_dispram[4]|=shuzi_zimo[dat8]&0xf0;
 518   2                              
 519   2                      if(dat<100)                             //数字小于100，百位不显示
 520   2                      {
 521   3                      vk2c24a_dispram[2]&=0xf0;
 522   3                      vk2c24a_dispram[2]&=0x8f;
 523   3                      }
 524   2                      if(dat<10)      //数字小于10，十位不显示
 525   2                      {
 526   3                      vk2c24a_dispram[3]&=0xf0;
 527   3                      vk2c24a_dispram[3]&=0x8f;
 528   3                      }
 529   2                      //SEG不连续1个1个数据送
 530   2      //              Write1DataVk2c24a(2,vk2c24a_dispram[2]);
 531   2      //              Write1DataVk2c24a(3,vk2c24a_dispram[3]);
 532   2      //              Write1DataVk2c24a(4,vk2c24a_dispram[4]);
 533   2                      //SEG连续送多个数据
 534   2                      WritenDataVk2c24a(2,&vk2c24a_dispram[2],3);
 535   2              }
 536   1              else
 537   1              {
 538   2                      dat8=dat/100%10;        //显示百位
 539   2                      vk2c24a_dispram[2]&=0x80;
 540   2                      vk2c24a_dispram[2]|=shuzi_zimo[dat8];
 541   2                      
 542   2                      dat8=dat/10%10;         //显示十位
 543   2                      vk2c24a_dispram[3]&=0x80;
 544   2                      vk2c24a_dispram[3]|=shuzi_zimo[dat8];
 545   2                      
 546   2                      dat8=dat%10;                    //显示个位
 547   2                      vk2c24a_dispram[4]&=0x80;
 548   2                      vk2c24a_dispram[4]|=shuzi_zimo[dat8];
 549   2                              
 550   2                      if(dat<100)                             //数字小于100，百位不显示
C51 COMPILER V9.60.7.0   VK2C24A                                                           03/04/2025 09:07:23 PAGE 10  

 551   2                      {
 552   3                              vk2c24a_dispram[2]&=0x80;
 553   3                      }
 554   2                      if(dat<10)      //数字小于10，十位不显示
 555   2                      {
 556   3                              vk2c24a_dispram[3]&=0x80;
 557   3                      }
 558   2                      //SEG不连续1个1个数据送
 559   2      //              Write1DataVk2c24a(2,vk2c24a_dispram[2]);
 560   2      //              Write1DataVk2c24a(3,vk2c24a_dispram[3]);
 561   2      //              Write1DataVk2c24a(4,vk2c24a_dispram[4]);
 562   2                      //SEG连续送多个数据
 563   2                      WritenDataVk2c24a(2,&vk2c24a_dispram[2],3);
 564   2              }
 565   1      }       
 566          


MODULE INFORMATION:   STATIC OVERLAYABLE
   CODE SIZE        =   1318    ----
   CONSTANT SIZE    =   ----    ----
   XDATA SIZE       =    126     144
   PDATA SIZE       =   ----    ----
   DATA SIZE        =   ----    ----
   IDATA SIZE       =   ----    ----
   BIT SIZE         =   ----    ----
END OF MODULE INFORMATION.


C51 COMPILATION COMPLETE.  0 WARNING(S),  0 ERROR(S)
