C51 COMPILER V9.60.7.0   12864                                                             05/10/2025 14:06:46 PAGE 1   


C51 COMPILER V9.60.7.0, COMPILATION OF MODULE 12864
OBJECT MODULE PLACED IN 12864.OBJ
COMPILER INVOKED BY: D:\KEIL_STM32\C51\BIN\C51.EXE 12864.c OPTIMIZE(8,SPEED) BROWSE DEBUG OBJECTEXTEND

line level    source

   1          #include <REGX52.H>
   2          #include <INTRINS.H>  
   3          #include "int/ascii0816x.c"
   4          #include "int/ascii0508x.c"
   5          #include "12864.h"
   6          #include "int/hanzi1616.c"
   7          
   8          // Delay microsecond less than 255us
   9          void delayUs(uint Tus)
  10          {
  11   1              // If Tus >= 18, the delay is precise, otherwise not!
  12   1              if (Tus > 17)
  13   1              {
  14   2                      Tus = Tus/2 - 9;
  15   2                      if (Tus != 0)
  16   2                              while(--Tus != 0);
  17   2              }
  18   1      }
  19          
  20          // Delay Tms ms
  21          void delayMs(uint Tms)
  22          {
  23   1              uint i;
  24   1              while(Tms-- != 0)
  25   1              {
  26   2                      i = 4;
  27   2                      while(i-- != 0)
  28   2                      delayUs(250);
  29   2              }
  30   1      }
  31           
  32             
  33          /****************************reset IC for start****************************/   
  34          void LCD_Reset()   
  35          {   
  36   1       IE  =  0x00;   
  37   1       rst =  0;   
  38   1       delayMs(50);   
  39   1       rst =  1;   
  40   1       delayMs(50);   
  41   1      }    
  42          //-----------------写指令或者数据--------------------      
  43          void write_cmd_dat(uchar cmda,uchar com)   
  44          {    
  45   1       uchar i; 
  46   1       cs=0;   
  47   1       di=cmda; // 确定是写指令还是数据
  48   1       sclk=0;  //时钟低
  49   1       for(i=0;i<8;i++)
  50   1       {
  51   2        sid=(com&0x80);
  52   2        delayUs(5);
  53   2        sclk=1;
  54   2        delayUs(5);
  55   2        com<<=1;
C51 COMPILER V9.60.7.0   12864                                                             05/10/2025 14:06:46 PAGE 2   

  56   2        sclk=0;
  57   2        }
  58   1      } 
  59          
  60          
  61          // set Column address
  62          void SetCA(uchar Caddr)
  63          { 
  64   1         write_cmd_dat(0,Caddr & 0x0F);          // Lower 4-bit
  65   1         write_cmd_dat(0,(Caddr >> 4) | 0x10);   // Higher 4-bit
  66   1      }
  67          
  68          // set page address
  69          void SetPA(uchar Paddr)
  70          {
  71   1         write_cmd_dat(0,0xb0+Paddr);
  72   1      }
  73          
  74          //--------------向某页某列写数据----------------------------
  75          void write_data(uint com,uchar page,uchar clum)
  76          {
  77   1        SetPA(page);
  78   1        SetCA(clum);
  79   1        write_cmd_dat(1,com);
  80   1      }
  81          
  82          // Display data RAM page and column address
  83          void GotoXY(uchar Paddr, uchar Caddr)
  84          {
  85   1         SetPA(Paddr);
  86   1         SetCA(Caddr);
  87   1      }
  88          
  89          //----------------------组装测试-------------------------
  90          void display_test(uchar fst,uchar snd) 
  91          { 
  92   1        uchar i,j;
  93   1       for(j=0;j<8;j++)
  94   1       {      
  95   2        GotoXY(j,0);
  96   2      //   for(i=0;i<128/2;i++)
  97   2               for(i=0;i<128;i++)
  98   2        {
  99   3         write_cmd_dat(1,fst);
 100   3         write_cmd_dat(1,snd);
 101   3        }
 102   2       }
 103   1      }
 104           // Clear LCD screen
 105          void Clear(void)
 106          {
 107   1              display_test(0x00,0x00);
 108   1              delayUs(4);
 109   1      }  
 110          // Wait some time and clear the screen
 111          void wait_and_clear(void)
 112          {
 113   1              delayMs(200);
 114   1              Clear();
 115   1      }
 116            
 117          void lcd_test()
C51 COMPILER V9.60.7.0   12864                                                             05/10/2025 14:06:46 PAGE 3   

 118          {
 119   1        uchar i;
 120   1        uchar code tdata[][2]=
 121   1        {
 122   1              {0xff,0xff},    // All
 123   1              {0x00,0xFF},    // Virtical 
 124   1              {0xff,0x00},    // Virtical
 125   1              {0xAA,0xAA},    // Horizontal 
 126   1              {0x55,0x55},    // Horizontal 
 127   1              {0xAA,0x55},    // Stars 
 128   1              {0x55,0xaa},    // Stars 
 129   1        };
 130   1        for(i=0;i<7;i++)
 131   1        {
 132   2         display_test(tdata[i][0],tdata[i][1]);
 133   2        delayMs(800);
 134   2         wait_and_clear();
 135   2        }
 136   1      }    
 137           //------------------显示方框-----------------------
 138          void lcd_kuang(void)
 139          {
 140   1       uchar i,j;
 141   1        for(i=0;i<8;i++)
 142   1         {     
 143   2          for(j=0;j<128;j++)
 144   2               { 
 145   3                if((j==0)||(j==127)) { GotoXY(i,j); write_cmd_dat(1,0xff);}
 146   3                if(i==0)
 147   3                 { 
 148   4                  if((j>0)&&(j<127)) { GotoXY(i,j); write_cmd_dat(1,0x01);}}
 149   3                if(i==7)
 150   3                 { 
 151   4                  if((j>0)&&(j<127)) { GotoXY(i,j); write_cmd_dat(1,0x80);}}
 152   3               }
 153   2         }
 154   1      }
 155          
 156          //------------------显示8X16点阵字符串-------------------------         
 157           void disp_ascii0816(uchar *ptrAscii, uchar startP, uchar startC)
 158                  {
 159   1      
 160   1                      uchar i,xclum;
 161   1                      uint index;
 162   1                      GotoXY(startP,startC);
 163   1                      while((*ptrAscii) != '\0')
 164   1                      {
 165   2                              index = ((*ptrAscii)-0x20)*16; 
 166   2                        
 167   2                              for(i=0;i<16;i++)
 168   2                              {
 169   3                               if(i%8==0)
 170   3                                {
 171   4                                xclum=startC;
 172   4                                }
 173   3                               write_data(AsciiDot0816[index++],startP+i/8,xclum++);                   
 174   3                              }
 175   2                              startC+=8;
 176   2                         ptrAscii++;                            
 177   2                      //      if((128-xclum)<8)
 178   2              //      {
 179   2                      // startP+=2;
C51 COMPILER V9.60.7.0   12864                                                             05/10/2025 14:06:46 PAGE 4   

 180   2                      //       startC=0;
 181   2                               //if(startP<8)
 182   2                      //       {Gotoxy(startP,startC);}
 183   2                      //      }
 184   2              }
 185   1      }
 186          
 187          
 188          
 189          //------------------显示5X8点阵字库串-------------------------
 190          void disp_ascii0508(uchar *ptrAscii, uchar startP, uchar startC)
 191          {
 192   1      
 193   1                      uchar i;
 194   1                      uint index;
 195   1                      GotoXY(startP,startC);
 196   1                      while((*ptrAscii) != '\0')
 197   1                      {
 198   2                              index = ((*ptrAscii) - 0x20)*5;
 199   2                              for (i=0;i<5;i++)       
 200   2                              {
 201   3                               write_data(AsciiDot0508[index++],startP,startC++);             
 202   3                              }
 203   2                         ptrAscii++;                            
 204   2                              if((128-startC)<6)
 205   2                              {
 206   3                               startP++;
 207   3                               startC=0;
 208   3                               if(startP<8)
 209   3                               {GotoXY(startP,startC);}
 210   3                              }
 211   2              }
 212   1      }
 213          //------------------显示一个汉字-------------------------
 214          void display_hanzi(uchar *p,uchar startP, uchar startC)
 215          {
 216   1      
 217   1         uchar i,j;
 218   1               for(i=0;i<2;i++)
 219   1                 {
 220   2               GotoXY(startP+i,startC);
 221   2                                for(j=0;j<16;j++)
 222   2                                  {write_cmd_dat(1,*p++);}//发送数据
 223   2           }
 224   1      }
 225          
 226          //------------------显示一个反白汉字-------------------------
 227          void display_hanzi_fan(uchar *p,uchar startP, uchar startC)
 228          {
 229   1      
 230   1         uchar i,j;
 231   1               for(i=0;i<2;i++)
 232   1                 {
 233   2               GotoXY(startP+i,startC);
 234   2                                for(j=0;j<16;j++)
 235   2                                  {write_cmd_dat(1,~*p++);}//发送数据
 236   2           }
 237   1      }
 238          
 239          //-------------显示一副取反的128X64点阵的图片------------------------------
 240          void display_photo(uchar *p,uchar startP,uchar startC)   
 241          {
C51 COMPILER V9.60.7.0   12864                                                             05/10/2025 14:06:46 PAGE 5   

 242   1         uchar i,j;
 243   1         GotoXY(startP,startC);
 244   1         for(i=0;i<8;i++)
 245   1          {
 246   2                for(j=0;j<128;j++)
 247   2                {
 248   3                 write_data(~*p++, startP+i, startC+j);// ~取反
 249   3                }
 250   2              }
 251   1      }
 252          
 253          
 254          
 255          void Init_IC()   
 256          {   
 257   1       cs  =  0;   
 258   1       P1  =  0xFF;   
 259   1       LCD_Reset(); 
 260   1       write_cmd_dat(0,0xE2);   //initialize interal function
 261   1       write_cmd_dat(0,0xA2); //LCD Bias selection(1/65 Duty,1/9Bias) 
 262   1       write_cmd_dat(0,0xC8);  //SHL selection(COM64->COM0) //改变COM扫描方向         
 263   1       write_cmd_dat(0,0xA0);  //ADC selection(SEG0->SEG128) //改变SEG扫描方向 
 264   1       write_cmd_dat(0,0x2F);  //power control(VB,VR,VF=1,1,1)
 265   1       write_cmd_dat(0,0x25); //Regulator resistor select 110 内部电位器调节
 266   1       write_cmd_dat(0,0x81); //set reference voltage mode
 267   1       write_cmd_dat(0,0x15); //set reference voltage //改变此值可以改变效果  
 268   1       write_cmd_dat(0,0x60); //Initial Display Line 0x40
 269   1       write_cmd_dat(0,0xAF); //Display on 
 270   1       Clear();
 271   1      }   
 272          
 273          
 274          void Yehui_UI()
 275          {
 276   1              
 277   1              uchar i; 
 278   1              const unsigned char* hanzi_array[]  = {guang, don, ye, hui, ke};
 279   1              const unsigned char* hanzi_array2[] = {ji, you, xian, gong, si};
 280   1              lcd_kuang();
 281   1              for ( i = 0; i < 5; i++) {
 282   2                      display_hanzi_fan(hanzi_array[i], 1, 20 + i * 16);
 283   2              }
 284   1      
 285   1              for ( i = 0; i < 5; i++) {
 286   2                      display_hanzi_fan(hanzi_array2[i], 3, 20 + i * 16);
 287   2              }
 288   1                  
 289   1              disp_ascii0816("LCM128*64 Dots", 5,11);
 290   1      //      disp_ascii0816("IC:ST7565R",  7,25);
 291   1              
 292   1      }
 293          
 294          void WhatsApp()
 295          {
 296   1      //      lcd_kuang();
 297   1              disp_ascii0816("WhatsApp:",       2,2);
 298   1              disp_ascii0816("+86136 2249 6694",4,1);
 299   1      }       


MODULE INFORMATION:   STATIC OVERLAYABLE
   CODE SIZE        =   1089    ----
C51 COMPILER V9.60.7.0   12864                                                             05/10/2025 14:06:46 PAGE 6   

   CONSTANT SIZE    =   2422    ----
   XDATA SIZE       =   ----    ----
   PDATA SIZE       =   ----    ----
   DATA SIZE        =   ----      67
   IDATA SIZE       =   ----    ----
   BIT SIZE         =   ----    ----
END OF MODULE INFORMATION.


C51 COMPILATION COMPLETE.  0 WARNING(S),  0 ERROR(S)
