C51 COMPILER V9.60.7.0   MIAN                                                              04/21/2025 15:00:56 PAGE 1   


C51 COMPILER V9.60.7.0, COMPILATION OF MODULE MIAN
OBJECT MODULE PLACED IN mian.OBJ
COMPILER INVOKED BY: D:\KEIL_STM32\C51\BIN\C51.EXE mian.c LARGE OPTIMIZE(8,SPEED) BROWSE DEBUG OBJECTEXTEND

line level    source

   1          #include "LCM13264(cog).h"
   2          #include "pic.h"
   3          
   4          void main(void)
   5          {
   6   1              unsigned char mode;
   7   1              init_cpu();
   8   1              Delay_Xms(50);
   9   1              InitST7567();   //一开始初始化控制器
  10   1              DispFram(0x00,0x00);
  11   1              yehui_UI();
  12   1              Delay_Xms(1500);
  13   1      //      WhatsApp();
  14   1              YHLTD();
  15   1              
  16   1              
  17   1                              Delay_Xms(1000);
  18   1                              DispPic( PIC_5 );
  19   1                              Delay_Xms(1000);
  20   1                  yehui_UI(); //     
  21   1                              Delay_Xms(1000);
  22   1                              DispDot(0xf0,0x0f);
  23   1                              Delay_Xms(1000);                         
  24   1                  DispDots( 0x33,0xcc);
  25   1                              Delay_Xms(1000);                                 
  26   1                  DispFram(0x55,0xaa);
  27   1                              Delay_Xms(1000);                                 
  28   1                  yehui_UI();
  29   1                              Delay_Xms(1000);                                 
  30   1                  DispFram(0x55,0x55);        
  31   1                              Delay_Xms(1000);                                 
  32   1                  DispFram(0xff,0x00);         
  33   1                              Delay_Xms(1000);                                 
  34   1                              DispFram(0x00,0xff);    
  35   1                              Delay_Xms(1000);
  36   1              
  37   1      //      while(1)  
  38   1      //      {
  39   1                      
  40   1                      
  41   1      
  42   1      
  43   1      //     Start:   //跳转标号      
  44   1      //if (HOLD()) {  
  45   1      //    mode++;           // 先增加 mode
  46   1      //    mode %= 8;        // 让 mode 保持在 0~7 之间
  47   1      
  48   1      //    switch (mode) {
  49   1      //        case 0:  
  50   1      //            DispPic( PIC_5 );
  51   1      //            break;
  52   1      //        case 1:            
  53   1      //            yehui_UI();               
  54   1      //            break;
  55   1      //        case 2:
C51 COMPILER V9.60.7.0   MIAN                                                              04/21/2025 15:00:56 PAGE 2   

  56   1      //            DispDots(0x33, 0xcc);  // 小棋盘  
  57   1      //            break;
  58   1      //        case 3:
  59   1      //            DispFram(0x55, 0xaa);     
  60   1      //            break;
  61   1      //        case 4:
  62   1      //            DispDot(0xf0, 0x0f);  // 大棋盘
  63   1      //            break;
  64   1      //        case 5:
  65   1      //            DispFram(0x55, 0x55);             
  66   1      //            break;
  67   1      //        case 6:
  68   1      //            DispFram(0xff, 0x00);      
  69   1      //            break;
  70   1      //        case 7:
  71   1      //            DispFram(0xff, 0xff);     
  72   1      //            break;
  73   1      //        default:
  74   1      //            mode = 0;  // 防止异常情况
  75   1      //            break;
  76   1      //    }
  77   1      //}
  78   1      
  79   1        
  80   1      //       if (UP()) 
  81   1      //        {  
  82   1      //                while(1)
  83   1      //               {
  84   1      //                      DispDot(0xf0,0x0f);
  85   1      //                      Delay_Xms(600);                  
  86   1      //          DispDots( 0x33,0xcc);
  87   1      //                      Delay_Xms(600);                          
  88   1      //          DispFram(0x55,0xaa);
  89   1      //                      Delay_Xms(600);                          
  90   1      //          yehui_UI();
  91   1      //                      Delay_Xms(600);                          
  92   1      //          DispFram(0x55,0x55);        
  93   1      //                      Delay_Xms(600);                          
  94   1      //          DispFram(0xff,0x00);         
  95   1      //                      Delay_Xms(600);                          
  96   1      //                      DispFram(0x00,0xff);    
  97   1      //                      Delay_Xms(600);
  98   1      //                      WhatsApp();
  99   1      //                      Delay_Xms(100); 
 100   1      //                }     
 101   1      //      }
 102   1                              
 103   1      
 104   1      //       if (DN()) 
 105   1      //        {  
 106   1      //              RST = 0;    // 先拉低复位引脚
 107   1      //              Delay_Xms(10);  // 等待 10ms，确保复位信号有效
 108   1      //              RST = 1;    // 再拉高，完成复位 
 109   1      //        }
 110   1      //            DispPic( PIC_5 );
 111   1      //                      Delay_Xms(5000);
 112   1      //            yehui_UI();       //     
 113   1      //                      Delay_Xms(5000);
 114   1      //                      DispDot(0xf0,0x0f);
 115   1      //                      Delay_Xms(5000);                         
 116   1      //            DispDots( 0x33,0xcc);
 117   1      //                      Delay_Xms(5000);                                 
C51 COMPILER V9.60.7.0   MIAN                                                              04/21/2025 15:00:56 PAGE 3   

 118   1      //            DispFram(0x55,0xaa);
 119   1      //                      Delay_Xms(5000);                                 
 120   1      //            yehui_UI();
 121   1      //                      Delay_Xms(5000);                                 
 122   1      //            DispFram(0x55,0x55);      
 123   1      //                      Delay_Xms(5000);                                 
 124   1      //            DispFram(0xff,0x00);       
 125   1      //                      Delay_Xms(5000);                                 
 126   1      //                      DispFram(0x00,0xff);    
 127   1      //                      Delay_Xms(5000);
 128   1              
 129   1      //              -------------------------------------------------------------------------               
 130   1      //              hz_display16(0,0,0,jin); 
 131   1      //              Delay_Xms(1000);
 132   1      
 133   1      //              hz_display16(0,0,18,se); 
 134   1      //              Delay_Xms(1000);
 135   1      
 136   1      //              DispFram( 0xff,0xff );                           //全显
 137   1      //              Delay_Xms(2800);
 138   1      //              if( Change(70)==1 ) goto Start; //暂停键有动作跳转到程序的最头上
 139   1      //              push();
 140   1      //              Pause();
 141   1      
 142   1      //              DispFram( 0x00,0x00 );                     //无显
 143   1      //              Delay_Xms(2800);
 144   1      //              if( Change(70)==1 ) goto Start; //暂停键有动作跳转到程序的最头上
 145   1      //              Pause();
 146   1      
 147   1      //              ------------------------------------------------------------------      
 148   1      //              DispDot( 0xf0,0x0f );                    //大棋盘
 149   1      //              Delay_Xms(2800);
 150   1      //              if( Change(70)==1 ) goto Start; //暂停键有动作跳转到程序的最头上
 151   1      //              push();
 152   1      //              Pause();
 153   1      //              ------------------------------------------------------------------
 154   1      
 155   1      //              DispDots( 0x33,0xcc );                    //小棋盘
 156   1      //              Delay_Xms(2800);
 157   1      //              if( Change(70)==1 ) goto Start; //暂停键有动作跳转到程序的最头上
 158   1      //              push();
 159   1      //              Pause();
 160   1      //              ------------------------------------------------------------------      
 161   1      //              DispFram( 0x55,0xaa );                            //花点                
 162   1      //              Delay_Xms(2800);
 163   1      //              if( Change(70)==1 ) goto Start; //暂停键有动作跳转到程序的最头上
 164   1      //              push();
 165   1      //              Pause();
 166   1      
 167   1      //              DispFram( 0x55,0x55 );                                   //      横线
 168   1      //              Delay_Xms(2800);
 169   1      //              if( Change(70)==1 ) goto Start; //暂停键有动作跳转到程序的最头上
 170   1      //              push();
 171   1      //              Pause();
 172   1      
 173   1      //              DispFram( 0xaa,0xaa );                               // 横线
 174   1      //              Delay_Xms(1000);
 175   1      //              if( Change(300)==1 ) goto Start;        //暂停键有动作跳转到程序的最头上
 176   1      //              //push();
 177   1      //              Pause();
 178   1      //              -------------------------------------------------------------------------               
 179   1      //              DispFram( 0xff,0x00 );                                   //竖线 
C51 COMPILER V9.60.7.0   MIAN                                                              04/21/2025 15:00:56 PAGE 4   

 180   1      //              Delay_Xms(500);
 181   1      //              if( Change(70)==1 ) goto Start; //暂停键有动作跳转到程序的最头上
 182   1      //              // push();
 183   1      //              Pause();
 184   1      
 185   1      //              DispFram( 0x00,0xff );
 186   1      //              Delay_Xms(1000);
 187   1      //              if( Change(300)==1 ) goto Start;        //暂停键有动作跳转到程序的最头上
 188   1      //              push();
 189   1      //              Pause();
 190   1      //              ----------------------------------------------------------------------------     
 191   1      
 192   1      //              DispPic( PIC_1 );
 193   1      //              Delay_Xms(1000);
 194   1      //              if( Change(300)==1 ) goto Start;        //暂停键有动作跳转到程序的最头上
 195   1      //              push();
 196   1      //              Pause();        
 197   1      
 198   1      //              ST7567_WriteComd(0xa7);
 199   1      //              Delay_Xms(1000);
 200   1      //              if( Change(300)==1 ) goto Start;        //暂停键有动作跳转到程序的最头上
 201   1      //              Pause();
 202   1      
 203   1      //              ST7567_WriteComd(0xa6);
 204   1      //              Delay_Xms(1000);
 205   1      //              if( Change(300)==1 ) goto Start;        //暂停键有动作跳转到程序的最头上
 206   1      //              Pause();
 207   1      
 208   1      //              DispPic( pic12864_KH8 );
 209   1      //              Delay_Xms(500);
 210   1      //              if( Change(300)==1 ) goto Start;        //暂停键有动作跳转到程序的最头上
 211   1      //              Pause();
 212   1      
 213   1      //              DispPic1( PIC_CS );
 214   1      //              Delay_Xms(500);
 215   1      //              if( Change(50)==1 ) goto Start; //暂停键有动作跳转到程序的最头上          
 216   1      //              Pause();
 217   1      
 218   1      
 219   1      //              DispPic( PIC_5 );
 220   1      //              Delay_Xms(2800);
 221   1      //              if( Change(70)==1 ) goto Start; //暂停键有动作跳转到程序的最头上
 222   1      //              Pause();
 223   1      
 224   1      //              DispPic1( PIC_4 );
 225   1      //              Delay_Xms(600);
 226   1      //              if( Change(50)==1 ) goto Start; //暂停键有动作跳转到程序的最头上          
 227   1      
 228   1      
 229   1      //              DispPic( PIC_5 );
 230   1      //              Delay_Xms(2800);
 231   1      //              if( Change(50)==1 ) goto Start; //暂停键有动作跳转到程序的最头上        
 232   1      
 233   1      //              DispPic( PIC_6 );
 234   1      //              Delay_Xms(2500);
 235   1      //              if( Change(50)==1 ) goto Start; //暂停键有动作跳转到程序的最头上        
 236   1      
 237   1      //              DispPic( PIC_7 );
 238   1      //              Delay_Xms(600);
 239   1      //              if( Change(50)==1 ) goto Start; //暂停键有动作跳转到程序的最头上        
 240   1      
 241   1      //              DispPic( PIC_8 );
C51 COMPILER V9.60.7.0   MIAN                                                              04/21/2025 15:00:56 PAGE 5   

 242   1      //              Delay_Xms(600);
 243   1      //              if( Change(50)==1 ) goto Start; //暂停键有动作跳转到程序的最头上        
 244   1      //              /*      
 245   1      
 246   1      //              ST7567_WriteComd(0x81); //The Electronic Volume (Double Byte Command)数字电位器调节VO输出电压(也就是对
             -比度)两字节                                 0x81原来的数值
 247   1      //              ST7567_WriteComd(55);    //vop 设置
 248   1      //              DispPic( PIC_9 );       //中值
 249   1      //              Delay_Xms(600);
 250   1      //              if( Change(50)==1 ) goto Start; //暂停键有动作跳转到程序的最头上        
 251   1      //              push();
 252   1      
 253   1      //              ST7567_WriteComd(0x81); //The Electronic Volume (Double Byte Command)数字电位器调节VO输出电压(也就是对
             -比度)两字节                                 0x81原来的数值
 254   1      //              ST7567_WriteComd(57);    //vop 设置     
 255   1      //              DispPic( PIC_10 );         //上限
 256   1      //              Delay_Xms(600);
 257   1      //              if( Change(50)==1 ) goto Start; //暂停键有动作跳转到程序的最头上        
 258   1      //              push();
 259   1      
 260   1      //              ST7567_WriteComd(0x81); //The Electronic Volume (Double Byte Command)数字电位器调节VO输出电压(也就是对
             -比度)两字节                                 0x81原来的数值
 261   1      //              ST7567_WriteComd(52);    //vop 设置
 262   1      //              DispPic( PIC_11 );                //下限
 263   1      //              Delay_Xms(600);
 264   1      //              if( Change(50)==1 ) goto Start; //暂停键有动作跳转到程序的最头上        
 265   1      //              push();
 266   1      //              */
 267   1      
 268   1      
 269   1      //              DispPic( PIC_12 );
 270   1      //              Delay_Xms(600);
 271   1      //              if( Change(50)==1 ) goto Start; //暂停键有动作跳转到程序的最头上        
 272   1      
 273   1      
 274   1      //      }
 275   1      
 276   1      }
*** WARNING C280 IN LINE 6 OF mian.c: 'mode': unreferenced local variable


MODULE INFORMATION:   STATIC OVERLAYABLE
   CODE SIZE        =    159    ----
   CONSTANT SIZE    =   ----    ----
   XDATA SIZE       =   ----       1
   PDATA SIZE       =   ----    ----
   DATA SIZE        =   ----    ----
   IDATA SIZE       =   ----    ----
   BIT SIZE         =   ----    ----
END OF MODULE INFORMATION.


C51 COMPILATION COMPLETE.  1 WARNING(S),  0 ERROR(S)
