C51 COMPILER V9.60.7.0   MAIN                                                              06/18/2025 10:51:24 PAGE 1   


C51 COMPILER V9.60.7.0, COMPILATION OF MODULE MAIN
OBJECT MODULE PLACED IN .\Objects\main.obj
COMPILER INVOKED BY: D:\KEIL_STM32\C51\BIN\C51.EXE main.c OPTIMIZE(8,SPEED) BROWSE DEBUG OBJECTEXTEND PRINT(.\Listings\m
                    -ain.lst) OBJECT(.\Objects\main.obj)

line level    source

   1          //LCM16032D标准字符点阵型液晶显示模块的演示程序[C51编程语言][MCS51并行接口方式]
   2          //应用产品: LCM16032D标准中文字符点阵型液晶显示模块
   3          //  本演示程序适用于LCM16032D液晶显示模块与MCS51系列单片机采用MCS51并行接口
   4          //方式的硬件连线方式。
   5          //  本演示程序包括ST7920兼容芯片的MCS51并行接口方式子程序集,LCM16032系列标准中文
   6          //字符点阵型液晶显示模块的接口子程序集,ST7920兼容芯片的液晶显示控制器的通用子程序
   7          //集,以及LCM16032系列标准中文字符点阵型液晶显示的演示子程序.
   8          //  本演示的内容为,在20列ASCII字符(10列中文)X2行的液晶显示屏上显示" LCM16032D ",
   9          //"中文字符图形点阵","液晶显示模块","东方电子ORIENTAL",所有数字0..9依次全屏显示
  10          //一遍,显示清屏,所有英文字母依次显示,显示自定义字符,图形模式图片显示.
  11          //-------------------------------------------------------------------------------
  12          //创建日期: 2009.08.11
  13          //软件环境: VW For Windows
  14          //硬件环境: AT89C52 MCU,MCS-51系列 MCU,etc.
  15          //创建人: XIEJIANREN.
  16          //技术支持: 电话(0762-2898988),传真(0762-2898818),网址(WWW.YEHUIDISPLAY.COM)
  17          //版权信息: 广东烨辉科技有限公司版权所有,转载请指明出处.
  18          //参考网页: http:/www.yehuidisplay.com/lcm/product/1/LCM2002A.pdf
  19          //-------------------------------------------------------------------------------
  20          #include <reg51.h>
  21          #include <intrins.h>
  22          //以下为演示程序的函数定义
  23          void exsample(void);                    //演示程序
  24          void exdelay(void);                     //演示延时子程序
  25          void putchar(unsigned int c);           //定位写字符子程序
  26          void putstr(unsigned char code *s);     //显示字符串子程序,字符码为0时退出
  27          void putstrxy(unsigned char cx,unsigned char cy,unsigned char code *s);
  28          void setcharcgram(unsigned char cindex,unsigned char code *s);
  29                                                  //设置自定义字符点阵
  30          void charcursornext(void);              //置字符位置为下一个有效位置子程序
  31          void putimage(unsigned char code *s);   //显示图形子程序
  32          void putsizeimage(unsigned char XSIZE,unsigned char YSIZE,unsigned char code *s);
  33                                                  //显示指定大小的图形子程序
  34          void charlcdfill(unsigned int c);       //整屏显示c代表的字符数据子程序
  35          void glcdfill(unsigned char d);         //整屏显示d代表的字节数据子程序
  36          void glcdpos(void);                     //写入绘图区域内部RAM指针子程序
  37          void charlcdpos(void);                  //设置(CXPOS,CYPOS)内部DDRAM地址的子程序
  38          void lcdreset(void);                    //液晶显示控制器初始化子程序
  39          void delay3ms(void);                    //延时3MS子程序
  40          void lcdon(void);                       //LCD显示开启子程序
  41          void lcdoff(void);                      //LCD显示关闭子程序
  42          void lcdgraphon(void);                  //绘图区域显示开启子程序
  43          void lcdgraphoff(void);                 //绘图区域显示关闭子程序
  44          unsigned char lcdrd(void);              //从液晶显示控制器读数据
  45          void lcdwd(unsigned char d);            //送图形数据子程序
  46          void lcdwc(unsigned char c);            //送指令子程序
  47          void lcdwaitidle(void);                 //控制器忙检测子程序
  48          //-------------------------------------------------------------------------------
  49          //SMG16032D产品引脚说明及演示连线
  50          //PIN1: VSS  [电源地]-------------------VSS
  51          //PIN2: VDD  [电源正极]-----------------VDD(+5V)
  52          //PIN3: NC   [空脚]
  53          //PIN4: RS   [数据/命令选择 数据1,命令0]-P3.0
  54          //PIN5: RW   [读/写控制 读1,写0]--------P3.1
C51 COMPILER V9.60.7.0   MAIN                                                              06/18/2025 10:51:24 PAGE 2   

  55          //PIN6: E    [使能信号 高有效]----------P3.2
  56          //PIN7: D0   [Data I/O]-----------------P1.0
  57          //PIN8: D1   [Data I/O]-----------------P1.1
  58          //PIN9: D2   [Data I/O]-----------------P1.2
  59          //PIN10:D3   [Data I/O]-----------------P1.3
  60          //PIN11:D4   [Data I/O]-----------------P1.4
  61          //PIN12:D5   [Data I/O]-----------------P1.5
  62          //PIN13:D6   [Data I/O]-----------------P1.6
  63          //PIN14:D7   [Data I/O]-----------------P1.7
  64          //PIN15:PSB  [模块内部已选择,悬空]
  65          //PIN16:NC   [空脚]
  66          //PIN17:RST  [复位端,低电平有效]--------VDD
  67          //PIN18:NC   [空脚]
  68          //PIN19:NC   [空脚]
  69          //PIN20:NC   [空脚]
  70          //请参见http://download.sunman.cn/lcm/product/1/LCM16032D.pdf
  71          //字符表参见http://download.sunman.cn/lcm/reference/ST7920_GB_CHARACTER_TABLE.pdf
  72          //芯片资料参见http://download.sunman.cn/lcm/reference/ST7920.pdf
  73          //-------------------------------------------------------------------------------
  74          //以下为产品接口引脚在演示程序中的预定义
  75          //用户在编写应用程序时,需按自己的实际硬件连线来重新定义
  76          sbit RSPIN   = P3^0;                    // RS对应单片机引脚
  77          sbit RWPIN   = P3^1;                    // RW对应单片机引脚
  78          sbit EPIN    = P3^2;                    // E对应单片机引脚
  79          //-------------------------------------------------------------------------------
  80          //以下CXPOS,CYPOS变量用于指示当前操作字符的位置的预定义
  81          unsigned char CXPOS;                    //列方向地址指针(用于charlcdpos子程序)
  82          unsigned char CYPOS;                    //行方向地址指针(用于charlcdpos子程序)
  83          
  84          //-------------------------------------------------------------------------------
  85          //以下GXPOS,GYPOS变量用于指示绘图区域RAM的位置的预定义
  86          //用户在编写应用程序时,需按自己的实际软件程序需要来重新定义
  87          unsigned char GXPOS;                    //列方向地址指针(用于glcdpos子程序)
  88          unsigned char GYPOS;                    //行方向地址指针(用于glcdpos子程序)
  89          
  90          #define USERCHAR1CODE 0xffff            //自定义字符1代码
  91          #define USERCHAR2CODE 0xfffd            //自定义字符2代码
  92          #define USERCHAR3CODE 0xfffb            //自定义字符3代码
  93          #define USERCHAR4CODE 0xfff9            //自定义字符4代码
  94          
  95          unsigned char code CHAR1CGRAMTAB[]={
  96          0x00,0x0f,
  97          0x00,0x7f,
  98          0x01,0xf0,
  99          0x03,0xc0,
 100          0x07,0x0f,
 101          0x0e,0x3f,
 102          0x1c,0xfe,
 103          0x39,0xfc,
 104          0x33,0xfc,
 105          0x73,0xfe,
 106          0x67,0xff,
 107          0x67,0xe7,
 108          0xcf,0xe3,
 109          0xcf,0xe1,
 110          0xcf,0xe4,
 111          0xc0,0x06
 112          };
 113          unsigned char code CHAR2CGRAMTAB[]={
 114          0xf0,0x00,
 115          0xfe,0x00,
 116          0x0f,0x80,
C51 COMPILER V9.60.7.0   MAIN                                                              06/18/2025 10:51:24 PAGE 3   

 117          0x03,0xc0,
 118          0xf0,0xe0,
 119          0xfc,0x70,
 120          0x7f,0x38,
 121          0x3f,0x9c,
 122          0x3f,0xcc,
 123          0x7f,0xce,
 124          0xff,0xe6,
 125          0xe7,0xe6,
 126          0xc7,0xf3,
 127          0x87,0xff,
 128          0x27,0xff,
 129          0x60,0x03
 130          };
 131          unsigned char code CHAR3CGRAMTAB[]={
 132          0xc0,0x07,
 133          0xff,0xe7,
 134          0xff,0xe7,
 135          0xcf,0xe7,
 136          0x67,0xe7,
 137          0x67,0xff,
 138          0x73,0xff,
 139          0x33,0xff,
 140          0x39,0xff,
 141          0x1c,0xff,
 142          0x0e,0x3f,
 143          0x07,0x0f,
 144          0x03,0xc0,
 145          0x01,0xf0,
 146          0x00,0x7f,
 147          0x00,0x0f
 148          };
 149          unsigned char code CHAR4CGRAMTAB[]={
 150          0xe0,0x03,
 151          0xe7,0xf3,
 152          0xe7,0xf3,
 153          0xe7,0xf3,
 154          0xe7,0xe6,
 155          0xff,0xe6,
 156          0xff,0xce,
 157          0xff,0xcc,
 158          0xff,0x9c,
 159          0xff,0x38,
 160          0xfc,0x70,
 161          0xf0,0xe0,
 162          0x03,0xc0,
 163          0x0f,0x80,
 164          0xfe,0x00,
 165          0xf0,0x00
 166          };
 167          //-------------------------------------------------------------------------------
 168          //以下为图片库点阵代码
 169          //实际使用时请包含由SUNMAN图形点阵代码生成器.EXE自动生成的imagelib.c文件来替换该部分
 170          unsigned char code Img_sunman_32x32[]={32,32,
 171          0x00,0x0f,0xf0,0x00,
 172          0x00,0x7f,0xfe,0x00,
 173          0x01,0xf0,0x0f,0x80,
 174          0x03,0xc0,0x03,0xc0,
 175          0x07,0x0f,0xf0,0xe0,
 176          0x0e,0x3f,0xfc,0x70,
 177          0x1c,0xfe,0x7f,0x38,
 178          0x39,0xfc,0x3f,0x9c,
C51 COMPILER V9.60.7.0   MAIN                                                              06/18/2025 10:51:24 PAGE 4   

 179          0x33,0xfc,0x3f,0xcc,
 180          0x73,0xfe,0x7f,0xce,
 181          0x67,0xff,0xff,0xe6,
 182          0x67,0xe7,0xe7,0xe6,
 183          0xcf,0xe3,0xc7,0xf3,
 184          0xcf,0xe1,0x87,0xff,
 185          0xcf,0xe4,0x27,0xff,
 186          0xc0,0x06,0x60,0x03,
 187          0xc0,0x07,0xe0,0x03,
 188          0xff,0xe7,0xe7,0xf3,
 189          0xff,0xe7,0xe7,0xf3,
 190          0xcf,0xe7,0xe7,0xf3,
 191          0x67,0xe7,0xe7,0xe6,
 192          0x67,0xff,0xff,0xe6,
 193          0x73,0xff,0xff,0xce,
 194          0x33,0xff,0xff,0xcc,
 195          0x39,0xff,0xff,0x9c,
 196          0x1c,0xff,0xff,0x38,
 197          0x0e,0x3f,0xfc,0x70,
 198          0x07,0x0f,0xf0,0xe0,
 199          0x03,0xc0,0x03,0xc0,
 200          0x01,0xf0,0x0f,0x80,
 201          0x00,0x7f,0xfe,0x00,
 202          0x00,0x0f,0xf0,0x00
 203          };
 204          //-------------------------------------------------------------------------------
 205          
 206          void main(void)
 207          {   while(1)
 208   1          {   lcdreset();                     //初始化液晶显示控制器
 209   2              exsample();                     //演示程序
 210   2          }
 211   1      }
 212          void exsample(void)                     //演示程序
 213          {   unsigned char i;
 214   1      //0.演示前的准备,LCD液晶显示控制器初始化,所有显示全清零
 215   1          lcdreset();                         //液晶显示控制器初始化
 216   1          charlcdfill(' ');                   //显示清屏
 217   1      
 218   1      //1.字符串演示: 在(4,0)字符位置显示" LCM16032B "
 219   1          putstrxy(4,0," LCM16032 ");       //在(4,0)位置开始显示字符串
 220   1          exdelay();                          //延时约300mS
 221   1          exdelay();                          //延时约300mS
 222   1      
 223   1      //2.字符串演示: 在(4,1)字符位置显示"160*32 DOTS"
 224   1          putstrxy(4,1,"160*32 DOTS");   //在(4,1)位置开始显示字符串
 225   1          exdelay();                          //延时约300mS
 226   1          exdelay();                          //延时约300mS
 227   1      
 228   1      //3.字符串演示: 在(0,0)字符位置显示"深圳束方科技有限公司"
 229   1          putstrxy(0,0,"智力光电股份有限公司");       //在(0,0)位置开始显示字符串
 230   1          exdelay();                          //延时约300mS
 231   1          exdelay();                          //延时约300mS
 232   1      
 233   1      //4.字符串演示: 在(0,1)字符位置显示"WWW.ORIENTAL-LCD.COM"
 234   1          putstrxy(0,0,"Intelligent Optoelec");   //在(0,1)位置开始显示字符串
 235   1              putstrxy(0,1," tronics Co., Ltd.");   //在(0,1)位置开始显示字符串
 236   1          exdelay();                          //延时约300mS
 237   1          exdelay();                          //延时约300mS
 238   1      
 239   1      //5.字符填充演示: 整屏显示0..9 空格一遍
 240   1          for(i='0';i<'9'+1;i++)
C51 COMPILER V9.60.7.0   MAIN                                                              06/18/2025 10:51:24 PAGE 5   

 241   1          {   charlcdfill(i);                 //整屏显示为i的值
 242   2              exdelay();                      //延时约300mS
 243   2          }
 244   1          charlcdfill(' ');                   //显示清屏
 245   1          exdelay();                          //延时约300mS
 246   1      
 247   1      //6.字符演示: 依次显示A..Z 一遍
 248   1          for(i='A';i<'Z'+1;i++)              //依次显示A..Z一遍
 249   1          {   putchar(i);                     //当前位置显示为i的值
 250   2              exdelay();                      //延时约300mS
 251   2          }
 252   1      
 253   1      //7.自定义字符演示：在(4,0)(5,0)(4,1)(5,1)字符位置显示自定义字符1,2,3,4
 254   1          //CXPOS=4,CYPOS=0;
 255   1          //putchar(USERCHAR1CODE);
 256   1          //exdelay();                          //延时约300mS
 257   1          //putchar(USERCHAR2CODE);
 258   1          //exdelay();                          //延时约300mS
 259   1          //CXPOS=4,CYPOS=1;
 260   1          //putchar(USERCHAR3CODE);
 261   1          //exdelay();                          //延时约300mS
 262   1          //putchar(USERCHAR4CODE);
 263   1          //exdelay();                          //延时约300mS
 264   1          //exdelay();                          //延时约300mS
 265   1      
 266   1      //8.图形模式演示: 在(0,0)点阵位置显示图片
 267   1          charlcdfill(' ');                   //显示清屏
 268   1          //lcdgraphon();                       //开图形模式
 269   1          //GXPOS=0,GYPOS=0;
 270   1          //putimage(Img_sunman_32x32);
 271   1          //exdelay();                          //延时约300mS
 272   1          //exdelay();                          //延时约300mS
 273   1          //glcdfill(0);                        //图形区域清屏
 274   1          //lcdgraphoff();                      //关图形模式
 275   1      }
 276          void exdelay(void)                      //演示延时子程序
 277          { unsigned char i,j,k;                  //延时约300mS
 278   1        for(i=0;i<30;i++)
 279   1          for(j=0;j<64;j++)
 280   1            for(k=0;k<51;k++);
 281   1      }
 282          //-------------------------------------------------------------------------------
 283          //字符操作区域
 284          //16032ZK字符区域定义为:
 285          //   CXPOS(0-19) 对应于第1列到第19列位置,每个字符列位置实际占位8点,总计对应160点
 286          //   CYPOS(0-1)对应于第1行到第2行,每个行位置实际占位16点,总计对应32点
 287          //警告:直接设置CXPOS的位置时,请将CXPOS的值设置为偶数,否则显示的字符值会不正确.
 288          //-------------------------------------------------------------------------------
 289          //以下为charlcdfill,putchar,putstr,setcharcgram为ST7920兼容芯片的液晶显示控制器
 290          //的通用子程序,putstrxy为扩充子程序.
 291          //-------------------------------------------------------------------------------
 292          //子程序名称:void charlcdfill(unsigned int c).
 293          //功能:整屏显示A代表的ASCII字符.
 294          //修改日期:2009.10.29
 295          //修改人:xiejianren
 296          //-------------------------------------------------------------------------------
 297          void charlcdfill(unsigned int c)        //整屏显示A代表的ASCII字符子程序
 298          {   for(CXPOS=CYPOS=0;1;)
 299   1          {   putchar(c);                     //定位写字符
 300   2              if((CXPOS==0) && (CYPOS==0)) break;
 301   2          }
 302   1      }
C51 COMPILER V9.60.7.0   MAIN                                                              06/18/2025 10:51:24 PAGE 6   

 303          //-------------------------------------------------------------------------------
 304          //子程序名称:void putchar(unsigned int c).
 305          //功能:在(XPOS,YPOS)位置写单个字符点阵,若c>128 表示为中文字符,否则为西文字符
 306          //修改日期:2009.8.18
 307          //修改人:xiejianren
 308          //-------------------------------------------------------------------------------
 309          void putchar(unsigned int c)            //定位写字符子程序
 310          {   unsigned char d;
 311   1          if(c>128)                           //字符码大于128表示为汉字
 312   1          {   if( (CXPOS&0x1)==1 )            //写汉字时,CXPOS字符位置在奇数位置,则
 313   2              {   lcdwd(' ');                 //自动补添一个空格对齐后再显示汉字
 314   3                  charcursornext();           //置字符位置为下一个有效位置
 315   3              }
 316   2              charlcdpos();
 317   2              if((c&0xff00)==0xff00)          //若高位字节为0FFH则表示为自定义字符
 318   2                  c=0xffff-c;                 //则转换为ST7920的字符码
 319   2              lcdwd(c/256);                   //写高位字符
 320   2              charcursornext();
 321   2              lcdwd(c&0xff);                  //写低位字符
 322   2              charcursornext();
 323   2          }
 324   1          else                                //字符码小于128表示为ASCII字符
 325   1          {   charlcdpos();
 326   2              if( (CXPOS&0x1)==1 )            //写ASCII字符时,CXPOS字符位置在奇数位置,则
 327   2              {   d=lcdrd();                  //读高位字符
 328   3                  charlcdpos();
 329   3                  lcdwd(d);                   //重新写高位字符
 330   3                  lcdwd(c);
 331   3              }
 332   2              else
 333   2              {   lcdwd(c);                   //写ASCII字符时,CXPOS字符位置在偶数位置,则
 334   3                  lcdwd(' ');                 //直接写入,同时自动补显一个空格.
 335   3              }
 336   2              charcursornext();               //置字符位置为下一个有效位置
 337   2          }
 338   1      }
 339          //-------------------------------------------------------------------------------
 340          //子程序名称:void putstr(unsigned char code *s).
 341          //功能:写字符串点阵,若*s=0 表示字符串结束.
 342          //修改日期:2009.8.18
 343          //修改人:xiejianren
 344          //-------------------------------------------------------------------------------
 345          void putstr(unsigned char code *s)      //显示字符串子程序,字符码为0时退出
 346          {   unsigned int c;
 347   1          while(1)
 348   1          {   c=*s;
 349   2              s++;
 350   2              if(c==0) break;
 351   2              if(c<128)
 352   2                  putchar(c);
 353   2              else
 354   2              {   putchar(c*256+*s);
 355   3                  s++;
 356   3              }
 357   2          }
 358   1      }
 359          //-------------------------------------------------------------------------------
 360          //子程序名称:void putstrxy(unsigned char cx,unsigned char cy,unsigned char *s).
 361          //功能:在(cx,cy)字符位置写字符串.
 362          //修改日期:2009.08.11
 363          //修改人:xiejianren
 364          //-------------------------------------------------------------------------------
C51 COMPILER V9.60.7.0   MAIN                                                              06/18/2025 10:51:24 PAGE 7   

 365          void putstrxy(unsigned char cx,unsigned char cy,unsigned char code *s)
 366          {                                       //在(cx,cy)字符位置写字符串子程序
 367   1          CXPOS=cx;                           //置当前X位置为cx
 368   1          CYPOS=cy;                           //置当前Y位置为cy
 369   1          putstr(s);
 370   1      }
 371          //-------------------------------------------------------------------------------
 372          //子程序名称:void setcharcgram(unsigned char cindex,unsigned char code *s).
 373          //功能:将*s所指32字节点阵写到自定义字符cindex(0-3)中.
 374          //修改日期:2009.10.29
 375          //修改人:xiejianren
 376          //-------------------------------------------------------------------------------
 377          void setcharcgram(unsigned char cindex,unsigned char code *s)
 378          {   unsigned char i;
 379   1          lcdwc(0x34);                        //扩充指令集,图形模式关闭
 380   1          lcdwc(0x02);                        //SR=0 激活CGRAM
 381   1          lcdwc(0x30);                        //恢复为基本指令集
 382   1          lcdwc( ((cindex&0x3)<<4) | 0x40);   //设置CGRAM地址
 383   1          for(i=0;i<32;i++,s++)               //写点阵数据
 384   1              lcdwd(*s);
 385   1      }
 386          //-------------------------------------------------------------------------------
 387          //以下putsizeimage为图形对象的基本子程序,putimage为图形对象的扩充子程序
 388          //-------------------------------------------------------------------------------
 389          //子程序名称:void putsizeimage(unsigned char XSIZE,unsigned YSIZE,
 390          //                             unsigned char code *s)
 391          //功能:在(GXPOS,GYPOS)位置绘制XSIZE列及YISZE行点阵的图形*S(XSIZE仅取8的倍数
 392          //     GXPOS仅取16的倍数).
 393          //修改日期:2009.10.29
 394          //修改人:xiejianren
 395          //-------------------------------------------------------------------------------
 396          void putsizeimage(unsigned char XSIZE,unsigned char YSIZE,unsigned char code *s)
 397          {  unsigned char lx,ly,x;
 398   1         x=GXPOS;
 399   1         for(ly=0;ly<YSIZE;ly++,GYPOS++)
 400   1         {  for(GXPOS=x,lx=0;lx<XSIZE;)
 401   2            {  if((GXPOS&0x08)==0) glcdpos();
 402   3               lcdwd(*s);
 403   3               s++;
 404   3               lx+=8;
 405   3               GXPOS+=8;
 406   3            }
 407   2         }
 408   1         GXPOS=x;
 409   1      }
 410          //-------------------------------------------------------------------------------
 411          //子程序名称:void putimage(unsigned char code *s).
 412          //功能:在(XPOS,YPOS)位置绘制XSIZE[*s]列及YISZE[*(s+1)]行点阵的图形[*(s+2)].
 413          //修改日期:2009.8.18
 414          //修改人:XIEJIANREN
 415          //-------------------------------------------------------------------------------
 416          void putimage(unsigned char code *s)    //显示图形子程序
 417          {   unsigned char XSIZE,YSIZE;
 418   1          XSIZE=*s;
 419   1          s++;
 420   1          YSIZE=*s;
 421   1          s++;
 422   1          putsizeimage(XSIZE,YSIZE,s);
 423   1      }
 424          //-------------------------------------------------------------------------------
 425          //以下为charlcdpos,charcursornext,lcdreset为ST7920兼容芯片的液晶显示控制器的
 426          //20ASCII字符X2行的LCM16032系列标准中文字符点阵型液晶显示模块的接口程序.
C51 COMPILER V9.60.7.0   MAIN                                                              06/18/2025 10:51:24 PAGE 8   

 427          //-------------------------------------------------------------------------------
 428          //子程序名称:void charlcdpos(void).
 429          //功能:设置坐标点(CXPOS,CYPOS)位置对应的内部RAM地址.
 430          //修改日期:2009.11.02
 431          //修改人:XIEJIANREN
 432          //-------------------------------------------------------------------------------
 433          void charlcdpos(void)                   //设置坐标点(CXPOS,CYPOS)内部RAM地址的子程序
 434          {   unsigned char ddaddr;
 435   1          if(CXPOS>19) CXPOS=0;               //字符位置CXPOS的有效范围为(0到19)
 436   1          CYPOS&=0X1;                         //字符位置CYPOS的有效范围为(0到1)
 437   1          ddaddr=CXPOS/2;
 438   1          if(CYPOS==0)                        //(第一行)X: 第0----19个字符
 439   1              lcdwc(ddaddr|0x80);             //    DDRAM:  80----89H
 440   1          else                                //(第二行)X: 第0----19个字符
 441   1              lcdwc(ddaddr|0x90);             //    DDRAM:  90----99H
 442   1      }
 443          //-------------------------------------------------------------------------------
 444          //子程序名称:void charcursornext(void).
 445          //功能:置字符位置为下一个有效位置.
 446          //修改日期:2009.11.02
 447          //修改人:XIEJIANREN
 448          //-------------------------------------------------------------------------------
 449          void charcursornext(void)               //置字符位置为下一个有效位置子程序
 450          {
 451   1          CXPOS++;                            //字符位置加1
 452   1          if(CXPOS>19) CXPOS=0;               //字符位置CXPOS的有效范围为(0到19)
 453   1          if(CXPOS==0)                        //字符位置CXPOS=0表示要换行
 454   1          {   CYPOS++;                        //行位置加1
 455   2              CYPOS&=0X1;                     //字符位置CYPOS的有效范围为(0到1)
 456   2          }
 457   1      }
 458          //-------------------------------------------------------------------------------
 459          //子程序名称:void lcdreset(void)
 460          //功能:液晶显示控制器初始化
 461          //修改日期:2009.08.31
 462          //修改人:XIEJIANREN
 463          //-------------------------------------------------------------------------------
 464          void lcdreset(void)                     //液晶显示控制器初始化子程序
 465          {   lcdwc(0x33);                        //接口模式设置
 466   1          delay3ms();                         //延时3MS
 467   1          lcdwc(0x30);                        //基本指令集
 468   1          delay3ms();                         //延时3MS
 469   1          lcdwc(0x30);                        //重复送基本指令集
 470   1          delay3ms();                         //延时3MS
 471   1          lcdwc(0x01);                        //清屏控制字
 472   1          delay3ms();                         //延时3MS
 473   1          lcdwc(0x06);                        //显示光标移动设置
 474   1          lcdon();                            //开显示
 475   1      }
 476          void delay3ms(void)                     //延时3MS子程序
 477          { unsigned char i,j,k;
 478   1        for(i=0;i<3;i++)
 479   1          for(j=0;j<64;j++)
 480   1            for(k=0;k<51;k++);
 481   1      }
 482          //-------------------------------------------------------------------------------
 483          //子程序名称:void glcdfill(unsigned char d).
 484          //功能:整屏显示d表示的字节数据.
 485          //修改日期:2009.11.02
 486          //修改人:XIEJIANREN
 487          //-------------------------------------------------------------------------------
 488          void glcdfill(unsigned char d)          //整屏显示d代表的字数据子程序
C51 COMPILER V9.60.7.0   MAIN                                                              06/18/2025 10:51:24 PAGE 9   

 489          {   unsigned char i;
 490   1          GXPOS=0;
 491   1          GYPOS=0;
 492   1          while(GYPOS<32)
 493   1          {   glcdpos();
 494   2              for(i=0;i<20;i++)
 495   2                  lcdwd(d);
 496   2              GYPOS++;
 497   2          }
 498   1          GYPOS=0;
 499   1      }
 500          //-------------------------------------------------------------------------------
 501          //子程序名称:void glcdpos(void)
 502          //功能:设置(GXPOS,GYPOS)对应绘图区域内部RAM指针.
 503          //修改日期:2009.11.02
 504          //修改人:XIEJIANREN
 505          //-------------------------------------------------------------------------------
 506          void glcdpos(void)                      //写入绘图区域内部RAM指针子程序
 507          {   lcdwc(0x36);                        //扩展指令集
 508   1          lcdwc((GYPOS&0x1f)|0x80);           //先送Y地址
 509   1          lcdwc((GXPOS/16)|0x80);             //再送X地址
 510   1          lcdwc(0x30);                        //恢复为基本指令集
 511   1      }
 512          //-------------------------------------------------------------------------------
 513          //子程序名称:lcdon()
 514          //功能:开启LCD显示
 515          //修改日期:2009.10.28
 516          //修改人:XIEJIANREN
 517          //-------------------------------------------------------------------------------
 518          void lcdon(void)                        //LCD显示开启子程序
 519          {   lcdwc(0x30);                        //设置为基本指令集
 520   1          lcdwc(0x0c);
 521   1      }
 522          //-------------------------------------------------------------------------------
 523          //子程序名称:lcdoff()
 524          //功能:关闭LCD显示
 525          //修改日期:2009.10.28
 526          //修改人:XIEJIANREN
 527          //-------------------------------------------------------------------------------
 528          void lcdoff(void)                       //LCD显示关闭子程序
 529          {   lcdwc(0x30);                        //设置为基本指令集
 530   1          lcdwc(0x08);
 531   1      }
 532          //-------------------------------------------------------------------------------
 533          //子程序名称:lcdgraphon()
 534          //功能:开启绘图区域显示
 535          //修改日期:2009.10.28
 536          //修改人:XIEJIANREN
 537          //-------------------------------------------------------------------------------
 538          void lcdgraphon(void)                  //绘图区域显示开启子程序
 539          {   lcdwc(0x36);
 540   1          lcdwc(0x30);                        //恢复为基本指令集
 541   1      }
 542          //-------------------------------------------------------------------------------
 543          //子程序名称:lcdgraphoff()
 544          //功能:关闭绘图区域显示
 545          //修改日期:2009.10.28
 546          //修改人:XIEJIANREN
 547          //-------------------------------------------------------------------------------
 548          void lcdgraphoff(void)                  //绘图区域显示关闭子程序
 549          {   lcdwc(0x34);
 550   1          lcdwc(0x30);                        //恢复为基本指令集
C51 COMPILER V9.60.7.0   MAIN                                                              06/18/2025 10:51:24 PAGE 10  

 551   1      }
 552          //-------------------------------------------------------------------------------
 553          //以下lcdwc,lcdwd为ST7920兼容芯片的MCS51三线式串行接口方式的基本子程序,lcdwaitidle
 554          //为内部子程序.
 555          //-------------------------------------------------------------------------------
 556          //子程序名称:unsigned char lcdrd(void).
 557          //功能:从液晶显示控制器读数据.
 558          //修改日期:2009.10.29
 559          //修改人:XIEJIANREN
 560          //-------------------------------------------------------------------------------
 561          unsigned char lcdrd(void)               //从液晶显示控制器读数据
 562          {   unsigned char d;
 563   1          lcdwaitidle();                      //ST7920液晶显示控制器忙检测
 564   1          RSPIN=1;                            //RS=1 RW=1 E=高脉冲
 565   1          RWPIN=1;
 566   1          EPIN=1;
 567   1          _nop_();
 568   1          d=P1;
 569   1          EPIN=0;
 570   1          return d;
 571   1      }
 572          //-------------------------------------------------------------------------------
 573          //子程序名称:void lcdwd(unsigned char d).
 574          //功能:向液晶显示控制器写数据.
 575          //修改日期:2009.10.29
 576          //修改人:XIEJIANREN
 577          //-------------------------------------------------------------------------------
 578          void lcdwd(unsigned char d)             //向液晶显示控制器写数据
 579          {   lcdwaitidle();                      //ST7920液晶显示控制器忙检测
 580   1          P1=d;
 581   1          RSPIN=1;                            //RS=1 RW=0 E=高脉冲
 582   1          RWPIN=0;
 583   1          EPIN=1;
 584   1          _nop_();
 585   1          EPIN=0;
 586   1      }
 587          //-------------------------------------------------------------------------------
 588          //子程序名称:lcdwc(unsigned char c).
 589          //功能:向液晶显示控制器送指令.
 590          //修改日期:2009.10.29
 591          //修改人:XIEJIANREN
 592          //-------------------------------------------------------------------------------
 593          void lcdwc(unsigned char c)             //向液晶显示控制器送指令
 594          {   lcdwaitidle();                      //ST7920液晶显示控制器忙检测
 595   1          P1=c;
 596   1          RSPIN=0;                            //RS=0 RW=0 E=高脉冲
 597   1          RWPIN=0;
 598   1          EPIN=1;
 599   1          _nop_();
 600   1          EPIN=0;
 601   1      }
 602          //-------------------------------------------------------------------------------
 603          //子程序名称:void lcdwaitidle(void).
 604          //功能:忙检测,在对液晶显示控制器操作的每一条指令之前,需检测液晶显示器是否空闲.
 605          //修改日期:2009.10.30
 606          //修改人:XIEJIANREN
 607          //-------------------------------------------------------------------------------
 608          void lcdwaitidle(void)                  //控制器忙检测子程序
 609          {   unsigned char i;
 610   1          P1=0xff;
 611   1          RSPIN=0;
 612   1          RWPIN=1;
C51 COMPILER V9.60.7.0   MAIN                                                              06/18/2025 10:51:24 PAGE 11  

 613   1          EPIN=1;
 614   1          for(i=0;i<20;i++)                   //
 615   1              if( (P1&0x80) != 0x80 ) break;  //D7=0 空闲退出
 616   1          EPIN=0;
 617   1      }


MODULE INFORMATION:   STATIC OVERLAYABLE
   CODE SIZE        =    883    ----
   CONSTANT SIZE    =    342    ----
   XDATA SIZE       =   ----    ----
   PDATA SIZE       =   ----    ----
   DATA SIZE        =      4      26
   IDATA SIZE       =   ----    ----
   BIT SIZE         =   ----    ----
END OF MODULE INFORMATION.


C51 COMPILATION COMPLETE.  0 WARNING(S),  0 ERROR(S)
