C51 COMPILER V9.60.7.0   MAIN                                                              09/14/2025 19:25:35 PAGE 1   


C51 COMPILER V9.60.7.0, COMPILATION OF MODULE MAIN
OBJECT MODULE PLACED IN .\Objects\main.obj
COMPILER INVOKED BY: D:\KEIL_STM32\C51\BIN\C51.EXE main.c OPTIMIZE(8,SPEED) BROWSE DEBUG OBJECTEXTEND PRINT(.\Listings\m
                    -ain.lst) OBJECT(.\Objects\main.obj)

line level    source

   1          #include <REGX52.H>
   2          #include "LCD0801a.h"
   3                  unsigned char mode;
   4                  unsigned char data pattern1[8] = {0x15, 0x0A, 0x15, 0x0A, 0x15, 0x0A, 0x15}; // 棋盘
   5                  unsigned char data pattern2[8] = {0x0A, 0x15, 0x0A, 0x15, 0x0A, 0x15, 0x0A};    
   6                  unsigned char data pattern3[8] = {0x15, 0x15, 0x15, 0x15, 0x15, 0x15, 0x15, 0x15}; //竖线
   7              unsigned char data pattern4[8] = {0x0A, 0x0A, 0x0A, 0x0A, 0x0A, 0x0A, 0x0A, 0x0A}; 
   8              unsigned char data pattern5[8] = {0x1F, 0x00, 0x1F, 0x00, 0x1F, 0x00, 0x1F, 0x00};//横线 
   9                  unsigned char data pattern6[8] = {0x00, 0x1F, 0x00, 0x1F, 0x00, 0x1F, 0x00, 0x1F};      
  10                  unsigned char data pattern7[8] = {0x00, 0x15, 0x00, 0x15, 0x00, 0x15, 0x00, 0x15}; //麻点
  11          int main() 
  12          {
  13   1      //      LCD_Init(); 
  14   1      //      LCD_Clear();
  15   1      //      displayCustomCharacter1(pattern1); // 显示棋盘
  16   1      //      Delay(80); 
  17   1      //      displayCustomCharacter1(pattern2); 
  18   1      //      Delay(80); 
  19   1      //      displayCustomCharacter1(pattern3); // 显示竖线
  20   1      //      Delay(80); 
  21   1      //      displayCustomCharacter1(pattern4); 
  22   1      //      Delay(80); 
  23   1      //      displayCustomCharacter1(pattern5); // 显示横线
  24   1      //      Delay(80); 
  25   1      //      displayCustomCharacter1(pattern6); 
  26   1      //      Delay(80); 
  27   1      //      displayCustomCharacter1(pattern7); // 显示麻点
  28   1      //      Delay(80); 
  29   1      //      write_CGROM(0x21);//内置
  30   1      //      Delay(80);
  31   1      //      write_CGROM(0xA1);//内置
  32   1      //      Delay(80);
  33   1      //      Write_DDRAM(0xCE);//内置字符
  34   1      //      Delay(80);
  35   1      //      LCD_Clear();
  36   1      //      LCD_ShowString(0,0,"LCM0801A");
  37   1      //      Delay(80);
  38   1      //      LCD_ShowString(0,0,"YeHuiDis");
  39   1                              
  40   1      while (1) 
  41   1      {
  42   2      
  43   2              
  44   2              
  45   2                      LCD_Init(); 
  46   2              LCD_Clear();
  47   2              displayCustomCharacter1(pattern1); // 显示棋盘
  48   2              Delay(300); 
  49   2              displayCustomCharacter1(pattern2); 
  50   2              Delay(300); 
  51   2              displayCustomCharacter1(pattern3); // 显示竖线
  52   2              Delay(300); 
  53   2              displayCustomCharacter1(pattern4); 
  54   2              Delay(300); 
C51 COMPILER V9.60.7.0   MAIN                                                              09/14/2025 19:25:35 PAGE 2   

  55   2              displayCustomCharacter1(pattern5); // 显示横线
  56   2              Delay(300); 
  57   2              displayCustomCharacter1(pattern6); 
  58   2              Delay(300); 
  59   2              displayCustomCharacter1(pattern7); // 显示麻点
  60   2              Delay(300); 
  61   2              write_CGROM(0x21);//内置
  62   2              Delay(300);
  63   2              write_CGROM(0xA1);//内置
  64   2              Delay(300);
  65   2              Write_DDRAM(0xCE);//内置字符
  66   2              Delay(300);
  67   2              LCD_Clear();
  68   2              LCD_ShowString(0,0,"LCM0801A");
  69   2              Delay(300);
  70   2              LCD_Clear();
  71   2              LCD_ShowString(0,1,"China");
  72   2              Delay(300);
  73   2              
  74   2      //              if (ReadKey1()) 
  75   2      //        {  
  76   2      //              LCD_Clear();
  77   2      //              mode++;
  78   2      //              mode %= 10;                     
  79   2      //              switch (mode) 
  80   2      //        {
  81   2      //        case 0:            
  82   2      //                      displayCustomCharacter1(pattern1); 
  83   2      //            break;
  84   2      //        case 1:
  85   2      //            displayCustomCharacter1(pattern2);  
  86   2      //            break;
  87   2      //        case 2:
  88   2      //            displayCustomCharacter1(pattern3); 
  89   2      //            break;
  90   2      //        case 3:
  91   2      //           displayCustomCharacter1(pattern4);  
  92   2      //            break;
  93   2      //        case 4:
  94   2      //            displayCustomCharacter1(pattern5);  
  95   2      //            break;
  96   2      //        case 5:
  97   2      //            displayCustomCharacter1(pattern6);  
  98   2      //            break;
  99   2      //              case 6:
 100   2      //                      displayCustomCharacter1(pattern7);
 101   2      //                      break;
 102   2      //              case 7:
 103   2      //                      write_CGROM(0x21); 
 104   2      //                 break;
 105   2      //              case 8:
 106   2      //                      write_CGROM(0xA1); 
 107   2      //                 break;
 108   2      //              case 9:
 109   2      //                      Write_DDRAM(0xFF); 
 110   2      //                 break;
 111   2      
 112   2      //    
 113   2      //              }
 114   2      //      }                       
 115   2      }
 116   1      
C51 COMPILER V9.60.7.0   MAIN                                                              09/14/2025 19:25:35 PAGE 3   

 117   1              }
 118          
 119          //void main(void)   
 120          //{
 121          
 122          //      LCD_Init(); 
 123          //      LCD_Clear();
 124          
 125          //    while (1)  
 126          //    {
 127          //      
 128          //        if (ReadKey1()) 
 129          //        {
 130          //            HandleKey(); 
 131          //        } 
 132          //        else 
 133          //        {
 134          //          
 135          //            DisplayPatterns(); 
 136          //        }
 137          //    }   
 138          //}


MODULE INFORMATION:   STATIC OVERLAYABLE
   CODE SIZE        =    202    ----
   CONSTANT SIZE    =     15    ----
   XDATA SIZE       =   ----    ----
   PDATA SIZE       =   ----    ----
   DATA SIZE        =     57    ----
   IDATA SIZE       =   ----    ----
   BIT SIZE         =   ----    ----
END OF MODULE INFORMATION.


C51 COMPILATION COMPLETE.  0 WARNING(S),  0 ERROR(S)
