BL51 BANKED LINKER/LOCATER V6.22.4.0                                                    11/18/2025  13:18:23  PAGE 1


BL51 BANKED LINKER/LOCATER V6.22.4.0, INVOKED BY:
D:\KEIL_STM32\C51\BIN\BL51.EXE .\Objects\main.obj, .\Objects\lcd0801A.obj TO .\Objects\project PRINT (.\Listings\project
>> .m51) RAMSIZE (256) DISABLEWARNING (16)


MEMORY MODEL: SMALL


INPUT MODULES INCLUDED:
  .\Objects\main.obj (MAIN)
  .\Objects\lcd0801A.obj (LCD0801A)
  D:\KEIL_STM32\C51\LIB\C51S.LIB (?C_STARTUP)
  D:\KEIL_STM32\C51\LIB\C51S.LIB (?C?CLDOPTR)
  D:\KEIL_STM32\C51\LIB\C51S.LIB (?C_INIT)


LINK MAP OF MODULE:  .\Objects\project (MAIN)


            TYPE    BASE      LENGTH    RELOCATION   SEGMENT NAME
            -----------------------------------------------------

            * * * * * * *   D A T A   M E M O R Y   * * * * * * *
            REG     0000H     0008H     ABSOLUTE     "REG BANK 0"
            DATA    0008H     0039H     UNIT         ?DT?MAIN
            DATA    0041H     0006H     UNIT         _DATA_GROUP_
            IDATA   0047H     0001H     UNIT         ?STACK

            * * * * * * *   C O D E   M E M O R Y   * * * * * * *
            CODE    0000H     0003H     ABSOLUTE     
            CODE    0003H     00CAH     UNIT         ?PR?MAIN?MAIN
            CODE    00CDH     008CH     UNIT         ?C_C51STARTUP
            CODE    0159H     0047H     UNIT         ?C_INITSEG
            CODE    01A0H     0037H     UNIT         ?PR?_WRITE_CGROM?LCD0801A
            CODE    01D7H     0035H     UNIT         ?PR?_WRITE_DDRAM?LCD0801A
            CODE    020CH     002DH     UNIT         ?C?LIB_CODE
            CODE    0239H     0029H     UNIT         ?PR?_DISPLAYCUSTOMCHARACTER1?LCD0801A
            CODE    0262H     0027H     UNIT         ?PR?_LCD_SHOWSTRING?LCD0801A
            CODE    0289H     0024H     UNIT         ?PR?_WRITE_CGRAM?LCD0801A
            CODE    02ADH     0022H     UNIT         ?PR?_DELAY?LCD0801A
            CODE    02CFH     0021H     UNIT         ?PR?_LCD_SETCURSOR?LCD0801A
            CODE    02F0H     001AH     UNIT         ?PR?LCD_INIT?LCD0801A
            CODE    030AH     0019H     UNIT         ?PR?READKEY1?LCD0801A
            CODE    0323H     0012H     UNIT         ?PR?BUSY?LCD0801A
            CODE    0335H     0012H     UNIT         ?PR?LCD_READDATA?LCD0801A
            CODE    0347H     0011H     UNIT         ?PR?_LCD_READDATA?LCD0801A
            CODE    0358H     000FH     UNIT         ?CO?MAIN
            CODE    0367H     000EH     UNIT         ?PR?LCD_CLEAR?LCD0801A
            CODE    0375H     000DH     UNIT         ?PR?_LCD_WRITECOMMAND?LCD0801A
            CODE    0382H     000DH     UNIT         ?PR?_LCD_WRITEDATA?LCD0801A
            CODE    038FH     000CH     UNIT         ?PR?_LCD_USER_SHOWSTRING?LCD0801A



OVERLAY MAP OF MODULE:   .\Objects\project (MAIN)


SEGMENT                                         DATA_GROUP 
BL51 BANKED LINKER/LOCATER V6.22.4.0                                                  11/18/2025  13:18:23  PAGE 2


  +--> CALLED SEGMENT                         START    LENGTH
-------------------------------------------------------------
?C_C51STARTUP                                 -----    -----
  +--> ?PR?MAIN?MAIN
  +--> ?C_INITSEG

?PR?MAIN?MAIN                                 -----    -----
  +--> ?PR?LCD_INIT?LCD0801A
  +--> ?PR?LCD_CLEAR?LCD0801A
  +--> ?PR?_DISPLAYCUSTOMCHARACTER1?LCD0801A
  +--> ?PR?_DELAY?LCD0801A
  +--> ?PR?_WRITE_CGROM?LCD0801A
  +--> ?PR?_WRITE_DDRAM?LCD0801A
  +--> ?CO?MAIN
  +--> ?PR?_LCD_SHOWSTRING?LCD0801A

?PR?LCD_INIT?LCD0801A                         -----    -----
  +--> ?PR?_LCD_WRITECOMMAND?LCD0801A
  +--> ?PR?_DELAY?LCD0801A

?PR?_LCD_WRITECOMMAND?LCD0801A                -----    -----
  +--> ?PR?BUSY?LCD0801A
  +--> ?PR?_DELAY?LCD0801A

?PR?_DELAY?LCD0801A                           0045H    0002H

?PR?LCD_CLEAR?LCD0801A                        -----    -----
  +--> ?PR?BUSY?LCD0801A
  +--> ?PR?_LCD_WRITECOMMAND?LCD0801A
  +--> ?PR?_DELAY?LCD0801A

?PR?_DISPLAYCUSTOMCHARACTER1?LCD0801A         0041H    0001H
  +--> ?PR?_WRITE_CGRAM?LCD0801A
  +--> ?PR?_LCD_WRITECOMMAND?LCD0801A
  +--> ?PR?_LCD_WRITEDATA?LCD0801A

?PR?_WRITE_CGRAM?LCD0801A                     0042H    0003H
  +--> ?PR?_LCD_WRITECOMMAND?LCD0801A
  +--> ?PR?_LCD_WRITEDATA?LCD0801A

?PR?_LCD_WRITEDATA?LCD0801A                   -----    -----
  +--> ?PR?BUSY?LCD0801A
  +--> ?PR?_DELAY?LCD0801A

?PR?_WRITE_CGROM?LCD0801A                     -----    -----
  +--> ?PR?_LCD_WRITECOMMAND?LCD0801A
  +--> ?PR?_DELAY?LCD0801A
  +--> ?PR?_LCD_WRITEDATA?LCD0801A

?PR?_WRITE_DDRAM?LCD0801A                     -----    -----
  +--> ?PR?_LCD_WRITECOMMAND?LCD0801A
  +--> ?PR?_DELAY?LCD0801A
  +--> ?PR?_LCD_WRITEDATA?LCD0801A

?PR?_LCD_SHOWSTRING?LCD0801A                  0041H    0003H
  +--> ?PR?_LCD_SETCURSOR?LCD0801A
  +--> ?PR?_LCD_WRITEDATA?LCD0801A
BL51 BANKED LINKER/LOCATER V6.22.4.0                                                  11/18/2025  13:18:23  PAGE 3



?PR?_LCD_SETCURSOR?LCD0801A                   -----    -----
  +--> ?PR?_LCD_WRITECOMMAND?LCD0801A



SYMBOL TABLE OF MODULE:  .\Objects\project (MAIN)

  VALUE           TYPE          NAME
  ----------------------------------

  -------         MODULE        MAIN
  C:0000H         SYMBOL        _ICE_DUMMY_
  C:0003H         PUBLIC        main
  D:0008H         PUBLIC        mode
  D:0009H         PUBLIC        pattern1
  D:0011H         PUBLIC        pattern2
  D:0019H         PUBLIC        pattern3
  D:0021H         PUBLIC        pattern4
  D:0029H         PUBLIC        pattern5
  D:0031H         PUBLIC        pattern6
  D:0039H         PUBLIC        pattern7
  -------         PROC          MAIN
  C:0003H         LINE#         11
  C:0003H         LINE#         12
  C:0003H         LINE#         40
  C:0003H         LINE#         41
  C:0003H         LINE#         45
  C:0006H         LINE#         46
  C:0009H         LINE#         47
  C:0012H         LINE#         48
  C:0019H         LINE#         49
  C:0022H         LINE#         50
  C:0029H         LINE#         51
  C:0032H         LINE#         52
  C:0039H         LINE#         53
  C:0042H         LINE#         54
  C:0049H         LINE#         55
  C:0052H         LINE#         56
  C:0059H         LINE#         57
  C:0062H         LINE#         58
  C:0069H         LINE#         59
  C:0072H         LINE#         60
  C:0079H         LINE#         61
  C:007EH         LINE#         62
  C:0085H         LINE#         63
  C:008AH         LINE#         64
  C:0091H         LINE#         65
  C:0096H         LINE#         66
  C:009DH         LINE#         67
  C:00A0H         LINE#         68
  C:00ACH         LINE#         69
  C:00B3H         LINE#         70
  C:00B6H         LINE#         71
  C:00C3H         LINE#         72
  C:00CAH         LINE#         115
  -------         ENDPROC       MAIN
BL51 BANKED LINKER/LOCATER V6.22.4.0                                                  11/18/2025  13:18:23  PAGE 4


  -------         ENDMOD        MAIN

  -------         MODULE        LCD0801A
  C:0000H         SYMBOL        _ICE_DUMMY_
  D:0090H         PUBLIC        P1
  D:00A0H         PUBLIC        P2
  D:00B0H         PUBLIC        P3
  C:0375H         PUBLIC        _LCD_WriteCommand
  C:01A0H         PUBLIC        _write_CGROM
  B:00A0H.0       PUBLIC        KEY1
  C:0367H         PUBLIC        LCD_Clear
  C:0323H         PUBLIC        Busy
  C:0347H         PUBLIC        _LCD_ReadData
  C:0382H         PUBLIC        _LCD_WriteData
  C:0239H         PUBLIC        _displayCustomCharacter1
  B:00B0H.2       PUBLIC        LCD_EN
  C:02F0H         PUBLIC        LCD_Init
  C:0335H         PUBLIC        LCD_Readdata
  C:0262H         PUBLIC        _LCD_ShowString
  C:01D7H         PUBLIC        _Write_DDRAM
  B:00B0H.0       PUBLIC        LCD_RS
  C:0289H         PUBLIC        _Write_CGRAM
  C:030AH         PUBLIC        ReadKey1
  B:00B0H.1       PUBLIC        LCD_RW
  C:02CFH         PUBLIC        _LCD_SetCursor
  C:02B6H         PUBLIC        _Delay
  C:038FH         PUBLIC        _LCD_USER_ShowString
  -------         PROC          READKEY1
  C:030AH         LINE#         11
  C:030AH         LINE#         12
  C:030AH         LINE#         13
  C:030DH         LINE#         14
  C:030DH         LINE#         15
  C:0314H         LINE#         16
  C:0317H         LINE#         17
  C:0317H         LINE#         18
  C:031AH         LINE#         19
  C:031FH         LINE#         20
  C:031FH         LINE#         21
  C:031FH         LINE#         22
  C:0322H         LINE#         23
  -------         ENDPROC       READKEY1
  C:02B1H         SYMBOL        L?0063
  -------         PROC          L?0062
  -------         ENDPROC       L?0062
  C:02B1H         SYMBOL        L?0063
  -------         PROC          _DELAY
  D:0006H         SYMBOL        xms
  -------         DO            
  D:0045H         SYMBOL        i
  D:0046H         SYMBOL        j
  -------         ENDDO         
  C:02B6H         LINE#         29
  C:02B6H         LINE#         30
  C:02B6H         LINE#         31
  C:02C0H         LINE#         34
  C:02C3H         LINE#         35
BL51 BANKED LINKER/LOCATER V6.22.4.0                                                  11/18/2025  13:18:23  PAGE 5


  C:02C6H         LINE#         37
  C:02C6H         LINE#         38
  C:02C9H         LINE#         39
  C:02CCH         LINE#         40
  C:02CEH         LINE#         41
  -------         ENDPROC       _DELAY
  -------         PROC          BUSY
  -------         DO            
  D:0007H         SYMBOL        temp
  -------         ENDDO         
  C:0323H         LINE#         45
  C:0323H         LINE#         46
  C:0323H         LINE#         48
  C:0326H         LINE#         49
  C:0328H         LINE#         50
  C:032AH         LINE#         51
  C:032AH         LINE#         52
  C:032CH         LINE#         53
  C:032EH         LINE#         54
  C:0330H         LINE#         55
  -------         ENDPROC       BUSY
  -------         PROC          _LCD_WRITECOMMAND
  D:0006H         SYMBOL        Command
  C:0375H         LINE#         65
  C:0377H         LINE#         66
  C:0377H         LINE#         67
  C:037AH         LINE#         68
  C:037CH         LINE#         69
  C:037CH         LINE#         70
  C:037CH         LINE#         71
  C:037CH         LINE#         72
  C:037FH         LINE#         73
  C:0381H         LINE#         74
  -------         ENDPROC       _LCD_WRITECOMMAND
  -------         PROC          _LCD_WRITEDATA
  D:0006H         SYMBOL        Data
  C:0382H         LINE#         83
  C:0384H         LINE#         84
  C:0384H         LINE#         85
  C:0387H         LINE#         86
  C:0389H         LINE#         87
  C:0389H         LINE#         88
  C:0389H         LINE#         89
  C:0389H         LINE#         90
  C:038CH         LINE#         91
  C:038EH         LINE#         93
  -------         ENDPROC       _LCD_WRITEDATA
  -------         PROC          _LCD_READDATA
  D:0005H         SYMBOL        Data
  C:0347H         LINE#         101
  C:0349H         LINE#         102
  C:0349H         LINE#         103
  C:034CH         LINE#         104
  C:034EH         LINE#         105
  C:0350H         LINE#         106
  C:0350H         LINE#         107
  C:0353H         LINE#         108
BL51 BANKED LINKER/LOCATER V6.22.4.0                                                  11/18/2025  13:18:23  PAGE 6


  C:0355H         LINE#         109
  C:0357H         LINE#         110
  -------         ENDPROC       _LCD_READDATA
  -------         PROC          LCD_INIT
  C:02F0H         LINE#         119
  C:02F0H         LINE#         120
  C:02F0H         LINE#         121
  C:02F5H         LINE#         122
  C:02FAH         LINE#         124
  C:02FFH         LINE#         125
  C:0304H         LINE#         126
  -------         ENDPROC       LCD_INIT
  -------         PROC          LCD_CLEAR
  C:0367H         LINE#         138
  C:0367H         LINE#         139
  C:0367H         LINE#         140
  C:036AH         LINE#         141
  C:036FH         LINE#         142
  -------         ENDPROC       LCD_CLEAR
  -------         PROC          _LCD_SETCURSOR
  D:0006H         SYMBOL        Line
  D:0004H         SYMBOL        Column
  C:02CFH         LINE#         152
  C:02CFH         LINE#         153
  C:02CFH         LINE#         155
  C:02DBH         LINE#         157
  C:02E0H         LINE#         158
  C:02E3H         LINE#         159
  C:02E3H         LINE#         160
  C:02E6H         LINE#         161
  C:02E8H         LINE#         163
  C:02E8H         LINE#         164
  C:02EFH         LINE#         165
  C:02EFH         LINE#         167
  -------         ENDPROC       _LCD_SETCURSOR
  -------         PROC          LCD_READDATA
  -------         DO            
  D:0007H         SYMBOL        d
  -------         ENDDO         
  C:0335H         LINE#         172
  C:0335H         LINE#         173
  C:0335H         LINE#         174
  C:0338H         LINE#         175
  C:033BH         LINE#         176
  C:033DH         LINE#         177
  C:033FH         LINE#         178
  C:033FH         LINE#         179
  C:0342H         LINE#         180
  C:0344H         LINE#         181
  C:0346H         LINE#         182
  C:0346H         LINE#         183
  -------         ENDPROC       LCD_READDATA
  -------         PROC          _LCD_USER_SHOWSTRING
  D:0006H         SYMBOL        Line
  D:0005H         SYMBOL        Column
  D:0003H         SYMBOL        i
  C:038FH         LINE#         193
BL51 BANKED LINKER/LOCATER V6.22.4.0                                                  11/18/2025  13:18:23  PAGE 7


  C:038FH         LINE#         194
  C:038FH         LINE#         195
  C:0396H         LINE#         196
  -------         ENDPROC       _LCD_USER_SHOWSTRING
  -------         PROC          _LCD_SHOWSTRING
  D:0007H         SYMBOL        Line
  D:0005H         SYMBOL        Column
  D:0041H         SYMBOL        String
  -------         DO            
  D:0005H         SYMBOL        i
  -------         ENDDO         
  C:0262H         LINE#         206
  C:0268H         LINE#         207
  C:0268H         LINE#         208
  C:026FH         LINE#         209
  C:0282H         LINE#         210
  C:0282H         LINE#         211
  C:0285H         LINE#         212
  C:0288H         LINE#         213
  -------         ENDPROC       _LCD_SHOWSTRING
  -------         PROC          _WRITE_CGROM
  D:0005H         SYMBOL        a
  -------         DO            
  D:0003H         SYMBOL        j
  -------         ENDDO         
  C:01A0H         LINE#         217
  C:01A2H         LINE#         218
  C:01A2H         LINE#         220
  C:01A7H         LINE#         221
  C:01AEH         LINE#         222
  C:01B3H         LINE#         225
  C:01B5H         LINE#         226
  C:01B5H         LINE#         227
  C:01BAH         LINE#         228
  C:01BBH         LINE#         229
  C:01BFH         LINE#         231
  C:01C4H         LINE#         234
  C:01C6H         LINE#         235
  C:01C6H         LINE#         236
  C:01CBH         LINE#         237
  C:01CCH         LINE#         238
  C:01D0H         LINE#         240
  -------         ENDPROC       _WRITE_CGROM
  -------         PROC          _WRITE_DDRAM
  D:0005H         SYMBOL        a
  -------         DO            
  D:0003H         SYMBOL        j
  -------         ENDDO         
  C:01D7H         LINE#         250
  C:01D9H         LINE#         251
  C:01D9H         LINE#         254
  C:01DEH         LINE#         255
  C:01E5H         LINE#         257
  C:01EAH         LINE#         260
  C:01ECH         LINE#         261
  C:01ECH         LINE#         262
  C:01F1H         LINE#         263
BL51 BANKED LINKER/LOCATER V6.22.4.0                                                  11/18/2025  13:18:23  PAGE 8


  C:01F5H         LINE#         265
  C:01FAH         LINE#         268
  C:01FCH         LINE#         269
  C:01FCH         LINE#         270
  C:0201H         LINE#         271
  C:0205H         LINE#         272
  -------         ENDPROC       _WRITE_DDRAM
  -------         PROC          _WRITE_CGRAM
  D:0042H         SYMBOL        a
  -------         DO            
  D:0005H         SYMBOL        k
  -------         ENDDO         
  C:0289H         LINE#         278
  C:028FH         LINE#         279
  C:028FH         LINE#         283
  C:0294H         LINE#         286
  C:0296H         LINE#         287
  C:0296H         LINE#         288
  C:02A8H         LINE#         289
  C:02ACH         LINE#         290
  -------         ENDPROC       _WRITE_CGRAM
  -------         PROC          _DISPLAYCUSTOMCHARACTER1
  D:0001H         SYMBOL        pattern
  -------         DO            
  D:0005H         SYMBOL        row
  D:0003H         SYMBOL        col
  -------         DO            
  D:0041H         SYMBOL        position
  -------         ENDDO         
  -------         ENDDO         
  C:0239H         LINE#         294
  C:0239H         LINE#         295
  C:0239H         LINE#         299
  C:023CH         LINE#         302
  C:023EH         LINE#         303
  C:023EH         LINE#         304
  C:0240H         LINE#         305
  C:0240H         LINE#         308
  C:0243H         LINE#         309
  C:0243H         LINE#         310
  C:0248H         LINE#         311
  C:024AH         LINE#         312
  C:024FH         LINE#         315
  C:0254H         LINE#         316
  C:0259H         LINE#         317
  C:025DH         LINE#         318
  C:0261H         LINE#         319
  -------         ENDPROC       _DISPLAYCUSTOMCHARACTER1
  -------         ENDMOD        LCD0801A

  -------         MODULE        ?C?CLDOPTR
  C:020CH         PUBLIC        ?C?CLDOPTR
  -------         ENDMOD        ?C?CLDOPTR

Program Size: data=72.0 xdata=0 code=923
LINK/LOCATE RUN COMPLETE.  0 WARNING(S),  0 ERROR(S)
