C51 COMPILER V9.60.7.0   LCM19264                                                          08/05/2025 17:19:09 PAGE 1   


C51 COMPILER V9.60.7.0, COMPILATION OF MODULE LCM19264
OBJECT MODULE PLACED IN .\Objects\LCM19264.obj
COMPILER INVOKED BY: D:\KEIL_STM32\C51\BIN\C51.EXE LCM19264.c OPTIMIZE(8,SPEED) BROWSE DEBUG OBJECTEXTEND PRINT(.\Listin
                    -gs\LCM19264.lst) OBJECT(.\Objects\LCM19264.obj)

line level    source

   1          #include "lcm19264.h"
   2          #include "pic.h"
   3          bit  LOG =0; 
   4          unsigned char Page;     
   5          unsigned char Col; 
   6          
   7          
   8          
   9          unsigned int  ReadKey() // 按键检测函数
  10          {
  11   1          if (LCD_KEY == 1)           
  12   1              {  
  13   2              Delay(1);  
  14   2              if (LCD_KEY == 1) 
  15   2                      {  
  16   3                  while (LCD_KEY == 1);  
  17   3                  return 1;  
  18   3              }
  19   2          }
  20   1          return 0;  // 按键没有被按下
  21   1      }
  22          
  23          void Busy(unsigned char cs1, unsigned char cs2, unsigned char cs3)
  24          {
  25   1          unsigned char flag = 0xFF;
  26   1      
  27   1          CS1 = cs1;
  28   1          CS2 = cs2;
  29   1          CS3 = cs3;
  30   1      
  31   1          RS = 0;        // 读状态
  32   1          RW = 1;        // 读操作
  33   1          P1 = 0xFF;     // 设置为输入模式
  34   1      
  35   1          while ((flag & 0x80) == 0x80)  // 忙等待
  36   1          {
  37   2              E = 1;
  38   2              _nop_();
  39   2              flag = P1;
  40   2              E = 0;
  41   2          }
  42   1      }
  43             
  44            
  45          void Locatexy(void)   
  46          {   
  47   1               unsigned char x,y;   
  48   1               switch (Col&0xc0) /*  col.and.0xC0 */   
  49   1               {    
  50   2                case 0:    {Busy(0, 1, 1);;break;}  
  51   2                case 0x40: {Busy(1, 0, 1);;break;}  
  52   2                case 0x80: {Busy(1, 1, 0);;break;} 
  53   2               }   
  54   1               x = Col&0x3F |0x40; /* col.and.0x3f.or.Set X Address*/   
C51 COMPILER V9.60.7.0   LCM19264                                                          08/05/2025 17:19:09 PAGE 2   

  55   1               y = Page&0x07|0xB8; /* row.and.0x07.or.set Page */   
  56   1                 
  57   1               RS = 0;      
  58   1               RW = 0;      
  59   1               P1 = y;  
  60   1               E  = 1;   
  61   1               _nop_();   
  62   1               E  = 0;   
  63   1               _nop_();   
  64   1               
  65   1               RS = 0;   
  66   1               RW = 0;   
  67   1               P1 = x;      
  68   1               E  = 1;   
  69   1               _nop_();   
  70   1               E  = 0;   
  71   1               _nop_(); 
  72   1      }   
  73           
  74          
  75          void WriteCommand(unsigned char cs1, unsigned char cs2, unsigned char cs3, unsigned char CommandByte)
  76          {
  77   1          Busy(cs1, cs2, cs3);     // 先等忙
  78   1          P1 = CommandByte;        // 写入命令
  79   1          RS = 0;                  // 命令模式
  80   1          RW = 0;                  // 写操作
  81   1          E  = 1;
  82   1          _nop_();
  83   1          E  = 0;
  84   1          _nop_();
  85   1      }
  86          
  87          
  88          /***************************/   
  89          /*Read data                 */   
  90          /***************************/   
  91          unsigned char ReadData( void )   
  92          {   
  93   1               unsigned char DataByte;   
  94   1               Locatexy();   
  95   1               RS = 1;    
  96   1               RW = 1;  
  97   1               P1 = 0xFF;  
  98   1                _nop_();   
  99   1               
 100   1               E  = 1;    
 101   1               _nop_();   
 102   1      
 103   1               DataByte = P1;  
 104   1               E  = 0;   
 105   1               _nop_();  
 106   1               CS1=1;
 107   1               CS2=1;
 108   1               CS3=1;
 109   1               return DataByte;   
 110   1      }   
 111             
 112           /***************************/   
 113          /*Write data                 */   
 114          /***************************/
 115          void WriteData( unsigned char DataByte )   
 116          {   
C51 COMPILER V9.60.7.0   LCM19264                                                          08/05/2025 17:19:09 PAGE 3   

 117   1               Locatexy();   
 118   1               RS = 1;    
 119   1               RW = 0;     
 120   1               P1 = DataByte; 
 121   1               E  = 1;    
 122   1               _nop_();   
 123   1               E  = 0;   
 124   1               _nop_(); 
 125   1               CS1=1;
 126   1               CS2=1;
 127   1               CS3=1; 
 128   1      }   
 129             
 130          void LcmClear( void )   
 131          {   
 132   1               Page = 0;   
 133   1               Col  = 0;   
 134   1               for(Page=0;Page<8;Page++)   
 135   1                for(Col=0;Col<192;Col++)   
 136   1                 WriteData(0);   
 137   1      }   
 138             
 139          void LcmInit( void )   
 140          {   
 141   1               WriteCommand(0,1,1,0x3f); //DISPALY ON
 142   1               WriteCommand(1,0,1,0x3f);   
 143   1               WriteCommand(1,1,0,0x3f);   
 144   1                 
 145   1               WriteCommand(0,1,1,0xc0); //SET START ADDRESS  
 146   1               WriteCommand(1,0,1,0xc0);   
 147   1               WriteCommand(1,1,0,0xc0);   
 148   1                 
 149   1               WriteCommand(0,1,1,0x3f); //DISPLAY ON  
 150   1               WriteCommand(1,0,1,0x3f);   
 151   1               WriteCommand(1,1,0,0x3f);   
 152   1                       
 153   1      }   
 154             
 155          void LcmPutDots( unsigned char DotByte,unsigned char DotByte1 )   
 156          {   
 157   1       Page = 0;   
 158   1       Col  = 0;   
 159   1       for(Page=0;Page<8;Page++)   
 160   1       {   
 161   2        for(Col=0;Col<192;Col++)   
 162   2        {   
 163   3         WriteData( DotByte );
 164   3         Col++;
 165   3         WriteData( DotByte1 );  
 166   3        } 
 167   2          
 168   2       }   
 169   1      }   
 170             
 171          void LcmPutBMP( unsigned char *puts )   
 172          {   
 173   1       unsigned int X=0;   
 174   1       Page = 0;   
 175   1       Col  = 0;   
 176   1       for(Page=0;Page<8;Page++)   
 177   1       {   
 178   2        for(Col=0;Col<192;Col++)   
C51 COMPILER V9.60.7.0   LCM19264                                                          08/05/2025 17:19:09 PAGE 4   

 179   2        {   
 180   3         WriteData( puts[X] );   
 181   3         X++;   
 182   3        }   
 183   2       }   
 184   1      }   
 185             
 186          void LcmReverseBMP( void )   
 187          {   
 188   1       unsigned char temp;   
 189   1       Page = 0;   
 190   1       Col  = 0;   
 191   1       for(Page=0;Page<8;Page++)   
 192   1       {   
 193   2        for(Col=0;Col<192;Col++)   
 194   2        {   
 195   3         temp = ReadData();   
 196   3      
 197   3         temp = ReadData();   
 198   3         temp = ~temp;   
 199   3         WriteData(temp);   
 200   3        }   
 201   2       }   
 202   1      }   
 203          
 204          void Display_8_8(unsigned char C[],unsigned char i)
 205          { unsigned char k,num=0;
 206   1       num=i*0x08;
 207   1       for(k=0;k<0x08;k++)
 208   1       {
 209   2        WriteData(C[num+k]);
 210   2        Col+=0x01;
 211   2       } 
 212   1      
 213   1      }
 214          
 215          
 216          void Display_16_16(unsigned char F[],unsigned char i)
 217          {
 218   1       unsigned char k=0;
 219   1       unsigned int   num=0;
 220   1       num=i*0x20;
 221   1      
 222   1       for(k=0;k<0x10;k++)
 223   1       {
 224   2        WriteData(F[num+k]);
 225   2        Col+=0x01;
 226   2       } 
 227   1        Col-=0x10;
 228   1        Page+=0x01;   
 229   1        for(k=16;k<0x20;k++)
 230   1       {
 231   2        WriteData(F[num+k]);
 232   2        Col+=0x01;
 233   2       } 
 234   1        Page-=0x01; 
 235   1        Delay(80); 
 236   1      }
 237          
 238          void Display_character()
 239          { unsigned char k,c, a=0;
 240   1       
C51 COMPILER V9.60.7.0   LCM19264                                                          08/05/2025 17:19:09 PAGE 5   

 241   1       Col  = 0;
 242   1       for(c=0;c<8;c++)
 243   1       { Page = c; 
 244   2              for(k=0;k<24;k++)
 245   2              { Display_8_8(character,0);
 246   3              }
 247   2       Col  = 0;
 248   2       }
 249   1        Delay(1500);
 250   1      
 251   1       for(c=0;c<8;c++)
 252   1       { Page = c; 
 253   2              for(k=0;k<24;k++)
 254   2              { Display_8_8(character,1);
 255   3              }
 256   2       Col  = 0;
 257   2       }
 258   1        Delay(1500);
 259   1      
 260   1       for(c=0;c<8;c++)
 261   1       { Page = c; 
 262   2              for(k=0;k<24;k++)
 263   2              { Display_8_8(character,2);
 264   3              }
 265   2       Col  = 0;
 266   2       }
 267   1        Delay(1500);
 268   1      
 269   1      }
 270          
 271          
 272          void Display_Chinese()
 273          {
 274   1               unsigned char a=0;
 275   1              
 276   1      //       Page = 0;   
 277   1      //       Col  = 0;
 278   1      //       for(a=0;a<12;a++)
 279   1      //       {
 280   1      //       Display_16_16(font,a);
 281   1      //       }
 282   1               
 283   1               Page = 2;   
 284   1               Col  = 18;
 285   1               for(a=0;a<10;a++)
 286   1               {
 287   2               Display_16_16(font,a);
 288   2               }
 289   1      
 290   1               Page = 4;   
 291   1               Col  = 10;
 292   1               for(a=10;a<21;a++)
 293   1               {
 294   2               Display_16_16(font,a);
 295   2               }
 296   1      
 297   1      //       Page = 6;   
 298   1      //       Col  = 0;
 299   1      //       for(a=36;a<48;a++)
 300   1      //       {
 301   1      //       Display_16_16(font,a);
 302   1      //       }
C51 COMPILER V9.60.7.0   LCM19264                                                          08/05/2025 17:19:09 PAGE 6   

 303   1      
 304   1      }
 305          
 306          
 307             
 308          void Delay(unsigned int MS)   
 309          {   
 310   1       unsigned char us,usn;   
 311   1       while(MS!=0)   
 312   1       {   
 313   2        usn = 2; //for 12M    
 314   2        while(usn!=0)   
 315   2        {   
 316   3         us=0xf6;   
 317   3         while (us!=0){us--;};   
 318   3         usn--;   
 319   3        }   
 320   2        MS--;   
 321   2       }  
 322   1       while(LOG);
 323   1      }   
 324          
 325          void Step(void) interrupt 0 using 0
 326          { _nop_(); 
 327   1        _nop_(); 
 328   1        _nop_();
 329   1        _nop_();
 330   1        _nop_();
 331   1        _nop_();
 332   1        _nop_();
 333   1        _nop_();
 334   1        _nop_();
 335   1        _nop_();
 336   1        _nop_();
 337   1        _nop_();
 338   1        _nop_();
 339   1        _nop_();
 340   1        _nop_();
 341   1        _nop_();
 342   1        _nop_();
 343   1        _nop_();
 344   1        _nop_();
 345   1        _nop_(); 
 346   1        _nop_(); 
 347   1        _nop_();
 348   1        _nop_();
 349   1        _nop_();
 350   1        _nop_();
 351   1        _nop_();
 352   1        _nop_();
 353   1        _nop_();
 354   1        _nop_();
 355   1        _nop_();
 356   1        _nop_();
 357   1        _nop_();
 358   1        _nop_();
 359   1        _nop_();
 360   1        _nop_();
 361   1        _nop_();
 362   1        _nop_();
 363   1        _nop_();
 364   1              if(int0==0)
C51 COMPILER V9.60.7.0   LCM19264                                                          08/05/2025 17:19:09 PAGE 7   

 365   1              LOG=!LOG;
 366   1          while(!int0);
 367   1        return;
 368   1      
 369   1      }


MODULE INFORMATION:   STATIC OVERLAYABLE
   CODE SIZE        =    886    ----
   CONSTANT SIZE    =   ----    ----
   XDATA SIZE       =   ----    ----
   PDATA SIZE       =   ----    ----
   DATA SIZE        =      2      24
   IDATA SIZE       =   ----    ----
   BIT SIZE         =      1    ----
END OF MODULE INFORMATION.


C51 COMPILATION COMPLETE.  0 WARNING(S),  0 ERROR(S)
