C51 COMPILER V9.60.7.0   PIC                                                               07/24/2025 15:29:06 PAGE 1   


C51 COMPILER V9.60.7.0, COMPILATION OF MODULE PIC
OBJECT MODULE PLACED IN .\Objects\pic.obj
COMPILER INVOKED BY: D:\KEIL_STM32\C51\BIN\C51.EXE pic.c OPTIMIZE(8,SPEED) BROWSE DEBUG OBJECTEXTEND PRINT(.\Listings\pi
                    -c.lst) OBJECT(.\Objects\pic.obj)

line level    source

   1          unsigned char code font[]=
   2          {
   3          /* [字库]：[HZK1616宋体] [数据排列]:从左到右从上到下 [取模方式]:纵向8点下高位 [正负反色]:否 [去掉重复后]共
             -21个字符
   4          [总字符库]："广东烨辉科技有限公司ＬＣＭ１９２６４－０５"*/
   5          
   6          /*-- ID:0,字符:"广",ASCII编码:B9E3,对应字:宽x高=16x16,画布:宽W=16 高H=16,共32字节*/
   7          0x00,0x00,0xfc,0x04,0x04,0x04,0x04,0x05,0x06,0x04,0x04,0x04,0x04,0x06,0x04,0x00,
   8          0x40,0x30,0x0f,0x00,0x00,0x00,0x00,0x00,0x00,0x00,0x00,0x00,0x00,0x00,0x00,0x00,
   9          
  10          /*-- ID:1,字符:"东",ASCII编码:B6AB,对应字:宽x高=16x16,画布:宽W=16 高H=16,共32字节*/
  11          0x08,0x08,0x08,0x88,0x68,0x18,0x0f,0xe8,0x08,0x08,0x08,0x88,0x08,0x0c,0x08,0x00,
  12          0x00,0x40,0x21,0x11,0x0d,0x41,0x81,0x7f,0x01,0x05,0x09,0x31,0x61,0x00,0x00,0x00,
  13          
  14          /*-- ID:2,字符:"烨",ASCII编码:ECC7,对应字:宽x高=16x16,画布:宽W=16 高H=16,共32字节*/
  15          0x80,0x70,0x00,0xff,0x20,0x98,0x40,0xf8,0x07,0x40,0x7f,0xa0,0x90,0xc8,0x00,0x00,
  16          0x80,0x60,0x18,0x07,0x08,0x34,0x04,0x05,0x04,0xff,0x04,0x04,0x04,0x06,0x04,0x00,
  17          
  18          /*-- ID:3,字符:"辉",ASCII编码:BBD4,对应字:宽x高=16x16,画布:宽W=16 高H=16,共32字节*/
  19          0x44,0x48,0xd0,0x7f,0xd0,0x4c,0x48,0xa6,0x62,0x3a,0xa2,0x22,0x32,0x26,0x02,0x00,
  20          0x40,0x30,0x0f,0x00,0x3f,0x10,0x08,0x09,0x09,0x09,0xff,0x09,0x09,0x0d,0x08,0x00,
  21          
  22          /*-- ID:4,字符:"科",ASCII编码:BFC6,对应字:宽x高=16x16,画布:宽W=16 高H=16,共32字节*/
  23          0x24,0x24,0x24,0xa4,0xfe,0xa3,0x22,0x00,0x24,0x48,0x00,0xff,0x00,0x80,0x00,0x00,
  24          0x10,0x08,0x06,0x01,0xff,0x00,0x01,0x02,0x02,0x02,0x02,0xff,0x01,0x01,0x01,0x00,
  25          
  26          /*-- ID:5,字符:"技",ASCII编码:BCBC,对应字:宽x高=16x16,画布:宽W=16 高H=16,共32字节*/
  27          0x10,0x10,0x10,0xff,0x10,0x10,0x88,0x88,0x88,0xff,0x88,0x88,0x8c,0x08,0x00,0x00,
  28          0x04,0x44,0x82,0x7f,0x01,0x80,0x81,0x46,0x28,0x10,0x28,0x26,0x41,0xc0,0x40,0x00,
  29          
  30          /*-- ID:6,字符:"有",ASCII编码:D3D0,对应字:宽x高=16x16,画布:宽W=16 高H=16,共32字节*/
  31          0x04,0x04,0x04,0x84,0xe4,0x3c,0x27,0x24,0x24,0x24,0x24,0xf4,0x24,0x06,0x04,0x00,
  32          0x04,0x02,0x01,0x00,0xff,0x09,0x09,0x09,0x09,0x49,0x89,0x7f,0x00,0x00,0x00,0x00,
  33          
  34          /*-- ID:7,字符:"限",ASCII编码:CFDE,对应字:宽x高=16x16,画布:宽W=16 高H=16,共32字节*/
  35          0x00,0xfe,0x02,0x22,0xda,0x06,0x00,0xfe,0x92,0x92,0x92,0x92,0xff,0x02,0x00,0x00,
  36          0x00,0xff,0x08,0x10,0x08,0x07,0x00,0xff,0x42,0x24,0x08,0x14,0x22,0x61,0x20,0x00,
  37          
  38          /*-- ID:8,字符:"公",ASCII编码:B9AB,对应字:宽x高=16x16,画布:宽W=16 高H=16,共32字节*/
  39          0x00,0x00,0x80,0x40,0x30,0x0c,0x00,0xc0,0x06,0x18,0x20,0x40,0x80,0x80,0x80,0x00,
  40          0x01,0x01,0x00,0x30,0x28,0x24,0x23,0x20,0x20,0x28,0x30,0x60,0x00,0x01,0x00,0x00,
  41          
  42          /*-- ID:9,字符:"司",ASCII编码:CBBE,对应字:宽x高=16x16,画布:宽W=16 高H=16,共32字节*/
  43          0x10,0x10,0x92,0x92,0x92,0x92,0x92,0x92,0xd2,0x9a,0x12,0x02,0xff,0x02,0x00,0x00,
  44          0x00,0x00,0x3f,0x10,0x10,0x10,0x10,0x10,0x3f,0x00,0x40,0x80,0x7f,0x00,0x00,0x00,
  45          
  46          /*-- ID:10,字符:"Ｌ",ASCII编码:A3CC,对应字:宽x高=16x16,画布:宽W=16 高H=16,共32字节*/
  47          0x00,0x00,0x00,0x04,0xfc,0xfc,0x04,0x00,0x00,0x00,0x00,0x00,0x00,0x00,0x00,0x00,
  48          0x00,0x00,0x00,0x20,0x3f,0x3f,0x20,0x20,0x20,0x20,0x20,0x30,0x38,0x00,0x00,0x00,
  49          
  50          /*-- ID:11,字符:"Ｃ",ASCII编码:A3C3,对应字:宽x高=16x16,画布:宽W=16 高H=16,共32字节*/
  51          0x00,0x00,0x00,0xe0,0xf0,0x18,0x0c,0x04,0x04,0x04,0x0c,0x18,0x18,0x00,0x00,0x00,
  52          0x00,0x00,0x00,0x07,0x0f,0x18,0x30,0x20,0x20,0x20,0x30,0x10,0x08,0x00,0x00,0x00,
  53          
C51 COMPILER V9.60.7.0   PIC                                                               07/24/2025 15:29:06 PAGE 2   

  54          /*-- ID:12,字符:"Ｍ",ASCII编码:A3CD,对应字:宽x高=16x16,画布:宽W=16 高H=16,共32字节*/
  55          0x00,0x00,0x04,0xfc,0x1c,0x70,0xe0,0x80,0x00,0x80,0xe0,0x10,0xfc,0xfc,0x04,0x00,
  56          0x00,0x00,0x20,0x3f,0x20,0x00,0x01,0x07,0x1c,0x07,0x00,0x20,0x3f,0x3f,0x20,0x00,
  57          
  58          /*-- ID:13,字符:"１",ASCII编码:A3B1,对应字:宽x高=16x16,画布:宽W=16 高H=16,共32字节*/
  59          0x00,0x00,0x00,0x00,0x00,0x00,0x08,0xf8,0xfc,0x00,0x00,0x00,0x00,0x00,0x00,0x00,
  60          0x00,0x00,0x00,0x00,0x00,0x00,0x20,0x3f,0x3f,0x20,0x00,0x00,0x00,0x00,0x00,0x00,
  61          
  62          /*-- ID:14,字符:"９",ASCII编码:A3B9,对应字:宽x高=16x16,画布:宽W=16 高H=16,共32字节*/
  63          0x00,0x00,0x00,0x00,0xf0,0xf8,0x0c,0x04,0x04,0x0c,0xf8,0xf0,0x00,0x00,0x00,0x00,
  64          0x00,0x00,0x00,0x00,0x08,0x19,0x33,0x22,0x22,0x33,0x1f,0x0f,0x00,0x00,0x00,0x00,
  65          
  66          /*-- ID:15,字符:"２",ASCII编码:A3B2,对应字:宽x高=16x16,画布:宽W=16 高H=16,共32字节*/
  67          0x00,0x00,0x00,0x00,0x30,0x38,0x0c,0x04,0x04,0x0c,0xf8,0xf0,0x00,0x00,0x00,0x00,
  68          0x00,0x00,0x00,0x00,0x20,0x30,0x38,0x2c,0x26,0x23,0x21,0x38,0x00,0x00,0x00,0x00,
  69          
  70          /*-- ID:16,字符:"６",ASCII编码:A3B6,对应字:宽x高=16x16,画布:宽W=16 高H=16,共32字节*/
  71          0x00,0x00,0x00,0x00,0xf0,0xf8,0x8c,0x44,0x44,0xcc,0x98,0x10,0x00,0x00,0x00,0x00,
  72          0x00,0x00,0x00,0x00,0x0f,0x1f,0x30,0x20,0x20,0x30,0x1f,0x0f,0x00,0x00,0x00,0x00,
  73          
  74          /*-- ID:17,字符:"４",ASCII编码:A3B4,对应字:宽x高=16x16,画布:宽W=16 高H=16,共32字节*/
  75          0x00,0x00,0x00,0x00,0x80,0xc0,0x70,0x18,0xfc,0xfe,0x00,0x00,0x00,0x00,0x00,0x00,
  76          0x00,0x00,0x00,0x06,0x07,0x05,0x04,0x24,0x3f,0x3f,0x24,0x04,0x00,0x00,0x00,0x00,
  77          
  78          /*-- ID:18,字符:"－",ASCII编码:A3AD,对应字:宽x高=16x16,画布:宽W=16 高H=16,共32字节*/
  79          0x00,0x00,0x00,0x00,0x80,0x80,0x80,0x80,0x80,0x80,0x80,0x80,0x80,0x00,0x00,0x00,
  80          0x00,0x00,0x00,0x00,0x00,0x00,0x00,0x00,0x00,0x00,0x00,0x00,0x00,0x00,0x00,0x00,
  81          
  82          /*-- ID:19,字符:"０",ASCII编码:A3B0,对应字:宽x高=16x16,画布:宽W=16 高H=16,共32字节*/
  83          0x00,0x00,0x00,0x00,0xf0,0xf8,0x0c,0x04,0x04,0x04,0x0c,0xf8,0xf0,0x00,0x00,0x00,
  84          0x00,0x00,0x00,0x00,0x0f,0x1f,0x30,0x20,0x20,0x20,0x30,0x1f,0x0f,0x00,0x00,0x00,
  85          
  86          /*-- ID:20,字符:"５",ASCII编码:A3B5,对应字:宽x高=16x16,画布:宽W=16 高H=16,共32字节*/
  87          0x00,0x00,0x00,0x00,0xfc,0xfc,0xc4,0x44,0x44,0xc4,0x84,0x04,0x00,0x00,0x00,0x00,
  88          0x00,0x00,0x00,0x00,0x08,0x18,0x30,0x20,0x20,0x30,0x1f,0x0f,0x00,0x00,0x00,0x00
  89          
  90          
  91          };
  92          
  93          
  94          unsigned char code BMP0[]={
  95          /*--  ????????????E:\???????\ERM19264FS-1.bmp  --*/
  96          /*--  ????x???=192x64  --*/
  97          0xFF,0x01,0x01,0x01,0x01,0x01,0x01,0x01,0x01,0x01,0x01,0x01,0x01,0x01,0xF9,0x49,
  98          0x49,0x49,0x49,0x01,0xC1,0xB1,0x89,0xB1,0xC1,0x01,0x31,0x49,0x49,0x91,0x01,0x09,
  99          0x09,0xF9,0x09,0x09,0x01,0xF9,0x49,0x49,0xC9,0x31,0x01,0x01,0xF9,0x01,0x01,0x31,
 100          0x49,0x49,0x91,0x01,0x01,0xF9,0x01,0x01,0xF9,0x31,0x41,0x81,0xF9,0x01,0x01,0xF1,
 101          0x09,0x09,0x49,0xD1,0x01,0x01,0x01,0x01,0x09,0x09,0xF9,0x09,0x09,0x01,0xF9,0x49,
 102          0x49,0x49,0x49,0x01,0xF1,0x09,0x09,0x09,0x11,0x01,0x01,0xF9,0x41,0x41,0x41,0xF9,
 103          0x01,0x01,0xF9,0x31,0x41,0x81,0xF9,0x01,0x01,0xF1,0x09,0x09,0x09,0xF1,0x01,0x01,
 104          0xF9,0x01,0x01,0x01,0x01,0xF1,0x09,0x09,0x09,0xF1,0x01,0x01,0xF1,0x09,0x09,0x49,
 105          0xD1,0x01,0x01,0x09,0x31,0xC1,0x31,0x09,0x01,0x01,0x01,0x01,0x01,0xF1,0x09,0x09,
 106          0x09,0x11,0x01,0x01,0xF1,0x09,0x09,0x09,0xF1,0x01,0x01,0x01,0x01,0x01,0x01,0x01,
 107          0x01,0xF9,0x01,0x01,0x01,0x09,0x09,0xF9,0x09,0x09,0x01,0xF9,0x09,0x09,0x09,0xF1,
 108          0x01,0x01,0x01,0x01,0x01,0x01,0x01,0x01,0x01,0x01,0x01,0x01,0x01,0x01,0x01,0xFF,
 109          0xFF,0x00,0x00,0x00,0x00,0x00,0x00,0x00,0x00,0x00,0x00,0x00,0x00,0x00,0x03,0x02,
 110          0x02,0x02,0x02,0x02,0x01,0x00,0x00,0x00,0x01,0x02,0x01,0x02,0x02,0x01,0x00,0x00,
 111          0x00,0x03,0x00,0x00,0xE0,0x03,0x00,0x00,0xC0,0x43,0x40,0x40,0xC3,0x00,0x00,0x01,
 112          0x02,0xE2,0x21,0x20,0x20,0x23,0x20,0x20,0xE3,0x00,0x00,0x41,0x43,0x40,0x40,0xC1,
 113          0x62,0x42,0x42,0x41,0x40,0x40,0x00,0x80,0x80,0x80,0x83,0x80,0xA0,0xC0,0x83,0x82,
 114          0xC2,0x82,0x02,0x40,0x41,0xC2,0x22,0x22,0x01,0x40,0x80,0x03,0xE0,0x00,0x00,0x83,
 115          0x80,0xE0,0x83,0x00,0x80,0x81,0xE3,0x80,0x80,0x81,0x02,0x42,0x42,0x41,0x40,0xC0,
C51 COMPILER V9.60.7.0   PIC                                                               07/24/2025 15:29:06 PAGE 3   

 116          0x63,0x42,0x42,0x42,0x40,0x41,0x02,0xE2,0x22,0x21,0xE0,0x00,0xE1,0xA2,0xA2,0xA2,
 117          0xE1,0x00,0x00,0x00,0x00,0x03,0xE0,0x00,0x00,0x60,0x80,0x00,0x00,0x01,0x02,0x02,
 118          0x22,0x21,0x20,0x20,0x21,0xA2,0x22,0x22,0xE1,0x00,0x00,0x02,0x00,0x08,0x06,0x00,
 119          0x00,0x03,0x02,0x02,0x02,0x00,0x00,0x03,0x00,0x00,0x00,0x03,0x02,0x02,0x02,0x01,
 120          0x00,0x00,0x00,0x00,0x00,0x00,0x00,0x00,0x00,0x00,0x00,0x00,0x00,0x00,0x00,0xFF,
 121          0xFF,0x00,0x00,0x00,0x00,0x00,0x00,0x00,0x00,0x00,0x00,0x00,0x00,0x00,0x00,0x00,
 122          0x00,0x00,0x00,0x00,0x00,0x00,0x00,0x00,0x00,0x00,0x00,0x00,0x00,0x00,0x00,0x00,
 123          0x00,0x00,0x00,0xC1,0x3F,0x01,0xFF,0x80,0xBF,0x92,0x92,0x92,0xBF,0xC0,0x00,0x00,
 124          0x00,0xFF,0x42,0x42,0x42,0x42,0x42,0x42,0xFF,0x00,0x00,0x40,0x44,0x26,0x15,0x84,
 125          0xFF,0x04,0x0C,0x14,0x24,0x40,0x00,0x80,0x80,0x40,0x30,0x0F,0x82,0x82,0x82,0x7E,
 126          0x00,0x00,0x00,0x31,0x0D,0xFF,0x05,0x09,0x10,0x12,0x14,0x10,0xFF,0x08,0x00,0x88,
 127          0x88,0xFF,0x04,0x80,0x8C,0x54,0x27,0x54,0x8C,0x80,0x00,0x08,0x04,0x02,0xFF,0x29,
 128          0x29,0x29,0xA9,0xFF,0x00,0x00,0x00,0xFF,0x10,0x13,0x1C,0x00,0xFF,0x84,0x5C,0x24,
 129          0x57,0x88,0x00,0x04,0x82,0xC1,0xA0,0x98,0x86,0x50,0x61,0xC2,0x04,0x04,0x00,0x01,
 130          0x01,0x3D,0x25,0x25,0x25,0x3D,0x81,0x80,0xFF,0x00,0x00,0x00,0x00,0x00,0x00,0x00,
 131          0x00,0x00,0x00,0x00,0x00,0x00,0x00,0x00,0x00,0x00,0x00,0x00,0x00,0x00,0x00,0x00,
 132          0x00,0x00,0x00,0x00,0x00,0x00,0x00,0x00,0x00,0x00,0x00,0x00,0x00,0x00,0x00,0xFF,
 133          0xFF,0x00,0x00,0x00,0x00,0x00,0x00,0x00,0x00,0x00,0x00,0x00,0x00,0x00,0x00,0x00,
 134          0x00,0x00,0x00,0x00,0x00,0x00,0x00,0x00,0x00,0x00,0x00,0xC0,0xC0,0xC0,0xC0,0xC0,
 135          0xC0,0xC0,0xC0,0xC0,0xC0,0xC0,0xC0,0xC0,0xC0,0xC0,0xC0,0xC0,0xC0,0xC0,0xC0,0xC0,
 136          0xC0,0xC0,0xC0,0xC0,0xC0,0xC0,0xC0,0xC0,0xC0,0xC0,0xC0,0xC0,0xC0,0xC0,0xC0,0xC0,
 137          0xC0,0xC0,0xC0,0xC0,0xC0,0xC0,0xC0,0xC0,0xC0,0xC0,0xC0,0xC0,0xC0,0xC0,0xC0,0xC0,
 138          0xC0,0xC0,0xC0,0xC0,0xC0,0xC0,0xC0,0xC0,0xC0,0xC0,0xC0,0xC0,0xC0,0xC0,0xC0,0xC0,
 139          0xC0,0xC0,0xC0,0xC0,0xC0,0xC0,0xC0,0xC0,0xC0,0xC0,0xC0,0xC0,0xC0,0xC0,0xC0,0xC0,
 140          0xC0,0xC0,0xC0,0xC0,0xC0,0xC0,0xC0,0xC0,0xC0,0xC0,0xC0,0xC0,0xC0,0xC0,0xC0,0xC0,
 141          0xC0,0xC0,0xC0,0xC0,0xC0,0xC0,0xC0,0xC0,0xC0,0xC0,0xC0,0xC0,0xC0,0xC0,0xC0,0xC0,
 142          0xC0,0xC0,0xC0,0xC0,0xC0,0xC0,0xC0,0xC0,0xC0,0xC0,0xC0,0xC0,0xC0,0xC0,0xC0,0xC0,
 143          0xC0,0xC0,0xC0,0xC0,0x00,0x00,0x00,0x00,0x00,0x00,0x00,0x00,0x00,0x00,0x00,0x00,
 144          0x00,0x00,0x00,0x00,0x00,0x00,0x00,0x00,0x00,0x00,0x00,0x00,0x00,0x00,0x00,0xFF,
 145          0xFF,0x00,0x00,0x00,0x00,0x00,0x00,0x00,0x00,0x00,0x00,0x00,0x00,0x00,0x00,0x00,
 146          0x00,0x00,0x00,0x00,0x00,0x00,0x00,0x00,0x00,0x00,0x00,0xFF,0xFF,0xFF,0x01,0x01,
 147          0x39,0x39,0x39,0x39,0x39,0x39,0x39,0xFF,0xFF,0x01,0x01,0x39,0x39,0x39,0x39,0x39,
 148          0x91,0x83,0xC7,0xFF,0xFF,0x01,0x01,0xE1,0x07,0x3F,0xFF,0x3F,0x07,0xE1,0x01,0x01,
 149          0xFF,0xFF,0xCF,0xE7,0xF3,0x01,0x01,0xFF,0xFF,0xFF,0x87,0x03,0x39,0x79,0x79,0x31,
 150          0x03,0x0F,0xFF,0xE7,0xE3,0xF1,0xF9,0x79,0x39,0x03,0xC7,0xFF,0x0F,0x03,0x31,0x99,
 151          0x99,0x19,0x31,0x73,0xFF,0xFF,0x7F,0x1F,0x8F,0xE3,0x01,0x01,0xFF,0xFF,0xFF,0xFF,
 152          0xFF,0xFF,0xFF,0xFF,0xCF,0xE7,0xF3,0x01,0x01,0xFF,0xFF,0xFF,0xFF,0xFF,0x3F,0x1F,
 153          0xDF,0xDF,0x9F,0xBF,0xFF,0xFF,0x7F,0x7F,0x7F,0x7F,0xFF,0xFF,0x7F,0x7F,0x7F,0x7F,
 154          0xFF,0x5F,0x5F,0xFF,0xFF,0x7F,0x7F,0x7F,0x7F,0xFF,0xFF,0xFF,0x7F,0x7F,0x7F,0x7F,
 155          0xFF,0xFF,0xFF,0xFF,0x00,0x00,0x00,0x00,0x00,0x00,0x00,0x00,0x00,0x00,0x00,0x00,
 156          0x00,0x00,0x00,0x00,0x00,0x00,0x00,0x00,0x00,0x00,0x00,0x00,0x00,0x00,0x00,0xFF,
 157          0xFF,0x00,0x00,0x00,0x00,0x00,0x00,0x00,0x00,0x00,0x00,0x00,0x00,0x00,0x00,0x00,
 158          0x00,0x00,0x00,0x00,0x00,0x00,0x00,0x00,0x00,0x00,0x00,0xFF,0xFF,0xFF,0xE0,0xE0,
 159          0xE7,0xE7,0xE7,0xE7,0xE7,0xE7,0xE7,0xFF,0xFF,0xE0,0xE0,0xFF,0xFF,0xFF,0xFE,0xFC,
 160          0xF0,0xE1,0xE7,0xEF,0xFF,0xE0,0xE0,0xFF,0xFE,0xF0,0xE1,0xF0,0xFE,0xFF,0xE0,0xE0,
 161          0xFF,0xFF,0xFF,0xFF,0xFF,0xE0,0xE0,0xFF,0xFF,0xFF,0xF3,0xE3,0xE6,0xE6,0xE6,0xE3,
 162          0xF0,0xFC,0xFF,0xE7,0xE3,0xE1,0xE4,0xE4,0xE6,0xE7,0xE7,0xFF,0xFC,0xF0,0xE3,0xE7,
 163          0xE7,0xE7,0xF0,0xF8,0xFF,0xF8,0xF8,0xF9,0xF9,0xF9,0xE0,0xE0,0xF9,0xFF,0xFF,0xFC,
 164          0xFC,0xFC,0xFC,0xFF,0xFF,0xFF,0xFF,0xE0,0xE0,0xFF,0xFF,0xFF,0xFF,0xFF,0xF6,0xE6,
 165          0xEC,0xEC,0xE1,0xF1,0xFF,0xF0,0xE0,0xED,0xED,0xE4,0xF4,0xFF,0xE0,0xE0,0xFF,0xFF,
 166          0xFF,0xE0,0xE0,0xFF,0xF0,0xE0,0xED,0xED,0xE4,0xF4,0xFF,0xF4,0xE4,0xE9,0xE9,0xE2,
 167          0xF2,0xFF,0xFF,0xFF,0x00,0x00,0x00,0x00,0x00,0x00,0x00,0x00,0x00,0x00,0x00,0x00,
 168          0x00,0x00,0x00,0x00,0x00,0x00,0x00,0x00,0x00,0x00,0x00,0x00,0x00,0x00,0x00,0xFF,
 169          0xFF,0x00,0x00,0x80,0xC0,0x00,0x00,0x00,0x80,0x40,0x40,0x40,0x80,0x00,0x80,0x40,
 170          0x40,0x40,0x80,0x00,0x00,0x00,0x00,0x00,0x00,0x00,0x80,0x41,0x41,0x41,0x81,0x01,
 171          0x01,0x01,0x81,0xC1,0x01,0x01,0x01,0x01,0x01,0xC1,0x41,0x41,0x41,0x81,0x01,0x41,
 172          0x01,0x01,0x01,0x01,0x01,0x01,0x01,0x01,0x01,0x01,0x01,0x01,0x01,0xC1,0x01,0x01,
 173          0x01,0x01,0x01,0x01,0x01,0x01,0x01,0x01,0x01,0x01,0x01,0x01,0x01,0x01,0x01,0x01,
 174          0x01,0x01,0x01,0x01,0x01,0x01,0x01,0x01,0x01,0x01,0x01,0x01,0x01,0x01,0x01,0x01,
 175          0x01,0x01,0x01,0x01,0x01,0x01,0x01,0x01,0x01,0x01,0x01,0x01,0x01,0x01,0x01,0x01,
 176          0x01,0x01,0x01,0x01,0x01,0x01,0x01,0x01,0x01,0x01,0x01,0xC1,0x01,0x01,0x01,0x01,
 177          0x01,0x01,0x01,0x01,0x01,0x01,0x01,0xC1,0x01,0x01,0x01,0x01,0x01,0x01,0x01,0x01,
C51 COMPILER V9.60.7.0   PIC                                                               07/24/2025 15:29:06 PAGE 4   

 178          0x01,0x01,0x01,0xC1,0x01,0x01,0x01,0x01,0x01,0x41,0x01,0x01,0x01,0x01,0x01,0x01,
 179          0x01,0x01,0x01,0x01,0x00,0x00,0x00,0x00,0x00,0x00,0x00,0x00,0x00,0x00,0x00,0x00,
 180          0x00,0x00,0x00,0x00,0x00,0x00,0x00,0x00,0x00,0x00,0x00,0x00,0x00,0x00,0x00,0xFF,
 181          0xFF,0x80,0x81,0x80,0xBF,0x80,0x80,0x80,0x93,0xA4,0xA4,0xA4,0x9F,0x80,0xA0,0xB0,
 182          0xA8,0xA4,0xA3,0x80,0xA1,0x92,0x8C,0x92,0xA1,0x80,0x9F,0xA2,0xA2,0xA2,0x9C,0x80,
 183          0x8C,0x8B,0x88,0xBF,0x88,0x80,0x80,0x80,0x80,0xBF,0x84,0x84,0x84,0x83,0x80,0xBF,
 184          0x80,0xA1,0x92,0x8C,0x92,0xA1,0x80,0x9E,0xA5,0xA5,0xA5,0x96,0x80,0xBF,0x80,0x92,
 185          0xA5,0xA5,0xA9,0x92,0x80,0x80,0x80,0x80,0x80,0x80,0x80,0x80,0x80,0x80,0x80,0x80,
 186          0x80,0x80,0x80,0x80,0x80,0x80,0x80,0x80,0x80,0x80,0x83,0x8C,0xB0,0x8E,0x81,0x8E,
 187          0xB0,0x8C,0x83,0x80,0x83,0x8C,0xB0,0x8E,0x81,0x8E,0xB0,0x8C,0x83,0x80,0x83,0x8C,
 188          0xB0,0x8E,0x81,0x8E,0xB0,0x8C,0x83,0x80,0x80,0xA0,0x80,0xBF,0x80,0x9E,0xA1,0xA1,
 189          0xA1,0x92,0x80,0x9E,0xA1,0xA1,0x92,0xBF,0x80,0x88,0x88,0x88,0x80,0x9E,0xA1,0xA1,
 190          0xA1,0x92,0x80,0xBF,0x82,0x81,0x81,0xBE,0x80,0xBF,0x80,0xBF,0x81,0x81,0x81,0xBE,
 191          0x80,0x9A,0xA5,0xA5,0x95,0xBE,0x80,0x80,0xA0,0x80,0x9E,0xA1,0xA1,0xA1,0x92,0x80,
 192          0x9E,0xA1,0xA1,0xA1,0x9E,0x80,0xBF,0x82,0x81,0xBF,0x81,0x81,0xBE,0x80,0x80,0xFF
 193          
 194          };
 195           
 196          unsigned char code BMP1[]={  //??????    
 197          /*-[数据排列]:从左到右从上到下 [取模方式]:纵向8点下高位 [正负反色]:否
 198          图像尺寸:192x64 画布尺寸:192x64，共1536个字节-*/
 199          0xff,0xff,0x03,0x03,0x03,0x03,0x03,0x03,0x03,0x03,0x03,0x03,0x03,0x03,0x03,0x03,
 200          0x03,0x03,0x03,0x03,0x03,0x03,0x03,0x03,0x03,0x03,0x03,0x03,0x03,0x03,0x03,0x03,
 201          0x03,0x03,0x03,0x03,0x03,0x03,0x03,0x03,0x03,0x03,0x03,0x03,0x03,0x03,0x03,0x03,
 202          0x03,0x03,0x03,0x03,0x03,0x03,0x03,0x03,0x03,0x03,0x03,0x03,0x03,0x03,0x03,0x03,
 203          0x03,0x03,0x03,0x03,0x03,0x03,0x03,0x03,0x03,0x03,0x03,0x03,0x03,0x03,0x03,0x03,
 204          0x03,0x03,0x03,0x03,0x03,0x03,0x03,0x03,0x03,0x03,0x03,0x03,0x03,0x03,0x03,0x03,
 205          0x03,0x03,0x03,0x03,0x03,0x03,0x03,0x03,0x03,0x03,0x03,0x03,0x03,0x03,0x03,0x03,
 206          0x03,0x03,0x03,0x03,0x03,0x03,0x03,0x03,0x03,0x03,0x03,0x03,0x03,0x03,0x03,0x03,
 207          0x03,0x03,0x03,0x03,0x03,0x03,0x03,0x03,0x03,0x03,0x03,0x03,0x03,0x03,0x03,0x03,
 208          0x03,0x03,0x03,0x03,0x03,0x03,0x03,0x03,0x03,0x03,0x03,0x03,0x03,0x03,0x03,0x03,
 209          0x03,0x03,0x03,0x03,0x03,0x03,0x03,0x03,0x03,0x03,0x03,0x03,0x03,0x03,0x03,0x03,
 210          0x03,0x03,0x03,0x03,0x03,0x03,0x03,0x03,0x03,0x03,0x03,0x03,0x03,0x03,0xff,0xff,
 211          0xff,0xff,0x00,0x00,0x00,0x00,0x00,0x00,0x00,0x00,0x00,0x00,0x00,0x00,0x00,0x00,
 212          0x00,0x00,0x00,0x00,0x00,0x00,0x00,0x00,0x00,0x00,0x00,0x00,0x00,0x00,0x00,0x00,
 213          0x00,0x00,0x00,0x00,0x00,0x00,0x00,0x00,0x00,0x00,0x00,0x00,0x00,0x00,0x00,0x00,
 214          0x00,0x00,0x00,0x00,0x00,0x00,0x00,0x00,0x00,0x00,0x00,0x00,0x00,0x00,0x00,0x00,
 215          0x00,0x00,0x00,0x00,0x00,0x00,0x00,0x00,0x00,0x00,0x00,0x00,0x00,0x00,0x00,0x00,
 216          0x00,0x00,0x00,0x00,0x00,0x00,0x00,0x00,0x00,0x00,0x00,0x00,0x00,0x00,0x00,0x00,
 217          0x00,0x00,0x00,0x00,0x00,0x00,0x00,0x00,0x00,0x00,0x00,0x00,0x00,0x00,0x00,0x00,
 218          0x00,0x00,0x00,0x00,0x00,0x00,0x00,0x00,0x00,0x00,0x00,0x00,0x00,0x00,0x00,0x00,
 219          0x00,0x00,0x00,0x00,0x00,0x00,0x00,0x00,0x00,0x00,0x00,0x00,0x00,0x00,0x00,0x00,
 220          0x00,0x00,0x00,0x00,0x00,0x00,0x00,0x00,0x00,0x00,0x00,0x00,0x00,0x00,0x00,0x00,
 221          0x00,0x00,0x00,0x00,0x00,0x00,0x00,0x00,0x00,0x00,0x00,0x00,0x00,0x00,0x00,0x00,
 222          0x00,0x00,0x00,0x00,0x00,0x00,0x00,0x00,0x00,0x00,0x00,0x00,0x00,0x00,0xff,0xff,
 223          0xff,0xff,0x00,0x00,0x00,0x00,0x00,0x00,0x00,0x00,0x00,0x00,0x00,0x00,0x00,0x00,
 224          0x00,0x00,0x00,0x00,0x00,0x00,0x00,0x00,0x00,0x00,0x00,0x00,0x00,0x00,0x00,0x00,
 225          0x00,0x00,0x00,0x00,0x00,0x00,0x00,0x00,0x00,0x00,0x00,0x00,0x00,0x00,0x00,0x00,
 226          0x00,0x00,0x00,0x00,0x00,0x00,0x00,0x00,0x00,0x00,0x00,0x00,0x00,0x00,0x00,0x00,
 227          0x00,0x00,0x00,0x00,0x00,0x00,0x00,0x00,0x00,0x00,0x00,0x00,0x00,0x00,0x00,0x00,
 228          0x00,0x00,0x00,0x00,0x00,0x00,0x00,0x00,0x00,0x00,0x00,0x00,0x00,0x00,0x00,0x00,
 229          0x00,0x00,0x00,0x00,0x00,0x00,0x00,0x00,0x00,0x00,0x00,0x00,0x00,0x00,0x00,0x00,
 230          0x00,0x00,0x00,0x00,0x00,0x00,0x00,0x00,0x00,0x00,0x00,0x00,0x00,0x00,0x00,0x00,
 231          0x00,0x00,0x00,0x00,0x00,0x00,0x00,0x00,0x00,0x00,0x00,0x00,0x00,0x00,0x00,0x00,
 232          0x00,0x00,0x00,0x00,0x00,0x00,0x00,0x00,0x00,0x00,0x00,0x00,0x00,0x00,0x00,0x00,
 233          0x00,0x00,0x00,0x00,0x00,0x00,0x00,0x00,0x00,0x00,0x00,0x00,0x00,0x00,0x00,0x00,
 234          0x00,0x00,0x00,0x00,0x00,0x00,0x00,0x00,0x00,0x00,0x00,0x00,0x00,0x00,0xff,0xff,
 235          0xff,0xff,0x00,0x00,0x00,0x00,0x00,0x00,0x00,0x00,0x00,0x00,0x00,0x00,0x00,0x00,
 236          0x00,0x00,0x00,0x00,0x00,0x00,0x00,0x00,0x00,0x00,0x00,0x00,0x00,0x00,0x00,0x00,
 237          0x00,0x00,0x00,0x00,0x00,0x00,0x00,0x00,0x00,0x00,0x00,0x00,0x00,0x00,0x00,0x00,
 238          0x00,0x00,0x00,0x00,0x00,0x00,0x00,0x00,0x00,0x00,0x00,0x00,0x00,0x00,0x00,0x00,
 239          0x00,0x00,0x00,0x00,0x00,0x00,0x00,0x00,0x00,0x00,0x00,0x00,0x00,0x00,0x00,0x00,
C51 COMPILER V9.60.7.0   PIC                                                               07/24/2025 15:29:06 PAGE 5   

 240          0x00,0x00,0x00,0x00,0x00,0x00,0x00,0x00,0x00,0x00,0x00,0x00,0x00,0x00,0x00,0x00,
 241          0x00,0x00,0x00,0x00,0x00,0x00,0x00,0x00,0x00,0x00,0x00,0x00,0x00,0x00,0x00,0x00,
 242          0x00,0x00,0x00,0x00,0x00,0x00,0x00,0x00,0x00,0x00,0x00,0x00,0x00,0x00,0x00,0x00,
 243          0x00,0x00,0x00,0x00,0x00,0x00,0x00,0x00,0x00,0x00,0x00,0x00,0x00,0x00,0x00,0x00,
 244          0x00,0x00,0x00,0x00,0x00,0x00,0x00,0x00,0x00,0x00,0x00,0x00,0x00,0x00,0x00,0x00,
 245          0x00,0x00,0x00,0x00,0x00,0x00,0x00,0x00,0x00,0x00,0x00,0x00,0x00,0x00,0x00,0x00,
 246          0x00,0x00,0x00,0x00,0x00,0x00,0x00,0x00,0x00,0x00,0x00,0x00,0x00,0x00,0xff,0xff,
 247          0xff,0xff,0x00,0x00,0x00,0x00,0x00,0x00,0x00,0x00,0x00,0x00,0x00,0x00,0x00,0x00,
 248          0x00,0x00,0x00,0x00,0x00,0x00,0x00,0x00,0x00,0x00,0x00,0x00,0x00,0x00,0x00,0x00,
 249          0x00,0x00,0x00,0x00,0x00,0x00,0x00,0x00,0x00,0x00,0x00,0x00,0x00,0x00,0x00,0x00,
 250          0x00,0x00,0x00,0x00,0x00,0x00,0x00,0x00,0x00,0x00,0x00,0x00,0x00,0x00,0x00,0x00,
 251          0x00,0x00,0x00,0x00,0x00,0x00,0x00,0x00,0x00,0x00,0x00,0x00,0x00,0x00,0x00,0x00,
 252          0x00,0x00,0x00,0x00,0x00,0x00,0x00,0x00,0x00,0x00,0x00,0x00,0x00,0x00,0x00,0x00,
 253          0x00,0x00,0x00,0x00,0x00,0x00,0x00,0x00,0x00,0x00,0x00,0x00,0x00,0x00,0x00,0x00,
 254          0x00,0x00,0x00,0x00,0x00,0x00,0x00,0x00,0x00,0x00,0x00,0x00,0x00,0x00,0x00,0x00,
 255          0x00,0x00,0x00,0x00,0x00,0x00,0x00,0x00,0x00,0x00,0x00,0x00,0x00,0x00,0x00,0x00,
 256          0x00,0x00,0x00,0x00,0x00,0x00,0x00,0x00,0x00,0x00,0x00,0x00,0x00,0x00,0x00,0x00,
 257          0x00,0x00,0x00,0x00,0x00,0x00,0x00,0x00,0x00,0x00,0x00,0x00,0x00,0x00,0x00,0x00,
 258          0x00,0x00,0x00,0x00,0x00,0x00,0x00,0x00,0x00,0x00,0x00,0x00,0x00,0x00,0xff,0xff,
 259          0xff,0xff,0x00,0x00,0x00,0x00,0x00,0x00,0x00,0x00,0x00,0x00,0x00,0x00,0x00,0x00,
 260          0x00,0x00,0x00,0x00,0x00,0x00,0x00,0x00,0x00,0x00,0x00,0x00,0x00,0x00,0x00,0x00,
 261          0x00,0x00,0x00,0x00,0x00,0x00,0x00,0x00,0x00,0x00,0x00,0x00,0x00,0x00,0x00,0x00,
 262          0x00,0x00,0x00,0x00,0x00,0x00,0x00,0x00,0x00,0x00,0x00,0x00,0x00,0x00,0x00,0x00,
 263          0x00,0x00,0x00,0x00,0x00,0x00,0x00,0x00,0x00,0x00,0x00,0x00,0x00,0x00,0x00,0x00,
 264          0x00,0x00,0x00,0x00,0x00,0x00,0x00,0x00,0x00,0x00,0x00,0x00,0x00,0x00,0x00,0x00,
 265          0x00,0x00,0x00,0x00,0x00,0x00,0x00,0x00,0x00,0x00,0x00,0x00,0x00,0x00,0x00,0x00,
 266          0x00,0x00,0x00,0x00,0x00,0x00,0x00,0x00,0x00,0x00,0x00,0x00,0x00,0x00,0x00,0x00,
 267          0x00,0x00,0x00,0x00,0x00,0x00,0x00,0x00,0x00,0x00,0x00,0x00,0x00,0x00,0x00,0x00,
 268          0x00,0x00,0x00,0x00,0x00,0x00,0x00,0x00,0x00,0x00,0x00,0x00,0x00,0x00,0x00,0x00,
 269          0x00,0x00,0x00,0x00,0x00,0x00,0x00,0x00,0x00,0x00,0x00,0x00,0x00,0x00,0x00,0x00,
 270          0x00,0x00,0x00,0x00,0x00,0x00,0x00,0x00,0x00,0x00,0x00,0x00,0x00,0x00,0xff,0xff,
 271          0xff,0xff,0x00,0x00,0x00,0x00,0x00,0x00,0x00,0x00,0x00,0x00,0x00,0x00,0x00,0x00,
 272          0x00,0x00,0x00,0x00,0x00,0x00,0x00,0x00,0x00,0x00,0x00,0x00,0x00,0x00,0x00,0x00,
 273          0x00,0x00,0x00,0x00,0x00,0x00,0x00,0x00,0x00,0x00,0x00,0x00,0x00,0x00,0x00,0x00,
 274          0x00,0x00,0x00,0x00,0x00,0x00,0x00,0x00,0x00,0x00,0x00,0x00,0x00,0x00,0x00,0x00,
 275          0x00,0x00,0x00,0x00,0x00,0x00,0x00,0x00,0x00,0x00,0x00,0x00,0x00,0x00,0x00,0x00,
 276          0x00,0x00,0x00,0x00,0x00,0x00,0x00,0x00,0x00,0x00,0x00,0x00,0x00,0x00,0x00,0x00,
 277          0x00,0x00,0x00,0x00,0x00,0x00,0x00,0x00,0x00,0x00,0x00,0x00,0x00,0x00,0x00,0x00,
 278          0x00,0x00,0x00,0x00,0x00,0x00,0x00,0x00,0x00,0x00,0x00,0x00,0x00,0x00,0x00,0x00,
 279          0x00,0x00,0x00,0x00,0x00,0x00,0x00,0x00,0x00,0x00,0x00,0x00,0x00,0x00,0x00,0x00,
 280          0x00,0x00,0x00,0x00,0x00,0x00,0x00,0x00,0x00,0x00,0x00,0x00,0x00,0x00,0x00,0x00,
 281          0x00,0x00,0x00,0x00,0x00,0x00,0x00,0x00,0x00,0x00,0x00,0x00,0x00,0x00,0x00,0x00,
 282          0x00,0x00,0x00,0x00,0x00,0x00,0x00,0x00,0x00,0x00,0x00,0x00,0x00,0x00,0xff,0xff,
 283          0xff,0xff,0xc0,0xc0,0xc0,0xc0,0xc0,0xc0,0xc0,0xc0,0xc0,0xc0,0xc0,0xc0,0xc0,0xc0,
 284          0xc0,0xc0,0xc0,0xc0,0xc0,0xc0,0xc0,0xc0,0xc0,0xc0,0xc0,0xc0,0xc0,0xc0,0xc0,0xc0,
 285          0xc0,0xc0,0xc0,0xc0,0xc0,0xc0,0xc0,0xc0,0xc0,0xc0,0xc0,0xc0,0xc0,0xc0,0xc0,0xc0,
 286          0xc0,0xc0,0xc0,0xc0,0xc0,0xc0,0xc0,0xc0,0xc0,0xc0,0xc0,0xc0,0xc0,0xc0,0xc0,0xc0,
 287          0xc0,0xc0,0xc0,0xc0,0xc0,0xc0,0xc0,0xc0,0xc0,0xc0,0xc0,0xc0,0xc0,0xc0,0xc0,0xc0,
 288          0xc0,0xc0,0xc0,0xc0,0xc0,0xc0,0xc0,0xc0,0xc0,0xc0,0xc0,0xc0,0xc0,0xc0,0xc0,0xc0,
 289          0xc0,0xc0,0xc0,0xc0,0xc0,0xc0,0xc0,0xc0,0xc0,0xc0,0xc0,0xc0,0xc0,0xc0,0xc0,0xc0,
 290          0xc0,0xc0,0xc0,0xc0,0xc0,0xc0,0xc0,0xc0,0xc0,0xc0,0xc0,0xc0,0xc0,0xc0,0xc0,0xc0,
 291          0xc0,0xc0,0xc0,0xc0,0xc0,0xc0,0xc0,0xc0,0xc0,0xc0,0xc0,0xc0,0xc0,0xc0,0xc0,0xc0,
 292          0xc0,0xc0,0xc0,0xc0,0xc0,0xc0,0xc0,0xc0,0xc0,0xc0,0xc0,0xc0,0xc0,0xc0,0xc0,0xc0,
 293          0xc0,0xc0,0xc0,0xc0,0xc0,0xc0,0xc0,0xc0,0xc0,0xc0,0xc0,0xc0,0xc0,0xc0,0xc0,0xc0,
 294          0xc0,0xc0,0xc0,0xc0,0xc0,0xc0,0xc0,0xc0,0xc0,0xc0,0xc0,0xc0,0xc0,0xc0,0xff,0xff
 295          
 296          };   
 297             
 298          unsigned char code BMP2[]={  //??????    
 299          /*--  ????????????E:\!Program\!BmpSample\19264_2.bmp  --*/   
 300          /*--  ????x???=192x64  --*/   
 301          0xFF,0x01,0x01,0x01,0x01,0x01,0x01,0x01,0x01,0x01,0x01,0x01,0x01,0x01,0x01,0x01,   
C51 COMPILER V9.60.7.0   PIC                                                               07/24/2025 15:29:06 PAGE 6   

 302          0x01,0x01,0x01,0x01,0x01,0x01,0x01,0x01,0x01,0x01,0x01,0x01,0x01,0x01,0x01,0x01,   
 303          0x01,0x01,0x01,0x01,0x01,0x01,0x01,0x01,0x01,0x01,0x01,0x01,0x01,0x01,0x01,0x01,   
 304          0x01,0x01,0x01,0x01,0x01,0x01,0x01,0x01,0x01,0x01,0x01,0x01,0x01,0x01,0x01,0x01,   
 305          0x01,0x01,0x01,0x01,0x01,0x01,0x01,0x01,0x01,0x01,0x01,0x01,0x01,0x01,0x01,0x01,   
 306          0x01,0x01,0x01,0x01,0x01,0x01,0x01,0x01,0x01,0x01,0x01,0x01,0x01,0x01,0x01,0x01,   
 307          0x01,0x01,0x01,0x01,0x01,0x01,0x01,0x01,0x01,0x01,0x01,0x01,0x01,0x01,0x01,0x01,   
 308          0x01,0x01,0x01,0x01,0x01,0x01,0x01,0x01,0x01,0x01,0x01,0x01,0x01,0x01,0x01,0x01,   
 309          0x01,0x01,0x01,0x01,0x01,0x01,0x01,0x01,0x01,0x01,0x01,0x01,0x01,0x01,0x01,0x01,   
 310          0x01,0x01,0x01,0x01,0x01,0x01,0x01,0x01,0x01,0x01,0x01,0x01,0x01,0x01,0x01,0x01,   
 311          0x01,0x01,0x01,0x01,0x01,0x01,0x01,0x01,0x01,0x01,0x01,0x01,0x01,0x01,0x01,0x01,   
 312          0x01,0x01,0x01,0x01,0x01,0x01,0x01,0x01,0x01,0x01,0x01,0x01,0x01,0x01,0x01,0xFF,   
 313          0xFF,0x00,0x00,0x00,0x00,0x00,0x00,0x00,0x00,0x00,0x00,0x00,0x00,0x00,0x00,0x00,   
 314          0x80,0xC0,0xC0,0xA0,0xB0,0x90,0x98,0x98,0x9C,0x9C,0xBC,0xBC,0x38,0x58,0x98,0x18,   
 315          0x30,0xE0,0xC0,0x00,0x00,0x00,0x00,0x00,0x00,0x00,0x00,0x00,0x00,0x00,0x00,0x00,   
 316          0x00,0x00,0x00,0x00,0x00,0x00,0x00,0x00,0x00,0x00,0x00,0x00,0x00,0x00,0x00,0x00,   
 317          0x00,0x00,0x00,0x00,0x00,0x00,0x00,0xE0,0xF0,0xF0,0xF0,0xF0,0xF0,0xF0,0xFC,0xFC,   
 318          0xFC,0xFC,0xFC,0xFC,0xF8,0xF0,0xF8,0xF8,0xFC,0xF8,0xF8,0xF8,0xF0,0xC0,0x80,0x80,   
 319          0x80,0x00,0x00,0x00,0x00,0x00,0x00,0x00,0x00,0x00,0xFC,0xFE,0x06,0x06,0x06,0x0C,   
 320          0x0C,0x98,0xF8,0xE0,0xF0,0xF0,0xF0,0xF8,0xF8,0xF8,0xF8,0xF8,0xF8,0xF8,0xF8,0xF8,   
 321          0xF8,0xF8,0xF0,0xF0,0xF0,0xE0,0xF0,0xF8,0x98,0x0C,0x0C,0x06,0x06,0x06,0xFE,0xFC,   
 322          0x00,0x00,0x00,0x00,0x00,0x00,0x80,0xC0,0xC0,0xA0,0xB0,0x90,0x98,0x98,0x9C,0x9C,   
 323          0xBC,0xBC,0x38,0x58,0x98,0x18,0x30,0xE0,0xC0,0x00,0x00,0x00,0x00,0x00,0x00,0x00,   
 324          0x00,0x00,0x00,0x00,0x00,0x00,0x00,0x00,0x00,0x00,0x00,0x00,0x00,0x00,0x00,0xFF,   
 325          0xFF,0x00,0x00,0x00,0x00,0x00,0x00,0x00,0x00,0x00,0x00,0x00,0x00,0x00,0x7C,0x42,   
 326          0x81,0xFD,0x83,0xC1,0xFC,0xE2,0xC1,0xFE,0x61,0x40,0xFF,0xE1,0xC1,0xE2,0xC6,0x8D,   
 327          0xF0,0xC0,0x01,0x3F,0xFE,0x00,0x00,0x00,0x00,0x00,0x00,0x00,0x00,0x00,0x00,0x00,   
 328          0x00,0x00,0x00,0x00,0x00,0x00,0x00,0x00,0x00,0x00,0x00,0x00,0x00,0x00,0x00,0x00,   
 329          0x80,0x80,0x80,0xE0,0xF8,0xF8,0xFC,0xFF,0xFF,0xFF,0xFF,0xF1,0x00,0x00,0x03,0x03,   
 330          0x33,0x33,0x03,0x03,0x03,0x33,0x33,0x07,0x03,0x01,0xC1,0xE1,0xF3,0xFF,0xFF,0xFF,   
 331          0xFF,0xFF,0xFE,0xE0,0xC0,0x00,0x00,0x00,0x00,0x00,0x00,0x03,0xCF,0xFC,0xF8,0xFE,   
 332          0xFF,0xFF,0xFF,0xFF,0xFF,0xFF,0xFF,0xFF,0xFF,0xFF,0xFF,0xFF,0xFF,0xFF,0xFF,0xFF,   
 333          0xFF,0xFF,0xFF,0xFF,0xFF,0xFF,0xFF,0xFF,0xFF,0xFF,0xFC,0xF8,0xF8,0x9E,0x07,0x01,   
 334          0x00,0x00,0x00,0x00,0x7C,0x42,0x81,0xFD,0x83,0xC1,0xFC,0xE2,0xC1,0xFE,0x61,0x40,   
 335          0xFF,0xE1,0xC1,0xE2,0xC6,0x8D,0xF0,0xC0,0x01,0x3F,0xFE,0x00,0x00,0x00,0x00,0x00,   
 336          0x00,0x00,0x00,0x00,0x00,0x00,0x00,0x00,0x00,0x00,0x00,0x00,0x00,0x00,0x00,0xFF,   
 337          0xFF,0x00,0x00,0x00,0x00,0x00,0x00,0x00,0x00,0x00,0x00,0x00,0x00,0x00,0x00,0x00,   
 338          0x00,0x00,0x1F,0x3F,0xE5,0xCB,0x8F,0x23,0x40,0x20,0x85,0x8B,0xCF,0xE1,0xF3,0xFF,   
 339          0xFF,0xFF,0xC0,0xFE,0xFF,0x00,0x00,0x00,0x00,0x00,0x00,0x00,0x00,0x00,0x00,0x00,   
 340          0x00,0x00,0x00,0x00,0x00,0x00,0x00,0x00,0x00,0x80,0x78,0x04,0x02,0x02,0x01,0x01,   
 341          0x00,0x00,0xE0,0xF9,0xFF,0xFF,0xFF,0xFF,0xFF,0x0F,0x07,0x03,0x00,0x00,0x00,0x00,   
 342          0x00,0x30,0x28,0x28,0x38,0x30,0x00,0x00,0x00,0x00,0x03,0x07,0x0F,0x3F,0xFF,0xFF,   
 343          0xFF,0xFF,0xFF,0xF7,0xE3,0x00,0x00,0x00,0x00,0x20,0x20,0x20,0x7F,0xFF,0xFF,0xFF,   
 344          0xFF,0x83,0x01,0x01,0x01,0x31,0x79,0x31,0x83,0xFF,0xFF,0xFF,0xFF,0xFF,0xFF,0xFF,   
 345          0xCF,0x23,0x71,0x71,0x21,0x01,0x01,0x03,0x87,0xFF,0xFF,0xFF,0xFF,0x7F,0x40,0x40,   
 346          0x40,0x40,0x40,0x00,0x00,0x00,0x00,0x00,0x1F,0x3F,0xE5,0xCB,0x8F,0x23,0x40,0x20,   
 347          0x85,0x8B,0xCF,0xE1,0xF3,0xFF,0xFF,0xFF,0xC0,0xFE,0xFF,0x00,0x00,0x00,0x00,0x00,   
 348          0x00,0x00,0x00,0x00,0x00,0x00,0x00,0x00,0x00,0x00,0x00,0x00,0x00,0x00,0x00,0xFF,   
 349          0xFF,0x00,0x00,0x00,0x00,0x00,0x00,0x00,0x00,0x00,0x00,0x00,0x00,0x00,0x00,0x00,   
 350          0x00,0x00,0x3C,0x52,0xF9,0x80,0x00,0x03,0x05,0x05,0x03,0x01,0x00,0x40,0xE1,0xA3,   
 351          0x57,0x3F,0x1F,0x0F,0x07,0x00,0x00,0x00,0x00,0x00,0x00,0x00,0xE0,0xF8,0xF8,0xF8,   
 352          0xF8,0xF8,0xF0,0x00,0x00,0x00,0x80,0xE0,0x28,0x27,0xE0,0x00,0x00,0x00,0x00,0x00,   
 353          0x00,0x00,0xC1,0x03,0x9F,0x3F,0x7F,0x7F,0x7F,0xFC,0xF8,0xF0,0xE0,0xC0,0x80,0x80,   
 354          0x80,0x80,0x80,0x80,0x00,0x00,0x80,0x80,0x80,0xC0,0xE0,0xF0,0xF8,0xFC,0xFF,0xFF,   
 355          0xFF,0xFF,0xFF,0x3F,0x03,0x00,0x00,0x00,0x00,0x10,0x10,0x18,0x08,0x0D,0x07,0x07,   
 356          0x0F,0x1F,0x1F,0x3E,0x3E,0x7E,0x7E,0x7F,0xFF,0x7F,0x7F,0x7D,0x7C,0x7C,0x7D,0x7F,   
 357          0x7F,0xFF,0x7E,0x7E,0x7E,0x7E,0x3E,0x3F,0x1F,0x1F,0x0F,0x0F,0x09,0x10,0x10,0x20,   
 358          0x20,0x00,0x00,0x00,0x00,0x00,0x00,0x00,0x3C,0x52,0xF9,0x80,0x00,0x03,0x05,0x05,   
 359          0x03,0x01,0x00,0x40,0xE1,0xA3,0x57,0x3F,0x1F,0x0F,0x07,0x00,0x00,0x00,0x00,0x00,   
 360          0x00,0x00,0x00,0x00,0x00,0x00,0x00,0x00,0x00,0x00,0x00,0x00,0x00,0x00,0x00,0xFF,   
 361          0xFF,0x00,0x00,0x00,0x00,0x00,0x00,0x00,0x00,0x00,0x00,0x00,0x00,0x00,0x00,0x00,   
 362          0x00,0x00,0x00,0x00,0x00,0x03,0x7E,0x86,0x0E,0x1E,0x8E,0x06,0x02,0xC2,0x7F,0x00,   
 363          0x00,0x00,0x00,0x00,0x00,0x00,0x00,0x00,0x00,0x00,0x00,0x00,0x01,0x03,0x03,0x03,   
C51 COMPILER V9.60.7.0   PIC                                                               07/24/2025 15:29:06 PAGE 7   

 364          0x03,0x03,0x05,0x04,0x04,0x07,0x05,0x02,0x00,0x00,0xFD,0x00,0x00,0x00,0x00,0x00,   
 365          0xAC,0x03,0x00,0x00,0x3F,0x00,0x00,0x00,0x01,0x03,0x87,0xAF,0x0F,0xFF,0x0F,0x07,   
 366          0x1F,0x1F,0xBF,0x3F,0x3F,0x3F,0xDF,0x0F,0x0F,0x1F,0x1F,0xFF,0x0F,0x0F,0x07,0x01,   
 367          0x01,0x01,0x00,0x00,0x00,0x00,0x00,0x00,0x00,0x00,0x00,0x00,0x38,0x70,0xE0,0x80,   
 368          0x00,0x00,0x00,0x00,0x00,0x00,0x00,0x00,0xFF,0xF6,0xC6,0x3E,0x7E,0x7E,0x7E,0x32,   
 369          0x86,0xFF,0xFE,0xF0,0xF0,0xF0,0xF0,0x00,0x00,0x00,0x00,0x00,0x00,0x00,0x00,0x00,   
 370          0x00,0x00,0x00,0x00,0x00,0x00,0x00,0x00,0x00,0x00,0x00,0x03,0x7E,0x86,0x0E,0x1E,   
 371          0x8E,0x06,0x02,0xC2,0x7F,0x00,0x00,0x00,0x00,0x00,0x00,0x00,0x00,0x00,0x00,0x00,   
 372          0x00,0x00,0x00,0x00,0x00,0x00,0x00,0x00,0x00,0x00,0x00,0x00,0x00,0x00,0x00,0xFF,   
 373          0xFF,0x00,0x00,0x00,0x00,0x00,0x00,0x00,0x00,0x00,0x00,0x00,0x00,0x00,0x00,0x00,   
 374          0x00,0x00,0x00,0x00,0x00,0x00,0x60,0x53,0x4E,0x40,0x7F,0x80,0x80,0x9F,0xA0,0xC0,   
 375          0x00,0x00,0x00,0x00,0x00,0x00,0x00,0x00,0x00,0x00,0x00,0x00,0x00,0x00,0x00,0x00,   
 376          0x00,0x00,0x00,0x00,0x00,0x00,0x00,0x00,0x00,0x00,0x07,0x08,0x08,0x08,0x08,0x08,   
 377          0x0B,0x00,0x06,0x00,0x03,0x04,0x04,0x0C,0x04,0x0C,0x1D,0x05,0x00,0x57,0xE0,0xC0,   
 378          0xC0,0x54,0x7B,0x00,0x1C,0x24,0x27,0x40,0x20,0x40,0x40,0x63,0x24,0x18,0x00,0x00,   
 379          0x00,0x00,0x00,0x00,0x00,0x00,0x00,0x00,0x00,0x00,0x00,0x00,0x00,0x00,0x00,0x01,   
 380          0x03,0x06,0x06,0x06,0x06,0x06,0x06,0x03,0x01,0x03,0x3F,0x7F,0x7F,0x7E,0x7E,0x7F,   
 381          0x63,0x03,0x03,0x03,0x03,0x03,0x01,0x00,0x00,0x00,0x00,0x00,0x00,0x00,0x00,0x00,   
 382          0x00,0x00,0x00,0x00,0x00,0x00,0x00,0x00,0x00,0x00,0x00,0x00,0x60,0x53,0x4E,0x40,   
 383          0x7F,0x80,0x80,0x9F,0xA0,0xC0,0x00,0x00,0x00,0x00,0x00,0x00,0x00,0x00,0x00,0x00,   
 384          0x00,0x00,0x00,0x00,0x00,0x00,0x00,0x00,0x00,0x00,0x00,0x00,0x00,0x00,0x00,0xFF,   
 385          0xFF,0x80,0x80,0x80,0x80,0x80,0x80,0x80,0x80,0x80,0x80,0x80,0x80,0x80,0x80,0x80,   
 386          0x80,0x80,0x80,0x80,0x80,0x80,0x80,0x80,0x80,0x80,0x80,0x80,0x80,0x80,0x80,0x80,   
 387          0x80,0x80,0x80,0x80,0x80,0x80,0x80,0x80,0x80,0x80,0x80,0x80,0x80,0x80,0x80,0x80,   
 388          0x80,0x80,0x80,0x80,0x80,0x80,0x80,0x80,0x80,0x80,0x80,0x80,0x80,0x80,0x80,0x80,   
 389          0x80,0x80,0x80,0x80,0x80,0x80,0x80,0x80,0x80,0x80,0x80,0x80,0x80,0x80,0x80,0x80,   
 390          0x80,0x80,0x80,0x80,0x80,0x80,0x80,0x80,0x80,0x80,0x80,0x80,0x80,0x80,0x80,0x80,   
 391          0x80,0x80,0x80,0x80,0x80,0x80,0x80,0x80,0x80,0x80,0x80,0x80,0x80,0x80,0x80,0x80,   
 392          0x80,0x80,0x80,0x80,0x80,0x80,0x80,0x80,0x80,0x80,0x80,0x80,0x80,0x80,0x80,0x80,   
 393          0x80,0x80,0x80,0x80,0x80,0x80,0x80,0x80,0x80,0x80,0x80,0x80,0x80,0x80,0x80,0x80,   
 394          0x80,0x80,0x80,0x80,0x80,0x80,0x80,0x80,0x80,0x80,0x80,0x80,0x80,0x80,0x80,0x80,   
 395          0x80,0x80,0x80,0x80,0x80,0x80,0x80,0x80,0x80,0x80,0x80,0x80,0x80,0x80,0x80,0x80,   
 396          0x80,0x80,0x80,0x80,0x80,0x80,0x80,0x80,0x80,0x80,0x80,0x80,0x80,0x80,0x80,0xFF,   
 397          };
 398          unsigned char code character[]=
 399                  {0x3f,0x15,0x15,0x15,0x15,0x3f,0x00,0x00,               //??
 400                   0x00,0x00,0x48,0x54,0xfe,0x54,0x24,0x00,               //$
 401                   0x00,0x00,0x3e,0x41,0x79,0x49,0x32,0x00};               //G


MODULE INFORMATION:   STATIC OVERLAYABLE
   CODE SIZE        =   ----    ----
   CONSTANT SIZE    =   5304    ----
   XDATA SIZE       =   ----    ----
   PDATA SIZE       =   ----    ----
   DATA SIZE        =   ----    ----
   IDATA SIZE       =   ----    ----
   BIT SIZE         =   ----    ----
END OF MODULE INFORMATION.


C51 COMPILATION COMPLETE.  0 WARNING(S),  0 ERROR(S)
