C51 COMPILER V9.60.7.0   MAIN                                                              08/29/2025 17:38:19 PAGE 1   


C51 COMPILER V9.60.7.0, COMPILATION OF MODULE MAIN
OBJECT MODULE PLACED IN main.OBJ
COMPILER INVOKED BY: D:\KEIL_STM32\C51\BIN\C51.EXE main.c OPTIMIZE(8,SPEED) BROWSE INCDIR(.\SRC) DEBUG OBJECTEXTEND

line level    source

   1          #include "REG51.h"
   2          #include "oled.h"
   3          #include "bmp.h"
   4          
   5          int main(void)
   6          {
   7   1              u8 t=' ';
   8   1              OLED_Init();//初始化OLED
   9   1              while(1) 
  10   1              {
  11   2      
  12   2              OLED_ColorTurn(1);//0正常显示，1 反色显示
  13   2          OLED_DisplayTurn(0);//0正常显示 1 屏幕翻转显示      
  14   2                      
  15   2                      OLED_Clear();
  16   2      //              OLED_ShowChinese(18,0,0,16);// 
  17   2      //              OLED_ShowChinese(36,0,1,16);//
  18   2      //              OLED_ShowChinese(54,0,2,16);// 
  19   2      //              OLED_ShowChinese(72,0,3,16);//
  20   2      //              OLED_ShowChinese(90,0,4,16);//
  21   2                      OLED_ShowString(16,2,"Made in China",16);
  22   2                      OLED_ShowString(20,4,"2025/09/10",16);
  23   2                      OLED_ShowString(1,6,"ASCII:",16);  
  24   2                      OLED_ShowString(63,6,"CODE:",16);
  25   2                      OLED_ShowChar(48,6,t,16);
  26   2                      t++;
  27   2                      if(t>'~')t=' ';
  28   2                      OLED_ShowNum(103,6,t,3,16);
  29   2                      delay_ms(100);
  30   2                      OLED_Clear();
  31   2                      
  32   2              OLED_DrawBMP(2,0,128,64,BMP1);
  33   2              delay_ms(100);
  34   2              OLED_DrawBMP(2,0,128,64,BMP2);
  35   2      
  36   2      //      OLED_ShowChinese(18,1,0,16); 
  37   2      //      OLED_ShowChinese(36,1,1,16);
  38   2      //      OLED_ShowChinese(54,1,2,16);
  39   2      //      OLED_ShowChinese(72,1,3,16);
  40   2      //      OLED_ShowChinese(90,1,4,16);
  41   2      //      
  42   2      //      OLED_ShowChinese(18,3,5,16);
  43   2      //      OLED_ShowChinese(36,3,6,16);
  44   2      //      OLED_ShowChinese(54,3,7,16);
  45   2      //      OLED_ShowChinese(72,3,8,16);
  46   2      //      OLED_ShowChinese(90,3,9,16);
  47   2              OLED_ShowString(19,3,"1.3Inch_OLED",16);
  48   2              delay_ms(100);
  49   2              
  50   2              OLED_Fill_Row(0X55) ;
  51   2              delay_ms(100);
  52   2              
  53   2              OLED_Fill_Row(0XAA) ;
  54   2              delay_ms(100);
  55   2              
C51 COMPILER V9.60.7.0   MAIN                                                              08/29/2025 17:38:19 PAGE 2   

  56   2              OLED_Fill_Column(0xFF, 0x00); 
  57   2              delay_ms(100);
  58   2      
  59   2              OLED_Fill_Column(0x00, 0xFF); 
  60   2              delay_ms(100);
  61   2      
  62   2              OLED_Fill_Column(0x55, 0xAA); 
  63   2              delay_ms(100);
  64   2      
  65   2              OLED_Fill_Column(0xAA, 0x55); 
  66   2              delay_ms(100);
  67   2              OLED_Fill_Column(0x00, 0x00); 
  68   2              OLED_Clear();   
  69   2              OLED_ColorTurn(0);//0正常显示，1 反色显示
  70   2              
  71   2              OLED_DrawBMP(2,0,128,64,BMP1);
  72   2              delay_ms(100);
  73   2              OLED_DrawBMP(2,0,128,64,BMP2);
  74   2              
  75   2      //      OLED_ShowChinese(18,1,0,16); 
  76   2      //      OLED_ShowChinese(36,1,1,16);
  77   2      //      OLED_ShowChinese(54,1,2,16);
  78   2      //      OLED_ShowChinese(72,1,3,16);
  79   2      //      OLED_ShowChinese(90,1,4,16);
  80   2      //      
  81   2      //      OLED_ShowChinese(18,3,5,16);
  82   2      //      OLED_ShowChinese(36,3,6,16);
  83   2      //      OLED_ShowChinese(54,3,7,16);
  84   2      //      OLED_ShowChinese(72,3,8,16);
  85   2      //      OLED_ShowChinese(90,3,9,16);
  86   2              OLED_ShowString(19,3,"1.3Inch_OLED",16);
  87   2              delay_ms(100);  
  88   2              }         
  89   1              
  90   1      }
  91          
  92                  


MODULE INFORMATION:   STATIC OVERLAYABLE
   CODE SIZE        =    395    ----
   CONSTANT SIZE    =   2099    ----
   XDATA SIZE       =   ----    ----
   PDATA SIZE       =   ----    ----
   DATA SIZE        =   ----       1
   IDATA SIZE       =   ----    ----
   BIT SIZE         =   ----    ----
END OF MODULE INFORMATION.


C51 COMPILATION COMPLETE.  0 WARNING(S),  0 ERROR(S)
