../Core/Src/main.c:169:9:ReadDataFromPins	16	static
../Core/Src/main.c:198:6:Printdata	16	static
../Core/Src/main.c:256:6:BusyL	24	static
../Core/Src/main.c:286:6:BusyR	24	static
../Core/Src/main.c:313:6:Locatexy	16	static
../Core/Src/main.c:376:6:WriteCommandL	16	static
../Core/Src/main.c:396:6:WriteCommandR	16	static
../Core/Src/main.c:451:6:WriteData	16	static
../Core/Src/main.c:481:6:LcmClear	8	static
../Core/Src/main.c:490:6:LcmInit	8	static
../Core/Src/main.c:504:6:LcmPutDots	16	static
../Core/Src/main.c:657:5:main	8	static
../Core/Src/main.c:741:6:SystemClock_Config	64	static
../Core/Src/main.c:778:13:MX_USART1_UART_Init	8	static
../Core/Src/main.c:826:13:MX_USART2_UART_Init	8	static
../Core/Src/main.c:862:13:MX_GPIO_Init	48	static
../Core/Src/main.c:933:6:Error_Handler	8	static,ignoring_inline_asm
