C51 COMPILER V9.60.7.0   PIC                                                               06/21/2025 15:07:44 PAGE 1   


C51 COMPILER V9.60.7.0, COMPILATION OF MODULE PIC
OBJECT MODULE PLACED IN Pic.OBJ
COMPILER INVOKED BY: D:\KEIL_STM32\C51\BIN\C51.EXE Pic.c LARGE OPTIMIZE(8,SPEED) BROWSE DEBUG OBJECTEXTEND

line level    source

   1          #define uchar unsigned char
   2          #define uint unsigned int
   3          
   4          uchar code guang[32]= 
   5          {0x20,0x28,0x27,0xe4,0x3c,0xa4,0x26,0x24,0x20,0xfc,0x84,0x84,0x84,0xfe,0x04,0x00,
   6          0x04,0x02,0x01,0xfc,0x54,0x54,0x57,0x54,0x54,0x55,0x54,0xfe,0x04,0x01,0x00,0x00,};
   7          
   8          uchar code dong[32]= 
   9          {0x00,0x10,0x10,0x10,0x10,0x10,0xff,0x10,0x10,0x10,0x10,0x10,0xf8,0x10,0x00,0x00,
  10          0x00,0x80,0x80,0x80,0x60,0x18,0x07,0x00,0x20,0x40,0x80,0x40,0x3f,0x00,0x00,0x00,};
  11          
  12          uchar code ye[32]= 
  13          {/*-- ID:2,字符:"光",ASCII编码:B9E2,对应字:宽x高=16x16,画布:宽W=16 高H=16,共32字节*/
  14          0x40,0x40,0x42,0x44,0x58,0xc0,0x40,0x7f,0x40,0xc0,0x50,0x48,0x46,0x64,0x40,0x00,
  15          0x00,0x80,0x40,0x20,0x18,0x07,0x00,0x00,0x00,0x3f,0x40,0x40,0x40,0x40,0x70,0x00,};
  16          
  17          uchar code hui[32]= 
  18          {/*-- ID:3,字符:"电",ASCII编码:B5E7,对应字:宽x高=16x16,画布:宽W=16 高H=16,共32字节*/
  19          0x00,0xf8,0x48,0x48,0x48,0x48,0xff,0x48,0x48,0x48,0x48,0xfc,0x08,0x00,0x00,0x00,
  20          0x00,0x07,0x02,0x02,0x02,0x02,0x3f,0x42,0x42,0x42,0x42,0x47,0x40,0x70,0x00,0x00,};
  21          
  22          uchar code ke[32]= 
  23          {/*-- ID:4,字符:"股",ASCII编码:B9C9,对应字:宽x高=16x16,画布:宽W=16 高H=16,共32字节*/
  24          0x00,0x00,0xfe,0x22,0x22,0xff,0x42,0xa0,0x9e,0x82,0x82,0x82,0xbf,0xa2,0x20,0x00,
  25          0x80,0x40,0x3f,0x02,0x42,0xff,0x80,0x40,0x43,0x2c,0x18,0x28,0x46,0xc1,0x40,0x00,};
  26          
  27          uchar code ji[32]= 
  28          {/*-- ID:5,字符:"份",ASCII编码:B7DD,对应字:宽x高=16x16,画布:宽W=16 高H=16,共32字节*/
  29          0x80,0x40,0x20,0xf8,0x87,0x40,0xb0,0x8e,0x80,0x80,0x87,0x98,0x20,0x60,0x20,0x00,
  30          0x00,0x00,0x00,0xff,0x00,0x40,0x30,0x0f,0x40,0x80,0x40,0x3f,0x00,0x00,0x00,0x00,};
  31          
  32          uchar code you[32]= 
  33          {/*-- ID:6,字符:"有",ASCII编码:D3D0,对应字:宽x高=16x16,画布:宽W=16 高H=16,共32字节*/
  34          0x04,0x04,0x04,0x84,0xe4,0x3c,0x27,0x24,0x24,0x24,0x24,0xf4,0x24,0x06,0x04,0x00,
  35          0x04,0x02,0x01,0x00,0xff,0x09,0x09,0x09,0x09,0x49,0x89,0x7f,0x00,0x00,0x00,0x00,};
  36          
  37          uchar code xian[32]= 
  38          {
  39          /*-- ID:7,字符:"限",ASCII编码:CFDE,对应字:宽x高=16x16,画布:宽W=16 高H=16,共32字节*/
  40          0x00,0xfe,0x02,0x22,0xda,0x06,0x00,0xfe,0x92,0x92,0x92,0x92,0xff,0x02,0x00,0x00,
  41          0x00,0xff,0x08,0x10,0x08,0x07,0x00,0xff,0x42,0x24,0x08,0x14,0x22,0x61,0x20,0x00,};
  42          
  43          uchar code gong[32]= 
  44          {/*-- ID:8,字符:"公",ASCII编码:B9AB,对应字:宽x高=16x16,画布:宽W=16 高H=16,共32字节*/
  45          0x00,0x00,0x80,0x40,0x30,0x0c,0x00,0xc0,0x06,0x18,0x20,0x40,0x80,0x80,0x80,0x00,
  46          0x01,0x01,0x00,0x30,0x28,0x24,0x23,0x20,0x20,0x28,0x30,0x60,0x00,0x01,0x00,0x00,};
  47          
  48          uchar code si[32]= 
  49          {/*-- ID:9,字符:"司",ASCII编码:CBBE,对应字:宽x高=16x16,画布:宽W=16 高H=16,共32字节*/
  50          0x10,0x10,0x92,0x92,0x92,0x92,0x92,0x92,0xd2,0x9a,0x12,0x02,0xff,0x02,0x00,0x00,
  51          0x00,0x00,0x3f,0x10,0x10,0x10,0x10,0x10,0x3f,0x00,0x40,0x80,0x7f,0x00,0x00,0x00};
  52          
  53          
  54          
  55          
C51 COMPILER V9.60.7.0   PIC                                                               06/21/2025 15:07:44 PAGE 2   

  56          //数字
  57          
  58          uchar code one[16]= 
  59          {
  60          /*-- ID:4,字符:"1",ASCII编码:31,对应字:宽x高=8x16,画布:宽W=8 高H=16,共16字节*/
  61          0x00,0x00,0x08,0x08,0xfc,0x00,0x00,0x00,0x00,0x00,0x10,0x10,0x1f,0x10,0x10,0x00,
  62          };
  63          
  64          uchar code two[16]= 
  65          {
  66          /*-- ID:5,字符:"2",ASCII编码:32,对应字:宽x高=8x16,画布:宽W=8 高H=16,共16字节*/
  67          0x00,0x38,0x04,0x04,0x04,0x84,0x78,0x00,0x00,0x18,0x14,0x12,0x11,0x10,0x18,0x00,
  68          };
  69          
  70          uchar code three[16]= 
  71          {
  72          /*-- ID:4,字符:"3",ASCII编码:33,对应字:宽x高=8x16,画布:宽W=8 高H=16,共16字节*/
  73          0x00,0x18,0x04,0x84,0x84,0x44,0x38,0x00,0x00,0x0c,0x10,0x10,0x10,0x11,0x0e,0x00,
  74          };
  75          
  76          uchar code four[16]= 
  77          {
  78          /*-- ID:8,字符:"4",ASCII编码:34,对应字:宽x高=8x16,画布:宽W=8 高H=16,共16字节*/
  79          0x00,0x00,0xc0,0x20,0x18,0xfc,0x00,0x00,0x00,0x03,0x02,0x12,0x12,0x1f,0x12,0x12
  80          };
  81          
  82          
  83          uchar code five[16]= 
  84          {
  85          /*-- ID:0,字符:"5",ASCII编码:35,对应字:宽x高=8x16,画布:宽W=8 高H=16,共16字节*/
  86          0x00,0xfc,0x44,0x44,0x44,0x84,0x04,0x00,0x00,0x0c,0x10,0x10,0x10,0x08,0x07,0x00
  87          };
  88          
  89          uchar code six[16]= 
  90          {
  91          /*-- ID:2,字符:"6",ASCII编码:36,对应字:宽x高=8x16,画布:宽W=8 高H=16,共16字节*/
  92          0x00,0xf0,0x88,0x44,0x44,0x48,0x80,0x00,0x00,0x07,0x08,0x10,0x10,0x10,0x0f,0x00,
  93          };
  94          
  95          uchar code seven[16]= 
  96          {
  97          /*-- ID:0,字符:"7",ASCII编码:37,对应字:宽x高=8x16,画布:宽W=8 高H=16,共16字节*/
  98          0x00,0x0c,0x04,0x04,0xc4,0x34,0x0c,0x00,0x00,0x00,0x00,0x1f,0x00,0x00,0x00,0x00
  99          };
 100          
 101          uchar code eight[16]= 
 102          {
 103          /*-- ID:0,字符:"8",ASCII编码:38,对应字:宽x高=8x16,画布:宽W=8 高H=16,共16字节*/
 104          0x00,0x38,0x44,0x84,0x84,0x44,0x38,0x00,0x00,0x0e,0x11,0x10,0x10,0x11,0x0e,0x00
 105          };
 106          
 107          uchar code nine[16]= 
 108          {
 109          /*-- ID:10,字符:"9",ASCII编码:39,对应字:宽x高=8x16,画布:宽W=8 高H=16,共16字节*/
 110          0x00,0xf8,0x04,0x04,0x04,0x88,0xf0,0x00,0x00,0x00,0x09,0x11,0x11,0x08,0x07,0x00,
 111          };
 112          
 113          
 114          uchar code xing[16]= 
 115          {
 116          /*-- ID:6,字符:"*",ASCII编码:2A,对应字:宽x高=8x16,画布:宽W=8 高H=16,共16字节*/
 117          0x20,0x20,0xc0,0xf8,0xc0,0x20,0x20,0x00,0x01,0x01,0x00,0x07,0x00,0x01,0x01,0x00,
C51 COMPILER V9.60.7.0   PIC                                                               06/21/2025 15:07:44 PAGE 3   

 118          };
 119          
 120          
 121          uchar code JIA[16]= 
 122          {
 123          /*-- ID:0,字符:"+",ASCII编码:2B,对应字:宽x高=8x16,画布:宽W=8 高H=16,共16字节*/
 124          0x00,0x80,0x80,0x80,0xf0,0x80,0x80,0x80,0x00,0x00,0x00,0x00,0x07,0x00,0x00,0x00,
 125          };
 126          
 127          
 128          //字母
 129          
 130          uchar code aa[16]= 
 131          {
 132          /*-- ID:5,字符:"A",ASCII编码:41,对应字:宽x高=8x16,画布:宽W=8 高H=16,共16字节*/
 133          0x00,0x00,0xe0,0x1c,0x70,0x80,0x00,0x00,0x10,0x1e,0x11,0x01,0x01,0x13,0x1c,0x10,
 134          };
 135          uchar code a[16]= 
 136          {
 137          /*-- ID:0,字符:"a",ASCII编码:61,对应字:宽x高=8x16,画布:宽W=8 高H=16,共16字节*/
 138          0x00,0x80,0x40,0x40,0x40,0x80,0x00,0x00,0x00,0x0c,0x12,0x12,0x09,0x1f,0x10,0x00
 139          };
 140          
 141          
 142          uchar code b[16]=
 143          {
 144          /*-- ID:0,字符:"B",ASCII编码:42,对应字:宽x高=8x16,画布:宽W=8 高H=16,共16字节*/
 145          0x04,0xfc,0x44,0x44,0x44,0xb8,0x00,0x00,0x10,0x1f,0x10,0x10,0x10,0x08,0x07,0x00
 146          };
 147          
 148          uchar code C[16]= 
 149          {
 150          /*-- ID:1,字符:"C",ASCII编码:43,对应字:宽x高=8x16,画布:宽W=8 高H=16,共16字节*/
 151          0xe0,0x18,0x04,0x04,0x04,0x04,0x1c,0x00,0x03,0x0c,0x10,0x10,0x10,0x08,0x04,0x00,
 152          };
 153          
 154          uchar code D[16]= 
 155          {
 156          /*-- ID:33,字符:"D",ASCII编码:44,对应字:宽x高=8x16,画布:宽W=8 高H=16,共16字节*/
 157          0x04,0xfc,0x04,0x04,0x04,0x08,0xf0,0x00,0x10,0x1f,0x10,0x10,0x10,0x08,0x07,0x00,
 158          };
 159          
 160          uchar code E[16]= 
 161          {
 162          /*-- ID:16,字符:"E",ASCII编码:45,对应字:宽x高=8x16,画布:宽W=8 高H=16,共16字节*/
 163          0x04,0xfc,0x44,0x44,0xf4,0x04,0x08,0x00,0x10,0x1f,0x10,0x10,0x11,0x10,0x0c,0x00,
 164          };
 165          
 166          uchar code F[16]= 
 167          {
 168          /*-- ID:0,字符:"F",ASCII编码:46,对应字:宽x高=8x16,画布:宽W=8 高H=16,共16字节*/
 169          0x04,0xfc,0x44,0x44,0xf4,0x04,0x08,0x00,0x10,0x1f,0x10,0x00,0x01,0x00,0x00,0x00
 170          };
 171          
 172          
 173          uchar code G[16]= 
 174          {
 175          /*-- ID:23,字符:"G",ASCII编码:47,对应字:宽x高=8x16,画布:宽W=8 高H=16,共16字节*/
 176          0xe0,0x18,0x04,0x04,0x04,0x1c,0x00,0x00,0x03,0x0c,0x10,0x10,0x11,0x0f,0x01,0x00,
 177          };
 178          
 179          uchar code hh[16]= 
C51 COMPILER V9.60.7.0   PIC                                                               06/21/2025 15:07:44 PAGE 4   

 180          {
 181          /*-- ID:18,字符:"H",ASCII编码:48,对应字:宽x高=8x16,画布:宽W=8 高H=16,共16字节*/
 182          0x04,0xfc,0x84,0x80,0x80,0x84,0xfc,0x04,0x10,0x1f,0x10,0x00,0x00,0x10,0x1f,0x10,
 183          };
 184          
 185          uchar code h[16]= 
 186          {
 187          /*-- ID:0,字符:"h",ASCII编码:68,对应字:宽x高=8x16,画布:宽W=8 高H=16,共16字节*/
 188          0x08,0xf8,0x80,0x40,0x40,0x40,0x80,0x00,0x10,0x1f,0x10,0x00,0x00,0x10,0x1f,0x10,
 189          };
 190          
 191          uchar code I[16]= 
 192          {
 193          /*-- ID:14,字符:"I",ASCII编码:49,对应字:宽x高=8x16,画布:宽W=8 高H=16,共16字节*/
 194          0x00,0x04,0x04,0xfc,0x04,0x04,0x00,0x00,0x00,0x10,0x10,0x1f,0x10,0x10,0x00,0x00,
 195          };
 196          
 197          uchar code J[16]= 
 198          {
 199          /*-- ID:0,字符:"J",ASCII编码:4A,对应字:宽x高=8x16,画布:宽W=8 高H=16,共16字节*/
 200          0x00,0x00,0x04,0x04,0xfc,0x04,0x04,0x00,0x60,0x40,0x40,0x40,0x3f,0x00,0x00,0x00,
 201          };
 202          
 203          uchar code K[16]= 
 204          {
 205          /*-- ID:1,字符:"K",ASCII编码:4B,对应字:宽x高=8x16,画布:宽W=8 高H=16,共16字节*/
 206          0x04,0xfc,0x44,0xe0,0x14,0x0c,0x04,0x00,0x10,0x1f,0x10,0x00,0x13,0x1c,0x10,0x00
 207          };
 208          
 209          
 210          uchar code L[16]= 
 211          {
 212          /*-- ID:31,字符:"L",ASCII编码:4C,对应字:宽x高=8x16,画布:宽W=8 高H=16,共16字节*/
 213          0x04,0xfc,0x04,0x00,0x00,0x00,0x00,0x00,0x10,0x1f,0x10,0x10,0x10,0x10,0x18,0x00,
 214          };
 215          
 216          
 217          uchar code M[16]= 
 218          {
 219          /*-- ID:2,字符:"M",ASCII编码:4D,对应字:宽x高=8x16,画布:宽W=8 高H=16,共16字节*/
 220          0x04,0xfc,0xfc,0x00,0xfc,0xfc,0x04,0x00,0x10,0x1f,0x00,0x1f,0x00,0x1f,0x10,0x00,
 221          };
 222          
 223          
 224          uchar code N[16]= 
 225          {
 226          /*-- ID:3,字符:"N",ASCII编码:4E,对应字:宽x高=8x16,画布:宽W=8 高H=16,共16字节*/
 227          0x04,0xfc,0x18,0x60,0x80,0x04,0xfc,0x04,0x10,0x1f,0x10,0x00,0x03,0x0c,0x1f,0x00,
 228          };
 229          
 230          
 231          uchar code O[16]= 
 232          {
 233          /*-- ID:6,字符:"O",ASCII编码:4F,对应字:宽x高=8x16,画布:宽W=8 高H=16,共16字节*/
 234          0xf0,0x08,0x04,0x04,0x04,0x08,0xf0,0x00,0x07,0x08,0x10,0x10,0x10,0x08,0x07,0x00,
 235          };
 236          
 237          uchar code pp[16]= 
 238          {
 239          /*-- ID:0,字符:"P",ASCII编码:50,对应字:宽x高=8x16,画布:宽W=8 高H=16,共16字节*/
 240          0x04,0xfc,0x84,0x84,0x84,0x84,0x78,0x00,0x10,0x1f,0x10,0x00,0x00,0x00,0x00,0x00
 241          };
C51 COMPILER V9.60.7.0   PIC                                                               06/21/2025 15:07:44 PAGE 5   

 242          uchar code p[16]= 
 243          {
 244          /*-- ID:6,字符:"p",ASCII编码:70,对应字:宽x高=8x16,画布:宽W=8 高H=16,共16字节*/
 245          0x40,0xc0,0x80,0x40,0x40,0x80,0x00,0x00,0x40,0x7f,0x48,0x10,0x10,0x08,0x07,0x00,
 246          };
 247          uchar code Q[16]= 
 248          {
 249          /*-- ID:0,字符:"Q",ASCII编码:51,对应字:宽x高=8x16,画布:宽W=8 高H=16,共16字节*/
 250          0xf0,0x08,0x04,0x04,0x04,0x08,0xf0,0x00,0x07,0x08,0x14,0x14,0x18,0x28,0x27,0x00,
 251          };
 252          
 253          uchar code R[16]= 
 254          {
 255          /*-- ID:1,字符:"R",ASCII编码:52,对应字:宽x高=8x16,画布:宽W=8 高H=16,共16字节*/
 256          0x04,0xfc,0x44,0x44,0xc4,0x44,0x38,0x00,0x10,0x1f,0x10,0x00,0x01,0x06,0x18,0x10
 257          };
 258          
 259          uchar code S[16]= 
 260          {
 261          /*-- ID:0,字符:"S",ASCII编码:53,对应字:宽x高=8x16,画布:宽W=8 高H=16,共16字节*/
 262          0x00,0x38,0x44,0x84,0x84,0x04,0x1c,0x00,0x00,0x1c,0x10,0x10,0x10,0x11,0x0e,0x00
 263          };
 264          
 265          uchar code tt[16]= 
 266          {
 267          /*-- ID:15,字符:"T",ASCII编码:54,对应字:宽x高=8x16,画布:宽W=8 高H=16,共16字节*/
 268          0x0c,0x04,0x04,0xfc,0x04,0x04,0x0c,0x00,0x00,0x00,0x10,0x1f,0x10,0x00,0x00,0x00,
 269          };
 270          uchar code t[16]= 
 271          {
 272          /*-- ID:3,字符:"t",ASCII编码:74,对应字:宽x高=8x16,画布:宽W=8 高H=16,共16字节*/
 273          0x00,0x40,0x40,0xf0,0x40,0x40,0x00,0x00,0x00,0x00,0x00,0x0f,0x10,0x10,0x08,0x00,
 274          };
 275          
 276          uchar code U[16]= 
 277          {
 278          /*-- ID:13,字符:"U",ASCII编码:55,对应字:宽x高=8x16,画布:宽W=8 高H=16,共16字节*/
 279          0x04,0xfc,0x04,0x00,0x00,0x04,0xfc,0x04,0x00,0x0f,0x10,0x10,0x10,0x10,0x0f,0x00,
 280          };
 281          
 282          uchar code V[16]= 
 283          {
 284          /*-- ID:0,字符:"V",ASCII编码:56,对应字:宽x高=8x16,画布:宽W=8 高H=16,共16字节*/
 285          0x04,0x3c,0xc4,0x00,0x00,0xe4,0x1c,0x04,0x00,0x00,0x03,0x1c,0x07,0x00,0x00,0x00
 286          };
 287          
 288          
 289          uchar code W[16]= 
 290          {
 291          /*-- ID:0,字符:"W",ASCII编码:57,对应字:宽x高=8x16,画布:宽W=8 高H=16,共16字节*/
 292          0x04,0xfc,0x00,0xfc,0x00,0xfc,0x04,0x00,0x00,0x01,0x1f,0x00,0x1f,0x01,0x00,0x00,
 293          };
 294          
 295          
 296          uchar code X[16]= 
 297          {
 298          /*-- ID:0,字符:"X",ASCII编码:58,对应字:宽x高=8x16,画布:宽W=8 高H=16,共16字节*/
 299          0x04,0x0c,0x34,0xc0,0xc0,0x34,0x0c,0x04,0x10,0x18,0x16,0x01,0x01,0x16,0x18,0x10,
 300          };
 301          
 302          uchar code Y[16]= 
 303          {
C51 COMPILER V9.60.7.0   PIC                                                               06/21/2025 15:07:44 PAGE 6   

 304          /*-- ID:10,字符:"Y",ASCII编码:59,对应字:宽x高=8x16,画布:宽W=8 高H=16,共16字节*/
 305          0x04,0x1c,0x64,0x80,0x64,0x1c,0x04,0x00,0x00,0x00,0x10,0x1f,0x10,0x00,0x00,0x00,
 306          };
 307          
 308          uchar code Z[16]= 
 309          {
 310          /*-- ID:1,字符:"Z",ASCII编码:5A,对应字:宽x高=8x16,画布:宽W=8 高H=16,共16字节*/
 311          0x08,0x04,0x04,0x84,0x64,0x1c,0x04,0x00,0x10,0x1c,0x13,0x10,0x10,0x10,0x0c,0x00
 312          };
 313          
 314          
 315          
 316          
 317          uchar code KG[16]= 
 318          {
 319          /*-- ID:30,字符:" ",ASCII编码:20,对应字:宽x高=8x16,画布:宽W=8 高H=16,共16字节*/
 320          0x00,0x00,0x00,0x00,0x00,0x00,0x00,0x00,0x00,0x00,0x00,0x00,0x00,0x00,0x00,0x00,
 321          };
 322          
 323          uchar code DH[16]= 
 324          {
 325          /*-- ID:29,字符:",",ASCII编码:2C,对应字:宽x高=8x16,画布:宽W=8 高H=16,共16字节*/
 326          0x00,0x00,0x00,0x00,0x00,0x00,0x00,0x00,0x00,0x48,0x38,0x00,0x00,0x00,0x00,0x00,
 327          };
 328          
 329          uchar code DIAN[16]= 
 330          {
 331          /*-- ID:34,字符:".",ASCII编码:2E,对应字:宽x高=8x16,画布:宽W=8 高H=16,共16字节*/
 332          0x00,0x00,0x00,0x00,0x00,0x00,0x00,0x00,0x00,0x18,0x18,0x00,0x00,0x00,0x00,0x00
 333          };
 334          
 335          unsigned char code num[][16]=
 336          {
 337          {0x00,0x07,0x08,0x10,0x10,0x08,0x07,0x00,
 338          0x00,0xF0,0x08,0x04,0x04,0x08,0xF0,0x00},/*"0",0*/
 339          
 340          {0x00,0x08,0x08,0x1F,0x00,0x00,0x00,0x00,
 341          0x00,0x04,0x04,0xFC,0x04,0x04,0x00,0x00},/*"1",1*/
 342          
 343          {0x00,0x0E,0x10,0x10,0x10,0x11,0x0E,0x00,
 344          0x00,0x0C,0x14,0x24,0x44,0x84,0x0C,0x00},/*"2",2*/
 345          
 346          {0x00,0x0C,0x10,0x11,0x11,0x12,0x0C,0x00,
 347          0x00,0x18,0x04,0x04,0x04,0x88,0x70,0x00},/*"3",3*/
 348          
 349          {0x00,0x00,0x03,0x04,0x08,0x1F,0x00,0x00,
 350          0x00,0xE0,0x20,0x24,0x24,0xFC,0x24,0x00},/*"4",4*/
 351          
 352          {0x00,0x1F,0x10,0x11,0x11,0x10,0x10,0x00,
 353          0x00,0x98,0x84,0x04,0x04,0x88,0x70,0x00},/*"5",5*/
 354          
 355          {0x00,0x07,0x08,0x11,0x11,0x18,0x00,0x00,
 356          0x00,0xF0,0x88,0x04,0x04,0x88,0x70,0x00},/*"6",6*/
 357          
 358          {0x00,0x1C,0x10,0x10,0x13,0x1C,0x10,0x00,
 359          0x00,0x00,0x00,0xFC,0x00,0x00,0x00,0x00},/*"7",7*/
 360          
 361          {0x00,0x0E,0x11,0x10,0x10,0x11,0x0E,0x00,
 362          0x00,0x38,0x44,0x84,0x84,0x44,0x38,0x00},/*"8",8*/
 363          
 364          {0x00,0x07,0x08,0x10,0x10,0x08,0x07,0x00,
 365          0x00,0x00,0x8C,0x44,0x44,0x88,0xF0,0x00},/*"9",9*/
C51 COMPILER V9.60.7.0   PIC                                                               06/21/2025 15:07:44 PAGE 7   

 366          };
 367          
 368          unsigned char code PIC_99[]=
 369          {
 370          /*-[数据排列]:从左到右从上到下 [取模方式]:纵向8点下高位 [正负反色]:否
 371          图像尺寸:128x64 画布尺寸:128x64，共1024个字节-*/
 372          0xff,0x01,0x01,0x01,0x01,0x01,0x01,0x01,0x01,0x01,0x01,0x01,0x01,0x01,0x01,0x01,
 373          0x01,0x01,0x01,0x01,0x01,0x01,0x01,0x01,0x01,0x01,0x01,0x01,0x01,0x01,0x01,0x01,
 374          0x01,0x01,0x01,0x01,0x01,0x01,0x01,0x01,0x01,0x01,0x01,0x01,0x01,0x01,0x01,0x01,
 375          0x01,0x01,0x01,0x01,0x01,0x01,0x01,0x01,0x01,0x01,0x01,0x01,0x01,0x01,0x01,0x01,
 376          0x01,0x01,0x01,0x01,0x01,0x01,0x01,0x01,0x01,0x01,0x01,0x01,0x01,0x01,0x01,0x01,
 377          0x01,0x01,0x01,0x01,0x01,0x01,0x01,0x01,0x01,0x01,0x01,0x01,0x01,0x01,0x01,0x01,
 378          0x01,0x01,0x01,0x01,0x01,0x01,0x01,0x01,0x01,0x01,0x01,0x01,0x01,0x01,0x01,0x01,
 379          0x01,0x01,0x01,0x01,0x01,0x01,0x01,0x01,0x01,0x01,0x01,0x01,0x01,0x01,0x01,0xff,
 380          0xff,0x00,0x00,0x00,0x00,0x00,0x00,0x00,0x00,0x00,0x00,0x00,0x00,0x00,0x00,0x00,
 381          0x00,0x00,0x00,0x00,0x00,0x00,0x00,0x00,0x00,0x00,0x00,0x00,0x00,0x00,0x00,0x00,
 382          0x00,0x00,0x00,0x00,0x00,0x00,0x00,0x00,0x00,0x00,0x00,0x00,0x00,0x00,0x00,0x00,
 383          0x00,0x00,0x00,0x00,0x00,0x00,0x00,0x00,0x00,0x00,0x00,0x00,0x00,0x00,0x00,0x00,
 384          0x00,0x00,0x00,0x00,0x00,0x00,0x00,0x00,0x00,0x00,0x00,0x00,0x00,0x00,0x00,0x00,
 385          0x00,0x00,0x00,0x00,0x00,0x00,0x00,0x00,0x00,0x00,0x00,0x00,0x00,0x00,0x00,0x00,
 386          0x00,0x00,0x00,0x00,0x00,0x00,0x00,0x00,0x00,0x00,0x00,0x00,0x00,0x00,0x00,0x00,
 387          0x00,0x00,0x00,0x00,0x00,0x00,0x00,0x00,0x00,0x00,0x00,0x00,0x00,0x00,0x00,0xff,
 388          0xff,0x00,0x00,0x00,0x00,0x00,0x00,0x00,0x00,0x00,0x00,0x00,0x00,0x00,0x00,0x00,
 389          0x00,0x00,0x00,0x00,0x00,0x00,0x00,0x00,0x00,0x00,0x00,0x00,0x00,0x00,0x00,0x00,
 390          0x00,0x00,0x00,0x00,0x00,0x00,0x00,0x00,0x00,0x00,0x00,0x00,0x00,0x00,0x00,0x00,
 391          0x00,0x00,0x00,0x00,0x00,0x00,0x00,0x00,0x00,0x00,0x00,0x00,0x00,0x00,0x00,0x00,
 392          0x00,0x00,0x00,0x00,0x00,0x00,0x00,0x00,0x00,0x00,0x00,0x00,0x00,0x00,0x00,0x00,
 393          0x00,0x00,0x00,0x00,0x00,0x00,0x00,0x00,0x00,0x00,0x00,0x00,0x00,0x00,0x00,0x00,
 394          0x00,0x00,0x00,0x00,0x00,0x00,0x00,0x00,0x00,0x00,0x00,0x00,0x00,0x00,0x00,0x00,
 395          0x00,0x00,0x00,0x00,0x00,0x00,0x00,0x00,0x00,0x00,0x00,0x00,0x00,0x00,0x00,0xff,
 396          0xff,0x00,0x00,0x00,0x00,0x00,0x00,0x00,0x00,0x00,0x00,0x00,0x00,0x00,0x00,0x00,
 397          0x00,0x00,0x00,0x00,0x00,0x00,0x00,0x00,0x00,0x00,0x00,0x00,0x00,0x00,0x00,0x00,
 398          0x00,0x00,0x00,0x00,0x00,0x00,0x00,0x00,0x00,0x00,0x00,0x00,0x00,0x00,0x00,0x00,
 399          0x00,0x00,0x00,0x00,0x00,0x00,0x00,0x00,0x00,0x00,0x00,0x00,0x00,0x00,0x00,0x00,
 400          0x00,0x00,0x00,0x00,0x00,0x00,0x00,0x00,0x00,0x00,0x00,0x00,0x00,0x00,0x00,0x00,
 401          0x00,0x00,0x00,0x00,0x00,0x00,0x00,0x00,0x00,0x00,0x00,0x00,0x00,0x00,0x00,0x00,
 402          0x00,0x00,0x00,0x00,0x00,0x00,0x00,0x00,0x00,0x00,0x00,0x00,0x00,0x00,0x00,0x00,
 403          0x00,0x00,0x00,0x00,0x00,0x00,0x00,0x00,0x00,0x00,0x00,0x00,0x00,0x00,0x00,0xff,
 404          0xff,0x00,0x00,0x00,0x00,0x00,0x00,0x00,0x00,0x00,0x00,0x00,0x00,0x00,0x00,0x00,
 405          0x00,0x00,0x00,0x00,0x00,0x00,0x00,0x00,0x00,0x00,0x00,0x00,0x00,0x00,0x00,0x00,
 406          0x00,0x00,0x00,0x00,0x00,0x00,0x00,0x00,0x00,0x00,0x00,0x00,0x00,0x00,0x00,0x00,
 407          0x00,0x00,0x00,0x00,0x00,0x00,0x00,0x00,0x00,0x00,0x00,0x00,0x00,0x00,0x00,0x00,
 408          0x00,0x00,0x00,0x00,0x00,0x00,0x00,0x00,0x00,0x00,0x00,0x00,0x00,0x00,0x00,0x00,
 409          0x00,0x00,0x00,0x00,0x00,0x00,0x00,0x00,0x00,0x00,0x00,0x00,0x00,0x00,0x00,0x00,
 410          0x00,0x00,0x00,0x00,0x00,0x00,0x00,0x00,0x00,0x00,0x00,0x00,0x00,0x00,0x00,0x00,
 411          0x00,0x00,0x00,0x00,0x00,0x00,0x00,0x00,0x00,0x00,0x00,0x00,0x00,0x00,0x00,0xff,
 412          0xff,0x00,0x00,0x00,0x00,0x00,0x00,0x00,0x00,0x00,0x00,0x00,0x00,0x00,0x00,0x00,
 413          0x00,0x00,0x00,0x00,0x00,0x00,0x00,0x00,0x00,0x00,0x00,0x00,0x00,0x00,0x00,0x00,
 414          0x00,0x00,0x00,0x00,0x00,0x00,0x00,0x00,0x00,0x00,0x00,0x00,0x00,0x00,0x00,0x00,
 415          0x00,0x00,0x00,0x00,0x00,0x00,0x00,0x00,0x00,0x00,0x00,0x00,0x00,0x00,0x00,0x00,
 416          0x00,0x00,0x00,0x00,0x00,0x00,0x00,0x00,0x00,0x00,0x00,0x00,0x00,0x00,0x00,0x00,
 417          0x00,0x00,0x00,0x00,0x00,0x00,0x00,0x00,0x00,0x00,0x00,0x00,0x00,0x00,0x00,0x00,
 418          0x00,0x00,0x00,0x00,0x00,0x00,0x00,0x00,0x00,0x00,0x00,0x00,0x00,0x00,0x00,0x00,
 419          0x00,0x00,0x00,0x00,0x00,0x00,0x00,0x00,0x00,0x00,0x00,0x00,0x00,0x00,0x00,0xff,
 420          0xff,0x00,0x00,0x00,0x00,0x00,0x00,0x00,0x00,0x00,0x00,0x00,0x00,0x00,0x00,0x00,
 421          0x00,0x00,0x00,0x00,0x00,0x00,0x00,0x00,0x00,0x00,0x00,0x00,0x00,0x00,0x00,0x00,
 422          0x00,0x00,0x00,0x00,0x00,0x00,0x00,0x00,0x00,0x00,0x00,0x00,0x00,0x00,0x00,0x00,
 423          0x00,0x00,0x00,0x00,0x00,0x00,0x00,0x00,0x00,0x00,0x00,0x00,0x00,0x00,0x00,0x00,
 424          0x00,0x00,0x00,0x00,0x00,0x00,0x00,0x00,0x00,0x00,0x00,0x00,0x00,0x00,0x00,0x00,
 425          0x00,0x00,0x00,0x00,0x00,0x00,0x00,0x00,0x00,0x00,0x00,0x00,0x00,0x00,0x00,0x00,
 426          0x00,0x00,0x00,0x00,0x00,0x00,0x00,0x00,0x00,0x00,0x00,0x00,0x00,0x00,0x00,0x00,
 427          0x00,0x00,0x00,0x00,0x00,0x00,0x00,0x00,0x00,0x00,0x00,0x00,0x00,0x00,0x00,0xff,
C51 COMPILER V9.60.7.0   PIC                                                               06/21/2025 15:07:44 PAGE 8   

 428          0xff,0x80,0x80,0x80,0x80,0x80,0x80,0x80,0x80,0x80,0x80,0x80,0x80,0x80,0x80,0x80,
 429          0x80,0x80,0x80,0x80,0x80,0x80,0x80,0x80,0x80,0x80,0x80,0x80,0x80,0x80,0x80,0x80,
 430          0x80,0x80,0x80,0x80,0x80,0x80,0x80,0x80,0x80,0x80,0x80,0x80,0x80,0x80,0x80,0x80,
 431          0x80,0x80,0x80,0x80,0x80,0x80,0x80,0x80,0x80,0x80,0x80,0x80,0x80,0x80,0x80,0x80,
 432          0x80,0x80,0x80,0x80,0x80,0x80,0x80,0x80,0x80,0x80,0x80,0x80,0x80,0x80,0x80,0x80,
 433          0x80,0x80,0x80,0x80,0x80,0x80,0x80,0x80,0x80,0x80,0x80,0x80,0x80,0x80,0x80,0x80,
 434          0x80,0x80,0x80,0x80,0x80,0x80,0x80,0x80,0x80,0x80,0x80,0x80,0x80,0x80,0x80,0x80,
 435          0x80,0x80,0x80,0x80,0x80,0x80,0x80,0x80,0x80,0x80,0x80,0x80,0x80,0x80,0x80,0xff
 436          
 437          };
 438          
 439          unsigned char code PIC_5[]=
 440          {
 441          0x00,0x03,0x05,0x09,0x11,0xFF,0x11,0x89,0x05,0xC3,0x00,0xE0,0x00,0xF0,0x00,0xF8,
 442                  0x00,0x00,0x00,0x00,0x00,0x00,0x00,0x44,0x28,0xFF,0x11,0xAA,0x44,0x00,0x00,0x00,
 443                  0x00,0x00,0x00,0x00,0x00,0x00,0x00,0x00,0x00,0x00,0x00,0x00,0x00,0x00,0x00,0x00,
 444                  0x00,0x00,0x00,0x00,0x00,0x00,0x00,0x00,0x00,0x00,0x00,0x00,0x00,0x00,0x00,0x00,
 445                  0x00,0x00,0x00,0x00,0x00,0x00,0x00,0x00,0x00,0x00,0x00,0x00,0x00,0x00,0x00,0x00,
 446                  0x00,0x00,0x00,0x00,0x00,0x00,0x00,0x00,0x00,0x00,0x83,0x01,0x38,0x44,0x82,0x92,
 447                  0x92,0x74,0x01,0x83,0x00,0x00,0x00,0x00,0x00,0x00,0x00,0x7C,0x44,0xFF,0x01,0x7D,
 448                  0x7D,0x7D,0x01,0x7D,0x7D,0x7D,0x7D,0x01,0x7D,0x7D,0x7D,0x7D,0x7D,0x01,0xFF,0x00,
 449                  0x00,0x00,0x00,0x00,0x00,0x01,0x00,0x01,0x00,0x01,0x00,0x01,0x00,0x01,0x00,0x01,
 450                  0x00,0x00,0x00,0x00,0x00,0x00,0x00,0x00,0x00,0x01,0x01,0x00,0x00,0x00,0x00,0x00,
 451                  0x00,0x00,0x00,0x00,0x00,0x00,0x00,0x00,0x00,0x00,0x00,0x00,0x00,0x00,0x00,0x00,
 452                  0x00,0x00,0x00,0x00,0x00,0x00,0x00,0x00,0x00,0x00,0x00,0x00,0x00,0x00,0x00,0x00,
 453                  0x00,0x00,0x00,0x00,0x00,0x00,0x00,0x00,0x00,0x00,0x00,0x00,0x00,0x00,0x00,0x00,
 454                  0x00,0x00,0x00,0x00,0x00,0x00,0x00,0x00,0x00,0x00,0x01,0x01,0x00,0x00,0x00,0x00,
 455                  0x00,0x00,0x01,0x01,0x00,0x00,0x00,0x00,0x00,0x00,0x00,0x00,0x00,0x01,0x01,0x01,
 456                  0x01,0x01,0x01,0x01,0x01,0x01,0x01,0x01,0x01,0x01,0x01,0x01,0x01,0x01,0x01,0x00,
 457                  0x00,0x00,0x00,0x00,0x00,0x00,0x00,0x00,0x00,0x00,0x00,0x00,0x00,0x00,0x00,0x00,
 458                  0x00,0x00,0x00,0x00,0x00,0x00,0x00,0x00,0x00,0x00,0x00,0x00,0x3F,0x3F,0x03,0x03,
 459                  0xF3,0x13,0x11,0x11,0x11,0x11,0x11,0x11,0x01,0xF1,0x11,0x61,0x81,0x01,0x01,0x01,
 460                  0x81,0x61,0x11,0xF1,0x01,0x01,0x01,0x01,0x41,0x41,0xF1,0x01,0x01,0x01,0x01,0x01,
 461                  0xC1,0x21,0x11,0x11,0x11,0x11,0x21,0xC1,0x01,0x01,0x01,0x01,0x41,0x41,0xF1,0x01,
 462                  0x01,0x01,0x01,0x01,0x01,0x01,0x01,0x01,0x01,0x11,0x11,0x11,0x11,0x11,0xD3,0x33,
 463                  0x03,0x03,0x3F,0x3F,0x00,0x00,0x00,0x00,0x00,0x00,0x00,0x00,0x00,0x00,0x00,0x00,
 464                  0x00,0x00,0x00,0x00,0x00,0x00,0x00,0x00,0x00,0x00,0x00,0x00,0x00,0x00,0x00,0x00,
 465                  0x00,0x00,0x00,0x00,0x00,0x00,0x00,0x00,0x00,0x00,0x00,0x00,0x00,0x00,0x00,0x00,
 466                  0x00,0x00,0x00,0x00,0x00,0x00,0x00,0x00,0x00,0x00,0x00,0x00,0xE0,0xE0,0x00,0x00,
 467                  0x7F,0x01,0x01,0x01,0x01,0x01,0x01,0x00,0x00,0x7F,0x00,0x00,0x01,0x06,0x18,0x06,
 468                  0x01,0x00,0x00,0x7F,0x00,0x00,0x00,0x00,0x40,0x40,0x7F,0x40,0x40,0x00,0x00,0x00,
 469                  0x1F,0x20,0x40,0x40,0x40,0x40,0x20,0x1F,0x00,0x00,0x00,0x00,0x40,0x40,0x7F,0x40,
 470                  0x40,0x00,0x00,0x00,0x00,0x60,0x00,0x00,0x00,0x00,0x40,0x30,0x0C,0x03,0x00,0x00,
 471                  0x00,0x00,0xE0,0xE0,0x00,0x00,0x00,0x00,0x00,0x00,0x00,0x00,0x00,0x00,0x00,0x00,
 472                  0x00,0x00,0x00,0x00,0x00,0x00,0x00,0x00,0x00,0x00,0x00,0x00,0x00,0x00,0x00,0x00,
 473                  0x00,0x00,0x00,0x00,0x00,0x00,0x00,0x00,0x00,0x00,0x00,0x00,0x00,0x00,0x00,0x00,
 474                  0x00,0x00,0x00,0x00,0x00,0x00,0x00,0x00,0x00,0x00,0x00,0x00,0x07,0x07,0x06,0x06,
 475                  0x06,0x06,0x04,0x04,0x04,0x84,0x44,0x44,0x44,0x84,0x04,0x04,0x84,0x44,0x44,0x44,
 476                  0x84,0x04,0x04,0x04,0x84,0xC4,0x04,0x04,0x04,0x04,0x84,0x44,0x44,0x44,0x84,0x04,
 477                  0x04,0x04,0x04,0x04,0x84,0x44,0x44,0x44,0x84,0x04,0x04,0x04,0x04,0x04,0x84,0x44,
 478                  0x44,0x44,0x84,0x04,0x04,0x84,0x44,0x44,0x44,0x84,0x04,0x04,0x04,0x04,0x06,0x06,
 479                  0x06,0x06,0x07,0x07,0x00,0x00,0x00,0x00,0x00,0x00,0x00,0x00,0x00,0x00,0x00,0x00,
 480                  0x00,0x00,0x00,0x00,0x00,0x00,0x00,0x00,0x00,0x00,0x00,0x00,0x00,0x00,0x00,0x00,
 481                  0x00,0x00,0x00,0x00,0x00,0x00,0x00,0x00,0x00,0x00,0x00,0x00,0x00,0x00,0x00,0x00,
 482                  0x00,0x00,0x00,0x00,0x00,0x00,0x00,0x00,0x00,0x00,0x00,0x00,0x00,0x00,0x00,0x00,
 483                  0x00,0x00,0x00,0x00,0x00,0x10,0x18,0x14,0x12,0x11,0x00,0x00,0x0F,0x10,0x10,0x10,
 484                  0x0F,0x00,0x00,0x00,0x10,0x1F,0x10,0x00,0x00,0x00,0x08,0x10,0x12,0x12,0x0D,0x00,
 485                  0x00,0x18,0x00,0x00,0x0D,0x12,0x12,0x12,0x0D,0x00,0x00,0x18,0x00,0x00,0x10,0x18,
 486                  0x14,0x12,0x11,0x00,0x00,0x10,0x18,0x14,0x12,0x11,0x00,0x00,0x00,0x00,0x00,0x00,
 487                  0x00,0x00,0x00,0x00,0x00,0x00,0x00,0x00,0x00,0x00,0x00,0x00,0x00,0x00,0x00,0x00,
 488                  0x00,0x00,0x00,0x00,0x00,0x00,0x00,0x00,0x00,0x00,0x00,0x00,0x00,0x00,0x00,0x00,
 489                  0x00,0x00,0x00,0x00,0x00,0x00,0x00,0x00,0x00,0x00,0x00,0x00,0x00,0x00,0x00,0x00,
C51 COMPILER V9.60.7.0   PIC                                                               06/21/2025 15:07:44 PAGE 9   

 490                  0x00,0x00,0x00,0x00,0x00,0x00,0x00,0x00,0x00,0x00,0x00,0x00,0x00,0x00,0x00,0x00,
 491                  0x00,0x00,0x00,0x00,0x00,0x00,0x00,0x00,0x00,0x00,0x00,0x00,0x00,0x00,0x00,0x00,
 492                  0x00,0x00,0x00,0x00,0x00,0x00,0x00,0x00,0x00,0x00,0x00,0x00,0x80,0x80,0x80,0x80,
 493                  0x80,0x80,0x80,0x80,0x00,0x00,0x00,0x00,0x00,0x00,0x00,0x00,0x00,0x00,0x00,0x00,
 494                  0x00,0x00,0x00,0x00,0x00,0x00,0x00,0x00,0x00,0x00,0x00,0x00,0x00,0x00,0x00,0x00,
 495                  0x00,0x00,0x00,0x00,0x00,0x00,0x00,0x00,0x00,0x00,0x00,0x00,0x00,0x00,0x00,0x00,
 496                  0x00,0x00,0x00,0x00,0x00,0x00,0x00,0x00,0x00,0x00,0x00,0x00,0x00,0x00,0x00,0x00,
 497                  0x00,0x7F,0x03,0x0C,0x30,0x0C,0x03,0x7F,0x00,0x00,0x38,0x54,0x54,0x58,0x00,0x00,
 498                  0x7C,0x04,0x04,0x78,0x00,0x00,0x3C,0x40,0x40,0x7C,0x00,0x00,0x00,0x00,0x00,0x00,
 499                  0x00,0x00,0x00,0x00,0x00,0x00,0x00,0x00,0x00,0x00,0x00,0x00,0x00,0x00,0x00,0x00,
 500                  0x00,0x00,0x00,0x00,0x00,0x00,0x00,0x00,0x00,0x00,0x00,0x00,0xFF,0xAA,0xAA,0xAA,
 501                  0x28,0x08,0x00,0xFF,0x00,0x00,0x00,0x00,0x00,0x00,0x00,0x00,0x00,0x00,0x00,0x00,
 502                  0x00,0x00,0x00,0x00,0x00,0x00,0x00,0x00,0x00,0x00,0x00,0x00,0x00,0x00,0x00,0x00,
 503                  0x00,0x00,0x00,0x00,0x00,0x00,0x00,0x00,0x00,0x7F,0x03,0x0C,0x30,0x0C,0x03,0x7F,
 504                  0x00,0x00,0x26,0x49,0x49,0x49,0x32,0x00,0x00,0x7F,0x02,0x04,0x08,0x10,0x7F,0x00,/************************
             -********/
 505          
 506          };
 507          
 508          
 509          //0~9,ASCII码数组
 510          unsigned char code ASC[10*16]=
 511          {
 512          0x00,0xE0,0x10,0x08,0x08,0x10,0xE0,0x00,0x00,0x07,0x08,0x10,0x10,0x08,0x07,0x00,/*"016"*/
 513          0x00,0x10,0x10,0xF8,0x00,0x00,0x00,0x00,0x00,0x10,0x10,0x1F,0x10,0x10,0x00,0x00,/*"117"*/
 514          0x00,0x30,0x08,0x08,0x08,0x88,0x70,0x00,0x00,0x18,0x14,0x12,0x11,0x10,0x18,0x00,/*"218"*/
 515          0x00,0x30,0x08,0x88,0x88,0x48,0x30,0x00,0x00,0x0C,0x10,0x10,0x10,0x11,0x0E,0x00,/*"319"*/
 516          0x00,0x80,0x40,0x20,0xF8,0x00,0x00,0x00,0x00,0x03,0x02,0x12,0x1F,0x12,0x12,0x00,/*"420"*/
 517          0x00,0xF8,0x88,0x48,0x48,0x48,0x88,0x00,0x00,0x0C,0x10,0x10,0x10,0x10,0x0F,0x00,/*"521"*/
 518          0x00,0xE0,0x10,0x88,0x88,0x98,0x00,0x00,0x00,0x0F,0x11,0x10,0x10,0x10,0x0F,0x00,/*"622"*/
 519          0x00,0x38,0x08,0x08,0xC8,0x38,0x08,0x00,0x00,0x00,0x00,0x1F,0x00,0x00,0x00,0x00,/*"723"*/
 520          0x00,0x70,0x88,0x88,0x88,0x88,0x70,0x00,0x00,0x0E,0x11,0x10,0x10,0x11,0x0E,0x00,/*"824"*/
 521          0x00,0xF0,0x08,0x08,0x08,0x90,0xE0,0x00,0x00,0x00,0x19,0x11,0x11,0x08,0x07,0x00,/*"925"*/
 522          };
 523          
 524          
 525          
 526          
 527          unsigned char code disp_vop[][16]=
 528          {
 529          {0x10,0x1E,0x11,0x00,0x00,0x13,0x1C,0x10,
 530          0x00,0x00,0xE0,0x1C,0x70,0x80,0x00,0x00},/*"V",0*/
 531          
 532          {0x07,0x08,0x10,0x10,0x10,0x08,0x07,0x00,
 533          0xF0,0x08,0x04,0x04,0x04,0x08,0xF0,0x00},/*"O",1*/
 534          
 535          {0x10,0x1F,0x10,0x10,0x10,0x10,0x0F,0x00,
 536          0x04,0xFC,0x84,0x80,0x80,0x80,0x00,0x00},/*"P",2*/
 537          
 538          {0x02,0x02,0x02,0x02,0x02,0x02,0x02,0x00,
 539          0x20,0x20,0x20,0x20,0x20,0x20,0x20,0x00},/*"=",3*/
 540          
 541          {0x00,0x00,0x00,0x00,0x00,0x00,0x00,0x00,
 542          0x00,0x0C,0x0C,0x00,0x00,0x00,0x00,0x00},/*".",4*/
 543          
 544          {0x10,0x1E,0x11,0x00,0x00,0x13,0x1C,0x10,
 545          0x00,0x00,0xE0,0x1C,0x70,0x80,0x00,0x00},/*"V",5*/
 546          
 547          };


MODULE INFORMATION:   STATIC OVERLAYABLE
C51 COMPILER V9.60.7.0   PIC                                                               06/21/2025 15:07:44 PAGE 10  

   CODE SIZE        =   ----    ----
   CONSTANT SIZE    =   3488    ----
   XDATA SIZE       =   ----    ----
   PDATA SIZE       =   ----    ----
   DATA SIZE        =   ----    ----
   IDATA SIZE       =   ----    ----
   BIT SIZE         =   ----    ----
END OF MODULE INFORMATION.


C51 COMPILATION COMPLETE.  0 WARNING(S),  0 ERROR(S)
