BL51 BANKED LINKER/LOCATER V6.22.4.0                                                    11/10/2025  11:42:55  PAGE 1


BL51 BANKED LINKER/LOCATER V6.22.4.0, INVOKED BY:
D:\KEIL_STM32\C51\BIN\BL51.EXE .\Objects\main.obj, .\Objects\lcd1602.obj TO .\Objects\project PRINT (.\Listings\project.
>> m51) RAMSIZE (256) DISABLEWARNING (16)


MEMORY MODEL: SMALL


INPUT MODULES INCLUDED:
  .\Objects\main.obj (MAIN)
  .\Objects\lcd1602.obj (LCD1602)
  D:\KEIL_STM32\C51\LIB\C51S.LIB (?C_STARTUP)
  D:\KEIL_STM32\C51\LIB\C51S.LIB (?C?CLDOPTR)
  D:\KEIL_STM32\C51\LIB\C51S.LIB (?C_INIT)


LINK MAP OF MODULE:  .\Objects\project (MAIN)


            TYPE    BASE      LENGTH    RELOCATION   SEGMENT NAME
            -----------------------------------------------------

            * * * * * * *   D A T A   M E M O R Y   * * * * * * *
            REG     0000H     0008H     ABSOLUTE     "REG BANK 0"
            DATA    0008H     0008H     UNIT         _DATA_GROUP_
                    0010H     0010H                  *** GAP ***
            BIT     0020H.0   0000H.1   UNIT         ?BI?MAIN
            BIT     0020H.1   0000H.1   UNIT         _BIT_GROUP_
                    0020H.2   0000H.6                *** GAP ***
            DATA    0021H     0039H     UNIT         ?DT?MAIN
            IDATA   005AH     0001H     UNIT         ?STACK

            * * * * * * *   C O D E   M E M O R Y   * * * * * * *
            CODE    0000H     0003H     ABSOLUTE     
            CODE    0003H     00CFH     UNIT         ?PR?RUN_DISPLAY?MAIN
            CODE    00D2H     008CH     UNIT         ?C_C51STARTUP
            CODE    015EH     0049H     UNIT         ?C_INITSEG
            CODE    01A7H     0037H     UNIT         ?PR?_WRITE_CGROM?LCD1602
            CODE    01DEH     0035H     UNIT         ?PR?_WRITE_DDRAM?LCD1602
            CODE    0213H     0034H     UNIT         ?PR?MAIN?MAIN
            CODE    0247H     002DH     UNIT         ?C?LIB_CODE
            CODE    0274H     0029H     UNIT         ?PR?_DISPLAYCUSTOMCHARACTER1?LCD1602
            CODE    029DH     0027H     UNIT         ?PR?_LCD_SHOWSTRING?LCD1602
            CODE    02C4H     0024H     UNIT         ?PR?_WRITE_CGRAM?LCD1602
            CODE    02E8H     0022H     UNIT         ?PR?_DELAY?LCD1602
            CODE    030AH     0021H     UNIT         ?PR?_LCD_SETCURSOR?LCD1602
            CODE    032BH     001AH     UNIT         ?PR?LCD_INIT?LCD1602
            CODE    0345H     0019H     UNIT         ?CO?MAIN
            CODE    035EH     0019H     UNIT         ?PR?READKEY1?LCD1602
            CODE    0377H     0012H     UNIT         ?PR?BUSY?LCD1602
            CODE    0389H     0012H     UNIT         ?PR?LCD_READDATA?LCD1602
            CODE    039BH     0011H     UNIT         ?PR?_LCD_READDATA?LCD1602
            CODE    03ACH     000EH     UNIT         ?PR?LCD_CLEAR?LCD1602
            CODE    03BAH     000DH     UNIT         ?PR?_LCD_WRITECOMMAND?LCD1602
            CODE    03C7H     000DH     UNIT         ?PR?_LCD_WRITEDATA?LCD1602
            CODE    03D4H     000CH     UNIT         ?PR?_LCD_USER_SHOWSTRING?LCD1602


BL51 BANKED LINKER/LOCATER V6.22.4.0                                                  11/10/2025  11:42:55  PAGE 2



OVERLAY MAP OF MODULE:   .\Objects\project (MAIN)


SEGMENT                                         BIT_GROUP          DATA_GROUP 
  +--> CALLED SEGMENT                        START    LENGTH     START    LENGTH
--------------------------------------------------------------------------------
?C_C51STARTUP                                -----    -----      -----    -----
  +--> ?PR?MAIN?MAIN
  +--> ?C_INITSEG

?PR?MAIN?MAIN                                -----    -----      -----    -----
  +--> ?PR?LCD_INIT?LCD1602
  +--> ?PR?LCD_CLEAR?LCD1602
  +--> ?PR?RUN_DISPLAY?MAIN
  +--> ?PR?READKEY1?LCD1602
  +--> ?PR?_DELAY?LCD1602

?PR?LCD_INIT?LCD1602                         -----    -----      -----    -----
  +--> ?PR?_LCD_WRITECOMMAND?LCD1602
  +--> ?PR?_DELAY?LCD1602

?PR?_LCD_WRITECOMMAND?LCD1602                -----    -----      -----    -----
  +--> ?PR?BUSY?LCD1602
  +--> ?PR?_DELAY?LCD1602

?PR?_DELAY?LCD1602                           -----    -----      000EH    0002H

?PR?LCD_CLEAR?LCD1602                        -----    -----      -----    -----
  +--> ?PR?BUSY?LCD1602
  +--> ?PR?_LCD_WRITECOMMAND?LCD1602
  +--> ?PR?_DELAY?LCD1602

?PR?RUN_DISPLAY?MAIN                         0020H.1  0000H.1    0008H    0002H
  +--> ?PR?LCD_INIT?LCD1602
  +--> ?PR?LCD_CLEAR?LCD1602
  +--> ?PR?_DISPLAYCUSTOMCHARACTER1?LCD1602
  +--> ?PR?_DELAY?LCD1602
  +--> ?PR?_WRITE_CGROM?LCD1602
  +--> ?PR?_WRITE_DDRAM?LCD1602
  +--> ?CO?MAIN
  +--> ?PR?_LCD_SHOWSTRING?LCD1602

?PR?_DISPLAYCUSTOMCHARACTER1?LCD1602         -----    -----      000AH    0001H
  +--> ?PR?_WRITE_CGRAM?LCD1602
  +--> ?PR?_LCD_WRITECOMMAND?LCD1602
  +--> ?PR?_LCD_WRITEDATA?LCD1602

?PR?_WRITE_CGRAM?LCD1602                     -----    -----      000BH    0003H
  +--> ?PR?_LCD_WRITECOMMAND?LCD1602
  +--> ?PR?_LCD_WRITEDATA?LCD1602

?PR?_LCD_WRITEDATA?LCD1602                   -----    -----      -----    -----
  +--> ?PR?BUSY?LCD1602
  +--> ?PR?_DELAY?LCD1602

?PR?_WRITE_CGROM?LCD1602                     -----    -----      -----    -----
BL51 BANKED LINKER/LOCATER V6.22.4.0                                                  11/10/2025  11:42:55  PAGE 3


  +--> ?PR?_LCD_WRITECOMMAND?LCD1602
  +--> ?PR?_DELAY?LCD1602
  +--> ?PR?_LCD_WRITEDATA?LCD1602

?PR?_WRITE_DDRAM?LCD1602                     -----    -----      -----    -----
  +--> ?PR?_LCD_WRITECOMMAND?LCD1602
  +--> ?PR?_DELAY?LCD1602
  +--> ?PR?_LCD_WRITEDATA?LCD1602

?PR?_LCD_SHOWSTRING?LCD1602                  -----    -----      000AH    0003H
  +--> ?PR?_LCD_SETCURSOR?LCD1602
  +--> ?PR?_LCD_WRITEDATA?LCD1602

?PR?_LCD_SETCURSOR?LCD1602                   -----    -----      -----    -----
  +--> ?PR?_LCD_WRITECOMMAND?LCD1602

?PR?READKEY1?LCD1602                         -----    -----      -----    -----
  +--> ?PR?_DELAY?LCD1602



SYMBOL TABLE OF MODULE:  .\Objects\project (MAIN)

  VALUE           TYPE          NAME
  ----------------------------------

  -------         MODULE        MAIN
  C:0000H         SYMBOL        _ICE_DUMMY_
  B:0020H.0       PUBLIC        speedFlag
  C:0213H         PUBLIC        main
  D:0021H         PUBLIC        mode
  C:0003H         PUBLIC        run_display
  D:0022H         PUBLIC        pattern1
  D:002AH         PUBLIC        pattern2
  D:0032H         PUBLIC        pattern3
  D:003AH         PUBLIC        pattern4
  D:0042H         PUBLIC        pattern5
  D:004AH         PUBLIC        pattern6
  D:0052H         PUBLIC        pattern7
  -------         PROC          RUN_DISPLAY
  B:0020H.1       SYMBOL        speedFlag
  -------         DO            
  D:0008H         SYMBOL        delayTime
  -------         ENDDO         
  C:0003H         LINE#         141
  C:0003H         LINE#         142
  C:0003H         LINE#         143
  C:0014H         LINE#         145
  C:0017H         LINE#         146
  C:001AH         LINE#         148
  C:002AH         LINE#         149
  C:003AH         LINE#         150
  C:004AH         LINE#         151
  C:005AH         LINE#         152
  C:006AH         LINE#         153
  C:007AH         LINE#         154
  C:008AH         LINE#         156
BL51 BANKED LINKER/LOCATER V6.22.4.0                                                  11/10/2025  11:42:55  PAGE 4


  C:0096H         LINE#         157
  C:00A2H         LINE#         158
  C:00AEH         LINE#         159
  C:00B1H         LINE#         160
  C:00BEH         LINE#         161
  C:00CBH         LINE#         162
  -------         ENDPROC       RUN_DISPLAY
  -------         PROC          MAIN
  C:0213H         LINE#         167
  C:0213H         LINE#         168
  C:0213H         LINE#         169
  C:0216H         LINE#         170
  C:0219H         LINE#         173
  C:0220H         LINE#         175
  C:0220H         LINE#         176
  C:0220H         LINE#         177
  C:0227H         LINE#         178
  C:0227H         LINE#         179
  C:022EH         LINE#         180
  C:0235H         LINE#         181
  C:0235H         LINE#         182
  C:0237H         LINE#         183
  C:023EH         LINE#         184
  C:0245H         LINE#         185
  C:0245H         LINE#         186
  C:0245H         LINE#         187
  -------         ENDPROC       MAIN
  -------         ENDMOD        MAIN

  -------         MODULE        LCD1602
  C:0000H         SYMBOL        _ICE_DUMMY_
  D:0090H         PUBLIC        P1
  D:00A0H         PUBLIC        P2
  D:00B0H         PUBLIC        P3
  C:03BAH         PUBLIC        _LCD_WriteCommand
  C:01A7H         PUBLIC        _write_CGROM
  B:00A0H.0       PUBLIC        KEY1
  C:03ACH         PUBLIC        LCD_Clear
  C:0377H         PUBLIC        Busy
  C:039BH         PUBLIC        _LCD_ReadData
  C:03C7H         PUBLIC        _LCD_WriteData
  C:0274H         PUBLIC        _displayCustomCharacter1
  B:00B0H.2       PUBLIC        LCD_EN
  C:032BH         PUBLIC        LCD_Init
  C:0389H         PUBLIC        LCD_Readdata
  C:029DH         PUBLIC        _LCD_ShowString
  C:01DEH         PUBLIC        _Write_DDRAM
  B:00B0H.0       PUBLIC        LCD_RS
  C:02C4H         PUBLIC        _Write_CGRAM
  C:035EH         PUBLIC        ReadKey1
  B:00B0H.1       PUBLIC        LCD_RW
  C:030AH         PUBLIC        _LCD_SetCursor
  C:02F1H         PUBLIC        _Delay
  C:03D4H         PUBLIC        _LCD_USER_ShowString
  -------         PROC          READKEY1
  C:035EH         LINE#         10
  C:035EH         LINE#         11
BL51 BANKED LINKER/LOCATER V6.22.4.0                                                  11/10/2025  11:42:55  PAGE 5


  C:035EH         LINE#         12
  C:0361H         LINE#         13
  C:0361H         LINE#         14
  C:0368H         LINE#         15
  C:036BH         LINE#         16
  C:036BH         LINE#         17
  C:036EH         LINE#         18
  C:0373H         LINE#         19
  C:0373H         LINE#         20
  C:0373H         LINE#         21
  C:0376H         LINE#         22
  -------         ENDPROC       READKEY1
  C:02ECH         SYMBOL        L?0063
  -------         PROC          L?0062
  -------         ENDPROC       L?0062
  C:02ECH         SYMBOL        L?0063
  -------         PROC          _DELAY
  D:0006H         SYMBOL        xms
  -------         DO            
  D:000EH         SYMBOL        i
  D:000FH         SYMBOL        j
  -------         ENDDO         
  C:02F1H         LINE#         24
  C:02F1H         LINE#         25
  C:02F1H         LINE#         26
  C:02FBH         LINE#         29
  C:02FEH         LINE#         30
  C:0301H         LINE#         32
  C:0301H         LINE#         33
  C:0304H         LINE#         34
  C:0307H         LINE#         35
  C:0309H         LINE#         36
  -------         ENDPROC       _DELAY
  -------         PROC          BUSY
  -------         DO            
  D:0007H         SYMBOL        temp
  -------         ENDDO         
  C:0377H         LINE#         40
  C:0377H         LINE#         41
  C:0377H         LINE#         43
  C:037AH         LINE#         44
  C:037CH         LINE#         45
  C:037EH         LINE#         46
  C:037EH         LINE#         47
  C:0380H         LINE#         48
  C:0382H         LINE#         49
  C:0384H         LINE#         50
  -------         ENDPROC       BUSY
  -------         PROC          _LCD_WRITECOMMAND
  D:0006H         SYMBOL        Command
  C:03BAH         LINE#         60
  C:03BCH         LINE#         61
  C:03BCH         LINE#         62
  C:03BFH         LINE#         63
  C:03C1H         LINE#         64
  C:03C1H         LINE#         65
  C:03C1H         LINE#         66
BL51 BANKED LINKER/LOCATER V6.22.4.0                                                  11/10/2025  11:42:55  PAGE 6


  C:03C1H         LINE#         67
  C:03C4H         LINE#         68
  C:03C6H         LINE#         69
  -------         ENDPROC       _LCD_WRITECOMMAND
  -------         PROC          _LCD_WRITEDATA
  D:0006H         SYMBOL        Data
  C:03C7H         LINE#         78
  C:03C9H         LINE#         79
  C:03C9H         LINE#         80
  C:03CCH         LINE#         81
  C:03CEH         LINE#         82
  C:03CEH         LINE#         83
  C:03CEH         LINE#         84
  C:03CEH         LINE#         85
  C:03D1H         LINE#         86
  C:03D3H         LINE#         88
  -------         ENDPROC       _LCD_WRITEDATA
  -------         PROC          _LCD_READDATA
  D:0005H         SYMBOL        Data
  C:039BH         LINE#         95
  C:039DH         LINE#         96
  C:039DH         LINE#         97
  C:03A0H         LINE#         98
  C:03A2H         LINE#         99
  C:03A4H         LINE#         100
  C:03A4H         LINE#         101
  C:03A7H         LINE#         102
  C:03A9H         LINE#         103
  C:03ABH         LINE#         104
  -------         ENDPROC       _LCD_READDATA
  -------         PROC          LCD_INIT
  C:032BH         LINE#         112
  C:032BH         LINE#         113
  C:032BH         LINE#         114
  C:0330H         LINE#         115
  C:0335H         LINE#         117
  C:033AH         LINE#         118
  C:033FH         LINE#         119
  -------         ENDPROC       LCD_INIT
  -------         PROC          LCD_CLEAR
  C:03ACH         LINE#         127
  C:03ACH         LINE#         128
  C:03ACH         LINE#         129
  C:03AFH         LINE#         130
  C:03B4H         LINE#         131
  -------         ENDPROC       LCD_CLEAR
  -------         PROC          _LCD_SETCURSOR
  D:0006H         SYMBOL        Line
  D:0004H         SYMBOL        Column
  C:030AH         LINE#         141
  C:030AH         LINE#         142
  C:030AH         LINE#         144
  C:0316H         LINE#         146
  C:031BH         LINE#         147
  C:031EH         LINE#         148
  C:031EH         LINE#         149
  C:0321H         LINE#         150
BL51 BANKED LINKER/LOCATER V6.22.4.0                                                  11/10/2025  11:42:55  PAGE 7


  C:0323H         LINE#         152
  C:0323H         LINE#         153
  C:032AH         LINE#         154
  C:032AH         LINE#         156
  -------         ENDPROC       _LCD_SETCURSOR
  -------         PROC          LCD_READDATA
  -------         DO            
  D:0007H         SYMBOL        d
  -------         ENDDO         
  C:0389H         LINE#         157
  C:0389H         LINE#         158
  C:0389H         LINE#         159
  C:038CH         LINE#         160
  C:038FH         LINE#         161
  C:0391H         LINE#         162
  C:0393H         LINE#         163
  C:0393H         LINE#         164
  C:0396H         LINE#         165
  C:0398H         LINE#         166
  C:039AH         LINE#         167
  C:039AH         LINE#         168
  -------         ENDPROC       LCD_READDATA
  -------         PROC          _LCD_USER_SHOWSTRING
  D:0006H         SYMBOL        Line
  D:0005H         SYMBOL        Column
  D:0003H         SYMBOL        i
  C:03D4H         LINE#         176
  C:03D4H         LINE#         177
  C:03D4H         LINE#         178
  C:03DBH         LINE#         179
  -------         ENDPROC       _LCD_USER_SHOWSTRING
  -------         PROC          _LCD_SHOWSTRING
  D:0007H         SYMBOL        Line
  D:0005H         SYMBOL        Column
  D:000AH         SYMBOL        String
  -------         DO            
  D:0005H         SYMBOL        i
  -------         ENDDO         
  C:029DH         LINE#         187
  C:02A3H         LINE#         188
  C:02A3H         LINE#         189
  C:02AAH         LINE#         190
  C:02BDH         LINE#         191
  C:02BDH         LINE#         192
  C:02C0H         LINE#         193
  C:02C3H         LINE#         194
  -------         ENDPROC       _LCD_SHOWSTRING
  -------         PROC          _WRITE_CGROM
  D:0005H         SYMBOL        a
  -------         DO            
  D:0003H         SYMBOL        j
  -------         ENDDO         
  C:01A7H         LINE#         197
  C:01A9H         LINE#         198
  C:01A9H         LINE#         200
  C:01AEH         LINE#         201
  C:01B5H         LINE#         202
BL51 BANKED LINKER/LOCATER V6.22.4.0                                                  11/10/2025  11:42:55  PAGE 8


  C:01BAH         LINE#         205
  C:01BCH         LINE#         206
  C:01BCH         LINE#         207
  C:01C1H         LINE#         208
  C:01C2H         LINE#         209
  C:01C6H         LINE#         211
  C:01CBH         LINE#         214
  C:01CDH         LINE#         215
  C:01CDH         LINE#         216
  C:01D2H         LINE#         217
  C:01D3H         LINE#         218
  C:01D7H         LINE#         220
  -------         ENDPROC       _WRITE_CGROM
  -------         PROC          _WRITE_DDRAM
  D:0005H         SYMBOL        a
  -------         DO            
  D:0003H         SYMBOL        j
  -------         ENDDO         
  C:01DEH         LINE#         228
  C:01E0H         LINE#         229
  C:01E0H         LINE#         232
  C:01E5H         LINE#         233
  C:01ECH         LINE#         235
  C:01F1H         LINE#         238
  C:01F3H         LINE#         239
  C:01F3H         LINE#         240
  C:01F8H         LINE#         241
  C:01FCH         LINE#         243
  C:0201H         LINE#         246
  C:0203H         LINE#         247
  C:0203H         LINE#         248
  C:0208H         LINE#         249
  C:020CH         LINE#         250
  -------         ENDPROC       _WRITE_DDRAM
  -------         PROC          _WRITE_CGRAM
  D:000BH         SYMBOL        a
  -------         DO            
  D:0005H         SYMBOL        k
  -------         ENDDO         
  C:02C4H         LINE#         254
  C:02CAH         LINE#         255
  C:02CAH         LINE#         259
  C:02CFH         LINE#         262
  C:02D1H         LINE#         263
  C:02D1H         LINE#         264
  C:02E3H         LINE#         265
  C:02E7H         LINE#         266
  -------         ENDPROC       _WRITE_CGRAM
  -------         PROC          _DISPLAYCUSTOMCHARACTER1
  D:0001H         SYMBOL        pattern
  -------         DO            
  D:0005H         SYMBOL        row
  D:0003H         SYMBOL        col
  -------         DO            
  D:000AH         SYMBOL        position
  -------         ENDDO         
  -------         ENDDO         
BL51 BANKED LINKER/LOCATER V6.22.4.0                                                  11/10/2025  11:42:55  PAGE 9


  C:0274H         LINE#         268
  C:0274H         LINE#         269
  C:0274H         LINE#         273
  C:0277H         LINE#         276
  C:0279H         LINE#         277
  C:0279H         LINE#         278
  C:027BH         LINE#         279
  C:027BH         LINE#         282
  C:027EH         LINE#         283
  C:027EH         LINE#         284
  C:0283H         LINE#         285
  C:0285H         LINE#         286
  C:028AH         LINE#         289
  C:028FH         LINE#         290
  C:0294H         LINE#         291
  C:0298H         LINE#         292
  C:029CH         LINE#         293
  -------         ENDPROC       _DISPLAYCUSTOMCHARACTER1
  -------         ENDMOD        LCD1602

  -------         MODULE        ?C?CLDOPTR
  C:0247H         PUBLIC        ?C?CLDOPTR
  -------         ENDMOD        ?C?CLDOPTR

Program Size: data=74.2 xdata=0 code=992
LINK/LOCATE RUN COMPLETE.  0 WARNING(S),  0 ERROR(S)
