15:58:54 **** Incremental Build of configuration Debug for project GLCD1Shreehari ****
make -j4 all 
arm-none-eabi-size  GLCD1Shreehari.elf 
   text	   data	    bss	    dec	    hex	filename
  13664	     12	   1868	  15544	   3cb8	GLCD1Shreehari.elf
Finished building: default.size.stdout
 
15:58:58 **** Incremental Build of configuration Debug for project GLCD1Shreehari ****
make -j4 all 
arm-none-eabi-size  GLCD1Shreehari.elf 
   text	   data	    bss	    dec	    hex	filename
  13664	     12	   1868	  15544	   3cb8	GLCD1Shreehari.elf
Finished building: default.size.stdout
 
