C51 COMPILER V9.60.7.0   MAIN                                                              05/22/2025 11:05:24 PAGE 1   


C51 COMPILER V9.60.7.0, COMPILATION OF MODULE MAIN
OBJECT MODULE PLACED IN main.OBJ
COMPILER INVOKED BY: D:\KEIL_STM32\C51\BIN\C51.EXE main.c LARGE OPTIMIZE(8,SPEED) BROWSE DEBUG OBJECTEXTEND

line level    source

   1          /*************************************************************************  
   2          Driver IC    :  ST7565R / UC1701x 
   3          interface    :  8080 for 8 bit mcu interface 
   4          ************************************************************************/   
   5          #include <REG52.H>    
   6          #include "int/photo.c"
   7          #include "12864.h"
   8           
   9          void main()   
  10          { 
  11   1              
  12   1              unsigned char mode;
  13   1              Init_IC();   
  14   1          lcd_test();  
  15   1              delayMs(3000);
  16   1              Yehui_UI();
  17   1              delayMs(3000);
  18   1          Clear();
  19   1                
  20   1      //      whatsapp();
  21   1      //      delayMs(5000); 
  22   1      //      Clear();          
  23   1              lcd_describe();
  24   1              delayMs(3000);  
  25   1          Clear();
  26   1                
  27   1          display_photo(tupian,0,0);    
  28   1              delayMs(3000);
  29   1          Clear();
  30   1                
  31   1              trans_display_photo(tupian1,0,0);         
  32   1              delayMs(3000);
  33   1      
  34   1        while(1)
  35   1        {
  36   2      if (HOLD()) {  
  37   3          mode++;           // 先增加 mode
  38   3          mode %= 8;        // 让 mode 保持在 0~7 之间
  39   3              Clear();
  40   3          switch (mode) {
  41   4              case 0:  
  42   4                  display_test(0xaa, 0xaa);
  43   4                  break;
  44   4              case 1:            
  45   4                  Yehui_UI();         
  46   4                  break;
  47   4              case 2:
  48   4                  display_test(0x55, 0x55);  
  49   4                  break;
  50   4              case 3:
  51   4                  display_test(0x55, 0xaa);  
  52   4                  break;
  53   4              case 4:
  54   4                  display_test(0xaa, 0x55);           
  55   4                  break;
C51 COMPILER V9.60.7.0   MAIN                                                              05/22/2025 11:05:24 PAGE 2   

  56   4              case 5:
  57   4                  display_test(0xff, 0x00);    
  58   4                  break;
  59   4              case 6:
  60   4                  display_test(0x00, 0xff);   
  61   4                  break;
  62   4              case 7:
  63   4                  display_test(0xff, 0xff);   
  64   4                  break;
  65   4      
  66   4          }
  67   3      }
  68   2                
  69   2        }    
  70   1      }   


MODULE INFORMATION:   STATIC OVERLAYABLE
   CODE SIZE        =    195    ----
   CONSTANT SIZE    =   2048    ----
   XDATA SIZE       =   ----       1
   PDATA SIZE       =   ----    ----
   DATA SIZE        =   ----    ----
   IDATA SIZE       =   ----    ----
   BIT SIZE         =   ----    ----
END OF MODULE INFORMATION.


C51 COMPILATION COMPLETE.  0 WARNING(S),  0 ERROR(S)
