C51 COMPILER V9.60.7.0   MAIN                                                              08/13/2024 19:10:59 PAGE 1   


C51 COMPILER V9.60.7.0, COMPILATION OF MODULE MAIN
OBJECT MODULE PLACED IN .\Objects\main.obj
COMPILER INVOKED BY: E:\Keil_v5\C51\BIN\C51.EXE main.c OPTIMIZE(8,SPEED) BROWSE DEBUG OBJECTEXTEND PRINT(.\Listings\main
                    -.lst) TABS(2) OBJECT(.\Objects\main.obj)

line level    source

   1          //----------------------------------------------------------------------
   2          /*EASTRISING TECHNOLOGY CO,.LTD.*/
   3          // Module    : ERM12864-6 Series  Chinese Fonts
   4          // Lanuage   : C51 Code
   5          // Create    : JAVEN
   6          // Date      : 2009-06-18
   7          // Drive IC  : ST7920
   8          // INTERFACE : 8/4-bits parallel bus mode(PSB=1) OR serial mode(PSB=0)
   9          // MCU     : AT89C52
  10          // VDD     : 5V/3.3V            
  11          //***************************************************************************   
  12          #include <INTRINS.H>   
  13          #include <stdio.h>
  14          #include <math.h>
  15          #include <reg52.h>
  16          #include <string.h>
  17          
  18          unsigned char code IC_DAT[];
  19          unsigned char code pic1[];
  20          unsigned char code pic2[];
  21          unsigned char code pic3[];
  22          
  23          //D0-D7   P1.0-P1.7
  24          sbit    RS =P3^0;
  25          sbit    WRD=P3^1;
  26          sbit    E=  P3^2;
  27          sbit    RES=P3^5;
  28          
  29          void  delay(unsigned int ms);
  30          void    TransferData(char data1,bit DI);
  31          void    display(void);
  32          void    display_grapic(void);
  33          void    delayms(unsigned int n);
  34          void    DisplayLine(unsigned char line1,unsigned char line2);
  35          void    DisplayGraphic(unsigned char code *adder);
  36          void    delay(unsigned int m);
  37          void    lcd_mesg(unsigned char code *adder1);
  38          
  39          
  40          unsigned char code IC_DAT[]={
  41          "??????????????"  
  42          "????????????"
  43          "?????????????"
  44          "??????????????"
  45          };
  46          
  47          void     initinal(void)           //LCD initinal  Fonts Mode
  48                    {
  49   1      
  50   1                 TransferData(0x30,0);  //Extended Function Set :8BIT,RE=0: basic instruction set, G=0 :graphic 
             -display OFF
  51   1                 delay(100);            
  52   1                 TransferData(0x30,0);  //Function Set
  53   1                 delay(37);             
C51 COMPILER V9.60.7.0   MAIN                                                              08/13/2024 19:10:59 PAGE 2   

  54   1                 TransferData(0x08,0);  //Display on Control
  55   1                 delay(100);            
  56   1                 TransferData(0x10,0);  //Cursor Display Control
  57   1                 delay(100);            
  58   1                 TransferData(0x0C,0);  //Display Control,D=1,display on
  59   1                 delay(100);            
  60   1                 TransferData(0x01,0);  //Display Clear
  61   1                 delayms(10);             
  62   1                 TransferData(0x06,0);  //Enry Mode Set
  63   1                 delay(100);            
  64   1                }
  65          
  66          
  67          void     initina2(void)           //Graphic display Mode
  68                    {
  69   1      
  70   1                 TransferData(0x30,0);  //Extended Function Set RE=1: extended instruction
  71   1                 delay(100);       
  72   1                 TransferData(0x01,0);  //Display Clear
  73   1                 delayms(10);     
  74   1                 TransferData(0x36,0);  //Extended Function Set:RE=1: extended instruction set
  75   1                 delay(37);            
  76   1                 TransferData(0x3E,0);  //EXFUNCTION(DL=8BITS,RE=1,G=1)
  77   1                 delay(100);                      
  78   1                }
  79          
  80          
  81          void    main(void)
  82               {
  83   1             delayms(40);             //Delay 40ms
  84   1                 RES=0;                 //Reset
  85   1                 delay(1);             
  86   1                 RES=1;                 //Reset set H
  87   1                 delay(10);
  88   1      
  89   1               while(1)
  90   1            {
  91   2            initina2();            //Graphic display Mode
  92   2      
  93   2                DisplayGraphic(pic1);  //show Graphic 
  94   2                delayms(2000);
  95   2        
  96   2                DisplayGraphic(pic2);  //show Graphic 
  97   2                delayms(2000);
  98   2      
  99   2                DisplayGraphic(pic3);  //show Graphic 
 100   2                delayms(2000);
 101   2      
 102   2                initinal();        // Fonts Mode
 103   2                delay(100);           
 104   2                lcd_mesg(IC_DAT);      //Show chanese fonts
 105   2                delayms(2000);
 106   2      
 107   2          
 108   2              }
 109   1            }
 110          
 111          
 112          
 113          void   lcd_mesg(unsigned char code *adder1)
 114          {
 115   1        unsigned char i;
C51 COMPILER V9.60.7.0   MAIN                                                              08/13/2024 19:10:59 PAGE 3   

 116   1              TransferData(0x80,0);  //Set RAM Address
 117   1              delay(100);
 118   1        for(i=0;i<32;i++)
 119   1          {
 120   2              TransferData(*adder1,1);
 121   2              adder1++;
 122   2          }
 123   1      
 124   1              TransferData(0x90,0);  //Set RAM Address
 125   1              delay(100);
 126   1        for(i=32;i<64;i++)
 127   1          {
 128   2              TransferData(*adder1,1);
 129   2              adder1++;
 130   2          }
 131   1      }
 132          
 133          
 134          
 135          
 136          void    TransferData(char data1,bit DI)  //if DI=0  Transfer command DI=1  Transfer data
 137                    {
 138   1                  WRD=0;
 139   1                  RS=DI;
 140   1                  delay(1);
 141   1                  P1=data1;
 142   1                  E=1;
 143   1                  delay(1);
 144   1                  E=0;
 145   1                 }
 146          
 147          void    delayms(unsigned int n)            //delay n ms
 148                             {
 149   1                            unsigned int i,j;
 150   1                            for(i=0;i<n;i++)
 151   1                               for(j=0;j<125;j++);
 152   1                         }
 153          
 154          
 155          void    delay(unsigned int m)           
 156                             {
 157   1                           m--;
 158   1                         }
 159          
 160          void DisplayGraphic(unsigned char code *adder)
 161          {
 162   1      
 163   1         int i,j;
 164   1      //*******display top half screen
 165   1         for(i=0;i<32;i++)              //
 166   1          { 
 167   2            TransferData((0x80 + i),0); //SET   VERTICAL ADDRESS
 168   2            TransferData(0x80,0);       //SET   HORIZONTAL ADDRESS
 169   2            for(j=0;j<16;j++)
 170   2             {
 171   3               TransferData(*adder,1);
 172   3               adder++;
 173   3             }
 174   2          }
 175   1      //*******display bottom half screen
 176   1         for(i=0;i<32;i++)              //
 177   1          {
C51 COMPILER V9.60.7.0   MAIN                                                              08/13/2024 19:10:59 PAGE 4   

 178   2            TransferData((0x80 + i),0); //SET VERTICAL ADDRESS
 179   2            TransferData(0x88,0);       //SET HORIZONTAL ADDRESS
 180   2            for(j=0;j<16;j++)
 181   2             {
 182   3               TransferData(*adder,1);
 183   3               adder++;
 184   3             }
 185   2          }
 186   1      }
 187          
 188          unsigned char code pic1[]=
 189          {
 190          /*--  ERM12864-6 series.bmp  --*/
 191          /*-- LxH=128x64  --*/
 192          0xFF,0xFF,0xFF,0xFF,0xFF,0xFF,0xFF,0xFF,0xFF,0xFF,0xFF,0xFF,0xFF,0xFF,0xFF,0xFF,
 193          0x80,0x00,0x00,0x00,0x00,0x00,0x00,0x00,0x00,0x00,0x00,0x00,0x00,0x00,0x00,0x01,
 194          0x80,0x00,0x00,0x00,0x00,0x00,0x00,0x00,0x00,0x00,0x00,0x00,0x00,0x00,0x00,0x01,
 195          0x80,0x00,0x00,0x00,0x00,0x00,0x00,0x00,0x00,0x00,0x00,0x00,0x00,0x00,0x00,0x01,
 196          0x9F,0x10,0xCF,0xBC,0x46,0x24,0x47,0x07,0xDF,0x38,0x88,0x1C,0x38,0x02,0x3E,0xF1,
 197          0x90,0x29,0x22,0x22,0x49,0x26,0x48,0x81,0x10,0x44,0x88,0x22,0x44,0x02,0x08,0x89,
 198          0x90,0x29,0x02,0x22,0x48,0x26,0x48,0x01,0x10,0x40,0x88,0x20,0x44,0x02,0x08,0x89,
 199          0x9F,0x44,0xC2,0x3C,0x46,0x25,0x49,0x81,0x1F,0x40,0xF8,0x20,0x44,0x02,0x08,0x89,
 200          0x90,0x7C,0x22,0x24,0x41,0x24,0xC8,0x81,0x10,0x40,0x88,0x20,0x44,0x02,0x08,0x89,
 201          0x90,0x45,0x22,0x22,0x49,0x24,0xC8,0x81,0x10,0x44,0x88,0x22,0x44,0x02,0x08,0x89,
 202          0x9F,0x82,0xC2,0x22,0x46,0x24,0x47,0x01,0x1F,0x38,0x89,0x1C,0x38,0xB3,0xC8,0xF1,
 203          0x80,0x00,0x00,0x00,0x00,0x00,0x00,0x00,0x00,0x00,0x00,0x00,0x00,0x10,0x00,0x01,
 204          0x80,0x00,0x00,0x00,0x00,0x00,0x00,0x00,0x00,0x00,0x00,0x00,0x00,0x20,0x00,0x01,
 205          0x80,0x00,0x00,0x00,0x00,0x00,0x00,0x00,0x00,0x00,0x00,0x00,0x00,0x00,0x00,0x01,
 206          0x80,0x00,0x00,0x00,0x00,0x00,0x00,0x00,0x00,0x00,0x00,0x00,0x00,0x00,0x00,0x01,
 207          0x80,0x00,0x00,0x00,0x00,0x00,0x00,0x00,0x00,0x00,0x00,0x00,0x00,0x00,0x00,0x01,
 208          0x80,0x00,0x00,0x00,0x00,0x00,0x00,0x00,0x00,0x00,0x00,0x00,0x00,0x00,0x00,0x01,
 209          0x80,0x00,0x00,0x00,0x00,0x00,0x00,0x00,0x00,0x00,0x00,0x00,0x00,0x00,0x00,0x01,
 210          0x80,0x3E,0x00,0xD9,0x06,0x00,0x0F,0x30,0x60,0x00,0x00,0x00,0x0E,0x00,0x02,0x01,
 211          0x80,0x33,0x00,0x1B,0x00,0x00,0x19,0xB0,0x00,0x00,0x00,0x00,0x18,0x00,0x06,0x01,
 212          0x80,0x33,0x66,0xDF,0x86,0xF8,0x30,0x3E,0x6F,0x8F,0x1E,0x3C,0x3C,0xF3,0xEF,0x01,
 213          0x80,0x3E,0x66,0xDB,0x06,0xCC,0x30,0x33,0x6C,0xD9,0xB3,0x66,0x19,0x9B,0x36,0x01,
 214          0x80,0x33,0x66,0xDB,0x06,0xCC,0x30,0x33,0x6C,0xDF,0xBC,0x7E,0x19,0x9B,0x36,0x01,
 215          0x80,0x33,0x66,0xDB,0x06,0xCC,0x30,0x33,0x6C,0xD8,0x0F,0x60,0x19,0x9B,0x36,0x01,
 216          0x80,0x33,0x66,0xDB,0x06,0xCC,0x19,0xB3,0x6C,0xD9,0xB3,0x66,0x19,0x9B,0x36,0x01,
 217          0x80,0x3E,0x3E,0xD9,0x86,0xCC,0x0F,0x33,0x6C,0xCF,0x1E,0x3C,0x18,0xF3,0x33,0x01,
 218          0x80,0x00,0x00,0x00,0x00,0x00,0x00,0x00,0x00,0x00,0x00,0x00,0x00,0x00,0x00,0x01,
 219          0x80,0x00,0x00,0x00,0x00,0x00,0x00,0x00,0x00,0x00,0x00,0x00,0x00,0x00,0x00,0x01,
 220          0x80,0x00,0x00,0x00,0x00,0x00,0x00,0x00,0x00,0x00,0x00,0x00,0x00,0x00,0x00,0x01,
 221          0x80,0x00,0x00,0x00,0x00,0x00,0x00,0x00,0x00,0x00,0x00,0x00,0x00,0x00,0x00,0x01,
 222          0x80,0x00,0x00,0x00,0x00,0x00,0x00,0x00,0x00,0x00,0x00,0x00,0x00,0x00,0x00,0x01,
 223          0x80,0x00,0x00,0x00,0x00,0x00,0x00,0x00,0x00,0x00,0x00,0x00,0x00,0x00,0x00,0x01,
 224          0x80,0x00,0x00,0x00,0x00,0x00,0x00,0x00,0x00,0x00,0x00,0x00,0x00,0x00,0x00,0x01,
 225          0x80,0x00,0x00,0x7F,0xFF,0xFF,0xFF,0xFF,0xFF,0xFF,0xFF,0xFF,0xE0,0x00,0x00,0x01,
 226          0x80,0x00,0x00,0x40,0x00,0x00,0x00,0x00,0x00,0x00,0x00,0x00,0x20,0x00,0x00,0x01,
 227          0x80,0x00,0x00,0x40,0x00,0x00,0x00,0x00,0x00,0x00,0x00,0x00,0x20,0x00,0x00,0x01,
 228          0x80,0x00,0x00,0x40,0x00,0x00,0x00,0x00,0x00,0x00,0x00,0x00,0x20,0x00,0x00,0x01,
 229          0x80,0x00,0x00,0x41,0xF7,0xC3,0xC3,0x1C,0x71,0xC1,0x80,0x70,0x20,0x00,0x00,0x01,
 230          0x80,0x00,0x00,0x41,0x86,0x66,0x67,0x36,0xDB,0x63,0x80,0xD8,0x20,0x00,0x00,0x01,
 231          0x80,0x00,0x00,0x41,0x86,0x6C,0x0F,0x06,0xDB,0x05,0x80,0xC0,0x20,0x00,0x00,0x01,
 232          0x80,0x00,0x00,0x41,0xF6,0x6C,0x0B,0x06,0x73,0xC5,0x80,0xF0,0x26,0x00,0x40,0x01,
 233          0x80,0x00,0x00,0x41,0x87,0xCC,0x03,0x0C,0xDB,0x69,0x9E,0xD8,0x29,0x00,0x00,0x01,
 234          0x80,0x00,0x00,0x41,0x86,0xCC,0x03,0x18,0xDB,0x6F,0xC0,0xD8,0x28,0x33,0x4C,0x71,
 235          0x80,0x00,0x00,0x41,0x86,0x66,0x63,0x30,0xDB,0x61,0x80,0xD8,0x26,0x4A,0x52,0x81,
 236          0x80,0x00,0x00,0x41,0xF6,0x33,0xC3,0x3E,0x71,0xC1,0x80,0x70,0x21,0x7A,0x5E,0x61,
 237          0x80,0x00,0x00,0x40,0x00,0x00,0x00,0x00,0x00,0x00,0x00,0x00,0x29,0x42,0x50,0x11,
 238          0x80,0x00,0x00,0x40,0x00,0x00,0x00,0x00,0x00,0x00,0x00,0x00,0x26,0x3A,0x4E,0xE1,
 239          0x80,0x00,0x00,0x7F,0xFF,0xFF,0xFF,0xFF,0xFF,0xFF,0xFF,0xFF,0xE0,0x00,0x00,0x01,
C51 COMPILER V9.60.7.0   MAIN                                                              08/13/2024 19:10:59 PAGE 5   

 240          0x80,0x00,0x00,0x00,0x00,0x00,0x00,0x00,0x00,0x00,0x00,0x00,0x00,0x00,0x00,0x01,
 241          0x80,0x00,0x00,0x00,0x00,0x00,0x00,0x00,0x00,0x00,0x00,0x00,0x00,0x00,0x00,0x01,
 242          0x80,0x00,0x00,0x00,0x00,0x00,0x00,0x00,0x00,0x00,0x00,0x00,0x00,0x00,0x00,0x01,
 243          0x80,0x00,0x00,0x00,0x00,0x00,0x00,0x00,0x00,0x00,0x00,0x00,0x00,0x00,0x00,0x01,
 244          0x81,0x9B,0xE6,0x01,0x80,0x00,0x00,0x1B,0x00,0x01,0x80,0x00,0x00,0x00,0x00,0x01,
 245          0x81,0x9B,0x36,0x01,0x80,0x00,0x00,0x18,0x00,0x01,0x80,0x00,0x00,0x00,0x00,0x01,
 246          0x81,0x9B,0x36,0x0D,0xF3,0x3C,0x60,0xFB,0x3C,0xF9,0x9D,0x8C,0x38,0xF3,0xFE,0x01,
 247          0x81,0x9B,0x36,0x0D,0x9B,0x36,0xC1,0x9B,0x66,0xCD,0xA6,0xD8,0x6D,0x9B,0x33,0x01,
 248          0x81,0x9B,0xE6,0x01,0x9B,0x36,0xC1,0x9B,0x78,0xCD,0x9E,0xD8,0x61,0x9B,0x33,0x01,
 249          0x81,0x9B,0x66,0x01,0x9B,0x36,0xDD,0x9B,0x1E,0xCD,0xB6,0xD8,0x61,0x9B,0x33,0x01,
 250          0x81,0x9B,0x36,0x0D,0x9B,0x33,0x81,0x9B,0x66,0xCD,0xB6,0x73,0x6D,0x9B,0x33,0x01,
 251          0x80,0xF3,0x1F,0xED,0xF1,0xF3,0x80,0xFB,0x3C,0xF9,0x9E,0x73,0x38,0xF3,0x33,0x01,
 252          0x80,0x00,0x00,0x00,0x00,0x03,0x00,0x00,0x00,0xC0,0x00,0x60,0x00,0x00,0x00,0x01,
 253          0x80,0x00,0x00,0x00,0x00,0x0E,0x00,0x00,0x00,0xC0,0x01,0xC0,0x00,0x00,0x00,0x01,
 254          0x80,0x00,0x00,0x00,0x00,0x00,0x00,0x00,0x00,0x00,0x00,0x00,0x00,0x00,0x00,0x01,
 255          0xFF,0xFF,0xFF,0xFF,0xFF,0xFF,0xFF,0xFF,0xFF,0xFF,0xFF,0xFF,0xFF,0xFF,0xFF,0xFF,
 256          
 257          };
 258          
 259          
 260          unsigned char code pic2[]=
 261          {
 262          0xFF,0xFF,0xFF,0xFF,0xFF,0xFF,0xFF,0xFF,0xFF,0xFF,0xFF,0xFF,0xFF,0xFF,0xFF,0xFF,
 263          0x80,0x00,0x00,0x00,0x00,0x00,0x00,0x00,0x00,0x04,0x00,0x00,0x00,0x00,0x00,0x01,
 264          0x80,0x00,0x00,0x40,0x00,0x00,0x00,0x00,0x00,0x06,0x00,0x06,0x03,0x80,0x00,0x01,
 265          0x80,0x00,0x00,0xC0,0x00,0x00,0x00,0x00,0x00,0x0E,0x00,0x1F,0x07,0xFF,0xC0,0x01,
 266          0x80,0x00,0x01,0xE0,0x00,0x00,0x00,0x00,0x00,0x1E,0x00,0x3F,0x9F,0x39,0xC0,0x01,
 267          0x80,0x00,0x01,0xE0,0x00,0x00,0x00,0x00,0x00,0x1E,0x00,0x7F,0xF0,0x01,0x80,0x01,
 268          0x80,0x00,0x03,0xE4,0x00,0x00,0x00,0x00,0x00,0x1F,0x00,0xFF,0xE0,0x00,0xC0,0x01,
 269          0x80,0x00,0x07,0xEF,0xC0,0x00,0x00,0x00,0x00,0x3F,0x00,0xFF,0xF0,0x00,0xE1,0xE1,
 270          0x80,0x00,0x0F,0xEF,0xFE,0x00,0x00,0x00,0x00,0x3F,0x01,0xFF,0xE0,0x00,0xF7,0xF1,
 271          0x80,0x00,0x0F,0xE7,0xFF,0xE0,0x00,0x00,0x00,0x77,0x01,0xFF,0xF0,0x00,0xFF,0xF1,
 272          0x80,0x00,0x07,0xE7,0x3F,0xFE,0x00,0x00,0x00,0x59,0x01,0xFF,0xFC,0x01,0x8F,0xF9,
 273          0x80,0x00,0x07,0xE7,0x07,0xFF,0xF0,0x00,0x00,0xFD,0x00,0xFF,0x8E,0x3F,0xEF,0xF9,
 274          0x80,0x00,0x07,0xE7,0x00,0xFF,0xFE,0x00,0x01,0xE7,0x80,0xFF,0xF7,0xFC,0x77,0xF9,
 275          0x80,0x00,0x07,0xF7,0x00,0x1F,0xFE,0x00,0x07,0xF7,0x80,0x77,0xFB,0xFF,0xF7,0xF9,
 276          0x80,0x00,0x03,0xF7,0x00,0x03,0xFE,0x00,0x07,0xFF,0x80,0x27,0xFE,0x7F,0xF3,0xF1,
 277          0x80,0x00,0x03,0xF7,0x00,0x00,0x7E,0x00,0x00,0x01,0x80,0x27,0xFE,0x7F,0xF1,0xF1,
 278          0x80,0x00,0x03,0xF3,0x00,0x00,0x1C,0x00,0x00,0x00,0xC0,0x41,0xFC,0x3F,0xF1,0xE1,
 279          0x80,0x00,0x01,0xF3,0x00,0x00,0x1C,0x00,0x00,0x00,0xC0,0xC1,0xF0,0x1F,0xE1,0x01,
 280          0x80,0xC0,0x01,0xF3,0x80,0x00,0x1C,0x00,0x00,0x00,0x40,0x87,0xE0,0x03,0x01,0x01,
 281          0x80,0xF8,0x01,0xF3,0x80,0x00,0x3C,0x00,0x00,0x00,0x61,0x9F,0xF0,0x1C,0x01,0x81,
 282          0x80,0x7F,0x00,0xF3,0x80,0x00,0x3C,0x00,0x00,0x00,0x7F,0xBF,0xF0,0x7F,0x01,0x81,
 283          0x80,0x7F,0xC0,0xF3,0x80,0x00,0x38,0x00,0x00,0x00,0x63,0x7E,0x70,0x7F,0xC1,0x81,
 284          0x80,0x3F,0xF8,0xF3,0x80,0x00,0x38,0x00,0x00,0x00,0xF3,0xFD,0xF0,0xFF,0xE1,0x81,
 285          0x80,0x3F,0xFE,0xF9,0x80,0x00,0x38,0x00,0x00,0x01,0xBE,0xFF,0x60,0xE7,0xE1,0x81,
 286          0x80,0x1D,0xFF,0x79,0x80,0x00,0x78,0x00,0x00,0x01,0x1E,0xFE,0x60,0xF7,0xE1,0x01,
 287          0x80,0x1C,0x3F,0x79,0x80,0x00,0x70,0x00,0x00,0x01,0x1E,0xFC,0x80,0x97,0xF1,0x81,
 288          0x80,0x1C,0x07,0x79,0x80,0x00,0x70,0x00,0x00,0x01,0x8E,0xFF,0x80,0x07,0xE1,0x81,
 289          0x80,0x0E,0x00,0x39,0x80,0x00,0x70,0x00,0x00,0x00,0xC6,0x7F,0xE0,0x7F,0xE1,0x81,
 290          0x80,0x0E,0x00,0x39,0xC0,0x00,0x70,0x00,0x00,0x00,0xEE,0x3E,0xE0,0x7F,0xE1,0x81,
 291          0x80,0x06,0x00,0x39,0xC0,0x00,0x60,0x00,0x00,0x00,0x7E,0x00,0x40,0x1F,0xC1,0x81,
 292          0x80,0x07,0x00,0x18,0xC0,0x00,0xE0,0x00,0x00,0x00,0x0F,0x00,0x00,0x07,0x03,0x01,
 293          0x80,0x03,0x00,0x18,0xC0,0x00,0xE0,0x00,0x00,0x00,0x07,0x80,0x00,0x00,0x07,0x01,
 294          0x80,0x03,0x00,0x1C,0xC0,0x00,0xE0,0x00,0x00,0x00,0x02,0xC3,0xF8,0x00,0x06,0x01,
 295          0x80,0x01,0x80,0x1C,0xFF,0xFF,0xC0,0x00,0x00,0x00,0x03,0x61,0xF0,0x00,0x0C,0x01,
 296          0x80,0x01,0x80,0x0C,0xFF,0xFF,0xC0,0x00,0x00,0x00,0x03,0x30,0x00,0x00,0x38,0x01,
 297          0x80,0x00,0x80,0x0C,0xFF,0xFF,0xC0,0x00,0x00,0x00,0x01,0x9C,0x00,0x00,0x70,0x01,
 298          0x80,0x00,0x80,0x0C,0x00,0x00,0x00,0x00,0x00,0x00,0x01,0x87,0x00,0x01,0xC0,0x01,
 299          0x80,0x00,0x00,0x04,0x00,0x00,0x00,0x00,0x00,0x00,0x00,0xC7,0xFC,0x7F,0xC0,0x01,
 300          0x80,0x00,0x00,0x00,0x00,0x00,0x00,0x00,0x00,0x00,0x00,0xCF,0x1F,0xFF,0xE0,0x01,
 301          0x87,0xE0,0x00,0x02,0x3F,0x0C,0x00,0xC0,0x00,0x00,0x00,0x6E,0x00,0x3B,0xE0,0x01,
C51 COMPILER V9.60.7.0   MAIN                                                              08/13/2024 19:10:59 PAGE 6   

 302          0x86,0x00,0x00,0x06,0x31,0x80,0x00,0x00,0x00,0x00,0x00,0x38,0x00,0x30,0xE0,0x01,
 303          0x86,0x03,0xC3,0xCF,0x31,0x8C,0x78,0xCD,0x86,0xC0,0x00,0x38,0x00,0x30,0x60,0x01,
 304          0x86,0x04,0x66,0x66,0x31,0x8C,0xCC,0xCE,0xCD,0xC0,0x00,0x10,0x00,0x38,0x20,0x01,
 305          0x87,0xE1,0xE7,0x06,0x3F,0x0C,0xE0,0xCC,0xCC,0xC0,0x00,0x30,0x00,0x0C,0x30,0x01,
 306          0x86,0x03,0x63,0xC6,0x33,0x0C,0x78,0xCC,0xCC,0xC0,0x00,0x30,0x00,0x04,0x18,0x01,
 307          0x86,0x06,0x60,0xE6,0x31,0x8C,0x1C,0xCC,0xCC,0xC0,0x00,0x30,0x00,0x06,0x18,0x01,
 308          0x86,0x06,0x66,0x66,0x31,0x8C,0xCC,0xCC,0xCD,0xC0,0x00,0x20,0x00,0x03,0x0C,0x01,
 309          0x87,0xE3,0xE3,0xC3,0x30,0xCC,0x78,0xCC,0xC6,0xC0,0x00,0x20,0x00,0x02,0x08,0x01,
 310          0x80,0x00,0x00,0x00,0x00,0x00,0x00,0x00,0x08,0xC0,0x00,0x20,0x00,0x02,0x08,0x01,
 311          0x80,0x00,0x00,0x00,0x00,0x00,0x00,0x00,0x07,0x80,0x00,0x20,0x00,0x03,0x98,0x01,
 312          0xBF,0xFF,0xFF,0xFF,0xFF,0xFF,0xFF,0xFF,0xFF,0xF0,0x00,0x20,0x00,0x01,0xF0,0x01,
 313          0xBF,0xFF,0xFF,0xFF,0xFF,0xFF,0xFF,0xFF,0xFF,0xF0,0x00,0x20,0x00,0x01,0xE0,0x01,
 314          0x80,0x00,0x00,0x00,0x00,0x00,0x00,0x00,0x00,0x00,0x00,0x20,0x00,0x01,0xC0,0x01,
 315          0xA0,0x00,0x00,0x28,0x00,0x20,0x00,0x00,0x00,0x00,0x00,0x20,0x00,0x01,0x80,0x01,
 316          0xA0,0x00,0x00,0x20,0x00,0x20,0x00,0x00,0x00,0x00,0x00,0x30,0x00,0x03,0x00,0x01,
 317          0xBC,0x8A,0x21,0xE8,0xEF,0x27,0x22,0x18,0xE7,0x60,0x00,0x30,0x00,0x03,0x00,0x01,
 318          0xA2,0x89,0x42,0x29,0x08,0xA0,0x94,0x25,0x14,0x90,0x00,0x30,0x00,0x02,0x00,0x01,
 319          0xA2,0x89,0x5A,0x28,0xC8,0xA3,0x94,0x21,0x14,0x90,0x00,0x10,0xFC,0x02,0x00,0x01,
 320          0xA2,0x89,0x42,0x28,0x28,0xA4,0x94,0x25,0x14,0x90,0x00,0x10,0x3C,0x06,0x00,0x01,
 321          0xBC,0x78,0x81,0xE9,0xCF,0x23,0x88,0x98,0xE4,0x90,0x00,0x18,0x08,0x06,0x00,0x01,
 322          0x80,0x00,0x80,0x00,0x08,0x00,0x08,0x00,0x00,0x00,0x00,0x18,0x08,0x06,0x00,0x01,
 323          0x80,0x03,0x00,0x00,0x08,0x00,0x30,0x00,0x00,0x00,0x00,0x0C,0x18,0x0C,0x00,0x01,
 324          0x80,0x00,0x00,0x00,0x00,0x00,0x00,0x00,0x00,0x00,0x00,0x07,0xFF,0x3C,0x00,0x01,
 325          0xFF,0xFF,0xFF,0xFF,0xFF,0xFF,0xFF,0xFF,0xFF,0xFF,0xFF,0xFF,0xFF,0xFF,0xFF,0xFF,
 326          
 327          };
 328          unsigned char code pic3[]=
 329          {
 330          0xFF,0xFF,0xFF,0xFF,0xFF,0xFF,0xFF,0xFF,0xFF,0xFF,0xFF,0xFF,0xFF,0xFF,0xFF,0xFF,
 331          0x80,0x00,0x00,0x00,0x00,0x00,0x00,0x00,0x80,0x00,0x00,0x00,0x00,0x00,0x00,0x01,
 332          0x80,0x60,0x00,0x60,0x38,0x00,0x00,0x00,0x80,0x00,0x00,0x00,0x00,0x00,0x00,0x01,
 333          0x80,0x60,0x01,0xF8,0x77,0xF8,0x00,0x00,0x80,0x00,0x00,0x00,0x00,0x00,0x00,0x01,
 334          0x80,0xE0,0x03,0xFB,0x00,0x18,0x00,0x00,0x80,0x00,0x00,0x07,0x00,0x20,0x00,0x01,
 335          0x80,0xE0,0x07,0xFE,0x00,0x08,0x00,0x00,0x80,0x00,0x00,0x0F,0x80,0x20,0x00,0x01,
 336          0x81,0xE0,0x0F,0xFF,0x00,0x04,0x18,0x00,0x80,0x00,0x00,0x0F,0xC0,0x20,0x00,0x01,
 337          0x81,0xF0,0x0F,0xFA,0x00,0x1C,0x7C,0x00,0x80,0x00,0x00,0x0F,0xC0,0x20,0x00,0x01,
 338          0x83,0x30,0x0F,0xE2,0x00,0x0B,0x7E,0x00,0x80,0x00,0x00,0x0F,0xE0,0x20,0x00,0x01,
 339          0x82,0x90,0x0F,0xFF,0x80,0x08,0xFF,0x00,0x80,0x03,0x00,0x0F,0xE0,0x20,0x00,0x01,
 340          0x86,0x98,0x0F,0xF9,0xC0,0x78,0xFF,0x00,0x80,0x07,0x80,0x7F,0xE0,0x20,0x00,0x01,
 341          0x8E,0x18,0x07,0xFC,0x3F,0xCE,0x7F,0x00,0x80,0x07,0xC3,0xC3,0xE0,0x20,0x00,0x01,
 342          0xBF,0x38,0x03,0xFF,0x9F,0xF3,0x7F,0x00,0x80,0x07,0xCC,0x00,0x38,0x20,0x00,0x01,
 343          0xBF,0xF8,0x02,0x7F,0x87,0xFD,0x3F,0x00,0x80,0x0F,0xF0,0x00,0x06,0x20,0x00,0x01,
 344          0x8F,0xF8,0x02,0x3F,0xE7,0xFD,0x3E,0x00,0x80,0x0F,0xC0,0x00,0x01,0xA0,0x00,0x01,
 345          0x80,0x04,0x04,0x1F,0xC3,0xFE,0x3C,0x00,0x80,0x0F,0x80,0x00,0x00,0xE0,0x00,0x01,
 346          0x80,0x04,0x04,0x0F,0x81,0xFC,0x10,0x00,0x80,0x07,0x00,0x10,0x3F,0xE0,0x00,0x01,
 347          0x80,0x04,0x04,0x7C,0x00,0x00,0x10,0x00,0x80,0x06,0x00,0x20,0xFF,0xF0,0x00,0x01,
 348          0x80,0x02,0x08,0xFE,0x00,0x00,0x10,0x00,0x80,0x04,0x18,0x01,0xFF,0xFC,0x00,0x01,
 349          0x80,0x03,0xE9,0xFE,0x03,0xF0,0x10,0x00,0x80,0x08,0x02,0x03,0xFF,0xFC,0x00,0x01,
 350          0x80,0x02,0x33,0xC7,0x07,0xF8,0x10,0x00,0x80,0x10,0x00,0x07,0xFF,0xFE,0x00,0x01,
 351          0x80,0x06,0x37,0x8B,0x04,0xFC,0x10,0x00,0x80,0x10,0x00,0x07,0xFF,0xFF,0x00,0x01,
 352          0x80,0x0B,0xA7,0xBE,0x08,0x7E,0x10,0x00,0x80,0x30,0x00,0x0F,0xFF,0xFD,0x80,0x01,
 353          0x80,0x08,0x47,0x84,0x0F,0x7E,0x10,0x00,0x80,0x20,0x78,0x0F,0xFF,0xE0,0x80,0x01,
 354          0x80,0x08,0x47,0x80,0x01,0xFE,0x10,0x00,0x80,0x23,0xFE,0x0F,0xFF,0x82,0xC0,0x01,
 355          0x80,0x08,0x47,0xC8,0x00,0x7E,0x10,0x00,0x80,0x47,0xFF,0x8F,0xFC,0x0E,0x40,0x01,
 356          0x80,0x08,0x43,0xFC,0x07,0xFE,0x10,0x00,0x80,0x5F,0xFF,0xCF,0xE0,0x7E,0x40,0x01,
 357          0x80,0x06,0x61,0xEE,0x03,0xFE,0x10,0x00,0x80,0x5F,0xFF,0xEF,0x81,0xFE,0x40,0x01,
 358          0x80,0x03,0xE0,0x00,0x01,0xFC,0x10,0x00,0x80,0x7F,0xFF,0xEF,0x0F,0xFE,0x60,0x01,
 359          0x80,0x00,0x70,0x00,0x00,0x78,0x30,0x00,0x80,0xFF,0xFF,0xF7,0x3F,0xFE,0x20,0x01,
 360          0x80,0x00,0x38,0x00,0x00,0x00,0x20,0x00,0x80,0xFF,0xFF,0xC3,0xFF,0xFC,0x20,0x01,
 361          0x80,0x00,0x2C,0x06,0x80,0x00,0x60,0x00,0x80,0xFF,0xFE,0x03,0xFF,0xF8,0x20,0x01,
 362          0x80,0x00,0x36,0x18,0x00,0x00,0xC0,0x00,0x80,0xFF,0xF0,0x39,0xFF,0xF8,0x60,0x01,
 363          0x80,0x00,0x13,0x00,0x00,0x01,0x00,0x00,0x80,0xFF,0xC0,0xF8,0xFF,0xE0,0x40,0x01,
C51 COMPILER V9.60.7.0   MAIN                                                              08/13/2024 19:10:59 PAGE 7   

 364          0x80,0x00,0x08,0xC0,0x00,0x06,0x00,0x00,0x80,0xFE,0x07,0xF0,0x3F,0xC0,0x40,0x01,
 365          0x80,0x00,0x08,0x70,0x00,0x1C,0x00,0x00,0x80,0xF8,0x1F,0xF0,0x00,0x00,0xC0,0x01,
 366          0x80,0x00,0x0C,0x7F,0x00,0xFC,0x00,0x00,0x80,0xB8,0xFF,0xF0,0x00,0x00,0x80,0x01,
 367          0x80,0x00,0x04,0xF0,0xFF,0xFE,0x00,0x00,0x80,0xBB,0xFF,0xE0,0x00,0x01,0x00,0x01,
 368          0x80,0x00,0x04,0xE0,0x07,0x9E,0x00,0x00,0x80,0x5F,0xFF,0xE0,0x00,0x02,0x00,0x01,
 369          0x80,0x00,0x02,0xC0,0x07,0x0E,0x00,0x00,0x80,0x5F,0xFF,0xC0,0x00,0x04,0x00,0x01,
 370          0x80,0x00,0x03,0x80,0x07,0x06,0x00,0x00,0x80,0x4F,0xFF,0x80,0x00,0x08,0x00,0x01,
 371          0x80,0x00,0x01,0x00,0x02,0x06,0x00,0x00,0x80,0x23,0xFF,0x00,0x00,0x30,0x00,0x01,
 372          0x80,0x00,0x01,0x00,0x00,0x82,0x00,0x00,0x80,0x20,0xF8,0x1C,0x00,0x60,0x00,0x01,
 373          0x80,0x00,0x01,0x00,0x00,0x01,0x00,0x00,0x80,0x10,0x00,0x00,0x01,0xA0,0x00,0x01,
 374          0x80,0x00,0x03,0x00,0x00,0x41,0x00,0x00,0x80,0x0C,0x00,0x00,0x06,0x23,0x00,0x01,
 375          0x80,0x00,0x02,0x00,0x00,0x20,0x80,0x00,0x80,0x06,0x00,0x02,0x18,0x27,0x00,0x01,
 376          0x80,0x00,0x02,0x00,0x00,0x20,0x80,0x00,0x80,0x01,0xC0,0x00,0x60,0x3F,0x00,0x01,
 377          0x80,0x00,0x02,0x00,0x00,0x00,0x80,0x00,0x80,0x00,0x7C,0x07,0xE0,0x3E,0x00,0x01,
 378          0x80,0x00,0x02,0x00,0x00,0x20,0x00,0x00,0x80,0x00,0x07,0xFF,0xFF,0xFE,0x00,0x01,
 379          0x80,0x00,0x02,0x00,0x00,0x38,0x00,0x00,0x80,0x00,0x00,0x7F,0xFF,0xFC,0x00,0x01,
 380          0x80,0x00,0x02,0x00,0x00,0x1E,0x00,0x00,0x80,0x00,0x00,0x67,0xFF,0xF8,0x00,0x01,
 381          0x80,0x00,0x02,0x00,0x00,0x1C,0x00,0x00,0x80,0x00,0x00,0x00,0x00,0x00,0x00,0x01,
 382          0x80,0x00,0x02,0x00,0x00,0x00,0x00,0x00,0x00,0x00,0x00,0x00,0x00,0x00,0x00,0x01,
 383          0x80,0x00,0x02,0x00,0x03,0x00,0x00,0x00,0x36,0x00,0x03,0x00,0x00,0x00,0x00,0x01,
 384          0x80,0x00,0x02,0x00,0x03,0x00,0x00,0x00,0x30,0x00,0x03,0x00,0x00,0x00,0x00,0x01,
 385          0x80,0x00,0x03,0x00,0x03,0xE6,0x78,0xC1,0xF6,0x79,0xF3,0x3B,0x18,0x71,0xE7,0xFD,
 386          0x80,0x00,0x01,0x08,0x03,0x36,0x6D,0x83,0x36,0xCD,0x9B,0x4D,0xB0,0xDB,0x36,0x67,
 387          0x80,0x00,0x01,0x07,0xC3,0x36,0x6D,0x83,0x36,0xF1,0x9B,0x3D,0xB0,0xC3,0x36,0x67,
 388          0x80,0x00,0x01,0x01,0x83,0x36,0x6D,0xBB,0x36,0x3D,0x9B,0x6D,0xB0,0xC3,0x36,0x67,
 389          0x80,0x00,0x00,0x00,0x03,0x36,0x67,0x03,0x36,0xCD,0x9B,0x6C,0xE6,0xDB,0x36,0x67,
 390          0x80,0x00,0x00,0x80,0x83,0xE3,0xE7,0x01,0xF6,0x79,0xF3,0x3C,0xE6,0x71,0xE6,0x67,
 391          0x80,0x00,0x00,0x61,0xC0,0x00,0x06,0x00,0x00,0x01,0x80,0x00,0xC0,0x00,0x00,0x01,
 392          0x80,0x00,0x00,0x1E,0x38,0x00,0x1C,0x00,0x00,0x01,0x80,0x03,0x80,0x00,0x00,0x01,
 393          0xFF,0xFF,0xFF,0xFF,0xFF,0xFF,0xFF,0xFF,0xFF,0xFF,0xFF,0xFF,0xFF,0xFF,0xFF,0xFF,
 394          
 395          };


MODULE INFORMATION:   STATIC OVERLAYABLE
   CODE SIZE        =    533    ----
   CONSTANT SIZE    =   3126    ----
   XDATA SIZE       =   ----    ----
   PDATA SIZE       =   ----    ----
   DATA SIZE        =   ----      10
   IDATA SIZE       =   ----    ----
   BIT SIZE         =   ----       1
END OF MODULE INFORMATION.


C51 COMPILATION COMPLETE.  0 WARNING(S),  0 ERROR(S)
