C51 COMPILER V9.60.7.0   PIC                                                               05/24/2025 15:17:27 PAGE 1   


C51 COMPILER V9.60.7.0, COMPILATION OF MODULE PIC
OBJECT MODULE PLACED IN Pic.OBJ
COMPILER INVOKED BY: D:\KEIL_STM32\C51\BIN\C51.EXE Pic.c LARGE OPTIMIZE(8,SPEED) BROWSE DEBUG OBJECTEXTEND

line level    source

   1          #define uchar unsigned char
   2          #define uint unsigned int
   3          
   4          uchar code guang[32]= 
   5          {/*-- ID:0,字符:"广",ASCII编码:B9E3,对应字:宽x高=16x16,画布:宽W=16 高H=16,共32字节*/
   6          0x00,0x00,0xfc,0x04,0x04,0x04,0x04,0x05,0x06,0x04,0x04,0x04,0x04,0x06,0x04,0x00,
   7          0x40,0x30,0x0f,0x00,0x00,0x00,0x00,0x00,0x00,0x00,0x00,0x00,0x00,0x00,0x00,0x00,};
   8          
   9          uchar code dong[32]= 
  10          {/*-- ID:1,字符:"东",ASCII编码:B6AB,对应字:宽x高=16x16,画布:宽W=16 高H=16,共32字节*/
  11          0x08,0x08,0x08,0x88,0x68,0x18,0x0f,0xe8,0x08,0x08,0x08,0x88,0x08,0x0c,0x08,0x00,
  12          0x00,0x40,0x21,0x11,0x0d,0x41,0x81,0x7f,0x01,0x05,0x09,0x31,0x61,0x00,0x00,0x00,};
  13          
  14          uchar code ye[32]= 
  15          {/*-- ID:2,字符:"烨",ASCII编码:ECC7,对应字:宽x高=16x16,画布:宽W=16 高H=16,共32字节*/
  16          0x80,0x70,0x00,0xff,0x20,0x98,0x40,0xf8,0x07,0x40,0x7f,0xa0,0x90,0xc8,0x00,0x00,
  17          0x80,0x60,0x18,0x07,0x08,0x34,0x04,0x05,0x04,0xff,0x04,0x04,0x04,0x06,0x04,0x00,};
  18          
  19          uchar code hui[32]= 
  20          {/*-- ID:3,字符:"辉",ASCII编码:BBD4,对应字:宽x高=16x16,画布:宽W=16 高H=16,共32字节*/
  21          0x44,0x48,0xd0,0x7f,0xd0,0x4c,0x48,0xa6,0x62,0x3a,0xa2,0x22,0x32,0x26,0x02,0x00,
  22          0x40,0x30,0x0f,0x00,0x3f,0x10,0x08,0x09,0x09,0x09,0xff,0x09,0x09,0x0d,0x08,0x00,};
  23          
  24          uchar code ke[32]= 
  25          {/*-- ID:4,字符:"科",ASCII编码:BFC6,对应字:宽x高=16x16,画布:宽W=16 高H=16,共32字节*/
  26          0x24,0x24,0x24,0xa4,0xfe,0xa3,0x22,0x00,0x24,0x48,0x00,0xff,0x00,0x80,0x00,0x00,
  27          0x10,0x08,0x06,0x01,0xff,0x00,0x01,0x02,0x02,0x02,0x02,0xff,0x01,0x01,0x01,0x00,};
  28          
  29          uchar code ji[32]= 
  30          {/*-- ID:5,字符:"技",ASCII编码:BCBC,对应字:宽x高=16x16,画布:宽W=16 高H=16,共32字节*/
  31          0x10,0x10,0x10,0xff,0x10,0x10,0x88,0x88,0x88,0xff,0x88,0x88,0x8c,0x08,0x00,0x00,
  32          0x04,0x44,0x82,0x7f,0x01,0x80,0x81,0x46,0x28,0x10,0x28,0x26,0x41,0xc0,0x40,0x00,};
  33          
  34          uchar code you[32]= 
  35          {/*-- ID:6,字符:"有",ASCII编码:D3D0,对应字:宽x高=16x16,画布:宽W=16 高H=16,共32字节*/
  36          0x04,0x04,0x04,0x84,0xe4,0x3c,0x27,0x24,0x24,0x24,0x24,0xf4,0x24,0x06,0x04,0x00,
  37          0x04,0x02,0x01,0x00,0xff,0x09,0x09,0x09,0x09,0x49,0x89,0x7f,0x00,0x00,0x00,0x00,};
  38          
  39          uchar code xian[32]= 
  40          {/*-- ID:7,字符:"限",ASCII编码:CFDE,对应字:宽x高=16x16,画布:宽W=16 高H=16,共32字节*/
  41          0x00,0xfe,0x02,0x22,0xda,0x06,0x00,0xfe,0x92,0x92,0x92,0x92,0xff,0x02,0x00,0x00,
  42          0x00,0xff,0x08,0x10,0x08,0x07,0x00,0xff,0x42,0x24,0x08,0x14,0x22,0x61,0x20,0x00,};
  43          
  44          uchar code gong[32]= 
  45          {/*-- ID:8,字符:"公",ASCII编码:B9AB,对应字:宽x高=16x16,画布:宽W=16 高H=16,共32字节*/
  46          0x00,0x00,0x80,0x40,0x30,0x0c,0x00,0xc0,0x06,0x18,0x20,0x40,0x80,0x80,0x80,0x00,
  47          0x01,0x01,0x00,0x30,0x28,0x24,0x23,0x20,0x20,0x28,0x30,0x60,0x00,0x01,0x00,0x00,};
  48          
  49          uchar code si[32]= 
  50          {/*-- ID:9,字符:"司",ASCII编码:CBBE,对应字:宽x高=16x16,画布:宽W=16 高H=16,共32字节*/
  51          0x10,0x10,0x92,0x92,0x92,0x92,0x92,0x92,0xd2,0x9a,0x12,0x02,0xff,0x02,0x00,0x00,
  52          0x00,0x00,0x3f,0x10,0x10,0x10,0x10,0x10,0x3f,0x00,0x40,0x80,0x7f,0x00,0x00,0x00};
  53          
  54          
  55          
C51 COMPILER V9.60.7.0   PIC                                                               05/24/2025 15:17:27 PAGE 2   

  56          
  57          //数字
  58          
  59          uchar code one[16]= 
  60          {
  61          /*-- ID:4,字符:"1",ASCII编码:31,对应字:宽x高=8x16,画布:宽W=8 高H=16,共16字节*/
  62          0x00,0x00,0x08,0x08,0xfc,0x00,0x00,0x00,0x00,0x00,0x10,0x10,0x1f,0x10,0x10,0x00,
  63          };
  64          
  65          uchar code two[16]= 
  66          {
  67          /*-- ID:5,字符:"2",ASCII编码:32,对应字:宽x高=8x16,画布:宽W=8 高H=16,共16字节*/
  68          0x00,0x38,0x04,0x04,0x04,0x84,0x78,0x00,0x00,0x18,0x14,0x12,0x11,0x10,0x18,0x00,
  69          };
  70          
  71          uchar code three[16]= 
  72          {
  73          /*-- ID:4,字符:"3",ASCII编码:33,对应字:宽x高=8x16,画布:宽W=8 高H=16,共16字节*/
  74          0x00,0x18,0x04,0x84,0x84,0x44,0x38,0x00,0x00,0x0c,0x10,0x10,0x10,0x11,0x0e,0x00,
  75          };
  76          
  77          uchar code four[16]= 
  78          {
  79          /*-- ID:8,字符:"4",ASCII编码:34,对应字:宽x高=8x16,画布:宽W=8 高H=16,共16字节*/
  80          0x00,0x00,0xc0,0x20,0x18,0xfc,0x00,0x00,0x00,0x03,0x02,0x12,0x12,0x1f,0x12,0x12
  81          };
  82          
  83          
  84          uchar code five[16]= 
  85          {
  86          /*-- ID:0,字符:"5",ASCII编码:35,对应字:宽x高=8x16,画布:宽W=8 高H=16,共16字节*/
  87          0x00,0xfc,0x44,0x44,0x44,0x84,0x04,0x00,0x00,0x0c,0x10,0x10,0x10,0x08,0x07,0x00
  88          };
  89          
  90          uchar code six[16]= 
  91          {
  92          /*-- ID:2,字符:"6",ASCII编码:36,对应字:宽x高=8x16,画布:宽W=8 高H=16,共16字节*/
  93          0x00,0xf0,0x88,0x44,0x44,0x48,0x80,0x00,0x00,0x07,0x08,0x10,0x10,0x10,0x0f,0x00,
  94          };
  95          
  96          uchar code seven[16]= 
  97          {
  98          /*-- ID:0,字符:"7",ASCII编码:37,对应字:宽x高=8x16,画布:宽W=8 高H=16,共16字节*/
  99          0x00,0x0c,0x04,0x04,0xc4,0x34,0x0c,0x00,0x00,0x00,0x00,0x1f,0x00,0x00,0x00,0x00
 100          };
 101          
 102          uchar code eight[16]= 
 103          {
 104          /*-- ID:0,字符:"8",ASCII编码:38,对应字:宽x高=8x16,画布:宽W=8 高H=16,共16字节*/
 105          0x00,0x38,0x44,0x84,0x84,0x44,0x38,0x00,0x00,0x0e,0x11,0x10,0x10,0x11,0x0e,0x00
 106          };
 107          
 108          uchar code nine[16]= 
 109          {
 110          /*-- ID:10,字符:"9",ASCII编码:39,对应字:宽x高=8x16,画布:宽W=8 高H=16,共16字节*/
 111          0x00,0xf8,0x04,0x04,0x04,0x88,0xf0,0x00,0x00,0x00,0x09,0x11,0x11,0x08,0x07,0x00,
 112          };
 113          
 114          
 115          uchar code xing[16]= 
 116          {
 117          /*-- ID:6,字符:"*",ASCII编码:2A,对应字:宽x高=8x16,画布:宽W=8 高H=16,共16字节*/
C51 COMPILER V9.60.7.0   PIC                                                               05/24/2025 15:17:27 PAGE 3   

 118          0x20,0x20,0xc0,0xf8,0xc0,0x20,0x20,0x00,0x01,0x01,0x00,0x07,0x00,0x01,0x01,0x00,
 119          };
 120          
 121          
 122          uchar code JIA[16]= 
 123          {
 124          /*-- ID:0,字符:"+",ASCII编码:2B,对应字:宽x高=8x16,画布:宽W=8 高H=16,共16字节*/
 125          0x00,0x80,0x80,0x80,0xf0,0x80,0x80,0x80,0x00,0x00,0x00,0x00,0x07,0x00,0x00,0x00,
 126          };
 127          
 128          
 129          //字母
 130          
 131          uchar code aa[16]= 
 132          {
 133          /*-- ID:5,字符:"A",ASCII编码:41,对应字:宽x高=8x16,画布:宽W=8 高H=16,共16字节*/
 134          0x00,0x00,0xe0,0x1c,0x70,0x80,0x00,0x00,0x10,0x1e,0x11,0x01,0x01,0x13,0x1c,0x10,
 135          };
 136          uchar code a[16]= 
 137          {
 138          /*-- ID:0,字符:"a",ASCII编码:61,对应字:宽x高=8x16,画布:宽W=8 高H=16,共16字节*/
 139          0x00,0x80,0x40,0x40,0x40,0x80,0x00,0x00,0x00,0x0c,0x12,0x12,0x09,0x1f,0x10,0x00
 140          };
 141          
 142          
 143          uchar code b[16]=
 144          {
 145          /*-- ID:0,字符:"B",ASCII编码:42,对应字:宽x高=8x16,画布:宽W=8 高H=16,共16字节*/
 146          0x04,0xfc,0x44,0x44,0x44,0xb8,0x00,0x00,0x10,0x1f,0x10,0x10,0x10,0x08,0x07,0x00
 147          };
 148          
 149          uchar code C[16]= 
 150          {
 151          /*-- ID:1,字符:"C",ASCII编码:43,对应字:宽x高=8x16,画布:宽W=8 高H=16,共16字节*/
 152          0xe0,0x18,0x04,0x04,0x04,0x04,0x1c,0x00,0x03,0x0c,0x10,0x10,0x10,0x08,0x04,0x00,
 153          };
 154          
 155          uchar code D[16]= 
 156          {
 157          /*-- ID:33,字符:"D",ASCII编码:44,对应字:宽x高=8x16,画布:宽W=8 高H=16,共16字节*/
 158          0x04,0xfc,0x04,0x04,0x04,0x08,0xf0,0x00,0x10,0x1f,0x10,0x10,0x10,0x08,0x07,0x00,
 159          };
 160          
 161          uchar code E[16]= 
 162          {
 163          /*-- ID:16,字符:"E",ASCII编码:45,对应字:宽x高=8x16,画布:宽W=8 高H=16,共16字节*/
 164          0x04,0xfc,0x44,0x44,0xf4,0x04,0x08,0x00,0x10,0x1f,0x10,0x10,0x11,0x10,0x0c,0x00,
 165          };
 166          
 167          uchar code F[16]= 
 168          {
 169          /*-- ID:0,字符:"F",ASCII编码:46,对应字:宽x高=8x16,画布:宽W=8 高H=16,共16字节*/
 170          0x04,0xfc,0x44,0x44,0xf4,0x04,0x08,0x00,0x10,0x1f,0x10,0x00,0x01,0x00,0x00,0x00
 171          };
 172          
 173          
 174          uchar code G[16]= 
 175          {
 176          /*-- ID:23,字符:"G",ASCII编码:47,对应字:宽x高=8x16,画布:宽W=8 高H=16,共16字节*/
 177          0xe0,0x18,0x04,0x04,0x04,0x1c,0x00,0x00,0x03,0x0c,0x10,0x10,0x11,0x0f,0x01,0x00,
 178          };
 179          
C51 COMPILER V9.60.7.0   PIC                                                               05/24/2025 15:17:27 PAGE 4   

 180          uchar code hh[16]= 
 181          {
 182          /*-- ID:18,字符:"H",ASCII编码:48,对应字:宽x高=8x16,画布:宽W=8 高H=16,共16字节*/
 183          0x04,0xfc,0x84,0x80,0x80,0x84,0xfc,0x04,0x10,0x1f,0x10,0x00,0x00,0x10,0x1f,0x10,
 184          };
 185          
 186          uchar code h[16]= 
 187          {
 188          /*-- ID:0,字符:"h",ASCII编码:68,对应字:宽x高=8x16,画布:宽W=8 高H=16,共16字节*/
 189          0x08,0xf8,0x80,0x40,0x40,0x40,0x80,0x00,0x10,0x1f,0x10,0x00,0x00,0x10,0x1f,0x10,
 190          };
 191          
 192          uchar code I[16]= 
 193          {
 194          /*-- ID:14,字符:"I",ASCII编码:49,对应字:宽x高=8x16,画布:宽W=8 高H=16,共16字节*/
 195          0x00,0x04,0x04,0xfc,0x04,0x04,0x00,0x00,0x00,0x10,0x10,0x1f,0x10,0x10,0x00,0x00,
 196          };
 197          
 198          uchar code J[16]= 
 199          {
 200          /*-- ID:0,字符:"J",ASCII编码:4A,对应字:宽x高=8x16,画布:宽W=8 高H=16,共16字节*/
 201          0x00,0x00,0x04,0x04,0xfc,0x04,0x04,0x00,0x60,0x40,0x40,0x40,0x3f,0x00,0x00,0x00,
 202          };
 203          
 204          uchar code K[16]= 
 205          {
 206          /*-- ID:1,字符:"K",ASCII编码:4B,对应字:宽x高=8x16,画布:宽W=8 高H=16,共16字节*/
 207          0x04,0xfc,0x44,0xe0,0x14,0x0c,0x04,0x00,0x10,0x1f,0x10,0x00,0x13,0x1c,0x10,0x00
 208          };
 209          
 210          
 211          uchar code L[16]= 
 212          {
 213          /*-- ID:31,字符:"L",ASCII编码:4C,对应字:宽x高=8x16,画布:宽W=8 高H=16,共16字节*/
 214          0x04,0xfc,0x04,0x00,0x00,0x00,0x00,0x00,0x10,0x1f,0x10,0x10,0x10,0x10,0x18,0x00,
 215          };
 216          
 217          
 218          uchar code M[16]= 
 219          {
 220          /*-- ID:2,字符:"M",ASCII编码:4D,对应字:宽x高=8x16,画布:宽W=8 高H=16,共16字节*/
 221          0x04,0xfc,0xfc,0x00,0xfc,0xfc,0x04,0x00,0x10,0x1f,0x00,0x1f,0x00,0x1f,0x10,0x00,
 222          };
 223          
 224          
 225          uchar code N[16]= 
 226          {
 227          /*-- ID:3,字符:"N",ASCII编码:4E,对应字:宽x高=8x16,画布:宽W=8 高H=16,共16字节*/
 228          0x04,0xfc,0x18,0x60,0x80,0x04,0xfc,0x04,0x10,0x1f,0x10,0x00,0x03,0x0c,0x1f,0x00,
 229          };
 230          
 231          
 232          uchar code O[16]= 
 233          {
 234          /*-- ID:6,字符:"O",ASCII编码:4F,对应字:宽x高=8x16,画布:宽W=8 高H=16,共16字节*/
 235          0xf0,0x08,0x04,0x04,0x04,0x08,0xf0,0x00,0x07,0x08,0x10,0x10,0x10,0x08,0x07,0x00,
 236          };
 237          
 238          uchar code pp[16]= 
 239          {
 240          /*-- ID:0,字符:"P",ASCII编码:50,对应字:宽x高=8x16,画布:宽W=8 高H=16,共16字节*/
 241          0x04,0xfc,0x84,0x84,0x84,0x84,0x78,0x00,0x10,0x1f,0x10,0x00,0x00,0x00,0x00,0x00
C51 COMPILER V9.60.7.0   PIC                                                               05/24/2025 15:17:27 PAGE 5   

 242          };
 243          uchar code p[16]= 
 244          {
 245          /*-- ID:6,字符:"p",ASCII编码:70,对应字:宽x高=8x16,画布:宽W=8 高H=16,共16字节*/
 246          0x40,0xc0,0x80,0x40,0x40,0x80,0x00,0x00,0x40,0x7f,0x48,0x10,0x10,0x08,0x07,0x00,
 247          };
 248          uchar code Q[16]= 
 249          {
 250          /*-- ID:0,字符:"Q",ASCII编码:51,对应字:宽x高=8x16,画布:宽W=8 高H=16,共16字节*/
 251          0xf0,0x08,0x04,0x04,0x04,0x08,0xf0,0x00,0x07,0x08,0x14,0x14,0x18,0x28,0x27,0x00,
 252          };
 253          
 254          uchar code R[16]= 
 255          {
 256          /*-- ID:1,字符:"R",ASCII编码:52,对应字:宽x高=8x16,画布:宽W=8 高H=16,共16字节*/
 257          0x04,0xfc,0x44,0x44,0xc4,0x44,0x38,0x00,0x10,0x1f,0x10,0x00,0x01,0x06,0x18,0x10
 258          };
 259          
 260          uchar code S[16]= 
 261          {
 262          /*-- ID:0,字符:"S",ASCII编码:53,对应字:宽x高=8x16,画布:宽W=8 高H=16,共16字节*/
 263          0x00,0x38,0x44,0x84,0x84,0x04,0x1c,0x00,0x00,0x1c,0x10,0x10,0x10,0x11,0x0e,0x00
 264          };
 265          
 266          uchar code tt[16]= 
 267          {
 268          /*-- ID:15,字符:"T",ASCII编码:54,对应字:宽x高=8x16,画布:宽W=8 高H=16,共16字节*/
 269          0x0c,0x04,0x04,0xfc,0x04,0x04,0x0c,0x00,0x00,0x00,0x10,0x1f,0x10,0x00,0x00,0x00,
 270          };
 271          uchar code t[16]= 
 272          {
 273          /*-- ID:3,字符:"t",ASCII编码:74,对应字:宽x高=8x16,画布:宽W=8 高H=16,共16字节*/
 274          0x00,0x40,0x40,0xf0,0x40,0x40,0x00,0x00,0x00,0x00,0x00,0x0f,0x10,0x10,0x08,0x00,
 275          };
 276          
 277          uchar code U[16]= 
 278          {
 279          /*-- ID:13,字符:"U",ASCII编码:55,对应字:宽x高=8x16,画布:宽W=8 高H=16,共16字节*/
 280          0x04,0xfc,0x04,0x00,0x00,0x04,0xfc,0x04,0x00,0x0f,0x10,0x10,0x10,0x10,0x0f,0x00,
 281          };
 282          
 283          uchar code V[16]= 
 284          {
 285          /*-- ID:0,字符:"V",ASCII编码:56,对应字:宽x高=8x16,画布:宽W=8 高H=16,共16字节*/
 286          0x04,0x3c,0xc4,0x00,0x00,0xe4,0x1c,0x04,0x00,0x00,0x03,0x1c,0x07,0x00,0x00,0x00
 287          };
 288          
 289          
 290          uchar code W[16]= 
 291          {
 292          /*-- ID:0,字符:"W",ASCII编码:57,对应字:宽x高=8x16,画布:宽W=8 高H=16,共16字节*/
 293          0x04,0xfc,0x00,0xfc,0x00,0xfc,0x04,0x00,0x00,0x01,0x1f,0x00,0x1f,0x01,0x00,0x00,
 294          };
 295          
 296          
 297          uchar code X[16]= 
 298          {
 299          /*-- ID:0,字符:"X",ASCII编码:58,对应字:宽x高=8x16,画布:宽W=8 高H=16,共16字节*/
 300          0x04,0x0c,0x34,0xc0,0xc0,0x34,0x0c,0x04,0x10,0x18,0x16,0x01,0x01,0x16,0x18,0x10,
 301          };
 302          
 303          uchar code Y[16]= 
C51 COMPILER V9.60.7.0   PIC                                                               05/24/2025 15:17:27 PAGE 6   

 304          {
 305          /*-- ID:10,字符:"Y",ASCII编码:59,对应字:宽x高=8x16,画布:宽W=8 高H=16,共16字节*/
 306          0x04,0x1c,0x64,0x80,0x64,0x1c,0x04,0x00,0x00,0x00,0x10,0x1f,0x10,0x00,0x00,0x00,
 307          };
 308          
 309          uchar code Z[16]= 
 310          {
 311          /*-- ID:1,字符:"Z",ASCII编码:5A,对应字:宽x高=8x16,画布:宽W=8 高H=16,共16字节*/
 312          0x08,0x04,0x04,0x84,0x64,0x1c,0x04,0x00,0x10,0x1c,0x13,0x10,0x10,0x10,0x0c,0x00
 313          };
 314          
 315          
 316          
 317          
 318          uchar code KG[16]= 
 319          {
 320          /*-- ID:30,字符:" ",ASCII编码:20,对应字:宽x高=8x16,画布:宽W=8 高H=16,共16字节*/
 321          0x00,0x00,0x00,0x00,0x00,0x00,0x00,0x00,0x00,0x00,0x00,0x00,0x00,0x00,0x00,0x00,
 322          };
 323          
 324          uchar code DH[16]= 
 325          {
 326          /*-- ID:29,字符:",",ASCII编码:2C,对应字:宽x高=8x16,画布:宽W=8 高H=16,共16字节*/
 327          0x00,0x00,0x00,0x00,0x00,0x00,0x00,0x00,0x00,0x48,0x38,0x00,0x00,0x00,0x00,0x00,
 328          };
 329          
 330          uchar code DIAN[16]= 
 331          {
 332          /*-- ID:34,字符:".",ASCII编码:2E,对应字:宽x高=8x16,画布:宽W=8 高H=16,共16字节*/
 333          0x00,0x00,0x00,0x00,0x00,0x00,0x00,0x00,0x00,0x18,0x18,0x00,0x00,0x00,0x00,0x00
 334          };
 335          
 336          unsigned char code num[][16]=
 337          {
 338          {0x00,0x07,0x08,0x10,0x10,0x08,0x07,0x00,
 339          0x00,0xF0,0x08,0x04,0x04,0x08,0xF0,0x00},/*"0",0*/
 340          
 341          {0x00,0x08,0x08,0x1F,0x00,0x00,0x00,0x00,
 342          0x00,0x04,0x04,0xFC,0x04,0x04,0x00,0x00},/*"1",1*/
 343          
 344          {0x00,0x0E,0x10,0x10,0x10,0x11,0x0E,0x00,
 345          0x00,0x0C,0x14,0x24,0x44,0x84,0x0C,0x00},/*"2",2*/
 346          
 347          {0x00,0x0C,0x10,0x11,0x11,0x12,0x0C,0x00,
 348          0x00,0x18,0x04,0x04,0x04,0x88,0x70,0x00},/*"3",3*/
 349          
 350          {0x00,0x00,0x03,0x04,0x08,0x1F,0x00,0x00,
 351          0x00,0xE0,0x20,0x24,0x24,0xFC,0x24,0x00},/*"4",4*/
 352          
 353          {0x00,0x1F,0x10,0x11,0x11,0x10,0x10,0x00,
 354          0x00,0x98,0x84,0x04,0x04,0x88,0x70,0x00},/*"5",5*/
 355          
 356          {0x00,0x07,0x08,0x11,0x11,0x18,0x00,0x00,
 357          0x00,0xF0,0x88,0x04,0x04,0x88,0x70,0x00},/*"6",6*/
 358          
 359          {0x00,0x1C,0x10,0x10,0x13,0x1C,0x10,0x00,
 360          0x00,0x00,0x00,0xFC,0x00,0x00,0x00,0x00},/*"7",7*/
 361          
 362          {0x00,0x0E,0x11,0x10,0x10,0x11,0x0E,0x00,
 363          0x00,0x38,0x44,0x84,0x84,0x44,0x38,0x00},/*"8",8*/
 364          
 365          {0x00,0x07,0x08,0x10,0x10,0x08,0x07,0x00,
C51 COMPILER V9.60.7.0   PIC                                                               05/24/2025 15:17:27 PAGE 7   

 366          0x00,0x00,0x8C,0x44,0x44,0x88,0xF0,0x00},/*"9",9*/
 367          };
 368          
 369          unsigned char code PIC_99[]=
 370          {
 371          /*-[数据排列]:从左到右从上到下 [取模方式]:纵向8点下高位 [正负反色]:否
 372          图像尺寸:128x64 画布尺寸:128x64，共1024个字节-*/
 373          0xff,0x01,0x01,0x01,0x01,0x01,0x01,0x01,0x01,0x01,0x01,0x01,0x01,0x01,0x01,0x01,
 374          0x01,0x01,0x01,0x01,0x01,0x01,0x01,0x01,0x01,0x01,0x01,0x01,0x01,0x01,0x01,0x01,
 375          0x01,0x01,0x01,0x01,0x01,0x01,0x01,0x01,0x01,0x01,0x01,0x01,0x01,0x01,0x01,0x01,
 376          0x01,0x01,0x01,0x01,0x01,0x01,0x01,0x01,0x01,0x01,0x01,0x01,0x01,0x01,0x01,0x01,
 377          0x01,0x01,0x01,0x01,0x01,0x01,0x01,0x01,0x01,0x01,0x01,0x01,0x01,0x01,0x01,0x01,
 378          0x01,0x01,0x01,0x01,0x01,0x01,0x01,0x01,0x01,0x01,0x01,0x01,0x01,0x01,0x01,0x01,
 379          0x01,0x01,0x01,0x01,0x01,0x01,0x01,0x01,0x01,0x01,0x01,0x01,0x01,0x01,0x01,0x01,
 380          0x01,0x01,0x01,0x01,0x01,0x01,0x01,0x01,0x01,0x01,0x01,0x01,0x01,0x01,0x01,0xff,
 381          0xff,0x00,0x00,0x00,0x00,0x00,0x00,0x00,0x00,0x00,0x00,0x00,0x00,0x00,0x00,0x00,
 382          0x00,0x00,0x00,0x00,0x00,0x00,0x00,0x00,0x00,0x00,0x00,0x00,0x00,0x00,0x00,0x00,
 383          0x00,0x00,0x00,0x00,0x00,0x00,0x00,0x00,0x00,0x00,0x00,0x00,0x00,0x00,0x00,0x00,
 384          0x00,0x00,0x00,0x00,0x00,0x00,0x00,0x00,0x00,0x00,0x00,0x00,0x00,0x00,0x00,0x00,
 385          0x00,0x00,0x00,0x00,0x00,0x00,0x00,0x00,0x00,0x00,0x00,0x00,0x00,0x00,0x00,0x00,
 386          0x00,0x00,0x00,0x00,0x00,0x00,0x00,0x00,0x00,0x00,0x00,0x00,0x00,0x00,0x00,0x00,
 387          0x00,0x00,0x00,0x00,0x00,0x00,0x00,0x00,0x00,0x00,0x00,0x00,0x00,0x00,0x00,0x00,
 388          0x00,0x00,0x00,0x00,0x00,0x00,0x00,0x00,0x00,0x00,0x00,0x00,0x00,0x00,0x00,0xff,
 389          0xff,0x00,0x00,0x00,0x00,0x00,0x00,0x00,0x00,0x00,0x00,0x00,0x00,0x00,0x00,0x00,
 390          0x00,0x00,0x00,0x00,0x00,0x00,0x00,0x00,0x00,0x00,0x00,0x00,0x00,0x00,0x00,0x00,
 391          0x00,0x00,0x00,0x00,0x00,0x00,0x00,0x00,0x00,0x00,0x00,0x00,0x00,0x00,0x00,0x00,
 392          0x00,0x00,0x00,0x00,0x00,0x00,0x00,0x00,0x00,0x00,0x00,0x00,0x00,0x00,0x00,0x00,
 393          0x00,0x00,0x00,0x00,0x00,0x00,0x00,0x00,0x00,0x00,0x00,0x00,0x00,0x00,0x00,0x00,
 394          0x00,0x00,0x00,0x00,0x00,0x00,0x00,0x00,0x00,0x00,0x00,0x00,0x00,0x00,0x00,0x00,
 395          0x00,0x00,0x00,0x00,0x00,0x00,0x00,0x00,0x00,0x00,0x00,0x00,0x00,0x00,0x00,0x00,
 396          0x00,0x00,0x00,0x00,0x00,0x00,0x00,0x00,0x00,0x00,0x00,0x00,0x00,0x00,0x00,0xff,
 397          0xff,0x00,0x00,0x00,0x00,0x00,0x00,0x00,0x00,0x00,0x00,0x00,0x00,0x00,0x00,0x00,
 398          0x00,0x00,0x00,0x00,0x00,0x00,0x00,0x00,0x00,0x00,0x00,0x00,0x00,0x00,0x00,0x00,
 399          0x00,0x00,0x00,0x00,0x00,0x00,0x00,0x00,0x00,0x00,0x00,0x00,0x00,0x00,0x00,0x00,
 400          0x00,0x00,0x00,0x00,0x00,0x00,0x00,0x00,0x00,0x00,0x00,0x00,0x00,0x00,0x00,0x00,
 401          0x00,0x00,0x00,0x00,0x00,0x00,0x00,0x00,0x00,0x00,0x00,0x00,0x00,0x00,0x00,0x00,
 402          0x00,0x00,0x00,0x00,0x00,0x00,0x00,0x00,0x00,0x00,0x00,0x00,0x00,0x00,0x00,0x00,
 403          0x00,0x00,0x00,0x00,0x00,0x00,0x00,0x00,0x00,0x00,0x00,0x00,0x00,0x00,0x00,0x00,
 404          0x00,0x00,0x00,0x00,0x00,0x00,0x00,0x00,0x00,0x00,0x00,0x00,0x00,0x00,0x00,0xff,
 405          0xff,0x00,0x00,0x00,0x00,0x00,0x00,0x00,0x00,0x00,0x00,0x00,0x00,0x00,0x00,0x00,
 406          0x00,0x00,0x00,0x00,0x00,0x00,0x00,0x00,0x00,0x00,0x00,0x00,0x00,0x00,0x00,0x00,
 407          0x00,0x00,0x00,0x00,0x00,0x00,0x00,0x00,0x00,0x00,0x00,0x00,0x00,0x00,0x00,0x00,
 408          0x00,0x00,0x00,0x00,0x00,0x00,0x00,0x00,0x00,0x00,0x00,0x00,0x00,0x00,0x00,0x00,
 409          0x00,0x00,0x00,0x00,0x00,0x00,0x00,0x00,0x00,0x00,0x00,0x00,0x00,0x00,0x00,0x00,
 410          0x00,0x00,0x00,0x00,0x00,0x00,0x00,0x00,0x00,0x00,0x00,0x00,0x00,0x00,0x00,0x00,
 411          0x00,0x00,0x00,0x00,0x00,0x00,0x00,0x00,0x00,0x00,0x00,0x00,0x00,0x00,0x00,0x00,
 412          0x00,0x00,0x00,0x00,0x00,0x00,0x00,0x00,0x00,0x00,0x00,0x00,0x00,0x00,0x00,0xff,
 413          0xff,0x00,0x00,0x00,0x00,0x00,0x00,0x00,0x00,0x00,0x00,0x00,0x00,0x00,0x00,0x00,
 414          0x00,0x00,0x00,0x00,0x00,0x00,0x00,0x00,0x00,0x00,0x00,0x00,0x00,0x00,0x00,0x00,
 415          0x00,0x00,0x00,0x00,0x00,0x00,0x00,0x00,0x00,0x00,0x00,0x00,0x00,0x00,0x00,0x00,
 416          0x00,0x00,0x00,0x00,0x00,0x00,0x00,0x00,0x00,0x00,0x00,0x00,0x00,0x00,0x00,0x00,
 417          0x00,0x00,0x00,0x00,0x00,0x00,0x00,0x00,0x00,0x00,0x00,0x00,0x00,0x00,0x00,0x00,
 418          0x00,0x00,0x00,0x00,0x00,0x00,0x00,0x00,0x00,0x00,0x00,0x00,0x00,0x00,0x00,0x00,
 419          0x00,0x00,0x00,0x00,0x00,0x00,0x00,0x00,0x00,0x00,0x00,0x00,0x00,0x00,0x00,0x00,
 420          0x00,0x00,0x00,0x00,0x00,0x00,0x00,0x00,0x00,0x00,0x00,0x00,0x00,0x00,0x00,0xff,
 421          0xff,0x00,0x00,0x00,0x00,0x00,0x00,0x00,0x00,0x00,0x00,0x00,0x00,0x00,0x00,0x00,
 422          0x00,0x00,0x00,0x00,0x00,0x00,0x00,0x00,0x00,0x00,0x00,0x00,0x00,0x00,0x00,0x00,
 423          0x00,0x00,0x00,0x00,0x00,0x00,0x00,0x00,0x00,0x00,0x00,0x00,0x00,0x00,0x00,0x00,
 424          0x00,0x00,0x00,0x00,0x00,0x00,0x00,0x00,0x00,0x00,0x00,0x00,0x00,0x00,0x00,0x00,
 425          0x00,0x00,0x00,0x00,0x00,0x00,0x00,0x00,0x00,0x00,0x00,0x00,0x00,0x00,0x00,0x00,
 426          0x00,0x00,0x00,0x00,0x00,0x00,0x00,0x00,0x00,0x00,0x00,0x00,0x00,0x00,0x00,0x00,
 427          0x00,0x00,0x00,0x00,0x00,0x00,0x00,0x00,0x00,0x00,0x00,0x00,0x00,0x00,0x00,0x00,
C51 COMPILER V9.60.7.0   PIC                                                               05/24/2025 15:17:27 PAGE 8   

 428          0x00,0x00,0x00,0x00,0x00,0x00,0x00,0x00,0x00,0x00,0x00,0x00,0x00,0x00,0x00,0xff,
 429          0xff,0x80,0x80,0x80,0x80,0x80,0x80,0x80,0x80,0x80,0x80,0x80,0x80,0x80,0x80,0x80,
 430          0x80,0x80,0x80,0x80,0x80,0x80,0x80,0x80,0x80,0x80,0x80,0x80,0x80,0x80,0x80,0x80,
 431          0x80,0x80,0x80,0x80,0x80,0x80,0x80,0x80,0x80,0x80,0x80,0x80,0x80,0x80,0x80,0x80,
 432          0x80,0x80,0x80,0x80,0x80,0x80,0x80,0x80,0x80,0x80,0x80,0x80,0x80,0x80,0x80,0x80,
 433          0x80,0x80,0x80,0x80,0x80,0x80,0x80,0x80,0x80,0x80,0x80,0x80,0x80,0x80,0x80,0x80,
 434          0x80,0x80,0x80,0x80,0x80,0x80,0x80,0x80,0x80,0x80,0x80,0x80,0x80,0x80,0x80,0x80,
 435          0x80,0x80,0x80,0x80,0x80,0x80,0x80,0x80,0x80,0x80,0x80,0x80,0x80,0x80,0x80,0x80,
 436          0x80,0x80,0x80,0x80,0x80,0x80,0x80,0x80,0x80,0x80,0x80,0x80,0x80,0x80,0x80,0xff
 437          
 438          };
 439          
 440          unsigned char code PIC_5[]=
 441          {
 442          /*-[数据排列]:从左到右从上到下 [取模方式]:纵向8点下高位 [正负反色]:否
 443          图像尺寸:128x64 画布尺寸:128x64，共1024个字节-*/
 444          0x00,0x00,0x00,0x00,0x00,0x00,0x00,0x00,0x00,0x00,0x00,0x00,0x00,0x00,0x00,0x00,
 445          0x00,0x00,0x00,0x00,0x00,0x00,0x00,0x00,0x00,0x00,0x00,0x03,0x07,0x19,0x21,0xc1,
 446          0x01,0x01,0x01,0x01,0x01,0x01,0x61,0xc1,0xc1,0xc1,0xc1,0xc1,0xc1,0xc1,0xc1,0xc1,
 447          0xc1,0xc1,0xc1,0xc1,0xc1,0x61,0x01,0x01,0x01,0x01,0x01,0x01,0x01,0x81,0xc1,0xc1,
 448          0xc1,0xc1,0xc1,0xc1,0xc1,0xc1,0xc1,0xc1,0x41,0x01,0x01,0x01,0x01,0x01,0x01,0x01,
 449          0x01,0x01,0x01,0xc1,0xc1,0xc1,0xc1,0xc1,0xc1,0xc1,0xc1,0xc1,0x41,0x01,0x01,0x01,
 450          0x01,0x01,0x01,0x01,0x01,0x01,0x01,0x81,0xc1,0xc1,0xc1,0xc1,0xc1,0xc1,0xc1,0xc1,
 451          0xc1,0x41,0x01,0x01,0x01,0x01,0x01,0x01,0x01,0xc1,0x61,0x11,0x0d,0x07,0x01,0x00,
 452          0x00,0x00,0x00,0x00,0x00,0x00,0x00,0x00,0x00,0x00,0x00,0x00,0x00,0x00,0x00,0x00,
 453          0x00,0x00,0x00,0x00,0x00,0x00,0x00,0x00,0x00,0x00,0x00,0x00,0x00,0x00,0x00,0x00,
 454          0x03,0x06,0x18,0x30,0xc0,0x80,0x00,0x00,0x01,0x07,0x0f,0x1f,0x7f,0x7f,0x3f,0x1f,
 455          0x0f,0x07,0x03,0x01,0x00,0x00,0x00,0x80,0xc0,0xf0,0xf8,0xfc,0xff,0xff,0xff,0xff,
 456          0xff,0x7f,0x3f,0x1f,0x0f,0x03,0x01,0x00,0x00,0x00,0x00,0x00,0x80,0xc0,0xe0,0xf8,
 457          0xfc,0xfe,0xff,0xff,0xff,0xff,0xff,0xff,0xff,0xff,0xfb,0xf8,0xf8,0xf8,0xf8,0xf8,
 458          0xf8,0xf8,0xf8,0xf8,0xf8,0xfc,0xff,0xff,0xff,0xff,0xff,0x7f,0x3f,0x0f,0x07,0x03,
 459          0x01,0x00,0x80,0xc0,0x20,0x18,0x0c,0x06,0x01,0x00,0x00,0x00,0x00,0x00,0x00,0x00,
 460          0x00,0x00,0x00,0x00,0x00,0x00,0x00,0x00,0x00,0x00,0x00,0x00,0x00,0x00,0x00,0x00,
 461          0x00,0x00,0x00,0x00,0x00,0x00,0x00,0x00,0x00,0x00,0x00,0x00,0x00,0x00,0x00,0x00,
 462          0x00,0x00,0x00,0x00,0x00,0x01,0x06,0x8c,0x70,0x00,0x00,0x00,0x00,0x00,0x00,0x00,
 463          0x00,0x80,0xe0,0xf0,0xf8,0xfe,0xff,0xff,0xff,0xff,0xff,0x7f,0x1f,0x0f,0x07,0x03,
 464          0x00,0x00,0x00,0x00,0x00,0x00,0x80,0xe0,0xf0,0xf8,0xfc,0xff,0xff,0xff,0xff,0xff,
 465          0x7f,0x3f,0x0f,0x07,0x03,0x03,0x03,0x03,0x03,0x03,0x03,0xc3,0xe3,0xf3,0xff,0xff,
 466          0xff,0xff,0xff,0xff,0xff,0x7f,0x1f,0x0f,0x07,0x03,0x00,0x00,0x80,0xc0,0x20,0x18,
 467          0x0c,0x02,0x01,0x00,0x00,0x00,0x00,0x00,0x00,0x00,0x00,0x00,0x00,0x00,0x00,0x00,
 468          0x00,0x00,0x00,0x00,0x00,0x00,0x00,0x00,0x00,0x00,0x00,0x00,0x00,0x00,0x00,0x00,
 469          0x00,0x00,0x00,0x00,0x00,0x00,0x00,0x00,0x00,0x00,0x00,0x00,0x00,0x00,0x00,0x00,
 470          0x00,0x80,0x60,0x30,0x08,0x06,0x03,0x00,0x00,0x00,0x00,0xc0,0xe0,0xf0,0xf8,0xfe,
 471          0xff,0xff,0xff,0xff,0xff,0xbf,0x9f,0x87,0x83,0x81,0x80,0x80,0x80,0x80,0x80,0x80,
 472          0x80,0x80,0x80,0x80,0x80,0x80,0x80,0x80,0x80,0x80,0x80,0x80,0x80,0x80,0x80,0x80,
 473          0x80,0x80,0x80,0x80,0x80,0xc0,0xe0,0xf8,0xfc,0xfe,0xff,0xff,0xff,0xff,0xff,0x3f,
 474          0x1f,0x0f,0x07,0x01,0x00,0x00,0x80,0xc0,0x20,0x18,0x0c,0x02,0x01,0x00,0x00,0x00,
 475          0x00,0x00,0x00,0x00,0x00,0x00,0x00,0x00,0x00,0x00,0x00,0x00,0x00,0x00,0x00,0x00,
 476          0x00,0x00,0x00,0x00,0x00,0x00,0x00,0x00,0x00,0x00,0x00,0x00,0x00,0x00,0x00,0x00,
 477          0x00,0x00,0x00,0x00,0x00,0x00,0x00,0x00,0x00,0x00,0x00,0xc0,0x60,0x10,0x0c,0x06,
 478          0x03,0x00,0x00,0x00,0x00,0x00,0x20,0x30,0x3c,0x3e,0x3f,0x3f,0x3f,0x3f,0x3f,0x3f,
 479          0x3f,0x3f,0x3f,0x3f,0x3f,0x3f,0x3f,0x3f,0x3f,0x3f,0x3f,0x3f,0x3f,0x3f,0x3f,0x3f,
 480          0x3f,0x3f,0x3f,0x3f,0x3f,0x3f,0x3f,0x3f,0x3f,0x3f,0x3f,0x3f,0x3f,0x3f,0x3f,0x3f,
 481          0x3f,0x3f,0x3f,0x3f,0x3f,0x3f,0x3f,0x3f,0x3f,0x3f,0x1f,0x0f,0x03,0x01,0x00,0x00,
 482          0x80,0xc0,0x20,0x18,0x0c,0x02,0x01,0x00,0x00,0x00,0x00,0x00,0x00,0x00,0x00,0x00,
 483          0x00,0x00,0x00,0x00,0x00,0x00,0x00,0x00,0x00,0x00,0x00,0x00,0x00,0x00,0x00,0x00,
 484          0x00,0x00,0x00,0x00,0x00,0x00,0x00,0x00,0x00,0x00,0x00,0x00,0x00,0x00,0x00,0x00,
 485          0x00,0x00,0x00,0x00,0x00,0x00,0x00,0x00,0x04,0x06,0x05,0x04,0x04,0x04,0x04,0x04,
 486          0x04,0x04,0x04,0x04,0x04,0x04,0x04,0x04,0x04,0x04,0x04,0x04,0x04,0x04,0x04,0x04,
 487          0x04,0x04,0x04,0x04,0x04,0x04,0x04,0x04,0x04,0x04,0x04,0x04,0x04,0x04,0x04,0x04,
 488          0x04,0x04,0x04,0x04,0x04,0x04,0x04,0x04,0x04,0x04,0x04,0x04,0x04,0x04,0x04,0x04,
 489          0x04,0x04,0x04,0x04,0x04,0x04,0x04,0x04,0x04,0x04,0x04,0x04,0x04,0x04,0x04,0x02,
C51 COMPILER V9.60.7.0   PIC                                                               05/24/2025 15:17:27 PAGE 9   

 490          0x01,0x00,0x00,0x00,0x00,0x00,0x00,0x00,0x00,0x00,0x00,0x00,0x00,0x00,0x00,0x00,
 491          0x00,0x00,0x00,0x00,0x00,0x00,0x00,0x00,0x00,0x00,0x00,0x00,0x00,0x00,0x00,0x00,
 492          0xe0,0xf0,0xf8,0xf8,0x18,0x18,0x18,0x18,0x18,0x18,0x98,0x98,0x98,0x98,0x98,0x00,
 493          0x00,0x00,0x00,0x18,0x98,0x18,0x18,0x18,0x18,0x18,0x18,0x18,0x18,0x18,0x38,0xf8,
 494          0xf8,0xe0,0x00,0x00,0x00,0x00,0x80,0x00,0x00,0x00,0x00,0x00,0x80,0x00,0x00,0x00,
 495          0x08,0x18,0x78,0xf8,0xe0,0xc0,0x80,0xc0,0xe0,0xf8,0x78,0x18,0x08,0x00,0x00,0x00,
 496          0x00,0x08,0x08,0x08,0x08,0x08,0x08,0x08,0x08,0x08,0x08,0x08,0x08,0x98,0x00,0x00,
 497          0x00,0x00,0xf8,0xf8,0xf8,0x80,0x00,0x00,0x00,0x00,0x00,0x00,0x00,0x80,0xf8,0xf8,
 498          0xf8,0x00,0x00,0x00,0x00,0xf8,0xf8,0xf8,0x00,0x00,0x00,0x00,0x00,0x00,0x00,0x00,
 499          0xf8,0xf8,0xf8,0xf8,0x00,0x00,0x00,0x08,0x98,0x98,0x00,0x00,0x00,0x00,0x00,0x00,
 500          0x0f,0x1f,0x3f,0x3f,0x30,0x30,0x30,0x30,0x30,0x30,0x33,0x33,0x3f,0x3f,0x3f,0x00,
 501          0x00,0x00,0x00,0x3f,0x3f,0x3f,0x30,0x30,0x30,0x30,0x30,0x30,0x30,0x30,0x38,0x3f,
 502          0x3f,0x1f,0x00,0x00,0x00,0x00,0x03,0x03,0x03,0x03,0x03,0x03,0x03,0x01,0x00,0x00,
 503          0x00,0x00,0x00,0x00,0x01,0x3f,0x3f,0x3f,0x01,0x00,0x00,0x00,0x00,0x00,0x00,0x00,
 504          0x00,0x3f,0x3f,0x3f,0x33,0x33,0x33,0x33,0x33,0x33,0x33,0x33,0x33,0x33,0x00,0x00,
 505          0x00,0x00,0x3f,0x3f,0x3f,0x03,0x03,0x03,0x03,0x03,0x03,0x03,0x03,0x03,0x3f,0x3f,
 506          0x3f,0x00,0x00,0x00,0x00,0x1f,0x3f,0x3f,0x30,0x30,0x30,0x30,0x30,0x30,0x30,0x30,
 507          0x37,0x3f,0x3f,0x3f,0x00,0x00,0x00,0x3f,0x3f,0x3f,0x00,0x00,0x00,0x00,0x00,0x00
 508          
 509          };
 510          
 511          
 512          //0~9,ASCII码数组
 513          unsigned char code ASC[10*16]=
 514          {
 515          0x00,0xE0,0x10,0x08,0x08,0x10,0xE0,0x00,0x00,0x07,0x08,0x10,0x10,0x08,0x07,0x00,/*"016"*/
 516          0x00,0x10,0x10,0xF8,0x00,0x00,0x00,0x00,0x00,0x10,0x10,0x1F,0x10,0x10,0x00,0x00,/*"117"*/
 517          0x00,0x30,0x08,0x08,0x08,0x88,0x70,0x00,0x00,0x18,0x14,0x12,0x11,0x10,0x18,0x00,/*"218"*/
 518          0x00,0x30,0x08,0x88,0x88,0x48,0x30,0x00,0x00,0x0C,0x10,0x10,0x10,0x11,0x0E,0x00,/*"319"*/
 519          0x00,0x80,0x40,0x20,0xF8,0x00,0x00,0x00,0x00,0x03,0x02,0x12,0x1F,0x12,0x12,0x00,/*"420"*/
 520          0x00,0xF8,0x88,0x48,0x48,0x48,0x88,0x00,0x00,0x0C,0x10,0x10,0x10,0x10,0x0F,0x00,/*"521"*/
 521          0x00,0xE0,0x10,0x88,0x88,0x98,0x00,0x00,0x00,0x0F,0x11,0x10,0x10,0x10,0x0F,0x00,/*"622"*/
 522          0x00,0x38,0x08,0x08,0xC8,0x38,0x08,0x00,0x00,0x00,0x00,0x1F,0x00,0x00,0x00,0x00,/*"723"*/
 523          0x00,0x70,0x88,0x88,0x88,0x88,0x70,0x00,0x00,0x0E,0x11,0x10,0x10,0x11,0x0E,0x00,/*"824"*/
 524          0x00,0xF0,0x08,0x08,0x08,0x90,0xE0,0x00,0x00,0x00,0x19,0x11,0x11,0x08,0x07,0x00,/*"925"*/
 525          };
 526          
 527          
 528          
 529          
 530          unsigned char code disp_vop[][16]=
 531          {
 532          {0x10,0x1E,0x11,0x00,0x00,0x13,0x1C,0x10,
 533          0x00,0x00,0xE0,0x1C,0x70,0x80,0x00,0x00},/*"V",0*/
 534          
 535          {0x07,0x08,0x10,0x10,0x10,0x08,0x07,0x00,
 536          0xF0,0x08,0x04,0x04,0x04,0x08,0xF0,0x00},/*"O",1*/
 537          
 538          {0x10,0x1F,0x10,0x10,0x10,0x10,0x0F,0x00,
 539          0x04,0xFC,0x84,0x80,0x80,0x80,0x00,0x00},/*"P",2*/
 540          
 541          {0x02,0x02,0x02,0x02,0x02,0x02,0x02,0x00,
 542          0x20,0x20,0x20,0x20,0x20,0x20,0x20,0x00},/*"=",3*/
 543          
 544          {0x00,0x00,0x00,0x00,0x00,0x00,0x00,0x00,
 545          0x00,0x0C,0x0C,0x00,0x00,0x00,0x00,0x00},/*".",4*/
 546          
 547          {0x10,0x1E,0x11,0x00,0x00,0x13,0x1C,0x10,
 548          0x00,0x00,0xE0,0x1C,0x70,0x80,0x00,0x00},/*"V",5*/
 549          
 550          };

C51 COMPILER V9.60.7.0   PIC                                                               05/24/2025 15:17:27 PAGE 10  


MODULE INFORMATION:   STATIC OVERLAYABLE
   CODE SIZE        =   ----    ----
   CONSTANT SIZE    =   3488    ----
   XDATA SIZE       =   ----    ----
   PDATA SIZE       =   ----    ----
   DATA SIZE        =   ----    ----
   IDATA SIZE       =   ----    ----
   BIT SIZE         =   ----    ----
END OF MODULE INFORMATION.


C51 COMPILATION COMPLETE.  0 WARNING(S),  0 ERROR(S)
