C51 COMPILER V9.60.7.0   MAIN                                                              09/20/2025 17:15:06 PAGE 1   


C51 COMPILER V9.60.7.0, COMPILATION OF MODULE MAIN
OBJECT MODULE PLACED IN .\Objects\main.obj
COMPILER INVOKED BY: D:\KEIL_STM32\C51\BIN\C51.EXE main.c OPTIMIZE(8,SPEED) BROWSE DEBUG OBJECTEXTEND PRINT(.\Listings\m
                    -ain.lst) OBJECT(.\Objects\main.obj)

line level    source

   1          //----------------------------------------------------------------------
   2          /*EASTRISING TECHNOLOGY CO,.LTD.*/
   3          // Module    : ERM12864-10 Series
   4          // Lanuage   : C51 Code
   5          // Create    : JAVEN
   6          // Date      : 2022-06-18
   7          // Drive IC  : KS0108/31108/SBN6400
   8          // INTERFACE : 6800_8bit
   9          // MCU           : AT89C52   12M
  10          // VDD           : 5V                                                                         
  11          //***************************************************************************    
  12             
  13          #include <INTRINS.H>    
  14          #include <STDIO.H>     
  15          #include <MATH.H>    
  16          #include <ABSACC.H>    
  17          #include <REG52.H>       
  18             
  19          
  20          sbit RS  =P3^2;    
  21          sbit RW  =P3^3;     
  22          sbit E   =P3^5;    
  23             
  24          sbit CS1 =P3^0;    //active "H"
  25          sbit CS2 =P3^1;    //active "H"   
  26          sbit RES =P3^4;  //LCM Built-in RC Reset
  27          
  28          sbit int0=P2^0; 
  29          
  30          bit loge=0;  
  31          
  32          
  33          
  34          unsigned char Page;     
  35          unsigned char Col;     
  36          unsigned char code BMP3[]; 
  37          unsigned char code BMP4[]; 
  38          unsigned char code font[];
  39          unsigned char code Character[];
  40          
  41          void BusyL(void);
  42          void BusyR(void);
  43          void Locatexy(void);   
  44          void WriteCommandL( unsigned char CommandByte );
  45          void WriteCommandR( unsigned char CommandByte );
  46          unsigned char ReadData( void );
  47          void WriteData( unsigned char DataByte );
  48          void LcmClear( void );
  49          void LcmInit( void );
  50          void LcmPutDots( unsigned char DotByte,unsigned char DotByte1 );
  51          void LcmPutBMP( unsigned char *puts );
  52          void LcmReverseBMP( void );
  53          void Delay(unsigned int MS);
  54          void Display_Chinese();
C51 COMPILER V9.60.7.0   MAIN                                                              09/20/2025 17:15:06 PAGE 2   

  55          void Display_16_16(unsigned char F[],unsigned char i);
  56          void Display_8_8(unsigned char C[],unsigned char i);
  57          
  58          unsigned char code character[]=
  59                  {0x3f,0x15,0x15,0x15,0x15,0x3f,0x00,0x00,               //月
  60                   0x00,0x00,0x48,0x54,0xfe,0x54,0x24,0x00,               //$
  61                   0x00,0x00,0x3e,0x41,0x79,0x49,0x32,0x00};               //G
  62             
  63          /***************************/   
  64          /*Check Busy                 */   
  65          /***************************/   
  66          void BusyL(void)   
  67          {unsigned char flag=0xff;  
  68   1       CS1= 1;       //active "H"
  69   1       CS2= 0;   
  70   1       RS = 0;   
  71   1       RW = 1;  
  72   1      
  73   1       P1 = 0xFF; 
  74   1      while ((flag&0x80)==0x80)
  75   1       {
  76   2       E=1;
  77   2       _nop_();
  78   2       flag=P1;
  79   2       E=0;
  80   2       }    
  81   1      }   
  82             
  83          void BusyR(void)   
  84          { unsigned char flag=0xff;  
  85   1       CS1= 0;   
  86   1       CS2= 1;        //active "H"
  87   1       RS = 0;    
  88   1       RW = 1; 
  89   1      
  90   1       P1 = 0xFF;  
  91   1      while ((flag&0x80)==0x80)
  92   1       {
  93   2       E=1;
  94   2       _nop_();
  95   2       flag=P1;
  96   2       E=0;
  97   2       }  
  98   1      }   
  99             
 100           
 101          
 102             
 103            
 104          void Locatexy(void)   
 105          {   
 106   1       unsigned char x,y;   
 107   1       switch (Col&0xc0) /*  col.and.0xC0 */   
 108   1       {    
 109   2        case 0: {BusyL();break;}  
 110   2        case 0x40: {BusyR();break;}  
 111   2       }   
 112   1       x = Col&0x3F|0x40; /* col.and.0x3f.or.Set X Address*/   
 113   1       y = Page&0x07|0xB8; /* row.and.0x07.or.set Page */   
 114   1         
 115   1       RS = 0;      
 116   1       RW = 0;      
C51 COMPILER V9.60.7.0   MAIN                                                              09/20/2025 17:15:06 PAGE 3   

 117   1       P1 = y;  
 118   1       E  = 1;   
 119   1       _nop_();   
 120   1       E  = 0;   
 121   1       _nop_();   
 122   1       
 123   1       RS = 0;   
 124   1       RW = 0;   
 125   1       P1 = x;      
 126   1       E  = 1;   
 127   1       _nop_();   
 128   1       E  = 0;   
 129   1       _nop_(); 
 130   1       
 131   1      
 132   1      }   
 133          /***************************/   
 134          /*Write command 1-64               */   
 135          /***************************/      
 136          void WriteCommandL( unsigned char CommandByte )   
 137          {   
 138   1       BusyL();   
 139   1       P1 = CommandByte;   
 140   1       RS = 0;   
 141   1       RW = 0;   
 142   1       E  = 1;   
 143   1       _nop_();   
 144   1       E  = 0;   
 145   1       _nop_();   
 146   1      }   
 147          /***************************/   
 148          /*Write command 65-128                */   
 149          /***************************/     
 150          void WriteCommandR( unsigned char CommandByte )   
 151          {   
 152   1       BusyR();   
 153   1       P1 = CommandByte;   
 154   1       RS = 0;    
 155   1       RW = 0;   
 156   1       E  = 1;   
 157   1       _nop_();   
 158   1       E  = 0;   
 159   1       _nop_();   
 160   1      }   
 161          
 162          /***************************/   
 163          /*Read data                 */   
 164          /***************************/   
 165          unsigned char ReadData( void )   
 166          {   
 167   1       unsigned char DataByte;   
 168   1       Locatexy();   
 169   1       RS = 1;    
 170   1       RW = 1;  
 171   1       P1 = 0xFF;  
 172   1        _nop_();   
 173   1       
 174   1       E  = 1;    
 175   1       _nop_();   
 176   1      
 177   1       DataByte = P1;  
 178   1       E  = 0;   
C51 COMPILER V9.60.7.0   MAIN                                                              09/20/2025 17:15:06 PAGE 4   

 179   1       _nop_();  
 180   1       CS1=0;
 181   1       CS2=0;
 182   1       return DataByte;   
 183   1      }   
 184             
 185           /***************************/   
 186          /*Write data                 */   
 187          /***************************/
 188          void WriteData( unsigned char DataByte )   
 189          {   
 190   1       Locatexy();   
 191   1       RS = 1;    
 192   1       RW = 0;     
 193   1       P1 = DataByte; 
 194   1       E  = 1;    
 195   1       _nop_();   
 196   1       E  = 0;   
 197   1       _nop_(); 
 198   1       CS1=0;
 199   1       CS2=0;
 200   1      }   
 201             
 202          void LcmClear( void )   
 203          {   
 204   1       Page = 0;   
 205   1       Col  = 0;   
 206   1       for(Page=0;Page<8;Page++)   
 207   1        for(Col=0;Col<128;Col++)   
 208   1         WriteData(0);   
 209   1      }   
 210             
 211          void LcmInit( void )   
 212          {   
 213   1       WriteCommandL(0x3f); //DISPALY ON
 214   1       WriteCommandR(0x3f);   
 215   1         
 216   1       WriteCommandL(0xc0); //SET START ADDRESS  
 217   1       WriteCommandR(0xc0);   
 218   1         
 219   1       WriteCommandL(0x3f); //DISPLAY ON  
 220   1       WriteCommandR(0x3f);   
 221   1           
 222   1      }   
 223             
 224          void LcmPutDots( unsigned char DotByte,unsigned char DotByte1 )   
 225          {   
 226   1       Page = 0;   
 227   1       Col  = 0;   
 228   1       for(Page=0;Page<8;Page++)   
 229   1       {   
 230   2        for(Col=0;Col<128;Col++)   
 231   2        {   
 232   3         WriteData( DotByte );
 233   3         Col++;
 234   3         WriteData( DotByte1 );  
 235   3        } 
 236   2          
 237   2       }   
 238   1      }   
 239             
 240          void LcmPutBMP( unsigned char *puts )   
C51 COMPILER V9.60.7.0   MAIN                                                              09/20/2025 17:15:06 PAGE 5   

 241          {   
 242   1       unsigned int X=0;   
 243   1       Page = 0;   
 244   1       Col  = 0;   
 245   1       for(Page=0;Page<8;Page++)   
 246   1       {   
 247   2        for(Col=0;Col<128;Col++)   
 248   2        {   
 249   3         WriteData( puts[X] );   
 250   3         X++;   
 251   3        }   
 252   2       }   
 253   1      }   
 254          
 255          void LcmReverseBMPP( unsigned char *puts )   
 256          {   
 257   1       unsigned int X=0;   
 258   1       Page = 0;   
 259   1       Col  = 0;   
 260   1       for(Page=0;Page<8;Page++)   
 261   1       {   
 262   2        for(Col=0;Col<128;Col++)   
 263   2        {   
 264   3         WriteData(~puts[X] );   
 265   3         X++;   
 266   3        }   
 267   2       }   
 268   1      }     
 269          
 270          /*void LcmReverseBMP( void )   
 271          {   
 272           unsigned char temp;   
 273           Page = 0;   
 274           Col  = 0;   
 275           for(Page=0;Page<8;Page++)   
 276           {   
 277            for(Col=0;Col<128;Col++)   
 278            {   
 279             temp = ReadData();   
 280          
 281             temp = ReadData();   
 282             temp = ~temp;   
 283             WriteData(temp);   
 284            }   
 285           }   
 286          }*/   
 287          
 288          void Display_8_8(unsigned char C[],unsigned char i)
 289          { unsigned char k,num=0;
 290   1       num=i*0x08;
 291   1       for(k=0;k<0x08;k++)
 292   1       {
 293   2        WriteData(C[num+k]);
 294   2        Col+=0x01;
 295   2       } 
 296   1      
 297   1      }
 298          
 299          
 300          void Display_16_16(unsigned char F[],unsigned char i)
 301          {
 302   1       unsigned char k=0;
C51 COMPILER V9.60.7.0   MAIN                                                              09/20/2025 17:15:06 PAGE 6   

 303   1       unsigned int   num=0;
 304   1       num=i*0x20;
 305   1      
 306   1       for(k=0;k<0x10;k++)
 307   1       {
 308   2        WriteData(F[num+k]);
 309   2        Col+=0x01;
 310   2       } 
 311   1        Col-=0x10;
 312   1        Page+=0x01;   
 313   1        for(k=16;k<0x20;k++)
 314   1       {
 315   2        WriteData(F[num+k]);
 316   2        Col+=0x01;
 317   2       } 
 318   1        Page-=0x01; 
 319   1        Delay(80); 
 320   1      }
 321          
 322          void Display_character()
 323          { unsigned char k,c, a=0;
 324   1       
 325   1       Col  = 0;
 326   1       for(c=0;c<8;c++)
 327   1       { Page = c; 
 328   2              for(k=0;k<16;k++)
 329   2              { Display_8_8(character,0);
 330   3              }
 331   2       Col  = 0;
 332   2       }
 333   1        Delay(1500);
 334   1      
 335   1       for(c=0;c<8;c++)
 336   1       { Page = c; 
 337   2              for(k=0;k<16;k++)
 338   2              { Display_8_8(character,1);
 339   3              }
 340   2       Col  = 0;
 341   2       }
 342   1        Delay(1500);
 343   1      
 344   1       for(c=0;c<8;c++)
 345   1       { Page = c; 
 346   2              for(k=0;k<16;k++)
 347   2              { Display_8_8(character,2);
 348   3              }
 349   2       Col  = 0;
 350   2       }
 351   1        Delay(1000);
 352   1      
 353   1      
 354   1      }
 355          
 356          
 357          
 358          void Display_Chinese()
 359          {unsigned char a=0;
 360   1       Page = 0;   
 361   1       Col  = 0;
 362   1       for(a=0;a<8;a++)
 363   1       {
 364   2       Display_16_16(font,a);
C51 COMPILER V9.60.7.0   MAIN                                                              09/20/2025 17:15:06 PAGE 7   

 365   2       }
 366   1       Page = 2;   
 367   1       Col  = 0;
 368   1       for(a=8;a<16;a++)
 369   1       {
 370   2       Display_16_16(font,a);
 371   2       }
 372   1      
 373   1       Page = 4;   
 374   1       Col  = 0;
 375   1       for(a=16;a<24;a++)
 376   1       {
 377   2       Display_16_16(font,a);
 378   2       }
 379   1      
 380   1       Page = 6;   
 381   1       Col  = 0;
 382   1       for(a=24;a<32;a++)
 383   1       {
 384   2       Display_16_16(font,a);
 385   2       }
 386   1      
 387   1      }
 388          
 389          
 390             
 391          void Delay(unsigned int MS)   
 392          {   
 393   1       unsigned char us,usn;   
 394   1       while(MS!=0)   
 395   1       {   
 396   2        usn = 2; //for 12M    
 397   2        while(usn!=0)   
 398   2        {   
 399   3         us=0xf6;   
 400   3         while (us!=0){us--;};   
 401   3         usn--;   
 402   3        }   
 403   2        MS--;   
 404   2       }  
 405   1       while(loge);
 406   1      }   
 407          
 408          
 409          
 410          void Step(void) interrupt 0 using 0
 411          { _nop_(); 
 412   1        _nop_(); 
 413   1        _nop_();
 414   1        _nop_();
 415   1        _nop_();
 416   1        _nop_();
 417   1        _nop_();
 418   1        _nop_();
 419   1        _nop_();
 420   1        _nop_();
 421   1        _nop_();
 422   1        _nop_();
 423   1        _nop_();
 424   1        _nop_();
 425   1        _nop_();
 426   1        _nop_();
C51 COMPILER V9.60.7.0   MAIN                                                              09/20/2025 17:15:06 PAGE 8   

 427   1        _nop_();
 428   1        _nop_();
 429   1        _nop_();
 430   1        _nop_(); 
 431   1        _nop_(); 
 432   1        _nop_();
 433   1        _nop_();
 434   1        _nop_();
 435   1        _nop_();
 436   1        _nop_();
 437   1        _nop_();
 438   1        _nop_();
 439   1        _nop_();
 440   1        _nop_();
 441   1        _nop_();
 442   1        _nop_();
 443   1        _nop_();
 444   1        _nop_();
 445   1        _nop_();
 446   1        _nop_();
 447   1        _nop_();
 448   1        _nop_();
 449   1              if(int0==0)
 450   1              loge=!loge;
 451   1          while(!int0);
 452   1        return;
 453   1      
 454   1      }
 455          
 456             
 457          void Main( void )   
 458          {      
 459   1       Delay(20);  
 460   1       IE=0x81;
 461   1       IP=0x01;
 462   1       TCON=0x01;
 463   1       int0=1;  
 464   1       LcmInit();   
 465   1       LcmClear();   
 466   1       while(1)   
 467   1       {
 468   2      LcmPutDots(0x55,0xaa);
 469   2       Delay(5000); 
 470   2        LcmPutDots(0xaa,0x55);
 471   2        Delay(5000);
 472   2        
 473   2       LcmPutDots(0x55,0x55);
 474   2       Delay(5000); 
 475   2        LcmPutDots(0xaa,0xaa);
 476   2        Delay(5000); 
 477   2      
 478   2        LcmPutDots(0xff,0x00);
 479   2        Delay(5000); 
 480   2        LcmPutDots(0x00,0xff);
 481   2        Delay(5000); 
 482   2      
 483   2           
 484   2      //   LcmPutBMP(BMP3);   
 485   2      //  Delay(5000); 
 486   2      
 487   2      // LcmReverseBMPP(BMP3);   
 488   2      //  Delay(5000); 
C51 COMPILER V9.60.7.0   MAIN                                                              09/20/2025 17:15:06 PAGE 9   

 489   2      // LcmPutBMP(BMP4);   
 490   2      //  Delay(5000); 
 491   2      //    LcmReverseBMPP(BMP4);   
 492   2       // Delay(5000);        
 493   2        LcmClear(); 
 494   2      //  Display_Chinese();
 495   2      //  Delay(5000); 
 496   2        Display_character();
 497   2        Delay(5000);
 498   2       }   
 499   1      }   
 500            
 501          
 502          unsigned char code font[]=
 503          {
 504          
 505          /*--  文字:  深  --*/
 506          /*--  宋体12;  此字体下对应的点阵为：宽x高=16x16   --*/
 507          0x10,0x61,0x06,0xE0,0x00,0x26,0x22,0x1A,0x02,0xC2,0x0A,0x12,0x32,0x06,0x02,0x00,
 508          0x04,0xFC,0x03,0x20,0x20,0x11,0x11,0x09,0x05,0xFF,0x05,0x09,0x19,0x31,0x10,0x00,
 509          
 510          /*--  文字:  圳  --*/
 511          /*--  宋体12;  此字体下对应的点阵为：宽x高=16x16   --*/
 512          0x10,0x10,0x10,0xFE,0x10,0x10,0xFE,0x00,0x00,0xFC,0x00,0x00,0x00,0xFE,0x00,0x00,
 513          0x08,0x08,0x04,0x47,0x24,0x18,0x07,0x00,0x00,0x1F,0x00,0x00,0x00,0x7F,0x00,0x00,
 514          
 515          /*--  文字:  广  --*/
 516          /*--  宋体12;  此字体下对应的点阵为：宽x高=16x16   --*/
 517          0x00,0x00,0xF8,0x08,0x08,0x08,0x08,0x09,0x0E,0x08,0x08,0x08,0x08,0x08,0x00,0x00,
 518          0x80,0x60,0x1F,0x00,0x00,0x00,0x00,0x00,0x00,0x00,0x00,0x00,0x00,0x00,0x00,0x00,
 519          
 520          /*--  文字:  东  --*/
 521          /*--  宋体12;  此字体下对应的点阵为：宽x高=16x16   --*/
 522          0x00,0x04,0x04,0xC4,0xB4,0x8C,0x87,0x84,0xF4,0x84,0x84,0x84,0x84,0x04,0x00,0x00,
 523          0x00,0x00,0x20,0x18,0x0E,0x04,0x20,0x40,0xFF,0x00,0x02,0x04,0x18,0x30,0x00,0x00,
 524          
 525          /*--  文字:  烨  --*/
 526          /*--  宋体12;  此字体下对应的点阵为：宽x高=16x16   --*/
 527          0x80,0x70,0x00,0xFF,0x10,0x28,0x10,0xFC,0x03,0x40,0x20,0x7F,0x88,0x86,0xE0,0x00,
 528          0x80,0x60,0x18,0x07,0x08,0x30,0x04,0x05,0x04,0x04,0xFF,0x04,0x04,0x04,0x04,0x00,
 529          
 530          /*--  文字:  辉  --*/
 531          /*--  宋体12;  此字体下对应的点阵为：宽x高=16x16   --*/
 532          0x44,0x58,0xC0,0x7F,0xD0,0x48,0x26,0x22,0xE2,0x3A,0xA2,0x22,0x22,0x2A,0x06,0x00,
 533          0x80,0x60,0x1F,0x00,0x7F,0x20,0x10,0x13,0x12,0x12,0xFF,0x12,0x12,0x12,0x10,0x00,
 534          
 535          /*--  文字:  科  --*/
 536          /*--  宋体12;  此字体下对应的点阵为：宽x高=16x16   --*/
 537          0x10,0x12,0x92,0x72,0xFE,0x51,0x91,0x00,0x22,0xCC,0x00,0x00,0xFF,0x00,0x00,0x00,
 538          0x04,0x02,0x01,0x00,0xFF,0x00,0x04,0x04,0x04,0x02,0x02,0x02,0xFF,0x01,0x01,0x00,
 539          
 540          /*--  文字:  技  --*/
 541          /*--  宋体12;  此字体下对应的点阵为：宽x高=16x16   --*/
 542          0x08,0x08,0x88,0xFF,0x48,0x28,0x00,0xC8,0x48,0x48,0x7F,0x48,0xC8,0x48,0x08,0x00,
 543          0x01,0x41,0x80,0x7F,0x00,0x40,0x40,0x20,0x13,0x0C,0x0C,0x12,0x21,0x60,0x20,0x00,
 544          
 545          /*--  文字:  有  --*/
 546          /*--  宋体12;  此字体下对应的点阵为：宽x高=16x16   --*/
 547          0x00,0x04,0x84,0x44,0xE4,0x34,0x2C,0x27,0x24,0x24,0x24,0xE4,0x04,0x04,0x04,0x00,
 548          0x02,0x01,0x00,0x00,0xFF,0x09,0x09,0x09,0x29,0x49,0xC9,0x7F,0x00,0x00,0x00,0x00,
 549          
 550          /*--  文字:  限  --*/
C51 COMPILER V9.60.7.0   MAIN                                                              09/20/2025 17:15:06 PAGE 10  

 551          /*--  宋体12;  此字体下对应的点阵为：宽x高=16x16   --*/
 552          0xFE,0x02,0x32,0x4E,0x82,0x00,0xFE,0x4A,0xCA,0x4A,0x4A,0x4A,0x7E,0x00,0x00,0x00,
 553          0xFF,0x00,0x02,0x04,0x03,0x00,0xFF,0x40,0x20,0x03,0x0C,0x12,0x21,0x60,0x20,0x00,
 554          
 555          /*--  文字:  公  --*/
 556          /*--  宋体12;  此字体下对应的点阵为：宽x高=16x16   --*/
 557          0x00,0x00,0x80,0x40,0x30,0x0E,0x84,0x00,0x00,0x0E,0x10,0x60,0xC0,0x80,0x80,0x00,
 558          0x00,0x01,0x20,0x70,0x28,0x24,0x23,0x31,0x10,0x10,0x14,0x78,0x30,0x01,0x00,0x00,
 559          
 560          /*--  文字:  司  --*/
 561          /*--  宋体12;  此字体下对应的点阵为：宽x高=16x16   --*/
 562          0x00,0x10,0x92,0x92,0x92,0x92,0x92,0x92,0x92,0x92,0x12,0x02,0x02,0xFE,0x00,0x00,
 563          0x00,0x00,0x1F,0x04,0x04,0x04,0x04,0x04,0x04,0x0F,0x00,0x20,0x40,0x3F,0x00,0x00,
 564          
 565          /*--  文字:  创  --*/
 566          /*--  宋体12;  此字体下对应的点阵为：宽x高=16x16   --*/
 567          0x40,0x20,0xD0,0x4C,0x43,0x44,0x48,0xD8,0x30,0x10,0x00,0xFC,0x00,0x00,0xFF,0x00,
 568          0x00,0x00,0x3F,0x40,0x40,0x42,0x44,0x43,0x78,0x00,0x00,0x07,0x20,0x40,0x3F,0x00,
 569          
 570          /*--  文字:  建  --*/
 571          /*--  宋体12;  此字体下对应的点阵为：宽x高=16x16   --*/
 572          0x00,0x42,0x62,0x5A,0xC6,0x10,0x54,0x54,0x54,0xFF,0x54,0x54,0x7C,0x10,0x10,0x00,
 573          0x40,0x23,0x14,0x08,0x17,0x28,0x29,0x49,0x49,0x7F,0x49,0x49,0x49,0x49,0x40,0x00,
 574          
 575          /*--  文字:  于  --*/
 576          /*--  宋体12;  此字体下对应的点阵为：宽x高=16x16   --*/
 577          0x40,0x40,0x42,0x42,0x42,0x42,0x42,0xFE,0x42,0x42,0x42,0x42,0x42,0x42,0x40,0x00,
 578          0x00,0x00,0x00,0x00,0x20,0x40,0x80,0x7F,0x00,0x00,0x00,0x00,0x00,0x00,0x00,0x00,
 579          
 580          /*--  文字:  二  --*/
 581          /*--  宋体12;  此字体下对应的点阵为：宽x高=16x16   --*/
 582          0x00,0x00,0x04,0x04,0x04,0x04,0x04,0x04,0x04,0x04,0x04,0x06,0x04,0x00,0x00,0x00,
 583          0x00,0x10,0x10,0x10,0x10,0x10,0x10,0x10,0x10,0x10,0x10,0x10,0x10,0x18,0x10,0x00,
 584          
 585          /*--  文字:  零  --*/
 586          /*--  宋体12;  此字体下对应的点阵为：宽x高=16x16   --*/
 587          0x00,0x0C,0x04,0x55,0x55,0x55,0x85,0x7F,0x85,0x55,0x55,0x55,0x05,0x0C,0x04,0x00,
 588          0x04,0x04,0x04,0x0A,0x0A,0x09,0x2A,0xCC,0x28,0x19,0x09,0x02,0x06,0x02,0x02,0x00,
 589          
 590          /*--  文字:  零  --*/
 591          /*--  宋体12;  此字体下对应的点阵为：宽x高=16x16   --*/
 592          0x00,0x0C,0x04,0x55,0x55,0x55,0x85,0x7F,0x85,0x55,0x55,0x55,0x05,0x0C,0x04,0x00,
 593          0x04,0x04,0x04,0x0A,0x0A,0x09,0x2A,0xCC,0x28,0x19,0x09,0x02,0x06,0x02,0x02,0x00,
 594          
 595          /*--  文字:  三  --*/
 596          /*--  宋体12;  此字体下对应的点阵为：宽x高=16x16   --*/
 597          0x00,0x04,0x84,0x84,0x84,0x84,0x84,0x84,0x84,0x84,0x84,0x84,0x84,0x04,0x00,0x00,
 598          0x00,0x20,0x20,0x20,0x20,0x20,0x20,0x20,0x20,0x20,0x20,0x20,0x20,0x20,0x20,0x00,
 599          
 600          /*--  文字:  年  --*/
 601          /*--  宋体12;  此字体下对应的点阵为：宽x高=16x16   --*/
 602          0x40,0x20,0x10,0x0C,0xE3,0x22,0x22,0x22,0xFE,0x22,0x22,0x22,0x22,0x02,0x00,0x00,
 603          0x04,0x04,0x04,0x04,0x07,0x04,0x04,0x04,0xFF,0x04,0x04,0x04,0x04,0x04,0x04,0x00,
 604          
 605          /*--  文字:  是  --*/
 606          /*--  宋体12;  此字体下对应的点阵为：宽x高=16x16   --*/
 607          0x80,0x80,0x80,0x80,0xBE,0xAA,0xAA,0xAA,0xAA,0xAA,0xAA,0xBE,0x80,0x80,0x80,0x00,
 608          0x00,0x40,0x20,0x10,0x0E,0x10,0x20,0x3F,0x44,0x44,0x44,0x44,0x44,0x40,0x40,0x00,
 609          
 610          /*--  文字:  一  --*/
 611          /*--  宋体12;  此字体下对应的点阵为：宽x高=16x16   --*/
 612          0x00,0x80,0x80,0x80,0x80,0x80,0x80,0x80,0x80,0x80,0x80,0x80,0x80,0xC0,0x80,0x00,
C51 COMPILER V9.60.7.0   MAIN                                                              09/20/2025 17:15:06 PAGE 11  

 613          0x00,0x00,0x00,0x00,0x00,0x00,0x00,0x00,0x00,0x00,0x00,0x00,0x00,0x00,0x00,0x00,
 614          
 615          /*--  文字:  家  --*/
 616          /*--  宋体12;  此字体下对应的点阵为：宽x高=16x16   --*/
 617          0x00,0x18,0x04,0x14,0x94,0x94,0xD5,0xB6,0x14,0x14,0x94,0x04,0x14,0x0C,0x04,0x00,
 618          0x00,0x29,0x29,0x15,0x14,0x4A,0x89,0x44,0x3F,0x06,0x09,0x09,0x10,0x30,0x10,0x00,
 619          
 620          /*--  文字:  专  --*/
 621          /*--  宋体12;  此字体下对应的点阵为：宽x高=16x16   --*/
 622          0x20,0x20,0x24,0x24,0xA4,0x64,0x3C,0x27,0x24,0x24,0xA4,0x24,0x24,0x20,0x20,0x00,
 623          0x00,0x00,0x00,0x00,0x01,0x01,0x09,0x11,0x29,0x45,0x03,0x01,0x00,0x00,0x00,0x00,
 624          
 625          /*--  文字:  门  --*/
 626          /*--  宋体12;  此字体下对应的点阵为：宽x高=16x16   --*/
 627          0x00,0x00,0xF8,0x01,0x06,0x00,0x02,0x02,0x02,0x02,0x02,0x02,0x02,0xFE,0x00,0x00,
 628          0x00,0x00,0xFF,0x00,0x00,0x00,0x00,0x00,0x00,0x00,0x00,0x40,0x80,0x7F,0x00,0x00,
 629          
 630          /*--  文字:  从  --*/
 631          /*--  宋体12;  此字体下对应的点阵为：宽x高=16x16   --*/
 632          0x00,0x00,0x00,0x00,0xFF,0x00,0x00,0x00,0x80,0x7F,0x80,0x00,0x00,0x00,0x00,0x00,
 633          0x40,0x20,0x18,0x07,0x80,0x41,0x36,0x18,0x07,0x00,0x01,0x06,0x18,0x70,0x20,0x00,
 634          
 635          /*--  文字:  事  --*/
 636          /*--  宋体12;  此字体下对应的点阵为：宽x高=16x16   --*/
 637          0x02,0x02,0x82,0xBA,0xAA,0xAA,0xAA,0xFF,0xAA,0xAA,0xAA,0xAA,0xBA,0x02,0x02,0x00,
 638          0x02,0x02,0x0A,0x0A,0x2A,0x4A,0x8A,0x7F,0x0A,0x0A,0x0A,0x0A,0x1F,0x02,0x02,0x00,
 639          
 640          /*--  文字:  液  --*/
 641          /*--  宋体12;  此字体下对应的点阵为：宽x高=16x16   --*/
 642          0x10,0x61,0x06,0xE0,0x18,0x84,0xE4,0x1C,0x84,0x65,0xBE,0x24,0xA4,0x64,0x04,0x00,
 643          0x04,0x04,0xFF,0x00,0x01,0x00,0xFF,0x41,0x21,0x12,0x0C,0x1B,0x61,0xC0,0x40,0x00,
 644          
 645          /*--  文字:  晶  --*/
 646          /*--  宋体12;  此字体下对应的点阵为：宽x高=16x16   --*/
 647          0x00,0x00,0x00,0x00,0x7E,0x2A,0x2A,0x2A,0x2A,0x2A,0x2A,0x7E,0x00,0x00,0x00,0x00,
 648          0x00,0x7F,0x25,0x25,0x25,0x25,0x7F,0x00,0x00,0x7F,0x25,0x25,0x25,0x25,0x7F,0x00,
 649          
 650          /*--  文字:  屏  --*/
 651          /*--  宋体12;  此字体下对应的点阵为：宽x高=16x16   --*/
 652          0x00,0x00,0xFF,0x09,0x49,0x59,0xE9,0x49,0x49,0x49,0xE9,0x59,0x49,0x4F,0x00,0x00,
 653          0x40,0x30,0x0F,0x82,0x42,0x32,0x0F,0x02,0x02,0x02,0xFF,0x02,0x02,0x02,0x02,0x00,
 654          
 655          /*--  文字:  液  --*/
 656          /*--  宋体12;  此字体下对应的点阵为：宽x高=16x16   --*/
 657          0x10,0x61,0x06,0xE0,0x18,0x84,0xE4,0x1C,0x84,0x65,0xBE,0x24,0xA4,0x64,0x04,0x00,
 658          0x04,0x04,0xFF,0x00,0x01,0x00,0xFF,0x41,0x21,0x12,0x0C,0x1B,0x61,0xC0,0x40,0x00,
 659          
 660          /*--  文字:  晶  --*/
 661          /*--  宋体12;  此字体下对应的点阵为：宽x高=16x16   --*/
 662          0x00,0x00,0x00,0x00,0x7E,0x2A,0x2A,0x2A,0x2A,0x2A,0x2A,0x7E,0x00,0x00,0x00,0x00,
 663          0x00,0x7F,0x25,0x25,0x25,0x25,0x7F,0x00,0x00,0x7F,0x25,0x25,0x25,0x25,0x7F,0x00,
 664          
 665          /*--  文字:  模  --*/
 666          /*--  宋体12;  此字体下对应的点阵为：宽x高=16x16   --*/
 667          0x10,0xD0,0xFF,0x50,0x90,0x04,0xF4,0x54,0x5F,0x54,0x54,0x5F,0xF4,0x04,0x00,0x00,
 668          0x03,0x00,0xFF,0x00,0x00,0x84,0x85,0x45,0x35,0x0F,0x15,0x25,0x65,0xC4,0x44,0x00,
 669          
 670          /*--  文字:  块  --*/
 671          /*--  宋体12;  此字体下对应的点阵为：宽x高=16x16   --*/
 672          0x10,0x10,0xFF,0x10,0x10,0x00,0x08,0x08,0xFF,0x08,0x08,0x08,0xF8,0x00,0x00,0x00,
 673          0x08,0x18,0x0F,0x04,0x85,0x41,0x31,0x0D,0x03,0x05,0x09,0x11,0x31,0x61,0x21,0x00,
 674          
C51 COMPILER V9.60.7.0   MAIN                                                              09/20/2025 17:15:06 PAGE 12  

 675          /*--  文字:  研  --*/
 676          /*--  宋体12;  此字体下对应的点阵为：宽x高=16x16   --*/
 677          0x02,0xC2,0xF2,0x4E,0xC2,0x02,0x40,0x42,0xFE,0x42,0x42,0x42,0xFE,0x42,0x42,0x00,
 678          0x01,0x00,0x3F,0x10,0x9F,0x40,0x20,0x18,0x07,0x00,0x00,0x00,0xFF,0x00,0x00,0x00,
 679          
 680          /*--  文字:  发  --*/
 681          /*--  宋体12;  此字体下对应的点阵为：宽x高=16x16   --*/
 682          0x00,0x10,0x3E,0x10,0x10,0xF0,0x9F,0x90,0x90,0x92,0x94,0x1C,0x10,0x10,0x10,0x00,
 683          0x40,0x20,0x10,0x88,0x87,0x41,0x46,0x28,0x10,0x28,0x27,0x40,0xC0,0x40,0x00,0x00,
 684          
 685          /*--  文字:  的  --*/
 686          /*--  宋体12;  此字体下对应的点阵为：宽x高=16x16   --*/
 687          0x00,0xF8,0x8C,0x8B,0x88,0xF8,0x40,0x30,0x8F,0x08,0x08,0x08,0x08,0xF8,0x00,0x00,
 688          0x00,0x7F,0x10,0x10,0x10,0x3F,0x00,0x00,0x00,0x03,0x26,0x40,0x20,0x1F,0x00,0x00,
 689          
 690          /*--  文字:  高  --*/
 691          /*--  宋体12;  此字体下对应的点阵为：宽x高=16x16   --*/
 692          0x04,0x04,0x04,0x04,0x74,0x54,0x55,0x56,0x54,0x54,0x74,0x04,0x04,0x04,0x04,0x00,
 693          0x00,0xFF,0x01,0x01,0x3D,0x25,0x25,0x25,0x25,0x25,0x3D,0x41,0x81,0x7F,0x00,0x00,
 694          
 695          /*--  文字:  新  --*/
 696          /*--  宋体12;  此字体下对应的点阵为：宽x高=16x16   --*/
 697          0x20,0x24,0x2C,0x35,0xE6,0x34,0x2C,0x24,0x00,0xFC,0x24,0x24,0xE2,0x22,0x22,0x00,
 698          0x21,0x11,0x4D,0x81,0x7F,0x05,0x59,0x21,0x18,0x07,0x00,0x00,0xFF,0x00,0x00,0x00,
 699          
 700          /*--  文字:  科  --*/
 701          /*--  宋体12;  此字体下对应的点阵为：宽x高=16x16   --*/
 702          0x10,0x12,0x92,0x72,0xFE,0x51,0x91,0x00,0x22,0xCC,0x00,0x00,0xFF,0x00,0x00,0x00,
 703          0x04,0x02,0x01,0x00,0xFF,0x00,0x04,0x04,0x04,0x02,0x02,0x02,0xFF,0x01,0x01,0x00,
 704          
 705          /*--  文字:  技  --*/
 706          /*--  宋体12;  此字体下对应的点阵为：宽x高=16x16   --*/
 707          0x08,0x08,0x88,0xFF,0x48,0x28,0x00,0xC8,0x48,0x48,0x7F,0x48,0xC8,0x48,0x08,0x00,
 708          0x01,0x41,0x80,0x7F,0x00,0x40,0x40,0x20,0x13,0x0C,0x0C,0x12,0x21,0x60,0x20,0x00,
 709          
 710          /*--  文字:  企  --*/
 711          /*--  宋体12;  此字体下对应的点阵为：宽x高=16x16   --*/
 712          0x80,0x80,0x40,0x40,0x20,0x10,0x08,0xC7,0x8A,0x10,0x20,0x60,0x40,0xC0,0x40,0x00,
 713          0x40,0x40,0x40,0x7F,0x42,0x40,0x40,0x7F,0x42,0x42,0x42,0x43,0x42,0x60,0x40,0x00,
 714          
 715          /*--  文字:  业  --*/
 716          /*--  宋体12;  此字体下对应的点阵为：宽x高=16x16   --*/
 717          0x00,0x10,0x60,0x80,0x00,0xFF,0x00,0x00,0x00,0xFF,0x00,0x80,0x60,0x38,0x10,0x00,
 718          0x20,0x20,0x20,0x23,0x21,0x3F,0x20,0x20,0x20,0x3F,0x22,0x21,0x20,0x30,0x20,0x00,
 719          
 720          /*--  文字:  公  --*/
 721          /*--  宋体12;  此字体下对应的点阵为：宽x高=16x16   --*/
 722          0x00,0x00,0x80,0x40,0x30,0x0E,0x84,0x00,0x00,0x0E,0x10,0x60,0xC0,0x80,0x80,0x00,
 723          0x00,0x01,0x20,0x70,0x28,0x24,0x23,0x31,0x10,0x10,0x14,0x78,0x30,0x01,0x00,0x00,
 724          
 725          /*--  文字:  司  --*/
 726          /*--  宋体12;  此字体下对应的点阵为：宽x高=16x16   --*/
 727          0x00,0x10,0x92,0x92,0x92,0x92,0x92,0x92,0x92,0x92,0x12,0x02,0x02,0xFE,0x00,0x00,
 728          0x00,0x00,0x1F,0x04,0x04,0x04,0x04,0x04,0x04,0x0F,0x00,0x20,0x40,0x3F,0x00,0x00,
 729          
 730          /*--  文字:  专  --*/
 731          /*--  宋体12;  此字体下对应的点阵为：宽x高=16x16   --*/
 732          0x20,0x20,0x24,0x24,0xA4,0x64,0x3C,0x27,0x24,0x24,0xA4,0x24,0x24,0x20,0x20,0x00,
 733          0x00,0x00,0x00,0x00,0x01,0x01,0x09,0x11,0x29,0x45,0x03,0x01,0x00,0x00,0x00,0x00,
 734          
 735          /*--  文字:  注  --*/
 736          /*--  宋体12;  此字体下对应的点阵为：宽x高=16x16   --*/
C51 COMPILER V9.60.7.0   MAIN                                                              09/20/2025 17:15:06 PAGE 13  

 737          0x10,0x60,0x01,0x86,0x60,0x08,0x08,0x08,0x09,0xFE,0x08,0x08,0x08,0x08,0x08,0x00,
 738          0x04,0x04,0xFE,0x01,0x40,0x40,0x41,0x41,0x41,0x7F,0x41,0x41,0x41,0x41,0x40,0x00,
 739          
 740          /*--  文字:  于  --*/
 741          /*--  宋体12;  此字体下对应的点阵为：宽x高=16x16   --*/
 742          0x40,0x40,0x42,0x42,0x42,0x42,0x42,0xFE,0x42,0x42,0x42,0x42,0x42,0x42,0x40,0x00,
 743          0x00,0x00,0x00,0x00,0x20,0x40,0x80,0x7F,0x00,0x00,0x00,0x00,0x00,0x00,0x00,0x00,
 744          
 745          /*--  文字:  向  --*/
 746          /*--  宋体12;  此字体下对应的点阵为：宽x高=16x16   --*/
 747          0x00,0x00,0xFC,0x04,0x04,0xE6,0x25,0x24,0x24,0x24,0xE4,0x04,0x04,0xFC,0x00,0x00,
 748          0x00,0x00,0x7F,0x00,0x00,0x0F,0x04,0x04,0x04,0x04,0x0F,0x20,0x40,0x3F,0x00,0x00,
 749          
 750          /*--  文字:  用  --*/
 751          /*--  宋体12;  此字体下对应的点阵为：宽x高=16x16   --*/
 752          0x00,0x00,0x00,0xFE,0x22,0x22,0x22,0x22,0xFE,0x22,0x22,0x22,0x22,0xFE,0x00,0x00,
 753          0x80,0x40,0x30,0x0F,0x02,0x02,0x02,0x02,0xFF,0x02,0x02,0x42,0x82,0x7F,0x00,0x00,
 754          
 755          /*--  文字:  户  --*/
 756          /*--  宋体12;  此字体下对应的点阵为：宽x高=16x16   --*/
 757          0x00,0x00,0x00,0xF8,0x88,0x88,0x88,0x89,0x8A,0x8E,0x88,0x88,0x88,0xF8,0x00,0x00,
 758          0x80,0x40,0x30,0x0F,0x00,0x00,0x00,0x00,0x00,0x00,0x00,0x00,0x00,0x00,0x00,0x00,
 759          
 760          /*--  文字:  提  --*/
 761          /*--  宋体12;  此字体下对应的点阵为：宽x高=16x16   --*/
 762          0x08,0x08,0x88,0xFF,0x48,0x88,0x80,0xBE,0xAA,0xAA,0xAA,0xAA,0xBE,0x80,0x00,0x00,
 763          0x02,0x41,0x80,0x7F,0x40,0x30,0x1E,0x20,0x20,0x7F,0x44,0x44,0x44,0x44,0x40,0x00,
 764          
 765          /*--  文字:  供  --*/
 766          /*--  宋体12;  此字体下对应的点阵为：宽x高=16x16   --*/
 767          0x40,0x20,0xF8,0x17,0x02,0x10,0x10,0xFE,0x10,0x10,0x10,0xFE,0x10,0x10,0x00,0x00,
 768          0x00,0x00,0xFF,0x00,0x42,0x22,0x1A,0x0F,0x02,0x02,0x06,0x1B,0x72,0x22,0x02,0x00,
 769          
 770          /*--  文字:  高  --*/
 771          /*--  宋体12;  此字体下对应的点阵为：宽x高=16x16   --*/
 772          0x04,0x04,0x04,0x04,0x74,0x54,0x55,0x56,0x54,0x54,0x74,0x04,0x04,0x04,0x04,0x00,
 773          0x00,0xFF,0x01,0x01,0x3D,0x25,0x25,0x25,0x25,0x25,0x3D,0x41,0x81,0x7F,0x00,0x00,
 774          
 775          /*--  文字:  品  --*/
 776          /*--  宋体12;  此字体下对应的点阵为：宽x高=16x16   --*/
 777          0x00,0x00,0x00,0x00,0x7E,0x22,0x22,0x22,0x22,0x22,0x22,0x7E,0x00,0x00,0x00,0x00,
 778          0x00,0x7F,0x21,0x21,0x21,0x21,0x7F,0x00,0x7F,0x21,0x21,0x21,0x21,0x7F,0x00,0x00,
 779          
 780          /*--  文字:  质  --*/
 781          /*--  宋体12;  此字体下对应的点阵为：宽x高=16x16   --*/
 782          0x00,0x00,0xFE,0x02,0x0A,0xCA,0x4A,0x6A,0x5E,0x49,0x49,0xC9,0x09,0x01,0x00,0x00,
 783          0x80,0x60,0x1F,0x00,0x80,0x4F,0x20,0x10,0x0F,0x10,0x20,0xEF,0x40,0x00,0x00,0x00,
 784          
 785          /*--  文字:  的  --*/
 786          /*--  宋体12;  此字体下对应的点阵为：宽x高=16x16   --*/
 787          0x00,0xF8,0x8C,0x8B,0x88,0xF8,0x40,0x30,0x8F,0x08,0x08,0x08,0x08,0xF8,0x00,0x00,
 788          0x00,0x7F,0x10,0x10,0x10,0x3F,0x00,0x00,0x00,0x03,0x26,0x40,0x20,0x1F,0x00,0x00,
 789          
 790          /*--  文字:  液  --*/
 791          /*--  宋体12;  此字体下对应的点阵为：宽x高=16x16   --*/
 792          0x10,0x61,0x06,0xE0,0x18,0x84,0xE4,0x1C,0x84,0x65,0xBE,0x24,0xA4,0x64,0x04,0x00,
 793          0x04,0x04,0xFF,0x00,0x01,0x00,0xFF,0x41,0x21,0x12,0x0C,0x1B,0x61,0xC0,0x40,0x00,
 794          
 795          /*--  文字:  晶  --*/
 796          /*--  宋体12;  此字体下对应的点阵为：宽x高=16x16   --*/
 797          0x00,0x00,0x00,0x00,0x7E,0x2A,0x2A,0x2A,0x2A,0x2A,0x2A,0x7E,0x00,0x00,0x00,0x00,
 798          0x00,0x7F,0x25,0x25,0x25,0x25,0x7F,0x00,0x00,0x7F,0x25,0x25,0x25,0x25,0x7F,0x00,
C51 COMPILER V9.60.7.0   MAIN                                                              09/20/2025 17:15:06 PAGE 14  

 799          
 800          /*--  文字:  产  --*/
 801          /*--  宋体12;  此字体下对应的点阵为：宽x高=16x16   --*/
 802          0x00,0x04,0xE4,0x44,0x4C,0x74,0x54,0x45,0x46,0x64,0x54,0x4C,0x44,0x64,0x44,0x00,
 803          0x40,0x30,0x0F,0x00,0x00,0x00,0x00,0x00,0x00,0x00,0x00,0x00,0x00,0x00,0x00,0x00,
 804          
 805          /*--  文字:  品  --*/
 806          /*--  宋体12;  此字体下对应的点阵为：宽x高=16x16   --*/
 807          0x00,0x00,0x00,0x00,0x7E,0x22,0x22,0x22,0x22,0x22,0x22,0x7E,0x00,0x00,0x00,0x00,
 808          0x00,0x7F,0x21,0x21,0x21,0x21,0x7F,0x00,0x7F,0x21,0x21,0x21,0x21,0x7F,0x00,0x00,
 809          
 810          /*--  文字:  及  --*/
 811          /*--  宋体12;  此字体下对应的点阵为：宽x高=16x16   --*/
 812          0x00,0x00,0x02,0x02,0x82,0x7E,0x82,0x02,0x42,0xF2,0x4E,0xC0,0x40,0x00,0x00,0x00,
 813          0x40,0x20,0x90,0x8C,0x43,0x40,0x21,0x16,0x08,0x08,0x16,0x21,0x60,0xC0,0x40,0x00,
 814          
 815          /*--  文字:  服  --*/
 816          /*--  宋体12;  此字体下对应的点阵为：宽x高=16x16   --*/
 817          0x00,0x00,0xFF,0x91,0x91,0xFF,0x00,0x00,0xFF,0xC1,0x41,0x49,0x51,0xCF,0x00,0x00,
 818          0x40,0x30,0x0F,0x20,0x40,0x3F,0x00,0x00,0x7F,0x21,0x16,0x08,0x36,0x61,0x20,0x00,
 819          
 820          /*--  文字:  务  --*/
 821          /*--  宋体12;  此字体下对应的点阵为：宽x高=16x16   --*/
 822          0x20,0x10,0x10,0x88,0x84,0x4F,0x52,0xA2,0x22,0x52,0x4A,0x86,0x80,0x80,0x80,0x00,
 823          0x80,0x81,0x41,0x42,0x22,0x12,0x0E,0x03,0x02,0x42,0x82,0x7E,0x00,0x01,0x00,0x00
 824          
 825          
 826          };
 827          
 828             
 829          unsigned char code BMP3[]={  
 830          /*-- LxH=128x64  --*/
 831          0x00,0x00,0x00,0x00,0x00,0xC0,0x00,0xE0,0x00,0xF0,0x00,0xFC,0x00,0x00,0x00,0x00,
 832          0x04,0x06,0x12,0x12,0xFE,0xEC,0x00,0xF8,0xFC,0x06,0x02,0x22,0xE6,0xE4,0x00,0x00,
 833          0x00,0x00,0x00,0x00,0x00,0x00,0xF0,0x90,0x9C,0x04,0xF4,0x04,0xF4,0xF4,0x04,0xF4,
 834          0xF4,0x04,0x04,0xFC,0x00,0x00,0x00,0x00,0x00,0x00,0x00,0x00,0x00,0x00,0x00,0x00,
 835          0x00,0x00,0x00,0x00,0x00,0x00,0x00,0x00,0x00,0x00,0x00,0x00,0x00,0x00,0x00,0x00,
 836          0x00,0x00,0x00,0x00,0x00,0x00,0x00,0x00,0x00,0x00,0x00,0x00,0x00,0x00,0x00,0x00,
 837          0x00,0x00,0x00,0x00,0x00,0x00,0x00,0x00,0x00,0x00,0x00,0x00,0x00,0x00,0x00,0x00,
 838          0x00,0x00,0x00,0x00,0x00,0x00,0x00,0x00,0x00,0x00,0x00,0x00,0x00,0x00,0x00,0x00,
 839          0x00,0x00,0x00,0x03,0x00,0x03,0x00,0x03,0x00,0x03,0x00,0x03,0x00,0x00,0x00,0x00,
 840          0x01,0x03,0x02,0x02,0x03,0x01,0x00,0x00,0x01,0x03,0x02,0x02,0x03,0x01,0x00,0x00,
 841          0x00,0x00,0x00,0x00,0x00,0x00,0x00,0x00,0x03,0x02,0x02,0x02,0x02,0x02,0x02,0x02,
 842          0x02,0x02,0x02,0x03,0x00,0x00,0x00,0x00,0x00,0x00,0x00,0x00,0x00,0x00,0x00,0x00,
 843          0x00,0x00,0x00,0x00,0x00,0x00,0x00,0x00,0x00,0x00,0x00,0x00,0x00,0x00,0x00,0x00,
 844          0x00,0x00,0x00,0x00,0x00,0x00,0x00,0x00,0x00,0x00,0x00,0x00,0x00,0x00,0x00,0x00,
 845          0x00,0x00,0x00,0x00,0x00,0x00,0x00,0x00,0x00,0x00,0x00,0x00,0x00,0x00,0x00,0x00,
 846          0x00,0x00,0x00,0x00,0x00,0x00,0x00,0x00,0x00,0x00,0x00,0x00,0x00,0x00,0x00,0x00,
 847          0x00,0x00,0x00,0x00,0x00,0x00,0x00,0x00,0x00,0x80,0x80,0xC0,0xC0,0xE0,0xF0,0xF8,
 848          0xFE,0xFF,0xFF,0xFF,0xFF,0xFF,0x00,0x00,0x00,0x00,0x00,0x00,0x00,0x00,0x00,0x00,
 849          0x80,0xF0,0xF8,0xFC,0xFE,0xFE,0x7F,0x3F,0x1F,0x1F,0x1F,0x3F,0x7F,0xFE,0xFE,0xFC,
 850          0xFC,0xF0,0xE0,0x00,0x00,0x00,0x00,0x00,0x00,0x00,0x00,0x00,0x00,0x00,0x00,0x00,
 851          0x00,0x00,0x00,0x00,0x00,0x00,0xC0,0xF0,0xF8,0xFC,0xFE,0xFE,0x7F,0x3F,0x1F,0x1F,
 852          0x1F,0x3F,0xFE,0xFE,0xFC,0xFC,0xF0,0xE0,0x00,0x00,0x00,0x00,0x00,0x00,0x00,0x00,
 853          0x00,0x00,0x00,0x00,0x80,0xE0,0xF0,0xFC,0xFF,0xFF,0xFF,0xFF,0xFF,0xFF,0x00,0x00,
 854          0x00,0x00,0x00,0x00,0x00,0x00,0x00,0x00,0x00,0x00,0x00,0x00,0x00,0x00,0x00,0x00,
 855          0x00,0x00,0x00,0x00,0x00,0x00,0x00,0x00,0x1F,0x1F,0x0F,0x0F,0x07,0x07,0x03,0x01,
 856          0xFF,0xFF,0xFF,0xFF,0xFF,0xFF,0x00,0x00,0x00,0x00,0x00,0x00,0x00,0x00,0x00,0x00,
 857          0x01,0x03,0x03,0x03,0x03,0x03,0x00,0x00,0x00,0x80,0xC0,0xE0,0xF8,0xFF,0xFF,0xFF,
 858          0xFF,0x3F,0x0F,0x00,0x00,0x00,0x00,0x00,0x00,0x3F,0x3F,0x3F,0x3F,0x3F,0x3F,0x00,
 859          0x00,0x00,0x00,0x00,0x00,0x00,0x00,0x00,0x00,0x01,0x01,0x01,0x00,0xE0,0xF0,0xF0,
 860          0xF8,0xFC,0xFF,0xFF,0xBF,0x9F,0x0F,0x03,0x00,0x00,0x00,0x00,0x00,0x00,0x00,0x80,
C51 COMPILER V9.60.7.0   MAIN                                                              09/20/2025 17:15:06 PAGE 15  

 861          0xE0,0xF8,0xFC,0xFF,0xFF,0x3F,0x1F,0x07,0xFF,0xFF,0xFF,0xFF,0xFF,0xFF,0x00,0x00,
 862          0x00,0x00,0x00,0x00,0x00,0x00,0x00,0x00,0x00,0x00,0x00,0x00,0x00,0x00,0x00,0x00,
 863          0x00,0x00,0x00,0x00,0x00,0x00,0x00,0x00,0x00,0x00,0x00,0x00,0x00,0x00,0x00,0x00,
 864          0xFF,0xFF,0xFF,0xFF,0xFF,0xFF,0x00,0x00,0x00,0x00,0x00,0x00,0x00,0x00,0x00,0x00,
 865          0x00,0x00,0x80,0xC0,0xE0,0xF8,0xFC,0xFE,0xFF,0x3F,0x3F,0x1F,0x0F,0x07,0x03,0x01,
 866          0x00,0x00,0x00,0x00,0x00,0x00,0x00,0x00,0x00,0x00,0x00,0x00,0x00,0x00,0x00,0x00,
 867          0x00,0x00,0x00,0x00,0x00,0xC0,0xC0,0xE0,0xE0,0xE0,0xE0,0x80,0x00,0x01,0x01,0x01,
 868          0x01,0x03,0x07,0xFF,0xFF,0xFF,0xFF,0xFE,0xF8,0x00,0x00,0x00,0xF8,0xFC,0xFF,0xFF,
 869          0xFF,0xFF,0xF7,0xF1,0xF0,0xF0,0xF0,0xF0,0xFF,0xFF,0xFF,0xFF,0xFF,0xFF,0xF0,0xF0,
 870          0xF0,0xF0,0x00,0x00,0x00,0x00,0x00,0x00,0x00,0x00,0x00,0x00,0x00,0x00,0x00,0x00,
 871          0x00,0x00,0x00,0x00,0x00,0x00,0x00,0x00,0x00,0x00,0x00,0x00,0x00,0x00,0x00,0x00,
 872          0x7F,0x7F,0x7F,0x7F,0x7F,0x7F,0x00,0x00,0x00,0x00,0x00,0x00,0x00,0x00,0x00,0x70,
 873          0x7C,0x7F,0x7F,0x7F,0x7F,0x7F,0x7F,0x7F,0x7E,0x7E,0x7E,0x7E,0x7E,0x7E,0x7E,0x7E,
 874          0x7E,0x7E,0x7E,0x00,0x00,0x00,0x00,0x00,0x00,0x7E,0x7E,0x7E,0x7E,0x7E,0x7E,0x00,
 875          0x00,0x00,0x00,0x00,0x00,0x00,0x03,0x0F,0x1F,0x3F,0x3F,0x3F,0x7E,0x7C,0x7C,0x7C,
 876          0x7C,0x7E,0x3F,0x3F,0x1F,0x1F,0x0F,0x07,0x01,0x00,0x00,0x00,0x01,0x01,0x01,0x01,
 877          0x01,0x01,0x01,0x01,0x01,0x01,0x01,0x01,0x7F,0x7F,0x7F,0x7F,0x7F,0x7F,0x01,0x01,
 878          0x01,0x01,0x00,0x00,0x00,0x00,0x00,0x00,0x00,0x00,0x00,0x00,0x00,0x00,0x00,0x00,
 879          0x00,0x00,0x00,0x00,0x00,0x00,0x00,0x00,0x00,0x00,0x00,0x00,0x00,0x00,0x00,0x00,
 880          0x00,0x00,0x00,0x00,0x40,0x60,0x20,0x20,0xE0,0xC0,0x00,0x80,0xE0,0x60,0x20,0x20,
 881          0x20,0x00,0x00,0x00,0x00,0xC0,0xE0,0x20,0x20,0xE0,0xC0,0x00,0x80,0xC0,0x20,0x20,
 882          0x60,0x40,0x00,0x00,0x00,0x00,0x40,0x60,0x20,0x20,0xE0,0xC0,0x00,0xC0,0xE0,0x20,
 883          0x20,0xE0,0xC0,0x00,0x00,0x80,0xC0,0xE0,0xE0,0x00,0x00,0x00,0x80,0xC0,0xE0,0xE0,
 884          0x00,0x00,0x00,0x00,0x00,0xC0,0xE0,0x20,0x20,0x20,0x60,0x40,0x00,0x00,0x80,0x80,
 885          0x80,0x80,0x00,0x80,0xC0,0xE0,0x80,0x00,0x00,0x00,0x00,0x00,0x00,0x00,0x00,0x00,
 886          0x00,0x00,0x00,0x00,0x00,0x00,0x00,0x00,0x00,0x00,0x00,0x00,0x00,0x00,0x00,0x00,
 887          0x00,0x00,0x00,0x00,0x00,0x00,0x00,0x00,0x00,0x00,0x00,0x00,0x00,0x00,0x00,0x00,
 888          0x00,0x00,0x00,0x00,0x30,0x38,0x2C,0x26,0x23,0x21,0x00,0x13,0x33,0x21,0x21,0x3F,
 889          0x1E,0x00,0x30,0x30,0x00,0x1F,0x3F,0x20,0x20,0x3F,0x1F,0x00,0x1F,0x3F,0x21,0x21,
 890          0x3F,0x1E,0x00,0x30,0x30,0x00,0x30,0x38,0x2C,0x26,0x23,0x21,0x00,0x1F,0x3F,0x20,
 891          0x20,0x3F,0x1F,0x00,0x00,0x01,0x00,0x3F,0x3F,0x00,0x00,0x00,0x01,0x00,0x3F,0x3F,
 892          0x00,0x00,0x00,0x00,0x00,0x11,0x33,0x23,0x27,0x26,0x3E,0x1C,0x00,0x19,0x3C,0x26,
 893          0x22,0x3F,0x3F,0x00,0x1F,0x3F,0x20,0x00,0x00,0x00,0x00,0x00,0x00,0x00,0x00,0x00,
 894          0x00,0x00,0x00,0x00,0x00,0x00,0x00,0x00,0x00,0x00,0x00,0x00,0x00,0x00,0x00,0x00,
 895          };
 896          
 897          unsigned char code BMP4[]={  
 898          /*--  宽度x高度=128x64  --*/
 899          0xFF,0xFF,0x03,0x03,0x03,0x03,0x03,0x03,0x03,0x03,0x03,0x03,0x03,0x03,0x03,0x03,
 900          0x03,0x03,0x03,0x03,0x03,0x03,0x03,0x03,0x03,0x03,0x03,0x03,0x03,0x03,0x03,0x03,
 901          0x03,0x03,0x03,0x03,0x03,0x03,0x03,0x03,0x03,0x03,0x03,0x03,0x03,0x03,0x03,0x03,
 902          0x03,0x03,0x03,0x03,0x03,0x03,0x03,0x03,0x03,0x03,0x03,0x03,0x03,0x03,0x03,0x03,
 903          0x03,0x03,0x03,0x03,0x03,0x03,0x03,0x03,0x03,0x03,0x03,0x03,0x03,0x03,0x03,0x03,
 904          0x03,0x03,0x03,0x03,0x03,0x03,0x03,0x03,0x03,0x03,0x03,0x03,0x03,0x03,0x03,0x03,
 905          0x03,0x03,0x03,0x03,0x03,0x03,0x03,0x03,0x03,0x03,0x03,0x03,0x03,0x03,0x03,0x03,
 906          0x03,0x03,0x03,0x03,0x03,0x03,0x03,0x03,0x03,0x03,0x03,0x03,0x03,0x03,0xFF,0xFF,
 907          0xFF,0xFF,0x00,0x00,0x00,0x00,0x00,0x00,0x00,0x00,0x00,0x00,0x00,0x00,0x00,0x00,
 908          0x00,0x00,0x00,0x00,0x00,0x00,0x00,0x00,0x00,0x00,0x00,0x00,0x00,0x00,0x00,0x00,
 909          0x00,0x00,0x00,0x00,0x00,0x00,0x00,0x00,0x00,0x00,0x00,0x00,0x00,0x00,0x00,0x00,
 910          0x00,0x00,0x00,0x00,0x10,0xF0,0xFF,0x5F,0xF5,0xF5,0x55,0xD5,0xDF,0xDF,0xD0,0x10,
 911          0x00,0x40,0x54,0x55,0x57,0x56,0xFC,0xFC,0x56,0x57,0x55,0x54,0x40,0x00,0x00,0xF8,
 912          0xF8,0x88,0x88,0xFF,0xFF,0x88,0x88,0xF8,0xF8,0x00,0x00,0xFF,0xFF,0x25,0x25,0x25,
 913          0xFD,0xFD,0x65,0xE5,0xA5,0xFF,0xFF,0x00,0x00,0x00,0x00,0x00,0x00,0x00,0x00,0x00,
 914          0x00,0x00,0x00,0x00,0x00,0x00,0x00,0x00,0x00,0x00,0x00,0x00,0x00,0x00,0xFF,0xFF,
 915          0xFF,0xFF,0x70,0x70,0x70,0x78,0x78,0x78,0x7C,0x7C,0x7C,0x7C,0x7C,0x7C,0xFC,0xFC,
 916          0xFC,0xFC,0xFC,0xF8,0xF8,0xF8,0xF0,0xFC,0xFE,0xFF,0xFF,0xFF,0xFF,0xDF,0xEF,0xEF,
 917          0xEF,0xFF,0xF6,0xF6,0xFE,0xFC,0xF0,0xF0,0xF0,0xF0,0xF0,0xF0,0xE0,0xE0,0xC0,0x80,
 918          0x00,0x00,0x00,0x00,0x04,0x07,0x07,0x05,0x0F,0x0F,0x0A,0x0D,0x07,0x07,0x0D,0x08,
 919          0x00,0x09,0x09,0x0D,0x05,0x07,0x03,0x03,0x07,0x05,0x0D,0x09,0x09,0x00,0x00,0x01,
 920          0x01,0x00,0x00,0x0F,0x0F,0x00,0x00,0x01,0x01,0x00,0x00,0x0F,0x0F,0x05,0x05,0x05,
 921          0x05,0x05,0x05,0x05,0x05,0x0F,0x0F,0x00,0x00,0x00,0x00,0x00,0x00,0x00,0x00,0x00,
 922          0x00,0x00,0x00,0x00,0x00,0x00,0x00,0x00,0x00,0x00,0x00,0x00,0x00,0x00,0xFF,0xFF,
C51 COMPILER V9.60.7.0   MAIN                                                              09/20/2025 17:15:06 PAGE 16  

 923          0xFF,0xFF,0x00,0x00,0x00,0x00,0x00,0x00,0x00,0x30,0x30,0x38,0x38,0x3C,0x1C,0x1E,
 924          0x1E,0x1E,0x1F,0x1F,0x1F,0xCF,0xEF,0xFF,0xFF,0x3F,0x0F,0x0F,0x0F,0x0F,0x07,0x01,
 925          0xC1,0xE1,0xF1,0xF9,0xF9,0xF8,0xF8,0xFC,0xFC,0xFC,0xFC,0xFC,0xFC,0xFD,0xFD,0xFD,
 926          0xFD,0xFD,0xFD,0xFC,0xFC,0xFC,0xFC,0xF8,0xF8,0xF0,0x60,0x00,0x00,0x00,0x00,0x00,
 927          0x00,0x00,0x30,0xB0,0xF8,0xF8,0xF8,0x78,0x78,0x78,0x78,0x78,0x78,0x78,0x78,0xF8,
 928          0xFC,0xF8,0xFC,0x7C,0x7C,0x7C,0x7C,0xFC,0xFC,0xFC,0xFC,0xFC,0x7C,0x7C,0x3C,0x3C,
 929          0x3C,0x3C,0x3C,0x3C,0x38,0x38,0x00,0x00,0x00,0x00,0x00,0x00,0x00,0x00,0x00,0x00,
 930          0x00,0x80,0x80,0x00,0x00,0x00,0x00,0x00,0x00,0x00,0x00,0x00,0x00,0x00,0xFF,0xFF,
 931          0xFF,0xFF,0x00,0x00,0x00,0x00,0x00,0x00,0x00,0x00,0x00,0x00,0x00,0x00,0x00,0x00,
 932          0x00,0x00,0xC0,0xF8,0xFE,0xFF,0xFF,0xFF,0xFF,0xFC,0xBC,0x3C,0x1C,0xFC,0xFC,0xFC,
 933          0xF8,0xF1,0xE1,0xE3,0xF3,0xF3,0xF3,0xF7,0xF7,0xF7,0xF7,0xF7,0xF7,0xF3,0xF3,0xF7,
 934          0xFB,0xFB,0xFB,0xFB,0xFB,0xFB,0xF3,0xF1,0xF1,0xF0,0x60,0x00,0x00,0x00,0x1C,0x3E,
 935          0x7F,0xFF,0xFF,0xFF,0xFF,0xFF,0xFF,0xFF,0xFF,0xFF,0xFE,0xFC,0xFC,0xF8,0xFF,0xFF,
 936          0xFF,0xFF,0xFF,0xFF,0xFE,0x00,0xFE,0xFF,0xFF,0xFF,0xFF,0xFF,0xFF,0xF0,0xF8,0xFC,
 937          0xFC,0xFC,0xFC,0xFC,0xFC,0xF8,0xF8,0x1C,0x1E,0x3E,0x3E,0x3F,0x3F,0x3F,0x3F,0x3F,
 938          0x3F,0xFF,0xFF,0xFF,0x3F,0x3F,0x3F,0x7F,0x7E,0x3E,0x3E,0x3C,0x3C,0x3C,0xFF,0xFF,
 939          0xFF,0xFF,0x70,0xF8,0xF8,0xF8,0xF8,0xF8,0xF8,0xF8,0xF8,0xF8,0xF8,0xF8,0xF8,0xF8,
 940          0xF8,0xF8,0xFF,0xFF,0xFF,0xFF,0xFF,0xFF,0xFF,0xFF,0xFF,0xFF,0xFF,0xFF,0xFF,0xFF,
 941          0xFB,0xF9,0xF9,0xFC,0xFD,0xFD,0xFD,0xFD,0xFD,0xFD,0xFD,0xFD,0xFD,0xFD,0xFD,0xFD,
 942          0xFD,0xFD,0xFD,0xFD,0xFD,0xFD,0xFD,0xFD,0xFE,0xFE,0xFE,0xFC,0xFC,0xFC,0xFC,0xFC,
 943          0xFC,0xFC,0xFD,0xF9,0xF1,0xF1,0xF1,0xF1,0xF1,0xF1,0xF1,0xF0,0xF0,0xFF,0xFF,0xFF,
 944          0x7F,0x7F,0x7F,0x7F,0x7F,0x78,0x7F,0x7F,0x7F,0x7F,0x7F,0x7F,0x7F,0x78,0x79,0x79,
 945          0x7B,0x7B,0x79,0x79,0x79,0x79,0x78,0x78,0x78,0x78,0x78,0x78,0x78,0x78,0x78,0x78,
 946          0x78,0x78,0x7F,0x7F,0x7F,0x78,0x78,0x78,0x78,0x78,0x78,0x78,0x78,0x70,0xFF,0xFF,
 947          0xFF,0xFF,0x00,0x00,0x00,0xF8,0x04,0x04,0x04,0x0C,0x00,0x02,0xFE,0x20,0x20,0xC0,
 948          0x00,0x00,0x20,0xE6,0x00,0x00,0x00,0x20,0xE0,0x20,0x20,0xC0,0x00,0x00,0x40,0xA0,
 949          0xA0,0xC0,0x00,0x00,0x00,0x00,0x00,0x00,0x00,0x60,0x80,0xE0,0x80,0x60,0x00,0x00,
 950          0xC0,0xA0,0xA0,0xC0,0x00,0x02,0x02,0xFE,0x00,0x00,0x00,0x00,0xC0,0x20,0x20,0x60,
 951          0x00,0x00,0xC0,0x20,0x20,0xC0,0x00,0xE0,0x20,0xE0,0x20,0xC0,0x00,0x00,0xC0,0xA0,
 952          0xA0,0xC0,0x00,0x00,0x60,0xA0,0xA0,0x20,0x00,0x00,0x00,0x00,0x00,0x00,0x00,0x20,
 953          0xE0,0x00,0x00,0xE0,0x20,0x00,0xC0,0x20,0x20,0xC0,0x00,0x20,0xE0,0x00,0x20,0xE0,
 954          0x00,0x00,0x00,0x7C,0x00,0x00,0x00,0x00,0x00,0x00,0x00,0x00,0x00,0x00,0xFF,0xFF,
 955          0xFF,0xFF,0xC0,0xC0,0xC0,0xC1,0xC2,0xC2,0xC2,0xC1,0xC0,0xC2,0xC3,0xC2,0xC0,0xC3,
 956          0xC2,0xC0,0xC2,0xC3,0xC2,0xC0,0xC0,0xC2,0xC3,0xC2,0xC0,0xC3,0xC2,0xC0,0xC1,0xC2,
 957          0xC2,0xC3,0xC2,0xC0,0xC0,0xC0,0xC0,0xC0,0xC0,0xC0,0xC3,0xC0,0xC3,0xC0,0xC0,0xC0,
 958          0xC1,0xC2,0xC2,0xC2,0xC0,0xC2,0xC2,0xC3,0xC2,0xC2,0xC0,0xC0,0xC1,0xC2,0xC2,0xC1,
 959          0xC0,0xC0,0xC1,0xC2,0xC2,0xC1,0xC0,0xC3,0xC0,0xC3,0xC0,0xC3,0xC0,0xC0,0xC1,0xC2,
 960          0xC2,0xC2,0xC0,0xC0,0xC2,0xC2,0xC2,0xC3,0xC0,0xC0,0xC0,0xC0,0xC0,0xC0,0xC0,0xC8,
 961          0xC8,0xC5,0xC3,0xC0,0xC0,0xC0,0xC1,0xC2,0xC2,0xC1,0xC0,0xC0,0xC1,0xC2,0xC2,0xC3,
 962          0xC2,0xC0,0xC0,0xC2,0xC0,0xC0,0xC0,0xC0,0xC0,0xC0,0xC0,0xC0,0xC0,0xC0,0xFF,0xFF,
 963          };


MODULE INFORMATION:   STATIC OVERLAYABLE
   CODE SIZE        =    888    ----
   CONSTANT SIZE    =   4120    ----
   XDATA SIZE       =   ----    ----
   PDATA SIZE       =   ----    ----
   DATA SIZE        =      2      13
   IDATA SIZE       =   ----    ----
   BIT SIZE         =      1    ----
END OF MODULE INFORMATION.


C51 COMPILATION COMPLETE.  0 WARNING(S),  0 ERROR(S)
