C51 COMPILER V9.60.7.0   MAIN                                                              11/13/2025 09:18:35 PAGE 1   


C51 COMPILER V9.60.7.0, COMPILATION OF MODULE MAIN
OBJECT MODULE PLACED IN .\Objects\main.obj
COMPILER INVOKED BY: D:\KEIL_STM32\C51\BIN\C51.EXE main.c OPTIMIZE(8,SPEED) BROWSE DEBUG OBJECTEXTEND PRINT(.\Listings\m
                    -ain.lst) OBJECT(.\Objects\main.obj)

line level    source

   1          #include "ht1621.h"
   2          extern unsigned int i;
   3          
   4          void main()
   5          {
   6   1              while(1)
   7   1              {       
   8   2              lcd_init();  
   9   2              delay(500);
  10   2              lcd_clear();            
  11   2              lcd_all();
  12   2              delay(3000);
  13   2      
  14   2              for (i = 0; i <= 9; i++) 
  15   2              {
  16   3                      display_digit(i, 1); // 显示数字 i 的 1dot 布局
  17   3                      display_digit(i, 2); // 显示数字 i 的 2dot 布局
  18   3                      delay(3000);
  19   3              }
  20   2              
  21   2              }       
  22   1      }


MODULE INFORMATION:   STATIC OVERLAYABLE
   CODE SIZE        =     68    ----
   CONSTANT SIZE    =   ----    ----
   XDATA SIZE       =   ----    ----
   PDATA SIZE       =   ----    ----
   DATA SIZE        =   ----    ----
   IDATA SIZE       =   ----    ----
   BIT SIZE         =   ----    ----
END OF MODULE INFORMATION.


C51 COMPILATION COMPLETE.  0 WARNING(S),  0 ERROR(S)
