C51 COMPILER V9.60.7.0   MAIN                                                              03/27/2025 09:27:20 PAGE 1   


C51 COMPILER V9.60.7.0, COMPILATION OF MODULE MAIN
OBJECT MODULE PLACED IN .\Objects\main.obj
COMPILER INVOKED BY: D:\KEIL_STM32\C51\BIN\C51.EXE main.c OPTIMIZE(8,SPEED) BROWSE DEBUG OBJECTEXTEND PRINT(.\Listings\m
                    -ain.lst) OBJECT(.\Objects\main.obj)

line level    source

   1          //产品内核ST7565R    
   2          //ATMEL 89S52  
   3          //STC完全兼容
   4          
   5          #include <reg52.H>
   6          #include <intrins.h>
   7           
   8          //sbit rd=P2^3; 
   9          //sbit wr=P2^4; 
  10          sbit lcd_sclk=P3^3; 
  11          sbit lcd_sid=P3^4;
  12          sbit cs1=P3^0;
  13          sbit reset=P3^1;
  14          sbit rs=P3^2; 
  15          
  16          #define uchar unsigned char
  17          #define uint unsigned int
  18          uchar m1,z,z1,d,d1,s,s1,s10,s100;
  19          uchar code ascii_table_8x16[95][16];
  20          uchar code ascii_table_5x8[95][5];
  21          
  22          
  23          uchar code zhong1[]; //中
  24          uchar code guo1[];       //国
  25          uchar code dong1[];      //东
  26          uchar code fang1[];      //方
  27          uchar code ke1[];        //科
  28          uchar code ji1[];        //技
  29          
  30          void ini_int1(void) 
  31          { 
  32   1      EA=1; 
  33   1      EX0=1;//允许外部INT0的中断 
  34   1      IT0=1;// 允许中断
  35   1      }
  36          
  37          
  38           int scankey1() interrupt 0 using 1 //使用外部中断1,寄存器组3
  39          { 
  40   1      while(P3^2==0){for(;;);}
  41   1         IE1=0;//中断标志清零 
  42   1         
  43   1      }
  44          
  45          
  46          //=============transfer command to LCM===============并口
  47          /*
  48          void transfer_command(int data1)
  49          {
  50          cs1=0;
  51          rs=0;
  52          //rd=0;
  53          wr=0;
  54          P1=data1;
C51 COMPILER V9.60.7.0   MAIN                                                              03/27/2025 09:27:20 PAGE 2   

  55          //rd=1;
  56          wr=1;
  57          rs=1;
  58          cs1=1;
  59          //rd=0;
  60          }
  61          
  62          //-----------transfer data to LCM---------------
  63          void transfer_data(int data1)
  64          {
  65          cs1=0;
  66          rs=1;
  67          //rd=0;
  68          wr=0;
  69          P1=data1;
  70          //rd=1;
  71          wr=1;
  72          rs=0;
  73          cs1=1;
  74          //rd=0;
  75          }
  76          */
  77          //=============transfer command to LCM===============串口
  78          
  79          void transfer_command(int data1)
  80          
  81          {
  82   1      char i;
  83   1      cs1=0;
  84   1      rs=0;
  85   1      for(i=0;i<8;i++)
  86   1      {
  87   2      lcd_sclk=0;
  88   2      //delay_us(10); //加少量延时
  89   2      if(data1&0x80) lcd_sid=1;
  90   2      else lcd_sid=0;
  91   2      lcd_sclk=1;
  92   2      //delay_us(10); //加少量延时
  93   2      data1=data1<<=1;
  94   2      }
  95   1      cs1=1;
  96   1      }
  97          
  98          
  99          
 100          
 101          //-----------transfer data to LCM---------------
 102          void transfer_data(int data1)
 103          {
 104   1      char i;
 105   1      
 106   1      cs1=0;
 107   1      rs=1;
 108   1      for(i=0;i<8;i++)
 109   1      {
 110   2      lcd_sclk=0;
 111   2      if(data1&0x80) lcd_sid=1;
 112   2      else lcd_sid=0;
 113   2      lcd_sclk=1;
 114   2      data1=data1<<=1;
 115   2      }
 116   1      cs1=1;
C51 COMPILER V9.60.7.0   MAIN                                                              03/27/2025 09:27:20 PAGE 3   

 117   1      }
 118          
 119          
 120          
 121          //=============transfer command to LCM===============
 122          
 123          void delay(unsigned int x)//延时 x ms
 124          {
 125   1      /*
 126   1      //AT89S52类延时
 127   1      unsigned char j;
 128   1      while(x--)
 129   1      {for(j=0;j<125;j++)
 130   1      {;}
 131   1       }
 132   1      */
 133   1      while(x--)
 134   1      {
 135   2      /*
 136   2      //AT89S52类延时
 137   2      unsigned char j;
 138   2      while(x--)
 139   2      {for(j=0;j<12;j++)
 140   2      {;}
 141   2       }
 142   2      */      
 143   2      unsigned char i, j;
 144   2      
 145   2              _nop_();
 146   2              _nop_();
 147   2              _nop_();
 148   2              i = 11;
 149   2              j = 190;
 150   2              do
 151   2              {
 152   3                      while (--j);
 153   3              } while (--i);
 154   2       }
 155   1      }
 156          
 157          
 158          
 159          /*LCD 模块初始化*/
 160          void initial_lcd()
 161          {
 162   1      cs1=0;
 163   1      reset=0; /*低电平复位*/
 164   1      delay(20);
 165   1      reset=1; /*复位完毕*/
 166   1      delay(20);
 167   1      transfer_command(0xe2); /*软复位*/
 168   1      delay(50);
 169   1      transfer_command(0x2c); /*升压步聚1*/
 170   1      delay(50);
 171   1      transfer_command(0x2e); /*升压步聚2*/
 172   1      delay(50);
 173   1      transfer_command(0x2f); /*升压步聚3*/
 174   1      delay(50);
 175   1      transfer_command(0x24); /*粗调对比度，可设置范围0x20～0x27*/
 176   1      transfer_command(0x81); /*微调对比度*/
 177   1      transfer_command(0x28); /*0x1a,微调对比度的值，可设置范围0x00～0x3f 1f*/
 178   1      transfer_command(0xa2); /*1/9 偏压比（bias）*/
C51 COMPILER V9.60.7.0   MAIN                                                              03/27/2025 09:27:20 PAGE 4   

 179   1      transfer_command(0xc8); /*行扫描顺序：从上到下*/
 180   1      transfer_command(0xa0); /*列扫描顺序：从左到右*/
 181   1      transfer_command(0x60); /*起始行：第一行开始*/
 182   1      transfer_command(0xaf); /*开显示*/
 183   1      cs1=1;
 184   1      }
 185          
 186          
 187          void lcd_address(uchar page,uchar column)
 188          {
 189   1      
 190   1      cs1=0;
 191   1      column=column; //
 192   1      page=page-1;
 193   1      transfer_command(0xb0+page); 
 194   1      transfer_command(((column>>4)&0x0f)+0x10); //设置列地址的高4 位
 195   1      transfer_command(column&0x0f); //设置列地址的低4 位
 196   1      }
 197          
 198          
 199          /*全屏清屏*/
 200          void clear_screen()
 201          {
 202   1      unsigned char i,j;
 203   1      cs1=0;
 204   1      for(i=0;i<8;i++)
 205   1      {
 206   2      lcd_address(1+i,1);
 207   2      for(j=0;j<132;j++)
 208   2      {
 209   3      transfer_data(0x00);
 210   3      }
 211   2      }
 212   1      cs1=1;
 213   1      }
 214          
 215          
 216          void test_display(uchar data1,uchar data2)
 217          {
 218   1      int i,j;
 219   1      for(j=0;j<9;j++)
 220   1      {
 221   2      cs1=0;
 222   2      lcd_address(j+1,1);//页，列地址
 223   2      for(i=0;i<64;i++)
 224   2      {
 225   3      transfer_data(data1);
 226   3      transfer_data(data2);
 227   3      }
 228   2      }
 229   1      }
 230          
 231          
 232          void display_string_8x16(uchar fb,uint page,uint column,uchar *text)
 233          {
 234   1      uint i=0,j,k,n;
 235   1      cs1=0;
 236   1      while(text[i]>0x00)
 237   1      {
 238   2      if((text[i]>=0x20)&&(text[i]<=0x7e))
 239   2      {
 240   3      j=text[i]-0x20;
C51 COMPILER V9.60.7.0   MAIN                                                              03/27/2025 09:27:20 PAGE 5   

 241   3      
 242   3      for(n=0;n<2;n++)
 243   3      {
 244   4      lcd_address(page+n,column);
 245   4      for(k=0;k<8;k++)
 246   4      {
 247   5      if (fb==1) transfer_data(ascii_table_8x16[j][k+8*n]);
 248   5      else transfer_data(~(ascii_table_8x16[j][k+8*n]));
 249   5      }
 250   4      }
 251   3      i++;
 252   3      column+=8;
 253   3      }
 254   2      else
 255   2      i++;
 256   2      }
 257   1      }
 258          
 259          
 260          void display_string_8x16_t(uchar fb,uint page,uint column,uchar text)
 261          {
 262   1              uint j,k,n;
 263   1              j=text+16;
 264   1              for(n=0;n<2;n++)
 265   1              {                               
 266   2              lcd_address(page+n,column);
 267   2                      for(k=0;k<8;k++)
 268   2                      {
 269   3                      if (fb==1) transfer_data(ascii_table_8x16[j][k+8*n]);
 270   3                      else transfer_data(~(ascii_table_8x16[j][k+8*n]));
 271   3                      }
 272   2              }
 273   1                      
 274   1      } 
 275           
 276           
 277          void display_string_5x8(uint page,uint column,uchar *text)
 278          
 279          {
 280   1      uint i=0,j,k;
 281   1      cs1=0;
 282   1      while(text[i]>0x00)
 283   1      {
 284   2      if((text[i]>=0x20)&&(text[i]<0x7e))     
 285   2      {
 286   3      j=text[i]-0x20;
 287   3      lcd_address(page,column);
 288   3      for(k=0;k<5;k++)                                        
 289   3      {
 290   4      transfer_data(ascii_table_5x8[j][k]);
 291   4      }
 292   3      i++;
 293   3      column+=6;                                                      
 294   3      }
 295   2      else
 296   2      i++;
 297   2      }
 298   1      }
 299          
 300          
 301          
 302          
C51 COMPILER V9.60.7.0   MAIN                                                              03/27/2025 09:27:20 PAGE 6   

 303          void display_graphic_16x16(uchar fb,uchar page,uchar column,uchar *dp)
 304          {
 305   1      uint i,j;
 306   1      for(j=0;j<2;j++)
 307   1      {
 308   2      lcd_address(page+j,column);
 309   2      for (i=0;i<16;i++)
 310   2      {
 311   3      if(fb==1) transfer_data(*dp);
 312   3      else transfer_data(~(*dp)); 
 313   3      dp++;
 314   3      }
 315   2      }
 316   1      }
 317          
 318          
 319          //显示132x64 点阵边框
 320          
 321          void display_bk()
 322          {
 323   1      uint i,j;
 324   1      
 325   1      //左框
 326   1      for(j=0;j<10;j++)
 327   1      {
 328   2      lcd_address(j+1,1);
 329   2      transfer_data(0xff); 
 330   2      }
 331   1      
 332   1      //右框
 333   1      for(j=0;j<10;j++)
 334   1      {
 335   2      lcd_address(j+1,132);
 336   2      transfer_data(0xff); 
 337   2      }
 338   1      
 339   1      //上框
 340   1      lcd_address(1,2);
 341   1      for (i=0;i<131;i++)
 342   1      {
 343   2      transfer_data(0x01);
 344   2      }
 345   1      
 346   1      //下框
 347   1      lcd_address(8,2);
 348   1      for (i=0;i<131;i++)
 349   1      {
 350   2      transfer_data(0x80); 
 351   2      }
 352   1      
 353   1      }
 354          
 355          
 356          //~~~~~~~~~~~~~~~~~~~~~@~~~~~~~~&~~~~~~~~~~@~~~~~~~~~~~~程序开始
 357          void main(void)
 358          {
 359   1              
 360   1              ini_int1();//开中断
 361   1              
 362   1        for(m1=0;m1<50;m1++)
 363   1              {
 364   2      
C51 COMPILER V9.60.7.0   MAIN                                                              03/27/2025 09:27:20 PAGE 7   

 365   2              initial_lcd();
 366   2              
 367   2              clear_screen(); //clear all dots
 368   2              display_string_8x16(0,1,36,"Oriental");
 369   2              display_string_8x16(1,3,25,"LCM1326401A");
 370   2              display_string_5x8(5,5,"TEL: 0755-01234567");
 371   2              display_string_5x8(6,5,"FAX: 0755-01234567");
 372   2              display_string_5x8(7,5,"www.oriental-lcd.com");
 373   2              display_string_5x8(8,5,"WELCOME TO SHENZHEN");
 374   2              delay(200);
 375   2              //~~~~~~~~~~~~~~~~~~~~~@~~~~~~~~&~~~~~~~~~~@~~~~~~~~~~~~8屏，自建字符演示
 376   2      
 377   2              clear_screen(); //clear all dots
 378   2              display_bk();
 379   2              display_graphic_16x16(1,3,33,zhong1);   
 380   2              display_graphic_16x16(1,3,49,guo1);     
 381   2              display_graphic_16x16(1,3,65,ke1);      
 382   2              display_graphic_16x16(1,3,81,ji1);      
 383   2              display_string_8x16(1,5,40,"132*64");
 384   2              delay(200);
 385   2              //~~~~~~~~~~~~~~~~~~~~~@~~~~~~~~&~~~~~~~~~~@~~~~~~~~~~~~9屏，自建汉字图形
 386   2              clear_screen(); //clear all dots
 387   2      
 388   2              transfer_command(0xa7);//反显
 389   2              display_graphic_16x16(1,3,33,zhong1);   
 390   2              display_graphic_16x16(1,3,49,guo1);     
 391   2              display_graphic_16x16(1,3,65,ke1);      
 392   2              display_graphic_16x16(1,3,81,ji1);      
 393   2              display_string_8x16(1,5,40,"132*64");
 394   2              delay(200);
 395   2              //~~~~~~~~~~~~~~~~~~~~~@~~~~~~~~&~~~~~~~~~~@~~~~~~~~~~~~10屏，反白演示
 396   2      
 397   2              clear_screen(); //clear all dots
 398   2      
 399   2              test_display(0xaa,0xaa); 
 400   2              delay(200);
 401   2              //~~~~~~~~~~~~~~~~~~~~~@~~~~~~~~&~~~~~~~~~~@~~~~~~~~~~~~1屏，横
 402   2              test_display(0x55,0x55); 
 403   2              delay(200);
 404   2              //~~~~~~~~~~~~~~~~~~~~~@~~~~~~~~&~~~~~~~~~~@~~~~~~~~~~~~2屏，横
 405   2              test_display(0xff,0x00); 
 406   2              delay(200);
 407   2              //~~~~~~~~~~~~~~~~~~~~~@~~~~~~~~&~~~~~~~~~~@~~~~~~~~~~~~3屏，竖
 408   2              test_display(0x00,0xff); 
 409   2              delay(200);
 410   2              //~~~~~~~~~~~~~~~~~~~~~@~~~~~~~~&~~~~~~~~~~@~~~~~~~~~~~~4屏，竖
 411   2              test_display(0x55,0xaa); 
 412   2              delay(200);
 413   2              //~~~~~~~~~~~~~~~~~~~~~@~~~~~~~~&~~~~~~~~~~@~~~~~~~~~~~~5屏，点
 414   2              test_display(0xaa,0x55); 
 415   2              delay(200);
 416   2              //~~~~~~~~~~~~~~~~~~~~~@~~~~~~~~&~~~~~~~~~~@~~~~~~~~~~~~6屏，点
 417   2              test_display(0xff,0xff); 
 418   2              delay(200);
 419   2              //~~~~~~~~~~~~~~~~~~~~~@~~~~~~~~&~~~~~~~~~~@~~~~~~~~~~~~7屏，黑
 420   2      
 421   2              clear_screen(); //clear all dots
 422   2              /*
 423   2              transfer_command(0xa6);
 424   2              }
 425   2              initial_lcd();
 426   2              clear_screen(); //clear all dots
C51 COMPILER V9.60.7.0   MAIN                                                              03/27/2025 09:27:20 PAGE 8   

 427   2              //display_graphic_16x16(0,1,0,hui1);    
 428   2              //display_graphic_16x16(0,3,0,jing1); 
 429   2              display_string_8x16(0,6,0,"TEL:755-01234567");
 430   2              display_string_5x8(8,4,".WWW.SHENZHEN.COM.");    
 431   2              display_string_5x8(1,40,"~~~~~~~~~~~~~~");
 432   2              display_string_5x8(4,40,"~~~~~~~~~~~~~~");
 433   2              for(z=0;z<10;z++)
 434   2              {
 435   2                      display_string_8x16_t(0,2,40,z);                
 436   2                      for(z1=0;z1<10;z1++)
 437   2                      {       
 438   2                              display_string_8x16_t(0,2,48,z1);               
 439   2                              for(d=0;d<6;d++)
 440   2                              {       
 441   2                                      display_string_8x16_t(0,2,56,10);       
 442   2                                      display_string_8x16_t(0,2,64,d);        
 443   2                                      for(d1=0;d1<10;d1++)
 444   2                                      {       
 445   2                                              display_string_8x16_t(0,2,72,d1);       
 446   2                                              for(s=0;s<6;s++)
 447   2                                              {                                       
 448   2                                                      display_string_8x16_t(0,2,80,10);       
 449   2                                                      display_string_8x16_t(0,2,88,s);                
 450   2                                                      for(s1=0;s1<10;s1++)
 451   2                                                      {
 452   2                                                              display_string_8x16_t(0,2,96,s1);                       
 453   2                                                              delay(10);////延时 x ms 
 454   2                                                              display_string_8x16_t(0,2,104,10);      
 455   2                                                              for(s10=0;s10<10;s10++)
 456   2                                                              {
 457   2                                                                      display_string_8x16_t(0,2,112,s10);                             
 458   2                                                                      delay(9);////延时 x ms  
 459   2                                                                      for(s100=0;s100<9;s100++)
 460   2                                                                      {       
 461   2                                                                      display_string_8x16_t(0,2,120,s100);    
 462   2                                                                      delay(9);////延时 x ms  
 463   2                                                                      }
 464   2                                                              }
 465   2                                                      }
 466   2                                              }
 467   2                                      }
 468   2                              }       
 469   2                      }*/     
 470   2              }       
 471   1              //~~~~~~~~~~~~~~~~~~~~~@~~~~~~~~&~~~~~~~~~~@~~~~~~~~~~~~11屏，老化测试          
 472   1              
 473   1      }
 474          
 475          
 476          uchar code ascii_table_8x16[95][16]={
 477          
 478          /*-- 文字: --*/
 479          /*-- Comic Sans MS12; 此字体下对应的点阵为：宽x 高=8x16 --*/
 480          0x00,0x00,0x00,0x00,0x00,0x00,0x00,0x00,0x00,0x00,0x00,0x00,0x00,0x00,0x00,0x00,
 481          /*-- 文字: ! --*/
 482          /*-- Comic Sans MS12; 此字体下对应的点阵为：宽x 高=8x16 --*/
 483          0x00,0x00,0x00,0xF8,0x00,0x00,0x00,0x00,0x00,0x00,0x00,0x33,0x30,0x00,0x00,0x00,
 484          /*-- 文字: " --*/
 485          /*-- Comic Sans MS12; 此字体下对应的点阵为：宽x 高=8x16 --*/
 486          0x00,0x10,0x0C,0x06,0x10,0x0C,0x06,0x00,0x00,0x00,0x00,0x00,0x00,0x00,0x00,0x00,
 487          /*-- 文字: # --*/
 488          /*-- Comic Sans MS12; 此字体下对应的点阵为：宽x 高=8x16 --*/
C51 COMPILER V9.60.7.0   MAIN                                                              03/27/2025 09:27:20 PAGE 9   

 489          0x40,0xC0,0x78,0x40,0xC0,0x78,0x40,0x00,0x04,0x3F,0x04,0x04,0x3F,0x04,0x04,0x00,
 490          /*-- 文字: $ --*/
 491          /*-- Comic Sans MS12; 此字体下对应的点阵为：宽x 高=8x16 --*/
 492          0x00,0x70,0x88,0xFC,0x08,0x30,0x00,0x00,0x00,0x18,0x20,0xFF,0x21,0x1E,0x00,0x00,
 493          /*-- 文字: % --*/
 494          /*-- Comic Sans MS12; 此字体下对应的点阵为：宽x 高=8x16 --*/
 495          0xF0,0x08,0xF0,0x00,0xE0,0x18,0x00,0x00,0x00,0x21,0x1C,0x03,0x1E,0x21,0x1E,0x00,
 496          /*-- 文字: & --*/
 497          /*-- Comic Sans MS12; 此字体下对应的点阵为：宽x 高=8x16 --*/
 498          0x00,0xF0,0x08,0x88,0x70,0x00,0x00,0x00,0x1E,0x21,0x23,0x24,0x19,0x27,0x21,0x10,
 499          /*-- 文字: ' --*/
 500          /*-- Comic Sans MS12; 此字体下对应的点阵为：宽x 高=8x16 --*/
 501          0x10,0x16,0x0E,0x00,0x00,0x00,0x00,0x00,0x00,0x00,0x00,0x00,0x00,0x00,0x00,0x00,
 502          /*-- 文字: ( --*/
 503          /*-- Comic Sans MS12; 此字体下对应的点阵为：宽x 高=8x16 --*/
 504          0x00,0x00,0x00,0xE0,0x18,0x04,0x02,0x00,0x00,0x00,0x00,0x07,0x18,0x20,0x40,0x00,
 505          /*-- 文字: ) --*/
 506          /*-- Comic Sans MS12; 此字体下对应的点阵为：宽x 高=8x16 --*/
 507          0x00,0x02,0x04,0x18,0xE0,0x00,0x00,0x00,0x00,0x40,0x20,0x18,0x07,0x00,0x00,0x00,
 508          /*-- 文字: * --*/
 509          /*-- Comic Sans MS12; 此字体下对应的点阵为：宽x 高=8x16 --*/
 510          0x40,0x40,0x80,0xF0,0x80,0x40,0x40,0x00,0x02,0x02,0x01,0x0F,0x01,0x02,0x02,0x00,
 511          /*-- 文字: + --*/
 512          /*-- Comic Sans MS12; 此字体下对应的点阵为：宽x 高=8x16 --*/
 513          0x00,0x00,0x00,0xF0,0x00,0x00,0x00,0x00,0x01,0x01,0x01,0x1F,0x01,0x01,0x01,0x00,
 514          /*-- 文字: , --*/
 515          /*-- Comic Sans MS12; 此字体下对应的点阵为：宽x 高=8x16 --*/
 516          0x00,0x00,0x00,0x00,0x00,0x00,0x00,0x00,0x80,0xB0,0x70,0x00,0x00,0x00,0x00,0x00,
 517          /*-- 文字: - --*/
 518          /*-- Comic Sans MS12; 此字体下对应的点阵为：宽x 高=8x16 --*/
 519          0x00,0x00,0x00,0x00,0x00,0x00,0x00,0x00,0x00,0x01,0x01,0x01,0x01,0x01,0x01,0x01,
 520          /*-- 文字: . --*/
 521          /*-- Comic Sans MS12; 此字体下对应的点阵为：宽x 高=8x16 --*/
 522          0x00,0x00,0x00,0x00,0x00,0x00,0x00,0x00,0x00,0x30,0x30,0x00,0x00,0x00,0x00,0x00,
 523          /*-- 文字: / --*/
 524          /*-- Comic Sans MS12; 此字体下对应的点阵为：宽x 高=8x16 --*/
 525          0x00,0x00,0x00,0x00,0x80,0x60,0x18,0x04,0x00,0x60,0x18,0x06,0x01,0x00,0x00,0x00,
 526          /*-- 文字: 0 --*/
 527          /*-- Comic Sans MS12; 此字体下对应的点阵为：宽x 高=8x16 --*/
 528          0x00,0xE0,0x10,0x08,0x08,0x10,0xE0,0x00,0x00,0x0F,0x10,0x20,0x20,0x10,0x0F,0x00,
 529          /*-- 文字: 1 --*/
 530          /*-- Comic Sans MS12; 此字体下对应的点阵为：宽x 高=8x16 --*/
 531          0x00,0x10,0x10,0xF8,0x00,0x00,0x00,0x00,0x00,0x20,0x20,0x3F,0x20,0x20,0x00,0x00,
 532          /*-- 文字: 2 --*/
 533          /*-- Comic Sans MS12; 此字体下对应的点阵为：宽x 高=8x16 --*/
 534          0x00,0x70,0x08,0x08,0x08,0x88,0x70,0x00,0x00,0x30,0x28,0x24,0x22,0x21,0x30,0x00,
 535          /*-- 文字: 3 --*/
 536          /*-- Comic Sans MS12; 此字体下对应的点阵为：宽x 高=8x16 --*/
 537          0x00,0x30,0x08,0x88,0x88,0x48,0x30,0x00,0x00,0x18,0x20,0x20,0x20,0x11,0x0E,0x00,
 538          /*-- 文字: 4 --*/
 539          /*-- Comic Sans MS12; 此字体下对应的点阵为：宽x 高=8x16 --*/
 540          0x00,0x00,0xC0,0x20,0x10,0xF8,0x00,0x00,0x00,0x07,0x04,0x24,0x24,0x3F,0x24,0x00,
 541          /*-- 文字: 5 --*/
 542          /*-- Comic Sans MS12; 此字体下对应的点阵为：宽x 高=8x16 --*/
 543          0x00,0xF8,0x08,0x88,0x88,0x08,0x08,0x00,0x00,0x19,0x21,0x20,0x20,0x11,0x0E,0x00,
 544          /*-- 文字: 6 --*/
 545          /*-- Comic Sans MS12; 此字体下对应的点阵为：宽x 高=8x16 --*/
 546          0x00,0xE0,0x10,0x88,0x88,0x18,0x00,0x00,0x00,0x0F,0x11,0x20,0x20,0x11,0x0E,0x00,
 547          /*-- 文字: 7 --*/
 548          /*-- Comic Sans MS12; 此字体下对应的点阵为：宽x 高=8x16 --*/
 549          0x00,0x38,0x08,0x08,0xC8,0x38,0x08,0x00,0x00,0x00,0x00,0x3F,0x00,0x00,0x00,0x00,
 550          /*-- 文字: 8 --*/
C51 COMPILER V9.60.7.0   MAIN                                                              03/27/2025 09:27:20 PAGE 10  

 551          /*-- Comic Sans MS12; 此字体下对应的点阵为：宽x 高=8x16 --*/
 552          0x00,0x70,0x88,0x08,0x08,0x88,0x70,0x00,0x00,0x1C,0x22,0x21,0x21,0x22,0x1C,0x00,
 553          /*-- 文字: 9 --*/
 554          /*-- Comic Sans MS12; 此字体下对应的点阵为：宽x 高=8x16 --*/
 555          0x00,0xE0,0x10,0x08,0x08,0x10,0xE0,0x00,0x00,0x00,0x31,0x22,0x22,0x11,0x0F,0x00,
 556          /*-- 文字: : --*/
 557          /*-- Comic Sans MS12; 此字体下对应的点阵为：宽x 高=8x16 --*/
 558          0x00,0x00,0x00,0xC0,0xC0,0x00,0x00,0x00,0x00,0x00,0x00,0x30,0x30,0x00,0x00,0x00,
 559          /*-- 文字: ; --*/
 560          /*-- Comic Sans MS12; 此字体下对应的点阵为：宽x 高=8x16 --*/
 561          0x00,0x00,0x00,0x80,0x00,0x00,0x00,0x00,0x00,0x00,0x80,0x60,0x00,0x00,0x00,0x00,
 562          /*-- 文字: < --*/
 563          /*-- Comic Sans MS12; 此字体下对应的点阵为：宽x 高=8x16 --*/
 564          0x00,0x00,0x80,0x40,0x20,0x10,0x08,0x00,0x00,0x01,0x02,0x04,0x08,0x10,0x20,0x00,
 565          /*-- 文字: = --*/
 566          /*-- Comic Sans MS12; 此字体下对应的点阵为：宽x 高=8x16 --*/
 567          0x40,0x40,0x40,0x40,0x40,0x40,0x40,0x00,0x04,0x04,0x04,0x04,0x04,0x04,0x04,0x00,
 568          /*-- 文字: > --*/
 569          /*-- Comic Sans MS12; 此字体下对应的点阵为：宽x 高=8x16 --*/
 570          0x00,0x08,0x10,0x20,0x40,0x80,0x00,0x00,0x00,0x20,0x10,0x08,0x04,0x02,0x01,0x00,
 571          /*-- 文字: ? --*/
 572          /*-- Comic Sans MS12; 此字体下对应的点阵为：宽x 高=8x16 --*/
 573          0x00,0x70,0x48,0x08,0x08,0x08,0xF0,0x00,0x00,0x00,0x00,0x30,0x36,0x01,0x00,0x00,
 574          /*-- 文字: @ --*/
 575          /*-- Comic Sans MS12; 此字体下对应的点阵为：宽x 高=8x16 --*/
 576          0xC0,0x30,0xC8,0x28,0xE8,0x10,0xE0,0x00,0x07,0x18,0x27,0x24,0x23,0x14,0x0B,0x00,
 577          /*-- 文字: A --*/
 578          /*-- Comic Sans MS12; 此字体下对应的点阵为：宽x 高=8x16 --*/
 579          0x00,0x00,0xC0,0x38,0xE0,0x00,0x00,0x00,0x20,0x3C,0x23,0x02,0x02,0x27,0x38,0x20,
 580          /*-- 文字: B --*/
 581          /*-- Comic Sans MS12; 此字体下对应的点阵为：宽x 高=8x16 --*/
 582          0x08,0xF8,0x88,0x88,0x88,0x70,0x00,0x00,0x20,0x3F,0x20,0x20,0x20,0x11,0x0E,0x00,
 583          /*-- 文字: C --*/
 584          /*-- Comic Sans MS12; 此字体下对应的点阵为：宽x 高=8x16 --*/
 585          0xC0,0x30,0x08,0x08,0x08,0x08,0x38,0x00,0x07,0x18,0x20,0x20,0x20,0x10,0x08,0x00,
 586          /*-- 文字: D --*/
 587          /*-- Comic Sans MS12; 此字体下对应的点阵为：宽x 高=8x16 --*/
 588          0x08,0xF8,0x08,0x08,0x08,0x10,0xE0,0x00,0x20,0x3F,0x20,0x20,0x20,0x10,0x0F,0x00,
 589          /*-- 文字: E --*/
 590          /*-- Comic Sans MS12; 此字体下对应的点阵为：宽x 高=8x16 --*/
 591          0x08,0xF8,0x88,0x88,0xE8,0x08,0x10,0x00,0x20,0x3F,0x20,0x20,0x23,0x20,0x18,0x00,
 592          /*-- 文字: F --*/
 593          /*-- Comic Sans MS12; 此字体下对应的点阵为：宽x 高=8x16 --*/
 594          0x08,0xF8,0x88,0x88,0xE8,0x08,0x10,0x00,0x20,0x3F,0x20,0x00,0x03,0x00,0x00,0x00,
 595          /*-- 文字: G --*/
 596          /*-- Comic Sans MS12; 此字体下对应的点阵为：宽x 高=8x16 --*/
 597          0xC0,0x30,0x08,0x08,0x08,0x38,0x00,0x00,0x07,0x18,0x20,0x20,0x22,0x1E,0x02,0x00,
 598          /*-- 文字: H --*/
 599          /*-- Comic Sans MS12; 此字体下对应的点阵为：宽x 高=8x16 --*/
 600          0x08,0xF8,0x08,0x00,0x00,0x08,0xF8,0x08,0x20,0x3F,0x21,0x01,0x01,0x21,0x3F,0x20,
 601          /*-- 文字: I --*/
 602          /*-- Comic Sans MS12; 此字体下对应的点阵为：宽x 高=8x16 --*/
 603          0x00,0x08,0x08,0xF8,0x08,0x08,0x00,0x00,0x00,0x20,0x20,0x3F,0x20,0x20,0x00,0x00,
 604          /*-- 文字: J --*/
 605          /*-- Comic Sans MS12; 此字体下对应的点阵为：宽x 高=8x16 --*/
 606          0x00,0x00,0x08,0x08,0xF8,0x08,0x08,0x00,0xC0,0x80,0x80,0x80,0x7F,0x00,0x00,0x00,
 607          /*-- 文字: K --*/
 608          /*-- Comic Sans MS12; 此字体下对应的点阵为：宽x 高=8x16 --*/
 609          0x08,0xF8,0x88,0xC0,0x28,0x18,0x08,0x00,0x20,0x3F,0x20,0x01,0x26,0x38,0x20,0x00,
 610          /*-- 文字: L --*/
 611          /*-- Comic Sans MS12; 此字体下对应的点阵为：宽x 高=8x16 --*/
 612          0x08,0xF8,0x08,0x00,0x00,0x00,0x00,0x00,0x20,0x3F,0x20,0x20,0x20,0x20,0x30,0x00,
C51 COMPILER V9.60.7.0   MAIN                                                              03/27/2025 09:27:20 PAGE 11  

 613          /*-- 文字: M --*/
 614          /*-- Comic Sans MS12; 此字体下对应的点阵为：宽x 高=8x16 --*/
 615          0x08,0xF8,0xF8,0x00,0xF8,0xF8,0x08,0x00,0x20,0x3F,0x00,0x3F,0x00,0x3F,0x20,0x00,
 616          /*-- 文字: N --*/
 617          /*-- Comic Sans MS12; 此字体下对应的点阵为：宽x 高=8x16 --*/
 618          0x08,0xF8,0x30,0xC0,0x00,0x08,0xF8,0x08,0x20,0x3F,0x20,0x00,0x07,0x18,0x3F,0x00,
 619          /*-- 文字: O --*/
 620          /*-- Comic Sans MS12; 此字体下对应的点阵为：宽x 高=8x16 --*/
 621          0xE0,0x10,0x08,0x08,0x08,0x10,0xE0,0x00,0x0F,0x10,0x20,0x20,0x20,0x10,0x0F,0x00,
 622          /*-- 文字: P --*/
 623          /*-- Comic Sans MS12; 此字体下对应的点阵为：宽x 高=8x16 --*/
 624          0x08,0xF8,0x08,0x08,0x08,0x08,0xF0,0x00,0x20,0x3F,0x21,0x01,0x01,0x01,0x00,0x00,
 625          /*-- 文字: Q --*/
 626          /*-- Comic Sans MS12; 此字体下对应的点阵为：宽x 高=8x16 --*/
 627          0xE0,0x10,0x08,0x08,0x08,0x10,0xE0,0x00,0x0F,0x18,0x24,0x24,0x38,0x50,0x4F,0x00,
 628          /*-- 文字: R --*/
 629          /*-- Comic Sans MS12; 此字体下对应的点阵为：宽x 高=8x16 --*/
 630          0x08,0xF8,0x88,0x88,0x88,0x88,0x70,0x00,0x20,0x3F,0x20,0x00,0x03,0x0C,0x30,0x20,
 631          /*-- 文字: S --*/
 632          /*-- Comic Sans MS12; 此字体下对应的点阵为：宽x 高=8x16 --*/
 633          0x00,0x70,0x88,0x08,0x08,0x08,0x38,0x00,0x00,0x38,0x20,0x21,0x21,0x22,0x1C,0x00,
 634          /*-- 文字: T --*/
 635          /*-- Comic Sans MS12; 此字体下对应的点阵为：宽x 高=8x16 --*/
 636          0x18,0x08,0x08,0xF8,0x08,0x08,0x18,0x00,0x00,0x00,0x20,0x3F,0x20,0x00,0x00,0x00,
 637          /*-- 文字: U --*/
 638          /*-- Comic Sans MS12; 此字体下对应的点阵为：宽x 高=8x16 --*/
 639          0x08,0xF8,0x08,0x00,0x00,0x08,0xF8,0x08,0x00,0x1F,0x20,0x20,0x20,0x20,0x1F,0x00,
 640          /*-- 文字: V --*/
 641          /*-- Comic Sans MS12; 此字体下对应的点阵为：宽x 高=8x16 --*/
 642          0x08,0x78,0x88,0x00,0x00,0xC8,0x38,0x08,0x00,0x00,0x07,0x38,0x0E,0x01,0x00,0x00,
 643          /*-- 文字: W --*/
 644          /*-- Comic Sans MS12; 此字体下对应的点阵为：宽x 高=8x16 --*/
 645          0xF8,0x08,0x00,0xF8,0x00,0x08,0xF8,0x00,0x03,0x3C,0x07,0x00,0x07,0x3C,0x03,0x00,
 646          /*-- 文字: X --*/
 647          /*-- Comic Sans MS12; 此字体下对应的点阵为：宽x 高=8x16 --*/
 648          0x08,0x18,0x68,0x80,0x80,0x68,0x18,0x08,0x20,0x30,0x2C,0x03,0x03,0x2C,0x30,0x20,
 649          /*-- 文字: Y --*/
 650          /*-- Comic Sans MS12; 此字体下对应的点阵为：宽x 高=8x16 --*/
 651          0x08,0x38,0xC8,0x00,0xC8,0x38,0x08,0x00,0x00,0x00,0x20,0x3F,0x20,0x00,0x00,0x00,
 652          /*-- 文字: Z --*/
 653          /*-- Comic Sans MS12; 此字体下对应的点阵为：宽x 高=8x16 --*/
 654          0x10,0x08,0x08,0x08,0xC8,0x38,0x08,0x00,0x20,0x38,0x26,0x21,0x20,0x20,0x18,0x00,
 655          /*-- 文字: [ --*/
 656          /*-- Comic Sans MS12; 此字体下对应的点阵为：宽x 高=8x16 --*/
 657          0x00,0x00,0x00,0xFE,0x02,0x02,0x02,0x00,0x00,0x00,0x00,0x7F,0x40,0x40,0x40,0x00,
 658          /*-- 文字: \ --*/
 659          /*-- Comic Sans MS12; 此字体下对应的点阵为：宽x 高=8x16 --*/
 660          0x00,0x0C,0x30,0xC0,0x00,0x00,0x00,0x00,0x00,0x00,0x00,0x01,0x06,0x38,0xC0,0x00,
 661          /*-- 文字: ] --*/
 662          /*-- Comic Sans MS12; 此字体下对应的点阵为：宽x 高=8x16 --*/
 663          0x00,0x02,0x02,0x02,0xFE,0x00,0x00,0x00,0x00,0x40,0x40,0x40,0x7F,0x00,0x00,0x00,
 664          /*-- 文字: ^ --*/
 665          /*-- Comic Sans MS12; 此字体下对应的点阵为：宽x 高=8x16 --*/
 666          0x00,0x00,0x04,0x02,0x02,0x02,0x04,0x00,0x00,0x00,0x00,0x00,0x00,0x00,0x00,0x00,
 667          /*-- 文字: _ --*/
 668          /*-- Comic Sans MS12; 此字体下对应的点阵为：宽x 高=8x16 --*/
 669          0x00,0x00,0x00,0x00,0x00,0x00,0x00,0x00,0x80,0x80,0x80,0x80,0x80,0x80,0x80,0x80,
 670          /*-- 文字: ` --*/
 671          /*-- Comic Sans MS12; 此字体下对应的点阵为：宽x 高=8x16 --*/
 672          0x00,0x02,0x02,0x04,0x00,0x00,0x00,0x00,0x00,0x00,0x00,0x00,0x00,0x00,0x00,0x00,
 673          /*-- 文字: a --*/
 674          /*-- Comic Sans MS12; 此字体下对应的点阵为：宽x 高=8x16 --*/
C51 COMPILER V9.60.7.0   MAIN                                                              03/27/2025 09:27:20 PAGE 12  

 675          0x00,0x00,0x80,0x80,0x80,0x80,0x00,0x00,0x00,0x19,0x24,0x22,0x22,0x22,0x3F,0x20,
 676          /*-- 文字: b --*/
 677          /*-- Comic Sans MS12; 此字体下对应的点阵为：宽x 高=8x16 --*/
 678          0x08,0xF8,0x00,0x80,0x80,0x00,0x00,0x00,0x00,0x3F,0x11,0x20,0x20,0x11,0x0E,0x00,
 679          /*-- 文字: c --*/
 680          /*-- Comic Sans MS12; 此字体下对应的点阵为：宽x 高=8x16 --*/
 681          0x00,0x00,0x00,0x80,0x80,0x80,0x00,0x00,0x00,0x0E,0x11,0x20,0x20,0x20,0x11,0x00,
 682          /*-- 文字: d --*/
 683          /*-- Comic Sans MS12; 此字体下对应的点阵为：宽x 高=8x16 --*/
 684          0x00,0x00,0x00,0x80,0x80,0x88,0xF8,0x00,0x00,0x0E,0x11,0x20,0x20,0x10,0x3F,0x20,
 685          /*-- 文字: e --*/
 686          /*-- Comic Sans MS12; 此字体下对应的点阵为：宽x 高=8x16 --*/
 687          0x00,0x00,0x80,0x80,0x80,0x80,0x00,0x00,0x00,0x1F,0x22,0x22,0x22,0x22,0x13,0x00,
 688          /*-- 文字: f --*/
 689          /*-- Comic Sans MS12; 此字体下对应的点阵为：宽x 高=8x16 --*/
 690          0x00,0x80,0x80,0xF0,0x88,0x88,0x88,0x18,0x00,0x20,0x20,0x3F,0x20,0x20,0x00,0x00,
 691          /*-- 文字: g --*/
 692          /*-- Comic Sans MS12; 此字体下对应的点阵为：宽x 高=8x16 --*/
 693          0x00,0x00,0x80,0x80,0x80,0x80,0x80,0x00,0x00,0x6B,0x94,0x94,0x94,0x93,0x60,0x00,
 694          /*-- 文字: h --*/
 695          /*-- Comic Sans MS12; 此字体下对应的点阵为：宽x 高=8x16 --*/
 696          0x08,0xF8,0x00,0x80,0x80,0x80,0x00,0x00,0x20,0x3F,0x21,0x00,0x00,0x20,0x3F,0x20,
 697          /*-- 文字: i --*/
 698          /*-- Comic Sans MS12; 此字体下对应的点阵为：宽x 高=8x16 --*/
 699          0x00,0x80,0x98,0x98,0x00,0x00,0x00,0x00,0x00,0x20,0x20,0x3F,0x20,0x20,0x00,0x00,
 700          /*-- 文字: j --*/
 701          /*-- Comic Sans MS12; 此字体下对应的点阵为：宽x 高=8x16 --*/
 702          0x00,0x00,0x00,0x80,0x98,0x98,0x00,0x00,0x00,0xC0,0x80,0x80,0x80,0x7F,0x00,0x00,
 703          /*-- 文字: k --*/
 704          /*-- Comic Sans MS12; 此字体下对应的点阵为：宽x 高=8x16 --*/
 705          0x08,0xF8,0x00,0x00,0x80,0x80,0x80,0x00,0x20,0x3F,0x24,0x02,0x2D,0x30,0x20,0x00,
 706          /*-- 文字: l --*/
 707          /*-- Comic Sans MS12; 此字体下对应的点阵为：宽x 高=8x16 --*/
 708          0x00,0x08,0x08,0xF8,0x00,0x00,0x00,0x00,0x00,0x20,0x20,0x3F,0x20,0x20,0x00,0x00,
 709          /*-- 文字: m --*/
 710          /*-- Comic Sans MS12; 此字体下对应的点阵为：宽x 高=8x16 --*/
 711          0x80,0x80,0x80,0x80,0x80,0x80,0x80,0x00,0x20,0x3F,0x20,0x00,0x3F,0x20,0x00,0x3F,
 712          /*-- 文字: n --*/
 713          /*-- Comic Sans MS12; 此字体下对应的点阵为：宽x 高=8x16 --*/
 714          0x80,0x80,0x00,0x80,0x80,0x80,0x00,0x00,0x20,0x3F,0x21,0x00,0x00,0x20,0x3F,0x20,
 715          /*-- 文字: o --*/
 716          /*-- Comic Sans MS12; 此字体下对应的点阵为：宽x 高=8x16 --*/
 717          0x00,0x00,0x80,0x80,0x80,0x80,0x00,0x00,0x00,0x1F,0x20,0x20,0x20,0x20,0x1F,0x00,
 718          /*-- 文字: p --*/
 719          /*-- Comic Sans MS12; 此字体下对应的点阵为：宽x 高=8x16 --*/
 720          0x80,0x80,0x00,0x80,0x80,0x00,0x00,0x00,0x80,0xFF,0xA1,0x20,0x20,0x11,0x0E,0x00,
 721          /*-- 文字: q --*/
 722          /*-- Comic Sans MS12; 此字体下对应的点阵为：宽x 高=8x16 --*/
 723          0x00,0x00,0x00,0x80,0x80,0x80,0x80,0x00,0x00,0x0E,0x11,0x20,0x20,0xA0,0xFF,0x80,
 724          /*-- 文字: r --*/
 725          /*-- Comic Sans MS12; 此字体下对应的点阵为：宽x 高=8x16 --*/
 726          0x80,0x80,0x80,0x00,0x80,0x80,0x80,0x00,0x20,0x20,0x3F,0x21,0x20,0x00,0x01,0x00,
 727          /*-- 文字: s --*/
 728          /*-- Comic Sans MS12; 此字体下对应的点阵为：宽x 高=8x16 --*/
 729          0x00,0x00,0x80,0x80,0x80,0x80,0x80,0x00,0x00,0x33,0x24,0x24,0x24,0x24,0x19,0x00,
 730          /*-- 文字: t --*/
 731          /*-- Comic Sans MS12; 此字体下对应的点阵为：宽x 高=8x16 --*/
 732          0x00,0x80,0x80,0xE0,0x80,0x80,0x00,0x00,0x00,0x00,0x00,0x1F,0x20,0x20,0x00,0x00,
 733          /*-- 文字: u --*/
 734          /*-- Comic Sans MS12; 此字体下对应的点阵为：宽x 高=8x16 --*/
 735          0x80,0x80,0x00,0x00,0x00,0x80,0x80,0x00,0x00,0x1F,0x20,0x20,0x20,0x10,0x3F,0x20,
 736          /*-- 文字: v --*/
C51 COMPILER V9.60.7.0   MAIN                                                              03/27/2025 09:27:20 PAGE 13  

 737          /*-- Comic Sans MS12; 此字体下对应的点阵为：宽x 高=8x16 --*/
 738          0x80,0x80,0x80,0x00,0x00,0x80,0x80,0x80,0x00,0x01,0x0E,0x30,0x08,0x06,0x01,0x00,
 739          /*-- 文字: w --*/
 740          /*-- Comic Sans MS12; 此字体下对应的点阵为：宽x 高=8x16 --*/
 741          0x80,0x80,0x00,0x80,0x00,0x80,0x80,0x80,0x0F,0x30,0x0C,0x03,0x0C,0x30,0x0F,0x00,
 742          /*-- 文字: x --*/
 743          /*-- Comic Sans MS12; 此字体下对应的点阵为：宽x 高=8x16 --*/
 744          0x00,0x80,0x80,0x00,0x80,0x80,0x80,0x00,0x00,0x20,0x31,0x2E,0x0E,0x31,0x20,0x00,
 745          /*-- 文字: y --*/
 746          /*-- Comic Sans MS12; 此字体下对应的点阵为：宽x 高=8x16 --*/
 747          0x80,0x80,0x80,0x00,0x00,0x80,0x80,0x80,0x80,0x81,0x8E,0x70,0x18,0x06,0x01,0x00,
 748          /*-- 文字: z --*/
 749          /*-- Comic Sans MS12; 此字体下对应的点阵为：宽x 高=8x16 --*/
 750          0x00,0x80,0x80,0x80,0x80,0x80,0x80,0x00,0x00,0x21,0x30,0x2C,0x22,0x21,0x30,0x00,
 751          /*-- 文字: { --*/
 752          /*-- Comic Sans MS12; 此字体下对应的点阵为：宽x 高=8x16 --*/
 753          0x00,0x00,0x00,0x00,0x80,0x7C,0x02,0x02,0x00,0x00,0x00,0x00,0x00,0x3F,0x40,0x40,
 754          /*-- 文字: | --*/
 755          /*-- Comic Sans MS12; 此字体下对应的点阵为：宽x 高=8x16 --*/
 756          0x00,0x00,0x00,0x00,0xFF,0x00,0x00,0x00,0x00,0x00,0x00,0x00,0xFF,0x00,0x00,0x00,
 757          /*-- 文字: } --*/
 758          /*-- Comic Sans MS12; 此字体下对应的点阵为：宽x 高=8x16 --*/
 759          0x00,0x02,0x02,0x7C,0x80,0x00,0x00,0x00,0x00,0x40,0x40,0x3F,0x00,0x00,0x00,0x00,
 760          /*-- 文字: ~ --*/
 761          /*-- Comic Sans MS12; 此字体下对应的点阵为：宽x 高=8x16 --*/
 762          0x00,0x06,0x01,0x01,0x02,0x02,0x04,0x04,0x00,0x00,0x00,0x00,0x00,0x00,0x00,0x00
 763          };
 764          
 765          
 766          uchar code ascii_table_5x8[95][5]={
 767          /*二维数组  行 列  */
 768          /*全体ASCII 列表:5x8 点阵*/
 769          0x00,0x00,0x00,0x00,0x00,/*space*/   
 770          0x00,0x00,0x4f,0x00,0x00,//!
 771          0x00,0x07,0x00,0x07,0x00,//"
 772          0x14,0x7f,0x14,0x7f,0x14,//#
 773          0x24,0x2a,0x7f,0x2a,0x12,//$
 774          0x23,0x13,0x08,0x64,0x62,//%
 775          0x36,0x49,0x55,0x22,0x50,//&
 776          0x00,0x05,0x07,0x00,0x00,//]
 777          0x00,0x1c,0x22,0x41,0x00,//(
 778          0x00,0x41,0x22,0x1c,0x00,//)
 779          0x14,0x08,0x3e,0x08,0x14,//*
 780          0x08,0x08,0x3e,0x08,0x08,//+
 781          0x00,0x50,0x30,0x00,0x00,//,
 782          0x08,0x08,0x08,0x08,0x08,//-
 783          0x00,0x60,0x60,0x00,0x00,//.
 784          0x20,0x10,0x08,0x04,0x02,///
 785          0x3e,0x51,0x49,0x45,0x3e,//0
 786          0x00,0x42,0x7f,0x40,0x00,//1
 787          0x42,0x61,0x51,0x49,0x46,//2
 788          0x21,0x41,0x45,0x4b,0x31,//3
 789          0x18,0x14,0x12,0x7f,0x10,//4
 790          0x27,0x45,0x45,0x45,0x39,//5
 791          0x3c,0x4a,0x49,0x49,0x30,//6
 792          0x01,0x71,0x09,0x05,0x03,//7
 793          0x36,0x49,0x49,0x49,0x36,//8
 794          0x06,0x49,0x49,0x29,0x1e,//9
 795          0x00,0x36,0x36,0x00,0x00,//:
 796          0x00,0x56,0x36,0x00,0x00,//;
 797          0x08,0x14,0x22,0x41,0x00,//<
 798          0x14,0x14,0x14,0x14,0x14,//=
C51 COMPILER V9.60.7.0   MAIN                                                              03/27/2025 09:27:20 PAGE 14  

 799          0x00,0x41,0x22,0x14,0x08,//>
 800          0x02,0x01,0x51,0x09,0x06,//?
 801          0x32,0x49,0x79,0x41,0x3e,//@
 802          0x7e,0x11,0x11,0x11,0x7e,//A
 803          0x7f,0x49,0x49,0x49,0x36,//B
 804          0x3e,0x41,0x41,0x41,0x22,//C
 805          0x7f,0x41,0x41,0x22,0x1c,//D
 806          0x7f,0x49,0x49,0x49,0x41,//E
 807          0x7f,0x09,0x09,0x09,0x01,//F
 808          0x3e,0x41,0x49,0x49,0x7a,//G
 809          0x7f,0x08,0x08,0x08,0x7f,//H
 810          0x00,0x41,0x7f,0x41,0x00,//I
 811          0x20,0x40,0x41,0x3f,0x01,//J
 812          0x7f,0x08,0x14,0x22,0x41,//K
 813          0x7f,0x40,0x40,0x40,0x40,//L
 814          0x7f,0x02,0x0c,0x02,0x7f,//M
 815          0x7f,0x04,0x08,0x10,0x7f,//N
 816          0x3e,0x41,0x41,0x41,0x3e,//O
 817          0x7f,0x09,0x09,0x09,0x06,//P
 818          0x3e,0x41,0x51,0x21,0x5e,//Q
 819          0x7f,0x09,0x19,0x29,0x46,//R
 820          0x46,0x49,0x49,0x49,0x31,//S
 821          0x01,0x01,0x7f,0x01,0x01,//T
 822          0x3f,0x40,0x40,0x40,0x3f,//U
 823          0x1f,0x20,0x40,0x20,0x1f,//V
 824          0x3f,0x40,0x38,0x40,0x3f,//W
 825          0x63,0x14,0x08,0x14,0x63,//X
 826          0x07,0x08,0x70,0x08,0x07,//Y
 827          0x61,0x51,0x49,0x45,0x43,//Z
 828          0x00,0x7f,0x41,0x41,0x00,//[
 829          0x02,0x04,0x08,0x10,0x20,//斜杠
 830          0x00,0x41,0x41,0x7f,0x00,//]
 831          0x04,0x02,0x01,0x02,0x04,//^
 832          0x40,0x40,0x40,0x40,0x40,//_
 833          0x01,0x02,0x04,0x00,0x00,//`
 834          0x20,0x54,0x54,0x54,0x78,//a
 835          0x7f,0x48,0x48,0x48,0x30,//b
 836          0x38,0x44,0x44,0x44,0x44,//c
 837          0x30,0x48,0x48,0x48,0x7f,//d
 838          0x38,0x54,0x54,0x54,0x58,//e
 839          0x00,0x08,0x7e,0x09,0x02,//f
 840          0x48,0x54,0x54,0x54,0x3c,//g
 841          0x7f,0x08,0x08,0x08,0x70,//h
 842          0x00,0x00,0x7a,0x00,0x00,//i
 843          0x20,0x40,0x40,0x3d,0x00,//j
 844          0x7f,0x20,0x28,0x44,0x00,//k
 845          0x00,0x41,0x7f,0x40,0x00,//l
 846          0x7c,0x04,0x38,0x04,0x7c,//m
 847          0x7c,0x08,0x04,0x04,0x78,//n
 848          0x38,0x44,0x44,0x44,0x38,//o
 849          0x7c,0x14,0x14,0x14,0x08,//p
 850          0x08,0x14,0x14,0x14,0x7c,//q
 851          0x7c,0x08,0x04,0x04,0x08,//r
 852          0x48,0x54,0x54,0x54,0x24,//s
 853          0x04,0x04,0x3f,0x44,0x24,//t
 854          0x3c,0x40,0x40,0x40,0x3c,//u
 855          0x1c,0x20,0x40,0x20,0x1c,//v
 856          0x3c,0x40,0x30,0x40,0x3c,//w
 857          0x44,0x28,0x10,0x28,0x44,//x
 858          0x04,0x48,0x30,0x08,0x04,//y
 859          0x44,0x64,0x54,0x4c,0x44,//z
 860          0x08,0x36,0x41,0x41,0x00,//{
C51 COMPILER V9.60.7.0   MAIN                                                              03/27/2025 09:27:20 PAGE 15  

 861          0x00,0x00,0x77,0x00,0x00,//|
 862          0x00,0x41,0x41,0x36,0x08,//}
 863          0x04,0x02,0x02,0x02,0x01,//~
 864          };
 865          
 866          uchar code zhong1[]={
 867          /*--  文字:  中  --*/
 868          /*--  宋体12;  此字体下对应的点阵为：宽x高=16x16   --*/
 869          0x00,0x00,0xF0,0x10,0x10,0x10,0x10,0xFF,0x10,0x10,0x10,0x10,0xF0,0x00,0x00,0x00,
 870          0x00,0x00,0x0F,0x04,0x04,0x04,0x04,0xFF,0x04,0x04,0x04,0x04,0x0F,0x00,0x00,0x00,
 871          };
 872          
 873          uchar code guo1[]={
 874          /*--  文字:  国  --*/
 875          /*--  宋体12;  此字体下对应的点阵为：宽x高=16x16   --*/
 876          0x00,0xFE,0x02,0x12,0x92,0x92,0x92,0xF2,0x92,0x92,0x92,0x12,0x02,0xFE,0x00,0x00,
 877          0x00,0xFF,0x40,0x48,0x48,0x48,0x48,0x4F,0x48,0x4A,0x4C,0x48,0x40,0xFF,0x00,0x00,
 878          };
 879          
 880                  uchar code dong1[]={/*--  文字:  东  --*/
 881          /*--  宋体12;  此字体下对应的点阵为：宽x高=16x16   --*/
 882          0x00,0x08,0x88,0x48,0x28,0x18,0x0F,0xE8,0x08,0x08,0x08,0x08,0x08,0x08,0x00,0x00,
 883          0x00,0x20,0x11,0x09,0x05,0x41,0x81,0x7F,0x01,0x01,0x05,0x09,0x11,0x20,0x00,0x00,        
 884          };      
 885                  
 886          uchar code fang1[]={/*--  文字:  方  --*/
 887          /*--  宋体12;  此字体下对应的点阵为：宽x高=16x16   --*/
 888          0x08,0x08,0x08,0x08,0x08,0xF8,0x89,0x8E,0x88,0x88,0x88,0x88,0x08,0x08,0x08,0x00,
 889          0x00,0x80,0x40,0x20,0x18,0x07,0x00,0x00,0x40,0x80,0x40,0x3F,0x00,0x00,0x00,0x00,        
 890          };
 891          
 892          uchar code ke1[]={/*--  文字:  科  --*/
 893          /*--  宋体12;  此字体下对应的点阵为：宽x高=16x16   --*/
 894          0x24,0x24,0xA4,0xFE,0xA3,0x22,0x00,0x22,0xCC,0x00,0x00,0xFF,0x00,0x00,0x00,0x00,
 895          0x08,0x06,0x01,0xFF,0x00,0x01,0x04,0x04,0x04,0x04,0x04,0xFF,0x02,0x02,0x02,0x00,
 896          };      
 897          
 898          uchar code ji1[]={/*--  文字:  技  --*/
 899          /*--  宋体12;  此字体下对应的点阵为：宽x高=16x16   --*/
 900          0x10,0x10,0x10,0xFF,0x10,0x90,0x08,0x88,0x88,0x88,0xFF,0x88,0x88,0x88,0x08,0x00,
 901          0x04,0x44,0x82,0x7F,0x01,0x80,0x80,0x40,0x43,0x2C,0x10,0x28,0x46,0x81,0x80,0x00,
 902          };      


MODULE INFORMATION:   STATIC OVERLAYABLE
   CODE SIZE        =   1595    ----
   CONSTANT SIZE    =   2294    ----
   XDATA SIZE       =   ----    ----
   PDATA SIZE       =   ----    ----
   DATA SIZE        =      9      48
   IDATA SIZE       =   ----    ----
   BIT SIZE         =   ----    ----
END OF MODULE INFORMATION.


C51 COMPILATION COMPLETE.  0 WARNING(S),  0 ERROR(S)
