C51 COMPILER V9.60.7.0   LCM823160                                                         07/25/2025 09:53:49 PAGE 1   


C51 COMPILER V9.60.7.0, COMPILATION OF MODULE LCM823160
OBJECT MODULE PLACED IN .\Objects\LCM823160.obj
COMPILER INVOKED BY: D:\KEIL_STM32\C51\BIN\C51.EXE LCM823160.c COMPACT OPTIMIZE(8,SPEED) BROWSE DEBUG OBJECTEXTEND PRINT
                    -(.\Listings\LCM823160.lst) OBJECT(.\Objects\LCM823160.obj)

line level    source

   1          #include "LCM823160.h"
   2          #include <REGX52.H>
   3          #include <intrins.h>
   4          
   5          unsigned  int count;
   6          unsigned int i,j;
   7          
   8          void lcd_init()
   9          {
  10   1              write_com(0x01);    //SYS EN   open the oscillator
  11   1              write_com(0x03);    //LCD ON
  12   1      
  13   1              write_com(0x29);  // 1621: 0x29:1/3bais,1/4duty   0x30  0x18
  14   1      
  15   1              write_com(0x40);  //  0x40:Tone frequency, 4kHz ; 0x60: Tone frequency, 2kHz
  16   1              write_com(0x09);  //  Turn on tone outputs
  17   1              //write_com(0x08);  //  Turn off tone outputs
  18   1      
  19   1      //      write_com(0xe3); //NORMAL MODE
  20   1      
  21   1      
  22   1      //      write_com(0x18); //RC OSCILLATOR
  23   1      
  24   1      }
  25          /***************************************************************/
  26          void lcd_clear()
  27          {
  28   1              unsigned char add;
  29   1              add=0x40;
  30   1              for(i=0;i<50;i++)//32
  31   1              {               
  32   2                      write_data(add,0x00);
  33   2                      add++;  
  34   2              }
  35   1      }
  36          /***************************************************************/
  37          void lcd_all()
  38          {
  39   1              unsigned char add;
  40   1              add=0x40;
  41   1              for(i=0;i<50;i++) //32
  42   1              {
  43   2                      write_data(add,0xff);   
  44   2                      add++;
  45   2              }
  46   1      }
  47          /***************************************************************/
  48          void display()
  49          {
  50   1              unsigned char add;
  51   1              add=0x40;
  52   1              for(i=0;i<50;i++)//32
  53   1              {
  54   2      //              write_data(0x42,0x0a);/// add 0x01 ba
C51 COMPILER V9.60.7.0   LCM823160                                                         07/25/2025 09:53:49 PAGE 2   

  55   2      //write_data(0x43,0x0b);
  56   2              write_data(add,0x01);           //1
  57   2                      delay(200);
  58   2                      write_data(add,0x03);           //2
  59   2                      delay(200);
  60   2      
  61   2                      write_data(add,0x07);            //3
  62   2                      delay(200);
  63   2      
  64   2                      write_data(add,0x0f);           //4
  65   2                      delay(200);
  66   2        /*
  67   2                      write_data(add,0x1f);            //5    ht1622
  68   2                      delay(200);
  69   2      
  70   2                      write_data(add,0x3f);           //6
  71   2                      delay(200);
  72   2      
  73   2                      write_data(add,0x7f);           //7
  74   2                      delay(200);
  75   2      
  76   2                      write_data(add,0xff);            //8
  77   2                      delay(200);     
  78   2              */              
  79   2                      add++;
  80   2              }
  81   1      } 
  82          /***************************************************************/
  83          void  write_com(unsigned char com)
  84          {
  85   1              unsigned char x,y;
  86   1              LCDCS1=0;
  87   1              LCDDATA=1;
  88   1              LCDWR=0;
  89   1              _nop_();
  90   1          _nop_();
  91   1              LCDWR=1;
  92   1              for(y=0;y<2;y++)
  93   1              {
  94   2                      LCDDATA=0;
  95   2                      LCDWR=0;
  96   2                      _nop_();
  97   2                      _nop_();                
  98   2                      LCDWR=1;
  99   2              }
 100   1              for(x=0; x<8; x++)
 101   1              {
 102   2                      if(com&0x80)
 103   2                              LCDDATA = 1;
 104   2                      else
 105   2                              LCDDATA = 0;
 106   2      
 107   2                      LCDWR=0;        
 108   2                      _nop_();
 109   2              _nop_();        
 110   2                      LCDWR=1;
 111   2                      com <<= 1; 
 112   2              }
 113   1              LCDDATA=1;
 114   1              LCDWR=0;
 115   1              _nop_();
 116   1          _nop_();
C51 COMPILER V9.60.7.0   LCM823160                                                         07/25/2025 09:53:49 PAGE 3   

 117   1              LCDWR=1;
 118   1              LCDCS1=1;
 119   1      }
 120          /***************************************************************/
 121          void  write_data(unsigned char add1,date)
 122          {
 123   1              unsigned char x, y;
 124   1              LCDCS1=0;
 125   1              LCDDATA=1;
 126   1              LCDWR=0;
 127   1              _nop_();
 128   1          _nop_();
 129   1              LCDWR=1;
 130   1      
 131   1              for(x=0; x<8; x++)
 132   1              {
 133   2                      if(add1&0x80)
 134   2                              LCDDATA = 1;
 135   2                      else
 136   2                              LCDDATA = 0;
 137   2      
 138   2                      LCDWR=0;
 139   2                      _nop_();
 140   2              _nop_();
 141   2                      LCDWR=1;
 142   2      
 143   2                      add1 <<= 1; 
 144   2              }
 145   1              for(y=0;y<4;y++)
 146   1              {
 147   2                      if(date&0x01)
 148   2                              LCDDATA = 1;
 149   2                      else
 150   2                              LCDDATA = 0;
 151   2                      LCDWR=0;
 152   2                      _nop_();
 153   2              _nop_();
 154   2                      LCDWR=1;
 155   2      
 156   2                      date >>= 1;   
 157   2              }
 158   1              LCDCS1=1;
 159   1      }
 160          /***************************************************************/
 161          
 162          /*延时*/
 163          void delay(unsigned int z)             
 164          {
 165   1       int j,k;
 166   1       for(j=0;j<z;j++)
 167   1       for(k=0;k<110;k++);
 168   1      }
 169          
 170          
 171          
 172          unsigned char digits[][20] = {
 173                  
 174              // 数字 0：从0x40到0x5a，写入左0x0A，右0x0F
 175              {0x40, 0x5a, 0x0A, 0x0F, 0xFF},
 176          
 177              // 数字 1
 178              {0x40, 0x5a, 0x00, 0x06, 0xFF},
C51 COMPILER V9.60.7.0   LCM823160                                                         07/25/2025 09:53:49 PAGE 4   

 179          
 180              // 数字 2：分两段
 181              {0x40, 0x4a, 0x0C, 0x0B, 0x4f, 0x5d, 0x0D, 0x06, 0xFF},
 182          
 183              // 数字 3
 184              {0x40, 0x4a, 0x04, 0x0F, 0x4f, 0x5d, 0x0F, 0x04, 0xFF},
 185          
 186              // 数字 4
 187              {0x40, 0x4a, 0x06, 0x06, 0x4f, 0x5d, 0x06, 0x0C, 0xFF},
 188          
 189              // 数字 5
 190              {0x40, 0x4a, 0x06, 0x0D, 0x4f, 0x5d, 0x0B, 0x0C, 0xFF},
 191          
 192              // 数字 6
 193              {0x40, 0x4a, 0x0E, 0x0D, 0x4f, 0x5d, 0x0B, 0x0E, 0xFF},
 194          
 195              // 数字 7
 196              {0x40, 0x4a, 0x00, 0x07, 0x4f, 0x5d, 0x0E, 0x00, 0xFF},
 197          
 198              // 数字 8
 199              {0x40, 0x4a, 0x0E, 0x0F, 0x4f, 0x5d, 0x0F, 0x0E, 0xFF},
 200          
 201              // 数字 9
 202              {0x40, 0x4a, 0x06, 0x07, 0x4f, 0x5d, 0x0E, 0x0C, 0xFF}
 203          };
 204          
 205          
 206          void display_digits_simple()
 207          {
 208   1          unsigned char addr;
 209   1          int i, j;
 210   1      
 211   1          for (i = 0; i < 10; i++)  // 显示0~9
 212   1          {
 213   2              j = 0;
 214   2              while (digits[i][j] != 0xFF)  // 以 0xFF 结尾
 215   2              {
 216   3                  unsigned char start = digits[i][j++];
 217   3                  unsigned char end   = digits[i][j++];
 218   3                  unsigned char lbyte = digits[i][j++];
 219   3                  unsigned char rbyte = digits[i][j++];
 220   3      
 221   3                  for (addr = start; addr <= end; addr += 2)
 222   3                  {
 223   4                      write_data(addr,     lbyte);
 224   4                      write_data(addr + 1, rbyte);
 225   4                  }
 226   3              }
 227   2              delay(2000);
 228   2          }
 229   1      }


MODULE INFORMATION:   STATIC OVERLAYABLE
   CODE SIZE        =    606    ----
   CONSTANT SIZE    =   ----    ----
   XDATA SIZE       =   ----    ----
   PDATA SIZE       =    206      11
   DATA SIZE        =   ----    ----
   IDATA SIZE       =   ----    ----
   BIT SIZE         =   ----    ----
END OF MODULE INFORMATION.

C51 COMPILER V9.60.7.0   LCM823160                                                         07/25/2025 09:53:49 PAGE 5   


C51 COMPILATION COMPLETE.  0 WARNING(S),  0 ERROR(S)
