C51 COMPILER V9.60.7.0   MAIN                                                              09/23/2025 16:03:41 PAGE 1   


C51 COMPILER V9.60.7.0, COMPILATION OF MODULE MAIN
OBJECT MODULE PLACED IN .\Objects\main.obj
COMPILER INVOKED BY: D:\KEIL_STM32\C51\BIN\C51.EXE main.c COMPACT OPTIMIZE(8,SPEED) BROWSE DEBUG OBJECTEXTEND PRINT(.\Li
                    -stings\main.lst) OBJECT(.\Objects\main.obj)

line level    source

   1          #include "LCM823160.h"
   2          
   3          //unsigned char addr;
   4          void main()
   5          {
   6   1                lcd_init();  //initialization
   7   1                delay(5);
   8   1                lcd_clear();  // Clear Screen
   9   1      
  10   1              while(1)
  11   1              {       
  12   2                      lcd_clear();  // Clear Screen
  13   2                      lcd_all();     //Show  all
  14   2                      delay(2000);       // Time delay
  15   2                  display_digits_simple() ;
  16   2      /*
  17   2                      for (addr = 0x40; addr <= 0x5a; addr += 2)//0
  18   2                      {
  19   2                              write_data(addr,     0x0A);  // ×ó×Ö½Ú
  20   2                              write_data(addr + 1, 0x0F);  // ÓÒ×Ö½Ú
  21   2                      }
  22   2                      delay(2000);
  23   2      
  24   2                      for (addr = 0x40; addr <= 0x5a; addr += 2)//1
  25   2                      {
  26   2                              write_data(addr,     0x00);  // ×ó×Ö½Ú
  27   2                              write_data(addr + 1, 0x06);  // ÓÒ×Ö½Ú
  28   2                      }
  29   2                      delay(2000);
  30   2      
  31   2                      for (addr = 0x40; addr <= 0x4a; addr += 2)//2
  32   2                      {
  33   2                              write_data(addr,     0x0c);  // ×ó×Ö½Ú
  34   2                              write_data(addr + 1, 0x0b);  // ÓÒ×Ö½Ú
  35   2                      }
  36   2                      for (addr = 0x4f; addr <= 0x5d; addr += 2)//2
  37   2                      {
  38   2                              write_data(addr,     0x0d);  // ×ó×Ö½Ú
  39   2                              write_data(addr + 1, 0x06);  // ÓÒ×Ö½Ú
  40   2                      }
  41   2                      delay(2000);
  42   2      
  43   2                      for (addr = 0x40; addr <= 0x4a; addr += 2)//3
  44   2                      {
  45   2                              write_data(addr,     0x04);  // ×ó×Ö½Ú
  46   2                              write_data(addr + 1, 0x0f);  // ÓÒ×Ö½Ú
  47   2                      }
  48   2                      for (addr = 0x4f; addr <= 0x5d; addr += 2)//3
  49   2                      {
  50   2                              write_data(addr,     0x0f);  // ×ó×Ö½Ú
  51   2                              write_data(addr + 1, 0x04);  // ÓÒ×Ö½Ú
  52   2                      }
  53   2                      delay(2000);
  54   2      
C51 COMPILER V9.60.7.0   MAIN                                                              09/23/2025 16:03:41 PAGE 2   

  55   2                      for (addr = 0x40; addr <= 0x4a; addr += 2)//4
  56   2                      {
  57   2                              write_data(addr,     0x06);  // ×ó×Ö½Ú
  58   2                              write_data(addr + 1, 0x06);  // ÓÒ×Ö½Ú
  59   2                      }
  60   2                      for (addr = 0x4f; addr <= 0x5d; addr += 2)//4
  61   2                      {
  62   2                              write_data(addr,     0x06);  // ×ó×Ö½Ú
  63   2                              write_data(addr + 1, 0x0c);  // ÓÒ×Ö½Ú
  64   2                      }
  65   2                      delay(2000);
  66   2      
  67   2      
  68   2                      for (addr = 0x40; addr <= 0x4a; addr += 2)//5
  69   2                      {
  70   2                              write_data(addr,     0x06);  // ×ó×Ö½Ú
  71   2                              write_data(addr + 1, 0x0d);  // ÓÒ×Ö½Ú
  72   2                      }
  73   2                      for (addr = 0x4f; addr <= 0x5d; addr += 2)//5
  74   2                      {
  75   2                              write_data(addr,     0x0b);  // ×ó×Ö½Ú
  76   2                              write_data(addr + 1, 0x0c);  // ÓÒ×Ö½Ú
  77   2                      }
  78   2                      delay(2000);
  79   2      
  80   2                      for (addr = 0x40; addr <= 0x4a; addr += 2)//6
  81   2                      {
  82   2                              write_data(addr,     0x0e);  // ×ó×Ö½Ú
  83   2                              write_data(addr + 1, 0x0d);  // ÓÒ×Ö½Ú
  84   2                      }
  85   2                      for (addr = 0x4f; addr <= 0x5d; addr += 2)//6
  86   2                      {
  87   2                              write_data(addr,     0x0b);  // ×ó×Ö½Ú
  88   2                              write_data(addr + 1, 0x0e);  // ÓÒ×Ö½Ú
  89   2                      }
  90   2                      delay(2000);
  91   2      
  92   2      
  93   2                      for (addr = 0x40; addr <= 0x4a; addr += 2)//7
  94   2                      {
  95   2                              write_data(addr,     0x00);  // ×ó×Ö½Ú
  96   2                              write_data(addr + 1, 0x07);  // ÓÒ×Ö½Ú
  97   2                      }
  98   2                      for (addr = 0x4f; addr <= 0x5d; addr += 2)//7
  99   2                      {
 100   2                              write_data(addr,     0x0e);  // ×ó×Ö½Ú
 101   2                              write_data(addr + 1, 0x00);  // ÓÒ×Ö½Ú
 102   2                      }
 103   2                      delay(2000);
 104   2      
 105   2      
 106   2                      for (addr = 0x40; addr <= 0x4a; addr += 2)//8
 107   2                      {
 108   2                              write_data(addr,     0x0e);  // ×ó×Ö½Ú
 109   2                              write_data(addr + 1, 0x0f);  // ÓÒ×Ö½Ú
 110   2                      }
 111   2                      for (addr = 0x4f; addr <= 0x5d; addr += 2)//8
 112   2                      {
 113   2                              write_data(addr,     0x0f);  // ×ó×Ö½Ú
 114   2                              write_data(addr + 1, 0x0e);  // ÓÒ×Ö½Ú
 115   2                      }
 116   2                      delay(2000);
C51 COMPILER V9.60.7.0   MAIN                                                              09/23/2025 16:03:41 PAGE 3   

 117   2      
 118   2                      for (addr = 0x40; addr <= 0x4a; addr += 2)//9
 119   2                      {
 120   2                              write_data(addr,     0x06);  // ×ó×Ö½Ú
 121   2                              write_data(addr + 1, 0x07);  // ÓÒ×Ö½Ú
 122   2                      }
 123   2                      for (addr = 0x4f; addr <= 0x5d; addr += 2)//9
 124   2                      {
 125   2                              write_data(addr,     0x0e);  // ×ó×Ö½Ú
 126   2                              write_data(addr + 1, 0x0c);  // ÓÒ×Ö½Ú
 127   2                      }
 128   2                      delay(2000);            
 129   2      */      
 130   2              }       
 131   1      }


MODULE INFORMATION:   STATIC OVERLAYABLE
   CODE SIZE        =     31    ----
   CONSTANT SIZE    =   ----    ----
   XDATA SIZE       =   ----    ----
   PDATA SIZE       =   ----    ----
   DATA SIZE        =   ----    ----
   IDATA SIZE       =   ----    ----
   BIT SIZE         =   ----    ----
END OF MODULE INFORMATION.


C51 COMPILATION COMPLETE.  0 WARNING(S),  0 ERROR(S)
