C51 COMPILER V9.60.7.0   MAIN                                                              11/13/2025 11:15:42 PAGE 1   


C51 COMPILER V9.60.7.0, COMPILATION OF MODULE MAIN
OBJECT MODULE PLACED IN .\Objects\main.obj
COMPILER INVOKED BY: D:\KEIL_STM32\C51\BIN\C51.EXE main.c COMPACT OPTIMIZE(8,SPEED) BROWSE DEBUG OBJECTEXTEND PRINT(.\Li
                    -stings\main.lst) OBJECT(.\Objects\main.obj)

line level    source

   1          #include "LCM823160.h"
   2          
   3          unsigned char addr;
   4          void main()
   5          {
   6   1                lcd_init();  //initialization
   7   1                delay(5);
   8   1                lcd_clear();  // Clear Screen
   9   1      
  10   1              while(1)
  11   1              {       
  12   2                      lcd_clear();  // Clear Screen
  13   2                      lcd_all();     //Show  all
  14   2                      delay(2000);       // Time delay
  15   2      //          display_digits_simple() ;
  16   2                      lcd_clear();  // Clear Screen
  17   2      
  18   2                      
  19   2                      for (addr = 0x40; addr <= 0x51; addr += 2)//0
  20   2                      {
  21   3                              write_data(addr,     0x0D);  // ×ó×Ö½Ú
  22   3                              write_data(addr + 1, 0x0F);  // ÓÒ×Ö½Ú
  23   3                      }               
  24   2                      for (addr = 0x52; addr <= 0x5f; addr += 2)//0
  25   2                      {
  26   3                              write_data(addr,     0x0F);  // ×ó×Ö½Ú
  27   3                              write_data(addr + 1, 0x0D);  // ÓÒ×Ö½Ú
  28   3                      }
  29   2                      delay(8000);
  30   2                      
  31   2                      for (addr = 0x40; addr <= 0x51; addr += 2)//1
  32   2                      {
  33   3                              write_data(addr,     0x00);  // ×ó×Ö½Ú
  34   3                              write_data(addr + 1, 0x0E);  // ÓÒ×Ö½Ú
  35   3                      }
  36   2                      for (addr = 0x52; addr <= 0x5f; addr += 2)//1
  37   2                      {
  38   3                              write_data(addr,     0x0E);  // ×ó×Ö½Ú
  39   3                              write_data(addr + 1, 0x00);  // ÓÒ×Ö½Ú
  40   3                      }
  41   2                      delay(8000);                    
  42   2                      
  43   2                      for (addr = 0x40; addr <= 0x51; addr += 2)//2
  44   2                      {
  45   3                              write_data(addr,     0x0E);  // ×ó×Ö½Ú
  46   3                              write_data(addr + 1, 0x0B);  // ÓÒ×Ö½Ú
  47   3                      }
  48   2                      for (addr = 0x52; addr <= 0x5f; addr += 2)//2
  49   2                      {
  50   3                              write_data(addr,     0x0B);  // ×ó×Ö½Ú
  51   3                              write_data(addr + 1, 0x0E);  // ÓÒ×Ö½Ú
  52   3                      }
  53   2                      delay(8000);            
  54   2                      
C51 COMPILER V9.60.7.0   MAIN                                                              11/13/2025 11:15:42 PAGE 2   

  55   2                      for (addr = 0x40; addr <= 0x51; addr += 2)//3
  56   2                      {
  57   3                              write_data(addr,     0x0A);  // ×ó×Ö½Ú
  58   3                              write_data(addr + 1, 0x0F);  // ÓÒ×Ö½Ú
  59   3                      }               
  60   2                      for (addr = 0x52; addr <= 0x5f; addr += 2)//3
  61   2                      {
  62   3                              write_data(addr,     0x0F);  // ×ó×Ö½Ú
  63   3                              write_data(addr + 1, 0x0A);  // ÓÒ×Ö½Ú
  64   3                      }
  65   2                      delay(8000);            
  66   2      
  67   2      
  68   2                      for (addr = 0x40; addr <= 0x51; addr += 2)//4
  69   2                      {
  70   3                              write_data(addr,     0x03);  // ×ó×Ö½Ú
  71   3                              write_data(addr + 1, 0x0E);  // ÓÒ×Ö½Ú
  72   3                      }
  73   2                      for (addr = 0x52; addr <= 0x5F; addr += 2)//4
  74   2                      {
  75   3                              write_data(addr,     0x0E);  // ×ó×Ö½Ú
  76   3                              write_data(addr + 1, 0x03);  // ÓÒ×Ö½Ú
  77   3                      }
  78   2                      delay(8000);
  79   2      
  80   2      
  81   2                      for (addr = 0x40; addr <= 0x51; addr += 2)//5
  82   2                      {
  83   3                              write_data(addr,     0x0B);  // ×ó×Ö½Ú
  84   3                              write_data(addr + 1, 0x0D);  // ÓÒ×Ö½Ú
  85   3                      }
  86   2                      for (addr = 0x52; addr <= 0x5F; addr += 2)//5
  87   2                      {
  88   3                              write_data(addr,     0x0D);  // ×ó×Ö½Ú
  89   3                              write_data(addr + 1, 0x0B);  // ÓÒ×Ö½Ú
  90   3                      }
  91   2                      delay(8000);
  92   2      
  93   2                      for (addr = 0x40; addr <= 0x51; addr += 2)//6
  94   2                      {
  95   3                              write_data(addr,     0x0F);  // ×ó×Ö½Ú
  96   3                              write_data(addr + 1, 0x0D);  // ÓÒ×Ö½Ú
  97   3                      }
  98   2                      for (addr = 0x52; addr <= 0x5F; addr += 2)//6
  99   2                      {
 100   3                              write_data(addr,     0x0D);  // ×ó×Ö½Ú
 101   3                              write_data(addr + 1, 0x0F);  // ÓÒ×Ö½Ú
 102   3                      }
 103   2                      delay(8000);
 104   2                                      
 105   2              
 106   2                      
 107   2                      
 108   2                      for (addr = 0x40; addr <= 0x51; addr += 2)//7
 109   2                      {
 110   3                              write_data(addr,     0x00);  // ×ó×Ö½Ú
 111   3                              write_data(addr + 1, 0x0F);  // ÓÒ×Ö½Ú
 112   3                      }
 113   2                      for (addr = 0x52; addr <= 0x5f; addr += 2)//7
 114   2                      {
 115   3                              write_data(addr,     0x0F);  // ×ó×Ö½Ú
 116   3                              write_data(addr + 1, 0x00);  // ÓÒ×Ö½Ú
C51 COMPILER V9.60.7.0   MAIN                                                              11/13/2025 11:15:42 PAGE 3   

 117   3                      }
 118   2                      delay(8000);
 119   2      
 120   2      
 121   2                      for (addr = 0x40; addr <= 0x51; addr += 2)//8
 122   2                      {
 123   3                              write_data(addr,     0x0F);  // ×ó×Ö½Ú
 124   3                              write_data(addr + 1, 0x0F);  // ÓÒ×Ö½Ú
 125   3                      }
 126   2                      for (addr = 0x52; addr <= 0x5F; addr += 2)//8
 127   2                      {
 128   3                              write_data(addr,     0x0F);  // ×ó×Ö½Ú
 129   3                              write_data(addr + 1, 0x0F);  // ÓÒ×Ö½Ú
 130   3                      }
 131   2                      delay(8000);
 132   2      
 133   2                      for (addr = 0x40; addr <= 0x51; addr += 2)//9
 134   2                      {
 135   3                              write_data(addr,     0x03);  // ×ó×Ö½Ú
 136   3                              write_data(addr + 1, 0x0F);  // ÓÒ×Ö½Ú
 137   3                      }               
 138   2                      for (addr = 0x52; addr <= 0x5f; addr += 2)//9
 139   2                      {
 140   3                              write_data(addr,     0x0F);  // ×ó×Ö½Ú
 141   3                              write_data(addr + 1, 0x03);  // ÓÒ×Ö½Ú
 142   3                      }
 143   2                      delay(8000);            
 144   2              
 145   2              }       
 146   1      }


MODULE INFORMATION:   STATIC OVERLAYABLE
   CODE SIZE        =    918    ----
   CONSTANT SIZE    =   ----    ----
   XDATA SIZE       =   ----    ----
   PDATA SIZE       =      1    ----
   DATA SIZE        =   ----    ----
   IDATA SIZE       =   ----    ----
   BIT SIZE         =   ----    ----
END OF MODULE INFORMATION.


C51 COMPILATION COMPLETE.  0 WARNING(S),  0 ERROR(S)
