C51 COMPILER V9.60.7.0   MAIN                                                              08/30/2025 14:28:23 PAGE 1   


C51 COMPILER V9.60.7.0, COMPILATION OF MODULE MAIN
OBJECT MODULE PLACED IN .\Objects\main.obj
COMPILER INVOKED BY: D:\KEIL_STM32\C51\BIN\C51.EXE main.c OPTIMIZE(8,SPEED) BROWSE DEBUG OBJECTEXTEND PRINT(.\Listings\m
                    -ain.lst) OBJECT(.\Objects\main.obj)

line level    source

   1          #include <REGX52.H>
   2          #include "LCD2004B.h"
   3          unsigned char mode;
   4          unsigned char data pattern1[8] = {0x15, 0x0A, 0x15, 0x0A, 0x15, 0x0A, 0x15};
   5          unsigned char data pattern2[8] = {0x0A, 0x15, 0x0A, 0x15, 0x0A, 0x15, 0x0A};    
   6          unsigned char data pattern3[8] = {0x15, 0x15, 0x15, 0x15, 0x15, 0x15, 0x15, 0x15}; 
   7          unsigned char data pattern4[8] = {0x0A, 0x0A, 0x0A, 0x0A, 0x0A, 0x0A, 0x0A, 0x0A}; 
   8          unsigned char data pattern5[8] = {0x1F, 0x00, 0x1F, 0x00, 0x1F, 0x00, 0x1F, 0x00};
   9          unsigned char data pattern6[8] = {0x00, 0x1F, 0x00, 0x1F, 0x00, 0x1F, 0x00, 0x1F};      
  10          unsigned char data pattern7[8] = {0x00, 0x15, 0x00, 0x15, 0x00, 0x15, 0x00, 0x15}; 
  11          int main() 
  12          {
  13   1      //      LCD_Init(); 
  14   1      //      LCD_Clear();
  15   1      //      displayCustomCharacter1(pattern1);
  16   1      //      Delay(80); 
  17   1      //      displayCustomCharacter1(pattern2); 
  18   1      //      Delay(80); 
  19   1      //      displayCustomCharacter1(pattern3);
  20   1      //      Delay(80); 
  21   1      //      displayCustomCharacter1(pattern4); 
  22   1      //      Delay(80); 
  23   1      //      displayCustomCharacter1(pattern5); 
  24   1      //      Delay(80); 
  25   1      //      displayCustomCharacter1(pattern6); 
  26   1      //      Delay(80); 
  27   1      //      displayCustomCharacter1(pattern7); 
  28   1      //      Delay(80); 
  29   1      //      write_CGROM(0x10);
  30   1      //      Delay(80);
  31   1      //      write_CGROM(0x60);
  32   1      //      Delay(80);
  33   1      //      write_CGROM(0xB0);
  34   1      //      Delay(80);
  35   1      //      Write_DDRAM(0xCE);
  36   1      //      Delay(80);
  37   1      //      LCD_Clear();
  38   1      //      LCD_ShowString(2,6,"LCM2004B");
  39   1      //      LCD_ShowString(1,2,"Made in China");
  40   1                              
  41   1      while (1) 
  42   1      {
  43   2              
  44   2              
  45   2              
  46   2                      LCD_Init(); 
  47   2              LCD_Clear();
  48   2              displayCustomCharacter1(pattern1);
  49   2              Delay(80); 
  50   2              displayCustomCharacter1(pattern2); 
  51   2              Delay(80); 
  52   2              displayCustomCharacter1(pattern3);
  53   2              Delay(80); 
  54   2              displayCustomCharacter1(pattern4); 
C51 COMPILER V9.60.7.0   MAIN                                                              08/30/2025 14:28:23 PAGE 2   

  55   2              Delay(80); 
  56   2              displayCustomCharacter1(pattern5); 
  57   2              Delay(80); 
  58   2              displayCustomCharacter1(pattern6); 
  59   2              Delay(80); 
  60   2              displayCustomCharacter1(pattern7); 
  61   2              Delay(80); 
  62   2              write_CGROM(0x20);
  63   2              Delay(80);
  64   2      //      write_CGROM(0x60);
  65   2      //      Delay(80);
  66   2              write_CGROM(0xB0);
  67   2              Delay(80);
  68   2      //      Write_DDRAM(0xCE);
  69   2      //      Delay(80);
  70   2              LCD_Clear();
  71   2              LCD_ShowString(2,6,"LCM2004B");
  72   2              LCD_ShowString(1,4,"Made in China");
  73   2              Delay(80);
  74   2      
  75   2      //              if (ReadKey1()) 
  76   2      //        {  
  77   2      //              LCD_Clear();
  78   2      //              mode++;
  79   2      //              mode %= 10;                     
  80   2      //              switch (mode) 
  81   2      //        {
  82   2      //        case 1:            
  83   2      //                      displayCustomCharacter1(pattern1); 
  84   2      //            break;
  85   2      //        case 2:
  86   2      //            displayCustomCharacter1(pattern2);  
  87   2      //            break;
  88   2      //        case 3:
  89   2      //            displayCustomCharacter1(pattern3); 
  90   2      //            break;
  91   2      //        case 4:
  92   2      //           displayCustomCharacter1(pattern4);  
  93   2      //            break;
  94   2      //        case 5:
  95   2      //            displayCustomCharacter1(pattern5);  
  96   2      //            break;
  97   2      //        case 6:
  98   2      //            displayCustomCharacter1(pattern6);  
  99   2      //            break;
 100   2      //              case 7:
 101   2      //                      displayCustomCharacter1(pattern7);
 102   2      //                      break;
 103   2      //              case 8:
 104   2      //                      write_CGROM(0x10); 
 105   2      //                 break;
 106   2      //              case 9:
 107   2      //                      write_CGROM(0x60); 
 108   2      //                 break;
 109   2      //        default:
 110   2      //                      write_CGROM(0xB0);
 111   2      //            break;
 112   2      //    
 113   2      //              }
 114   2      //      }                       
 115   2      }
 116   1      
C51 COMPILER V9.60.7.0   MAIN                                                              08/30/2025 14:28:23 PAGE 3   

 117   1              }
 118          
 119          //void main(void)   
 120          //{
 121          
 122          //      LCD_Init(); 
 123          //      LCD_Clear();
 124          
 125          //    while (1)  
 126          //    {
 127          //      
 128          //        if (ReadKey1()) 
 129          //        {
 130          //            HandleKey(); 
 131          //        } 
 132          //        else 
 133          //        {
 134          //          
 135          //            DisplayPatterns(); 
 136          //        }
 137          //    }   
 138          //}


MODULE INFORMATION:   STATIC OVERLAYABLE
   CODE SIZE        =    181    ----
   CONSTANT SIZE    =     23    ----
   XDATA SIZE       =   ----    ----
   PDATA SIZE       =   ----    ----
   DATA SIZE        =     57    ----
   IDATA SIZE       =   ----    ----
   BIT SIZE         =   ----    ----
END OF MODULE INFORMATION.


C51 COMPILATION COMPLETE.  0 WARNING(S),  0 ERROR(S)
