BL51 BANKED LINKER/LOCATER V6.22.4.0                                                    08/30/2025  14:28:24  PAGE 1


BL51 BANKED LINKER/LOCATER V6.22.4.0, INVOKED BY:
D:\KEIL_STM32\C51\BIN\BL51.EXE .\Objects\main.obj, .\Objects\lcd2004B.obj TO .\Objects\project PRINT (.\Listings\project
>> .m51) RAMSIZE (256) DISABLEWARNING (16)


MEMORY MODEL: SMALL


INPUT MODULES INCLUDED:
  .\Objects\main.obj (MAIN)
  .\Objects\lcd2004B.obj (LCD2004B)
  D:\KEIL_STM32\C51\LIB\C51S.LIB (?C_STARTUP)
  D:\KEIL_STM32\C51\LIB\C51S.LIB (?C?CLDOPTR)
  D:\KEIL_STM32\C51\LIB\C51S.LIB (?C_INIT)


LINK MAP OF MODULE:  .\Objects\project (MAIN)


            TYPE    BASE      LENGTH    RELOCATION   SEGMENT NAME
            -----------------------------------------------------

            * * * * * * *   D A T A   M E M O R Y   * * * * * * *
            REG     0000H     0008H     ABSOLUTE     "REG BANK 0"
            DATA    0008H     0039H     UNIT         ?DT?MAIN
            DATA    0041H     0006H     UNIT         _DATA_GROUP_
            IDATA   0047H     0001H     UNIT         ?STACK

            * * * * * * *   C O D E   M E M O R Y   * * * * * * *
            CODE    0000H     0003H     ABSOLUTE     
            CODE    0003H     00B5H     UNIT         ?PR?MAIN?MAIN
            CODE    00B8H     008CH     UNIT         ?C_C51STARTUP
            CODE    0144H     0047H     UNIT         ?C_INITSEG
            CODE    018BH     003DH     UNIT         ?PR?_LCD_SETCURSOR?LCD2004B
            CODE    01C8H     003CH     UNIT         ?PR?_DISPLAYCUSTOMCHARACTER1?LCD2004B
            CODE    0204H     0037H     UNIT         ?PR?_WRITE_CGROM?LCD2004B
            CODE    023BH     0035H     UNIT         ?PR?_WRITE_DDRAM?LCD2004B
            CODE    0270H     002DH     UNIT         ?C?LIB_CODE
            CODE    029DH     0027H     UNIT         ?PR?_LCD_SHOWSTRING?LCD2004B
            CODE    02C4H     0024H     UNIT         ?PR?_WRITE_CGRAM?LCD2004B
            CODE    02E8H     0022H     UNIT         ?PR?_DELAY?LCD2004B
            CODE    030AH     001AH     UNIT         ?PR?LCD_INIT?LCD2004B
            CODE    0324H     0019H     UNIT         ?PR?READKEY1?LCD2004B
            CODE    033DH     0017H     UNIT         ?CO?MAIN
            CODE    0354H     0012H     UNIT         ?PR?BUSY?LCD2004B
            CODE    0366H     0012H     UNIT         ?PR?LCD_READDATA?LCD2004B
            CODE    0378H     0011H     UNIT         ?PR?_LCD_READDATA?LCD2004B
            CODE    0389H     000EH     UNIT         ?PR?LCD_CLEAR?LCD2004B
            CODE    0397H     000EH     UNIT         ?PR?_LCD_USER_SHOWSTRING?LCD2004B
            CODE    03A5H     000DH     UNIT         ?PR?_LCD_WRITECOMMAND?LCD2004B
            CODE    03B2H     000DH     UNIT         ?PR?_LCD_WRITEDATA?LCD2004B



OVERLAY MAP OF MODULE:   .\Objects\project (MAIN)


SEGMENT                                         DATA_GROUP 
BL51 BANKED LINKER/LOCATER V6.22.4.0                                                  08/30/2025  14:28:24  PAGE 2


  +--> CALLED SEGMENT                         START    LENGTH
-------------------------------------------------------------
?C_C51STARTUP                                 -----    -----
  +--> ?PR?MAIN?MAIN
  +--> ?C_INITSEG

?PR?MAIN?MAIN                                 -----    -----
  +--> ?PR?LCD_INIT?LCD2004B
  +--> ?PR?LCD_CLEAR?LCD2004B
  +--> ?PR?_DISPLAYCUSTOMCHARACTER1?LCD2004B
  +--> ?PR?_DELAY?LCD2004B
  +--> ?PR?_WRITE_CGROM?LCD2004B
  +--> ?CO?MAIN
  +--> ?PR?_LCD_SHOWSTRING?LCD2004B

?PR?LCD_INIT?LCD2004B                         -----    -----
  +--> ?PR?_LCD_WRITECOMMAND?LCD2004B
  +--> ?PR?_DELAY?LCD2004B

?PR?_LCD_WRITECOMMAND?LCD2004B                -----    -----
  +--> ?PR?BUSY?LCD2004B
  +--> ?PR?_DELAY?LCD2004B

?PR?_DELAY?LCD2004B                           0045H    0002H

?PR?LCD_CLEAR?LCD2004B                        -----    -----
  +--> ?PR?BUSY?LCD2004B
  +--> ?PR?_LCD_WRITECOMMAND?LCD2004B
  +--> ?PR?_DELAY?LCD2004B

?PR?_DISPLAYCUSTOMCHARACTER1?LCD2004B         0041H    0001H
  +--> ?PR?_WRITE_CGRAM?LCD2004B
  +--> ?PR?_LCD_WRITECOMMAND?LCD2004B
  +--> ?PR?_LCD_WRITEDATA?LCD2004B

?PR?_WRITE_CGRAM?LCD2004B                     0042H    0003H
  +--> ?PR?_LCD_WRITECOMMAND?LCD2004B
  +--> ?PR?_LCD_WRITEDATA?LCD2004B

?PR?_LCD_WRITEDATA?LCD2004B                   -----    -----
  +--> ?PR?BUSY?LCD2004B
  +--> ?PR?_DELAY?LCD2004B

?PR?_WRITE_CGROM?LCD2004B                     -----    -----
  +--> ?PR?_LCD_WRITECOMMAND?LCD2004B
  +--> ?PR?_DELAY?LCD2004B
  +--> ?PR?_LCD_WRITEDATA?LCD2004B

?PR?_LCD_SHOWSTRING?LCD2004B                  0041H    0003H
  +--> ?PR?_LCD_SETCURSOR?LCD2004B
  +--> ?PR?_LCD_WRITEDATA?LCD2004B

?PR?_LCD_SETCURSOR?LCD2004B                   -----    -----
  +--> ?PR?_LCD_WRITECOMMAND?LCD2004B



BL51 BANKED LINKER/LOCATER V6.22.4.0                                                  08/30/2025  14:28:24  PAGE 3


SYMBOL TABLE OF MODULE:  .\Objects\project (MAIN)

  VALUE           TYPE          NAME
  ----------------------------------

  -------         MODULE        MAIN
  C:0000H         SYMBOL        _ICE_DUMMY_
  C:0003H         PUBLIC        main
  D:0008H         PUBLIC        mode
  D:0009H         PUBLIC        pattern1
  D:0011H         PUBLIC        pattern2
  D:0019H         PUBLIC        pattern3
  D:0021H         PUBLIC        pattern4
  D:0029H         PUBLIC        pattern5
  D:0031H         PUBLIC        pattern6
  D:0039H         PUBLIC        pattern7
  -------         PROC          MAIN
  C:0003H         LINE#         11
  C:0003H         LINE#         12
  C:0003H         LINE#         41
  C:0003H         LINE#         42
  C:0003H         LINE#         46
  C:0006H         LINE#         47
  C:0009H         LINE#         48
  C:0012H         LINE#         49
  C:0019H         LINE#         50
  C:0022H         LINE#         51
  C:0029H         LINE#         52
  C:0032H         LINE#         53
  C:0039H         LINE#         54
  C:0042H         LINE#         55
  C:0049H         LINE#         56
  C:0052H         LINE#         57
  C:0059H         LINE#         58
  C:0062H         LINE#         59
  C:0069H         LINE#         60
  C:0072H         LINE#         61
  C:0079H         LINE#         62
  C:007EH         LINE#         63
  C:0085H         LINE#         66
  C:008AH         LINE#         67
  C:0091H         LINE#         70
  C:0094H         LINE#         71
  C:00A1H         LINE#         72
  C:00AEH         LINE#         73
  C:00B5H         LINE#         115
  -------         ENDPROC       MAIN
  -------         ENDMOD        MAIN

  -------         MODULE        LCD2004B
  C:0000H         SYMBOL        _ICE_DUMMY_
  D:0090H         PUBLIC        P1
  D:00A0H         PUBLIC        P2
  D:00B0H         PUBLIC        P3
  C:03A5H         PUBLIC        _LCD_WriteCommand
  C:0204H         PUBLIC        _write_CGROM
  B:00A0H.0       PUBLIC        KEY1
BL51 BANKED LINKER/LOCATER V6.22.4.0                                                  08/30/2025  14:28:24  PAGE 4


  C:0389H         PUBLIC        LCD_Clear
  C:0354H         PUBLIC        Busy
  C:0378H         PUBLIC        _LCD_ReadData
  C:03B2H         PUBLIC        _LCD_WriteData
  C:01C8H         PUBLIC        _displayCustomCharacter1
  B:00B0H.2       PUBLIC        LCD_EN
  C:030AH         PUBLIC        LCD_Init
  C:0366H         PUBLIC        LCD_Readdata
  C:029DH         PUBLIC        _LCD_ShowString
  C:023BH         PUBLIC        _Write_DDRAM
  B:00B0H.0       PUBLIC        LCD_RS
  C:02C4H         PUBLIC        _Write_CGRAM
  C:0324H         PUBLIC        ReadKey1
  B:00B0H.1       PUBLIC        LCD_RW
  C:018BH         PUBLIC        _LCD_SetCursor
  C:02F1H         PUBLIC        _Delay
  C:0397H         PUBLIC        _LCD_USER_ShowString
  -------         PROC          READKEY1
  C:0324H         LINE#         10
  C:0324H         LINE#         11
  C:0324H         LINE#         12
  C:0327H         LINE#         13
  C:0327H         LINE#         14
  C:032EH         LINE#         15
  C:0331H         LINE#         16
  C:0331H         LINE#         17
  C:0334H         LINE#         18
  C:0339H         LINE#         19
  C:0339H         LINE#         20
  C:0339H         LINE#         21
  C:033CH         LINE#         22
  -------         ENDPROC       READKEY1
  C:02ECH         SYMBOL        L?0073
  -------         PROC          L?0072
  -------         ENDPROC       L?0072
  C:02ECH         SYMBOL        L?0073
  -------         PROC          _DELAY
  D:0006H         SYMBOL        xms
  -------         DO            
  D:0045H         SYMBOL        i
  D:0046H         SYMBOL        j
  -------         ENDDO         
  C:02F1H         LINE#         24
  C:02F1H         LINE#         25
  C:02F1H         LINE#         26
  C:02FBH         LINE#         29
  C:02FEH         LINE#         30
  C:0301H         LINE#         32
  C:0301H         LINE#         33
  C:0304H         LINE#         34
  C:0307H         LINE#         35
  C:0309H         LINE#         36
  -------         ENDPROC       _DELAY
  -------         PROC          BUSY
  -------         DO            
  D:0007H         SYMBOL        temp
  -------         ENDDO         
BL51 BANKED LINKER/LOCATER V6.22.4.0                                                  08/30/2025  14:28:24  PAGE 5


  C:0354H         LINE#         40
  C:0354H         LINE#         41
  C:0354H         LINE#         43
  C:0357H         LINE#         44
  C:0359H         LINE#         45
  C:035BH         LINE#         46
  C:035BH         LINE#         47
  C:035DH         LINE#         48
  C:035FH         LINE#         49
  C:0361H         LINE#         50
  -------         ENDPROC       BUSY
  -------         PROC          _LCD_WRITECOMMAND
  D:0006H         SYMBOL        Command
  C:03A5H         LINE#         59
  C:03A7H         LINE#         60
  C:03A7H         LINE#         61
  C:03AAH         LINE#         62
  C:03ACH         LINE#         63
  C:03ACH         LINE#         64
  C:03ACH         LINE#         65
  C:03ACH         LINE#         66
  C:03AFH         LINE#         67
  C:03B1H         LINE#         68
  -------         ENDPROC       _LCD_WRITECOMMAND
  -------         PROC          _LCD_WRITEDATA
  D:0006H         SYMBOL        Data
  C:03B2H         LINE#         75
  C:03B4H         LINE#         76
  C:03B4H         LINE#         77
  C:03B7H         LINE#         78
  C:03B9H         LINE#         79
  C:03B9H         LINE#         80
  C:03B9H         LINE#         81
  C:03B9H         LINE#         82
  C:03BCH         LINE#         83
  C:03BEH         LINE#         85
  -------         ENDPROC       _LCD_WRITEDATA
  -------         PROC          _LCD_READDATA
  D:0005H         SYMBOL        Data
  C:0378H         LINE#         92
  C:037AH         LINE#         93
  C:037AH         LINE#         94
  C:037DH         LINE#         95
  C:037FH         LINE#         96
  C:0381H         LINE#         97
  C:0381H         LINE#         98
  C:0384H         LINE#         99
  C:0386H         LINE#         100
  C:0388H         LINE#         101
  -------         ENDPROC       _LCD_READDATA
  -------         PROC          LCD_INIT
  C:030AH         LINE#         108
  C:030AH         LINE#         109
  C:030AH         LINE#         110
  C:030FH         LINE#         111
  C:0314H         LINE#         113
  C:0319H         LINE#         114
BL51 BANKED LINKER/LOCATER V6.22.4.0                                                  08/30/2025  14:28:24  PAGE 6


  C:031EH         LINE#         115
  -------         ENDPROC       LCD_INIT
  -------         PROC          LCD_CLEAR
  C:0389H         LINE#         124
  C:0389H         LINE#         125
  C:0389H         LINE#         126
  C:038CH         LINE#         127
  C:0391H         LINE#         128
  -------         ENDPROC       LCD_CLEAR
  -------         PROC          _LCD_SETCURSOR
  D:0002H         SYMBOL        Line
  D:0004H         SYMBOL        Column
  C:018BH         LINE#         138
  C:018DH         LINE#         139
  C:018DH         LINE#         141
  C:0199H         LINE#         143
  C:019EH         LINE#         146
  C:01A1H         LINE#         147
  C:01A1H         LINE#         148
  C:01A4H         LINE#         149
  C:01A6H         LINE#         150
  C:01ACH         LINE#         151
  C:01ACH         LINE#         152
  C:01AFH         LINE#         153
  C:01B1H         LINE#         154
  C:01B7H         LINE#         155
  C:01B7H         LINE#         156
  C:01BCH         LINE#         157
  C:01BEH         LINE#         159
  C:01BEH         LINE#         160
  C:01C7H         LINE#         161
  C:01C7H         LINE#         162
  -------         ENDPROC       _LCD_SETCURSOR
  -------         PROC          LCD_READDATA
  -------         DO            
  D:0007H         SYMBOL        d
  -------         ENDDO         
  C:0366H         LINE#         164
  C:0366H         LINE#         165
  C:0366H         LINE#         166
  C:0369H         LINE#         167
  C:036CH         LINE#         168
  C:036EH         LINE#         169
  C:0370H         LINE#         170
  C:0370H         LINE#         171
  C:0373H         LINE#         172
  C:0375H         LINE#         173
  C:0377H         LINE#         174
  C:0377H         LINE#         175
  -------         ENDPROC       LCD_READDATA
  -------         PROC          _LCD_USER_SHOWSTRING
  D:0006H         SYMBOL        Line
  D:0005H         SYMBOL        Column
  D:0001H         SYMBOL        i
  C:0397H         LINE#         183
  C:0399H         LINE#         184
  C:0399H         LINE#         185
BL51 BANKED LINKER/LOCATER V6.22.4.0                                                  08/30/2025  14:28:24  PAGE 7


  C:03A0H         LINE#         186
  -------         ENDPROC       _LCD_USER_SHOWSTRING
  -------         PROC          _LCD_SHOWSTRING
  D:0007H         SYMBOL        Line
  D:0005H         SYMBOL        Column
  D:0041H         SYMBOL        String
  -------         DO            
  D:0005H         SYMBOL        i
  -------         ENDDO         
  C:029DH         LINE#         196
  C:02A3H         LINE#         197
  C:02A3H         LINE#         198
  C:02AAH         LINE#         199
  C:02BDH         LINE#         200
  C:02BDH         LINE#         201
  C:02C0H         LINE#         202
  C:02C3H         LINE#         203
  -------         ENDPROC       _LCD_SHOWSTRING
  -------         PROC          _WRITE_CGROM
  D:0005H         SYMBOL        a
  -------         DO            
  D:0003H         SYMBOL        j
  -------         ENDDO         
  C:0204H         LINE#         208
  C:0206H         LINE#         209
  C:0206H         LINE#         211
  C:020BH         LINE#         212
  C:0212H         LINE#         213
  C:0217H         LINE#         216
  C:0219H         LINE#         217
  C:0219H         LINE#         218
  C:021EH         LINE#         219
  C:021FH         LINE#         220
  C:0223H         LINE#         222
  C:0228H         LINE#         225
  C:022AH         LINE#         226
  C:022AH         LINE#         227
  C:022FH         LINE#         228
  C:0230H         LINE#         229
  C:0234H         LINE#         231
  -------         ENDPROC       _WRITE_CGROM
  -------         PROC          _WRITE_DDRAM
  D:0005H         SYMBOL        a
  -------         DO            
  D:0003H         SYMBOL        j
  -------         ENDDO         
  C:023BH         LINE#         240
  C:023DH         LINE#         241
  C:023DH         LINE#         244
  C:0242H         LINE#         245
  C:0249H         LINE#         247
  C:024EH         LINE#         250
  C:0250H         LINE#         251
  C:0250H         LINE#         252
  C:0255H         LINE#         253
  C:0259H         LINE#         255
  C:025EH         LINE#         258
BL51 BANKED LINKER/LOCATER V6.22.4.0                                                  08/30/2025  14:28:24  PAGE 8


  C:0260H         LINE#         259
  C:0260H         LINE#         260
  C:0265H         LINE#         261
  C:0269H         LINE#         263
  -------         ENDPROC       _WRITE_DDRAM
  -------         PROC          _WRITE_CGRAM
  D:0042H         SYMBOL        a
  -------         DO            
  D:0005H         SYMBOL        k
  -------         ENDDO         
  C:02C4H         LINE#         270
  C:02CAH         LINE#         271
  C:02CAH         LINE#         275
  C:02CFH         LINE#         278
  C:02D1H         LINE#         279
  C:02D1H         LINE#         280
  C:02E3H         LINE#         281
  C:02E7H         LINE#         282
  -------         ENDPROC       _WRITE_CGRAM
  -------         PROC          _DISPLAYCUSTOMCHARACTER1
  D:0001H         SYMBOL        pattern
  -------         DO            
  D:0005H         SYMBOL        row
  D:0003H         SYMBOL        col
  -------         DO            
  D:0041H         SYMBOL        position
  -------         ENDDO         
  -------         ENDDO         
  C:01C8H         LINE#         286
  C:01C8H         LINE#         287
  C:01C8H         LINE#         291
  C:01CBH         LINE#         294
  C:01CDH         LINE#         295
  C:01CDH         LINE#         296
  C:01CFH         LINE#         297
  C:01CFH         LINE#         300
  C:01D2H         LINE#         301
  C:01D2H         LINE#         302
  C:01D7H         LINE#         303
  C:01D9H         LINE#         304
  C:01DCH         LINE#         305
  C:01DCH         LINE#         306
  C:01E1H         LINE#         307
  C:01E3H         LINE#         308
  C:01E7H         LINE#         309
  C:01E7H         LINE#         310
  C:01EBH         LINE#         311
  C:01EDH         LINE#         313
  C:01EDH         LINE#         314
  C:01F1H         LINE#         315
  C:01F1H         LINE#         318
  C:01F6H         LINE#         319
  C:01FBH         LINE#         320
  C:01FFH         LINE#         321
  C:0203H         LINE#         322
  -------         ENDPROC       _DISPLAYCUSTOMCHARACTER1
  -------         ENDMOD        LCD2004B
BL51 BANKED LINKER/LOCATER V6.22.4.0                                                  08/30/2025  14:28:24  PAGE 9



  -------         MODULE        ?C?CLDOPTR
  C:0270H         PUBLIC        ?C?CLDOPTR
  -------         ENDMOD        ?C?CLDOPTR

Program Size: data=72.0 xdata=0 code=959
LINK/LOCATE RUN COMPLETE.  0 WARNING(S),  0 ERROR(S)
