C51 COMPILER V9.60.7.0   PIC                                                               06/21/2025 10:24:41 PAGE 1   


C51 COMPILER V9.60.7.0, COMPILATION OF MODULE PIC
OBJECT MODULE PLACED IN Pic.OBJ
COMPILER INVOKED BY: D:\KEIL_STM32\C51\BIN\C51.EXE Pic.c LARGE OPTIMIZE(8,SPEED) BROWSE DEBUG OBJECTEXTEND

line level    source

   1          #define uchar unsigned char
   2          #define uint unsigned int
   3          
   4          
   5          
   6          uchar code guang[32]= 
   7          {/*-- ID:0,字符:"广",ASCII编码:B9E3,对应字:宽x高=16x16,画布:宽W=16 高H=16,共32字节*/
   8          0x00,0x00,0xfc,0x04,0x04,0x04,0x04,0x05,0x06,0x04,0x04,0x04,0x04,0x06,0x04,0x00,
   9          0x40,0x30,0x0f,0x00,0x00,0x00,0x00,0x00,0x00,0x00,0x00,0x00,0x00,0x00,0x00,0x00,};
  10          
  11          uchar code dong[32]= 
  12          {/*-- ID:1,字符:"东",ASCII编码:B6AB,对应字:宽x高=16x16,画布:宽W=16 高H=16,共32字节*/
  13          0x08,0x08,0x08,0x88,0x68,0x18,0x0f,0xe8,0x08,0x08,0x08,0x88,0x08,0x0c,0x08,0x00,
  14          0x00,0x40,0x21,0x11,0x0d,0x41,0x81,0x7f,0x01,0x05,0x09,0x31,0x61,0x00,0x00,0x00,};
  15          
  16          uchar code ye[32]= 
  17          {/*-- ID:2,字符:"烨",ASCII编码:ECC7,对应字:宽x高=16x16,画布:宽W=16 高H=16,共32字节*/
  18          0x80,0x70,0x00,0xff,0x20,0x98,0x40,0xf8,0x07,0x40,0x7f,0xa0,0x90,0xc8,0x00,0x00,
  19          0x80,0x60,0x18,0x07,0x08,0x34,0x04,0x05,0x04,0xff,0x04,0x04,0x04,0x06,0x04,0x00,};
  20          
  21          uchar code hui[32]= 
  22          {/*-- ID:3,字符:"辉",ASCII编码:BBD4,对应字:宽x高=16x16,画布:宽W=16 高H=16,共32字节*/
  23          0x44,0x48,0xd0,0x7f,0xd0,0x4c,0x48,0xa6,0x62,0x3a,0xa2,0x22,0x32,0x26,0x02,0x00,
  24          0x40,0x30,0x0f,0x00,0x3f,0x10,0x08,0x09,0x09,0x09,0xff,0x09,0x09,0x0d,0x08,0x00,};
  25          
  26          uchar code ke[32]= 
  27          {/*-- ID:4,字符:"科",ASCII编码:BFC6,对应字:宽x高=16x16,画布:宽W=16 高H=16,共32字节*/
  28          0x24,0x24,0x24,0xa4,0xfe,0xa3,0x22,0x00,0x24,0x48,0x00,0xff,0x00,0x80,0x00,0x00,
  29          0x10,0x08,0x06,0x01,0xff,0x00,0x01,0x02,0x02,0x02,0x02,0xff,0x01,0x01,0x01,0x00,};
  30          
  31          uchar code ji[32]= 
  32          {/*-- ID:5,字符:"技",ASCII编码:BCBC,对应字:宽x高=16x16,画布:宽W=16 高H=16,共32字节*/
  33          0x10,0x10,0x10,0xff,0x10,0x10,0x88,0x88,0x88,0xff,0x88,0x88,0x8c,0x08,0x00,0x00,
  34          0x04,0x44,0x82,0x7f,0x01,0x80,0x81,0x46,0x28,0x10,0x28,0x26,0x41,0xc0,0x40,0x00,};
  35          
  36          uchar code you[32]= 
  37          {/*-- ID:6,字符:"有",ASCII编码:D3D0,对应字:宽x高=16x16,画布:宽W=16 高H=16,共32字节*/
  38          0x04,0x04,0x04,0x84,0xe4,0x3c,0x27,0x24,0x24,0x24,0x24,0xf4,0x24,0x06,0x04,0x00,
  39          0x04,0x02,0x01,0x00,0xff,0x09,0x09,0x09,0x09,0x49,0x89,0x7f,0x00,0x00,0x00,0x00,};
  40          
  41          uchar code xian[32]= 
  42          {/*-- ID:7,字符:"限",ASCII编码:CFDE,对应字:宽x高=16x16,画布:宽W=16 高H=16,共32字节*/
  43          0x00,0xfe,0x02,0x22,0xda,0x06,0x00,0xfe,0x92,0x92,0x92,0x92,0xff,0x02,0x00,0x00,
  44          0x00,0xff,0x08,0x10,0x08,0x07,0x00,0xff,0x42,0x24,0x08,0x14,0x22,0x61,0x20,0x00,};
  45          
  46          uchar code gong[32]= 
  47          {/*-- ID:8,字符:"公",ASCII编码:B9AB,对应字:宽x高=16x16,画布:宽W=16 高H=16,共32字节*/
  48          0x00,0x00,0x80,0x40,0x30,0x0c,0x00,0xc0,0x06,0x18,0x20,0x40,0x80,0x80,0x80,0x00,
  49          0x01,0x01,0x00,0x30,0x28,0x24,0x23,0x20,0x20,0x28,0x30,0x60,0x00,0x01,0x00,0x00,};
  50          
  51          uchar code si[32]= 
  52          {/*-- ID:9,字符:"司",ASCII编码:CBBE,对应字:宽x高=16x16,画布:宽W=16 高H=16,共32字节*/
  53          0x10,0x10,0x92,0x92,0x92,0x92,0x92,0x92,0xd2,0x9a,0x12,0x02,0xff,0x02,0x00,0x00,
  54          0x00,0x00,0x3f,0x10,0x10,0x10,0x10,0x10,0x3f,0x00,0x40,0x80,0x7f,0x00,0x00,0x00};
  55          
C51 COMPILER V9.60.7.0   PIC                                                               06/21/2025 10:24:41 PAGE 2   

  56          
  57          
  58          
  59          //数字
  60          
  61          uchar code one[16]= 
  62          {
  63          /*-- ID:4,字符:"1",ASCII编码:31,对应字:宽x高=8x16,画布:宽W=8 高H=16,共16字节*/
  64          0x00,0x00,0x08,0x08,0xfc,0x00,0x00,0x00,0x00,0x00,0x10,0x10,0x1f,0x10,0x10,0x00,
  65          };
  66          
  67          uchar code two[16]= 
  68          {
  69          /*-- ID:5,字符:"2",ASCII编码:32,对应字:宽x高=8x16,画布:宽W=8 高H=16,共16字节*/
  70          0x00,0x38,0x04,0x04,0x04,0x84,0x78,0x00,0x00,0x18,0x14,0x12,0x11,0x10,0x18,0x00,
  71          };
  72          
  73          uchar code three[16]= 
  74          {
  75          /*-- ID:4,字符:"3",ASCII编码:33,对应字:宽x高=8x16,画布:宽W=8 高H=16,共16字节*/
  76          0x00,0x18,0x04,0x84,0x84,0x44,0x38,0x00,0x00,0x0c,0x10,0x10,0x10,0x11,0x0e,0x00,
  77          };
  78          
  79          uchar code four[16]= 
  80          {
  81          /*-- ID:8,字符:"4",ASCII编码:34,对应字:宽x高=8x16,画布:宽W=8 高H=16,共16字节*/
  82          0x00,0x00,0xc0,0x20,0x18,0xfc,0x00,0x00,0x00,0x03,0x02,0x12,0x12,0x1f,0x12,0x12
  83          };
  84          
  85          
  86          uchar code five[16]= 
  87          {
  88          /*-- ID:0,字符:"5",ASCII编码:35,对应字:宽x高=8x16,画布:宽W=8 高H=16,共16字节*/
  89          0x00,0xfc,0x44,0x44,0x44,0x84,0x04,0x00,0x00,0x0c,0x10,0x10,0x10,0x08,0x07,0x00
  90          };
  91          
  92          uchar code six[16]= 
  93          {
  94          /*-- ID:2,字符:"6",ASCII编码:36,对应字:宽x高=8x16,画布:宽W=8 高H=16,共16字节*/
  95          0x00,0xf0,0x88,0x44,0x44,0x48,0x80,0x00,0x00,0x07,0x08,0x10,0x10,0x10,0x0f,0x00,
  96          };
  97          
  98          uchar code seven[16]= 
  99          {
 100          /*-- ID:0,字符:"7",ASCII编码:37,对应字:宽x高=8x16,画布:宽W=8 高H=16,共16字节*/
 101          0x00,0x0c,0x04,0x04,0xc4,0x34,0x0c,0x00,0x00,0x00,0x00,0x1f,0x00,0x00,0x00,0x00
 102          };
 103          
 104          uchar code eight[16]= 
 105          {
 106          /*-- ID:0,字符:"8",ASCII编码:38,对应字:宽x高=8x16,画布:宽W=8 高H=16,共16字节*/
 107          0x00,0x38,0x44,0x84,0x84,0x44,0x38,0x00,0x00,0x0e,0x11,0x10,0x10,0x11,0x0e,0x00
 108          };
 109          
 110          uchar code nine[16]= 
 111          {
 112          /*-- ID:10,字符:"9",ASCII编码:39,对应字:宽x高=8x16,画布:宽W=8 高H=16,共16字节*/
 113          0x00,0xf8,0x04,0x04,0x04,0x88,0xf0,0x00,0x00,0x00,0x09,0x11,0x11,0x08,0x07,0x00,
 114          };
 115          
 116          
 117          uchar code xing[16]= 
C51 COMPILER V9.60.7.0   PIC                                                               06/21/2025 10:24:41 PAGE 3   

 118          {
 119          /*-- ID:6,字符:"*",ASCII编码:2A,对应字:宽x高=8x16,画布:宽W=8 高H=16,共16字节*/
 120          0x20,0x20,0xc0,0xf8,0xc0,0x20,0x20,0x00,0x01,0x01,0x00,0x07,0x00,0x01,0x01,0x00,
 121          };
 122          
 123          
 124          uchar code JIA[16]= 
 125          {
 126          /*-- ID:0,字符:"+",ASCII编码:2B,对应字:宽x高=8x16,画布:宽W=8 高H=16,共16字节*/
 127          0x00,0x80,0x80,0x80,0xf0,0x80,0x80,0x80,0x00,0x00,0x00,0x00,0x07,0x00,0x00,0x00,
 128          };
 129          
 130          
 131          //字母
 132          
 133          uchar code aa[16]= 
 134          {
 135          /*-- ID:5,字符:"A",ASCII编码:41,对应字:宽x高=8x16,画布:宽W=8 高H=16,共16字节*/
 136          0x00,0x00,0xe0,0x1c,0x70,0x80,0x00,0x00,0x10,0x1e,0x11,0x01,0x01,0x13,0x1c,0x10,
 137          };
 138          uchar code a[16]= 
 139          {
 140          /*-- ID:0,字符:"a",ASCII编码:61,对应字:宽x高=8x16,画布:宽W=8 高H=16,共16字节*/
 141          0x00,0x80,0x40,0x40,0x40,0x80,0x00,0x00,0x00,0x0c,0x12,0x12,0x09,0x1f,0x10,0x00
 142          };
 143          
 144          
 145          uchar code b[16]=
 146          {
 147          /*-- ID:0,字符:"B",ASCII编码:42,对应字:宽x高=8x16,画布:宽W=8 高H=16,共16字节*/
 148          0x04,0xfc,0x44,0x44,0x44,0xb8,0x00,0x00,0x10,0x1f,0x10,0x10,0x10,0x08,0x07,0x00
 149          };
 150          
 151          uchar code C[16]= 
 152          {
 153          /*-- ID:1,字符:"C",ASCII编码:43,对应字:宽x高=8x16,画布:宽W=8 高H=16,共16字节*/
 154          0xe0,0x18,0x04,0x04,0x04,0x04,0x1c,0x00,0x03,0x0c,0x10,0x10,0x10,0x08,0x04,0x00,
 155          };
 156          
 157          uchar code D[16]= 
 158          {
 159          /*-- ID:33,字符:"D",ASCII编码:44,对应字:宽x高=8x16,画布:宽W=8 高H=16,共16字节*/
 160          0x04,0xfc,0x04,0x04,0x04,0x08,0xf0,0x00,0x10,0x1f,0x10,0x10,0x10,0x08,0x07,0x00,
 161          };
 162          
 163          uchar code E[16]= 
 164          {
 165          /*-- ID:16,字符:"E",ASCII编码:45,对应字:宽x高=8x16,画布:宽W=8 高H=16,共16字节*/
 166          0x04,0xfc,0x44,0x44,0xf4,0x04,0x08,0x00,0x10,0x1f,0x10,0x10,0x11,0x10,0x0c,0x00,
 167          };
 168          
 169          uchar code F[16]= 
 170          {
 171          /*-- ID:0,字符:"F",ASCII编码:46,对应字:宽x高=8x16,画布:宽W=8 高H=16,共16字节*/
 172          0x04,0xfc,0x44,0x44,0xf4,0x04,0x08,0x00,0x10,0x1f,0x10,0x00,0x01,0x00,0x00,0x00
 173          };
 174          
 175          
 176          uchar code G[16]= 
 177          {
 178          /*-- ID:23,字符:"G",ASCII编码:47,对应字:宽x高=8x16,画布:宽W=8 高H=16,共16字节*/
 179          0xe0,0x18,0x04,0x04,0x04,0x1c,0x00,0x00,0x03,0x0c,0x10,0x10,0x11,0x0f,0x01,0x00,
C51 COMPILER V9.60.7.0   PIC                                                               06/21/2025 10:24:41 PAGE 4   

 180          };
 181          
 182          uchar code hh[16]= 
 183          {
 184          /*-- ID:18,字符:"H",ASCII编码:48,对应字:宽x高=8x16,画布:宽W=8 高H=16,共16字节*/
 185          0x04,0xfc,0x84,0x80,0x80,0x84,0xfc,0x04,0x10,0x1f,0x10,0x00,0x00,0x10,0x1f,0x10,
 186          };
 187          
 188          uchar code h[16]= 
 189          {
 190          /*-- ID:0,字符:"h",ASCII编码:68,对应字:宽x高=8x16,画布:宽W=8 高H=16,共16字节*/
 191          0x08,0xf8,0x80,0x40,0x40,0x40,0x80,0x00,0x10,0x1f,0x10,0x00,0x00,0x10,0x1f,0x10,
 192          };
 193          
 194          uchar code I[16]= 
 195          {
 196          /*-- ID:14,字符:"I",ASCII编码:49,对应字:宽x高=8x16,画布:宽W=8 高H=16,共16字节*/
 197          0x00,0x04,0x04,0xfc,0x04,0x04,0x00,0x00,0x00,0x10,0x10,0x1f,0x10,0x10,0x00,0x00,
 198          };
 199          
 200          uchar code J[16]= 
 201          {
 202          /*-- ID:0,字符:"J",ASCII编码:4A,对应字:宽x高=8x16,画布:宽W=8 高H=16,共16字节*/
 203          0x00,0x00,0x04,0x04,0xfc,0x04,0x04,0x00,0x60,0x40,0x40,0x40,0x3f,0x00,0x00,0x00,
 204          };
 205          
 206          uchar code K[16]= 
 207          {
 208          /*-- ID:1,字符:"K",ASCII编码:4B,对应字:宽x高=8x16,画布:宽W=8 高H=16,共16字节*/
 209          0x04,0xfc,0x44,0xe0,0x14,0x0c,0x04,0x00,0x10,0x1f,0x10,0x00,0x13,0x1c,0x10,0x00
 210          };
 211          
 212          
 213          uchar code L[16]= 
 214          {
 215          /*-- ID:31,字符:"L",ASCII编码:4C,对应字:宽x高=8x16,画布:宽W=8 高H=16,共16字节*/
 216          0x04,0xfc,0x04,0x00,0x00,0x00,0x00,0x00,0x10,0x1f,0x10,0x10,0x10,0x10,0x18,0x00,
 217          };
 218          
 219          
 220          uchar code M[16]= 
 221          {
 222          /*-- ID:2,字符:"M",ASCII编码:4D,对应字:宽x高=8x16,画布:宽W=8 高H=16,共16字节*/
 223          0x04,0xfc,0xfc,0x00,0xfc,0xfc,0x04,0x00,0x10,0x1f,0x00,0x1f,0x00,0x1f,0x10,0x00,
 224          };
 225          
 226          
 227          uchar code N[16]= 
 228          {
 229          /*-- ID:3,字符:"N",ASCII编码:4E,对应字:宽x高=8x16,画布:宽W=8 高H=16,共16字节*/
 230          0x04,0xfc,0x18,0x60,0x80,0x04,0xfc,0x04,0x10,0x1f,0x10,0x00,0x03,0x0c,0x1f,0x00,
 231          };
 232          
 233          
 234          uchar code O[16]= 
 235          {
 236          /*-- ID:6,字符:"O",ASCII编码:4F,对应字:宽x高=8x16,画布:宽W=8 高H=16,共16字节*/
 237          0xf0,0x08,0x04,0x04,0x04,0x08,0xf0,0x00,0x07,0x08,0x10,0x10,0x10,0x08,0x07,0x00,
 238          };
 239          
 240          uchar code pp[16]= 
 241          {
C51 COMPILER V9.60.7.0   PIC                                                               06/21/2025 10:24:41 PAGE 5   

 242          /*-- ID:0,字符:"P",ASCII编码:50,对应字:宽x高=8x16,画布:宽W=8 高H=16,共16字节*/
 243          0x04,0xfc,0x84,0x84,0x84,0x84,0x78,0x00,0x10,0x1f,0x10,0x00,0x00,0x00,0x00,0x00
 244          };
 245          uchar code p[16]= 
 246          {
 247          /*-- ID:6,字符:"p",ASCII编码:70,对应字:宽x高=8x16,画布:宽W=8 高H=16,共16字节*/
 248          0x40,0xc0,0x80,0x40,0x40,0x80,0x00,0x00,0x40,0x7f,0x48,0x10,0x10,0x08,0x07,0x00,
 249          };
 250          uchar code Q[16]= 
 251          {
 252          /*-- ID:0,字符:"Q",ASCII编码:51,对应字:宽x高=8x16,画布:宽W=8 高H=16,共16字节*/
 253          0xf0,0x08,0x04,0x04,0x04,0x08,0xf0,0x00,0x07,0x08,0x14,0x14,0x18,0x28,0x27,0x00,
 254          };
 255          
 256          uchar code R[16]= 
 257          {
 258          /*-- ID:1,字符:"R",ASCII编码:52,对应字:宽x高=8x16,画布:宽W=8 高H=16,共16字节*/
 259          0x04,0xfc,0x44,0x44,0xc4,0x44,0x38,0x00,0x10,0x1f,0x10,0x00,0x01,0x06,0x18,0x10
 260          };
 261          
 262          uchar code s[16]= 
 263          {
 264          /*-- ID:0,字符:"S",ASCII编码:53,对应字:宽x高=8x16,画布:宽W=8 高H=16,共16字节*/
 265          0x00,0x80,0x40,0x40,0x40,0x40,0xc0,0x00,0x00,0x19,0x12,0x12,0x12,0x12,0x0c,0x00
 266          };
 267          
 268          uchar code tt[16]= 
 269          {
 270          /*-- ID:15,字符:"T",ASCII编码:54,对应字:宽x高=8x16,画布:宽W=8 高H=16,共16字节*/
 271          0x0c,0x04,0x04,0xfc,0x04,0x04,0x0c,0x00,0x00,0x00,0x10,0x1f,0x10,0x00,0x00,0x00,
 272          };
 273          uchar code t[16]= 
 274          {
 275          /*-- ID:3,字符:"t",ASCII编码:74,对应字:宽x高=8x16,画布:宽W=8 高H=16,共16字节*/
 276          0x00,0x40,0x40,0xf0,0x40,0x40,0x00,0x00,0x00,0x00,0x00,0x0f,0x10,0x10,0x08,0x00,
 277          };
 278          
 279          uchar code U[16]= 
 280          {
 281          /*-- ID:13,字符:"U",ASCII编码:55,对应字:宽x高=8x16,画布:宽W=8 高H=16,共16字节*/
 282          0x04,0xfc,0x04,0x00,0x00,0x04,0xfc,0x04,0x00,0x0f,0x10,0x10,0x10,0x10,0x0f,0x00,
 283          };
 284          
 285          uchar code V[16]= 
 286          {
 287          /*-- ID:0,字符:"V",ASCII编码:56,对应字:宽x高=8x16,画布:宽W=8 高H=16,共16字节*/
 288          0x04,0x3c,0xc4,0x00,0x00,0xe4,0x1c,0x04,0x00,0x00,0x03,0x1c,0x07,0x00,0x00,0x00
 289          };
 290          
 291          
 292          uchar code W[16]= 
 293          {
 294          /*-- ID:0,字符:"W",ASCII编码:57,对应字:宽x高=8x16,画布:宽W=8 高H=16,共16字节*/
 295          0x04,0xfc,0x00,0xfc,0x00,0xfc,0x04,0x00,0x00,0x01,0x1f,0x00,0x1f,0x01,0x00,0x00,
 296          };
 297          
 298          
 299          uchar code X[16]= 
 300          {
 301          /*-- ID:0,字符:"X",ASCII编码:58,对应字:宽x高=8x16,画布:宽W=8 高H=16,共16字节*/
 302          0x04,0x0c,0x34,0xc0,0xc0,0x34,0x0c,0x04,0x10,0x18,0x16,0x01,0x01,0x16,0x18,0x10,
 303          };
C51 COMPILER V9.60.7.0   PIC                                                               06/21/2025 10:24:41 PAGE 6   

 304          
 305          uchar code Y[16]= 
 306          {
 307          /*-- ID:10,字符:"Y",ASCII编码:59,对应字:宽x高=8x16,画布:宽W=8 高H=16,共16字节*/
 308          0x04,0x1c,0x64,0x80,0x64,0x1c,0x04,0x00,0x00,0x00,0x10,0x1f,0x10,0x00,0x00,0x00,
 309          };
 310          
 311          uchar code Z[16]= 
 312          {
 313          /*-- ID:1,字符:"Z",ASCII编码:5A,对应字:宽x高=8x16,画布:宽W=8 高H=16,共16字节*/
 314          0x08,0x04,0x04,0x84,0x64,0x1c,0x04,0x00,0x10,0x1c,0x13,0x10,0x10,0x10,0x0c,0x00
 315          };
 316          
 317          
 318          
 319          
 320          uchar code KG[16]= 
 321          {
 322          /*-- ID:30,字符:" ",ASCII编码:20,对应字:宽x高=8x16,画布:宽W=8 高H=16,共16字节*/
 323          0x00,0x00,0x00,0x00,0x00,0x00,0x00,0x00,0x00,0x00,0x00,0x00,0x00,0x00,0x00,0x00,
 324          };
 325          
 326          uchar code DH[16]= 
 327          {
 328          /*-- ID:29,字符:",",ASCII编码:2C,对应字:宽x高=8x16,画布:宽W=8 高H=16,共16字节*/
 329          0x00,0x00,0x00,0x00,0x00,0x00,0x00,0x00,0x00,0x48,0x38,0x00,0x00,0x00,0x00,0x00,
 330          };
 331          
 332          uchar code DIAN[16]= 
 333          {
 334          /*-- ID:34,字符:".",ASCII编码:2E,对应字:宽x高=8x16,画布:宽W=8 高H=16,共16字节*/
 335          0x00,0x00,0x00,0x00,0x00,0x00,0x00,0x00,0x00,0x18,0x18,0x00,0x00,0x00,0x00,0x00
 336          };
 337          
 338          unsigned char code num[][16]=
 339          {
 340          {0x00,0x07,0x08,0x10,0x10,0x08,0x07,0x00,
 341          0x00,0xF0,0x08,0x04,0x04,0x08,0xF0,0x00},/*"0",0*/
 342          
 343          {0x00,0x08,0x08,0x1F,0x00,0x00,0x00,0x00,
 344          0x00,0x04,0x04,0xFC,0x04,0x04,0x00,0x00},/*"1",1*/
 345          
 346          {0x00,0x0E,0x10,0x10,0x10,0x11,0x0E,0x00,
 347          0x00,0x0C,0x14,0x24,0x44,0x84,0x0C,0x00},/*"2",2*/
 348          
 349          {0x00,0x0C,0x10,0x11,0x11,0x12,0x0C,0x00,
 350          0x00,0x18,0x04,0x04,0x04,0x88,0x70,0x00},/*"3",3*/
 351          
 352          {0x00,0x00,0x03,0x04,0x08,0x1F,0x00,0x00,
 353          0x00,0xE0,0x20,0x24,0x24,0xFC,0x24,0x00},/*"4",4*/
 354          
 355          {0x00,0x1F,0x10,0x11,0x11,0x10,0x10,0x00,
 356          0x00,0x98,0x84,0x04,0x04,0x88,0x70,0x00},/*"5",5*/
 357          
 358          {0x00,0x07,0x08,0x11,0x11,0x18,0x00,0x00,
 359          0x00,0xF0,0x88,0x04,0x04,0x88,0x70,0x00},/*"6",6*/
 360          
 361          {0x00,0x1C,0x10,0x10,0x13,0x1C,0x10,0x00,
 362          0x00,0x00,0x00,0xFC,0x00,0x00,0x00,0x00},/*"7",7*/
 363          
 364          {0x00,0x0E,0x11,0x10,0x10,0x11,0x0E,0x00,
 365          0x00,0x38,0x44,0x84,0x84,0x44,0x38,0x00},/*"8",8*/
C51 COMPILER V9.60.7.0   PIC                                                               06/21/2025 10:24:41 PAGE 7   

 366          
 367          {0x00,0x07,0x08,0x10,0x10,0x08,0x07,0x00,
 368          0x00,0x00,0x8C,0x44,0x44,0x88,0xF0,0x00},/*"9",9*/
 369          };
 370          
 371          unsigned char code PIC_99[]=
 372          {
 373            /*-[数据排列]:从左到右从上到下 [取模方式]:纵向8点下高位 [正负反色]:否
 374          图像尺寸:132x64 画布尺寸:132x64，共1056个字节-*/
 375          0xff,0x01,0x01,0x01,0x01,0x01,0x01,0x01,0x01,0x01,0x01,0x01,0x01,0x01,0x01,0x01,
 376          0x01,0x01,0x01,0x01,0x01,0x01,0x01,0x01,0x01,0x01,0x01,0x01,0x01,0x01,0x01,0x01,
 377          0x01,0x01,0x01,0x01,0x01,0x01,0x01,0x01,0x01,0x01,0x01,0x01,0x01,0x01,0x01,0x01,
 378          0x01,0x01,0x01,0x01,0x01,0x01,0x01,0x01,0x01,0x01,0x01,0x01,0x01,0x01,0x01,0x01,
 379          0x01,0x01,0x01,0x01,0x01,0x01,0x01,0x01,0x01,0x01,0x01,0x01,0x01,0x01,0x01,0x01,
 380          0x01,0x01,0x01,0x01,0x01,0x01,0x01,0x01,0x01,0x01,0x01,0x01,0x01,0x01,0x01,0x01,
 381          0x01,0x01,0x01,0x01,0x01,0x01,0x01,0x01,0x01,0x01,0x01,0x01,0x01,0x01,0x01,0x01,
 382          0x01,0x01,0x01,0x01,0x01,0x01,0x01,0x01,0x01,0x01,0x01,0x01,0x01,0x01,0x01,0x01,
 383          0x01,0x01,0x01,0xff,0xff,0x00,0x00,0x00,0x00,0x00,0x00,0x00,0x00,0x00,0x00,0x00,
 384          0x00,0x00,0x00,0x00,0x00,0x00,0x00,0x00,0x00,0x00,0x00,0x00,0x00,0x00,0x00,0x00,
 385          0x00,0x00,0x00,0x00,0x00,0x00,0x00,0x00,0x00,0x00,0x00,0x00,0x00,0x00,0x00,0x00,
 386          0x00,0x00,0x00,0x00,0x00,0x00,0x00,0x00,0x00,0x00,0x00,0x00,0x00,0x00,0x00,0x00,
 387          0x00,0x00,0x00,0x00,0x00,0x00,0x00,0x00,0x00,0x00,0x00,0x00,0x00,0x00,0x00,0x00,
 388          0x00,0x00,0x00,0x00,0x00,0x00,0x00,0x00,0x00,0x00,0x00,0x00,0x00,0x00,0x00,0x00,
 389          0x00,0x00,0x00,0x00,0x00,0x00,0x00,0x00,0x00,0x00,0x00,0x00,0x00,0x00,0x00,0x00,
 390          0x00,0x00,0x00,0x00,0x00,0x00,0x00,0x00,0x00,0x00,0x00,0x00,0x00,0x00,0x00,0x00,
 391          0x00,0x00,0x00,0x00,0x00,0x00,0x00,0xff,0xff,0x00,0x00,0x00,0x00,0x00,0x00,0x00,
 392          0x00,0x00,0x00,0x00,0x00,0x00,0x00,0x00,0x00,0x00,0x00,0x00,0x00,0x00,0x00,0x00,
 393          0x00,0x00,0x00,0x00,0x00,0x00,0x00,0x00,0x00,0x00,0x00,0x00,0x00,0x00,0x00,0x00,
 394          0x00,0x00,0x00,0x00,0x00,0x00,0x00,0x00,0x00,0x00,0x00,0x00,0x00,0x00,0x00,0x00,
 395          0x00,0x00,0x00,0x00,0x00,0x00,0x00,0x00,0x00,0x00,0x00,0x00,0x00,0x00,0x00,0x00,
 396          0x00,0x00,0x00,0x00,0x00,0x00,0x00,0x00,0x00,0x00,0x00,0x00,0x00,0x00,0x00,0x00,
 397          0x00,0x00,0x00,0x00,0x00,0x00,0x00,0x00,0x00,0x00,0x00,0x00,0x00,0x00,0x00,0x00,
 398          0x00,0x00,0x00,0x00,0x00,0x00,0x00,0x00,0x00,0x00,0x00,0x00,0x00,0x00,0x00,0x00,
 399          0x00,0x00,0x00,0x00,0x00,0x00,0x00,0x00,0x00,0x00,0x00,0xff,0xff,0x00,0x00,0x00,
 400          0x00,0x00,0x00,0x00,0x00,0x00,0x00,0x00,0x00,0x00,0x00,0x00,0x00,0x00,0x00,0x00,
 401          0x00,0x00,0x00,0x00,0x00,0x00,0x00,0x00,0x00,0x00,0x00,0x00,0x00,0x00,0x00,0x00,
 402          0x00,0x00,0x00,0x00,0x00,0x00,0x00,0x00,0x00,0x00,0x00,0x00,0x00,0x00,0x00,0x00,
 403          0x00,0x00,0x00,0x00,0x00,0x00,0x00,0x00,0x00,0x00,0x00,0x00,0x00,0x00,0x00,0x00,
 404          0x00,0x00,0x00,0x00,0x00,0x00,0x00,0x00,0x00,0x00,0x00,0x00,0x00,0x00,0x00,0x00,
 405          0x00,0x00,0x00,0x00,0x00,0x00,0x00,0x00,0x00,0x00,0x00,0x00,0x00,0x00,0x00,0x00,
 406          0x00,0x00,0x00,0x00,0x00,0x00,0x00,0x00,0x00,0x00,0x00,0x00,0x00,0x00,0x00,0x00,
 407          0x00,0x00,0x00,0x00,0x00,0x00,0x00,0x00,0x00,0x00,0x00,0x00,0x00,0x00,0x00,0xff,
 408          0xff,0x00,0x00,0x00,0x00,0x00,0x00,0x00,0x00,0x00,0x00,0x00,0x00,0x00,0x00,0x00,
 409          0x00,0x00,0x00,0x00,0x00,0x00,0x00,0x00,0x00,0x00,0x00,0x00,0x00,0x00,0x00,0x00,
 410          0x00,0x00,0x00,0x00,0x00,0x00,0x00,0x00,0x00,0x00,0x00,0x00,0x00,0x00,0x00,0x00,
 411          0x00,0x00,0x00,0x00,0x00,0x00,0x00,0x00,0x00,0x00,0x00,0x00,0x00,0x00,0x00,0x00,
 412          0x00,0x00,0x00,0x00,0x00,0x00,0x00,0x00,0x00,0x00,0x00,0x00,0x00,0x00,0x00,0x00,
 413          0x00,0x00,0x00,0x00,0x00,0x00,0x00,0x00,0x00,0x00,0x00,0x00,0x00,0x00,0x00,0x00,
 414          0x00,0x00,0x00,0x00,0x00,0x00,0x00,0x00,0x00,0x00,0x00,0x00,0x00,0x00,0x00,0x00,
 415          0x00,0x00,0x00,0x00,0x00,0x00,0x00,0x00,0x00,0x00,0x00,0x00,0x00,0x00,0x00,0x00,
 416          0x00,0x00,0x00,0xff,0xff,0x00,0x00,0x00,0x00,0x00,0x00,0x00,0x00,0x00,0x00,0x00,
 417          0x00,0x00,0x00,0x00,0x00,0x00,0x00,0x00,0x00,0x00,0x00,0x00,0x00,0x00,0x00,0x00,
 418          0x00,0x00,0x00,0x00,0x00,0x00,0x00,0x00,0x00,0x00,0x00,0x00,0x00,0x00,0x00,0x00,
 419          0x00,0x00,0x00,0x00,0x00,0x00,0x00,0x00,0x00,0x00,0x00,0x00,0x00,0x00,0x00,0x00,
 420          0x00,0x00,0x00,0x00,0x00,0x00,0x00,0x00,0x00,0x00,0x00,0x00,0x00,0x00,0x00,0x00,
 421          0x00,0x00,0x00,0x00,0x00,0x00,0x00,0x00,0x00,0x00,0x00,0x00,0x00,0x00,0x00,0x00,
 422          0x00,0x00,0x00,0x00,0x00,0x00,0x00,0x00,0x00,0x00,0x00,0x00,0x00,0x00,0x00,0x00,
 423          0x00,0x00,0x00,0x00,0x00,0x00,0x00,0x00,0x00,0x00,0x00,0x00,0x00,0x00,0x00,0x00,
 424          0x00,0x00,0x00,0x00,0x00,0x00,0x00,0xff,0xff,0x00,0x00,0x00,0x00,0x00,0x00,0x00,
 425          0x00,0x00,0x00,0x00,0x00,0x00,0x00,0x00,0x00,0x00,0x00,0x00,0x00,0x00,0x00,0x00,
 426          0x00,0x00,0x00,0x00,0x00,0x00,0x00,0x00,0x00,0x00,0x00,0x00,0x00,0x00,0x00,0x00,
 427          0x00,0x00,0x00,0x00,0x00,0x00,0x00,0x00,0x00,0x00,0x00,0x00,0x00,0x00,0x00,0x00,
C51 COMPILER V9.60.7.0   PIC                                                               06/21/2025 10:24:41 PAGE 8   

 428          0x00,0x00,0x00,0x00,0x00,0x00,0x00,0x00,0x00,0x00,0x00,0x00,0x00,0x00,0x00,0x00,
 429          0x00,0x00,0x00,0x00,0x00,0x00,0x00,0x00,0x00,0x00,0x00,0x00,0x00,0x00,0x00,0x00,
 430          0x00,0x00,0x00,0x00,0x00,0x00,0x00,0x00,0x00,0x00,0x00,0x00,0x00,0x00,0x00,0x00,
 431          0x00,0x00,0x00,0x00,0x00,0x00,0x00,0x00,0x00,0x00,0x00,0x00,0x00,0x00,0x00,0x00,
 432          0x00,0x00,0x00,0x00,0x00,0x00,0x00,0x00,0x00,0x00,0x00,0xff,0xff,0x80,0x80,0x80,
 433          0x80,0x80,0x80,0x80,0x80,0x80,0x80,0x80,0x80,0x80,0x80,0x80,0x80,0x80,0x80,0x80,
 434          0x80,0x80,0x80,0x80,0x80,0x80,0x80,0x80,0x80,0x80,0x80,0x80,0x80,0x80,0x80,0x80,
 435          0x80,0x80,0x80,0x80,0x80,0x80,0x80,0x80,0x80,0x80,0x80,0x80,0x80,0x80,0x80,0x80,
 436          0x80,0x80,0x80,0x80,0x80,0x80,0x80,0x80,0x80,0x80,0x80,0x80,0x80,0x80,0x80,0x80,
 437          0x80,0x80,0x80,0x80,0x80,0x80,0x80,0x80,0x80,0x80,0x80,0x80,0x80,0x80,0x80,0x80,
 438          0x80,0x80,0x80,0x80,0x80,0x80,0x80,0x80,0x80,0x80,0x80,0x80,0x80,0x80,0x80,0x80,
 439          0x80,0x80,0x80,0x80,0x80,0x80,0x80,0x80,0x80,0x80,0x80,0x80,0x80,0x80,0x80,0x80,
 440          0x80,0x80,0x80,0x80,0x80,0x80,0x80,0x80,0x80,0x80,0x80,0x80,0x80,0x80,0x80,0xff
 441          };
 442          
 443          unsigned char code PIC_5[]=
 444          {
 445           /*--  调入了一幅图像：C:\Users\Lenovo\Desktop\13264烨辉logo.bmp  --*/
 446          /*--  宽度x高度=132x64  --*/
 447          0xFF,0xFF,0x03,0x03,0x03,0x03,0x03,0x03,0x03,0x03,0x03,0x03,0x03,0x03,0x03,0x03,
 448          0x03,0x03,0x03,0x03,0x03,0x03,0x03,0x03,0x03,0x03,0x03,0x03,0x03,0x03,0x03,0x03,
 449          0x03,0x03,0x03,0x03,0x83,0x83,0x83,0x83,0xC3,0xC3,0xC3,0xC3,0xE3,0xC3,0x03,0xE3,
 450          0xE3,0xE3,0xE3,0xF3,0x73,0x73,0x73,0x73,0x73,0x73,0x03,0x03,0x73,0x73,0x73,0x73,
 451          0x73,0x73,0x73,0x33,0xF3,0xF3,0xF3,0xF3,0x73,0x73,0xF3,0xF3,0xF3,0xF3,0x03,0x03,
 452          0xE3,0xE3,0xE3,0xE3,0xE3,0xE3,0xC3,0xC3,0xC3,0xC3,0xC3,0x83,0x83,0x83,0x03,0x03,
 453          0x03,0x03,0x03,0x03,0x03,0x03,0x03,0x03,0x03,0x03,0x03,0x03,0x03,0x03,0x03,0x03,
 454          0x03,0x03,0x03,0x03,0x03,0x03,0x03,0x03,0x03,0x03,0x03,0x03,0x03,0x03,0x03,0x03,
 455          0x03,0x03,0xFF,0xFF,0xFF,0xFF,0x00,0x00,0x00,0x00,0x00,0x00,0x00,0x00,0x00,0x00,
 456          0x00,0x00,0x00,0x00,0x00,0x00,0x00,0x00,0x00,0x80,0xC0,0xC0,0x00,0xF0,0xF0,0xF8,
 457          0xF8,0xFC,0x00,0x00,0xFE,0xFF,0xFF,0xFF,0x07,0x07,0x03,0xFF,0xFF,0xFF,0xFF,0x01,
 458          0x01,0x00,0x00,0xFF,0xFF,0xFF,0xFF,0xFF,0xE0,0xE0,0xF0,0x70,0x60,0x40,0x00,0x00,
 459          0xFF,0xFF,0xFF,0xFF,0xFF,0x00,0x00,0x00,0xFF,0xFF,0xFF,0xFF,0x00,0x00,0xFF,0xFF,
 460          0xFF,0xFF,0x00,0x00,0xFF,0xFF,0xFF,0xFF,0x00,0x01,0x01,0x01,0xE1,0xE1,0xE3,0xE3,
 461          0x03,0x07,0x07,0x07,0x0F,0x0F,0x0E,0x1E,0x1C,0x3C,0x38,0x78,0x70,0xF0,0xE0,0xE0,
 462          0xC0,0x80,0x00,0x00,0x00,0x00,0x00,0x00,0x00,0x00,0x00,0x00,0x00,0x00,0x00,0x00,
 463          0x00,0x00,0x00,0x00,0x00,0x00,0xFF,0xFF,0xFF,0xFF,0x00,0x00,0x00,0x00,0x00,0x00,
 464          0x00,0x00,0x00,0x00,0x00,0x00,0x00,0x80,0xE0,0xF8,0xFC,0xFE,0x1F,0x0F,0x07,0x03,
 465          0x00,0xFF,0xFF,0xFF,0xFF,0xFF,0x00,0x00,0x3F,0x3F,0x3F,0x3F,0x00,0x00,0x00,0x1F,
 466          0x1F,0x1F,0x1F,0x80,0x80,0x80,0x80,0x9F,0x3F,0x7F,0x7F,0x7F,0x70,0x70,0x70,0x70,
 467          0x70,0x70,0x00,0x00,0x71,0x71,0x71,0xF1,0xF1,0xF0,0xF0,0xF0,0x7F,0x7F,0xFF,0xFF,
 468          0xF0,0xF0,0x70,0x70,0x70,0x70,0x00,0x00,0x01,0x71,0x71,0x71,0x70,0x70,0x70,0x70,
 469          0xFF,0xFF,0xFF,0xFF,0x70,0x70,0x70,0x70,0x70,0x70,0x70,0x70,0x70,0x70,0x77,0x77,
 470          0x77,0x77,0x77,0x77,0x77,0x77,0x77,0xF6,0xF6,0xF0,0xE0,0x00,0x00,0x00,0x00,0x00,
 471          0x00,0x00,0x00,0x00,0x00,0x00,0x00,0x00,0x00,0x00,0xFF,0xFF,0xFF,0xFF,0x00,0x00,
 472          0x00,0x00,0x00,0x00,0x00,0x00,0x00,0x00,0x00,0x00,0x00,0x0F,0x7F,0x7F,0x3F,0x99,
 473          0xC0,0x80,0x00,0x00,0x00,0xFF,0xFF,0xFF,0xFF,0xFF,0x0E,0x0E,0xFE,0xFE,0xFE,0xFE,
 474          0x00,0x0E,0x0E,0x0E,0x0E,0x0E,0x0E,0xEE,0xFF,0xFF,0xFF,0xFF,0x0E,0x0E,0x0E,0x0E,
 475          0x0E,0x0E,0x0E,0x0E,0x0E,0x0E,0x00,0x00,0x00,0x00,0x00,0xFF,0xFF,0xFF,0xFF,0xFF,
 476          0x00,0x00,0xFF,0xFF,0xFF,0xFF,0x00,0x00,0x00,0x00,0x00,0x00,0x00,0x00,0x00,0x00,
 477          0x00,0x00,0x00,0x00,0x3F,0x3F,0x3F,0x3F,0x38,0x38,0x38,0x38,0xBF,0xFF,0xFF,0xFF,
 478          0xFF,0x38,0x38,0x38,0x38,0x38,0x38,0x38,0x38,0xB8,0xF8,0xFD,0xFF,0xFF,0x3F,0x07,
 479          0x00,0x00,0x00,0x00,0x00,0x00,0x00,0x00,0x00,0x00,0x00,0x00,0x00,0x00,0xFF,0xFF,
 480          0xFF,0xFF,0x00,0x00,0x00,0x00,0x00,0x00,0x00,0x00,0x00,0x00,0x00,0x00,0x00,0x00,
 481          0x00,0x00,0x01,0x03,0x07,0x0F,0x1F,0x3E,0x3C,0x7F,0x7F,0xFF,0xFF,0xFF,0x00,0x00,
 482          0xFF,0xFF,0xFF,0xFF,0x00,0x00,0x00,0x00,0x00,0x00,0x00,0xFF,0xFF,0xFF,0xFF,0xFF,
 483          0x00,0x00,0x00,0x00,0x00,0x00,0x00,0x00,0x00,0x00,0x00,0x00,0x00,0x00,0x00,0xFF,
 484          0xFF,0xFF,0xFF,0xFF,0x00,0x00,0xFF,0xFF,0xFF,0xFF,0x00,0x00,0x00,0x00,0x00,0x00,
 485          0x00,0x0E,0x0E,0x0E,0x0E,0x0E,0x0E,0x0E,0x0E,0x0E,0x0E,0x0E,0x0E,0x0E,0x0E,0x0E,
 486          0xEE,0xFF,0xFF,0xFF,0xFF,0xEE,0xEE,0xFE,0x7E,0x7E,0x3E,0x3E,0x1F,0x0F,0x07,0x03,
 487          0x01,0x00,0x00,0x00,0x00,0x00,0x00,0x00,0x00,0x00,0x00,0x00,0x00,0x00,0x00,0x00,
 488          0x00,0x00,0xFF,0xFF,0xFF,0xFF,0x00,0x00,0x00,0x00,0x00,0x00,0x00,0x00,0x00,0x00,
 489          0x00,0x00,0x00,0x00,0x00,0x00,0x00,0x00,0x00,0x00,0x00,0x00,0x00,0x00,0x00,0x00,
C51 COMPILER V9.60.7.0   PIC                                                               06/21/2025 10:24:41 PAGE 9   

 490          0x00,0x01,0x00,0x00,0x03,0x03,0x07,0x07,0x0F,0x0F,0x0E,0x0E,0x1E,0x1C,0x1C,0x1D,
 491          0x1F,0x3F,0x3F,0x3F,0x38,0x38,0x38,0x78,0x70,0x70,0x70,0x70,0x70,0x70,0x00,0x00,
 492          0x70,0x78,0x7C,0x7F,0x7F,0x7F,0x77,0x73,0x70,0x70,0x7F,0x7F,0x7F,0x7F,0x70,0x70,
 493          0x70,0x70,0x70,0x78,0x38,0x38,0x38,0x38,0x38,0x3C,0x1C,0x1C,0x1C,0x1C,0x1E,0x0E,
 494          0x0E,0x0F,0x0F,0x00,0x07,0x07,0x03,0x03,0x01,0x01,0x00,0x00,0x00,0x00,0x00,0x00,
 495          0x00,0x00,0x00,0x00,0x00,0x00,0x00,0x00,0x00,0x00,0x00,0x00,0x00,0x00,0x00,0x00,
 496          0x00,0x00,0x00,0x00,0x00,0x00,0xFF,0xFF,0xFF,0xFF,0x00,0x00,0x00,0x00,0x00,0x00,
 497          0x00,0x00,0x00,0xE0,0xF0,0xF0,0xF0,0x38,0x38,0x38,0x38,0xB8,0xB8,0xB8,0xB8,0xB8,
 498          0xB0,0x00,0x00,0x00,0xB8,0xB8,0xB8,0x38,0x38,0x38,0x38,0x38,0x38,0x38,0xF0,0xF0,
 499          0xF0,0xE0,0x00,0x00,0x80,0x80,0x80,0x80,0x80,0x80,0x80,0x80,0x00,0x18,0x38,0x78,
 500          0xF0,0xE0,0xC0,0xC0,0xE0,0xF0,0xF8,0x78,0x38,0x18,0x00,0x00,0xB8,0xB8,0xB8,0xB8,
 501          0xB8,0xB8,0xB8,0xB8,0xB8,0xB8,0xB8,0xB8,0xB0,0x00,0x00,0xF8,0xF8,0xF8,0xF8,0x80,
 502          0x80,0x80,0x80,0x80,0x80,0x80,0xF8,0xF8,0xF8,0x00,0x00,0x00,0xF0,0xF8,0xF8,0x00,
 503          0x00,0x00,0x00,0x00,0x00,0x00,0xF8,0xF8,0xF8,0xF8,0x00,0x00,0xB8,0xB8,0xB8,0xB0,
 504          0x00,0x00,0x00,0x00,0x00,0x00,0x00,0x00,0x00,0x00,0xFF,0xFF,0xFF,0xFF,0xC0,0xC0,
 505          0xC0,0xC0,0xC0,0xC0,0xC0,0xC0,0xC0,0xC7,0xCF,0xCF,0xCF,0xCC,0xCC,0xCC,0xDC,0xDD,
 506          0xDD,0xDD,0xDF,0xDF,0xDF,0xC1,0xC0,0xC0,0xDF,0xDF,0xDF,0xDC,0xDC,0xDC,0xDC,0xDC,
 507          0xDC,0xDC,0xCF,0xCF,0xCF,0xC7,0xC0,0xC0,0xC1,0xC1,0xC1,0xC1,0xC1,0xC1,0xC1,0xC1,
 508          0xC0,0xC0,0xC0,0xC0,0xC0,0xDF,0xDF,0xDF,0xDF,0xC1,0xC0,0xC0,0xC0,0xC0,0xC0,0xC0,
 509          0xDF,0xDF,0xDF,0xDF,0xDD,0xDD,0xDD,0xDD,0xDD,0xDD,0xDD,0xDD,0xDD,0xC0,0xC0,0xDF,
 510          0xDF,0xDF,0xDF,0xC1,0xC1,0xC1,0xC1,0xC1,0xC1,0xC1,0xDF,0xDF,0xDF,0xC0,0xC0,0xC0,
 511          0xC7,0xCF,0xCF,0xCC,0xDC,0xDC,0xDC,0xDC,0xDC,0xDC,0xDF,0xDF,0xDF,0xDF,0xC0,0xC0,
 512          0xDF,0xDF,0xDF,0xDF,0xC0,0xC0,0xC0,0xC0,0xC0,0xC0,0xC0,0xC0,0xC0,0xC0,0xFF,0xFF,
 513          };
 514          
 515          
 516          //0~9,ASCII码数组
 517          unsigned char code ASC[10*16]=
 518          {
 519          0x00,0xE0,0x10,0x08,0x08,0x10,0xE0,0x00,0x00,0x07,0x08,0x10,0x10,0x08,0x07,0x00,/*"016"*/
 520          0x00,0x10,0x10,0xF8,0x00,0x00,0x00,0x00,0x00,0x10,0x10,0x1F,0x10,0x10,0x00,0x00,/*"117"*/
 521          0x00,0x30,0x08,0x08,0x08,0x88,0x70,0x00,0x00,0x18,0x14,0x12,0x11,0x10,0x18,0x00,/*"218"*/
 522          0x00,0x30,0x08,0x88,0x88,0x48,0x30,0x00,0x00,0x0C,0x10,0x10,0x10,0x11,0x0E,0x00,/*"319"*/
 523          0x00,0x80,0x40,0x20,0xF8,0x00,0x00,0x00,0x00,0x03,0x02,0x12,0x1F,0x12,0x12,0x00,/*"420"*/
 524          0x00,0xF8,0x88,0x48,0x48,0x48,0x88,0x00,0x00,0x0C,0x10,0x10,0x10,0x10,0x0F,0x00,/*"521"*/
 525          0x00,0xE0,0x10,0x88,0x88,0x98,0x00,0x00,0x00,0x0F,0x11,0x10,0x10,0x10,0x0F,0x00,/*"622"*/
 526          0x00,0x38,0x08,0x08,0xC8,0x38,0x08,0x00,0x00,0x00,0x00,0x1F,0x00,0x00,0x00,0x00,/*"723"*/
 527          0x00,0x70,0x88,0x88,0x88,0x88,0x70,0x00,0x00,0x0E,0x11,0x10,0x10,0x11,0x0E,0x00,/*"824"*/
 528          0x00,0xF0,0x08,0x08,0x08,0x90,0xE0,0x00,0x00,0x00,0x19,0x11,0x11,0x08,0x07,0x00,/*"925"*/
 529          };
 530          
 531          
 532          
 533          
 534          unsigned char code disp_vop[][16]=
 535          {
 536          {0x10,0x1E,0x11,0x00,0x00,0x13,0x1C,0x10,
 537          0x00,0x00,0xE0,0x1C,0x70,0x80,0x00,0x00},/*"V",0*/
 538          
 539          {0x07,0x08,0x10,0x10,0x10,0x08,0x07,0x00,
 540          0xF0,0x08,0x04,0x04,0x04,0x08,0xF0,0x00},/*"O",1*/
 541          
 542          {0x10,0x1F,0x10,0x10,0x10,0x10,0x0F,0x00,
 543          0x04,0xFC,0x84,0x80,0x80,0x80,0x00,0x00},/*"P",2*/
 544          
 545          {0x02,0x02,0x02,0x02,0x02,0x02,0x02,0x00,
 546          0x20,0x20,0x20,0x20,0x20,0x20,0x20,0x00},/*"=",3*/
 547          
 548          {0x00,0x00,0x00,0x00,0x00,0x00,0x00,0x00,
 549          0x00,0x0C,0x0C,0x00,0x00,0x00,0x00,0x00},/*".",4*/
 550          
 551          {0x10,0x1E,0x11,0x00,0x00,0x13,0x1C,0x10,
C51 COMPILER V9.60.7.0   PIC                                                               06/21/2025 10:24:41 PAGE 10  

 552          0x00,0x00,0xE0,0x1C,0x70,0x80,0x00,0x00},/*"V",5*/
 553          
 554          };


MODULE INFORMATION:   STATIC OVERLAYABLE
   CODE SIZE        =   ----    ----
   CONSTANT SIZE    =   3552    ----
   XDATA SIZE       =   ----    ----
   PDATA SIZE       =   ----    ----
   DATA SIZE        =   ----    ----
   IDATA SIZE       =   ----    ----
   BIT SIZE         =   ----    ----
END OF MODULE INFORMATION.


C51 COMPILATION COMPLETE.  0 WARNING(S),  0 ERROR(S)
