C51 COMPILER V9.60.7.0   MAIN                                                              03/03/2025 20:28:55 PAGE 1   


C51 COMPILER V9.60.7.0, COMPILATION OF MODULE MAIN
OBJECT MODULE PLACED IN .\Objects\main.obj
COMPILER INVOKED BY: D:\KEIL_STM32\C51\BIN\C51.EXE main.c LARGE OPTIMIZE(8,SPEED) BROWSE DEBUG OBJECTEXTEND PRINT(.\List
                    -ings\main.lst) OBJECT(.\Objects\main.obj)

line level    source

   1          #include "LCM823109.h"
   2          unsigned char seg,i,j;
   3          void main(void)
   4          {       
   5   1              VK2C23A_Init();
   6   1              VK2C23A_DisAll(0x00);
   7   1              
   8   1              
   9   1                      for(i=0;i<8;i++)//com
  10   1                      {
  11   2                              for ( seg = 0; seg < VK2C23A_SEGNUM; seg++){VK2C23A_DisDotOn(seg,i);}
  12   2                      }
  13   1                       delay_nms(10); 
  14   1                      
  15   1                       VK2C23A_DisAll(0x00);
  16   1                      
  17   1                      for ( i = 10; i >= 0; i-- ) //9-0
  18   1                      {
  19   2                              for ( j = 0; j < 24; j++) 
  20   2                              {  
  21   3                                      DisplayDigitOrChar(j, i);
  22   3                              }
  23   2                              
  24   2                              for ( j = 24; j < 51; j++) 
  25   2                              {  
  26   3                                      DisplayDigitOrChar1(j, i);
  27   3                              }
  28   2                       }
  29   1              while(1)
  30   1              {
  31   2                    unsigned char mode;
  32   2                        if (ReadKey()) 
  33   2                        {  
  34   3                              VK2C23A_Init();
  35   3                              VK2C23A_DisAll(0x00);
  36   3                              mode++;
  37   3                              mode %= 3;                      
  38   3                              switch (mode) 
  39   3                        {
  40   4                              case 0:            
  41   4                                      VK2C23A_DisAll(0xFF);delay_nms(20); VK2C23A_DisAll(0x00);break;
  42   4                                      
  43   4                              case 1:
  44   4                                      VK2C23A_DisAll(0xFF);delay_nms(20); VK2C23A_DisAll(0x00);break; 
  45   4                                      
  46   4                              case 2:
  47   4                              for(i=0;i<8;i++)
  48   4                              {
  49   5                                      for ( seg = 0; seg < VK2C23A_SEGNUM; seg++){VK2C23A_DisDotOn(seg,i);}
  50   5                              }break;   
  51   4                              
  52   4                              case 3:
  53   4                                while(1)
  54   4                                {
C51 COMPILER V9.60.7.0   MAIN                                                              03/03/2025 20:28:55 PAGE 2   

  55   5                                      for(i=0;i<8;i++)//com
  56   5                                      {
  57   6                                              for ( seg = 0; seg < VK2C23A_SEGNUM; seg++){VK2C23A_DisDotOn(seg,i);}
  58   6                                      }
  59   5                                      
  60   5                                      for ( i = 10; i >= 0; i-- ) //9-0
  61   5                                      {
  62   6                                              for ( j = 0; j < 24; j++) 
  63   6                                              {  
  64   7                                                      DisplayDigitOrChar(j, i);
  65   7                                              }
  66   6                                              
  67   6                                              for ( j = 24; j < 51; j++) 
  68   6                                              {  
  69   7                                                      DisplayDigitOrChar1(j, i);
  70   7                                              }
  71   6                                       }                
  72   5                                }
  73   4                                        
  74   4                              }
  75   3              }
  76   2              }
  77   1      }


MODULE INFORMATION:   STATIC OVERLAYABLE
   CODE SIZE        =    400    ----
   CONSTANT SIZE    =   ----    ----
   XDATA SIZE       =      3       1
   PDATA SIZE       =   ----    ----
   DATA SIZE        =   ----    ----
   IDATA SIZE       =   ----    ----
   BIT SIZE         =   ----    ----
END OF MODULE INFORMATION.


C51 COMPILATION COMPLETE.  0 WARNING(S),  0 ERROR(S)
