C51 COMPILER V9.60.7.0   MAIN                                                              08/17/2024 19:28:11 PAGE 1   


C51 COMPILER V9.60.7.0, COMPILATION OF MODULE MAIN
OBJECT MODULE PLACED IN .\Objects\main.obj
COMPILER INVOKED BY: E:\Keil_v5\C51\BIN\C51.EXE main.c OPTIMIZE(8,SPEED) BROWSE DEBUG OBJECTEXTEND PRINT(.\Listings\main
                    -.lst) TABS(2) OBJECT(.\Objects\main.obj)

line level    source

   1          //=-=-=-=-=-=-=-=-=-=-=-=-=-=-=-=-=-=-=-=-=-=-=-=-=-=-=-=-=-=-=-=-=-=-=-=-=-=-=-=-=-=-=-=-=-=-=-=-=-=
   2          
   3          //=-=-=-=-=-=-=-=-=-=-=-=-=-=-=-=-=-=-=-=-=-=-=-=-=-=-=-=-=-=-=-=-=-=-=-=-=-=-=-=-=-=-=-=-=-=-=-=-=-=
   4          
   5          #include <at89C51.h>
*** WARNING C318 IN LINE 5 OF main.c: can't open file 'at89C51.h'
   6          #include <intrins.h>
   7          
   8          
   9          
  10          #define Uchar unsigned char
  11          #define Uint  unsigned int
  12          #define Ulong unsigned long
  13          #define uchar unsigned char
  14          #define uint  unsigned int
  15          
  16          
  17          //-=-=-=-=-=-=-=-=-=-=-=-=-=-=-=-=-=-=-=-=-=-=-=-=-=-=-=-=-=-=-=-=-=-=-=
  18          //  Pin Definition
  19          //-=-=-=-=-=-=-=-=-=-=-=-=-=-=-=-=-=-=-=-=-=-=-=-=-=-=-=-=-=-=-=-=-=-=-=
  20          
  21          
  22          //0.66bule
  23          #define RES3  P3_0        // Reset   
  24          #define SCL3  P3_1        // Serial Clock Input
  25          #define SDA3  P3_2        // Serial Data Input
  26          
  27          
  28          //*********************************************************************0.66
  29          code color13[]={
  30          /*--  调入了一幅图像：F:\工作\8051\OLED3\12832\1.bmp  --*/
  31          /*--  宽度x高度=128x32  --*/
  32          0xFF,0x01,0x01,0x01,0x01,0x01,0x01,0x01,0x01,0x01,0x01,0x01,0x01,0x01,0x01,0x01,
  33          0x01,0x01,0x01,0x01,0x01,0x01,0x01,0x01,0x01,0x01,0x01,0x01,0x01,0x01,0x01,0x01,
  34          0x41,0x41,0x41,0xE1,0xF1,0xF1,0x01,0x01,0x01,0x01,0x01,0x01,0x01,0x01,0x01,0x01,
  35          0x01,0x01,0x01,0x01,0x01,0x01,0x01,0x01,0x01,0x01,0xC1,0xE1,0xF1,0x31,0x11,0x31,
  36          0xF1,0xE1,0xC1,0x01,0x01,0x01,0x01,0x01,0x01,0x01,0x81,0xE1,0xF1,0xF9,0xF9,0x01,
  37          0x01,0x01,0x01,0x01,0x41,0x71,0x39,0x1F,0x4F,0x77,0x39,0x1F,0x0F,0x07,0x01,0x01,
  38          0x01,0x01,0x01,0x01,0x01,0x01,0x01,0x01,0x01,0x01,0x01,0x01,0x01,0x01,0x01,0x01,
  39          0x01,0x01,0x01,0x01,0x01,0x01,0x01,0x01,0x01,0x01,0x01,0x01,0x01,0x01,0x01,0xFF,
  40          0xFF,0x00,0x00,0x00,0x00,0x00,0x00,0x00,0x00,0x00,0x00,0x00,0x00,0x00,0x00,0x00,
  41          0x00,0x00,0x00,0x00,0x00,0x00,0x00,0x00,0x00,0x00,0x00,0x00,0x00,0x00,0x00,0x00,
  42          0x00,0x00,0x00,0xFF,0xFF,0xFF,0x00,0x00,0x00,0x00,0x00,0x00,0x00,0x00,0x00,0x00,
  43          0x00,0x00,0x00,0x00,0x00,0x00,0x00,0x00,0x00,0xFF,0xFF,0xFF,0x00,0x00,0x00,0x00,
  44          0x00,0xFF,0xFF,0xFF,0x00,0x00,0x60,0x78,0x5C,0x47,0x43,0x40,0xFF,0xFF,0xFF,0x40,
  45          0x40,0x00,0x00,0x00,0x00,0x00,0x00,0x00,0x00,0x00,0x00,0x00,0x00,0x00,0x00,0x00,
  46          0x00,0x00,0x00,0x00,0x00,0x00,0x00,0x00,0x00,0x00,0x00,0x00,0x00,0x00,0x00,0x00,
  47          0x00,0x00,0x00,0x00,0x00,0x00,0x00,0x00,0x00,0x00,0x00,0x00,0x00,0x00,0x00,0xFF,
  48          0xFF,0x00,0x00,0x00,0x00,0x00,0x00,0x00,0x00,0x00,0x00,0x00,0x00,0x00,0x00,0x00,
  49          0x00,0x00,0x00,0x00,0x00,0x00,0x00,0x00,0x00,0x00,0x00,0x00,0x40,0xE0,0x00,0x00,
  50          0x08,0x08,0xC8,0x2F,0x2F,0x2F,0xC8,0x08,0x08,0xC0,0x20,0x20,0x20,0xCE,0x0E,0x2E,
  51          0xEE,0x00,0x20,0xE0,0x20,0x00,0x00,0x40,0x20,0x20,0x23,0xC7,0x0F,0x0C,0xC8,0x2C,
  52          0x2F,0x27,0xC3,0x00,0x20,0xE0,0x20,0x20,0x40,0x80,0x08,0x88,0x4F,0x2F,0x2F,0x48,
  53          0x88,0x00,0x00,0x60,0x20,0xE0,0x20,0x60,0x00,0x00,0xC0,0x20,0x20,0x20,0x60,0x00,
C51 COMPILER V9.60.7.0   MAIN                                                              08/17/2024 19:28:11 PAGE 2   

  54          0x00,0x00,0x00,0x00,0x00,0x00,0x00,0x00,0x00,0x00,0x00,0x00,0x00,0x00,0x00,0x00,
  55          0x00,0x00,0x00,0x00,0x00,0x00,0x00,0x00,0x00,0x00,0x00,0x00,0x00,0x00,0x00,0xFF,
  56          0xFF,0x80,0x80,0x80,0x80,0x80,0x80,0x80,0x80,0x80,0x80,0x80,0x80,0x80,0x80,0x80,
  57          0x80,0x80,0x80,0x80,0x80,0x80,0x80,0x80,0x80,0x80,0x80,0x80,0xA0,0xBF,0xA0,0x80,
  58          0x80,0x80,0xB0,0xA8,0xA4,0xA2,0xA1,0x80,0x80,0x9C,0xA3,0xA2,0xA3,0x9C,0x80,0xA0,
  59          0xB8,0xA7,0x87,0xB8,0xA0,0x80,0x80,0x90,0xA0,0xA1,0xA1,0x9E,0x80,0x80,0xB0,0xA8,
  60          0xA4,0xA2,0xA1,0x80,0xA0,0xBF,0xA0,0xA0,0x90,0x8F,0x80,0x8F,0x90,0xA0,0xA0,0x90,
  61          0x8F,0x80,0x80,0x80,0xA0,0xBF,0xA0,0x80,0x80,0x80,0xB0,0xA1,0xA2,0xA2,0x9C,0x80,
  62          0x80,0x80,0x80,0x80,0x80,0x80,0x80,0x80,0x80,0x80,0x80,0x80,0x80,0x80,0x80,0x80,
  63          0x80,0x80,0x80,0x80,0x80,0x80,0x80,0x80,0x80,0x80,0x80,0x80,0x80,0x80,0x80,0xFF
  64          };
  65          code color14[]={/*--  调入了一幅图像：F:\工作\8051\OLED3\12832\中文显示1.bmp  --*/
  66          /*--  宽度x高度=128x32  --*/
  67          0x00,0x20,0xA0,0x78,0x20,0xF8,0x20,0x00,0x00,0x00,0x10,0xF8,0x00,0x00,0x00,0x00,
  68          0xF0,0x08,0x08,0x08,0xF0,0x00,0x00,0x00,0xC0,0xC0,0x00,0x00,0x00,0x00,0xF8,0x88,
  69          0x88,0x88,0xFE,0x88,0x88,0x88,0x88,0xF8,0x00,0x00,0x20,0x10,0xF8,0x06,0x20,0x20,
  70          0x7E,0x90,0x88,0x88,0x84,0xE0,0x00,0x00,0x00,0x00,0x00,0x80,0x7E,0x80,0x00,0x00,
  71          0x00,0x00,0x00,0x00,0x00,0xFE,0x92,0x92,0x92,0xF2,0x92,0x92,0x92,0x9E,0x80,0x80,
  72          0x00,0x00,0x08,0x08,0x08,0xFE,0x08,0x08,0x08,0xFE,0x08,0x08,0x00,0x00,0x20,0x24,
  73          0xA4,0xFC,0xA2,0x22,0x20,0xF8,0x08,0x08,0xF8,0x00,0x00,0x00,0xFE,0x02,0x4A,0x4A,
  74          0xFA,0x4A,0xCA,0x4A,0x02,0xFE,0x00,0x00,0x00,0x00,0x00,0x00,0x00,0x00,0x00,0x00,
  75          0x00,0x02,0x0F,0x02,0x0F,0x02,0x02,0x00,0x00,0x00,0x08,0x0F,0x08,0x00,0x00,0x00,
  76          0x07,0x08,0x08,0x08,0x07,0x00,0x00,0x00,0x0C,0x0C,0x00,0x00,0x00,0x00,0x01,0x00,
  77          0x00,0x00,0x1F,0x00,0x00,0x00,0x00,0x01,0x80,0x00,0x02,0x02,0x02,0x02,0x02,0x1F,
  78          0x02,0x02,0x02,0x02,0x02,0x82,0x00,0x10,0x08,0x84,0x02,0x01,0x00,0x01,0x02,0x04,
  79          0x08,0x18,0x08,0x00,0x00,0x1F,0x10,0x08,0x84,0x00,0x03,0x04,0x08,0x10,0x10,0x1C,
  80          0x00,0x01,0x11,0x09,0x05,0x03,0x01,0x01,0x03,0x05,0x09,0x11,0x01,0x00,0x04,0x03,
  81          0x00,0x1F,0x00,0x01,0x00,0x0F,0x04,0x04,0x07,0x00,0x00,0x00,0x1F,0x0A,0x0A,0x0A,
  82          0x0B,0x0A,0x0A,0x0B,0x0A,0x1F,0x00,0x00,0x00,0x00,0x00,0x00,0x00,0x00,0x00,0x00,
  83          0x00,0x20,0xE0,0x3C,0x20,0xE0,0x3C,0x20,0x00,0x00,0x08,0x08,0xFC,0x00,0x00,0x00,
  84          0x00,0x00,0x38,0x04,0x04,0x04,0xC4,0x38,0x00,0x00,0x00,0x00,0x60,0x60,0x00,0x00,
  85          0x00,0x00,0x00,0xFE,0x04,0x04,0x04,0x04,0xFF,0x04,0x04,0x04,0x04,0xFE,0x04,0x00,
  86          0x00,0x10,0x08,0x04,0xFE,0x01,0x01,0x08,0x88,0x3F,0x44,0x44,0x42,0x43,0x72,0x00,
  87          0x00,0x00,0x00,0x00,0x00,0x00,0x80,0x60,0x1F,0xE1,0x00,0x00,0x00,0x00,0x00,0x00,
  88          0x00,0x00,0x00,0xFF,0x49,0x49,0x49,0x49,0x79,0xC9,0x49,0x49,0x4F,0x40,0x40,0x00,
  89          0x00,0x00,0x08,0x08,0x08,0x08,0xFF,0x08,0x08,0x08,0x08,0xFF,0x08,0x08,0x08,0x00,
  90          0x00,0x00,0x12,0x12,0xD2,0xFE,0x91,0x11,0x11,0x00,0xFC,0x04,0x04,0x04,0xFC,0x00,
  91          0x00,0x02,0x1F,0x02,0x02,0x1F,0x02,0x02,0x00,0x00,0x10,0x10,0x1F,0x10,0x10,0x00,
  92          0x00,0x00,0x18,0x14,0x12,0x11,0x10,0x18,0x00,0x00,0x00,0x00,0x18,0x18,0x00,0x00,
  93          0x00,0x00,0x00,0x03,0x01,0x01,0x01,0x01,0x7F,0x01,0x01,0x01,0x01,0x03,0x00,0x00,
  94          0x00,0x00,0x02,0x02,0x02,0x02,0x02,0x02,0x7F,0x02,0x02,0x02,0x02,0x02,0x02,0x02,
  95          0x00,0x00,0x20,0x10,0x08,0x06,0x01,0x00,0x00,0x00,0x03,0x06,0x0C,0x18,0x30,0x10,
  96          0x00,0x00,0x00,0x7F,0x20,0x10,0x08,0x00,0x00,0x01,0x06,0x08,0x10,0x20,0x78,0x00,
  97          0x00,0x01,0x01,0x41,0x21,0x19,0x0F,0x05,0x01,0x01,0x03,0x05,0x19,0x71,0x21,0x01,
  98          0x00,0x08,0x04,0x03,0x00,0x7F,0x00,0x07,0x02,0x00,0x1F,0x08,0x08,0x08,0x1F,0x00
  99          };
 100          
 101          //-=-=-=-=-=-=-=-=-=-=-=-=-=-=-=-=-=-=-=-=-=-=-=-=-=-=-=-=-=-=-=-=-=-=-=
 102          
 103          void  delay_ms(Uint t)
 104          {
 105   1        Uchar i,j;
 106   1        while(--t)
 107   1        {
 108   2        i=50; 
 109   2        j=100;
 110   2      
 111   2          while(--j)
 112   2            while(--i);
 113   2        }
 114   1      }
 115          void uDelay(Uchar l)
C51 COMPILER V9.60.7.0   MAIN                                                              08/17/2024 19:28:11 PAGE 3   

 116          {
 117   1        while(l--);
 118   1      }
 119          
 120          
 121          void Delay(Uchar n)
 122          {
 123   1      Uchar i,j,k;
 124   1      
 125   1        for(k=0;k<n;k++)
 126   1        {
 127   2          for(i=0;i<131;i++)
 128   2          {
 129   3            for(j=0;j<15;j++)
 130   3            {
 131   4              uDelay(203);  
 132   4            }
 133   3          }
 134   2        }
 135   1      }
 136          
 137          
 138          
 139          //****************************************************************************
 140          //-=-=-=-=-=-=-=-=-=-=-=-=-=-=-=-=-=-=-=-=-=-=-=-=-=-=-=-=-=-=-=-=-=-=-=
 141          //  Read/Write Sequence
 142          //-=-=-=-=-=-=-=-=-=-=-=-=-=-=-=-=-=-=-=-=-=-=-=-=-=-=-=-=-=-=-=-=-=-=-=
 143          void I2C_3(Uchar mcmd)
 144          {
 145   1      Uchar length = 8;     // Send Command
 146   1      
 147   1        while(length--)
 148   1        {
 149   2          if(mcmd & 0x80)
 150   2          {
 151   3            SDA3=1;
*** ERROR C202 IN LINE 151 OF main.c: 'P3_2': undefined identifier
 152   3          }
 153   2          else
 154   2          {
 155   3            SDA3=0;
*** ERROR C202 IN LINE 155 OF main.c: 'P3_2': undefined identifier
 156   3          }
 157   2      //    uDelay(3);
 158   2          SCL3=1;
*** ERROR C202 IN LINE 158 OF main.c: 'P3_1': undefined identifier
 159   2      //    uDelay(3);
 160   2          SCL3=0;
*** ERROR C202 IN LINE 160 OF main.c: 'P3_1': undefined identifier
 161   2      //    uDelay(3);
 162   2          mcmd = mcmd << 1;
 163   2        }
 164   1      }
 165          
 166          
 167          void I2C_Ack3()
 168          {
 169   1        SDA3=1;
*** ERROR C202 IN LINE 169 OF main.c: 'P3_2': undefined identifier
 170   1      //  uDelay(3);
 171   1        SCL3=1;
*** ERROR C202 IN LINE 171 OF main.c: 'P3_1': undefined identifier
C51 COMPILER V9.60.7.0   MAIN                                                              08/17/2024 19:28:11 PAGE 4   

 172   1      //  uDelay(3);
 173   1        SCL3=0;
*** ERROR C202 IN LINE 173 OF main.c: 'P3_1': undefined identifier
 174   1      //  uDelay(3);
 175   1      }
 176          
 177          
 178          void I2C_NAck3()
 179          {
 180   1        SDA3=0;
*** ERROR C202 IN LINE 180 OF main.c: 'P3_2': undefined identifier
 181   1      //  uDelay(3);
 182   1        SCL3=1;
*** ERROR C202 IN LINE 182 OF main.c: 'P3_1': undefined identifier
 183   1      //  uDelay(3);
 184   1        SCL3=0;
*** ERROR C202 IN LINE 184 OF main.c: 'P3_1': undefined identifier
 185   1      //  uDelay(3);
 186   1      }
 187          
 188          
 189          void I2C_Start3()
 190          {
 191   1        SDA3=0;
*** ERROR C202 IN LINE 191 OF main.c: 'P3_2': undefined identifier
 192   1      //  uDelay(3);
 193   1        SCL3=1;
*** ERROR C202 IN LINE 193 OF main.c: 'P3_1': undefined identifier
 194   1      //  uDelay(3);
 195   1        SCL3=0;
*** ERROR C202 IN LINE 195 OF main.c: 'P3_1': undefined identifier
 196   1      //  uDelay(3);
 197   1        I2C_3(0x78);
 198   1        I2C_Ack3();
 199   1      }
 200          
 201          
 202          void I2C_Stop3()
 203          {
 204   1        SCL3=1;
*** ERROR C202 IN LINE 204 OF main.c: 'P3_1': undefined identifier
 205   1      //  uDelay(5);
 206   1        SDA3=0;
*** ERROR C202 IN LINE 206 OF main.c: 'P3_2': undefined identifier
 207   1      //  uDelay(5);
 208   1        SDA3=1;
*** ERROR C202 IN LINE 208 OF main.c: 'P3_2': undefined identifier
 209   1      //  uDelay(5);
 210   1      }
 211          
 212          
 213          void Write_Command3(Uchar Data)
 214          {
 215   1        I2C_Start3();
 216   1        I2C_3(0x00);
 217   1        I2C_Ack3();
 218   1        I2C_3(Data);
 219   1        I2C_Ack3();
 220   1        I2C_Stop3();
 221   1      }
 222          
 223          
C51 COMPILER V9.60.7.0   MAIN                                                              08/17/2024 19:28:11 PAGE 5   

 224          void Write_Data3(Uchar Data)
 225          {
 226   1        I2C_Start3();
 227   1        I2C_3(0x40);
 228   1        I2C_Ack3();
 229   1        I2C_3(Data);
 230   1        I2C_Ack3();
 231   1        I2C_Stop3();
 232   1      }
 233          //-=-=-=-=-=-=-=-=-=-=-=-=-=-=-=-=-=-=-=-=-=-=-=-=-=-=-=-=-=-=-=-=-=-=-=
 234          
 235          void  LCD_Init3(void)
 236          {
 237   1      RES3=0;
*** ERROR C202 IN LINE 237 OF main.c: 'P3_0': undefined identifier
 238   1      //uDelay(2);
 239   1      RES3=1;
*** ERROR C202 IN LINE 239 OF main.c: 'P3_0': undefined identifier
 240   1      //internal setting
 241   1      
 242   1      
 243   1      Write_Command3(0xae); //--turn off oled panel
 244   1      
 245   1      Write_Command3(0x00); //--set low column address
 246   1      Write_Command3(0x10); //--set high column address
 247   1      
 248   1      Write_Command3(0x00); //--set start line address
 249   1      
 250   1      Write_Command3(0xb0); //--set page address
 251   1      
 252   1      Write_Command3(0x81); //--set contrast control register
 253   1      Write_Command3(0xff);
 254   1      
 255   1      Write_Command3(0xa1); //--set segment re-map 127 to 0   a0:0 to seg127
 256   1      Write_Command3(0xa6); //--set normal display
 257   1      
 258   1      Write_Command3(0xc8); //--set com(N-1)to com0  c0:com0 to com(N-1)
 259   1      
 260   1      Write_Command3(0xa8); //--set multiples ratio(1to64)
 261   1      Write_Command3(0x1f); //--1/64 duty
 262   1      
 263   1      Write_Command3(0xd3); //--set display offset
 264   1      Write_Command3(0x00); //--not offset
 265   1      
 266   1      Write_Command3(0xd5); //--set display clock divide ratio/oscillator frequency
 267   1      Write_Command3(0x80); //--set divide ratio
 268   1      
 269   1      Write_Command3(0xd9); //--set pre-charge period
 270   1      Write_Command3(0x04);
 271   1      
 272   1      Write_Command3(0xda); //--set com pins hardware configuration
 273   1      Write_Command3(0x00);
 274   1      
 275   1      Write_Command3(0xdb); //--set vcomh
 276   1      Write_Command3(0x30);
 277   1      
 278   1      Write_Command3(0x8d); //--set chare pump enable/disable
 279   1      Write_Command3(0x14); //--set(0x10) disable
 280   1      //Write_Command3(0x10); //--set(0x10) disable
 281   1      Write_Command3(0xaf); //--turn on oled panel
 282   1      //-=-=-=-=-=-=-=-=-=-=-=-=-=-=-=-=-=-=-=-=-=-=-=-=-=-=-=-=-=-=-=-=-=-=-=void  LCD_Init(void)
 283   1      }
C51 COMPILER V9.60.7.0   MAIN                                                              08/17/2024 19:28:11 PAGE 6   

 284          
 285          
 286          //***********************************************************************
 287          void clr_display3(void)
 288          {
 289   1        Uchar i,j;
 290   1        for(j=0;j<4;j++)
 291   1        {
 292   2          Write_Command3(0x22);//--set page1
 293   2          Write_Command3(j);//--set start page
 294   2          Write_Command3(0x03);//--set end page
 295   2      
 296   2          for(i=0;i<128;i++)              //显示单色数据到LCD
 297   2          {
 298   3            Write_Data3(0x00);
 299   3          }
 300   2        }
 301   1      }
 302                
 303          //-=-=-=-=-=-=-=-=-=-=-=-=-=-=-=-=-=-=-=-=-=-=-=-=-=-=-=-=-=-=-=-=-=-=-=
 304          
 305          //-=-=-=-=-=-=-=-=-=-=-=-=-=-=-=-=-=-=-=-=-=-=-=-=-=-=-=-=-=-=-=-=-=-=-=
 306          void pic13(void)
 307          {
 308   1        Uchar i,j;
 309   1        Uint k;
 310   1        k=0;
 311   1        for(j=0;j<4;j++)
 312   1        {
 313   2          Write_Command3(0x22);//--set page1
 314   2          Write_Command3(j);//--set start page
 315   2          Write_Command3(0x03);//--set end page
 316   2      
 317   2          for(i=0;i<128;i++)              //显示单色数据到LCD
 318   2          {
 319   3            Write_Data3(color13[k]);
 320   3            k=k+1;
 321   3          
 322   3          }
 323   2        }
 324   1      }
 325          
 326          
 327          void pic14(void)
 328          {
 329   1        Uchar i,j;
 330   1        Uint k;
 331   1        k=0;
 332   1        for(j=0;j<4;j++)
 333   1        {
 334   2          Write_Command3(0x22);//--set page1
 335   2          Write_Command3(j);//--set start page
 336   2          Write_Command3(0x03);//--set end page
 337   2      
 338   2          for(i=0;i<128;i++)              //显示单色数据到LCD
 339   2          {
 340   3            Write_Data3(color14[k]);
 341   3            k=k+1;
 342   3          
 343   3          }
 344   2        }
 345   1      }
C51 COMPILER V9.60.7.0   MAIN                                                              08/17/2024 19:28:11 PAGE 7   

 346                
 347          //-=-=-=-=-=-=-=-=-=-=-=-=-=-=-=-=-=-=-=-=-=-=-=-=-=-=-=-=-=-=-=-=-=-=-=
 348          
 349          //-=-=-=-=-=-=-=-=-=-=-=-=-=-=-=-=-=-=-=-=-=-=-=-=-=-=-=-=-=-=-=-=-=-=-=
 350          void main()
 351          {
 352   1      
 353   1        LCD_Init3();
 354   1      
 355   1        while(1)
 356   1      
 357   1        {   
 358   2          pic13();
 359   2          delay_ms(10);
 360   2          pic14();
 361   2          delay_ms(10);
 362   2      
 363   2        }
 364   1      }

C51 COMPILATION COMPLETE.  1 WARNING(S),  18 ERROR(S)
