C51 COMPILER V9.60.7.0   MAIN                                                              04/21/2025 21:43:33 PAGE 1   


C51 COMPILER V9.60.7.0, COMPILATION OF MODULE MAIN
OBJECT MODULE PLACED IN .\Objects\main.obj
COMPILER INVOKED BY: D:\KEIL_STM32\C51\BIN\C51.EXE main.c OPTIMIZE(8,SPEED) BROWSE DEBUG OBJECTEXTEND PRINT(.\Listings\m
                    -ain.lst) OBJECT(.\Objects\main.obj)

line level    source

   1          //YHBO19264-05
   2          //IC:UC1609
   3          //-SPI
   4          #include <reg52.h>
   5          #include <intrins.h>
   6          
   7          sbit CS =P3^4;
   8          sbit RST =P3^2;
   9          sbit CD= P3^3;
  10          sbit SCK =P3^0;
  11          sbit SDA= P3^1;
  12          
  13          #define Uchar unsigned char
  14          #define Uint  unsigned int
  15          #define somenop();_nop_();_nop_();_nop_();_nop_();
  16          
  17          Uchar code clear[]={0x00,0x00,0x00,0x00};
  18          Uchar code black[]={0xff,0xff,0xff,0xff};
  19          Uchar code black2[]={0xAA,0x55,0xAA,0x55};
  20          Uchar code black3[]={0xff,0x00,0xff,0x00};
  21          Uchar code black4[]={0x55,0xAA,0x55,0xAA};
  22          Uchar code pic1[];
  23          
  24          
  25          Uchar code IC[]={
  26          
  27          0xe2,//system reset
  28          
  29          0xa0,//set Frame Rate[A0: 76fps, A1b: 95fps, A2b: 132fps, A3b: 168fps(fps: frame-per-second)] 
  30           
  31          0xeb,//set BR 
  32          0x2f,//set Power Control
  33          
  34          0xc2,//set LCD Mapping Control
  35          0x81,//set PM
  36          160, //set PM 110
  37          0xaf,//display Enable
  38                           };
  39          //----------------------------------------------------------
  40          void Delay(Uint times)
  41            {
  42   1         while(times)
  43   1         {
  44   2          times--;
  45   2         }
  46   1        }
  47          //----------------------------------------------------------
  48          void M_Delay(Uint NOs)
  49            {
  50   1         while(NOs)
  51   1         {
  52   2          Delay(50);
  53   2          NOs--;
  54   2         }
C51 COMPILER V9.60.7.0   MAIN                                                              04/21/2025 21:43:33 PAGE 2   

  55   1        }
  56          
  57          void WriteData(Uchar data1, bit di)
  58          {
  59   1             Uchar i,temp;
  60   1              CS=0;
  61   1                      CD=di;
  62   1                      for(i=0;i<8;i++)
  63   1                          {
  64   2                        SCK=0;
  65   2                        temp=data1;
  66   2                        SDA=(bit)(temp&0x80);
  67   2      
  68   2                        somenop();
  69   2                    SCK=1;
  70   2                temp=data1<<1;
  71   2                    data1=temp;
  72   2                           }
  73   1              CS=1;
  74   1                      CD=~di;
  75   1      }
  76          
  77          //----------------------------------------------------------
  78          void Init_lcd(void)
  79            {
  80   1         int i;
  81   1         RST=0;
  82   1         Delay(200);
  83   1         RST=1;
  84   1         Delay(50000);
  85   1         for(i=0;i<8;i++)
  86   1         {
  87   2          WriteData(IC[i],0);
  88   2         }
  89   1        }
  90          
  91          //----------------------------------------------------------
  92          void Displine(Uchar array[])
  93            {
  94   1         Uint i,j,k;
  95   1         for(i=0;i<9;i++)
  96   1         {
  97   2      
  98   2          WriteData(0x40,0);  //set scroll line
  99   2          WriteData(0xb0|i,0);//set page address
 100   2          WriteData(0x10,0);  //column  msb
 101   2          WriteData(0x00,0);  //column  lsb
 102   2          for(j=0;j<48;j++)
 103   2          for(k=0;k<4;k++)
 104   2          {
 105   3           WriteData(array[k],1);
 106   3          }
 107   2         }
 108   1        }
 109          
 110          //----------------------------------------------------------
 111          
 112          void Dispgraphic(Uchar *p)
 113              {
 114   1                 Uchar i,j;
 115   1      
 116   1                         for(i=0;i<8;i++)
C51 COMPILER V9.60.7.0   MAIN                                                              04/21/2025 21:43:33 PAGE 3   

 117   1                         {
 118   2                                  WriteData(0x40,0);
 119   2                                  WriteData(0xb0|i,0);
 120   2                                  WriteData(0x10,0);
 121   2                                  WriteData(0x00,0);
 122   2                                  for(j=0;j<192;j++)
 123   2                                          {
 124   3                                           WriteData(p[i*192+j],1);
 125   3                                       }
 126   2                 }
 127   1      
 128   1        }
 129           void main(void)
 130            {
 131   1         Init_lcd();
 132   1         Displine(clear);
 133   1         while(1)
 134   1      
 135   1         {
 136   2      
 137   2              Displine(black);
 138   2              M_Delay(1500);
 139   2      //      Displine(black2);
 140   2      //      M_Delay(1500);
 141   2      //      Displine(black3);
 142   2      //      M_Delay(1500);
 143   2      //      Displine(black4);
 144   2      //      M_Delay(1500);
 145   2      
 146   2              Dispgraphic(pic1);
 147   2              M_Delay(1500);
 148   2         }
 149   1        }
 150          
 151          Uchar code pic1[]={
 152          //--  调入了一幅图像：19264_LOGO.bmp  --
 153          /*--  调入了一幅图像：C:\Users\Lenovo\Desktop\19264-05.bmp  --*/
 154          /*--  宽度x高度=192x64  --*/
 155          0xFF,0xFF,0x0F,0x07,0x03,0x03,0x03,0x03,0x03,0x03,0x03,0x03,0x03,0x03,0x03,0x03,
 156          0x03,0x03,0x03,0x03,0x03,0x03,0x03,0x03,0x03,0x83,0x83,0x83,0x83,0x03,0x03,0x03,
 157          0x03,0x03,0x03,0x03,0x03,0x03,0x03,0x03,0xC3,0xC3,0x03,0x03,0x03,0x03,0x03,0x03,
 158          0x03,0x03,0x03,0x03,0x03,0x03,0x03,0x03,0x03,0x03,0x03,0x03,0x03,0x03,0x03,0x03,
 159          0x03,0x03,0x03,0x03,0x03,0x03,0x03,0x03,0x03,0x43,0x43,0xC3,0xC3,0x03,0x03,0x03,
 160          0x03,0x03,0x03,0x03,0x03,0x03,0x03,0x83,0x83,0x83,0x83,0x83,0x83,0x03,0x03,0x03,
 161          0x03,0x03,0x03,0x03,0x03,0x03,0x03,0x03,0x03,0x03,0x03,0x03,0x43,0xC3,0xC3,0x03,
 162          0x03,0x03,0x03,0x03,0x03,0x03,0x03,0x03,0x03,0x03,0x03,0x03,0x03,0x03,0x03,0x03,
 163          0x03,0x43,0x43,0xC3,0xC3,0x03,0x03,0x03,0x03,0x03,0x03,0x03,0x03,0x03,0x03,0x03,
 164          0x03,0x03,0x03,0x03,0x03,0x03,0x03,0x03,0x03,0x03,0x03,0x03,0x03,0x03,0x03,0x03,
 165          0x03,0x03,0x03,0x03,0x03,0x03,0x03,0x03,0x03,0x03,0x03,0x03,0x03,0x03,0x03,0x03,
 166          0x03,0x03,0x03,0x03,0x03,0x03,0x03,0x03,0x03,0x03,0x03,0x03,0x07,0x0F,0xFF,0xFF,
 167          0xFF,0xFF,0x00,0x00,0x00,0x00,0x00,0x00,0x00,0x00,0x00,0x00,0x00,0x00,0x00,0x00,
 168          0x00,0x00,0x00,0x00,0x00,0x00,0x00,0x00,0x3F,0x7F,0x40,0x40,0x7F,0x3F,0x00,0x44,
 169          0x7C,0x7C,0x4C,0x04,0x04,0x00,0x00,0x44,0x7C,0x7C,0x40,0x00,0x00,0x00,0x38,0x7C,
 170          0x54,0x5C,0x58,0x00,0x44,0x7C,0x7C,0x44,0x7C,0x78,0x40,0x00,0x04,0x7F,0x7F,0x44,
 171          0x44,0x00,0x00,0x28,0x7C,0x54,0x7C,0x78,0x40,0x40,0x40,0x7F,0x7F,0x40,0x40,0x00,
 172          0x00,0x00,0x00,0x00,0x00,0x00,0x00,0x01,0x41,0x7F,0x7F,0x41,0x01,0x00,0x00,0x38,
 173          0x7C,0x54,0x5C,0x58,0x00,0x00,0x38,0x7C,0x44,0x6C,0x2C,0x00,0x40,0x7F,0x7F,0x44,
 174          0x7C,0x78,0x40,0x44,0x7C,0x7C,0x44,0x7C,0x78,0x40,0x00,0x38,0x7C,0x44,0x7C,0x38,
 175          0x00,0x40,0x40,0x7F,0x7F,0x40,0x40,0x00,0x00,0x38,0x7C,0x44,0x7C,0x38,0x00,0x00,
 176          0xA8,0xFC,0x54,0x5C,0xCC,0x84,0x04,0x1C,0xBC,0xE0,0x7C,0x1C,0x04,0x00,0x00,0x00,
 177          0x00,0x00,0x00,0x00,0x00,0x00,0x00,0x00,0x00,0x00,0x00,0x00,0x00,0x00,0x00,0x00,
 178          0x00,0x00,0x00,0x00,0x00,0x00,0x00,0x00,0x00,0x00,0x00,0x00,0x00,0x00,0xFF,0xFF,
C51 COMPILER V9.60.7.0   MAIN                                                              04/21/2025 21:43:33 PAGE 4   

 179          0xFF,0xFF,0x00,0x00,0x00,0x00,0x00,0x00,0x00,0x00,0x00,0x00,0x00,0x00,0x00,0x00,
 180          0x00,0x00,0x00,0x00,0x00,0x00,0x00,0x00,0x00,0x00,0x00,0x00,0x00,0x00,0x00,0x00,
 181          0x00,0x00,0x00,0x00,0x00,0x00,0x00,0x00,0x00,0x00,0x00,0x00,0x00,0x00,0x00,0x00,
 182          0x00,0x00,0x00,0x00,0x00,0x00,0x00,0x00,0x00,0x00,0x00,0x00,0x00,0x00,0x00,0x00,
 183          0x00,0x00,0x00,0x00,0x00,0x00,0x00,0x00,0x00,0x00,0x00,0x00,0x00,0x00,0x00,0x00,
 184          0x00,0x00,0x00,0x00,0x00,0x00,0x00,0x00,0x00,0x00,0x00,0x00,0x00,0x00,0x00,0x00,
 185          0x00,0x00,0x00,0x00,0x00,0x00,0x00,0x00,0x00,0x00,0x00,0x00,0x00,0x00,0x00,0x00,
 186          0x00,0x00,0x00,0x00,0x00,0x00,0x00,0x00,0x00,0x00,0x00,0x00,0x00,0x00,0x00,0x00,
 187          0x00,0x00,0x00,0x00,0x00,0x00,0x00,0x00,0x00,0x00,0x00,0x00,0x00,0x00,0x00,0x00,
 188          0x00,0x01,0x01,0x01,0x01,0x00,0x01,0x01,0x01,0x00,0x00,0x00,0x00,0x00,0x00,0x00,
 189          0x00,0x00,0x00,0x00,0x00,0x00,0x00,0x00,0x00,0x00,0x00,0x00,0x00,0x00,0x00,0x00,
 190          0x00,0x00,0x00,0x00,0x00,0x00,0x00,0x00,0x00,0x00,0x00,0x00,0x00,0x00,0xFF,0xFF,
 191          0xFF,0xFF,0x00,0x00,0x00,0x00,0x00,0x00,0x00,0x10,0xF0,0xF0,0x00,0x00,0xF0,0xF0,
 192          0x10,0x10,0xF0,0xF0,0x00,0x00,0xF0,0xF0,0x10,0x10,0xF0,0xF0,0x00,0x00,0xF0,0xF0,
 193          0x10,0x00,0x00,0x00,0x00,0x00,0x00,0x00,0x00,0x00,0xE0,0xF0,0x10,0x10,0xF0,0xE0,
 194          0x00,0x10,0x10,0xF0,0xF0,0x30,0x10,0x10,0x00,0x00,0x10,0x10,0xF3,0xF3,0x00,0x00,
 195          0x00,0x00,0xE0,0xF0,0x50,0x50,0x70,0x60,0x00,0x10,0xF0,0xF0,0x30,0x10,0xF0,0xE0,
 196          0x00,0x00,0x10,0x10,0xFC,0xFC,0x10,0x10,0x00,0x00,0x20,0xB0,0xD0,0x50,0xF0,0xE0,
 197          0x00,0x00,0x01,0x01,0xFF,0xFF,0x00,0x00,0x00,0x20,0x20,0x20,0x20,0x20,0x20,0x20,
 198          0x20,0x00,0x01,0x01,0xFF,0xFF,0x00,0x00,0x00,0x00,0xE0,0xF0,0x10,0x10,0x30,0x30,
 199          0x00,0x00,0xE0,0xF0,0x10,0x11,0xFF,0xFF,0x00,0x00,0x00,0x00,0x00,0x00,0x00,0x00,
 200          0x00,0x00,0xE0,0xF0,0x10,0x10,0x30,0x30,0x00,0x00,0xE0,0xF0,0x10,0x10,0xF0,0xE0,
 201          0x00,0x10,0xF0,0xF0,0xF0,0xF0,0xF0,0xE0,0x00,0x00,0x00,0x00,0x00,0x00,0x00,0x00,
 202          0x00,0x00,0x00,0x00,0x00,0x00,0x00,0x00,0x00,0x00,0x00,0x00,0x00,0x00,0xFF,0xFF,
 203          0xFF,0xFF,0x00,0x00,0x00,0x00,0x00,0x00,0x00,0x00,0x00,0x03,0x03,0x03,0x03,0x00,
 204          0x00,0x00,0x00,0x03,0x03,0x03,0x03,0x00,0x00,0x00,0x00,0x03,0x03,0x03,0x03,0x00,
 205          0x00,0x00,0x03,0x03,0x03,0x00,0x00,0x00,0x00,0x00,0x01,0x03,0x02,0x02,0x03,0x01,
 206          0x00,0x02,0x02,0x03,0x03,0x02,0x02,0x00,0x00,0x00,0x02,0x02,0x03,0x03,0x02,0x02,
 207          0x00,0x00,0x01,0x03,0x02,0x02,0x03,0x01,0x00,0x02,0x03,0x03,0x02,0x02,0x03,0x03,
 208          0x02,0x00,0x00,0x00,0x03,0x03,0x02,0x02,0x00,0x00,0x01,0x03,0x02,0x02,0x03,0x03,
 209          0x02,0x00,0x02,0x02,0x03,0x03,0x02,0x02,0x00,0x00,0x00,0x00,0x00,0x00,0x00,0x00,
 210          0x00,0x00,0x02,0x02,0x03,0x03,0x02,0x02,0x00,0x00,0x01,0x03,0x02,0x02,0x03,0x01,
 211          0x00,0x00,0x01,0x03,0x02,0x02,0x03,0x03,0x02,0x00,0x03,0x03,0x03,0x00,0x00,0x00,
 212          0x00,0x00,0x01,0x03,0x02,0x02,0x03,0x01,0x00,0x00,0x01,0x03,0x02,0x02,0x03,0x01,
 213          0x00,0x02,0x03,0x03,0x03,0x03,0x03,0x03,0x02,0x00,0x00,0x00,0x00,0x00,0x00,0x00,
 214          0x00,0x00,0x00,0x00,0x00,0x00,0x00,0x00,0x00,0x00,0x00,0x00,0x00,0x00,0xFF,0xFF,
 215          0xFF,0xFF,0x00,0x00,0x00,0x00,0x00,0x00,0x00,0x00,0x00,0x20,0xE0,0xE0,0x20,0x20,
 216          0x60,0xC0,0x80,0x00,0x80,0xC0,0x60,0x20,0x20,0x60,0xC0,0x80,0x00,0x60,0x60,0x20,
 217          0xE0,0xE0,0x20,0x60,0x60,0x00,0x00,0xC0,0xE0,0x20,0x20,0x20,0xE0,0xE0,0x00,0x00,
 218          0x00,0x00,0x00,0x00,0x00,0x00,0x00,0x00,0x00,0x00,0x40,0x40,0xE0,0xE0,0x00,0x00,
 219          0x00,0x00,0xC0,0xE0,0x20,0x20,0x60,0xC0,0x80,0x00,0x00,0xC0,0xE0,0x20,0x20,0x20,
 220          0xE0,0xC0,0x00,0x00,0x00,0x00,0x00,0x00,0x00,0x00,0x00,0x00,0x00,0x80,0xC0,0x60,
 221          0x20,0x60,0x40,0x00,0x00,0x00,0x00,0x00,0x00,0xC0,0xE0,0xE0,0x00,0x00,0x00,0xC0,
 222          0xE0,0x20,0x20,0x20,0xE0,0xE0,0x00,0x80,0xC0,0x60,0x20,0x20,0x60,0xC0,0x80,0x00,
 223          0x00,0xC0,0xE0,0x20,0x20,0xE0,0xE0,0x00,0x00,0x00,0x00,0x00,0x00,0x00,0xE0,0xF0,
 224          0x10,0x00,0x00,0xC0,0xE0,0x20,0x20,0x20,0xE0,0xE0,0x00,0x20,0xE0,0xE0,0x20,0x20,
 225          0x20,0xE0,0xC0,0x00,0x00,0x20,0x20,0xE0,0xE0,0x20,0x20,0x00,0x00,0x00,0x00,0x00,
 226          0x00,0x00,0x00,0x00,0x00,0x00,0x00,0x00,0x00,0x00,0x00,0x00,0x00,0x00,0xFF,0xFF,
 227          0xFF,0xFF,0x00,0x00,0x00,0x00,0x00,0x00,0x00,0x00,0x00,0x80,0xFF,0xFF,0x80,0x80,
 228          0xC0,0x7F,0x3F,0x00,0x3F,0x7F,0xC0,0x80,0x80,0xC0,0x7F,0x3F,0x00,0x00,0x00,0x80,
 229          0xFF,0xFF,0x80,0x00,0x00,0x00,0x00,0xE1,0xE3,0x86,0x84,0x8C,0xF8,0x70,0x00,0x00,
 230          0x00,0x00,0xC3,0xC3,0xC3,0x00,0x00,0x00,0x00,0x00,0x80,0x80,0xFF,0xFF,0x80,0x80,
 231          0x00,0x00,0x07,0x4F,0xC8,0x88,0xCC,0x7F,0x3F,0x00,0x00,0xC1,0xE1,0xB0,0x98,0x8C,
 232          0xC7,0xC3,0x00,0x00,0x82,0xC6,0xFE,0xBA,0xFE,0xC6,0x82,0x00,0x00,0x3F,0x7F,0xC6,
 233          0x82,0x82,0xFE,0x7C,0x00,0x00,0x18,0x1E,0x97,0x91,0xFF,0xFF,0x90,0x90,0x1F,0x7F,
 234          0xE0,0x80,0x80,0xC0,0x60,0x20,0x00,0x3F,0x7F,0xC0,0x80,0x80,0xC0,0x7F,0x3F,0x00,
 235          0x1F,0x7F,0xE0,0x80,0x88,0xF8,0x78,0x08,0x00,0x00,0x80,0xE0,0x7C,0x1F,0x03,0x00,
 236          0x00,0x00,0x00,0xE1,0xE3,0x86,0x84,0x8C,0xF8,0x70,0x00,0x80,0xFF,0xFF,0x84,0x04,
 237          0x04,0x07,0x03,0x00,0x00,0x80,0x80,0xFF,0xFF,0x80,0x80,0x00,0x00,0x00,0x00,0x00,
 238          0x00,0x00,0x00,0x00,0x00,0x00,0x00,0x00,0x00,0x00,0x00,0x00,0x00,0x00,0xFF,0xFF,
 239          0xFF,0xFF,0xF0,0xE0,0xC0,0xC0,0xC0,0xC0,0xC0,0xC0,0xC0,0xC0,0xC0,0xC0,0xC0,0xC0,
 240          0xC0,0xC0,0xC0,0xC0,0xC0,0xC0,0xC0,0xC0,0xC0,0xC0,0xC0,0xC0,0xC0,0xC0,0xC0,0xC0,
C51 COMPILER V9.60.7.0   MAIN                                                              04/21/2025 21:43:33 PAGE 5   

 241          0xC0,0xC0,0xC0,0xC0,0xC0,0xC0,0xC0,0xC0,0xC0,0xC0,0xC0,0xC0,0xC0,0xC0,0xC0,0xC0,
 242          0xC0,0xC0,0xC0,0xC0,0xC0,0xC0,0xC0,0xC0,0xC0,0xC0,0xC0,0xC0,0xC0,0xC0,0xC0,0xC0,
 243          0xC0,0xC0,0xC0,0xC0,0xC0,0xC0,0xC0,0xC0,0xC0,0xC0,0xC0,0xC0,0xC0,0xC0,0xC0,0xC0,
 244          0xC0,0xC0,0xC0,0xC0,0xC0,0xC0,0xC0,0xC0,0xC0,0xC0,0xC0,0xC0,0xC0,0xC0,0xC0,0xC0,
 245          0xC0,0xC0,0xC0,0xC0,0xC0,0xC0,0xC0,0xC0,0xC0,0xC0,0xC0,0xC0,0xC0,0xC0,0xC0,0xC0,
 246          0xC0,0xC0,0xC0,0xC0,0xC0,0xC0,0xC0,0xC0,0xC0,0xC0,0xC0,0xC0,0xC0,0xC0,0xC0,0xC0,
 247          0xC0,0xC0,0xC0,0xC0,0xC0,0xC0,0xC0,0xC0,0xC0,0xC0,0xC1,0xC1,0xC0,0xC0,0xC0,0xC0,
 248          0xC0,0xC0,0xC0,0xC0,0xC0,0xC0,0xC0,0xC0,0xC0,0xC0,0xC0,0xC0,0xC0,0xC0,0xC0,0xC0,
 249          0xC0,0xC0,0xC0,0xC0,0xC0,0xC0,0xC0,0xC0,0xC0,0xC0,0xC0,0xC0,0xC0,0xC0,0xC0,0xC0,
 250          0xC0,0xC0,0xC0,0xC0,0xC0,0xC0,0xC0,0xC0,0xC0,0xC0,0xC0,0xC0,0xE0,0xF0,0xFF,0xFF,
 251          };


MODULE INFORMATION:   STATIC OVERLAYABLE
   CODE SIZE        =    375    ----
   CONSTANT SIZE    =   1564    ----
   XDATA SIZE       =   ----    ----
   PDATA SIZE       =   ----    ----
   DATA SIZE        =   ----      13
   IDATA SIZE       =   ----    ----
   BIT SIZE         =   ----       1
END OF MODULE INFORMATION.


C51 COMPILATION COMPLETE.  0 WARNING(S),  0 ERROR(S)
