C51 COMPILER V9.60.7.0   LCD2004                                                           08/26/2025 18:46:25 PAGE 1   


C51 COMPILER V9.60.7.0, COMPILATION OF MODULE LCD2004
OBJECT MODULE PLACED IN .\Objects\lcd2004.obj
COMPILER INVOKED BY: D:\KEIL_STM32\C51\BIN\C51.EXE lcd2004.c COMPACT OPTIMIZE(8,SPEED) BROWSE DEBUG OBJECTEXTEND PRINT(.
                    -\Listings\lcd2004.lst) OBJECT(.\Objects\lcd2004.obj)

line level    source

   1          #include "LCD2004.h"
   2          #include <REGX52.H>
   3          
   4          sbit LCD_RS = P3^0; 
   5          sbit LCD_RW = P3^1;
   6          sbit LCD_EN = P3^2;
   7          sbit   KEY1  =P2^0;     
   8          
   9          
  10          
  11          
  12          unsigned int ReadKey1() // 按键检测函数
  13          {
  14   1          if (KEY1 == 0) 
  15   1              {  // 按键被按下
  16   2              Delay(1);  // 简单的去抖动处理
  17   2              if (KEY1 == 0) 
  18   2                      {  // 检查按键是否仍然按下
  19   3                  while (KEY1 == 0);  // 等待按键释放
  20   3                  return 1;  // 返回按键被按下
  21   3              }
  22   2          }
  23   1          return 0;  // 按键没有被按下
  24   1      }
  25          
  26          
  27          void  Delay(xms)        //@12.000MHz
  28          {
  29   1      while(xms--){
  30   2              unsigned char data i, j;
  31   2      
  32   2              i = 12;
  33   2              j = 169;
  34   2              do
  35   2              {
  36   3                      while (--j);
  37   3              } while (--i);
  38   2      }
  39   1              }
  40          
  41          void Busy()
  42          {
  43   1              unsigned char temp;
  44   1              LCD_DataPort=0xff;
  45   1              LCD_RS=0;//RW=1,RS=0读状态
  46   1              LCD_RW=1;
  47   1              do{
  48   2                      LCD_EN=1;
  49   2                      temp=LCD_DataPort;
  50   2                      LCD_EN=0;
  51   2              }while(temp&0x80);}/*对控制器每次进行读写操作之前， 
  52                                                    都必须进行读写检测，确保STA7为0*/
  53          
  54          /**
C51 COMPILER V9.60.7.0   LCD2004                                                           08/26/2025 18:46:25 PAGE 2   

  55            * @brief  LCD2004写命令
  56            * @param  Command 要写入的命令
  57            * @retval 无
  58            */
  59          void LCD_WriteCommand(unsigned char Command) 
  60          {
  61   1              Busy();
  62   1          LCD_RS = 0; // 选择为指令，1为数据，0为指令
  63   1          LCD_RW = 0; // 选择为写， 1为读，0为写
  64   1          LCD_DataPort = Command; // 写入指令的内容
  65   1          LCD_EN = 1;   // 使能脚E先上升沿写入
  66   1          Delay(0.1);
  67   1          LCD_EN = 0;   // 使能脚E后负跳变完成写入
  68   1      }
  69          
  70          
  71          /**
  72            * @brief  LCD2004写数据
  73            * @param  Data 要写入的数据,搭配LCD_SetCursor()光标使用。
  74            * @retval 无
  75            */
  76          void LCD_WriteData(unsigned char Data) 
  77          {
  78   1              Busy();
  79   1          LCD_RS = 1; // 选择为数据，1为数据，0为指令
  80   1          LCD_RW = 0; // 选择为写， 1为读，0为写
  81   1          LCD_DataPort = Data; // 写入指数据的内容
  82   1          LCD_EN = 1;   // 使能脚E先上升沿写入
  83   1          Delay(0.1);
  84   1          LCD_EN = 0;   // 使能脚E后负跳变完成写入
  85   1        
  86   1      }
  87          
  88          /**
  89            * @brief  LCD2004读数据
  90            * @param  Data 要写入的数据,搭配LCD_SetCursor()光标使用。
  91            * @retval 无
  92            */
  93          void LCD_ReadData(unsigned char Data) 
  94          {
  95   1              Busy();
  96   1          LCD_RS = 1; // 选择为数据，1为数据，0为指令
  97   1          LCD_RW = 1; // 选择为写， 1为读，0为写
  98   1              LCD_EN = 1;   // 使能脚E先上升沿写入
  99   1              Delay(0.1);
 100   1          LCD_DataPort = Data; // 写入指数据的内容
 101   1          LCD_EN = 0;   // 使能脚E后负跳变完成写入
 102   1      }
 103          
 104          
 105          /**
 106            * @brief  LCD2004初始化函数
 107            * @param  无
 108            * @retval 无
 109            */
 110          void LCD_Init() 
 111          {
 112   1          LCD_WriteCommand(0x38); // 设置20×4显示,5X7点阵,8位数据接口 
 113   1          LCD_WriteCommand(0x0c); // 显示开,光标关,闪烁关
 114   1              //LCD_WriteCommand(0x0f);//显示开,光标开.闪烁开
 115   1          LCD_WriteCommand(0x06); // 当读或写一个字符后地址指针加一,不移动
 116   1          LCD_WriteCommand(0x01); // 光标复位，清屏
C51 COMPILER V9.60.7.0   LCD2004                                                           08/26/2025 18:46:25 PAGE 3   

 117   1              Delay(0.1); 
 118   1      
 119   1      }
 120          
 121          /**
 122            * @brief  LCD2004清屏
 123            * @param  无
 124            * @retval 无
 125            */
 126          void LCD_Clear() 
 127          {
 128   1          Busy();
 129   1          LCD_WriteCommand(0x01);
 130   1              Delay(0.1);           // 等待清屏完成
 131   1      }
 132          
 133          /**
 134            * @brief  LCD2004设置光标位置
 135            * @param  Line 行位置，范围：1~4
 136            * @param  Column 列位置，范围：1~20
 137            * @retval 无
 138            */
 139          void LCD_SetCursor(unsigned int Line, unsigned int Column) 
 140          {
 141   1          // 确保列值在0-19之间
 142   1          if (Column >= 20) Column = 0;
 143   1          // 确保行值在0-3之间
 144   1          Line &= 0x03;  // 限制 Y 位置在 0 到 3 之间
 145   1              
 146   1              
 147   1          if (Line == 0) 
 148   1          {
 149   2              LCD_WriteCommand(0x80 | Column);  // 第一行
 150   2          } 
 151   1          else if (Line == 1) 
 152   1          {
 153   2              LCD_WriteCommand(0xC0 | Column);  // 第二行
 154   2          } 
 155   1          else if (Line == 2) 
 156   1          {
 157   2              LCD_WriteCommand(0x80 | (Column + 20));  // 第三行
 158   2          } 
 159   1          else 
 160   1          {
 161   2              LCD_WriteCommand(0xC0 | (Column + 20));  // 第四行
 162   2          }
 163   1      }
 164                  
 165          unsigned char LCD_Readdata(void)               //读数据子程序
 166          {   unsigned char d;
 167   1          Busy();                       //HD44780液晶显示控制器忙检测
 168   1          LCD_DataPort=0xff;
 169   1          LCD_RS=1;                             //RS=1 RW=1 E=高电平
 170   1          LCD_RW=1;
 171   1          LCD_EN=1;
 172   1          Delay(0.005);
 173   1          d=LCD_DataPort;
 174   1          LCD_EN=0;
 175   1          return d;
 176   1      }
 177          
 178          
C51 COMPILER V9.60.7.0   LCD2004                                                           08/26/2025 18:46:25 PAGE 4   

 179          // 
 180          /**
 181           * @brief  显示字符函数
 182           * @param  Line0-3行 Column 0-19列 i字符
 183           * @retval
 184           */
 185          void LCD_USER_ShowString(unsigned char Line, unsigned char Column, unsigned char  i) 
 186          {                       
 187   1              LCD_SetCursor(Line, Column); // 光标
 188   1              LCD_WriteData(i);
 189   1      }
 190          
 191          /**
 192           * @brief LCD2004显示字符串
 193           * @param Line 0-4行 Column 0-19列 *String 输入字符""
 194           * @retval 无
 195           */
 196          void LCD_ShowString(unsigned char Line, unsigned char Column, char *String) 
 197          {       unsigned char i;                
 198   1              LCD_SetCursor(Line, Column);
 199   1          for (i = 0; String[i] != '\0'; i++) 
 200   1              {
 201   2            LCD_WriteData(String[i]);
 202   2          }
 203   1      }
 204          
 205          //每次写入的字符 a 是递增的
 206          void write_CGROM(unsigned char a)
 207          {
 208   1          unsigned char j;
 209   1          LCD_WriteCommand(0x02);  // 光标归位命令 (光标位置回到初始位置，通常是DDRAM的起始地址)
 210   1          Delay(1);                // 延时一段时间，确保命令有效
 211   1          LCD_WriteCommand(0x80);  // 设置光标到第1行的起始地址 (0x80对应DDRAM的第1行起始地址)
 212   1          
 213   1          // 向第1行写入40个字符数据
 214   1          for (j = 0; j < 40; j++) 
 215   1          {
 216   2              LCD_WriteData(a);    // 向LCD写入数据 'a'
 217   2              a += 1;              // 自增'a'，以便下一个字符是'a'的下一个值
 218   2          }
 219   1      
 220   1          LCD_WriteCommand(0xC0);  // 设置光标到第2行的起始地址 (0xC0对应DDRAM的第2行起始地址)
 221   1          
 222   1          // 向第2行写入40个字符数据
 223   1          for (j = 0; j < 40; j++) 
 224   1          {
 225   2              LCD_WriteData(a);    // 向LCD写入数据 'a'
 226   2              a += 1;              // 自增'a'，同样依次写入下一个字符
 227   2          }
 228   1          
 229   1          Delay(1);                // 再次延时，确保数据全部写入
 230   1      }
 231          
 232          /**
 233           * @brief  全屏显示HD44780 内置字符
 234           * @param  Line 0-3  Column 0-19  输入16进制0X...
 235           * @retval 无
 236           */
 237          void Write_DDRAM(unsigned char a)
 238          {
 239   1          unsigned char j;
 240   1          
C51 COMPILER V9.60.7.0   LCD2004                                                           08/26/2025 18:46:25 PAGE 5   

 241   1          LCD_WriteCommand(0x02);  // 光标归位命令 (光标位置回到初始位置，通常是DDRAM的起始地址)
 242   1          Delay(1);               // 延时10个单位 (比之前的延时长)
 243   1      
 244   1          LCD_WriteCommand(0x80);  // 设置光标到第1行的起始地址 (0x80对应DDRAM的第1行起始地址)
 245   1          
 246   1          // 向第1行写入40个相同的字符
 247   1          for (j = 0; j < 40; j++) 
 248   1          {
 249   2              LCD_WriteData(a);    // 将字符 'a' 写入 LCD 显示数据存储器
 250   2          }
 251   1      
 252   1          LCD_WriteCommand(0xC0);  // 设置光标到第2行的起始地址 (0xC0对应DDRAM的第2行起始地址)
 253   1          
 254   1          // 向第2行写入40个相同的字符
 255   1          for (j = 0; j < 40; j++) 
 256   1          {
 257   2              LCD_WriteData(a);    // 将字符 'a' 写入 LCD 显示数据存储器
 258   2          }
 259   1          
 260   1          Delay(1);                // 延时，确保数据完全写入
 261   1      }
 262          
 263          
 264          // 向 LCD 的 CGRAM 写入自定义字符数据
 265          void Write_CGRAM(unsigned char a[])
 266          {
 267   1          unsigned char k;
 268   1          
 269   1          // 发送命令 0x40，选择 CGRAM 地址
 270   1          LCD_WriteCommand(0x40); 
 271   1          
 272   1          // 将自定义字符数据写入 CGRAM
 273   1          for(k = 0; k < 10; k++)
 274   1          {
 275   2              LCD_WriteData(a[k]);  // 写入字符数据
 276   2          }
 277   1      }
 278          
 279          void displayCustomCharacter1(const unsigned char pattern[8]) 
 280          {
 281   1          unsigned char row, col;
 282   1      
 283   1          // 将自定义字符数组写入CGRAM
 284   1          Write_CGRAM(pattern);
 285   1      
 286   1          // 遍历LCD的每一行和每一列，显示自定义字符
 287   1          for (row = 0; row < 4; row++) 
 288   1          {
 289   2              for (col = 0; col < 20; col++) 
 290   2              {
 291   3                  // 针对LCD2004的行起始地址做出修正
 292   3                  unsigned char position;
 293   3                  if (row == 0) 
 294   3                  {
 295   4                      position = 0x80 + col;   // 第1行地址 0x80 起始
 296   4                  } 
 297   3                  else if (row == 1)
 298   3                  {
 299   4                      position = 0xC0 + col;   // 第2行地址 0xC0 起始
 300   4                  } 
 301   3                  else if (row == 2) 
 302   3                  {
C51 COMPILER V9.60.7.0   LCD2004                                                           08/26/2025 18:46:25 PAGE 6   

 303   4                      position = 0x94 + col;   // 第3行地址 0x94 起始
 304   4                  } 
 305   3                  else 
 306   3                  {
 307   4                      position = 0xD4 + col;   // 第4行地址 0xD4 起始
 308   4                  }
 309   3      
 310   3                  // 设置光标位置并显示自定义字符
 311   3                  LCD_WriteCommand(position);
 312   3                  LCD_WriteData(0x00);  // 显示存储在CGRAM中的第一个自定义字符
 313   3              }
 314   2          }
 315   1      }
 316          
 317          //unsigned char data pattern1[8] = {0x15, 0x0A, 0x15, 0x0A, 0x15, 0x0A, 0x15}; 
 318          //unsigned char data pattern2[8] = {0x0A, 0x15, 0x0A, 0x15, 0x0A, 0x15, 0x0A};  
 319          //unsigned char data pattern3[8] = {0x15, 0x15, 0x15, 0x15, 0x15, 0x15, 0x15, 0x15}; 
 320          //unsigned char data pattern4[8] = {0x0A, 0x0A, 0x0A, 0x0A, 0x0A, 0x0A, 0x0A, 0x0A}; 
 321          //unsigned char data pattern5[8] = {0x1F, 0x00, 0x1F, 0x00, 0x1F, 0x00, 0x1F, 0x00}; 
 322          //unsigned char data pattern6[8] = {0x00, 0x1F, 0x00, 0x1F, 0x00, 0x1F, 0x00, 0x1F};    
 323          //unsigned char data pattern7[8] = {0x00, 0x15, 0x00, 0x15, 0x00, 0x15, 0x00, 0x15}; 
 324          //void HandleKey() 
 325          //{
 326          //      unsigned char mode;
 327          //      
 328          //              if (ReadKey1()) 
 329          //        {  
 330          //              LCD_Clear();
 331          //              mode++;
 332          //              mode %= 8;                      
 333          //              switch (mode) 
 334          //        {
 335          //        case 0:            
 336          //                      displayCustomCharacter1(pattern1); 
 337          //            break;
 338          //        case 1:
 339          //            displayCustomCharacter1(pattern2);  
 340          //            break;
 341          //        case 2:
 342          //            displayCustomCharacter1(pattern3); 
 343          //            break;
 344          //        case 3:
 345          //           displayCustomCharacter1(pattern4);  
 346          //            break;
 347          //        case 4:
 348          //            displayCustomCharacter1(pattern5);  
 349          //            break;
 350          //        case 5:
 351          //            displayCustomCharacter1(pattern6);  
 352          //            break;
 353          //              case 6:
 354          //                      displayCustomCharacter1(pattern7);
 355          //                      break;
 356          //              case 7:
 357          //                      write_CGROM(0xb0); 
 358          //                 break;
 359          //              }
 360          //      }
 361          //}
 362          
 363          //void DisplayPatterns() 
 364          //{
C51 COMPILER V9.60.7.0   LCD2004                                                           08/26/2025 18:46:25 PAGE 7   

 365          //    static int step = 0; // 当前显示图案步骤
 366          //    switch (step) 
 367          //    {
 368          //        case 0: displayCustomCharacter1(pattern1);  Delay(80); break;
 369          //        case 1: displayCustomCharacter1(pattern2);  Delay(80); break;
 370          //        case 2: displayCustomCharacter1(pattern3);  Delay(80); break;
 371          //        case 3: displayCustomCharacter1(pattern4);  Delay(80); break;
 372          //        case 4: displayCustomCharacter1(pattern5);  Delay(80); break;
 373          //        case 5: displayCustomCharacter1(pattern6);  Delay(80); break;
 374          //        case 6: displayCustomCharacter1(pattern7);  Delay(80); break;
 375          //        case 7: write_CGROM(0x30); Delay(80); break;
 376          //        case 8: Write_DDRAM(0xCE); Delay(80); break;
 377          //        case 9: LCD_Clear();LCD_ShowString(2,5,"LCM2004_01");LCD_ShowString(1,2,"YeHuiDisplay.com");Dela
             -y(80); break;
 378          //    }
 379          //    step++;
 380          //    if (step > 9) step = 0; // 循环
 381          //}


MODULE INFORMATION:   STATIC OVERLAYABLE
   CODE SIZE        =    523    ----
   CONSTANT SIZE    =   ----    ----
   XDATA SIZE       =   ----    ----
   PDATA SIZE       =   ----       7
   DATA SIZE        =   ----       2
   IDATA SIZE       =   ----    ----
   BIT SIZE         =   ----    ----
END OF MODULE INFORMATION.


C51 COMPILATION COMPLETE.  0 WARNING(S),  0 ERROR(S)
