C51 COMPILER V9.60.7.0   MAIN                                                              09/10/2025 16:27:32 PAGE 1   


C51 COMPILER V9.60.7.0, COMPILATION OF MODULE MAIN
OBJECT MODULE PLACED IN .\Objects\main.obj
COMPILER INVOKED BY: D:\KEIL_STM32\C51\BIN\C51.EXE main.c COMPACT OPTIMIZE(8,SPEED) BROWSE DEBUG OBJECTEXTEND PRINT(.\Li
                    -stings\main.lst) OBJECT(.\Objects\main.obj)

line level    source

   1          #include <REGX52.H>
   2          #include "LCD2004.h"
   3          unsigned char mode;
   4          unsigned char data pattern1[8] = {0x15, 0x0A, 0x15, 0x0A, 0x15, 0x0A, 0x15}; 
   5          unsigned char data pattern2[8] = {0x0A, 0x15, 0x0A, 0x15, 0x0A, 0x15, 0x0A};    
   6          unsigned char data pattern3[8] = {0x15, 0x15, 0x15, 0x15, 0x15, 0x15, 0x15, 0x15}; 
   7          unsigned char data pattern4[8] = {0x0A, 0x0A, 0x0A, 0x0A, 0x0A, 0x0A, 0x0A, 0x0A}; 
   8          unsigned char data pattern5[8] = {0x1F, 0x00, 0x1F, 0x00, 0x1F, 0x00, 0x1F, 0x00}; 
   9          unsigned char data pattern6[8] = {0x00, 0x1F, 0x00, 0x1F, 0x00, 0x1F, 0x00, 0x1F};      
  10          unsigned char data pattern7[8] = {0x00, 0x15, 0x00, 0x15, 0x00, 0x15, 0x00, 0x15}; 
  11          int main() 
  12          {
  13   1      
  14   1                              
  15   1      while (1) 
  16   1      {
  17   2              
  18   2              
  19   2              LCD_Init(); 
  20   2              LCD_Clear();
  21   2              displayCustomCharacter1(pattern1); // 显示棋盘
  22   2              Delay(200); 
  23   2              displayCustomCharacter1(pattern2); 
  24   2              Delay(200); 
  25   2              displayCustomCharacter1(pattern3); // 显示竖线
  26   2              Delay(200); 
  27   2              displayCustomCharacter1(pattern4); 
  28   2              Delay(200); 
  29   2              displayCustomCharacter1(pattern5); // 显示横线
  30   2              Delay(200); 
  31   2              displayCustomCharacter1(pattern6); 
  32   2              Delay(200); 
  33   2              displayCustomCharacter1(pattern7); // 显示麻点
  34   2              Delay(200);
  35   2              write_CGROM(0x30);//内置
  36   2              Delay(200);
  37   2              Write_DDRAM(0xCE);//内置字符
  38   2              Delay(200);
  39   2              LCD_Clear();
  40   2              LCD_ShowString(0,13,"Made in China");
  41   2              LCD_ShowString(1,15,"LCM4002-01");
  42   2              Delay(500);
  43   2      
  44   2      //              if (ReadKey1()) 
  45   2      //        {  
  46   2      //              LCD_Clear();
  47   2      //              mode++;
  48   2      //              mode %= 8;                      
  49   2      //              switch (mode) 
  50   2      //        {
  51   2      //        case 0:            
  52   2      //                      displayCustomCharacter1(pattern1); 
  53   2      //            break;
  54   2      //        case 1:
C51 COMPILER V9.60.7.0   MAIN                                                              09/10/2025 16:27:32 PAGE 2   

  55   2      //            displayCustomCharacter1(pattern2);  
  56   2      //            break;
  57   2      //        case 2:
  58   2      //            displayCustomCharacter1(pattern3); 
  59   2      //            break;
  60   2      //        case 3:
  61   2      //           displayCustomCharacter1(pattern4);  
  62   2      //            break;
  63   2      //        case 4:
  64   2      //            displayCustomCharacter1(pattern5);  
  65   2      //            break;
  66   2      //        case 5:
  67   2      //            displayCustomCharacter1(pattern6);  
  68   2      //            break;
  69   2      //              case 6:
  70   2      //                      displayCustomCharacter1(pattern7);
  71   2      //                      break;
  72   2      //              case 7:
  73   2      //                      write_CGROM(0xb0); 
  74   2      //                 break;
  75   2      //    
  76   2      //              }
  77   2      //      }                       
  78   2      }
  79   1              }
  80          
  81          //void main(void)   
  82          //{
  83          
  84          //      LCD_Init(); 
  85          //      LCD_Clear();
  86          
  87          //    while (1)  
  88          //    {
  89          //      
  90          //        if (ReadKey1()) 
  91          //        {
  92          //            HandleKey(); 
  93          //        } 
  94          //        else 
  95          //        {
  96          //          
  97          //            DisplayPatterns(); 
  98          //        }
  99          //    }   
 100          //}


MODULE INFORMATION:   STATIC OVERLAYABLE
   CODE SIZE        =    181    ----
   CONSTANT SIZE    =     25    ----
   XDATA SIZE       =   ----    ----
   PDATA SIZE       =      1    ----
   DATA SIZE        =     56    ----
   IDATA SIZE       =   ----    ----
   BIT SIZE         =   ----    ----
END OF MODULE INFORMATION.


C51 COMPILATION COMPLETE.  0 WARNING(S),  0 ERROR(S)
