BL51 BANKED LINKER/LOCATER V6.22.4.0                                                    09/10/2025  16:27:33  PAGE 1


BL51 BANKED LINKER/LOCATER V6.22.4.0, INVOKED BY:
D:\KEIL_STM32\C51\BIN\BL51.EXE .\Objects\main.obj, .\Objects\lcd2004.obj TO .\Objects\project PRINT (.\Listings\project.
>> m51) RAMSIZE (256) DISABLEWARNING (16)


MEMORY MODEL: COMPACT


INPUT MODULES INCLUDED:
  .\Objects\main.obj (MAIN)
  .\Objects\lcd2004.obj (LCD2004)
  D:\KEIL_STM32\C51\LIB\C51C.LIB (?C_STARTUP)
  D:\KEIL_STM32\C51\LIB\C51C.LIB (?C?CLDOPTR)
  D:\KEIL_STM32\C51\LIB\C51C.LIB (?C_INIT)


LINK MAP OF MODULE:  .\Objects\project (MAIN)


            TYPE    BASE      LENGTH    RELOCATION   SEGMENT NAME
            -----------------------------------------------------

            * * * * * * *   D A T A   M E M O R Y   * * * * * * *
            REG     0000H     0008H     ABSOLUTE     "REG BANK 0"
            DATA    0008H     0038H     UNIT         ?DT?MAIN
            DATA    0040H     0002H     UNIT         _DATA_GROUP_
            IDATA   0042H     0001H     UNIT         ?STACK

            * * * * * * *  X D A T A   M E M O R Y  * * * * * * *
            XDATA   0000H     0001H     INPAGE       ?PD?MAIN
            XDATA   0001H     0004H     INPAGE       _PDATA_GROUP_

            * * * * * * *   C O D E   M E M O R Y   * * * * * * *
            CODE    0000H     0003H     ABSOLUTE     
            CODE    0003H     00B5H     UNIT         ?PR?MAIN?MAIN
            CODE    00B8H     008CH     UNIT         ?C_C51STARTUP
            CODE    0144H     0047H     UNIT         ?C_INITSEG
            CODE    018BH     003EH     UNIT         ?PR?_DISPLAYCUSTOMCHARACTER1?LCD2004
            CODE    01C9H     003DH     UNIT         ?PR?_LCD_SETCURSOR?LCD2004
            CODE    0206H     0039H     UNIT         ?PR?_WRITE_CGROM?LCD2004
            CODE    023FH     0037H     UNIT         ?PR?_WRITE_DDRAM?LCD2004
            CODE    0276H     002FH     UNIT         ?PR?_LCD_SHOWSTRING?LCD2004
            CODE    02A5H     002DH     UNIT         ?PR?_WRITE_CGRAM?LCD2004
            CODE    02D2H     002DH     UNIT         ?C?LIB_CODE
            CODE    02FFH     0024H     UNIT         ?PR?_DELAY?LCD2004
            CODE    0323H     001AH     UNIT         ?PR?LCD_INIT?LCD2004
            CODE    033DH     0019H     UNIT         ?CO?MAIN
            CODE    0356H     0019H     UNIT         ?PR?READKEY1?LCD2004
            CODE    036FH     0013H     UNIT         ?PR?_LCD_READDATA?LCD2004
            CODE    0382H     0012H     UNIT         ?PR?BUSY?LCD2004
            CODE    0394H     0012H     UNIT         ?PR?LCD_READDATA?LCD2004
            CODE    03A6H     000EH     UNIT         ?PR?LCD_CLEAR?LCD2004
            CODE    03B4H     000EH     UNIT         ?PR?_LCD_USER_SHOWSTRING?LCD2004
            CODE    03C2H     000DH     UNIT         ?PR?_LCD_WRITECOMMAND?LCD2004
            CODE    03CFH     000DH     UNIT         ?PR?_LCD_WRITEDATA?LCD2004



BL51 BANKED LINKER/LOCATER V6.22.4.0                                                  09/10/2025  16:27:33  PAGE 2


OVERLAY MAP OF MODULE:   .\Objects\project (MAIN)


SEGMENT                                        DATA_GROUP          PDATA_GROUP
  +--> CALLED SEGMENT                        START    LENGTH     START    LENGTH
--------------------------------------------------------------------------------
?C_C51STARTUP                                -----    -----      -----    -----
  +--> ?PR?MAIN?MAIN
  +--> ?C_INITSEG

?PR?MAIN?MAIN                                -----    -----      -----    -----
  +--> ?PR?LCD_INIT?LCD2004
  +--> ?PR?LCD_CLEAR?LCD2004
  +--> ?PR?_DISPLAYCUSTOMCHARACTER1?LCD2004
  +--> ?PR?_DELAY?LCD2004
  +--> ?PR?_WRITE_CGROM?LCD2004
  +--> ?PR?_WRITE_DDRAM?LCD2004
  +--> ?CO?MAIN
  +--> ?PR?_LCD_SHOWSTRING?LCD2004

?PR?LCD_INIT?LCD2004                         -----    -----      -----    -----
  +--> ?PR?_LCD_WRITECOMMAND?LCD2004
  +--> ?PR?_DELAY?LCD2004

?PR?_LCD_WRITECOMMAND?LCD2004                -----    -----      -----    -----
  +--> ?PR?BUSY?LCD2004
  +--> ?PR?_DELAY?LCD2004

?PR?_DELAY?LCD2004                           0040H    0002H      -----    -----

?PR?LCD_CLEAR?LCD2004                        -----    -----      -----    -----
  +--> ?PR?BUSY?LCD2004
  +--> ?PR?_LCD_WRITECOMMAND?LCD2004
  +--> ?PR?_DELAY?LCD2004

?PR?_DISPLAYCUSTOMCHARACTER1?LCD2004         -----    -----      0001H    0001H
  +--> ?PR?_WRITE_CGRAM?LCD2004
  +--> ?PR?_LCD_WRITECOMMAND?LCD2004
  +--> ?PR?_LCD_WRITEDATA?LCD2004

?PR?_WRITE_CGRAM?LCD2004                     -----    -----      0002H    0003H
  +--> ?PR?_LCD_WRITECOMMAND?LCD2004
  +--> ?PR?_LCD_WRITEDATA?LCD2004

?PR?_LCD_WRITEDATA?LCD2004                   -----    -----      -----    -----
  +--> ?PR?BUSY?LCD2004
  +--> ?PR?_DELAY?LCD2004

?PR?_WRITE_CGROM?LCD2004                     -----    -----      -----    -----
  +--> ?PR?_LCD_WRITECOMMAND?LCD2004
  +--> ?PR?_DELAY?LCD2004
  +--> ?PR?_LCD_WRITEDATA?LCD2004

?PR?_WRITE_DDRAM?LCD2004                     -----    -----      -----    -----
  +--> ?PR?_LCD_WRITECOMMAND?LCD2004
  +--> ?PR?_DELAY?LCD2004
  +--> ?PR?_LCD_WRITEDATA?LCD2004
BL51 BANKED LINKER/LOCATER V6.22.4.0                                                  09/10/2025  16:27:33  PAGE 3



?PR?_LCD_SHOWSTRING?LCD2004                  -----    -----      0001H    0003H
  +--> ?PR?_LCD_SETCURSOR?LCD2004
  +--> ?PR?_LCD_WRITEDATA?LCD2004

?PR?_LCD_SETCURSOR?LCD2004                   -----    -----      -----    -----
  +--> ?PR?_LCD_WRITECOMMAND?LCD2004



SYMBOL TABLE OF MODULE:  .\Objects\project (MAIN)

  VALUE           TYPE          NAME
  ----------------------------------

  -------         MODULE        MAIN
  C:0000H         SYMBOL        _ICE_DUMMY_
  C:0003H         PUBLIC        main
  X:0000H         PUBLIC        mode
  D:0008H         PUBLIC        pattern1
  D:0010H         PUBLIC        pattern2
  D:0018H         PUBLIC        pattern3
  D:0020H         PUBLIC        pattern4
  D:0028H         PUBLIC        pattern5
  D:0030H         PUBLIC        pattern6
  D:0038H         PUBLIC        pattern7
  -------         PROC          MAIN
  C:0003H         LINE#         11
  C:0003H         LINE#         12
  C:0003H         LINE#         15
  C:0003H         LINE#         16
  C:0003H         LINE#         19
  C:0006H         LINE#         20
  C:0009H         LINE#         21
  C:0012H         LINE#         22
  C:0019H         LINE#         23
  C:0022H         LINE#         24
  C:0029H         LINE#         25
  C:0032H         LINE#         26
  C:0039H         LINE#         27
  C:0042H         LINE#         28
  C:0049H         LINE#         29
  C:0052H         LINE#         30
  C:0059H         LINE#         31
  C:0062H         LINE#         32
  C:0069H         LINE#         33
  C:0072H         LINE#         34
  C:0079H         LINE#         35
  C:007EH         LINE#         36
  C:0085H         LINE#         37
  C:008AH         LINE#         38
  C:0091H         LINE#         39
  C:0094H         LINE#         40
  C:00A1H         LINE#         41
  C:00AEH         LINE#         42
  C:00B5H         LINE#         78
  -------         ENDPROC       MAIN
BL51 BANKED LINKER/LOCATER V6.22.4.0                                                  09/10/2025  16:27:33  PAGE 4


  -------         ENDMOD        MAIN

  -------         MODULE        LCD2004
  C:0000H         SYMBOL        _ICE_DUMMY_
  D:0090H         PUBLIC        P1
  D:00A0H         PUBLIC        P2
  D:00B0H         PUBLIC        P3
  C:03C2H         PUBLIC        _LCD_WriteCommand
  C:0206H         PUBLIC        _write_CGROM
  B:00A0H.0       PUBLIC        KEY1
  C:03A6H         PUBLIC        LCD_Clear
  C:0382H         PUBLIC        Busy
  C:036FH         PUBLIC        _LCD_ReadData
  C:03CFH         PUBLIC        _LCD_WriteData
  C:018BH         PUBLIC        _displayCustomCharacter1
  B:00B0H.2       PUBLIC        LCD_EN
  C:0323H         PUBLIC        LCD_Init
  C:0394H         PUBLIC        LCD_Readdata
  C:0276H         PUBLIC        _LCD_ShowString
  C:023FH         PUBLIC        _Write_DDRAM
  B:00B0H.0       PUBLIC        LCD_RS
  C:02A5H         PUBLIC        _Write_CGRAM
  C:0356H         PUBLIC        ReadKey1
  B:00B0H.1       PUBLIC        LCD_RW
  C:01C9H         PUBLIC        _LCD_SetCursor
  C:030AH         PUBLIC        _Delay
  C:03B4H         PUBLIC        _LCD_USER_ShowString
  -------         PROC          READKEY1
  C:0356H         LINE#         12
  C:0356H         LINE#         13
  C:0356H         LINE#         14
  C:0359H         LINE#         15
  C:0359H         LINE#         16
  C:0360H         LINE#         17
  C:0363H         LINE#         18
  C:0363H         LINE#         19
  C:0366H         LINE#         20
  C:036BH         LINE#         21
  C:036BH         LINE#         22
  C:036BH         LINE#         23
  C:036EH         LINE#         24
  -------         ENDPROC       READKEY1
  C:0305H         SYMBOL        L?0076
  -------         PROC          L?0075
  -------         ENDPROC       L?0075
  C:0305H         SYMBOL        L?0076
  -------         PROC          _DELAY
  D:0006H         SYMBOL        xms
  -------         DO            
  D:0040H         SYMBOL        i
  D:0041H         SYMBOL        j
  -------         ENDDO         
  C:030AH         LINE#         27
  C:030AH         LINE#         28
  C:030AH         LINE#         29
  C:0314H         LINE#         32
  C:0317H         LINE#         33
BL51 BANKED LINKER/LOCATER V6.22.4.0                                                  09/10/2025  16:27:33  PAGE 5


  C:031AH         LINE#         35
  C:031AH         LINE#         36
  C:031DH         LINE#         37
  C:0320H         LINE#         38
  C:0322H         LINE#         39
  -------         ENDPROC       _DELAY
  -------         PROC          BUSY
  -------         DO            
  D:0007H         SYMBOL        temp
  -------         ENDDO         
  C:0382H         LINE#         41
  C:0382H         LINE#         42
  C:0382H         LINE#         44
  C:0385H         LINE#         45
  C:0387H         LINE#         46
  C:0389H         LINE#         47
  C:0389H         LINE#         48
  C:038BH         LINE#         49
  C:038DH         LINE#         50
  C:038FH         LINE#         51
  -------         ENDPROC       BUSY
  -------         PROC          _LCD_WRITECOMMAND
  D:0006H         SYMBOL        Command
  C:03C2H         LINE#         59
  C:03C4H         LINE#         60
  C:03C4H         LINE#         61
  C:03C7H         LINE#         62
  C:03C9H         LINE#         63
  C:03C9H         LINE#         64
  C:03C9H         LINE#         65
  C:03C9H         LINE#         66
  C:03CCH         LINE#         67
  C:03CEH         LINE#         68
  -------         ENDPROC       _LCD_WRITECOMMAND
  -------         PROC          _LCD_WRITEDATA
  D:0006H         SYMBOL        Data
  C:03CFH         LINE#         76
  C:03D1H         LINE#         77
  C:03D1H         LINE#         78
  C:03D4H         LINE#         79
  C:03D6H         LINE#         80
  C:03D6H         LINE#         81
  C:03D6H         LINE#         82
  C:03D6H         LINE#         83
  C:03D9H         LINE#         84
  C:03DBH         LINE#         86
  -------         ENDPROC       _LCD_WRITEDATA
  -------         PROC          _LCD_READDATA
  D:0005H         SYMBOL        Data
  C:036FH         LINE#         93
  C:0371H         LINE#         94
  C:0371H         LINE#         95
  C:0374H         LINE#         96
  C:0376H         LINE#         97
  C:0378H         LINE#         98
  C:0378H         LINE#         99
  C:037BH         LINE#         100
BL51 BANKED LINKER/LOCATER V6.22.4.0                                                  09/10/2025  16:27:33  PAGE 6


  C:037FH         LINE#         101
  C:0381H         LINE#         102
  -------         ENDPROC       _LCD_READDATA
  -------         PROC          LCD_INIT
  C:0323H         LINE#         110
  C:0323H         LINE#         111
  C:0323H         LINE#         112
  C:0328H         LINE#         113
  C:032DH         LINE#         115
  C:0332H         LINE#         116
  C:0337H         LINE#         117
  -------         ENDPROC       LCD_INIT
  -------         PROC          LCD_CLEAR
  C:03A6H         LINE#         126
  C:03A6H         LINE#         127
  C:03A6H         LINE#         128
  C:03A9H         LINE#         129
  C:03AEH         LINE#         130
  -------         ENDPROC       LCD_CLEAR
  -------         PROC          _LCD_SETCURSOR
  D:0002H         SYMBOL        Line
  D:0004H         SYMBOL        Column
  C:01C9H         LINE#         139
  C:01CBH         LINE#         140
  C:01CBH         LINE#         142
  C:01D7H         LINE#         144
  C:01DDH         LINE#         147
  C:01DFH         LINE#         148
  C:01DFH         LINE#         149
  C:01E2H         LINE#         150
  C:01E4H         LINE#         151
  C:01EAH         LINE#         152
  C:01EAH         LINE#         153
  C:01EDH         LINE#         154
  C:01EFH         LINE#         155
  C:01F5H         LINE#         156
  C:01F5H         LINE#         157
  C:01FAH         LINE#         158
  C:01FCH         LINE#         160
  C:01FCH         LINE#         161
  C:0205H         LINE#         162
  C:0205H         LINE#         163
  -------         ENDPROC       _LCD_SETCURSOR
  -------         PROC          LCD_READDATA
  -------         DO            
  D:0007H         SYMBOL        d
  -------         ENDDO         
  C:0394H         LINE#         165
  C:0394H         LINE#         166
  C:0394H         LINE#         167
  C:0397H         LINE#         168
  C:039AH         LINE#         169
  C:039CH         LINE#         170
  C:039EH         LINE#         171
  C:039EH         LINE#         172
  C:03A1H         LINE#         173
  C:03A3H         LINE#         174
BL51 BANKED LINKER/LOCATER V6.22.4.0                                                  09/10/2025  16:27:33  PAGE 7


  C:03A5H         LINE#         175
  C:03A5H         LINE#         176
  -------         ENDPROC       LCD_READDATA
  -------         PROC          _LCD_USER_SHOWSTRING
  D:0007H         SYMBOL        Line
  D:0005H         SYMBOL        Column
  D:0001H         SYMBOL        i
  C:03B4H         LINE#         185
  C:03B6H         LINE#         186
  C:03B6H         LINE#         187
  C:03BDH         LINE#         188
  -------         ENDPROC       _LCD_USER_SHOWSTRING
  -------         PROC          _LCD_SHOWSTRING
  D:0007H         SYMBOL        Line
  D:0005H         SYMBOL        Column
  X:0001H         SYMBOL        String
  -------         DO            
  D:0005H         SYMBOL        i
  -------         ENDDO         
  C:0276H         LINE#         196
  C:0280H         LINE#         197
  C:0280H         LINE#         198
  C:0287H         LINE#         199
  C:029EH         LINE#         200
  C:029EH         LINE#         201
  C:02A1H         LINE#         202
  C:02A4H         LINE#         203
  -------         ENDPROC       _LCD_SHOWSTRING
  -------         PROC          _WRITE_CGROM
  D:0005H         SYMBOL        a
  -------         DO            
  D:0003H         SYMBOL        j
  -------         ENDDO         
  C:0206H         LINE#         206
  C:0208H         LINE#         207
  C:0208H         LINE#         209
  C:020DH         LINE#         210
  C:0214H         LINE#         211
  C:0219H         LINE#         214
  C:021BH         LINE#         215
  C:021BH         LINE#         216
  C:0220H         LINE#         217
  C:0221H         LINE#         218
  C:0226H         LINE#         220
  C:022BH         LINE#         223
  C:022DH         LINE#         224
  C:022DH         LINE#         225
  C:0232H         LINE#         226
  C:0233H         LINE#         227
  C:0238H         LINE#         229
  -------         ENDPROC       _WRITE_CGROM
  -------         PROC          _WRITE_DDRAM
  D:0005H         SYMBOL        a
  -------         DO            
  D:0003H         SYMBOL        j
  -------         ENDDO         
  C:023FH         LINE#         237
BL51 BANKED LINKER/LOCATER V6.22.4.0                                                  09/10/2025  16:27:33  PAGE 8


  C:0241H         LINE#         238
  C:0241H         LINE#         241
  C:0246H         LINE#         242
  C:024DH         LINE#         244
  C:0252H         LINE#         247
  C:0254H         LINE#         248
  C:0254H         LINE#         249
  C:0259H         LINE#         250
  C:025EH         LINE#         252
  C:0263H         LINE#         255
  C:0265H         LINE#         256
  C:0265H         LINE#         257
  C:026AH         LINE#         258
  C:026FH         LINE#         260
  -------         ENDPROC       _WRITE_DDRAM
  -------         PROC          _WRITE_CGRAM
  X:0002H         SYMBOL        a
  -------         DO            
  D:0005H         SYMBOL        k
  -------         ENDDO         
  C:02A5H         LINE#         265
  C:02AFH         LINE#         266
  C:02AFH         LINE#         270
  C:02B4H         LINE#         273
  C:02B6H         LINE#         274
  C:02B6H         LINE#         275
  C:02CCH         LINE#         276
  C:02D1H         LINE#         277
  -------         ENDPROC       _WRITE_CGRAM
  -------         PROC          _DISPLAYCUSTOMCHARACTER1
  D:0001H         SYMBOL        pattern
  -------         DO            
  D:0005H         SYMBOL        row
  D:0003H         SYMBOL        col
  -------         DO            
  X:0001H         SYMBOL        position
  -------         ENDDO         
  -------         ENDDO         
  C:018BH         LINE#         279
  C:018BH         LINE#         280
  C:018BH         LINE#         284
  C:018EH         LINE#         287
  C:0190H         LINE#         288
  C:0190H         LINE#         289
  C:0192H         LINE#         290
  C:0192H         LINE#         293
  C:0195H         LINE#         294
  C:0195H         LINE#         295
  C:0198H         LINE#         296
  C:019AH         LINE#         297
  C:019EH         LINE#         298
  C:019EH         LINE#         299
  C:01A1H         LINE#         300
  C:01A3H         LINE#         301
  C:01A7H         LINE#         302
  C:01A7H         LINE#         303
  C:01AAH         LINE#         304
BL51 BANKED LINKER/LOCATER V6.22.4.0                                                  09/10/2025  16:27:33  PAGE 9


  C:01ACH         LINE#         306
  C:01ACH         LINE#         307
  C:01B2H         LINE#         308
  C:01B2H         LINE#         311
  C:01B9H         LINE#         312
  C:01BEH         LINE#         313
  C:01C3H         LINE#         314
  C:01C8H         LINE#         315
  -------         ENDPROC       _DISPLAYCUSTOMCHARACTER1
  -------         ENDMOD        LCD2004

  -------         MODULE        ?C?CLDOPTR
  C:02D2H         PUBLIC        ?C?CLDOPTR
  -------         ENDMOD        ?C?CLDOPTR

Program Size: data=67.0 xdata=5 code=988
LINK/LOCATE RUN COMPLETE.  0 WARNING(S),  0 ERROR(S)
