C51 COMPILER V9.60.7.0   MAIN                                                              06/21/2025 11:33:22 PAGE 1   


C51 COMPILER V9.60.7.0, COMPILATION OF MODULE MAIN
OBJECT MODULE PLACED IN main.OBJ
COMPILER INVOKED BY: D:\KEIL_STM32\C51\BIN\C51.EXE main.c OPTIMIZE(8,SPEED) BROWSE INCDIR(.\SRC) DEBUG OBJECTEXTEND

line level    source

   1          #include "REG51.h"
   2          #include "oled.h"
   3          #include "bmp.h"
   4          
   5          int main(void)
   6          {       
   7   1              u8 t=' ';
   8   1              OLED_Init();//初始化OLED
   9   1              OLED_ColorTurn(0);//0正常显示，1 反色显示
  10   1          OLED_DisplayTurn(0);//0正常显示 1 屏幕翻转显示
  11   1      
  12   1              while(1) 
  13   1              {               
  14   2          OLED_ColorTurn(0);//0正常显示，1 反色显示
  15   2              OLED_ShowChinese(18,4,0,16); 
  16   2              OLED_ShowChinese(36,4,1,16);
  17   2              OLED_ShowChinese(54,4,2,16);
  18   2              OLED_ShowChinese(72,4,3,16);
  19   2              OLED_ShowChinese(90,4,4,16);
  20   2              
  21   2              OLED_ShowChinese(18,6,5,16);
  22   2              OLED_ShowChinese(36,6,6,16);
  23   2              OLED_ShowChinese(54,6,7,16);
  24   2              OLED_ShowChinese(72,6,8,16);
  25   2              OLED_ShowChinese(90,6,9,16);
  26   2          delay_ms(150);
  27   2              OLED_Clear();
  28   2              OLED_ShowString(15,5,"2.23Inch_OLED",16);
  29   2              delay_ms(150);
  30   2              OLED_Clear();
  31   2              OLED_ShowString(30,5,"COG12832",16);    
  32   2              delay_ms(150);
  33   2              OLED_Clear();
  34   2              
  35   2              OLED_Fill_Row(0X55) ;
  36   2              delay_ms(100);
  37   2              
  38   2              OLED_Fill_Row(0XAA) ;
  39   2              delay_ms(100);
  40   2              
  41   2              OLED_Fill_Column(0xFF, 0x00); 
  42   2              delay_ms(100);
  43   2      
  44   2              OLED_Fill_Column(0x00, 0xFF); 
  45   2              delay_ms(100);
  46   2      
  47   2              OLED_Fill_Column(0x55, 0xAA); 
  48   2              delay_ms(100);
  49   2      
  50   2              OLED_Fill_Column(0xAA, 0x55); 
  51   2              delay_ms(100);
  52   2              OLED_Fill_Column(0x00, 0x00); 
  53   2              OLED_Clear();   
  54   2              OLED_ColorTurn(1);//0正常显示，1 反色显示
  55   2              
C51 COMPILER V9.60.7.0   MAIN                                                              06/21/2025 11:33:22 PAGE 2   

  56   2      
  57   2      
  58   2              OLED_Clear();
  59   2              OLED_ShowChinese(18,4,0,16); 
  60   2              OLED_ShowChinese(36,4,1,16);
  61   2              OLED_ShowChinese(54,4,2,16);
  62   2              OLED_ShowChinese(72,4,3,16);
  63   2              OLED_ShowChinese(90,4,4,16);
  64   2              
  65   2              OLED_ShowChinese(18,6,5,16);
  66   2              OLED_ShowChinese(36,6,6,16);
  67   2              OLED_ShowChinese(54,6,7,16);
  68   2              OLED_ShowChinese(72,6,8,16);
  69   2              OLED_ShowChinese(90,6,9,16);
  70   2              delay_ms(150);
  71   2              OLED_Clear();
  72   2              OLED_ShowString(15,5,"2.23Inch_OLED",16);       
  73   2              delay_ms(150);
  74   2              OLED_Clear();
  75   2              OLED_ShowString(30,5,"COG12832",16);    
  76   2              delay_ms(150);
  77   2              OLED_Clear();
  78   2              }         
  79   1              
  80   1      }
  81          
  82                  


MODULE INFORMATION:   STATIC OVERLAYABLE
   CODE SIZE        =    504    ----
   CONSTANT SIZE    =   2071    ----
   XDATA SIZE       =   ----    ----
   PDATA SIZE       =   ----    ----
   DATA SIZE        =   ----       1
   IDATA SIZE       =   ----    ----
   BIT SIZE         =   ----    ----
END OF MODULE INFORMATION.


C51 COMPILATION COMPLETE.  0 WARNING(S),  0 ERROR(S)
