C51 COMPILER V9.60.7.0   LCD12864                                                          11/22/2024 22:25:27 PAGE 1   


C51 COMPILER V9.60.7.0, COMPILATION OF MODULE LCD12864
OBJECT MODULE PLACED IN .\Objects\LCD12864.obj
COMPILER INVOKED BY: D:\KEIL_STM32\C51\BIN\C51.EXE LCD12864.c LARGE OPTIMIZE(8,SPEED) BROWSE DEBUG OBJECTEXTEND PRINT(.\
                    -Listings\LCD12864.lst) OBJECT(.\Objects\LCD12864.obj)

line level    source

   1          #include <INTRINS.H>    
   2          #include <STDIO.H>     
   3          #include <MATH.H>    
   4          #include <ABSACC.H>    
   5          #include <REG52.H>       
   6          #include "lcd12864.h"   
   7          #include "picture.h"    
   8          
   9          sbit RS  =P3^0;    
  10          sbit RW  =P3^1;     
  11          sbit E   =P3^2;    
  12             
  13          sbit CS1 =P3^3;    //active "H"
  14          sbit CS2 =P3^4;    //active "H"   
  15          sbit int0=P2^1; 
  16          sbit KEY=P2^0; 
  17          bit loge=0;  
  18          
  19          unsigned char Page;     
  20          unsigned char Col; 
  21          
  22          ///***************************/   
  23          /*Check Busy                 */   
  24          /***************************/   
  25          void BusyL(void)   
  26          {unsigned char flag=0xff;  
  27   1       CS1= 1;       //active "H"
  28   1       CS2= 0;   
  29   1       RS = 0;   
  30   1       RW = 1;  
  31   1      
  32   1       P1 = 0xFF; 
  33   1      while ((flag&0x80)==0x80)
  34   1       {
  35   2       E=1;
  36   2       _nop_();
  37   2       flag=P1;
  38   2       E=0;
  39   2       }    
  40   1      }   
  41             
  42          void BusyR(void)   
  43          { unsigned char flag=0xff;  
  44   1       CS1= 0;   
  45   1       CS2= 1;        //active "H"
  46   1       RS = 0;    
  47   1       RW = 1; 
  48   1      
  49   1       P1 = 0xFF;  
  50   1      while ((flag&0x80)==0x80)
  51   1       {
  52   2       E=1;
  53   2       _nop_();
  54   2       flag=P1;
C51 COMPILER V9.60.7.0   LCD12864                                                          11/22/2024 22:25:27 PAGE 2   

  55   2       E=0;
  56   2       }  
  57   1      }   
  58             
  59           
  60          
  61             
  62            
  63          void Locatexy(void)   
  64          {   
  65   1       unsigned char x,y;   
  66   1       switch (Col&0xc0) /*  col.and.0xC0 */   
  67   1       {    
  68   2        case 0: {BusyL();break;}  
  69   2        case 0x40: {BusyR();break;}  
  70   2       }   
  71   1       x = Col&0x3F|0x40; /* col.and.0x3f.or.Set X Address*/   
  72   1       y = Page&0x07|0xB8; /* row.and.0x07.or.set Page */   
  73   1         
  74   1       RS = 0;      
  75   1       RW = 0;      
  76   1       P1 = y;  
  77   1       E  = 1;   
  78   1       _nop_();   
  79   1       E  = 0;   
  80   1       _nop_();   
  81   1       
  82   1       RS = 0;   
  83   1       RW = 0;   
  84   1       P1 = x;      
  85   1       E  = 1;   
  86   1       _nop_();   
  87   1       E  = 0;   
  88   1       _nop_(); 
  89   1       
  90   1      
  91   1      }   
  92          /***************************/   
  93          /*Write command 1-64               */   
  94          /***************************/      
  95          void WriteCommandL( unsigned char CommandByte )   
  96          {   
  97   1       BusyL();   
  98   1       P1 = CommandByte;   
  99   1       RS = 0;   
 100   1       RW = 0;   
 101   1       E  = 1;   
 102   1       _nop_();   
 103   1       E  = 0;   
 104   1       _nop_();   
 105   1      }   
 106          /***************************/   
 107          /*Write command 65-128                */   
 108          /***************************/     
 109          void WriteCommandR( unsigned char CommandByte )   
 110          {   
 111   1       BusyR();   
 112   1       P1 = CommandByte;   
 113   1       RS = 0;    
 114   1       RW = 0;   
 115   1       E  = 1;   
 116   1       _nop_();   
C51 COMPILER V9.60.7.0   LCD12864                                                          11/22/2024 22:25:27 PAGE 3   

 117   1       E  = 0;   
 118   1       _nop_();   
 119   1      }   
 120          
 121          /***************************/   
 122          /*Read data                 */   
 123          /***************************/   
 124          unsigned char ReadData( void )   
 125          {   
 126   1       unsigned char DataByte;   
 127   1       Locatexy();   
 128   1       RS = 1;    
 129   1       RW = 1;  
 130   1       P1 = 0xFF;  
 131   1        _nop_();   
 132   1       
 133   1       E  = 1;    
 134   1       _nop_();   
 135   1      
 136   1       DataByte = P1;  
 137   1       E  = 0;   
 138   1       _nop_();  
 139   1       CS1=0;
 140   1       CS2=0;
 141   1       return DataByte;   
 142   1      }   
 143             
 144           /***************************/   
 145          /*Write data                 */   
 146          /***************************/
 147          void WriteData( unsigned char DataByte )   
 148          {   
 149   1       Locatexy();   
 150   1       RS = 1;    
 151   1       RW = 0;     
 152   1       P1 = DataByte; 
 153   1       E  = 1;    
 154   1       _nop_();   
 155   1       E  = 0;   
 156   1       _nop_(); 
 157   1       CS1=0;
 158   1       CS2=0;
 159   1      }   
 160             
 161          void LcmClear( void )   
 162          {   
 163   1       Page = 0;   
 164   1       Col  = 0;   
 165   1       for(Page=0;Page<8;Page++)   
 166   1        for(Col=0;Col<128;Col++)   
 167   1         WriteData(0);   
 168   1      }   
 169             
 170          void LcmInit( void )   
 171          {   
 172   1       WriteCommandL(0x3f); //DISPALY ON
 173   1       WriteCommandR(0x3f);   
 174   1         
 175   1       WriteCommandL(0xc0); //SET START ADDRESS  
 176   1       WriteCommandR(0xc0);   
 177   1         
 178   1       WriteCommandL(0x3f); //DISPLAY ON  
C51 COMPILER V9.60.7.0   LCD12864                                                          11/22/2024 22:25:27 PAGE 4   

 179   1       WriteCommandR(0x3f);   
 180   1           
 181   1      }   
 182             
 183          void LcmPutDots( unsigned char DotByte,unsigned char DotByte1 )   
 184          {   
 185   1       Page = 0;   
 186   1       Col  = 0;   
 187   1       for(Page=0;Page<8;Page++)   
 188   1       {   
 189   2        for(Col=0;Col<128;Col++)   
 190   2        {   
 191   3         WriteData( DotByte );
 192   3         Col++;
 193   3         WriteData( DotByte1 );  
 194   3        } 
 195   2          
 196   2       }   
 197   1      }   
 198             
 199          void LcmPutBMP( unsigned char *puts )   
 200          {   
 201   1       unsigned int X=0;   
 202   1       Page = 0;   
 203   1       Col  = 0;   
 204   1       for(Page=0;Page<8;Page++)   
 205   1       {   
 206   2        for(Col=0;Col<128;Col++)   
 207   2        {   
 208   3         WriteData( puts[X] );   
 209   3         X++;   
 210   3        }   
 211   2       }   
 212   1      }   
 213          
 214          void LcmReverseBMPP( unsigned char *puts )   
 215          {   
 216   1       unsigned int X=0;   
 217   1       Page = 0;   
 218   1       Col  = 0;   
 219   1       for(Page=0;Page<8;Page++)   
 220   1       {   
 221   2        for(Col=0;Col<128;Col++)   
 222   2        {   
 223   3         WriteData(~puts[X] );   
 224   3         X++;   
 225   3        }   
 226   2       }   
 227   1      }     
 228          
 229          /*void LcmReverseBMP( void )   
 230          {   
 231           unsigned char temp;   
 232           Page = 0;   
 233           Col  = 0;   
 234           for(Page=0;Page<8;Page++)   
 235           {   
 236            for(Col=0;Col<128;Col++)   
 237            {   
 238             temp = ReadData();   
 239          
 240             temp = ReadData();   
C51 COMPILER V9.60.7.0   LCD12864                                                          11/22/2024 22:25:27 PAGE 5   

 241             temp = ~temp;   
 242             WriteData(temp);   
 243            }   
 244           }   
 245          }*/   
 246          
 247          void Display_8_8(unsigned char C[],unsigned char i)
 248          { unsigned char k,num=0;
 249   1       num=i*0x08;
 250   1       for(k=0;k<0x08;k++)
 251   1       {
 252   2        WriteData(C[num+k]);
 253   2        Col+=0x01;
 254   2       } 
 255   1      
 256   1      }
 257          
 258          
 259          void Display_16_16(unsigned char F[],unsigned char i)
 260          {
 261   1       unsigned char k=0;
 262   1       unsigned int   num=0;
 263   1       num=i*0x20;
 264   1      
 265   1       for(k=0;k<0x10;k++)
 266   1       {
 267   2        WriteData(F[num+k]);
 268   2        Col+=0x01;
 269   2       } 
 270   1        Col-=0x10;
 271   1        Page+=0x01;   
 272   1        for(k=16;k<0x20;k++)
 273   1       {
 274   2        WriteData(F[num+k]);
 275   2        Col+=0x01;
 276   2       } 
 277   1        Page-=0x01; 
 278   1        Delay(80); 
 279   1      }
 280          
 281          void Display_character()
 282          { unsigned char k,c, a=0;
 283   1       
 284   1       Col  = 0;
 285   1       for(c=0;c<8;c++)
 286   1       { Page = c; 
 287   2              for(k=0;k<16;k++)
 288   2              { Display_8_8(character,0);
 289   3              }
 290   2       Col  = 0;
 291   2       }
 292   1        Delay(500);
 293   1      
 294   1       for(c=0;c<8;c++)
 295   1       { Page = c; 
 296   2              for(k=0;k<16;k++)
 297   2              { Display_8_8(character,1);
 298   3              }
 299   2       Col  = 0;
 300   2       }
 301   1        Delay(500);
 302   1      
C51 COMPILER V9.60.7.0   LCD12864                                                          11/22/2024 22:25:27 PAGE 6   

 303   1       for(c=0;c<8;c++)
 304   1       { Page = c; 
 305   2              for(k=0;k<16;k++)
 306   2              { Display_8_8(character,2);
 307   3              }
 308   2       Col  = 0;
 309   2       }
 310   1      
 311   1      }
 312          
 313          
 314          
 315          void Display_Chinese()
 316          {unsigned char a=0;
 317   1      // Page = 0;   
 318   1      // Col  = 0;
 319   1      // for(a=0;a<8;a++)
 320   1      // {
 321   1      // Display_16_16(font,a);
 322   1      // }
 323   1              LcmPutBMP(BMP0); 
 324   1       Page = 2;   
 325   1       Col  = 0;
 326   1       for(a=0;a<8;a++)
 327   1       {
 328   2       Display_16_16(font,a);
 329   2       }
 330   1      
 331   1       Page = 4;   
 332   1       Col  = 0;
 333   1       for(a=8;a<16;a++)
 334   1       {
 335   2       Display_16_16(font,a);
 336   2       }
 337   1      
 338   1      // Page = 6;   
 339   1      // Col  = 0;
 340   1      // for(a=24;a<32;a++)
 341   1      // {
 342   1      // Display_16_16(font,a);
 343   1      // }
 344   1      
 345   1      }
 346          
 347          
 348             
 349          void Delay(unsigned int MS)   
 350          {   
 351   1       unsigned char us,usn;   
 352   1       while(MS!=0)   
 353   1       {   
 354   2        usn = 2; //for 12M    
 355   2        while(usn!=0)   
 356   2        {   
 357   3         us=0xf6;   
 358   3         while (us!=0){us--;};   
 359   3         usn--;   
 360   3        }   
 361   2        MS--;   
 362   2       }  
 363   1       while(loge);
 364   1      }   
C51 COMPILER V9.60.7.0   LCD12864                                                          11/22/2024 22:25:27 PAGE 7   

 365          
 366          
 367          
 368          void Step(void) interrupt 0 using 0
 369          { _nop_(); 
 370   1        _nop_(); 
 371   1        _nop_();
 372   1        _nop_();
 373   1        _nop_();
 374   1        _nop_();
 375   1        _nop_();
 376   1        _nop_();
 377   1        _nop_();
 378   1        _nop_();
 379   1        _nop_();
 380   1        _nop_();
 381   1        _nop_();
 382   1        _nop_();
 383   1        _nop_();
 384   1        _nop_();
 385   1        _nop_();
 386   1        _nop_();
 387   1        _nop_();
 388   1        _nop_(); 
 389   1        _nop_(); 
 390   1        _nop_();
 391   1        _nop_();
 392   1        _nop_();
 393   1        _nop_();
 394   1        _nop_();
 395   1        _nop_();
 396   1        _nop_();
 397   1        _nop_();
 398   1        _nop_();
 399   1        _nop_();
 400   1        _nop_();
 401   1        _nop_();
 402   1        _nop_();
 403   1        _nop_();
 404   1        _nop_();
 405   1        _nop_();
 406   1        _nop_();
 407   1              if(int0==0)
 408   1              loge=!loge;
 409   1          while(!int0);
 410   1        return;
 411   1      
 412   1      }
 413          
 414          
 415          
 416          unsigned char key(void)
 417          {
 418   1              if(KEY==0)
 419   1              {
 420   2               Delay(1);
 421   2               while(KEY==0);
 422   2               return 1;              
 423   2              }
 424   1              return 0;
 425   1              
 426   1      }
C51 COMPILER V9.60.7.0   LCD12864                                                          11/22/2024 22:25:27 PAGE 8   



MODULE INFORMATION:   STATIC OVERLAYABLE
   CODE SIZE        =   1054    ----
   CONSTANT SIZE    =   ----    ----
   XDATA SIZE       =      2      18
   PDATA SIZE       =   ----    ----
   DATA SIZE        =   ----    ----
   IDATA SIZE       =   ----    ----
   BIT SIZE         =      1    ----
END OF MODULE INFORMATION.


C51 COMPILATION COMPLETE.  0 WARNING(S),  0 ERROR(S)
