C51 COMPILER V9.60.7.0   PIC                                                               05/19/2025 09:04:31 PAGE 1   


C51 COMPILER V9.60.7.0, COMPILATION OF MODULE PIC
OBJECT MODULE PLACED IN PIC.OBJ
COMPILER INVOKED BY: D:\KEIL_STM32\C51\BIN\C51.EXE PIC.c OPTIMIZE(8,SPEED) BROWSE DEBUG OBJECTEXTEND

line level    source

   1          //图片显示数组
   2          
   3          unsigned char code PIC_1[]=
   4          {
   5          0xFF,0x01,0x01,0x01,0x01,0x01,0x81,0x81,0x81,0x81,0x81,0x81,0x81,0x81,0x01,0x01,
   6          0x01,0x01,0x01,0x01,0x01,0x01,0x01,0x01,0x01,0x01,0x01,0xFD,0x05,0x05,0x85,0x85,
   7          0x85,0x85,0xF5,0x85,0x85,0x85,0x85,0x85,0x85,0xC5,0x85,0x05,0xFD,0x01,0x01,0x01,
   8          0x01,0x01,0x01,0x01,0x01,0x01,0x81,0x81,0x81,0xC1,0xC1,0xC1,0x81,0x81,0x81,0x01,
   9          0x01,0x01,0x81,0x81,0x81,0x81,0x81,0x81,0x81,0x81,0x01,0x01,0x01,0x01,0xC1,0xC1,
  10          0xC1,0xC1,0xC1,0xC1,0xC1,0xC1,0xC1,0xC1,0xC1,0xC1,0xC1,0xC1,0xC1,0xC1,0xC1,0xC1,
  11          0xF1,0xE1,0xC1,0x81,0x01,0x01,0x09,0x09,0x09,0x89,0xC9,0xB9,0x8D,0x89,0x89,0x89,
  12          0x89,0xC9,0x8D,0x09,0x01,0x01,0x01,0x01,0x01,0x01,0x01,0x01,0x01,0x01,0x01,0xFF,
  13          0xFF,0x00,0x00,0x00,0x00,0x00,0xFF,0xFF,0xFF,0xFF,0xFF,0xFF,0xFF,0xFF,0x00,0x00,
  14          0x00,0x00,0x80,0x80,0x80,0x80,0x80,0x80,0x80,0x80,0x00,0xFF,0x00,0x80,0x40,0x20,
  15          0x18,0x06,0x09,0x08,0x08,0xF8,0x08,0x08,0x0C,0x08,0x00,0x00,0xFF,0x00,0x00,0x00,
  16          0x00,0x00,0x00,0x00,0x0C,0x3F,0x7F,0x7F,0x7F,0xFF,0xFF,0xFF,0x7F,0x7F,0x7F,0x3F,
  17          0x0C,0x00,0xFF,0xFF,0xFF,0xFF,0xFF,0xFF,0xFF,0xFF,0x00,0x00,0x00,0x00,0x87,0x87,
  18          0x87,0x87,0x87,0x87,0x87,0x87,0x07,0x07,0x07,0x07,0x07,0x07,0x07,0x07,0x07,0x07,
  19          0x1F,0x0F,0x07,0x03,0x01,0x00,0x04,0x02,0x01,0x00,0x3F,0x10,0x10,0x10,0x10,0x10,
  20          0x10,0x3F,0x00,0x00,0x00,0x00,0x00,0x00,0x00,0x00,0x00,0x00,0x00,0x00,0x00,0xFF,
  21          0xFF,0x00,0x00,0x00,0x00,0x00,0xFF,0xFF,0xFF,0xFF,0xFF,0xFF,0xFF,0xFF,0x00,0x00,
  22          0x00,0x00,0xFF,0xFF,0xFF,0xFF,0xFF,0xFF,0xFF,0xFF,0x00,0x0F,0x08,0x08,0x88,0x8A,
  23          0x8A,0x8A,0x8A,0x8A,0x8A,0x8B,0x0A,0x0A,0x0A,0x0B,0x0A,0x08,0x0F,0x00,0x00,0x40,
  24          0xA0,0xA0,0xA0,0xC0,0x00,0xF8,0x40,0x20,0x20,0xC0,0x00,0xC0,0x20,0x20,0x20,0x40,
  25          0x00,0x00,0xFF,0xFF,0xFF,0xFF,0xFF,0xFF,0xFF,0xFF,0x00,0x00,0x00,0x00,0xFF,0xFF,
  26          0xFF,0xFF,0xFF,0xFF,0xFF,0xFF,0x00,0x00,0x00,0x00,0x80,0x80,0x80,0x80,0x80,0x80,
  27          0x80,0x80,0x00,0x00,0x70,0x70,0xFC,0x04,0x74,0x74,0x04,0x74,0x74,0x04,0x74,0x74,
  28          0x04,0x74,0x74,0x04,0x74,0x74,0x04,0xFC,0x00,0x00,0x00,0x00,0x00,0x00,0x00,0xFF,
  29          0xFF,0x00,0x00,0x00,0x00,0x00,0xFF,0xFF,0xFF,0xFF,0xFF,0xFF,0xFF,0xFF,0x00,0x00,
  30          0x00,0x00,0xFF,0xFF,0xFF,0xFF,0xFF,0xFF,0xFF,0xFF,0x00,0x00,0x00,0x00,0xFF,0xFF,
  31          0xFF,0xFF,0xFF,0xFF,0xFF,0xFF,0x00,0x00,0x00,0x00,0x80,0x80,0x80,0x80,0x80,0x83,
  32          0x84,0x84,0x02,0x07,0x00,0x07,0x02,0x04,0x04,0x03,0x00,0x03,0x04,0x04,0x04,0x02,
  33          0x00,0x00,0xFF,0xFF,0xFF,0xFF,0xFF,0xFF,0xFF,0xFF,0x00,0x00,0x00,0x00,0xFF,0xFF,
  34          0xFF,0xFF,0xFF,0xFF,0xFF,0xFF,0x00,0x00,0x00,0x00,0xFF,0xFF,0xFF,0xFF,0xFF,0xFF,
  35          0xFF,0xFF,0x00,0x00,0x00,0x00,0x81,0x81,0x81,0x81,0x81,0x81,0x81,0x81,0x01,0x01,
  36          0x01,0x01,0x01,0x01,0x01,0x01,0x01,0x01,0x00,0x00,0x00,0x00,0x00,0x00,0x00,0xFF,
  37          0xFF,0x00,0x00,0x00,0x00,0x00,0xFF,0xFF,0xFF,0xFF,0xFF,0xFF,0xFF,0xFF,0x00,0x00,
  38          0x00,0x00,0xFF,0xFF,0xFF,0xFF,0xFF,0xFF,0xFF,0xFF,0x00,0x00,0x00,0x00,0xFF,0xFF,
  39          0xFF,0xFF,0xFF,0xFF,0xFF,0xFF,0x00,0x00,0x00,0x00,0xFF,0xFF,0xFF,0xFF,0xFF,0xFF,
  40          0xFF,0xFF,0x00,0x00,0x00,0x00,0x80,0x80,0x80,0x80,0x80,0x80,0x80,0x80,0x00,0x00,
  41          0x00,0x00,0xFF,0xFF,0xFF,0xFF,0xFF,0xFF,0xFF,0xFF,0x00,0x00,0x00,0x00,0xFF,0xFF,
  42          0xFF,0xFF,0xFF,0xFF,0xFF,0xFF,0x00,0x00,0x00,0x00,0xFF,0xFF,0xFF,0xFF,0xFF,0xFF,
  43          0xFF,0xFF,0x00,0x00,0x00,0x00,0xFF,0xFF,0xFF,0xFF,0xFF,0xFF,0xFF,0xFF,0x00,0x00,
  44          0x00,0x00,0x80,0x80,0x80,0x80,0x80,0x80,0x80,0x80,0x00,0x00,0x00,0x00,0x00,0xFF,
  45          0xFF,0x00,0x00,0x00,0x00,0x00,0xFF,0xFF,0xFF,0xFF,0xFF,0xFF,0xFF,0xFF,0x00,0x00,
  46          0x00,0x00,0xFF,0xFF,0xFF,0xFF,0xFF,0xFF,0xFF,0xFF,0x00,0x00,0x00,0x00,0xFF,0xFF,
  47          0xFF,0xFF,0xFF,0xFF,0xFF,0xFF,0x00,0x00,0x00,0x00,0xFF,0xFF,0xFF,0xFF,0xFF,0xFF,
  48          0xFF,0xFF,0x00,0x00,0x00,0x00,0xFF,0xFF,0xFF,0xFF,0xFF,0xFF,0xFF,0xFF,0x00,0x00,
  49          0x00,0x00,0xFF,0xFF,0xFF,0xFF,0xFF,0xFF,0xFF,0xFF,0x00,0x00,0x00,0x00,0xFF,0xFF,
  50          0xFF,0xFF,0xFF,0xFF,0xFF,0xFF,0x00,0x00,0x00,0x00,0xFF,0xFF,0xFF,0xFF,0xFF,0xFF,
  51          0xFF,0xFF,0x00,0x00,0x00,0x00,0xFF,0xFF,0xFF,0xFF,0xFF,0xFF,0xFF,0xFF,0x00,0x00,
  52          0x00,0x00,0xFF,0xFF,0xFF,0xFF,0xFF,0xFF,0xFF,0xFF,0x00,0x00,0x00,0x00,0x00,0xFF,
  53          0xFF,0x00,0x00,0x00,0x00,0x00,0xFF,0xFF,0xFF,0xFF,0xFF,0xFF,0xFF,0xFF,0x00,0x00,
  54          0x00,0x00,0xFF,0xFF,0xFF,0xFF,0xFF,0xFF,0xFF,0xFF,0x00,0x00,0x00,0x00,0xFF,0xFF,
  55          0xFF,0xFF,0xFF,0xFF,0xFF,0xFF,0x00,0x00,0x00,0x00,0xFF,0xFF,0xFF,0xFF,0xFF,0xFF,
C51 COMPILER V9.60.7.0   PIC                                                               05/19/2025 09:04:31 PAGE 2   

  56          0xFF,0xFF,0x00,0x00,0x00,0x00,0xFF,0xFF,0xFF,0xFF,0xFF,0xFF,0xFF,0xFF,0x00,0x00,
  57          0x00,0x00,0xFF,0xFF,0xFF,0xFF,0xFF,0xFF,0xFF,0xFF,0x00,0x00,0x00,0x00,0xFF,0xFF,
  58          0xFF,0xFF,0xFF,0xFF,0xFF,0xFF,0x00,0x00,0x00,0x00,0xFF,0xFF,0xFF,0xFF,0xFF,0xFF,
  59          0xFF,0xFF,0x00,0x00,0x00,0x00,0xFF,0xFF,0xFF,0xFF,0xFF,0xFF,0xFF,0xFF,0x00,0x00,
  60          0x00,0x00,0xFF,0xFF,0xFF,0xFF,0xFF,0xFF,0xFF,0xFF,0x00,0x00,0x00,0x00,0x00,0xFF,
  61          0xFF,0x80,0x80,0x80,0x80,0x80,0xBF,0xBF,0xBF,0xBF,0xBF,0xBF,0xBF,0xBF,0x80,0x80,
  62          0x80,0x80,0xBF,0xBF,0xBF,0xBF,0xBF,0xBF,0xBF,0xBF,0x80,0x80,0x80,0x80,0xBF,0xBF,
  63          0xBF,0xBF,0xBF,0xBF,0xBF,0xBF,0x80,0x80,0x80,0x80,0xBF,0xBF,0xBF,0xBF,0xBF,0xBF,
  64          0xBF,0xBF,0x80,0x80,0x80,0x80,0xBF,0xBF,0xBF,0xBF,0xBF,0xBF,0xBF,0xBF,0x80,0x80,
  65          0x80,0x80,0xBF,0xBF,0xBF,0xBF,0xBF,0xBF,0xBF,0xBF,0x80,0x80,0x80,0x80,0xBF,0xBF,
  66          0xBF,0xBF,0xBF,0xBF,0xBF,0xBF,0x80,0x80,0x80,0x80,0xBF,0xBF,0xBF,0xBF,0xBF,0xBF,
  67          0xBF,0xBF,0x80,0x80,0x80,0x80,0xBF,0xBF,0xBF,0xBF,0xBF,0xBF,0xBF,0xBF,0x80,0x80,
  68          0x80,0x80,0xBF,0xBF,0xBF,0xBF,0xBF,0xBF,0xBF,0xBF,0x80,0x80,0x80,0x80,0x80,0xFF,
  69          };
  70          
  71          
  72          unsigned char code PIC_2[]=
  73          {
  74          /*--  调入了一幅图像：C:\Documents and Settings\Administrator\桌面\12864天山新LOGO.bmp  --*/
  75          /*--  宽度x高度=128x64  --*/
  76          0xFF,0x01,0xFD,0x05,0x85,0x85,0x85,0x85,0x85,0x85,0x85,0x85,0x85,0x85,0x85,0x85,
  77          0x85,0x85,0x85,0x05,0x05,0x05,0x85,0x85,0x85,0x85,0x85,0x85,0x85,0x85,0x85,0x85,
  78          0x05,0x05,0x05,0x05,0x85,0x85,0x85,0x85,0x85,0x85,0x85,0x85,0x85,0x05,0x85,0x85,
  79          0x85,0x85,0x85,0x05,0x05,0x05,0x05,0x85,0x85,0x85,0x85,0x85,0x05,0x05,0x05,0x05,
  80          0x85,0x85,0x85,0x85,0x85,0x85,0x85,0x85,0x85,0x85,0x05,0x85,0x85,0x85,0x85,0x85,
  81          0x05,0x05,0x05,0x05,0x85,0x85,0x85,0x85,0x85,0x05,0x85,0x85,0x85,0x85,0x85,0x05,
  82          0x05,0x85,0x85,0x85,0x85,0x05,0x05,0x05,0x85,0x85,0x85,0x85,0x05,0x05,0x05,0x05,
  83          0x85,0x85,0x85,0x85,0x85,0x85,0x85,0x85,0x85,0x85,0x05,0x05,0x05,0xFD,0x01,0xFF,
  84          0xFF,0x00,0xFF,0x00,0x07,0x07,0x07,0x07,0x07,0xFF,0xFF,0xFF,0xFF,0xFF,0x07,0x07,
  85          0x07,0x07,0x07,0x00,0xFE,0xFF,0xFF,0xFF,0xF7,0xF3,0xF3,0xF3,0xF3,0xF3,0xF3,0xF3,
  86          0x00,0x00,0xFC,0xFF,0xFF,0xFF,0x07,0x03,0x03,0x03,0x03,0x03,0x03,0x00,0xFF,0xFF,
  87          0xFF,0xFF,0xFF,0xF0,0xF0,0xF0,0xF0,0xFF,0xFF,0xFF,0xFF,0xFF,0x00,0x00,0x1E,0x3F,
  88          0x7F,0x7F,0xFF,0xF3,0xF3,0xE3,0xC3,0x83,0x03,0x03,0x00,0xFF,0xFF,0xFF,0xFF,0xFF,
  89          0xF0,0xF0,0xF0,0xF0,0xFF,0xFF,0xFF,0xFF,0xFF,0x00,0xF7,0xF7,0xF7,0xF7,0xF7,0x00,
  90          0x00,0xFF,0xFF,0xFF,0xFF,0x7E,0xF8,0xE0,0xFF,0xFF,0xFF,0xFF,0x00,0x00,0xFE,0xFF,
  91          0xFF,0xFF,0xF7,0xF3,0xF3,0xF3,0xF3,0xF3,0xF3,0xF3,0x00,0x00,0x00,0xFF,0x00,0xFF,
  92          0xFF,0x00,0xFF,0x00,0x00,0x00,0x00,0x00,0x00,0x1F,0x1F,0x1F,0x1F,0x1F,0x00,0x00,
  93          0x00,0x00,0x00,0x00,0x07,0x0F,0x1F,0x1F,0x1E,0x1C,0x1C,0x1C,0x1C,0x1C,0x1C,0x1C,
  94          0x00,0x00,0x03,0x0F,0x1F,0x1F,0x1E,0x1C,0x1C,0x1C,0x1C,0x1C,0x1C,0x00,0x1F,0x1F,
  95          0x1F,0x1F,0x1F,0x00,0x00,0x00,0x00,0x1F,0x1F,0x1F,0x1F,0x1F,0x00,0x00,0x1C,0x1C,
  96          0x1C,0x1C,0x1C,0x1C,0x1F,0x1F,0x1F,0x1F,0x0F,0x07,0x00,0x1F,0x1F,0x1F,0x1F,0x1F,
  97          0x00,0x00,0x00,0x00,0x1F,0x1F,0x1F,0x1F,0x1F,0x00,0x1F,0x1F,0x1F,0x1F,0x1F,0x00,
  98          0x00,0x1F,0x1F,0x1F,0x1F,0x00,0x01,0x07,0x1F,0x1F,0x1F,0x1F,0x00,0x00,0x07,0x0F,
  99          0x1F,0x1F,0x1E,0x1C,0x1C,0x1C,0x1C,0x1C,0x1C,0x1C,0x00,0x00,0x00,0xFF,0x00,0xFF,
 100          0xFF,0x00,0xFF,0x00,0x00,0x00,0x00,0x00,0x00,0x00,0x00,0x00,0x00,0x00,0x00,0x00,
 101          0x00,0x00,0x00,0x00,0x00,0x00,0x00,0x00,0x00,0x00,0x00,0x00,0x00,0x00,0x00,0x00,
 102          0x00,0x00,0x00,0x00,0x00,0x00,0x00,0x00,0x00,0x00,0x00,0x00,0x00,0x00,0x00,0x00,
 103          0x00,0x00,0x00,0x00,0x00,0x00,0x00,0x00,0x00,0x00,0x00,0x00,0x00,0x60,0x66,0x66,
 104          0x66,0x66,0xFE,0xFE,0x66,0x66,0x66,0x66,0x60,0x00,0x00,0xF8,0xF8,0x00,0x00,0xFE,
 105          0xFE,0x00,0x00,0xF8,0xF8,0x00,0x50,0xF8,0xE6,0xBC,0xA0,0xBE,0xA0,0xFC,0xF0,0x1C,
 106          0x98,0x78,0x08,0x00,0xF8,0xF8,0xD8,0xD8,0xFE,0xFE,0xD8,0xD8,0xF8,0xF8,0x00,0xC0,
 107          0xCC,0xCC,0xCC,0xCC,0xEC,0xEC,0xFC,0xDC,0xCC,0xC0,0x00,0x00,0x00,0xFF,0x00,0xFF,
 108          0xFF,0x00,0xFF,0x00,0x00,0x00,0x00,0x00,0x00,0x00,0x00,0x00,0x00,0x00,0x00,0x00,
 109          0x00,0x00,0x00,0x00,0x00,0x00,0x00,0x00,0x00,0x00,0x00,0x00,0x00,0x00,0x00,0x00,
 110          0x00,0x00,0x00,0x00,0x00,0x00,0x00,0x00,0x00,0x00,0x00,0x00,0x00,0x00,0x00,0x00,
 111          0x00,0x00,0x00,0x00,0x00,0x00,0x00,0x00,0x00,0x00,0x00,0x00,0x00,0x08,0x08,0x0C,
 112          0x06,0x03,0x03,0x01,0x03,0x06,0x0C,0x0C,0x08,0x00,0x00,0x0F,0x0F,0x0C,0x0C,0x0F,
 113          0x0F,0x0C,0x0C,0x0F,0x0F,0x00,0x00,0x1F,0x1F,0x0C,0x07,0x00,0x0F,0x19,0x0C,0x07,
 114          0x07,0x0C,0x18,0x00,0x07,0x07,0x06,0x06,0x1F,0x1F,0x16,0x16,0x17,0x17,0x18,0x00,
 115          0x00,0x18,0x18,0x18,0x1F,0x0F,0x00,0x00,0x00,0x00,0x00,0x00,0x00,0xFF,0x00,0xFF,
 116          0xFF,0x00,0xFF,0x00,0x00,0x00,0x00,0x00,0x00,0x00,0x00,0x00,0x00,0x00,0x00,0x00,
 117          0x00,0x00,0x00,0x00,0x10,0x10,0xF8,0x00,0x00,0x00,0x00,0x00,0x70,0x08,0x08,0x08,
C51 COMPILER V9.60.7.0   PIC                                                               05/19/2025 09:04:31 PAGE 3   

 118          0x88,0x70,0x00,0x00,0x70,0x88,0x08,0x08,0x88,0x70,0x00,0x40,0x40,0x80,0xF0,0x80,
 119          0x40,0x40,0x00,0x00,0xE0,0x10,0x88,0x88,0x18,0x00,0x00,0x00,0x00,0xC0,0x20,0x10,
 120          0xF8,0x00,0x00,0x00,0x00,0x00,0x00,0x00,0x00,0x00,0x00,0x08,0xF8,0x08,0x08,0x08,
 121          0x10,0xE0,0x00,0xE0,0x10,0x08,0x08,0x08,0x10,0xE0,0x00,0x18,0x08,0x08,0xF8,0x08,
 122          0x08,0x18,0x00,0x00,0x70,0x88,0x08,0x08,0x08,0x30,0x00,0x00,0x00,0x00,0x00,0x00,
 123          0x00,0x00,0x00,0x00,0x00,0x00,0x00,0x00,0x00,0x00,0x00,0x00,0x00,0xFF,0x00,0xFF,
 124          0xFF,0x00,0xFF,0x00,0x00,0x00,0x00,0x00,0x00,0x00,0x00,0x00,0x00,0x00,0x00,0x00,
 125          0x00,0x00,0x00,0x00,0x20,0x20,0x3F,0x20,0x20,0x00,0x00,0x00,0x30,0x28,0x24,0x22,
 126          0x21,0x30,0x00,0x00,0x1C,0x22,0x21,0x21,0x22,0x1C,0x00,0x02,0x02,0x01,0x0F,0x01,
 127          0x02,0x02,0x00,0x00,0x0F,0x11,0x20,0x20,0x11,0x0E,0x00,0x00,0x07,0x04,0x24,0x24,
 128          0x3F,0x24,0x00,0x00,0x00,0x00,0x00,0x00,0x00,0x00,0x00,0x20,0x3F,0x20,0x20,0x20,
 129          0x10,0x0F,0x00,0x0F,0x10,0x20,0x20,0x20,0x10,0x0F,0x00,0x00,0x00,0x20,0x3F,0x20,
 130          0x00,0x00,0x00,0x00,0x18,0x20,0x21,0x21,0x22,0x1C,0x00,0x00,0x00,0x00,0x00,0x00,
 131          0x00,0x00,0x00,0x00,0x00,0x00,0x00,0x00,0x00,0x00,0x00,0x00,0x00,0xFF,0x00,0xFF,
 132          0xFF,0x80,0xBF,0xA0,0xA0,0xA0,0xA0,0xA0,0xA0,0xA0,0xA0,0xA0,0xA0,0xA0,0xA0,0xA0,
 133          0xA0,0xA0,0xA0,0xA0,0xA0,0xA0,0xA0,0xA0,0xA0,0xA0,0xA0,0xA0,0xA0,0xA0,0xA0,0xA0,
 134          0xA0,0xA0,0xA0,0xA0,0xA0,0xA0,0xA0,0xA0,0xA0,0xA0,0xA0,0xA0,0xA0,0xA0,0xA0,0xA0,
 135          0xA0,0xA0,0xA0,0xA0,0xA0,0xA0,0xA0,0xA0,0xA0,0xA0,0xA0,0xA0,0xA0,0xA0,0xA0,0xA0,
 136          0xA0,0xA0,0xA0,0xA0,0xA0,0xA0,0xA0,0xA0,0xA0,0xA0,0xA0,0xA0,0xA0,0xA0,0xA0,0xA0,
 137          0xA0,0xA0,0xA0,0xA0,0xA0,0xA0,0xA0,0xA0,0xA0,0xA0,0xA0,0xA0,0xA0,0xA0,0xA0,0xA0,
 138          0xA0,0xA0,0xA0,0xA0,0xA0,0xA0,0xA0,0xA0,0xA0,0xA0,0xA0,0xA0,0xA0,0xA0,0xA0,0xA0,
 139          0xA0,0xA0,0xA0,0xA0,0xA0,0xA0,0xA0,0xA0,0xA0,0xA0,0xA0,0xA0,0xA0,0xBF,0x80,0xFF,
 140          
 141          };
 142          
 143          unsigned char code PIC_3[]=
 144          {
 145          /*--  调入了一幅图像：C:\Documents and Settings\Administrator\桌面\TIANMA.bmp  --*/
 146          /*--  宽度x高度=128x64  --*/
 147          0xFF,0x01,0x01,0x01,0x01,0x01,0x01,0x01,0x01,0x01,0x01,0x01,0x01,0x01,0x01,0x01,
 148          0x01,0x01,0x01,0x01,0x01,0x01,0x01,0x01,0x01,0x01,0x01,0x01,0x01,0x01,0x01,0x01,
 149          0x01,0x01,0x01,0x01,0x01,0x01,0x01,0x01,0x01,0x01,0x01,0x01,0x01,0x01,0x01,0x01,
 150          0x01,0x01,0x01,0x01,0x01,0x01,0x01,0x01,0x01,0x01,0x01,0x01,0x01,0x01,0x01,0x01,
 151          0x01,0x01,0x01,0x01,0x01,0x01,0x01,0x01,0x01,0x01,0x01,0x01,0x01,0x01,0x01,0x01,
 152          0x01,0x01,0x01,0x01,0x01,0x01,0x01,0x01,0x01,0x01,0x01,0x01,0x01,0x01,0x01,0x01,
 153          0x01,0x01,0x01,0x01,0x01,0x01,0x01,0x01,0x01,0x01,0x01,0x01,0x01,0x01,0x01,0x01,
 154          0x01,0x01,0x01,0x01,0x01,0x01,0x01,0x01,0x01,0x01,0x01,0x01,0x01,0x01,0x01,0xFF,
 155          0xFF,0x00,0x00,0x00,0x00,0x00,0x00,0x00,0x00,0x00,0x00,0x00,0x00,0x00,0x00,0x00,
 156          0x00,0x00,0x00,0x80,0x80,0x80,0x80,0x80,0x00,0x00,0x00,0x00,0x80,0x00,0x00,0x00,
 157          0x00,0x00,0x00,0x80,0x00,0x00,0x00,0x00,0x80,0x00,0x00,0x00,0x80,0x00,0x00,0x80,
 158          0x00,0x00,0x00,0x80,0x00,0x00,0x00,0x00,0x80,0x00,0x00,0x00,0x00,0x00,0x00,0x00,
 159          0x00,0x00,0x00,0x00,0x80,0x00,0x00,0x00,0x80,0x00,0x00,0x00,0x80,0x80,0x00,0x00,
 160          0x00,0x00,0x80,0x80,0x80,0x00,0x00,0x00,0x00,0x80,0x00,0x00,0x00,0x80,0x00,0x00,
 161          0x80,0x00,0x00,0x00,0x00,0x00,0x00,0x80,0x80,0x80,0x80,0x80,0x00,0x00,0x00,0x00,
 162          0x00,0x00,0x00,0x00,0x00,0x00,0x00,0x00,0x00,0x00,0x00,0x00,0x00,0x00,0x00,0xFF,
 163          0xFF,0x00,0x00,0x00,0x00,0x00,0x00,0x00,0x00,0x00,0x00,0x00,0x00,0x00,0x00,0x00,
 164          0x00,0x00,0x00,0x00,0x00,0xFF,0x00,0x00,0x00,0x00,0x00,0x00,0xFF,0x00,0x00,0x00,
 165          0x00,0xC0,0x3E,0x11,0x3E,0xC0,0x00,0x00,0xFF,0x03,0x1C,0x60,0xFF,0x00,0x00,0xFF,
 166          0x0E,0xF0,0x0E,0xFF,0x00,0x00,0xC0,0x3E,0x11,0x3E,0xC0,0x00,0x00,0x00,0x00,0x00,
 167          0x00,0x00,0x00,0x00,0xFF,0x0E,0xF0,0x0E,0xFF,0x00,0x3E,0x41,0x80,0x80,0x41,0x3E,
 168          0x00,0x00,0xFF,0x80,0x80,0x41,0x3E,0x00,0x00,0x7F,0x80,0x80,0x80,0x7F,0x00,0x00,
 169          0xFF,0x80,0x80,0x80,0x80,0x00,0x00,0xFF,0x88,0x88,0x88,0x80,0x00,0x00,0x00,0x00,
 170          0x00,0x00,0x00,0x00,0x00,0x00,0x00,0x00,0x00,0x00,0x00,0x00,0x00,0x00,0x00,0xFF,
 171          0xFF,0x00,0x00,0x00,0x00,0x00,0x00,0x00,0x00,0x00,0x00,0x00,0x00,0x00,0x00,0x00,
 172          0x00,0x00,0x00,0x00,0x00,0x00,0x00,0x00,0x00,0x00,0x00,0x00,0x00,0x00,0x00,0x00,
 173          0x00,0x00,0x00,0x00,0x00,0x00,0x00,0x00,0x00,0x00,0x00,0x00,0x00,0x00,0x00,0x00,
 174          0x00,0x00,0x00,0x00,0x00,0x00,0x00,0x00,0x00,0x00,0x00,0x00,0x00,0x00,0x00,0x00,
 175          0x00,0x00,0x00,0x00,0x00,0x00,0x00,0x00,0x00,0x00,0x00,0x00,0x00,0x00,0x00,0x00,
 176          0x00,0x00,0x00,0x00,0x00,0x00,0x00,0x00,0x00,0x00,0x00,0x00,0x00,0x00,0x00,0x00,
 177          0x00,0x00,0x00,0x00,0x00,0x00,0x00,0x00,0x00,0x00,0x00,0x00,0x00,0x00,0x00,0x00,
 178          0x00,0x00,0x00,0x00,0x00,0x00,0x00,0x00,0x00,0x00,0x00,0x00,0x00,0x00,0x00,0xFF,
 179          0xFF,0x00,0x00,0x00,0x00,0x00,0x00,0x00,0x00,0x00,0x00,0x00,0x40,0x40,0xE0,0x00,
C51 COMPILER V9.60.7.0   PIC                                                               05/19/2025 09:04:31 PAGE 4   

 180          0x00,0x00,0x00,0xC0,0x20,0x20,0x20,0xC0,0x00,0x00,0xC0,0x20,0x20,0x20,0xC0,0x00,
 181          0x00,0x00,0x00,0x40,0x80,0x00,0x00,0x00,0x80,0x40,0x00,0x00,0x00,0x00,0x80,0x40,
 182          0x20,0x20,0x40,0x00,0x00,0x00,0x80,0x40,0xE0,0x00,0x00,0x00,0x00,0x00,0x00,0x00,
 183          0x00,0x00,0x80,0x40,0x20,0x20,0x20,0xC0,0x00,0x80,0x40,0x20,0x20,0x40,0x80,0x00,
 184          0x80,0x40,0x20,0x20,0x20,0xC0,0x00,0x00,0x00,0x00,0x00,0x00,0x00,0x00,0x00,0xE0,
 185          0x00,0x00,0x00,0x00,0x00,0x80,0x40,0x20,0x20,0x20,0xC0,0x00,0x00,0xE0,0x20,0x20,
 186          0x40,0x80,0x00,0x00,0x00,0x00,0x00,0x00,0x00,0x00,0x00,0x00,0x00,0x00,0x00,0xFF,
 187          0xFF,0x00,0x00,0x00,0x00,0x00,0x00,0x00,0x00,0x00,0x00,0x00,0x00,0x00,0x3F,0x00,
 188          0x00,0x00,0x00,0x30,0x28,0x24,0x22,0x21,0x00,0x00,0x1D,0x22,0x22,0x22,0x1D,0x00,
 189          0x00,0x00,0x00,0x10,0x08,0x05,0x02,0x05,0x08,0x10,0x00,0x00,0x00,0x00,0x1F,0x21,
 190          0x21,0x21,0x1E,0x00,0x0C,0x0A,0x09,0x08,0x3F,0x08,0x00,0x00,0x00,0x00,0x00,0x00,
 191          0x00,0x00,0x0F,0x10,0x20,0x20,0x20,0x18,0x00,0x0F,0x10,0x20,0x20,0x10,0x0F,0x00,
 192          0x0F,0x10,0x20,0x22,0x12,0x3E,0x00,0x00,0x00,0x00,0x00,0x00,0x00,0x00,0x00,0x3F,
 193          0x20,0x20,0x20,0x20,0x00,0x0F,0x10,0x20,0x20,0x20,0x18,0x00,0x00,0x3F,0x20,0x20,
 194          0x10,0x0F,0x00,0x00,0x00,0x00,0x00,0x00,0x00,0x00,0x00,0x00,0x00,0x00,0x00,0xFF,
 195          0xFF,0x00,0x00,0x00,0x00,0x00,0x00,0x00,0x00,0x00,0x00,0x00,0x00,0x00,0x00,0x00,
 196          0x00,0x00,0x00,0x00,0x00,0x00,0x00,0x00,0x00,0x00,0x00,0x00,0x00,0x00,0x00,0x00,
 197          0x00,0x00,0x00,0x00,0x00,0x00,0x00,0x00,0x00,0x00,0x00,0x00,0x00,0x00,0x00,0x00,
 198          0x00,0x00,0x00,0x00,0x00,0x00,0x00,0x00,0x00,0x00,0x00,0x00,0x00,0x00,0x00,0x00,
 199          0x00,0x00,0x00,0x00,0x00,0x00,0x00,0x00,0x00,0x00,0x00,0x00,0x00,0x00,0x00,0x00,
 200          0x00,0x00,0x00,0x00,0x00,0x00,0x00,0x00,0x00,0x00,0x00,0x00,0x00,0x00,0x00,0x00,
 201          0x00,0x00,0x00,0x00,0x00,0x00,0x00,0x00,0x00,0x00,0x00,0x00,0x00,0x00,0x00,0x00,
 202          0x00,0x00,0x00,0x00,0x00,0x00,0x00,0x00,0x00,0x00,0x00,0x00,0x00,0x00,0x00,0xFF,
 203          0xFF,0x80,0x80,0x80,0x80,0x80,0x80,0x80,0x80,0x80,0x80,0x80,0x80,0x80,0x80,0x80,
 204          0x80,0x80,0x80,0x80,0x80,0x80,0x80,0x80,0x80,0x80,0x80,0x80,0x80,0x80,0x80,0x80,
 205          0x80,0x80,0x80,0x80,0x80,0x80,0x80,0x80,0x80,0x80,0x80,0x80,0x80,0x80,0x80,0x80,
 206          0x80,0x80,0x80,0x80,0x80,0x80,0x80,0x80,0x80,0x80,0x80,0x80,0x80,0x80,0x80,0x80,
 207          0x80,0x80,0x80,0x80,0x80,0x80,0x80,0x80,0x80,0x80,0x80,0x80,0x80,0x80,0x80,0x80,
 208          0x80,0x80,0x80,0x80,0x80,0x80,0x80,0x80,0x80,0x80,0x80,0x80,0x80,0x80,0x80,0x80,
 209          0x80,0x80,0x80,0x80,0x80,0x80,0x80,0x80,0x80,0x80,0x80,0x80,0x80,0x80,0x80,0x80,
 210          0x80,0x80,0x80,0x80,0x80,0x80,0x80,0x80,0x80,0x80,0x80,0x80,0x80,0x80,0x80,0xFF,
 211          
 212          
 213          
 214          };
 215          
 216          unsigned char code PIC_CS[]=
 217          {
 218          /*--  调入了一幅图像：C:\Documents and Settings\Administrator\桌面\12864-CS端已断开.bmp  --*/
 219          /*--  宽度x高度=128x64  --*/
 220          0x00,0x00,0x00,0x00,0x00,0x00,0x00,0x00,0x00,0x00,0x00,0x00,0x00,0x00,0x00,0x00,
 221          0x00,0x00,0x00,0x00,0x00,0x00,0x00,0x00,0x00,0x00,0x00,0x00,0x00,0x00,0x00,0x00,
 222          0x00,0x00,0x00,0x00,0x00,0x00,0x00,0x00,0x00,0x00,0x00,0x00,0x00,0x00,0x00,0x00,
 223          0x00,0x00,0x00,0x00,0x00,0x00,0x00,0x00,0x00,0x00,0x00,0x00,0x00,0x00,0x00,0x00,
 224          0x00,0x00,0x00,0x00,0x00,0x00,0x00,0x00,0x00,0x00,0x00,0x00,0x00,0x00,0x00,0x00,
 225          0x00,0x00,0x00,0x00,0x00,0x00,0x00,0x00,0x00,0x00,0x00,0x00,0x00,0x00,0x00,0x00,
 226          0x00,0x00,0x00,0x00,0x00,0x00,0x00,0x00,0x00,0x00,0x00,0x00,0x00,0x00,0x00,0x00,
 227          0x00,0x00,0x00,0x00,0x00,0x00,0x00,0x00,0x00,0x00,0x00,0x00,0x00,0x00,0x00,0x00,
 228          0x00,0x00,0x00,0x00,0x00,0x00,0x00,0x00,0x00,0x00,0x00,0x00,0x00,0x00,0x00,0x00,
 229          0x00,0x00,0x00,0x00,0x00,0x00,0x00,0x00,0x00,0x00,0x00,0x00,0x00,0x00,0x00,0x00,
 230          0x00,0x00,0x00,0x00,0x00,0x00,0x00,0x00,0x00,0x00,0x00,0x00,0x00,0x00,0x00,0x00,
 231          0x00,0x00,0x00,0x00,0x00,0x00,0x00,0x00,0x00,0x00,0x00,0x00,0x00,0x00,0x00,0x00,
 232          0x00,0x00,0x00,0x00,0x00,0x00,0x00,0x00,0x00,0x00,0x00,0x00,0x00,0x00,0x00,0x00,
 233          0x00,0x00,0x00,0x00,0x00,0x00,0x00,0x00,0x00,0x00,0x00,0x00,0x00,0x00,0x00,0x00,
 234          0x00,0x00,0x00,0x00,0x00,0x00,0x00,0x00,0x00,0x00,0x00,0x00,0x00,0x00,0x00,0x00,
 235          0x00,0x00,0x00,0x00,0x00,0x00,0x00,0x00,0x00,0x00,0x00,0x00,0x00,0x00,0x00,0x00,
 236          0x00,0x00,0x00,0x00,0x00,0x00,0x00,0x00,0x00,0x00,0x00,0x00,0x00,0x20,0x40,0x00,
 237          0x00,0x00,0x20,0x40,0x00,0x00,0x00,0x00,0x00,0x00,0x40,0x40,0x40,0xC0,0x60,0x40,
 238          0xC0,0x40,0x40,0x40,0x00,0x00,0x00,0x00,0x00,0xC0,0x00,0x00,0x00,0x00,0x00,0x00,
 239          0x00,0x00,0x00,0x00,0x00,0x80,0x80,0x80,0x80,0x00,0x00,0x00,0x80,0x80,0x80,0x80,
 240          0x00,0x00,0x20,0x40,0x00,0x00,0xC0,0x00,0x00,0xE0,0x00,0xC0,0x00,0x00,0x00,0x40,
 241          0x40,0x40,0x40,0x40,0x40,0x40,0x40,0xC0,0x00,0x00,0x00,0x00,0xC0,0x00,0x80,0xE0,
C51 COMPILER V9.60.7.0   PIC                                                               05/19/2025 09:04:31 PAGE 5   

 242          0x80,0x00,0xC0,0x40,0x40,0x20,0x20,0x00,0x00,0x00,0x40,0x40,0xC0,0x40,0x40,0x40,
 243          0xC0,0x60,0x40,0x00,0x00,0x00,0x00,0x00,0x00,0x00,0x00,0x00,0x00,0x00,0x00,0x00,
 244          0x00,0x00,0x00,0x00,0x00,0x00,0x00,0x00,0x00,0x00,0x00,0x00,0x21,0xF2,0x08,0x04,
 245          0x11,0x11,0x11,0xFF,0x11,0x11,0x91,0x01,0x00,0x01,0xC1,0x1F,0xD5,0x15,0x35,0x55,
 246          0x15,0x95,0x5F,0x81,0x01,0x00,0x00,0x00,0x00,0x6F,0x00,0x00,0x00,0x00,0x00,0x00,
 247          0x00,0x00,0x00,0x3E,0x41,0x80,0x80,0x80,0x41,0x00,0x00,0xC3,0x84,0x88,0x88,0x71,
 248          0x00,0x41,0x4D,0x31,0x2F,0x01,0xF5,0x15,0xFD,0x15,0xF5,0x15,0xF4,0x00,0x00,0x00,
 249          0xFE,0x04,0x04,0x04,0x04,0x04,0x04,0x07,0x00,0xE0,0x00,0x00,0xFF,0x92,0x8A,0xBF,
 250          0x0A,0x92,0x7F,0x02,0x02,0xFE,0x02,0x00,0x00,0x04,0x84,0x44,0x3F,0x04,0x04,0x04,
 251          0xFF,0x04,0x04,0x04,0x00,0x00,0x00,0x00,0x00,0x00,0x00,0x00,0x00,0x00,0x00,0x00,
 252          0x00,0x00,0x00,0x00,0x00,0x00,0x00,0x00,0x00,0x00,0x00,0x00,0x00,0x01,0x00,0x01,
 253          0x01,0x01,0x01,0x01,0x01,0x01,0x01,0x01,0x00,0x01,0x00,0x00,0x00,0x01,0x01,0x01,
 254          0x01,0x01,0x00,0x01,0x00,0x00,0x00,0x00,0x00,0x00,0x00,0x00,0x00,0x00,0x00,0x00,
 255          0x00,0x00,0x00,0x00,0x00,0x00,0x00,0x00,0x00,0x00,0x00,0x00,0x00,0x00,0x00,0x00,
 256          0x00,0x00,0x00,0x00,0x00,0x00,0x01,0x00,0x00,0x00,0x00,0x01,0x01,0x00,0x00,0x00,
 257          0x00,0x01,0x01,0x01,0x01,0x01,0x01,0x01,0x01,0x01,0x00,0x00,0x00,0x00,0x00,0x00,
 258          0x01,0x00,0x00,0x00,0x00,0x01,0x00,0x00,0x00,0x01,0x00,0x00,0x00,0x00,0x00,0x00,
 259          0x01,0x00,0x00,0x00,0x00,0x00,0x00,0x00,0x00,0x00,0x00,0x00,0x00,0x00,0x00,0x00,
 260          0x00,0x00,0x00,0x00,0x00,0x00,0x00,0x00,0x00,0x00,0x00,0x00,0x00,0x00,0x00,0x00,
 261          0x00,0x00,0x00,0x00,0x00,0x00,0x00,0x00,0x00,0x00,0x00,0x00,0x00,0x00,0x00,0x00,
 262          0x00,0x00,0x00,0x00,0x00,0x00,0x00,0x00,0x00,0x00,0x00,0x00,0x00,0x00,0x00,0x00,
 263          0x00,0x00,0x00,0x00,0x00,0x00,0x00,0x00,0x00,0x00,0x00,0x00,0x00,0x00,0x00,0x00,
 264          0x00,0x00,0x00,0x00,0x00,0x00,0x00,0x00,0x00,0x00,0x00,0x00,0x00,0x00,0x00,0x00,
 265          0x00,0x00,0x00,0x00,0x00,0x00,0x00,0x00,0x00,0x00,0x00,0x00,0x00,0x00,0x00,0x00,
 266          0x00,0x00,0x00,0x00,0x00,0x00,0x00,0x00,0x00,0x00,0x00,0x00,0x00,0x00,0x00,0x00,
 267          0x00,0x00,0x00,0x00,0x00,0x00,0x00,0x00,0x00,0x00,0x00,0x00,0x00,0x00,0x00,0x00,
 268          0x00,0x00,0x00,0x00,0x00,0x00,0x00,0x00,0x00,0x00,0x00,0x00,0x00,0x00,0x00,0x00,
 269          0x00,0x00,0x00,0x00,0x00,0x00,0x00,0x00,0x00,0x00,0x00,0x00,0x00,0x00,0x00,0x00,
 270          0x00,0x00,0x00,0x00,0x00,0x00,0x00,0x00,0x00,0x00,0x00,0x00,0x00,0x00,0x00,0x00,
 271          0x00,0x00,0x00,0x00,0x00,0x00,0x00,0x00,0x00,0x00,0x00,0x00,0x00,0x00,0x00,0x00,
 272          0x00,0x00,0x00,0x00,0x00,0x00,0x00,0x00,0x00,0x00,0x00,0x00,0x00,0x00,0x00,0x00,
 273          0x00,0x00,0x00,0x00,0x00,0x00,0x00,0x00,0x00,0x00,0x00,0x00,0x00,0x00,0x00,0x00,
 274          0x00,0x00,0x00,0x00,0x00,0x00,0x00,0x00,0x00,0x00,0x00,0x00,0x00,0x00,0x00,0x00,
 275          0x00,0x00,0x00,0x00,0x00,0x00,0x00,0x00,0x00,0x00,0x00,0x00,0x00,0x00,0x00,0x00,
 276          0x00,0x00,0x00,0x00,0x00,0x00,0x00,0x00,0x00,0x00,0x00,0x00,0x00,0x00,0x00,0x00,
 277          0x00,0x00,0x00,0x00,0x00,0x00,0x00,0x00,0x00,0x00,0x00,0x00,0x00,0x00,0x00,0x00,
 278          0x00,0x00,0x00,0x00,0x00,0x00,0x00,0x00,0x00,0x00,0x00,0x00,0x00,0x00,0x00,0x00,
 279          0x00,0x00,0x00,0x00,0x00,0x00,0x00,0x00,0x00,0x00,0x00,0x00,0x00,0x00,0x00,0x00,
 280          0x00,0x00,0x00,0x00,0x00,0x00,0x00,0x00,0x00,0x00,0x00,0x00,0x00,0x00,0x00,0x00,
 281          0x00,0x00,0x00,0x00,0x00,0x00,0x00,0x00,0x00,0x00,0x00,0x00,0x00,0x00,0x00,0x00,
 282          0x00,0x00,0x00,0x00,0x00,0x00,0x00,0x00,0x00,0x00,0x00,0x00,0x00,0x00,0x00,0x00,
 283          0x00,0x00,0x00,0x00,0x00,0x00,0x00,0x00,0x00,0x00,0x00,0x00,0x00,0x00,0x00,0x00,
 284          
 285          };
 286          
 287          unsigned char code PIC_5[]=
 288          {
 289           /*--  调入了一幅图像：C:\Users\Lenovo\Desktop\13264烨辉logo.bmp  --*/
 290          /*--  宽度x高度=132x64  --*/
 291          0xFF,0xFF,0x03,0x03,0x03,0x03,0x03,0x03,0x03,0x03,0x03,0x03,0x03,0x03,0x03,0x03,
 292          0x03,0x03,0x03,0x03,0x03,0x03,0x03,0x03,0x03,0x03,0x03,0x03,0x03,0x03,0x03,0x03,
 293          0x03,0x03,0x03,0x03,0x83,0x83,0x83,0x83,0xC3,0xC3,0xC3,0xC3,0xE3,0xC3,0x03,0xE3,
 294          0xE3,0xE3,0xE3,0xF3,0x73,0x73,0x73,0x73,0x73,0x73,0x03,0x03,0x73,0x73,0x73,0x73,
 295          0x73,0x73,0x73,0x33,0xF3,0xF3,0xF3,0xF3,0x73,0x73,0xF3,0xF3,0xF3,0xF3,0x03,0x03,
 296          0xE3,0xE3,0xE3,0xE3,0xE3,0xE3,0xC3,0xC3,0xC3,0xC3,0xC3,0x83,0x83,0x83,0x03,0x03,
 297          0x03,0x03,0x03,0x03,0x03,0x03,0x03,0x03,0x03,0x03,0x03,0x03,0x03,0x03,0x03,0x03,
 298          0x03,0x03,0x03,0x03,0x03,0x03,0x03,0x03,0x03,0x03,0x03,0x03,0x03,0x03,0x03,0x03,
 299          0x03,0x03,0xFF,0xFF,0xFF,0xFF,0x00,0x00,0x00,0x00,0x00,0x00,0x00,0x00,0x00,0x00,
 300          0x00,0x00,0x00,0x00,0x00,0x00,0x00,0x00,0x00,0x80,0xC0,0xC0,0x00,0xF0,0xF0,0xF8,
 301          0xF8,0xFC,0x00,0x00,0xFE,0xFF,0xFF,0xFF,0x07,0x07,0x03,0xFF,0xFF,0xFF,0xFF,0x01,
 302          0x01,0x00,0x00,0xFF,0xFF,0xFF,0xFF,0xFF,0xE0,0xE0,0xF0,0x70,0x60,0x40,0x00,0x00,
 303          0xFF,0xFF,0xFF,0xFF,0xFF,0x00,0x00,0x00,0xFF,0xFF,0xFF,0xFF,0x00,0x00,0xFF,0xFF,
C51 COMPILER V9.60.7.0   PIC                                                               05/19/2025 09:04:31 PAGE 6   

 304          0xFF,0xFF,0x00,0x00,0xFF,0xFF,0xFF,0xFF,0x00,0x01,0x01,0x01,0xE1,0xE1,0xE3,0xE3,
 305          0x03,0x07,0x07,0x07,0x0F,0x0F,0x0E,0x1E,0x1C,0x3C,0x38,0x78,0x70,0xF0,0xE0,0xE0,
 306          0xC0,0x80,0x00,0x00,0x00,0x00,0x00,0x00,0x00,0x00,0x00,0x00,0x00,0x00,0x00,0x00,
 307          0x00,0x00,0x00,0x00,0x00,0x00,0xFF,0xFF,0xFF,0xFF,0x00,0x00,0x00,0x00,0x00,0x00,
 308          0x00,0x00,0x00,0x00,0x00,0x00,0x00,0x80,0xE0,0xF8,0xFC,0xFE,0x1F,0x0F,0x07,0x03,
 309          0x00,0xFF,0xFF,0xFF,0xFF,0xFF,0x00,0x00,0x3F,0x3F,0x3F,0x3F,0x00,0x00,0x00,0x1F,
 310          0x1F,0x1F,0x1F,0x80,0x80,0x80,0x80,0x9F,0x3F,0x7F,0x7F,0x7F,0x70,0x70,0x70,0x70,
 311          0x70,0x70,0x00,0x00,0x71,0x71,0x71,0xF1,0xF1,0xF0,0xF0,0xF0,0x7F,0x7F,0xFF,0xFF,
 312          0xF0,0xF0,0x70,0x70,0x70,0x70,0x00,0x00,0x01,0x71,0x71,0x71,0x70,0x70,0x70,0x70,
 313          0xFF,0xFF,0xFF,0xFF,0x70,0x70,0x70,0x70,0x70,0x70,0x70,0x70,0x70,0x70,0x77,0x77,
 314          0x77,0x77,0x77,0x77,0x77,0x77,0x77,0xF6,0xF6,0xF0,0xE0,0x00,0x00,0x00,0x00,0x00,
 315          0x00,0x00,0x00,0x00,0x00,0x00,0x00,0x00,0x00,0x00,0xFF,0xFF,0xFF,0xFF,0x00,0x00,
 316          0x00,0x00,0x00,0x00,0x00,0x00,0x00,0x00,0x00,0x00,0x00,0x0F,0x7F,0x7F,0x3F,0x99,
 317          0xC0,0x80,0x00,0x00,0x00,0xFF,0xFF,0xFF,0xFF,0xFF,0x0E,0x0E,0xFE,0xFE,0xFE,0xFE,
 318          0x00,0x0E,0x0E,0x0E,0x0E,0x0E,0x0E,0xEE,0xFF,0xFF,0xFF,0xFF,0x0E,0x0E,0x0E,0x0E,
 319          0x0E,0x0E,0x0E,0x0E,0x0E,0x0E,0x00,0x00,0x00,0x00,0x00,0xFF,0xFF,0xFF,0xFF,0xFF,
 320          0x00,0x00,0xFF,0xFF,0xFF,0xFF,0x00,0x00,0x00,0x00,0x00,0x00,0x00,0x00,0x00,0x00,
 321          0x00,0x00,0x00,0x00,0x3F,0x3F,0x3F,0x3F,0x38,0x38,0x38,0x38,0xBF,0xFF,0xFF,0xFF,
 322          0xFF,0x38,0x38,0x38,0x38,0x38,0x38,0x38,0x38,0xB8,0xF8,0xFD,0xFF,0xFF,0x3F,0x07,
 323          0x00,0x00,0x00,0x00,0x00,0x00,0x00,0x00,0x00,0x00,0x00,0x00,0x00,0x00,0xFF,0xFF,
 324          0xFF,0xFF,0x00,0x00,0x00,0x00,0x00,0x00,0x00,0x00,0x00,0x00,0x00,0x00,0x00,0x00,
 325          0x00,0x00,0x01,0x03,0x07,0x0F,0x1F,0x3E,0x3C,0x7F,0x7F,0xFF,0xFF,0xFF,0x00,0x00,
 326          0xFF,0xFF,0xFF,0xFF,0x00,0x00,0x00,0x00,0x00,0x00,0x00,0xFF,0xFF,0xFF,0xFF,0xFF,
 327          0x00,0x00,0x00,0x00,0x00,0x00,0x00,0x00,0x00,0x00,0x00,0x00,0x00,0x00,0x00,0xFF,
 328          0xFF,0xFF,0xFF,0xFF,0x00,0x00,0xFF,0xFF,0xFF,0xFF,0x00,0x00,0x00,0x00,0x00,0x00,
 329          0x00,0x0E,0x0E,0x0E,0x0E,0x0E,0x0E,0x0E,0x0E,0x0E,0x0E,0x0E,0x0E,0x0E,0x0E,0x0E,
 330          0xEE,0xFF,0xFF,0xFF,0xFF,0xEE,0xEE,0xFE,0x7E,0x7E,0x3E,0x3E,0x1F,0x0F,0x07,0x03,
 331          0x01,0x00,0x00,0x00,0x00,0x00,0x00,0x00,0x00,0x00,0x00,0x00,0x00,0x00,0x00,0x00,
 332          0x00,0x00,0xFF,0xFF,0xFF,0xFF,0x00,0x00,0x00,0x00,0x00,0x00,0x00,0x00,0x00,0x00,
 333          0x00,0x00,0x00,0x00,0x00,0x00,0x00,0x00,0x00,0x00,0x00,0x00,0x00,0x00,0x00,0x00,
 334          0x00,0x01,0x00,0x00,0x03,0x03,0x07,0x07,0x0F,0x0F,0x0E,0x0E,0x1E,0x1C,0x1C,0x1D,
 335          0x1F,0x3F,0x3F,0x3F,0x38,0x38,0x38,0x78,0x70,0x70,0x70,0x70,0x70,0x70,0x00,0x00,
 336          0x70,0x78,0x7C,0x7F,0x7F,0x7F,0x77,0x73,0x70,0x70,0x7F,0x7F,0x7F,0x7F,0x70,0x70,
 337          0x70,0x70,0x70,0x78,0x38,0x38,0x38,0x38,0x38,0x3C,0x1C,0x1C,0x1C,0x1C,0x1E,0x0E,
 338          0x0E,0x0F,0x0F,0x00,0x07,0x07,0x03,0x03,0x01,0x01,0x00,0x00,0x00,0x00,0x00,0x00,
 339          0x00,0x00,0x00,0x00,0x00,0x00,0x00,0x00,0x00,0x00,0x00,0x00,0x00,0x00,0x00,0x00,
 340          0x00,0x00,0x00,0x00,0x00,0x00,0xFF,0xFF,0xFF,0xFF,0x00,0x00,0x00,0x00,0x00,0x00,
 341          0x00,0x00,0x00,0xE0,0xF0,0xF0,0xF0,0x38,0x38,0x38,0x38,0xB8,0xB8,0xB8,0xB8,0xB8,
 342          0xB0,0x00,0x00,0x00,0xB8,0xB8,0xB8,0x38,0x38,0x38,0x38,0x38,0x38,0x38,0xF0,0xF0,
 343          0xF0,0xE0,0x00,0x00,0x80,0x80,0x80,0x80,0x80,0x80,0x80,0x80,0x00,0x18,0x38,0x78,
 344          0xF0,0xE0,0xC0,0xC0,0xE0,0xF0,0xF8,0x78,0x38,0x18,0x00,0x00,0xB8,0xB8,0xB8,0xB8,
 345          0xB8,0xB8,0xB8,0xB8,0xB8,0xB8,0xB8,0xB8,0xB0,0x00,0x00,0xF8,0xF8,0xF8,0xF8,0x80,
 346          0x80,0x80,0x80,0x80,0x80,0x80,0xF8,0xF8,0xF8,0x00,0x00,0x00,0xF0,0xF8,0xF8,0x00,
 347          0x00,0x00,0x00,0x00,0x00,0x00,0xF8,0xF8,0xF8,0xF8,0x00,0x00,0xB8,0xB8,0xB8,0xB0,
 348          0x00,0x00,0x00,0x00,0x00,0x00,0x00,0x00,0x00,0x00,0xFF,0xFF,0xFF,0xFF,0xC0,0xC0,
 349          0xC0,0xC0,0xC0,0xC0,0xC0,0xC0,0xC0,0xC7,0xCF,0xCF,0xCF,0xCC,0xCC,0xCC,0xDC,0xDD,
 350          0xDD,0xDD,0xDF,0xDF,0xDF,0xC1,0xC0,0xC0,0xDF,0xDF,0xDF,0xDC,0xDC,0xDC,0xDC,0xDC,
 351          0xDC,0xDC,0xCF,0xCF,0xCF,0xC7,0xC0,0xC0,0xC1,0xC1,0xC1,0xC1,0xC1,0xC1,0xC1,0xC1,
 352          0xC0,0xC0,0xC0,0xC0,0xC0,0xDF,0xDF,0xDF,0xDF,0xC1,0xC0,0xC0,0xC0,0xC0,0xC0,0xC0,
 353          0xDF,0xDF,0xDF,0xDF,0xDD,0xDD,0xDD,0xDD,0xDD,0xDD,0xDD,0xDD,0xDD,0xC0,0xC0,0xDF,
 354          0xDF,0xDF,0xDF,0xC1,0xC1,0xC1,0xC1,0xC1,0xC1,0xC1,0xDF,0xDF,0xDF,0xC0,0xC0,0xC0,
 355          0xC7,0xCF,0xCF,0xCC,0xDC,0xDC,0xDC,0xDC,0xDC,0xDC,0xDF,0xDF,0xDF,0xDF,0xC0,0xC0,
 356          0xDF,0xDF,0xDF,0xDF,0xC0,0xC0,0xC0,0xC0,0xC0,0xC0,0xC0,0xC0,0xC0,0xC0,0xFF,0xFF,
 357          };
 358          
 359          
 360          unsigned char code PIC_6[]=
 361          {
 362          /*-[数据排列]:从左到右从上到下 [取模方式]:纵向8点下高位 [正负反色]:否
 363          图像尺寸:132x64 画布尺寸:132x64，共1056个字节-*/
 364          0xff,0x01,0x01,0x01,0x01,0x01,0x01,0x01,0x01,0x01,0x01,0x01,0x01,0x01,0x01,0x01,
 365          0x01,0x01,0x01,0x01,0x01,0x01,0x01,0x01,0x01,0x01,0x01,0x01,0x01,0x01,0x01,0x01,
C51 COMPILER V9.60.7.0   PIC                                                               05/19/2025 09:04:31 PAGE 7   

 366          0x01,0x01,0x01,0x01,0x01,0x01,0x01,0x01,0x01,0x01,0x01,0x01,0x01,0x01,0x01,0x01,
 367          0x01,0x01,0x01,0x01,0x01,0x01,0x01,0x01,0x01,0x01,0x01,0x01,0x01,0x01,0x01,0x01,
 368          0x01,0x01,0x01,0x01,0x01,0x01,0x01,0x01,0x01,0x01,0x01,0x01,0x01,0x01,0x01,0x01,
 369          0x01,0x01,0x01,0x01,0x01,0x01,0x01,0x01,0x01,0x01,0x01,0x01,0x01,0x01,0x01,0x01,
 370          0x01,0x01,0x01,0x01,0x01,0x01,0x01,0x01,0x01,0x01,0x01,0x01,0x01,0x01,0x01,0x01,
 371          0x01,0x01,0x01,0x01,0x01,0x01,0x01,0x01,0x01,0x01,0x01,0x01,0x01,0x01,0x01,0x01,
 372          0x01,0x01,0x01,0xff,0xff,0x00,0x00,0x00,0x00,0x00,0x00,0x00,0x00,0x00,0x00,0x00,
 373          0x00,0x00,0x00,0x00,0x00,0x00,0x00,0x00,0x00,0x00,0x00,0x00,0x00,0x00,0x00,0x00,
 374          0x00,0x00,0x00,0x00,0x00,0x00,0x00,0x00,0x00,0x00,0x00,0x00,0x00,0x00,0x00,0x00,
 375          0x00,0x00,0x00,0x00,0x00,0x00,0x00,0x00,0x00,0x00,0x00,0x00,0x00,0x00,0x00,0x00,
 376          0x00,0x00,0x00,0x00,0x00,0x00,0x00,0x00,0x00,0x00,0x00,0x00,0x00,0x00,0x00,0x00,
 377          0x00,0x00,0x00,0x00,0x00,0x00,0x00,0x00,0x00,0x00,0x00,0x00,0x00,0x00,0x00,0x00,
 378          0x00,0x00,0x00,0x00,0x00,0x00,0x00,0x00,0x00,0x00,0x00,0x00,0x00,0x00,0x00,0x00,
 379          0x00,0x00,0x00,0x00,0x00,0x00,0x00,0x00,0x00,0x00,0x00,0x00,0x00,0x00,0x00,0x00,
 380          0x00,0x00,0x00,0x00,0x00,0x00,0x00,0xff,0xff,0x00,0x00,0x00,0x00,0x00,0x00,0x00,
 381          0x00,0x00,0x00,0x00,0x00,0x00,0x00,0x00,0x00,0x00,0x00,0x00,0xfc,0x04,0x04,0x04,
 382          0x04,0x05,0x06,0x04,0x04,0x04,0x04,0x04,0x04,0x04,0x04,0xc4,0xbc,0x8e,0x85,0x84,
 383          0xf4,0x84,0x84,0x84,0x84,0x84,0x04,0x00,0x0c,0x30,0xff,0x00,0x30,0x2c,0x18,0xfe,
 384          0x21,0x30,0xff,0x48,0x4c,0x44,0x32,0x26,0xec,0x3f,0xe0,0x2c,0x26,0xd7,0xf1,0x99,
 385          0x95,0xd1,0x91,0x91,0x17,0x00,0x12,0x12,0xd2,0xff,0x51,0x91,0x10,0x22,0x44,0x08,
 386          0x00,0xff,0x00,0x00,0x00,0x88,0x88,0xff,0x48,0x48,0x04,0x24,0xe4,0x24,0x24,0x3f,
 387          0x24,0xa4,0x64,0x04,0x00,0x00,0x00,0x00,0x00,0x00,0x00,0x00,0x00,0x00,0x00,0x00,
 388          0x00,0x00,0x00,0x00,0x00,0x00,0x00,0x00,0x00,0x00,0x00,0xff,0xff,0x00,0x00,0x00,
 389          0x00,0x00,0x00,0x00,0x00,0x00,0x00,0x00,0x00,0x00,0x00,0x00,0x00,0x00,0x18,0x0c,
 390          0x03,0x00,0x00,0x00,0x00,0x00,0x00,0x00,0x00,0x00,0x00,0x00,0x00,0x10,0x08,0x0c,
 391          0x04,0x12,0x10,0x10,0x1f,0x00,0x00,0x01,0x02,0x06,0x0c,0x08,0x10,0x0e,0x01,0x03,
 392          0x06,0x08,0x02,0x02,0x02,0x02,0x1f,0x02,0x02,0x02,0x02,0x18,0x07,0x00,0x0f,0x04,
 393          0x00,0x04,0x04,0x04,0x04,0x1f,0x04,0x04,0x04,0x00,0x06,0x03,0x00,0x1f,0x00,0x02,
 394          0x02,0x02,0x02,0x01,0x01,0x1f,0x01,0x01,0x00,0x10,0x10,0x1f,0x00,0x10,0x10,0x08,
 395          0x08,0x09,0x06,0x06,0x0b,0x08,0x10,0x10,0x00,0x00,0x00,0x00,0x00,0x00,0x00,0x00,
 396          0x00,0x00,0x00,0x00,0x00,0x00,0x00,0x00,0x00,0x00,0x00,0x00,0x00,0x00,0x00,0xff,
 397          0xff,0x00,0x00,0x00,0x00,0x00,0x00,0x00,0x00,0x00,0x00,0x00,0x00,0x00,0x00,0x80,
 398          0x80,0x00,0x00,0x00,0x00,0x80,0x80,0x80,0x80,0x80,0x80,0x00,0x00,0x00,0x00,0x00,
 399          0x80,0x80,0x80,0x80,0x80,0x80,0x00,0x00,0x00,0x00,0x00,0x80,0x80,0x00,0x00,0x80,
 400          0x80,0x00,0x00,0x00,0x00,0x00,0x80,0x80,0x80,0x80,0x80,0x80,0x00,0x00,0x00,0x00,
 401          0x00,0x00,0x00,0x00,0x00,0x80,0x80,0x80,0x00,0x00,0x00,0x00,0x00,0x00,0x00,0x00,
 402          0x00,0x00,0x00,0x00,0x00,0x00,0x00,0x00,0x80,0x80,0x00,0x00,0x00,0x00,0x00,0x00,
 403          0x00,0x00,0x00,0x00,0x00,0x00,0x80,0x80,0x00,0x00,0x00,0x00,0x00,0x00,0x00,0x00,
 404          0x00,0x00,0x00,0x00,0x00,0x00,0x00,0x00,0x00,0x00,0x00,0x00,0x00,0x00,0x00,0x00,
 405          0x00,0x00,0x00,0xff,0xff,0x00,0x00,0x00,0x00,0x00,0x00,0x00,0x00,0x00,0x00,0x00,
 406          0x00,0x06,0x06,0xff,0xff,0x00,0x00,0x06,0x06,0x01,0x01,0x31,0x31,0x31,0xff,0xde,
 407          0x00,0x00,0x06,0x06,0x01,0x01,0xc1,0xc1,0x31,0x3f,0x1e,0x00,0x00,0x18,0x18,0xd9,
 408          0xd9,0x3e,0x3e,0xd9,0xd9,0x18,0x00,0x00,0xfe,0xfe,0x31,0x31,0x31,0x31,0x31,0xf7,
 409          0xc6,0x00,0x00,0xf0,0xf0,0xd8,0xd8,0xc6,0xc6,0xc1,0xff,0xff,0xc0,0xc0,0x00,0x00,
 410          0x00,0x00,0x00,0x00,0x00,0x00,0xf0,0xf0,0x18,0x18,0x18,0x18,0xff,0xff,0x00,0xf0,
 411          0xf0,0x18,0x18,0x18,0x18,0xf0,0xf0,0x00,0x18,0x18,0xff,0xff,0x18,0x18,0x00,0x00,
 412          0x30,0x30,0xd8,0xd8,0x18,0x18,0x00,0x00,0x00,0x00,0x00,0x00,0x00,0x00,0x00,0x00,
 413          0x00,0x00,0x00,0x00,0x00,0x00,0x00,0xff,0xff,0x00,0x00,0x00,0x00,0x00,0x00,0x00,
 414          0x00,0x00,0x00,0x00,0x00,0x00,0x00,0x0f,0x0f,0x00,0x00,0x03,0x03,0x0c,0x0c,0x0c,
 415          0x0c,0x0c,0x0f,0x03,0x00,0x00,0x0c,0x0c,0x0f,0x0f,0x0c,0x0c,0x0c,0x0c,0x0c,0x00,
 416          0x00,0x00,0x00,0x00,0x00,0x00,0x00,0x00,0x00,0x00,0x00,0x00,0x03,0x03,0x0c,0x0c,
 417          0x0c,0x0c,0x0c,0x0f,0x03,0x00,0x00,0x00,0x00,0x00,0x00,0x00,0x00,0x00,0x0f,0x0f,
 418          0x00,0x00,0x00,0x00,0x00,0x00,0x00,0x00,0x00,0x00,0x03,0x03,0x0c,0x0c,0x0c,0x0c,
 419          0x0f,0x0f,0x00,0x03,0x03,0x0c,0x0c,0x0c,0x0c,0x03,0x03,0x00,0x00,0x00,0x0f,0x0f,
 420          0x00,0x00,0x00,0x00,0x0c,0x0c,0x0c,0x0c,0x03,0x03,0x00,0x00,0x00,0x00,0x00,0x00,
 421          0x00,0x00,0x00,0x00,0x00,0x00,0x00,0x00,0x00,0x00,0x00,0xff,0xff,0x80,0x80,0x80,
 422          0x80,0x80,0x80,0x80,0x80,0x80,0x80,0x80,0x80,0x80,0x80,0x80,0x80,0x80,0x80,0x80,
 423          0x80,0x80,0x80,0x80,0x80,0x80,0x80,0x80,0x80,0x80,0x80,0x80,0x80,0x80,0x80,0x80,
 424          0x80,0x80,0x80,0x80,0x80,0x80,0x80,0x80,0x80,0x80,0x80,0x80,0x80,0x80,0x80,0x80,
 425          0x80,0x80,0x80,0x80,0x80,0x80,0x80,0x80,0x80,0x80,0x80,0x80,0x80,0x80,0x80,0x80,
 426          0x80,0x80,0x80,0x80,0x80,0x80,0x80,0x80,0x80,0x80,0x80,0x80,0x80,0x80,0x80,0x80,
 427          0x80,0x80,0x80,0x80,0x80,0x80,0x80,0x80,0x80,0x80,0x80,0x80,0x80,0x80,0x80,0x80,
C51 COMPILER V9.60.7.0   PIC                                                               05/19/2025 09:04:31 PAGE 8   

 428          0x80,0x80,0x80,0x80,0x80,0x80,0x80,0x80,0x80,0x80,0x80,0x80,0x80,0x80,0x80,0x80,
 429          0x80,0x80,0x80,0x80,0x80,0x80,0x80,0x80,0x80,0x80,0x80,0x80,0x80,0x80,0x80,0xff
 430          
 431          };
 432          
 433          
 434          unsigned char code pic12864_KH8[]=
 435          {
 436          /*--  调入了一幅图像：C:\Documents and Settings\Administrator\桌面\12864-KH8.bmp  --*/
 437          /*--  宽度x高度=128x64  --*/
 438          0x00,0x00,0x00,0x00,0x00,0x00,0x00,0x00,0x00,0x00,0x00,0x00,0x00,0x00,0x00,0x00,
 439          0x00,0x00,0x00,0x00,0x00,0x00,0x00,0x00,0x00,0x00,0x00,0x00,0x00,0x00,0x00,0x00,
 440          0x00,0x00,0x00,0x00,0x00,0x00,0x00,0x00,0x00,0x00,0x00,0x00,0x00,0x00,0x00,0x00,
 441          0x00,0x00,0x00,0x00,0x00,0x00,0x00,0x00,0x00,0x00,0x00,0x00,0x00,0x00,0x00,0x00,
 442          0x00,0x00,0x00,0x00,0x00,0x00,0x00,0x00,0x00,0x00,0x00,0x00,0x00,0x00,0x00,0x00,
 443          0x00,0x00,0x00,0x00,0x00,0x00,0x00,0x00,0x00,0x00,0x00,0x00,0x00,0x00,0x00,0x00,
 444          0x00,0x00,0x00,0x00,0x00,0x00,0x00,0x00,0x00,0x00,0x00,0x00,0x00,0x00,0x00,0x00,
 445          0x00,0x00,0x00,0x00,0x00,0x00,0x00,0x00,0x00,0x00,0x00,0x00,0x00,0x00,0x00,0x00,
 446          0x00,0x00,0x00,0x00,0x00,0x00,0x00,0x00,0x00,0x00,0x00,0x00,0x00,0x00,0x00,0x00,
 447          0x00,0x00,0x00,0x00,0x00,0x00,0x00,0x00,0x00,0x00,0x00,0x00,0x00,0x00,0x00,0x00,
 448          0x00,0x00,0x00,0x00,0x00,0x00,0x00,0x00,0x00,0x00,0x00,0x00,0x00,0x00,0x00,0x00,
 449          0x00,0x00,0x00,0x00,0x00,0x00,0x00,0x00,0x00,0x00,0x00,0x00,0x00,0x00,0x00,0x00,
 450          0x00,0x00,0x00,0x00,0x00,0x00,0x00,0x00,0x00,0x00,0x00,0x00,0x00,0x00,0x00,0x00,
 451          0x00,0x00,0x00,0x00,0x00,0x00,0x00,0x00,0x00,0x00,0x00,0x00,0x00,0x00,0x00,0x00,
 452          0x00,0x00,0x00,0x00,0x00,0x00,0x00,0x00,0x00,0x00,0x00,0x00,0x00,0x00,0x00,0x00,
 453          0x00,0x00,0x00,0x00,0x00,0x00,0x00,0x00,0x00,0x00,0x00,0x00,0x00,0x00,0x00,0x00,
 454          0x3C,0xFF,0xC3,0xC3,0xC3,0xFF,0x3C,0x00,0x3C,0xFF,0xC3,0xC3,0xC3,0xFF,0x3C,0x00,
 455          0x3C,0xFF,0xC3,0xC3,0xC3,0xFF,0x3C,0x00,0x3C,0xFF,0xC3,0xC3,0xC3,0xFF,0x3C,0x00,
 456          0x3C,0xFF,0xC3,0xC3,0xC3,0xFF,0x3C,0x00,0x3C,0xFF,0xC3,0xC3,0xC3,0xFF,0x3C,0x00,
 457          0x3C,0xFF,0xC3,0xC3,0xC3,0xFF,0x3C,0x00,0x3C,0xFF,0xC3,0xC3,0xC3,0xFF,0x3C,0x00,
 458          0x3C,0xFF,0xC3,0xC3,0xC3,0xFF,0x3C,0x00,0x3C,0xFF,0xC3,0xC3,0xC3,0xFF,0x3C,0x00,
 459          0x3C,0xFF,0xC3,0xC3,0xC3,0xFF,0x3C,0x00,0x3C,0xFF,0xC3,0xC3,0xC3,0xFF,0x3C,0x00,
 460          0x3C,0xFF,0xC3,0xC3,0xC3,0xFF,0x3C,0x00,0x3C,0xFF,0xC3,0xC3,0xC3,0xFF,0x3C,0x00,
 461          0x3C,0xFF,0xC3,0xC3,0xC3,0xFF,0x3C,0x00,0x00,0x00,0x00,0x00,0x00,0x00,0x00,0x00,
 462          0x3F,0xFF,0xC0,0xC0,0xC0,0xFF,0x3F,0x00,0x3F,0xFF,0xC0,0xC0,0xC0,0xFF,0x3F,0x00,
 463          0x3F,0xFF,0xC0,0xC0,0xC0,0xFF,0x3F,0x00,0x3F,0xFF,0xC0,0xC0,0xC0,0xFF,0x3F,0x00,
 464          0x3F,0xFF,0xC0,0xC0,0xC0,0xFF,0x3F,0x00,0x3F,0xFF,0xC0,0xC0,0xC0,0xFF,0x3F,0x00,
 465          0x3F,0xFF,0xC0,0xC0,0xC0,0xFF,0x3F,0x00,0x3F,0xFF,0xC0,0xC0,0xC0,0xFF,0x3F,0x00,
 466          0x3F,0xFF,0xC0,0xC0,0xC0,0xFF,0x3F,0x00,0x3F,0xFF,0xC0,0xC0,0xC0,0xFF,0x3F,0x00,
 467          0x3F,0xFF,0xC0,0xC0,0xC0,0xFF,0x3F,0x00,0x3F,0xFF,0xC0,0xC0,0xC0,0xFF,0x3F,0x00,
 468          0x3F,0xFF,0xC0,0xC0,0xC0,0xFF,0x3F,0x00,0x3F,0xFF,0xC0,0xC0,0xC0,0xFF,0x3F,0x00,
 469          0x3F,0xFF,0xC0,0xC0,0xC0,0xFF,0x3F,0x00,0x00,0x00,0x00,0x00,0x00,0x00,0x00,0x00,
 470          0x00,0x00,0x00,0x00,0x00,0x00,0x00,0x00,0x00,0x00,0x00,0x00,0x00,0x00,0x00,0x00,
 471          0x00,0x00,0x00,0x00,0x00,0x00,0x00,0x00,0x00,0x00,0x00,0x00,0x00,0x00,0x00,0x00,
 472          0x00,0x00,0x00,0x00,0x00,0x00,0x00,0x00,0x00,0x00,0x00,0x00,0x00,0x00,0x00,0x00,
 473          0x00,0x00,0x00,0x00,0x00,0x00,0x00,0x00,0x00,0x00,0x00,0x00,0x00,0x00,0x00,0x00,
 474          0x00,0x00,0x00,0x00,0x00,0x00,0x00,0x00,0x00,0x00,0x00,0x00,0x00,0x00,0x00,0x00,
 475          0x00,0x00,0x00,0x00,0x00,0x00,0x00,0x00,0x00,0x00,0x00,0x00,0x00,0x00,0x00,0x00,
 476          0x00,0x00,0x00,0x00,0x00,0x00,0x00,0x00,0x00,0x00,0x00,0x00,0x00,0x00,0x00,0x00,
 477          0x00,0x00,0x00,0x00,0x00,0x00,0x00,0x00,0x00,0x00,0x00,0x00,0x00,0x00,0x00,0x00,
 478          0x00,0x00,0x00,0x00,0x00,0x00,0x00,0x00,0x00,0x00,0x00,0x00,0x00,0x00,0x00,0x00,
 479          0x00,0x00,0x00,0x00,0x00,0x00,0x00,0x00,0x00,0x00,0x00,0x00,0x00,0x00,0x00,0x00,
 480          0x00,0x00,0x00,0x00,0x00,0x00,0x00,0x00,0x00,0x00,0x00,0x00,0x00,0x00,0x00,0x00,
 481          0x00,0x00,0x00,0x00,0x00,0x00,0x00,0x00,0x00,0x00,0x00,0x00,0x00,0x00,0x00,0x00,
 482          0x00,0x00,0x00,0x00,0x00,0x00,0x00,0x00,0x00,0x00,0x00,0x00,0x00,0x00,0x00,0x00,
 483          0x00,0x00,0x00,0x00,0x00,0x00,0x00,0x00,0x00,0x00,0x00,0x00,0x00,0x00,0x00,0x00,
 484          0x00,0x00,0x00,0x00,0x00,0x00,0x00,0x00,0x00,0x00,0x00,0x00,0x00,0x00,0x00,0x00,
 485          0x00,0x00,0x00,0x00,0x00,0x00,0x00,0x00,0x00,0x00,0x00,0x00,0x00,0x00,0x00,0x00,
 486          0xFF,0xFF,0xFF,0xFF,0xFF,0xFF,0xFF,0xFF,0xFF,0xFF,0xFF,0xFF,0xFF,0xFF,0xFF,0x01,
 487          0x01,0xF3,0xE7,0xCF,0xE7,0xF3,0x03,0x01,0xFF,0x1F,0x0F,0xCF,0xCF,0xCF,0x0F,0x1F,
 488          0xFF,0x0F,0x0F,0xCF,0xCF,0xCF,0x0F,0x1F,0xFF,0x0F,0x0F,0xFF,0xFF,0xFF,0x0F,0x0F,
 489          0xFF,0xFF,0xFF,0xFF,0xFF,0xFF,0xFF,0xFF,0xFF,0xFF,0xFF,0xFF,0xFF,0xFF,0xFF,0x00,
C51 COMPILER V9.60.7.0   PIC                                                               05/19/2025 09:04:31 PAGE 9   

 490          0x00,0x00,0xFF,0xFF,0xFF,0xFF,0x01,0x01,0x39,0x39,0x39,0x39,0x83,0xC3,0xFF,0x1F,
 491          0x0F,0xCF,0xCF,0xCF,0x0F,0x1F,0xFF,0x1F,0x0F,0xCF,0xCF,0x0F,0x1F,0xFF,0x09,0x09,
 492          0xFF,0x8F,0x0F,0x67,0x67,0x67,0x67,0xEF,0xFF,0xE7,0x03,0x03,0xE7,0xFF,0x0F,0x07,
 493          0x67,0x67,0x67,0x07,0x0F,0xFF,0x07,0x07,0x9F,0xCF,0xE7,0xE7,0xFF,0xFF,0xFF,0xFF,
 494          0xFF,0xFF,0xFF,0xFF,0xFF,0xFF,0xFF,0xFF,0xFF,0xFF,0xFF,0xFF,0xFF,0xFF,0xFF,0xE0,
 495          0xE0,0xFF,0xFF,0xFF,0xFF,0xFF,0xE0,0xE0,0xFF,0xF0,0xE0,0xE4,0xE4,0xE4,0xE4,0xF4,
 496          0xFF,0xE0,0xE0,0xFF,0xFF,0xFF,0xE0,0xE0,0xFF,0xF0,0xE0,0xE7,0xE7,0xE7,0xE0,0xE0,
 497          0xFF,0xFF,0xFF,0xFF,0xFF,0xFF,0xFF,0xFF,0xFF,0xFF,0xFF,0xFF,0xFF,0xFF,0xFF,0x00,
 498          0x00,0x00,0xFF,0xFF,0xFF,0xFF,0xF0,0xF0,0xFF,0xFE,0xFC,0xF9,0xF3,0xF7,0xFF,0xF0,
 499          0xF0,0xF4,0xF4,0xF4,0xF4,0xFC,0xFF,0xEC,0xC8,0xC9,0xC9,0xC0,0xE0,0xFF,0xF0,0xF0,
 500          0xFF,0xFB,0xF2,0xF2,0xF2,0xF2,0xF0,0xF8,0xFF,0xFF,0xF8,0xF0,0xF3,0xFF,0xF8,0xF0,
 501          0xF2,0xF2,0xF2,0xF2,0xFA,0xFF,0xF0,0xF0,0xFF,0xFF,0xFF,0xFF,0xFF,0xFF,0xFF,0xFF,
 502          };
 503          
 504          unsigned char code PIC_7[]=
 505          {
 506          
 507          /*--  调入了一幅图像：C:\Documents and Settings\Administrator\桌面\串口并口\ert.bmp  --*/
 508          /*--  宽度x高度=128x64  --*/
 509          0xFF,0x01,0x01,0x01,0x01,0x01,0x01,0x01,0x01,0x01,0x01,0x01,0x01,0x01,0x01,0x01,
 510          0x01,0x01,0x01,0x01,0x01,0x01,0x01,0x01,0x01,0x01,0x01,0x01,0x01,0x01,0x01,0x01,
 511          0x01,0x01,0x01,0x01,0x01,0x01,0x01,0x01,0x01,0x01,0x01,0x01,0x01,0x01,0x01,0x01,
 512          0x01,0x01,0x01,0x01,0x01,0x01,0x01,0x01,0x01,0x01,0x01,0x01,0x01,0x01,0x01,0x01,
 513          0x01,0x01,0x01,0x01,0x01,0x01,0x01,0x01,0x01,0x01,0x01,0x01,0x01,0x01,0x01,0x01,
 514          0x01,0x01,0x01,0x01,0x01,0x01,0x01,0x01,0x01,0x81,0x41,0x41,0x41,0x41,0x41,0x41,
 515          0x41,0x41,0x41,0x41,0x41,0x41,0x41,0x41,0x41,0x41,0x41,0xC1,0x81,0x01,0x01,0x01,
 516          0x01,0x01,0x01,0x01,0x01,0x01,0x01,0x01,0x01,0x01,0x01,0x01,0x01,0x01,0x01,0xFF,
 517          0xFF,0x00,0x00,0x00,0x00,0x00,0x00,0x00,0x00,0x00,0x00,0x00,0x00,0x00,0x00,0x00,
 518          0x00,0x00,0x0C,0x3E,0xF2,0xC2,0x02,0x12,0x12,0x92,0x92,0x92,0x92,0x92,0x92,0xD2,
 519          0xD2,0xD2,0x52,0xD2,0x52,0x52,0x52,0x46,0x1C,0x70,0xC0,0x00,0x00,0x00,0x00,0x00,
 520          0x00,0x00,0x00,0x00,0x00,0x00,0x00,0x00,0x00,0x00,0x00,0x00,0x00,0x00,0x00,0x00,
 521          0x00,0x00,0x80,0x80,0x00,0x00,0x00,0x00,0x00,0x00,0x00,0x00,0x00,0x00,0x00,0x00,
 522          0x00,0x00,0x00,0x00,0x00,0xC0,0x30,0xCC,0xF3,0xFC,0xFF,0xFF,0xFF,0xFF,0xFF,0xFF,
 523          0xFF,0xFF,0xFF,0xFF,0xFF,0xFF,0x7F,0x9F,0xE7,0xF9,0xFE,0x3F,0x0F,0x03,0x00,0x00,
 524          0x00,0x00,0x00,0x00,0x00,0x00,0x00,0x00,0x00,0x00,0x00,0x00,0x00,0x00,0x00,0xFF,
 525          0xFF,0x00,0x00,0x00,0x00,0x00,0x00,0x00,0x00,0x00,0x00,0x00,0x00,0x00,0x00,0x00,
 526          0x00,0x00,0x00,0x00,0x00,0x03,0x0F,0x3C,0xF0,0xC0,0x00,0x04,0x04,0x04,0x06,0x06,
 527          0x02,0x02,0x02,0x02,0x03,0x03,0x81,0x81,0xC1,0xC0,0x41,0x47,0x1C,0x70,0xC0,0x00,
 528          0x00,0x00,0x00,0x08,0x08,0x08,0x08,0x08,0x08,0x08,0x08,0x08,0x08,0x08,0x08,0x08,
 529          0x08,0x08,0x88,0x48,0x49,0x29,0x2A,0x1A,0x1C,0x0C,0x08,0x00,0x00,0x00,0x00,0x00,
 530          0x00,0x00,0x00,0x1C,0x23,0x5C,0x5F,0xBF,0xBF,0x7F,0x7F,0xFF,0xFF,0xFF,0xFF,0xFF,
 531          0xFF,0xFF,0x7F,0x9F,0xE7,0xF9,0xFE,0x3F,0x0F,0x03,0x00,0x00,0x00,0x00,0x00,0x00,
 532          0x00,0x00,0x00,0x00,0x00,0x00,0x00,0x00,0x00,0x00,0x00,0x00,0x00,0x00,0x00,0xFF,
 533          0xFF,0x00,0x00,0x00,0x00,0x00,0x00,0x00,0x00,0x00,0x00,0x00,0x00,0x00,0x00,0x00,
 534          0x00,0x00,0x00,0x00,0x00,0x00,0x00,0x00,0x00,0x03,0x0F,0x3C,0xF0,0xC0,0x00,0x00,
 535          0x00,0x00,0x80,0x80,0xC0,0xC8,0x6C,0x64,0x36,0x32,0x1B,0x19,0x0D,0x0C,0x07,0x03,
 536          0x00,0x00,0x00,0x00,0x00,0x00,0x00,0x00,0x00,0x00,0x00,0x00,0x00,0x00,0x00,0x00,
 537          0x00,0x00,0x00,0x00,0x00,0x00,0x00,0x00,0x00,0x00,0x00,0x00,0x00,0x00,0x00,0x00,
 538          0x00,0x00,0x00,0x00,0x00,0x00,0x00,0x00,0x00,0x81,0x41,0x42,0x22,0x25,0x25,0x2B,
 539          0x1B,0x39,0x3E,0x7F,0x7F,0xFF,0xFF,0xFF,0xE0,0xC0,0x80,0x00,0x00,0x00,0x00,0x00,
 540          0x00,0x00,0x00,0x00,0x00,0x00,0x00,0x00,0x00,0x00,0x00,0x00,0x00,0x00,0x00,0xFF,
 541          0xFF,0x00,0x00,0x00,0x00,0x00,0x00,0x00,0x00,0x00,0x00,0x00,0x00,0x00,0x00,0x00,
 542          0x00,0x00,0x00,0x00,0x00,0x00,0x00,0x00,0x00,0x00,0x00,0x00,0x00,0x03,0x07,0x06,
 543          0x03,0x03,0x01,0x01,0x00,0x00,0x00,0x00,0x00,0x00,0x00,0x00,0x00,0x00,0x00,0x00,
 544          0x00,0x00,0x00,0x00,0x00,0x00,0x00,0x00,0x00,0x00,0x00,0x00,0x00,0x00,0x00,0x00,
 545          0x00,0x00,0x00,0x00,0x00,0x00,0x00,0x00,0x00,0x00,0x00,0x00,0x00,0x00,0x00,0x00,
 546          0x00,0x00,0x00,0x00,0x00,0x00,0x00,0x00,0x03,0x07,0x07,0x0E,0x0E,0x1C,0x1C,0x38,
 547          0x3C,0x3C,0x1E,0x1F,0x0F,0x0F,0x07,0x07,0x03,0x03,0x01,0x00,0x00,0x00,0x00,0x00,
 548          0x00,0x00,0x00,0x00,0x00,0x00,0x00,0x00,0x00,0x00,0x00,0x00,0x00,0x00,0x00,0xFF,
 549          0xFF,0x00,0x00,0x00,0x00,0x00,0x00,0x00,0x00,0x28,0x28,0x28,0xF8,0x24,0xA0,0xFC,
 550          0x20,0x24,0xA8,0x20,0x00,0xF0,0x10,0x18,0x14,0xF0,0x40,0xB0,0x1C,0x10,0x10,0xF0,
 551          0x00,0x10,0x10,0x10,0xF0,0x14,0x18,0x10,0xF0,0x10,0x18,0x10,0x00,0x10,0x90,0xFC,
C51 COMPILER V9.60.7.0   PIC                                                               05/19/2025 09:04:31 PAGE 10  

 552          0x90,0x48,0x70,0x40,0x7C,0x60,0x50,0xC8,0x00,0x00,0x00,0x00,0x00,0x00,0x00,0x00,
 553          0x00,0x00,0x00,0x00,0x00,0x00,0x00,0x00,0x28,0x28,0x28,0xF8,0x24,0xA0,0xFC,0x20,
 554          0x24,0xA8,0x20,0x00,0xF0,0x10,0x18,0x14,0xF0,0x40,0xB0,0x1C,0x10,0x10,0xF0,0x00,
 555          0x00,0xF0,0x50,0x50,0x50,0xFC,0x50,0x50,0x50,0xF8,0x10,0x00,0x00,0xF8,0x28,0xF8,
 556          0x10,0xD0,0x94,0x18,0xD0,0x10,0xD0,0x00,0x00,0x00,0x00,0x00,0x00,0x00,0x00,0xFF,
 557          0xFF,0x00,0x00,0x00,0x00,0x00,0x00,0x00,0x00,0x02,0x12,0x11,0x1F,0x09,0x08,0x05,
 558          0x06,0x09,0x10,0x1C,0x00,0x1F,0x09,0x09,0x09,0x1F,0x00,0x00,0x13,0x10,0x10,0x0F,
 559          0x00,0x10,0x10,0x10,0x08,0x0B,0x04,0x0B,0x08,0x10,0x10,0x10,0x00,0x03,0x00,0x1F,
 560          0x00,0x12,0x12,0x12,0x12,0x12,0x12,0x1F,0x00,0x00,0x00,0x00,0x00,0x00,0x00,0x00,
 561          0x00,0x00,0x00,0x00,0x00,0x00,0x00,0x00,0x02,0x12,0x11,0x1F,0x09,0x08,0x05,0x06,
 562          0x09,0x10,0x1C,0x00,0x1F,0x09,0x09,0x09,0x1F,0x00,0x00,0x13,0x10,0x10,0x0F,0x00,
 563          0x00,0x07,0x02,0x02,0x02,0x0F,0x12,0x12,0x12,0x13,0x18,0x00,0x18,0x07,0x11,0x1F,
 564          0x00,0x1F,0x12,0x11,0x16,0x10,0x1F,0x00,0x00,0x00,0x00,0x00,0x00,0x00,0x00,0xFF,
 565          0xFF,0x80,0x80,0x80,0x80,0x80,0x80,0x80,0x80,0x80,0x80,0x80,0x80,0x80,0x80,0x80,
 566          0x80,0x80,0x80,0x80,0x80,0x80,0x80,0x80,0x80,0x80,0x80,0x80,0x80,0x80,0x80,0x80,
 567          0x80,0x80,0x80,0x80,0x80,0x80,0x80,0x80,0x80,0x80,0x80,0x80,0x80,0x80,0x80,0x80,
 568          0x80,0x80,0x80,0x80,0x80,0x80,0x80,0x80,0x80,0x80,0x80,0x80,0x80,0x80,0x80,0x80,
 569          0x80,0x80,0x80,0x80,0x80,0x80,0x80,0x80,0x80,0x80,0x80,0x80,0x80,0x80,0x80,0x80,
 570          0x80,0x80,0x80,0x80,0x80,0x80,0x80,0x80,0x80,0x80,0x80,0x80,0x80,0x80,0x80,0x80,
 571          0x80,0x80,0x80,0x80,0x80,0x80,0x80,0x80,0x80,0x80,0x80,0x80,0x80,0x80,0x80,0x80,
 572          0x80,0x80,0x80,0x80,0x80,0x80,0x80,0x80,0x80,0x80,0x80,0x80,0x80,0x80,0x80,0xFF,
 573          
 574          
 575          };
 576          
 577          unsigned char code PIC_8[]=
 578          {
 579          /*--  调入了一幅图像：G:\工作资料\源程序样品接口接线图及程序资料\LCM点屏实例\串口并口\12864天马画面.bmp  -
             --*/
 580          /*--  宽度x高度=128x64  --*/
 581          0xFF,0x01,0x01,0x01,0xF1,0x11,0x11,0x11,0x11,0x11,0x11,0x11,0x11,0x11,0x11,0x11,
 582          0x11,0x11,0x11,0x11,0x11,0x11,0x11,0x11,0x11,0x11,0x11,0x11,0x11,0x11,0x11,0x11,
 583          0x11,0x11,0x11,0x11,0x11,0x11,0x11,0x11,0x11,0x11,0x11,0x11,0x11,0x11,0x11,0x11,
 584          0x11,0x11,0x11,0x11,0x11,0x11,0x11,0x11,0x11,0x11,0x11,0x11,0x11,0x11,0x11,0x11,
 585          0x11,0x11,0x11,0x11,0x11,0x11,0x11,0x11,0x11,0x11,0x11,0x11,0x11,0x11,0x11,0x11,
 586          0x11,0x11,0x11,0x11,0x11,0x11,0x11,0x11,0x11,0x11,0x11,0x11,0x11,0x11,0x11,0x11,
 587          0x11,0x11,0x11,0x11,0x11,0x11,0x11,0x11,0x11,0x11,0x11,0x11,0x11,0x11,0x11,0x11,
 588          0x11,0x11,0x11,0x11,0x11,0x11,0x11,0x11,0x11,0x11,0x11,0xF1,0x01,0x01,0x01,0xFF,
 589          0xFF,0x00,0x00,0x00,0xFF,0x00,0x00,0x00,0x00,0x06,0x02,0x02,0xFE,0x02,0x02,0x06,
 590          0x00,0x00,0x02,0x02,0xFE,0x02,0x02,0x00,0x00,0x00,0x00,0xC0,0xB8,0x86,0xBC,0xC0,
 591          0x00,0x00,0x02,0xFE,0x0E,0x30,0xC0,0x02,0xFE,0x02,0x00,0x02,0xFE,0x1E,0xE0,0x00,
 592          0xF0,0x1E,0xFE,0x02,0x00,0x00,0xC0,0xB8,0x86,0xBC,0xC0,0x00,0x00,0x00,0x00,0x00,
 593          0x00,0x00,0x00,0x00,0x00,0x00,0x02,0xFE,0x1E,0xE0,0x00,0xF0,0x1E,0xFE,0xF2,0x0C,
 594          0x02,0x02,0x02,0x02,0x0C,0xF0,0x00,0x02,0xFE,0x02,0x02,0x02,0x04,0x0C,0xF0,0x00,
 595          0x02,0xFE,0x02,0x00,0x00,0x02,0xFE,0x02,0x00,0x02,0xFE,0x02,0x00,0x00,0x00,0x00,
 596          0x00,0x00,0x02,0xFE,0x22,0x22,0x22,0xFA,0x02,0x04,0x00,0xFF,0x00,0x00,0x00,0xFF,
 597          0xFF,0x00,0x00,0x00,0xFF,0x00,0x00,0x00,0x00,0x00,0x00,0x08,0x0F,0x08,0x00,0x00,
 598          0x00,0x00,0x08,0x08,0x0F,0x08,0x08,0x00,0x00,0x08,0x0E,0x09,0x00,0x00,0x00,0x09,
 599          0x0E,0x08,0x08,0x0F,0x08,0x00,0x01,0x06,0x0F,0x00,0x00,0x08,0x0F,0x08,0x01,0x0F,
 600          0x00,0x08,0x0F,0x08,0x08,0x0E,0x09,0x00,0x00,0x00,0x09,0x0E,0x08,0x00,0x00,0x00,
 601          0x00,0x00,0x00,0x00,0x00,0x00,0x08,0x0F,0x08,0x01,0x0F,0x00,0x08,0x0F,0x09,0x06,
 602          0x08,0x08,0x08,0x08,0x06,0x01,0x00,0x08,0x0F,0x08,0x08,0x08,0x04,0x06,0x01,0x00,
 603          0x00,0x07,0x08,0x08,0x08,0x08,0x07,0x00,0x00,0x08,0x0F,0x08,0x08,0x08,0x08,0x08,
 604          0x06,0x00,0x08,0x0F,0x08,0x08,0x08,0x08,0x0C,0x02,0x00,0xFF,0x00,0x00,0x00,0xFF,
 605          0xFF,0x00,0x00,0x00,0xFF,0x00,0x00,0x00,0x00,0x00,0x00,0x00,0x00,0x00,0x00,0x00,
 606          0x00,0x00,0x00,0x00,0x00,0x04,0x04,0xFE,0x00,0x00,0x00,0x00,0x00,0x1C,0x02,0x02,
 607          0x82,0x62,0x1C,0x00,0x00,0x1C,0xA2,0x42,0x42,0xA2,0x1C,0x00,0x90,0x90,0x60,0xFC,
 608          0x60,0xD0,0x90,0x00,0x00,0x00,0xF8,0x44,0x22,0x22,0x46,0x80,0x00,0x00,0xC0,0x30,
 609          0x08,0x04,0xFE,0x00,0x00,0x00,0x00,0x00,0x00,0x00,0x00,0x00,0x00,0x02,0xFE,0x02,
 610          0x02,0x02,0x04,0xF8,0x00,0x00,0xF8,0x04,0x02,0x02,0x02,0x04,0xF8,0x00,0x06,0x02,
 611          0x02,0xFE,0x02,0x02,0x06,0x00,0x00,0x1C,0x22,0x42,0x42,0x82,0x0E,0x00,0x00,0x00,
 612          0x00,0x00,0x00,0x00,0x00,0x00,0x00,0x00,0x00,0x00,0x00,0xFF,0x00,0x00,0x00,0xFF,
C51 COMPILER V9.60.7.0   PIC                                                               05/19/2025 09:04:31 PAGE 11  

 613          0xFF,0x00,0x00,0x00,0xFF,0x00,0x00,0x00,0x00,0x00,0x00,0x00,0x00,0x00,0x00,0x00,
 614          0x00,0x00,0x00,0x00,0x00,0x08,0x08,0x0F,0x08,0x08,0x00,0x00,0x00,0x0C,0x0A,0x09,
 615          0x08,0x08,0x0C,0x00,0x00,0x07,0x08,0x08,0x08,0x08,0x07,0x00,0x00,0x00,0x00,0x03,
 616          0x00,0x00,0x00,0x00,0x00,0x00,0x03,0x04,0x08,0x08,0x04,0x03,0x00,0x00,0x01,0x01,
 617          0x09,0x09,0x0F,0x09,0x00,0x00,0x00,0x00,0x00,0x00,0x00,0x00,0x00,0x08,0x0F,0x08,
 618          0x08,0x08,0x04,0x03,0x00,0x00,0x03,0x04,0x08,0x08,0x08,0x04,0x03,0x00,0x00,0x00,
 619          0x08,0x0F,0x08,0x00,0x00,0x00,0x00,0x0E,0x08,0x08,0x08,0x08,0x07,0x00,0x00,0x00,
 620          0x00,0x00,0x00,0x00,0x00,0x00,0x00,0x00,0x00,0x00,0x00,0xFF,0x00,0x00,0x00,0xFF,
 621          0xFF,0x00,0x00,0x00,0xFF,0x00,0x00,0x00,0x00,0x00,0x00,0x00,0x00,0x80,0x84,0x84,
 622          0x84,0x84,0x84,0x84,0xFC,0x84,0x84,0x84,0x84,0x84,0x84,0x80,0x00,0x00,0x00,0x00,
 623          0x04,0xF4,0x04,0x04,0x04,0x04,0x04,0x04,0x04,0xFC,0x00,0x00,0x00,0x00,0x00,0x20,
 624          0x60,0x42,0xC4,0x88,0x08,0xE8,0x38,0x08,0xC8,0x6A,0x5C,0x48,0x48,0x48,0xC8,0x08,
 625          0x00,0x00,0x00,0xFC,0x54,0x54,0x54,0x54,0x54,0x54,0x54,0x54,0x54,0xFC,0x00,0x00,
 626          0x00,0x00,0x00,0x20,0xA0,0xFE,0x20,0x20,0x08,0xC8,0x7E,0x48,0x48,0x48,0x7E,0x48,
 627          0xC8,0x08,0x00,0x00,0x20,0x20,0xFE,0x20,0x20,0x00,0x10,0x10,0x10,0xFE,0x10,0x10,
 628          0x10,0xF0,0x00,0x00,0x00,0x00,0x00,0x00,0x00,0x00,0x00,0xFF,0x00,0x00,0x00,0xFF,
 629          0xFF,0x00,0x00,0x00,0xFF,0x00,0x00,0x00,0x00,0x00,0x00,0x00,0x00,0x80,0xC0,0x40,
 630          0x20,0x30,0x1C,0x07,0x03,0x04,0x18,0x20,0x60,0x40,0x80,0x80,0x00,0x00,0x08,0x08,
 631          0x08,0x09,0x09,0x09,0x09,0x09,0x09,0x49,0x49,0x49,0x49,0x41,0x3F,0x00,0x00,0x00,
 632          0xC0,0x70,0x0C,0x06,0x03,0xFF,0x82,0x81,0x43,0x4E,0x39,0x32,0x68,0x46,0x81,0x80,
 633          0x00,0xFE,0x4A,0x4A,0x4A,0x4A,0xFE,0x00,0x00,0x00,0xFE,0x4A,0x4A,0x4A,0x4A,0xFE,
 634          0x00,0x00,0x00,0x0C,0x03,0xFF,0x01,0x82,0x90,0x97,0x55,0x75,0x1D,0x35,0x55,0x95,
 635          0x97,0x90,0x00,0x00,0x10,0x10,0x1F,0x08,0x48,0x6A,0x22,0x12,0x0E,0x07,0x0A,0x12,
 636          0x22,0x23,0x42,0x42,0x00,0x00,0x00,0x00,0x00,0x00,0x00,0xFF,0x00,0x00,0x00,0xFF,
 637          0xFF,0x80,0x80,0x80,0x8F,0x88,0x88,0x88,0x88,0x88,0x88,0x88,0x88,0x88,0x88,0x88,
 638          0x88,0x88,0x88,0x88,0x88,0x88,0x88,0x88,0x88,0x88,0x88,0x88,0x88,0x88,0x88,0x88,
 639          0x88,0x88,0x88,0x88,0x88,0x88,0x88,0x88,0x88,0x88,0x88,0x88,0x88,0x88,0x88,0x88,
 640          0x88,0x88,0x88,0x88,0x88,0x88,0x88,0x88,0x88,0x88,0x88,0x88,0x88,0x88,0x88,0x88,
 641          0x88,0x88,0x88,0x88,0x88,0x88,0x88,0x88,0x88,0x88,0x88,0x88,0x88,0x88,0x88,0x88,
 642          0x88,0x88,0x88,0x88,0x88,0x88,0x88,0x88,0x88,0x88,0x88,0x88,0x88,0x88,0x88,0x88,
 643          0x88,0x88,0x88,0x88,0x88,0x88,0x88,0x88,0x88,0x88,0x88,0x88,0x88,0x88,0x88,0x88,
 644          0x88,0x88,0x88,0x88,0x88,0x88,0x88,0x88,0x88,0x88,0x88,0x8F,0x80,0x80,0x80,0xFF,
 645          
 646          };
 647          
 648          
 649          unsigned char code PIC_9[]=
 650          {
 651          /*--  调入了一幅图像：C:\Documents and Settings\Administrator\桌面\12864中值.bmp  --*/
 652          /*--  宽度x高度=128x64  --*/
 653          0xFF,0x01,0x01,0x01,0xF1,0x11,0x11,0x11,0x11,0x11,0x11,0x11,0x11,0x11,0x11,0x11,
 654          0x11,0x11,0x11,0x11,0x11,0x11,0x11,0x11,0x11,0x11,0x11,0x11,0x11,0x11,0x11,0x11,
 655          0x11,0x11,0x11,0x11,0x11,0x11,0x11,0x11,0x11,0x11,0x11,0x11,0x11,0x11,0x11,0x11,
 656          0x11,0x11,0x11,0x11,0x11,0x11,0x11,0x11,0x11,0x11,0x11,0x11,0x11,0x11,0x11,0x11,
 657          0x11,0x11,0x11,0x11,0x11,0x11,0x11,0x11,0x11,0x11,0x11,0x11,0x11,0x11,0x11,0x11,
 658          0x11,0x11,0x11,0x11,0x11,0x11,0x11,0x11,0x11,0x11,0x11,0x11,0x11,0x11,0x11,0x11,
 659          0x11,0x11,0x11,0x11,0x11,0x11,0x11,0x11,0x11,0x11,0x11,0x11,0x11,0x11,0x11,0x11,
 660          0x11,0x11,0x11,0x11,0x11,0x11,0x11,0x11,0x11,0x11,0x11,0xF1,0x01,0x01,0x01,0xFF,
 661          0xFF,0x00,0x00,0x00,0xFF,0x00,0x00,0x00,0xFF,0x01,0x01,0x01,0x01,0x01,0x01,0x01,
 662          0x01,0x01,0x01,0x01,0x01,0x81,0x01,0x01,0x01,0x01,0x01,0x01,0x81,0x81,0x81,0x81,
 663          0x01,0x01,0x01,0x01,0x81,0x81,0x81,0x81,0x01,0x01,0x01,0x01,0x01,0x81,0x01,0x01,
 664          0x01,0x01,0x01,0x01,0x01,0x81,0x01,0x01,0x01,0x01,0x01,0x01,0x01,0x81,0x81,0x81,
 665          0x01,0x01,0x01,0x01,0x01,0x01,0x01,0x81,0x01,0x01,0x01,0x01,0x01,0x01,0x01,0x01,
 666          0x01,0x01,0x81,0x81,0x81,0x81,0x81,0x01,0x01,0x01,0x01,0x01,0x81,0x81,0x81,0x01,
 667          0x01,0x01,0x81,0x81,0x81,0x81,0x81,0x81,0x81,0x01,0x01,0x01,0x81,0x81,0x81,0x81,
 668          0x81,0x01,0x01,0x01,0x01,0x01,0x01,0xFF,0x00,0x00,0x00,0xFF,0x00,0x00,0x00,0xFF,
 669          0xFF,0x00,0x00,0x00,0xFF,0x00,0x00,0x00,0xFF,0x00,0x00,0x00,0x00,0x00,0x00,0x00,
 670          0x00,0x00,0x00,0x01,0x01,0xFF,0x00,0x00,0x00,0x00,0x00,0x07,0x80,0x40,0x20,0x18,
 671          0x07,0x00,0x00,0xC7,0x28,0x10,0x10,0x28,0xC7,0x00,0x00,0x00,0x00,0x80,0x41,0x22,
 672          0x14,0x08,0x14,0x22,0x41,0x80,0x00,0x00,0x00,0x00,0x00,0xFE,0x11,0x08,0x08,0x11,
 673          0xE0,0x00,0x00,0x70,0x4C,0x42,0x41,0xFF,0x40,0x00,0x00,0x00,0x00,0x00,0x00,0x00,
 674          0x00,0x00,0x00,0xFF,0x00,0x00,0x00,0x01,0xFE,0x00,0xFE,0x01,0x00,0x00,0x00,0x01,
C51 COMPILER V9.60.7.0   PIC                                                               05/19/2025 09:04:31 PAGE 12  

 675          0xFE,0x00,0x01,0x00,0x00,0xFF,0x00,0x00,0x01,0x00,0x00,0x87,0x08,0x10,0x10,0x20,
 676          0xC3,0x00,0x00,0x00,0x00,0x00,0x00,0xFF,0x00,0x00,0x00,0xFF,0x00,0x00,0x00,0xFF,
 677          0xFF,0x00,0x00,0x00,0xFF,0x00,0x00,0x00,0xFF,0x00,0x00,0x00,0x00,0x00,0x00,0x00,
 678          0x00,0x00,0x00,0x02,0x02,0x03,0x02,0x02,0x00,0x00,0x00,0x03,0x02,0x02,0x02,0x02,
 679          0x03,0x00,0x00,0x01,0x02,0x02,0x02,0x02,0x01,0x00,0x00,0x00,0x00,0x00,0x00,0x00,
 680          0x00,0x00,0x00,0x00,0x00,0x00,0x00,0x00,0x00,0x00,0x00,0x00,0x01,0x02,0x02,0x01,
 681          0x00,0x00,0x00,0x00,0x00,0x02,0x02,0x03,0x02,0x00,0x00,0x00,0x00,0x00,0x00,0x00,
 682          0x00,0x00,0x02,0x03,0x02,0x02,0x02,0x01,0x00,0x00,0x00,0x01,0x02,0x02,0x02,0x01,
 683          0x00,0x00,0x00,0x00,0x02,0x03,0x02,0x00,0x00,0x00,0x00,0x03,0x02,0x02,0x02,0x02,
 684          0x01,0x00,0x00,0x00,0x00,0x00,0x00,0xFF,0x00,0x00,0x00,0xFF,0x00,0x00,0x00,0xFF,
 685          0xFF,0x00,0x00,0x00,0xFF,0x00,0x00,0x00,0xFF,0x00,0x00,0x00,0x00,0x00,0x08,0x78,
 686          0x88,0x00,0x00,0xC8,0x38,0x08,0xE0,0x10,0x08,0x08,0x08,0x10,0xE0,0x00,0x08,0xF8,
 687          0x08,0x08,0x08,0x08,0xF0,0x00,0x00,0x00,0x00,0xE0,0x20,0x20,0x20,0xF8,0x20,0x20,
 688          0x20,0x20,0xE0,0x00,0x00,0x00,0x80,0x40,0xE0,0x18,0x10,0xD0,0x50,0x78,0x50,0x50,
 689          0xD8,0x10,0x00,0x00,0x00,0x00,0x00,0x00,0x00,0x80,0x80,0x00,0x00,0x00,0x00,0x00,
 690          0x00,0x80,0x80,0x00,0x00,0x00,0x00,0x00,0x00,0x00,0x00,0x00,0x00,0x00,0x00,0x00,
 691          0x80,0x80,0x80,0x80,0x00,0x00,0x80,0x80,0x80,0x80,0x80,0x80,0x80,0x80,0x00,0x00,
 692          0x00,0x00,0x00,0x00,0x00,0x00,0x00,0xFF,0x00,0x00,0x00,0xFF,0x00,0x00,0x00,0xFF,
 693          0xFF,0x00,0x00,0x00,0xFF,0x00,0x00,0x00,0xFF,0x00,0x00,0x00,0x00,0x00,0x00,0x00,
 694          0x07,0x38,0x0E,0x01,0x00,0x00,0x0F,0x10,0x20,0x20,0x20,0x10,0x0F,0x00,0x20,0x3F,
 695          0x21,0x01,0x01,0x01,0x00,0x00,0x00,0x00,0x00,0x07,0x02,0x02,0x02,0x7F,0x02,0x02,
 696          0x02,0x02,0x07,0x00,0x00,0x00,0x00,0x00,0x7F,0x00,0x40,0x7F,0x55,0x55,0x55,0x55,
 697          0x7F,0x40,0x00,0x00,0x00,0x00,0x00,0x00,0x81,0xFF,0xFF,0x80,0x00,0x00,0x00,0x00,
 698          0x81,0xFF,0xFF,0x80,0x00,0x00,0x00,0xC0,0xC0,0xC0,0x00,0x00,0x00,0x00,0x00,0x73,
 699          0xFF,0x8C,0x8C,0xFF,0x73,0x00,0x00,0x03,0x3F,0xFC,0xFC,0x3F,0x03,0x00,0x00,0x00,
 700          0x00,0x00,0x00,0x00,0x00,0x00,0x00,0xFF,0x00,0x00,0x00,0xFF,0x00,0x00,0x00,0xFF,
 701          0xFF,0x00,0x00,0x00,0xFF,0x00,0x00,0x00,0xFF,0x80,0x80,0x80,0x80,0x80,0x80,0x80,
 702          0x80,0x80,0x80,0x80,0x80,0x80,0x80,0x80,0x80,0x80,0x80,0x80,0x80,0x80,0x80,0x80,
 703          0x80,0x80,0x80,0x80,0x80,0x80,0x80,0x80,0x80,0x80,0x80,0x80,0x80,0x80,0x80,0x80,
 704          0x80,0x80,0x80,0x80,0x80,0x80,0x80,0x80,0x80,0x80,0x80,0x80,0x80,0x80,0x80,0x80,
 705          0x80,0x80,0x80,0x80,0x80,0x80,0x80,0x80,0x80,0x80,0x80,0x80,0x80,0x80,0x80,0x80,
 706          0x80,0x80,0x80,0x80,0x80,0x80,0x80,0x80,0x80,0x80,0x80,0x80,0x80,0x80,0x80,0x80,
 707          0x80,0x80,0x80,0x80,0x80,0x80,0x80,0x80,0x80,0x80,0x80,0x80,0x80,0x80,0x80,0x80,
 708          0x80,0x80,0x80,0x80,0x80,0x80,0x80,0xFF,0x00,0x00,0x00,0xFF,0x00,0x00,0x00,0xFF,
 709          0xFF,0x80,0x80,0x80,0x8F,0x88,0x88,0x88,0x88,0x88,0x88,0x88,0x88,0x88,0x88,0x88,
 710          0x88,0x88,0x88,0x88,0x88,0x88,0x88,0x88,0x88,0x88,0x88,0x88,0x88,0x88,0x88,0x88,
 711          0x88,0x88,0x88,0x88,0x88,0x88,0x88,0x88,0x88,0x88,0x88,0x88,0x88,0x88,0x88,0x88,
 712          0x88,0x88,0x88,0x88,0x88,0x88,0x88,0x88,0x88,0x88,0x88,0x88,0x88,0x88,0x88,0x88,
 713          0x88,0x88,0x88,0x88,0x88,0x88,0x88,0x88,0x88,0x88,0x88,0x88,0x88,0x88,0x88,0x88,
 714          0x88,0x88,0x88,0x88,0x88,0x88,0x88,0x88,0x88,0x88,0x88,0x88,0x88,0x88,0x88,0x88,
 715          0x88,0x88,0x88,0x88,0x88,0x88,0x88,0x88,0x88,0x88,0x88,0x88,0x88,0x88,0x88,0x88,
 716          0x88,0x88,0x88,0x88,0x88,0x88,0x88,0x88,0x88,0x88,0x88,0x8F,0x80,0x80,0x80,0xFF,
 717          
 718          };
 719          
 720          
 721          
 722          unsigned char code PIC_10[]=
 723          {
 724          /*--  调入了一幅图像：C:\Documents and Settings\Administrator\桌面\12864上限.bmp  --*/
 725          /*--  宽度x高度=128x64  --*/
 726          0xFF,0x01,0x01,0x01,0xF1,0x11,0x11,0x11,0x11,0x11,0x11,0x11,0x11,0x11,0x11,0x11,
 727          0x11,0x11,0x11,0x11,0x11,0x11,0x11,0x11,0x11,0x11,0x11,0x11,0x11,0x11,0x11,0x11,
 728          0x11,0x11,0x11,0x11,0x11,0x11,0x11,0x11,0x11,0x11,0x11,0x11,0x11,0x11,0x11,0x11,
 729          0x11,0x11,0x11,0x11,0x11,0x11,0x11,0x11,0x11,0x11,0x11,0x11,0x11,0x11,0x11,0x11,
 730          0x11,0x11,0x11,0x11,0x11,0x11,0x11,0x11,0x11,0x11,0x11,0x11,0x11,0x11,0x11,0x11,
 731          0x11,0x11,0x11,0x11,0x11,0x11,0x11,0x11,0x11,0x11,0x11,0x11,0x11,0x11,0x11,0x11,
 732          0x11,0x11,0x11,0x11,0x11,0x11,0x11,0x11,0x11,0x11,0x11,0x11,0x11,0x11,0x11,0x11,
 733          0x11,0x11,0x11,0x11,0x11,0x11,0x11,0x11,0x11,0x11,0x11,0xF1,0x01,0x01,0x01,0xFF,
 734          0xFF,0x00,0x00,0x00,0xFF,0x00,0x00,0x00,0xFF,0x01,0x01,0x01,0x01,0x01,0x01,0x01,
 735          0x01,0x01,0x01,0x01,0x01,0x81,0x01,0x01,0x01,0x01,0x01,0x01,0x81,0x81,0x81,0x81,
 736          0x01,0x01,0x01,0x01,0x81,0x81,0x81,0x81,0x01,0x01,0x01,0x01,0x01,0x81,0x01,0x01,
C51 COMPILER V9.60.7.0   PIC                                                               05/19/2025 09:04:31 PAGE 13  

 737          0x01,0x01,0x01,0x01,0x01,0x81,0x01,0x01,0x01,0x01,0x01,0x01,0x01,0x81,0x81,0x81,
 738          0x01,0x01,0x01,0x01,0x01,0x01,0x01,0x81,0x01,0x01,0x01,0x01,0x01,0x01,0x01,0x01,
 739          0x01,0x01,0x81,0x81,0x81,0x81,0x81,0x01,0x01,0x01,0x01,0x01,0x81,0x81,0x81,0x01,
 740          0x01,0x01,0x81,0x81,0x81,0x81,0x81,0x81,0x81,0x01,0x01,0x01,0x81,0x81,0x81,0x81,
 741          0x81,0x01,0x01,0x01,0x01,0x01,0x01,0xFF,0x00,0x00,0x00,0xFF,0x00,0x00,0x00,0xFF,
 742          0xFF,0x00,0x00,0x00,0xFF,0x00,0x00,0x00,0xFF,0x00,0x00,0x00,0x00,0x00,0x00,0x00,
 743          0x00,0x00,0x00,0x01,0x01,0xFF,0x00,0x00,0x00,0x00,0x00,0x07,0x80,0x40,0x20,0x18,
 744          0x07,0x00,0x00,0xC7,0x28,0x10,0x10,0x28,0xC7,0x00,0x00,0x00,0x00,0x80,0x41,0x22,
 745          0x14,0x08,0x14,0x22,0x41,0x80,0x00,0x00,0x00,0x00,0x00,0xFE,0x11,0x08,0x08,0x11,
 746          0xE0,0x00,0x00,0x70,0x4C,0x42,0x41,0xFF,0x40,0x00,0x00,0x00,0x00,0x00,0x00,0x00,
 747          0x00,0x00,0x00,0xFF,0x00,0x00,0x00,0x01,0xFE,0x00,0xFE,0x01,0x00,0x00,0x00,0x01,
 748          0xFE,0x00,0x01,0x00,0x00,0xFF,0x00,0x00,0x01,0x00,0x00,0x87,0x08,0x10,0x10,0x20,
 749          0xC3,0x00,0x00,0x00,0x00,0x00,0x00,0xFF,0x00,0x00,0x00,0xFF,0x00,0x00,0x00,0xFF,
 750          0xFF,0x00,0x00,0x00,0xFF,0x00,0x00,0x00,0xFF,0x00,0x00,0x00,0x00,0x00,0x00,0x00,
 751          0x00,0x00,0x00,0x02,0x02,0x03,0x02,0x02,0x00,0x00,0x00,0x03,0x02,0x02,0x02,0x02,
 752          0x03,0x00,0x00,0x01,0x02,0x02,0x02,0x02,0x01,0x00,0x00,0x00,0x00,0x00,0x00,0x00,
 753          0x00,0x00,0x00,0x00,0x00,0x00,0x00,0x00,0x00,0x00,0x00,0x00,0x01,0x02,0x02,0x01,
 754          0x00,0x00,0x00,0x00,0x00,0x02,0x02,0x03,0x02,0x00,0x00,0x00,0x00,0x00,0x00,0x00,
 755          0x00,0x00,0x02,0x03,0x02,0x02,0x02,0x01,0x00,0x00,0x00,0x01,0x02,0x02,0x02,0x01,
 756          0x00,0x00,0x00,0x00,0x02,0x03,0x02,0x00,0x00,0x00,0x00,0x03,0x02,0x02,0x02,0x02,
 757          0x01,0x00,0x00,0x00,0x00,0x00,0x00,0xFF,0x00,0x00,0x00,0xFF,0x00,0x00,0x00,0xFF,
 758          0xFF,0x00,0x00,0x00,0xFF,0x00,0x00,0x00,0xFF,0x00,0x00,0x00,0x00,0x00,0x08,0x78,
 759          0x88,0x00,0x00,0xC8,0x38,0x08,0xE0,0x10,0x08,0x08,0x08,0x10,0xE0,0x00,0x08,0xF8,
 760          0x08,0x08,0x08,0x08,0xF0,0x00,0x00,0x00,0x00,0x00,0x00,0x00,0x00,0x00,0xF8,0x80,
 761          0x80,0x80,0x80,0x80,0x00,0x00,0x00,0x00,0xF8,0x88,0x78,0x00,0xF8,0x48,0x48,0x48,
 762          0x48,0xF8,0x00,0x00,0x00,0x00,0x00,0x00,0x00,0x00,0x00,0x00,0x80,0xC0,0xC0,0x00,
 763          0x00,0x00,0x00,0x80,0xC0,0x40,0x40,0xC0,0x80,0x00,0x40,0xC0,0xC0,0x40,0x40,0xC0,
 764          0xC0,0x40,0x00,0x00,0x00,0x00,0x00,0x00,0x00,0x00,0x00,0x00,0x00,0x00,0x00,0x00,
 765          0x00,0x00,0x00,0x00,0x00,0x00,0x00,0xFF,0x00,0x00,0x00,0xFF,0x00,0x00,0x00,0xFF,
 766          0xFF,0x00,0x00,0x00,0xFF,0x00,0x00,0x00,0xFF,0x00,0x00,0x00,0x00,0x00,0x00,0x00,
 767          0x07,0x38,0x0E,0x01,0x00,0x00,0x0F,0x10,0x20,0x20,0x20,0x10,0x0F,0x00,0x20,0x3F,
 768          0x21,0x01,0x01,0x01,0x00,0x00,0x00,0x00,0x00,0x40,0x40,0x40,0x40,0x40,0x7F,0x40,
 769          0x40,0x40,0x40,0x60,0x40,0x00,0x00,0x00,0x7F,0x08,0x0F,0x00,0x7F,0x41,0x27,0x09,
 770          0x15,0x23,0x40,0x00,0x00,0x00,0x00,0x00,0x00,0x00,0x00,0x00,0x40,0x7F,0x7F,0x40,
 771          0x00,0x00,0x00,0x61,0x71,0x58,0x4C,0x47,0x43,0x00,0x00,0x01,0x1F,0x7E,0x7E,0x1F,
 772          0x01,0x00,0x00,0x00,0x00,0x00,0x00,0x00,0x00,0x00,0x00,0x00,0x00,0x00,0x00,0x00,
 773          0x00,0x00,0x00,0x00,0x00,0x00,0x00,0xFF,0x00,0x00,0x00,0xFF,0x00,0x00,0x00,0xFF,
 774          0xFF,0x00,0x00,0x00,0xFF,0x00,0x00,0x00,0xFF,0x80,0x80,0x80,0x80,0x80,0x80,0x80,
 775          0x80,0x80,0x80,0x80,0x80,0x80,0x80,0x80,0x80,0x80,0x80,0x80,0x80,0x80,0x80,0x80,
 776          0x80,0x80,0x80,0x80,0x80,0x80,0x80,0x80,0x80,0x80,0x80,0x80,0x80,0x80,0x80,0x80,
 777          0x80,0x80,0x80,0x80,0x80,0x80,0x80,0x80,0x80,0x80,0x80,0x80,0x80,0x80,0x80,0x80,
 778          0x80,0x80,0x80,0x80,0x80,0x80,0x80,0x80,0x80,0x80,0x80,0x80,0x80,0x80,0x80,0x80,
 779          0x80,0x80,0x80,0x80,0x80,0x80,0x80,0x80,0x80,0x80,0x80,0x80,0x80,0x80,0x80,0x80,
 780          0x80,0x80,0x80,0x80,0x80,0x80,0x80,0x80,0x80,0x80,0x80,0x80,0x80,0x80,0x80,0x80,
 781          0x80,0x80,0x80,0x80,0x80,0x80,0x80,0xFF,0x00,0x00,0x00,0xFF,0x00,0x00,0x00,0xFF,
 782          0xFF,0x80,0x80,0x80,0x8F,0x88,0x88,0x88,0x88,0x88,0x88,0x88,0x88,0x88,0x88,0x88,
 783          0x88,0x88,0x88,0x88,0x88,0x88,0x88,0x88,0x88,0x88,0x88,0x88,0x88,0x88,0x88,0x88,
 784          0x88,0x88,0x88,0x88,0x88,0x88,0x88,0x88,0x88,0x88,0x88,0x88,0x88,0x88,0x88,0x88,
 785          0x88,0x88,0x88,0x88,0x88,0x88,0x88,0x88,0x88,0x88,0x88,0x88,0x88,0x88,0x88,0x88,
 786          0x88,0x88,0x88,0x88,0x88,0x88,0x88,0x88,0x88,0x88,0x88,0x88,0x88,0x88,0x88,0x88,
 787          0x88,0x88,0x88,0x88,0x88,0x88,0x88,0x88,0x88,0x88,0x88,0x88,0x88,0x88,0x88,0x88,
 788          0x88,0x88,0x88,0x88,0x88,0x88,0x88,0x88,0x88,0x88,0x88,0x88,0x88,0x88,0x88,0x88,
 789          0x88,0x88,0x88,0x88,0x88,0x88,0x88,0x88,0x88,0x88,0x88,0x8F,0x80,0x80,0x80,0xFF,
 790          
 791          };
 792          
 793          
 794          
 795          
 796          unsigned char code PIC_11[]=
 797          {
 798          
C51 COMPILER V9.60.7.0   PIC                                                               05/19/2025 09:04:31 PAGE 14  

 799          /*--  调入了一幅图像：C:\Documents and Settings\Administrator\桌面\12864下限.bmp  --*/
 800          /*--  宽度x高度=128x64  --*/
 801          0xFF,0x01,0x01,0x01,0xF1,0x11,0x11,0x11,0x11,0x11,0x11,0x11,0x11,0x11,0x11,0x11,
 802          0x11,0x11,0x11,0x11,0x11,0x11,0x11,0x11,0x11,0x11,0x11,0x11,0x11,0x11,0x11,0x11,
 803          0x11,0x11,0x11,0x11,0x11,0x11,0x11,0x11,0x11,0x11,0x11,0x11,0x11,0x11,0x11,0x11,
 804          0x11,0x11,0x11,0x11,0x11,0x11,0x11,0x11,0x11,0x11,0x11,0x11,0x11,0x11,0x11,0x11,
 805          0x11,0x11,0x11,0x11,0x11,0x11,0x11,0x11,0x11,0x11,0x11,0x11,0x11,0x11,0x11,0x11,
 806          0x11,0x11,0x11,0x11,0x11,0x11,0x11,0x11,0x11,0x11,0x11,0x11,0x11,0x11,0x11,0x11,
 807          0x11,0x11,0x11,0x11,0x11,0x11,0x11,0x11,0x11,0x11,0x11,0x11,0x11,0x11,0x11,0x11,
 808          0x11,0x11,0x11,0x11,0x11,0x11,0x11,0x11,0x11,0x11,0x11,0xF1,0x01,0x01,0x01,0xFF,
 809          0xFF,0x00,0x00,0x00,0xFF,0x00,0x00,0x00,0xFF,0x01,0x01,0x01,0x01,0x01,0x01,0x01,
 810          0x01,0x01,0x01,0x01,0x01,0x81,0x01,0x01,0x01,0x01,0x01,0x01,0x81,0x81,0x81,0x81,
 811          0x01,0x01,0x01,0x01,0x81,0x81,0x81,0x81,0x01,0x01,0x01,0x01,0x01,0x81,0x01,0x01,
 812          0x01,0x01,0x01,0x01,0x01,0x81,0x01,0x01,0x01,0x01,0x01,0x01,0x01,0x81,0x81,0x81,
 813          0x01,0x01,0x01,0x01,0x01,0x01,0x01,0x81,0x01,0x01,0x01,0x01,0x01,0x01,0x01,0x01,
 814          0x01,0x01,0x81,0x81,0x81,0x81,0x81,0x01,0x01,0x01,0x01,0x01,0x81,0x81,0x81,0x01,
 815          0x01,0x01,0x81,0x81,0x81,0x81,0x81,0x81,0x81,0x01,0x01,0x01,0x81,0x81,0x81,0x81,
 816          0x81,0x01,0x01,0x01,0x01,0x01,0x01,0xFF,0x00,0x00,0x00,0xFF,0x00,0x00,0x00,0xFF,
 817          0xFF,0x00,0x00,0x00,0xFF,0x00,0x00,0x00,0xFF,0x00,0x00,0x00,0x00,0x00,0x00,0x00,
 818          0x00,0x00,0x00,0x01,0x01,0xFF,0x00,0x00,0x00,0x00,0x00,0x07,0x80,0x40,0x20,0x18,
 819          0x07,0x00,0x00,0xC7,0x28,0x10,0x10,0x28,0xC7,0x00,0x00,0x00,0x00,0x80,0x41,0x22,
 820          0x14,0x08,0x14,0x22,0x41,0x80,0x00,0x00,0x00,0x00,0x00,0xFE,0x11,0x08,0x08,0x11,
 821          0xE0,0x00,0x00,0x70,0x4C,0x42,0x41,0xFF,0x40,0x00,0x00,0x00,0x00,0x00,0x00,0x00,
 822          0x00,0x00,0x00,0xFF,0x00,0x00,0x00,0x01,0xFE,0x00,0xFE,0x01,0x00,0x00,0x00,0x01,
 823          0xFE,0x00,0x01,0x00,0x00,0xFF,0x00,0x00,0x01,0x00,0x00,0x87,0x08,0x10,0x10,0x20,
 824          0xC3,0x00,0x00,0x00,0x00,0x00,0x00,0xFF,0x00,0x00,0x00,0xFF,0x00,0x00,0x00,0xFF,
 825          0xFF,0x00,0x00,0x00,0xFF,0x00,0x00,0x00,0xFF,0x00,0x00,0x00,0x00,0x00,0x00,0x00,
 826          0x00,0x00,0x00,0x02,0x02,0x03,0x02,0x02,0x00,0x00,0x00,0x03,0x02,0x02,0x02,0x02,
 827          0x03,0x00,0x00,0x01,0x02,0x02,0x02,0x02,0x01,0x00,0x00,0x00,0x00,0x00,0x00,0x00,
 828          0x00,0x00,0x00,0x00,0x00,0x00,0x00,0x00,0x00,0x00,0x00,0x00,0x01,0x02,0x02,0x01,
 829          0x00,0x00,0x00,0x00,0x00,0x02,0x02,0x03,0x02,0x00,0x00,0x00,0x00,0x00,0x00,0x00,
 830          0x00,0x00,0x02,0x03,0x02,0x02,0x02,0x01,0x00,0x00,0x00,0x01,0x02,0x02,0x02,0x01,
 831          0x00,0x00,0x00,0x00,0x02,0x03,0x02,0x00,0x00,0x00,0x00,0x03,0x02,0x02,0x02,0x02,
 832          0x01,0x00,0x00,0x00,0x00,0x00,0x00,0xFF,0x00,0x00,0x00,0xFF,0x00,0x00,0x00,0xFF,
 833          0xFF,0x00,0x00,0x00,0xFF,0x00,0x00,0x00,0xFF,0x00,0x00,0x00,0x00,0x00,0x08,0x78,
 834          0x88,0x00,0x00,0xC8,0x38,0x08,0xE0,0x10,0x08,0x08,0x08,0x10,0xE0,0x00,0x08,0xF8,
 835          0x08,0x08,0x08,0x08,0xF0,0x00,0x00,0x00,0x00,0x20,0x20,0x20,0x20,0x20,0xE0,0x20,
 836          0x20,0x20,0x20,0x30,0x20,0x00,0x00,0x00,0xF0,0x10,0xF0,0x00,0xF0,0x90,0x90,0x90,
 837          0x90,0xF0,0x00,0x00,0x00,0x00,0x00,0x00,0x00,0x00,0x00,0x00,0x80,0xC0,0xC0,0x00,
 838          0x00,0x00,0x00,0x00,0x80,0xC0,0xC0,0x00,0x00,0x00,0x00,0x00,0x00,0x00,0x00,0x00,
 839          0x00,0x00,0x00,0x00,0x80,0xC0,0x40,0xC0,0xC0,0x00,0x40,0xC0,0xC0,0x40,0x40,0xC0,
 840          0xC0,0x40,0x00,0x00,0x00,0x00,0x00,0xFF,0x00,0x00,0x00,0xFF,0x00,0x00,0x00,0xFF,
 841          0xFF,0x00,0x00,0x00,0xFF,0x00,0x00,0x00,0xFF,0x00,0x00,0x00,0x00,0x00,0x00,0x00,
 842          0x07,0x38,0x0E,0x01,0x00,0x00,0x0F,0x10,0x20,0x20,0x20,0x10,0x0F,0x00,0x20,0x3F,
 843          0x21,0x01,0x01,0x01,0x00,0x00,0x00,0x00,0x00,0x00,0x00,0x00,0x00,0x00,0xFF,0x01,
 844          0x01,0x02,0x06,0x00,0x00,0x00,0x00,0x00,0xFF,0x11,0x1E,0x00,0xFF,0x82,0x4E,0x12,
 845          0x2A,0x47,0x80,0x00,0x00,0x00,0x00,0x00,0x00,0x00,0x00,0x00,0x40,0x7F,0x7F,0x40,
 846          0x00,0x00,0x00,0x00,0x40,0x7F,0x7F,0x40,0x00,0x00,0x00,0x60,0x60,0x60,0x00,0x00,
 847          0x00,0x00,0x00,0x3F,0x7F,0x46,0x42,0x7E,0x3C,0x00,0x00,0x01,0x1F,0x7E,0x7E,0x1F,
 848          0x01,0x00,0x00,0x00,0x00,0x00,0x00,0xFF,0x00,0x00,0x00,0xFF,0x00,0x00,0x00,0xFF,
 849          0xFF,0x00,0x00,0x00,0xFF,0x00,0x00,0x00,0xFF,0x80,0x80,0x80,0x80,0x80,0x80,0x80,
 850          0x80,0x80,0x80,0x80,0x80,0x80,0x80,0x80,0x80,0x80,0x80,0x80,0x80,0x80,0x80,0x80,
 851          0x80,0x80,0x80,0x80,0x80,0x80,0x80,0x80,0x80,0x80,0x80,0x80,0x80,0x80,0x80,0x80,
 852          0x80,0x80,0x80,0x80,0x80,0x80,0x80,0x80,0x80,0x80,0x80,0x80,0x80,0x80,0x80,0x80,
 853          0x80,0x80,0x80,0x80,0x80,0x80,0x80,0x80,0x80,0x80,0x80,0x80,0x80,0x80,0x80,0x80,
 854          0x80,0x80,0x80,0x80,0x80,0x80,0x80,0x80,0x80,0x80,0x80,0x80,0x80,0x80,0x80,0x80,
 855          0x80,0x80,0x80,0x80,0x80,0x80,0x80,0x80,0x80,0x80,0x80,0x80,0x80,0x80,0x80,0x80,
 856          0x80,0x80,0x80,0x80,0x80,0x80,0x80,0xFF,0x00,0x00,0x00,0xFF,0x00,0x00,0x00,0xFF,
 857          0xFF,0x80,0x80,0x80,0x8F,0x88,0x88,0x88,0x88,0x88,0x88,0x88,0x88,0x88,0x88,0x88,
 858          0x88,0x88,0x88,0x88,0x88,0x88,0x88,0x88,0x88,0x88,0x88,0x88,0x88,0x88,0x88,0x88,
 859          0x88,0x88,0x88,0x88,0x88,0x88,0x88,0x88,0x88,0x88,0x88,0x88,0x88,0x88,0x88,0x88,
 860          0x88,0x88,0x88,0x88,0x88,0x88,0x88,0x88,0x88,0x88,0x88,0x88,0x88,0x88,0x88,0x88,
C51 COMPILER V9.60.7.0   PIC                                                               05/19/2025 09:04:31 PAGE 15  

 861          0x88,0x88,0x88,0x88,0x88,0x88,0x88,0x88,0x88,0x88,0x88,0x88,0x88,0x88,0x88,0x88,
 862          0x88,0x88,0x88,0x88,0x88,0x88,0x88,0x88,0x88,0x88,0x88,0x88,0x88,0x88,0x88,0x88,
 863          0x88,0x88,0x88,0x88,0x88,0x88,0x88,0x88,0x88,0x88,0x88,0x88,0x88,0x88,0x88,0x88,
 864          0x88,0x88,0x88,0x88,0x88,0x88,0x88,0x88,0x88,0x88,0x88,0x8F,0x80,0x80,0x80,0xFF,
 865          
 866          };
 867          
 868          
 869          unsigned char code PIC_12[]=
 870          {
 871          /*--  调入了一幅图像：C:\Documents and Settings\Administrator\桌面\左右图.bmp  --*/
 872          /*--  宽度x高度=128x64  --*/
 873          0x00,0x00,0x00,0x00,0xFC,0xFC,0xFC,0xFC,0xFC,0x7C,0x7C,0x7C,0x7C,0x7C,0x1C,0x1C,
 874          0x7C,0x7C,0x7C,0x3C,0x3C,0x7C,0xFC,0xFC,0xFC,0xFC,0xFC,0xFC,0x00,0x00,0x00,0x00,
 875          0x00,0x00,0x00,0x00,0x00,0x00,0x00,0x00,0x00,0x00,0x00,0x00,0x00,0x00,0x00,0x00,
 876          0x00,0x00,0x00,0x00,0x00,0x00,0x00,0x00,0x00,0x00,0x00,0x00,0x00,0x00,0x00,0x00,
 877          0x00,0x00,0x00,0x00,0x00,0x00,0x00,0x00,0x00,0x00,0x00,0x00,0x00,0x00,0x00,0x00,
 878          0x00,0x00,0x00,0x00,0x00,0x00,0x00,0x00,0x00,0x00,0x00,0x00,0x00,0x00,0x00,0x00,
 879          0x00,0x00,0x00,0xFC,0x04,0x04,0x04,0x04,0x84,0x84,0x84,0x84,0x84,0xE4,0xE4,0x84,
 880          0x84,0x84,0xC4,0xC4,0x84,0x04,0x04,0x04,0x04,0xFC,0x00,0x00,0x00,0x00,0x00,0x00,
 881          0x00,0x00,0x00,0x00,0xFF,0xFF,0xFF,0xFF,0xFF,0xBF,0x9F,0xCF,0xE3,0xF0,0xF4,0xF7,
 882          0x07,0x07,0xF7,0xF7,0xF7,0xFF,0xFF,0xFF,0xFF,0xFF,0xFF,0xFF,0x00,0x00,0x00,0x00,
 883          0x00,0x00,0x00,0x00,0x00,0x00,0x00,0x00,0x00,0x00,0x00,0x00,0x00,0x00,0x00,0x00,
 884          0x00,0x00,0x00,0x00,0x00,0x00,0x00,0x00,0x00,0x00,0x00,0x00,0x00,0x00,0x00,0x00,
 885          0x00,0x00,0x00,0x00,0x00,0x00,0x00,0x00,0x00,0x00,0x00,0x00,0x00,0x00,0x00,0x00,
 886          0x00,0x00,0x00,0x00,0x00,0x00,0x00,0x00,0x00,0x00,0x00,0x00,0x00,0x00,0x00,0x00,
 887          0x00,0x00,0x00,0xFF,0x00,0x00,0x00,0x00,0x20,0x30,0x18,0xFC,0xFF,0x8B,0x88,0x88,
 888          0x88,0xF8,0xF8,0x00,0x00,0x00,0x00,0x00,0x00,0xFF,0x00,0x00,0x00,0x00,0x00,0x00,
 889          0x00,0x00,0x00,0x00,0x0F,0x0F,0x0F,0x0F,0x0F,0x0F,0x0F,0x0E,0x0E,0x0E,0x0E,0x0E,
 890          0x0E,0x0E,0x0E,0x0E,0x0E,0x0E,0x0F,0x0F,0x0F,0x0F,0x0F,0x0F,0x00,0x00,0x00,0x00,
 891          0x00,0x00,0x00,0x00,0x00,0x00,0x00,0x00,0x00,0x00,0x00,0x00,0x00,0x00,0x00,0x00,
 892          0x00,0x00,0x00,0x00,0x00,0x00,0x00,0x00,0x00,0x00,0x00,0x00,0x00,0x00,0x00,0x00,
 893          0x00,0x00,0x00,0x00,0x00,0x00,0x00,0x00,0x00,0x00,0x00,0x00,0x00,0x00,0x00,0x00,
 894          0x00,0x00,0x00,0x00,0x00,0x00,0x00,0x00,0x00,0x00,0x00,0x00,0x00,0x00,0x00,0x00,
 895          0x00,0x00,0x00,0x1F,0x10,0x10,0x10,0x10,0x10,0x10,0x10,0x11,0x11,0x10,0x10,0x10,
 896          0x10,0x11,0x11,0x10,0x10,0x10,0x10,0x10,0x10,0x1F,0x00,0x00,0x00,0x00,0x00,0x00,
 897          0x00,0x00,0x00,0x00,0xE0,0xE0,0xE0,0x00,0x00,0x00,0x00,0x00,0x00,0x00,0x00,0x00,
 898          0x00,0x00,0x00,0x00,0x00,0x00,0x00,0x00,0x00,0x00,0x00,0x00,0x00,0x00,0x00,0x00,
 899          0x00,0x00,0x00,0x00,0x00,0x00,0x00,0x00,0x00,0x00,0x00,0x00,0x00,0x00,0x00,0x00,
 900          0x00,0x00,0x00,0x00,0x00,0x00,0x00,0x00,0x00,0x00,0x00,0x00,0x00,0x00,0x00,0x00,
 901          0x00,0x00,0xF0,0xF0,0xF0,0xF0,0xF0,0xF0,0xF0,0xF0,0xF0,0xF0,0xF0,0xF0,0xF0,0xF0,
 902          0xF0,0xF0,0xF0,0xF0,0xF0,0xF0,0xF0,0xF0,0xF0,0xF0,0xF0,0xF0,0xF0,0xF0,0xF0,0xF0,
 903          0xF0,0xF0,0xF0,0xF0,0xF0,0xF0,0xF0,0xF0,0xF0,0xF0,0xF0,0xF0,0xF0,0xF0,0xF0,0xF0,
 904          0xF0,0xF0,0xF0,0xF0,0xF0,0x10,0x10,0x10,0xF0,0xF0,0xF0,0xF0,0x00,0x00,0x00,0x00,
 905          0x00,0x00,0x00,0x00,0xFF,0xFF,0xFF,0x00,0x00,0x00,0x00,0xFE,0xFE,0xFE,0x00,0x00,
 906          0x00,0x00,0xE0,0xE0,0xE0,0x00,0x00,0x00,0x00,0x00,0x00,0x00,0x00,0x00,0x00,0x00,
 907          0x00,0x00,0x00,0x00,0x00,0x00,0x00,0x00,0x00,0x00,0x00,0x00,0x00,0x00,0x00,0x00,
 908          0x00,0x00,0x00,0x00,0x00,0x00,0x00,0x00,0x00,0x00,0x00,0x00,0x00,0x00,0x00,0x00,
 909          0x00,0x00,0xFF,0xFF,0xFF,0xFF,0xFF,0xFF,0xFF,0xFF,0xFF,0xFF,0xFF,0xFF,0xFF,0xFF,
 910          0xFF,0xFF,0xFF,0xFF,0xFF,0xFF,0xFF,0xFF,0xFF,0xFF,0xFF,0xFF,0xFF,0xFF,0xFF,0xFF,
 911          0xFF,0xFF,0xFF,0xFF,0xFF,0xFF,0xFF,0x1F,0x1F,0x1F,0xFF,0xFF,0xFF,0xFF,0x01,0x01,
 912          0x01,0xFF,0xFF,0xFF,0xFF,0x00,0x00,0x00,0xFF,0xFF,0xFF,0xFF,0x00,0x00,0x00,0x00,
 913          0x00,0x00,0x00,0x00,0xFF,0xFF,0xFF,0x00,0x00,0x00,0x00,0xFF,0xFF,0xFF,0x00,0x00,
 914          0x00,0x00,0xFF,0xFF,0xFF,0x00,0x00,0x00,0x00,0xFE,0xFE,0xFE,0x00,0x00,0x00,0x00,
 915          0xE0,0xE0,0xE0,0x00,0x00,0x00,0x00,0x00,0x00,0x00,0x00,0x00,0x00,0x00,0x00,0x00,
 916          0x00,0x00,0x00,0x00,0x00,0x00,0x00,0x00,0x00,0x00,0x00,0x00,0x00,0x00,0x00,0x00,
 917          0x00,0x00,0xFF,0xFF,0xFF,0xFF,0xFF,0xFF,0xFF,0xFF,0xFF,0xFF,0xFF,0xFF,0xFF,0xFF,
 918          0xFF,0xFF,0xFF,0xFF,0xFF,0xFF,0xFF,0xFF,0xFF,0x1F,0x1F,0x1F,0xFF,0xFF,0xFF,0xFF,
 919          0x01,0x01,0x01,0xFF,0xFF,0xFF,0xFF,0x00,0x00,0x00,0xFF,0xFF,0xFF,0xFF,0x00,0x00,
 920          0x00,0xFF,0xFF,0xFF,0xFF,0x00,0x00,0x00,0xFF,0xFF,0xFF,0xFF,0x00,0x00,0x00,0x00,
 921          0x00,0x00,0x00,0x00,0xFF,0xFF,0xFF,0x00,0x00,0x00,0x00,0xFF,0xFF,0xFF,0x00,0x00,
 922          0x00,0x00,0xFF,0xFF,0xFF,0x00,0x00,0x00,0x00,0xFF,0xFF,0xFF,0x00,0x00,0x00,0x00,
C51 COMPILER V9.60.7.0   PIC                                                               05/19/2025 09:04:31 PAGE 16  

 923          0xFF,0xFF,0xFF,0x00,0x00,0x00,0x00,0xFE,0xFE,0xFE,0x00,0x00,0x00,0x00,0xE0,0xE0,
 924          0xE0,0x00,0x00,0x00,0x00,0x00,0x00,0x00,0x00,0x00,0x00,0x00,0x00,0x00,0x00,0x00,
 925          0x00,0x00,0xFF,0xFF,0xFF,0xFF,0xFF,0xFF,0xFF,0xFF,0xFF,0x1F,0x1F,0x1F,0xFF,0xFF,
 926          0xFF,0xFF,0x01,0x01,0x01,0xFF,0xFF,0xFF,0xFF,0x00,0x00,0x00,0xFF,0xFF,0xFF,0xFF,
 927          0x00,0x00,0x00,0xFF,0xFF,0xFF,0xFF,0x00,0x00,0x00,0xFF,0xFF,0xFF,0xFF,0x00,0x00,
 928          0x00,0xFF,0xFF,0xFF,0xFF,0x00,0x00,0x00,0xFF,0xFF,0xFF,0xFF,0x00,0x00,0x00,0x00,
 929          0x00,0x00,0x00,0x00,0x7F,0x7F,0x7F,0x00,0x00,0x00,0x00,0x7F,0x7F,0x7F,0x00,0x00,
 930          0x00,0x00,0x7F,0x7F,0x7F,0x00,0x00,0x00,0x00,0x7F,0x7F,0x7F,0x00,0x00,0x00,0x00,
 931          0x7F,0x7F,0x7F,0x00,0x00,0x00,0x00,0x7F,0x7F,0x7F,0x00,0x00,0x00,0x00,0x7F,0x7F,
 932          0x7F,0x00,0x00,0x00,0x00,0x7E,0x7E,0x7E,0x00,0x00,0x00,0x00,0x00,0x00,0x00,0x00,
 933          0x00,0x00,0xFF,0xFF,0x81,0x81,0x81,0xFF,0xFF,0xFF,0xFF,0x80,0x80,0x80,0xFF,0xFF,
 934          0xFF,0xFF,0x80,0x80,0x80,0xFF,0xFF,0xFF,0xFF,0x80,0x80,0x80,0xFF,0xFF,0xFF,0xFF,
 935          0x80,0x80,0x80,0xFF,0xFF,0xFF,0xFF,0x80,0x80,0x80,0xFF,0xFF,0xFF,0xFF,0x80,0x80,
 936          0x80,0xFF,0xFF,0xFF,0xFF,0x80,0x80,0x80,0xFF,0xFF,0xFF,0xFF,0x00,0x00,0x00,0x00,
 937          };
 938          
 939          
 940          
 941          
 942          //0~9,ASCII码数组
 943          unsigned char code ASC[10*16]=
 944          {
 945          0x00,0xE0,0x10,0x08,0x08,0x10,0xE0,0x00,0x00,0x07,0x08,0x10,0x10,0x08,0x07,0x00,/*"016"*/
 946          0x00,0x10,0x10,0xF8,0x00,0x00,0x00,0x00,0x00,0x10,0x10,0x1F,0x10,0x10,0x00,0x00,/*"117"*/
 947          0x00,0x30,0x08,0x08,0x08,0x88,0x70,0x00,0x00,0x18,0x14,0x12,0x11,0x10,0x18,0x00,/*"218"*/
 948          0x00,0x30,0x08,0x88,0x88,0x48,0x30,0x00,0x00,0x0C,0x10,0x10,0x10,0x11,0x0E,0x00,/*"319"*/
 949          0x00,0x80,0x40,0x20,0xF8,0x00,0x00,0x00,0x00,0x03,0x02,0x12,0x1F,0x12,0x12,0x00,/*"420"*/
 950          0x00,0xF8,0x88,0x48,0x48,0x48,0x88,0x00,0x00,0x0C,0x10,0x10,0x10,0x10,0x0F,0x00,/*"521"*/
 951          0x00,0xE0,0x10,0x88,0x88,0x98,0x00,0x00,0x00,0x0F,0x11,0x10,0x10,0x10,0x0F,0x00,/*"622"*/
 952          0x00,0x38,0x08,0x08,0xC8,0x38,0x08,0x00,0x00,0x00,0x00,0x1F,0x00,0x00,0x00,0x00,/*"723"*/
 953          0x00,0x70,0x88,0x88,0x88,0x88,0x70,0x00,0x00,0x0E,0x11,0x10,0x10,0x11,0x0E,0x00,/*"824"*/
 954          0x00,0xF0,0x08,0x08,0x08,0x90,0xE0,0x00,0x00,0x00,0x19,0x11,0x11,0x08,0x07,0x00,/*"925"*/
 955          };
 956          unsigned char code num[][16]=
 957          {
 958          {0x00,0x07,0x08,0x10,0x10,0x08,0x07,0x00,
 959          0x00,0xF0,0x08,0x04,0x04,0x08,0xF0,0x00},/*"0",0*/
 960          
 961          {0x00,0x08,0x08,0x1F,0x00,0x00,0x00,0x00,
 962          0x00,0x04,0x04,0xFC,0x04,0x04,0x00,0x00},/*"1",1*/
 963          
 964          {0x00,0x0E,0x10,0x10,0x10,0x11,0x0E,0x00,
 965          0x00,0x0C,0x14,0x24,0x44,0x84,0x0C,0x00},/*"2",2*/
 966          
 967          {0x00,0x0C,0x10,0x11,0x11,0x12,0x0C,0x00,
 968          0x00,0x18,0x04,0x04,0x04,0x88,0x70,0x00},/*"3",3*/
 969          
 970          {0x00,0x00,0x03,0x04,0x08,0x1F,0x00,0x00,
 971          0x00,0xE0,0x20,0x24,0x24,0xFC,0x24,0x00},/*"4",4*/
 972          
 973          {0x00,0x1F,0x10,0x11,0x11,0x10,0x10,0x00,
 974          0x00,0x98,0x84,0x04,0x04,0x88,0x70,0x00},/*"5",5*/
 975          
 976          {0x00,0x07,0x08,0x11,0x11,0x18,0x00,0x00,
 977          0x00,0xF0,0x88,0x04,0x04,0x88,0x70,0x00},/*"6",6*/
 978          
 979          {0x00,0x1C,0x10,0x10,0x13,0x1C,0x10,0x00,
 980          0x00,0x00,0x00,0xFC,0x00,0x00,0x00,0x00},/*"7",7*/
 981          
 982          {0x00,0x0E,0x11,0x10,0x10,0x11,0x0E,0x00,
 983          0x00,0x38,0x44,0x84,0x84,0x44,0x38,0x00},/*"8",8*/
 984          
C51 COMPILER V9.60.7.0   PIC                                                               05/19/2025 09:04:31 PAGE 17  

 985          {0x00,0x07,0x08,0x10,0x10,0x08,0x07,0x00,
 986          0x00,0x00,0x8C,0x44,0x44,0x88,0xF0,0x00},/*"9",9*/
 987          };
 988          
 989          
 990          
 991          unsigned char code disp_vop[][16]=
 992          {
 993          {0x10,0x1E,0x11,0x00,0x00,0x13,0x1C,0x10,
 994          0x00,0x00,0xE0,0x1C,0x70,0x80,0x00,0x00},/*"V",0*/
 995          
 996          {0x07,0x08,0x10,0x10,0x10,0x08,0x07,0x00,
 997          0xF0,0x08,0x04,0x04,0x04,0x08,0xF0,0x00},/*"O",1*/
 998          
 999          {0x10,0x1F,0x10,0x10,0x10,0x10,0x0F,0x00,
1000          0x04,0xFC,0x84,0x80,0x80,0x80,0x00,0x00},/*"P",2*/
1001          
1002          {0x02,0x02,0x02,0x02,0x02,0x02,0x02,0x00,
1003          0x20,0x20,0x20,0x20,0x20,0x20,0x20,0x00},/*"=",3*/
1004          
1005          {0x00,0x00,0x00,0x00,0x00,0x00,0x00,0x00,
1006          0x00,0x0C,0x0C,0x00,0x00,0x00,0x00,0x00},/*".",4*/
1007          
1008          {0x10,0x1E,0x11,0x00,0x00,0x13,0x1C,0x10,
1009          0x00,0x00,0xE0,0x1C,0x70,0x80,0x00,0x00},/*"V",5*/
1010          
1011          };
1012          
1013          
1014          unsigned char code jin[128]= 
1015          {0x00,0x00,0x00,0x00,0x00,0x00,0x00,0x00,0x00,0x00,0x80,0xC0,0xF0,0xF8,0x7C,0x3C,0x7C,0xF8,0xE0,0xC0,0x80,
             -0x80,0x00,0x00,0x00,0x00,0x00,0x00,0x00,0x00,0x00,0x00,
1016          0x00,0x00,0x20,0x60,0x70,0x78,0x38,0x3C,0x7E,0x6F,0x67,0x67,0x63,0x61,0xE0,0xE0,0xE0,0xE0,0x61,0x63,0x63,0
             -x67,0x6F,0x7E,0x7E,0x1C,0x3C,0x38,0x78,0x78,0x10,0x00,
1017          0x00,0x00,0x00,0x00,0x00,0x00,0x18,0x18,0xD8,0xD8,0xD8,0x98,0x18,0x18,0xFF,0xFF,0xFF,0xFF,0x18,0x18,0x38,0
             -xF8,0xD8,0xD8,0xD8,0x18,0x18,0x00,0x00,0x00,0x00,0x00,
1018          0x00,0x00,0x00,0x00,0x30,0x30,0x30,0x30,0x31,0x37,0x37,0x33,0x32,0x30,0x3F,0x3F,0x3F,0x3F,0x30,0x38,0x3F,0
             -x3F,0x3F,0x33,0x30,0x30,0x30,0x30,0x30,0x00,0x00,0x00};/*"金",0*/
1019          /* (32 X 32 , 黑体, 加粗 )*/
1020          
1021          
1022          unsigned char code se[128]= 
1023          {0x00,0x00,0x00,0x00,0x00,0x00,0x00,0x00,0x80,0xC0,0xF0,0xFC,0xFC,0xF8,0xC8,0xC8,0xC0,0xC0,0xC0,0xC0,0xC0,
             -0xC0,0xC0,0xC0,0x00,0x00,0x00,0x00,0x00,0x00,0x00,0x00,
1024          0x00,0x00,0x10,0x30,0x38,0x3C,0xFE,0xFF,0xFF,0xF7,0x33,0x30,0x30,0x30,0x30,0xF0,0xF0,0xF8,0xFE,0x3F,0x3F,0
             -x33,0x31,0x30,0xF0,0xF0,0xF0,0x00,0x00,0x00,0x00,0x00,
1025          0x00,0x00,0x00,0x00,0x00,0x00,0xFF,0xFF,0xFF,0xFF,0x1C,0x1C,0x1C,0x1C,0x1C,0x1F,0x1F,0x1F,0x1F,0x1C,0x1C,0
             -x1C,0x1C,0x1C,0x3F,0x3F,0x3F,0x00,0x00,0x00,0x00,0x00,
1026          0x00,0x00,0x00,0x00,0x00,0x00,0x07,0x1F,0x3F,0x3F,0x38,0x30,0x30,0x30,0x30,0x30,0x30,0x30,0x30,0x30,0x30,0
             -x30,0x30,0x30,0x30,0x30,0x38,0x3E,0x1E,0x0C,0x00,0x00};/*"色",1*/
1027          /* (32 X 32 , 黑体, 加粗 )*/
1028          
1029          
1030          unsigned char code tong[128]= 
1031          {0x00,0x00,0x00,0x00,0x60,0x60,0x60,0x60,0x60,0x60,0x60,0xE0,0xE0,0x60,0x68,0x7C,0x7C,0x7C,0x60,0x60,0xE0,
             -0xE0,0xE0,0x60,0x60,0x60,0x60,0x60,0x60,0x00,0x00,0x00,
1032          0x00,0x00,0x00,0x04,0x04,0x04,0xE4,0xE4,0xE4,0x64,0x67,0x67,0x67,0x67,0x64,0xE4,0xE4,0xE4,0x64,0x67,0x67,0
             -x67,0x65,0x64,0xE4,0xE4,0xE4,0x04,0x04,0x04,0x00,0x00,
1033          0x00,0x00,0x00,0x00,0x00,0x00,0x3F,0x3F,0x3F,0x32,0x32,0x32,0x32,0x32,0x32,0xFF,0xFF,0xFF,0x32,0x32,0x32,0
             -x32,0x32,0x32,0x3F,0x3F,0x3F,0x00,0x00,0x00,0x00,0x00,
1034          0x00,0x00,0x00,0x30,0x30,0x33,0x33,0x33,0x33,0x33,0x33,0x33,0x33,0x33,0x33,0x3F,0x3F,0x3F,0x33,0x33,0x33,0
             -x33,0x33,0x33,0x33,0x33,0x33,0x33,0x30,0x30,0x00,0x00};/*"童",2*/
C51 COMPILER V9.60.7.0   PIC                                                               05/19/2025 09:04:31 PAGE 18  

1035          /* (32 X 32 , 黑体, 加粗 )*/
1036          
1037          
1038          unsigned char code nian[128]= 
1039          {0x00,0x00,0x00,0x00,0x00,0x00,0x00,0x80,0xE0,0xF8,0xFC,0xFC,0x98,0x88,0x80,0x80,0x80,0x80,0x80,0x80,0x80,
             -0x80,0x80,0x80,0x80,0x80,0x80,0x80,0x80,0x00,0x00,0x00,
1040          0x00,0x00,0x20,0x30,0x78,0x7C,0x3F,0xDF,0xCF,0xC3,0xC1,0xC1,0xC1,0xC1,0xC1,0xC1,0xFF,0xFF,0xFF,0xFF,0xC1,0
             -xC1,0xC1,0xC1,0xC1,0xC1,0xC1,0xC1,0x01,0x00,0x00,0x00,
1041          0x00,0x00,0xC0,0xC0,0xC0,0xC0,0xC0,0xFF,0xFF,0xFF,0xFF,0xC0,0xC0,0xC0,0xC0,0xC0,0xFF,0xFF,0xFF,0xFF,0xC0,0
             -xC0,0xC0,0xC0,0xC0,0xC0,0xC0,0xC0,0xC0,0xC0,0xC0,0x00,
1042          0x00,0x00,0x00,0x00,0x00,0x00,0x00,0x00,0x00,0x00,0x00,0x00,0x00,0x00,0x00,0x00,0x7F,0x7F,0x7F,0x7F,0x00,0
             -x00,0x00,0x00,0x00,0x00,0x00,0x00,0x00,0x00,0x00,0x00};/*"年",3*/
1043          /* (32 X 32 , 黑体, 加粗 )*/


MODULE INFORMATION:   STATIC OVERLAYABLE
   CODE SIZE        =   ----    ----
   CONSTANT SIZE    =  14304    ----
   XDATA SIZE       =   ----    ----
   PDATA SIZE       =   ----    ----
   DATA SIZE        =   ----    ----
   IDATA SIZE       =   ----    ----
   BIT SIZE         =   ----    ----
END OF MODULE INFORMATION.


C51 COMPILATION COMPLETE.  0 WARNING(S),  0 ERROR(S)
