C51 COMPILER V9.60.7.0   MAIN                                                              05/06/2025 10:39:58 PAGE 1   


C51 COMPILER V9.60.7.0, COMPILATION OF MODULE MAIN
OBJECT MODULE PLACED IN main.OBJ
COMPILER INVOKED BY: D:\KEIL_STM32\C51\BIN\C51.EXE main.c OPTIMIZE(8,SPEED) BROWSE DEBUG OBJECTEXTEND

line level    source

   1          /*************************************************************************  
   2          Driver IC    :  ST7565R / UC1701x 
   3          interface    :  8080 for 8 bit mcu interface 
   4          ************************************************************************/   
   5          #include <REG52.H>    
   6          #include "int/photo.c"
   7          #include "12864.h"
   8           
   9          void main()   
  10          { 
  11   1        while(1)
  12   1        {
  13   2              Init_IC(); 
  14   2                
  15   2          lcd_test();  
  16   2              delayMs(500);
  17   2              Yehui_UI();
  18   2              delayMs(5000);
  19   2          Clear();
  20   2                
  21   2      //      whatsapp();
  22   2      //      delayMs(5000); 
  23   2      //      Clear();
  24   2                
  25   2              lcd_describe();
  26   2              delayMs(5000);  
  27   2          Clear();
  28   2                
  29   2      //    display_photo(tupian,0,0);          
  30   2      //      delayMs(5000);
  31   2      //    Clear();
  32   2      //        
  33   2      //      trans_display_photo(tupian1,0,0);         
  34   2      //      delayMs(5000);
  35   2      //      Clear();
  36   2                
  37   2        }    
  38   1      }   


MODULE INFORMATION:   STATIC OVERLAYABLE
   CODE SIZE        =     41    ----
   CONSTANT SIZE    =   2048    ----
   XDATA SIZE       =   ----    ----
   PDATA SIZE       =   ----    ----
   DATA SIZE        =   ----    ----
   IDATA SIZE       =   ----    ----
   BIT SIZE         =   ----    ----
END OF MODULE INFORMATION.


C51 COMPILATION COMPLETE.  0 WARNING(S),  0 ERROR(S)
