C51 COMPILER V9.60.7.0   CHINESE_CODE                                                      08/26/2025 15:00:38 PAGE 1   


C51 COMPILER V9.60.7.0, COMPILATION OF MODULE CHINESE_CODE
OBJECT MODULE PLACED IN .\Objects\chinese_code.obj
COMPILER INVOKED BY: D:\KEIL_STM32\C51\BIN\C51.EXE chinese_code.c OPTIMIZE(8,SPEED) BROWSE DEBUG OBJECTEXTEND PRINT(.\Li
                    -stings\chinese_code.lst) OBJECT(.\Objects\chinese_code.obj)

line level    source

   1          
   2          char code zhuang1[]={
   3          /*--  文字:  状  --*/
   4          /*--  宋体12;  此字体下对应的点阵为：宽x高=16x16   --*/
   5          0x08,0x30,0x00,0xFF,0x20,0x20,0x20,0x20,0xFF,0x20,0xE1,0x26,0x2C,0x20,0x20,0x00,
   6          0x04,0x02,0x01,0xFF,0x40,0x20,0x18,0x07,0x00,0x00,0x03,0x0C,0x30,0x60,0x20,0x00};
   7          
   8          unsigned char code Chinese_text_16x16[]=
   9          {
  10                  "中国制造-Made in China"
  11          };
  12          
  13          unsigned char code Chinese_code_16x16[]=
  14          {
  15                  
  16          /* [字库]：[HZK1616宋体] [数据排列]:从左到右从上到下 [取模方式]:纵向8点下高位 [正负反色]:否 [去掉重复后]共
             -14个字符
  17          [总字符库]："中国制造－Made in China"*/
  18          
  19          /*-- ID:0,字符:"中",ASCII编码:D6D0,对应字:宽x高=16x16,画布:宽W=16 高H=16,共32字节*/
  20          0x00,0xf8,0x08,0x08,0x08,0x08,0x08,0xff,0x08,0x08,0x08,0x08,0x08,0xfc,0x08,0x00,
  21          0x00,0x03,0x01,0x01,0x01,0x01,0x01,0xff,0x01,0x01,0x01,0x01,0x01,0x03,0x00,0x00,
  22          
  23          /*-- ID:1,字符:"国",ASCII编码:B9FA,对应字:宽x高=16x16,画布:宽W=16 高H=16,共32字节*/
  24          0x00,0xfe,0x02,0x0a,0x8a,0x8a,0x8a,0xfa,0x8a,0xca,0x8e,0x0a,0x02,0xff,0x02,0x00,
  25          0x00,0xff,0x40,0x50,0x50,0x50,0x50,0x5f,0x50,0x52,0x54,0x50,0x40,0xff,0x00,0x00,
  26          
  27          /*-- ID:2,字符:"制",ASCII编码:D6C6,对应字:宽x高=16x16,画布:宽W=16 高H=16,共32字节*/
  28          0x40,0x60,0x5e,0x48,0x48,0xff,0x48,0x4c,0x68,0x40,0xf8,0x00,0x00,0xff,0x00,0x00,
  29          0x00,0x00,0x3f,0x01,0x01,0xff,0x11,0x21,0x1f,0x00,0x07,0x40,0x80,0x7f,0x00,0x00,
  30          
  31          /*-- ID:3,字符:"造",ASCII编码:D4EC,对应字:宽x高=16x16,画布:宽W=16 高H=16,共32字节*/
  32          0x40,0x42,0x44,0xcc,0x00,0x50,0x4e,0x48,0x48,0x7f,0x48,0x4c,0xc8,0x60,0x40,0x00,
  33          0x00,0x40,0x20,0x1f,0x20,0x40,0x5f,0x51,0x51,0x51,0x51,0x51,0x5f,0x61,0x20,0x00,
  34          
  35          /*-- ID:4,字符:"－",ASCII编码:A3AD,对应字:宽x高=16x16,画布:宽W=16 高H=16,共32字节*/
  36          0x00,0x00,0x00,0x00,0x80,0x80,0x80,0x80,0x80,0x80,0x80,0x80,0x80,0x00,0x00,0x00,
  37          0x00,0x00,0x00,0x00,0x00,0x00,0x00,0x00,0x00,0x00,0x00,0x00,0x00,0x00,0x00,0x00,
  38          
  39          /*-- ID:5,字符:"Ｍ",ASCII编码:A3CD,对应字:宽x高=16x16,画布:宽W=16 高H=16,共32字节*/
  40          0x00,0x00,0x04,0xfc,0x1c,0x70,0xe0,0x80,0x00,0x80,0xe0,0x10,0xfc,0xfc,0x04,0x00,
  41          0x00,0x00,0x20,0x3f,0x20,0x00,0x01,0x07,0x1c,0x07,0x00,0x20,0x3f,0x3f,0x20,0x00,
  42          
  43          /*-- ID:6,字符:"ａ",ASCII编码:A3E1,对应字:宽x高=16x16,画布:宽W=16 高H=16,共32字节*/
  44          0x00,0x00,0x00,0x00,0x80,0xc0,0x40,0x40,0x40,0xc0,0x80,0x00,0x00,0x00,0x00,0x00,
  45          0x00,0x00,0x00,0x00,0x0c,0x1e,0x12,0x12,0x12,0x1f,0x0f,0x10,0x10,0x00,0x00,0x00,
  46          
  47          /*-- ID:7,字符:"ｄ",ASCII编码:A3E4,对应字:宽x高=16x16,画布:宽W=16 高H=16,共32字节*/
  48          0x00,0x00,0x00,0x00,0x80,0xc0,0x40,0x40,0x44,0xfc,0xfc,0x00,0x00,0x00,0x00,0x00,
  49          0x00,0x00,0x00,0x00,0x0f,0x1f,0x10,0x10,0x10,0x1f,0x0f,0x10,0x00,0x00,0x00,0x00,
  50          
  51          /*-- ID:8,字符:"ｅ",ASCII编码:A3E5,对应字:宽x高=16x16,画布:宽W=16 高H=16,共32字节*/
  52          0x00,0x00,0x00,0x00,0x80,0x80,0x40,0x40,0x40,0x40,0xc0,0x80,0x00,0x00,0x00,0x00,
  53          0x00,0x00,0x00,0x00,0x0f,0x1f,0x12,0x12,0x12,0x12,0x1b,0x0b,0x00,0x00,0x00,0x00,
C51 COMPILER V9.60.7.0   CHINESE_CODE                                                      08/26/2025 15:00:38 PAGE 2   

  54          
  55          /*-- ID:9,字符:"　",ASCII编码:A1A1,对应字:宽x高=16x16,画布:宽W=16 高H=16,共32字节*/
  56          0x00,0x00,0x00,0x00,0x00,0x00,0x00,0x00,0x00,0x00,0x00,0x00,0x00,0x00,0x00,0x00,
  57          0x00,0x00,0x00,0x00,0x00,0x00,0x00,0x00,0x00,0x00,0x00,0x00,0x00,0x00,0x00,0x00,
  58          
  59          /*-- ID:10,字符:"ｉ",ASCII编码:A3E9,对应字:宽x高=16x16,画布:宽W=16 高H=16,共32字节*/
  60          0x00,0x00,0x00,0x00,0x00,0x00,0x40,0xd8,0xd8,0x00,0x00,0x00,0x00,0x00,0x00,0x00,
  61          0x00,0x00,0x00,0x00,0x00,0x00,0x10,0x1f,0x1f,0x10,0x00,0x00,0x00,0x00,0x00,0x00,
  62          
  63          /*-- ID:11,字符:"ｎ",ASCII编码:A3EE,对应字:宽x高=16x16,画布:宽W=16 高H=16,共32字节*/
  64          0x00,0x00,0x40,0x40,0x80,0xc0,0x40,0x40,0x40,0x40,0xc0,0x80,0x00,0x00,0x00,0x00,
  65          0x00,0x00,0x00,0x10,0x1f,0x1f,0x10,0x00,0x00,0x10,0x1f,0x1f,0x10,0x00,0x00,0x00,
  66          
  67          /*-- ID:12,字符:"Ｃ",ASCII编码:A3C3,对应字:宽x高=16x16,画布:宽W=16 高H=16,共32字节*/
  68          0x00,0x00,0x00,0xe0,0xf0,0x18,0x0c,0x04,0x04,0x04,0x0c,0x18,0x18,0x00,0x00,0x00,
  69          0x00,0x00,0x00,0x07,0x0f,0x18,0x30,0x20,0x20,0x20,0x30,0x10,0x08,0x00,0x00,0x00,
  70          
  71          /*-- ID:13,字符:"ｈ",ASCII编码:A3E8,对应字:宽x高=16x16,画布:宽W=16 高H=16,共32字节*/
  72          0x00,0x00,0x00,0x00,0x04,0xfc,0xfc,0x80,0x40,0x40,0xc0,0x80,0x00,0x00,0x00,0x00,
  73          0x00,0x00,0x00,0x00,0x10,0x1f,0x1f,0x00,0x00,0x10,0x1f,0x1f,0x10,0x00,0x00,0x00,
  74          
  75          /*-- ID:14,字符:"ｉ",ASCII编码:A3E9,对应字:宽x高=16x16,画布:宽W=16 高H=16,共32字节*/
  76          0x00,0x00,0x00,0x00,0x00,0x00,0x40,0xd8,0xd8,0x00,0x00,0x00,0x00,0x00,0x00,0x00,
  77          0x00,0x00,0x00,0x00,0x00,0x00,0x10,0x1f,0x1f,0x10,0x00,0x00,0x00,0x00,0x00,0x00,
  78          
  79          /*-- ID:15,字符:"ｎ",ASCII编码:A3EE,对应字:宽x高=16x16,画布:宽W=16 高H=16,共32字节*/
  80          0x00,0x00,0x40,0x40,0x80,0xc0,0x40,0x40,0x40,0x40,0xc0,0x80,0x00,0x00,0x00,0x00,
  81          0x00,0x00,0x00,0x10,0x1f,0x1f,0x10,0x00,0x00,0x10,0x1f,0x1f,0x10,0x00,0x00,0x00,
  82          
  83          /*-- ID:16,字符:"ａ",ASCII编码:A3E1,对应字:宽x高=16x16,画布:宽W=16 高H=16,共32字节*/
  84          0x00,0x00,0x00,0x00,0x80,0xc0,0x40,0x40,0x40,0xc0,0x80,0x00,0x00,0x00,0x00,0x00,
  85          0x00,0x00,0x00,0x00,0x0c,0x1e,0x12,0x12,0x12,0x1f,0x0f,0x10,0x10,0x00,0x00,0x00,
  86          
  87          };
  88          
  89          unsigned char code ascii_table_8x16[95][16]={
  90          
  91          //粗体8x16点阵的ASCII码的点阵数据，从"JLX-GB2312"型号的字库IC中读出来的国标的。
  92          0x00,0x00,0x00,0x00, 0x00,0x00,0x00,0x00, 0x00,0x00,0x00,0x00, 0x00,0x00,0x00,0x00,             //- -(即“空格”）ASC
             -II码：0X20
  93          0x00,0x00,0x38,0xFC, 0xFC,0x38,0x00,0x00, 0x00,0x00,0x00,0x0D, 0x0D,0x00,0x00,0x00,             //-!-                   ASCII码：0X21
  94          0x00,0x0E,0x1E,0x00, 0x00,0x1E,0x0E,0x00, 0x00,0x00,0x00,0x00, 0x00,0x00,0x00,0x00,     //-"-
  95          0x20,0xF8,0xF8,0x20, 0xF8,0xF8,0x20,0x00, 0x02,0x0F,0x0F,0x02, 0x0F,0x0F,0x02,0x00,     //-#-
  96          0x38,0x7C,0x44,0x47, 0x47,0xCC,0x98,0x00, 0x06,0x0C,0x08,0x38, 0x38,0x0F,0x07,0x00,     //-$-
  97          0x30,0x30,0x00,0x80, 0xC0,0x60,0x30,0x00, 0x0C,0x06,0x03,0x01, 0x00,0x0C,0x0C,0x00,     //-%-
  98          0x80,0xD8,0x7C,0xE4, 0xBC,0xD8,0x40,0x00, 0x07,0x0F,0x08,0x08, 0x07,0x0F,0x08,0x00,             //-&-
  99          0x00,0x10,0x1E,0x0E, 0x00,0x00,0x00,0x00, 0x00,0x00,0x00,0x00, 0x00,0x00,0x00,0x00,             //-'-
 100          0x00,0x00,0xF0,0xF8, 0x0C,0x04,0x00,0x00, 0x00,0x00,0x03,0x07, 0x0C,0x08,0x00,0x00,             //-(-
 101          0x00,0x00,0x04,0x0C, 0xF8,0xF0,0x00,0x00, 0x00,0x00,0x08,0x0C, 0x07,0x03,0x00,0x00,             //-)-
 102          
 103          0x80,0xA0,0xE0,0xC0, 0xC0,0xE0,0xA0,0x80, 0x00,0x02,0x03,0x01, 0x01,0x03,0x02,0x00,             //-*-                   ASCII码：0X2A
 104          0x00,0x80,0x80,0xE0, 0xE0,0x80,0x80,0x00, 0x00,0x00,0x00,0x03, 0x03,0x00,0x00,0x00,             //-+-
 105          0x00,0x00,0x00,0x00, 0x00,0x00,0x00,0x00, 0x00,0x00,0x10,0x1E, 0x0E,0x00,0x00,0x00,             //-,-
 106          0x80,0x80,0x80,0x80, 0x80,0x80,0x80,0x00, 0x00,0x00,0x00,0x00, 0x00,0x00,0x00,0x00,             //---
 107          0x00,0x00,0x00,0x00, 0x00,0x00,0x00,0x00, 0x00,0x00,0x00,0x0C, 0x0C,0x00,0x00,0x00,             //-.-
 108          0x00,0x00,0x00,0x80, 0xC0,0x60,0x30,0x00, 0x0C,0x06,0x03,0x01, 0x00,0x00,0x00,0x00,             //-/-
 109          0xF8,0xF8,0x0C,0xC4, 0x0C,0xF8,0xF0,0x00, 0x03,0x07,0x0C,0x08, 0x0C,0x07,0x03,0x00,             //-0-                   ASCII码：0X
             -30
 110          0x00,0x10,0x18,0xFC, 0xFC,0x00,0x00,0x00, 0x00,0x08,0x08,0x0F, 0x0F,0x08,0x08,0x00,             //-1-
 111          0x08,0x0C,0x84,0xC4, 0x64,0x3C,0x18,0x00, 0x0E,0x0F,0x09,0x08, 0x08,0x0C,0x0C,0x00,             //-2-
 112          0x08,0x0C,0x44,0x44, 0x44,0xFC,0xB8,0x00, 0x04,0x0C,0x08,0x08, 0x08,0x0F,0x07,0x00,             //-3-
 113          
C51 COMPILER V9.60.7.0   CHINESE_CODE                                                      08/26/2025 15:00:38 PAGE 3   

 114          0xC0,0xE0,0xB0,0x98, 0xFC,0xFC,0x80,0x00, 0x00,0x00,0x00,0x08, 0x0F,0x0F,0x08,0x00,             //-4-                   ASCII码：0X34
 115          0x7C,0x7C,0x44,0x44, 0x44,0xC4,0x84,0x00, 0x04,0x0C,0x08,0x08, 0x08,0x0F,0x07,0x00,             //-5-
 116          0xF0,0xF8,0x4C,0x44, 0x44,0xC0,0x80,0x00, 0x07,0x0F,0x08,0x08, 0x08,0x0F,0x07,0x00,             //-6-
 117          0x0C,0x0C,0x04,0x84, 0xC4,0x7C,0x3C,0x00, 0x00,0x00,0x0F,0x0F, 0x00,0x00,0x00,0x00,             //-7-
 118          0xB8,0xFC,0x44,0x44, 0x44,0xFC,0xB8,0x00, 0x07,0x0F,0x08,0x08, 0x08,0x0F,0x07,0x00,             //-8-
 119          0x38,0x7C,0x44,0x44, 0x44,0xFC,0xF8,0x00, 0x00,0x08,0x08,0x08, 0x0C,0x07,0x03,0x00,             //-9-
 120          0x00,0x00,0x00,0x30, 0x30,0x00,0x00,0x00, 0x00,0x00,0x00,0x06, 0x06,0x00,0x00,0x00,             //-:-
 121          0x00,0x00,0x00,0x30, 0x30,0x00,0x00,0x00, 0x00,0x00,0x08,0x0E, 0x06,0x00,0x00,0x00,             //-;-
 122          0x00,0x80,0xC0,0x60, 0x30,0x18,0x08,0x00, 0x00,0x00,0x01,0x03, 0x06,0x0C,0x08,0x00,             //-<-
 123          0x00,0x20,0x20,0x20, 0x20,0x20,0x20,0x00, 0x00,0x01,0x01,0x01, 0x01,0x01,0x01,0x00,             //-=-
 124          
 125          0x00,0x08,0x18,0x30, 0x60,0xC0,0x80,0x00, 0x00,0x08,0x0C,0x06, 0x03,0x01,0x00,0x00,             //->-                   ASCII码：0X3E
 126          0x18,0x1C,0x04,0xC4, 0xE4,0x3C,0x18,0x00, 0x00,0x00,0x00,0x0D, 0x0D,0x00,0x00,0x00,             //-?-
 127          0xF0,0xF0,0x08,0xC8, 0xC8,0xF8,0xF0,0x00, 0x07,0x0F,0x08,0x0B, 0x0B,0x0B,0x01,0x00,             //-@-
 128          0xE0,0xF0,0x98,0x8C, 0x98,0xF0,0xE0,0x00, 0x0F,0x0F,0x00,0x00, 0x00,0x0F,0x0F,0x00,             //-A-                   ASCII码：0X41
 129          0x04,0xFC,0xFC,0x44, 0x44,0xFC,0xB8,0x00, 0x08,0x0F,0x0F,0x08, 0x08,0x0F,0x07,0x00,             //-B-
 130          0xF0,0xF8,0x0C,0x04, 0x04,0x0C,0x18,0x00, 0x03,0x07,0x0C,0x08, 0x08,0x0C,0x06,0x00,             //-C-
 131          0x04,0xFC,0xFC,0x04, 0x0C,0xF8,0xF0,0x00, 0x08,0x0F,0x0F,0x08, 0x0C,0x07,0x03,0x00,             //-D-
 132          0x04,0xFC,0xFC,0x44, 0xE4,0x0C,0x1C,0x00, 0x08,0x0F,0x0F,0x08, 0x08,0x0C,0x0E,0x00,             //-E-
 133          0x04,0xFC,0xFC,0x44, 0xE4,0x0C,0x1C,0x00, 0x08,0x0F,0x0F,0x08, 0x00,0x00,0x00,0x00,             //-F-
 134          0xF0,0xF8,0x0C,0x84, 0x84,0x8C,0x98,0x00, 0x03,0x07,0x0C,0x08, 0x08,0x07,0x0F,0x00,             //-G-
 135          
 136          0xFC,0xFC,0x40,0x40, 0x40,0xFC,0xFC,0x00, 0x0F,0x0F,0x00,0x00, 0x00,0x0F,0x0F,0x00,             //-H-                   ASCII码：0X48
 137          0x00,0x00,0x04,0xFC, 0xFC,0x04,0x00,0x00, 0x00,0x00,0x08,0x0F, 0x0F,0x08,0x00,0x00,             //-I-
 138          0x00,0x00,0x00,0x04, 0xFC,0xFC,0x04,0x00, 0x07,0x0F,0x08,0x08, 0x0F,0x07,0x00,0x00,             //-J-
 139          0x04,0xFC,0xFC,0xC0, 0xE0,0x3C,0x1C,0x00, 0x08,0x0F,0x0F,0x00, 0x01,0x0F,0x0E,0x00,             //-K-
 140          0x04,0xFC,0xFC,0x04, 0x00,0x00,0x00,0x00, 0x08,0x0F,0x0F,0x08, 0x08,0x0C,0x0E,0x00,             //-L-
 141          0xFC,0xFC,0x38,0x70, 0x38,0xFC,0xFC,0x00, 0x0F,0x0F,0x00,0x00, 0x00,0x0F,0x0F,0x00,             //-M-
 142          0xFC,0xFC,0x38,0x70, 0xE0,0xFC,0xFC,0x00, 0x0F,0x0F,0x00,0x00, 0x00,0x0F,0x0F,0x00,             //-N-
 143          0xF8,0xFC,0x04,0x04, 0x04,0xFC,0xF8,0x00, 0x07,0x0F,0x08,0x08, 0x08,0x0F,0x07,0x00,             //-O-
 144          0x04,0xFC,0xFC,0x44, 0x44,0x7C,0x38,0x00, 0x08,0x0F,0x0F,0x08, 0x00,0x00,0x00,0x00,             //-P-
 145          0xF8,0xFC,0x04,0x04, 0x04,0xFC,0xF8,0x00, 0x07,0x0F,0x08,0x0E, 0x3C,0x3F,0x27,0x00,             //-Q-
 146          
 147          0x04,0xFC,0xFC,0x44, 0xC4,0xFC,0x38,0x00, 0x08,0x0F,0x0F,0x00, 0x00,0x0F,0x0F,0x00,             //-R-
 148          0x18,0x3C,0x64,0x44, 0xC4,0x9C,0x18,0x00, 0x06,0x0E,0x08,0x08, 0x08,0x0F,0x07,0x00,             //-S-            
 149          0x00,0x1C,0x0C,0xFC, 0xFC,0x0C,0x1C,0x00, 0x00,0x00,0x08,0x0F, 0x0F,0x08,0x00,0x00,             //-T-
 150          0xFC,0xFC,0x00,0x00, 0x00,0xFC,0xFC,0x00, 0x07,0x0F,0x08,0x08, 0x08,0x0F,0x07,0x00,             //-U-
 151          0xFC,0xFC,0x00,0x00, 0x00,0xFC,0xFC,0x00, 0x01,0x03,0x06,0x0C, 0x06,0x03,0x01,0x00,             //-V-
 152          0xFC,0xFC,0x00,0x00, 0x00,0xFC,0xFC,0x00, 0x07,0x0F,0x0E,0x03, 0x0E,0x0F,0x07,0x00,             //-W-
 153          0x0C,0x3C,0xF0,0xE0, 0xF0,0x3C,0x0C,0x00, 0x0C,0x0F,0x03,0x01, 0x03,0x0F,0x0C,0x00,             //-X-
 154          0x00,0x0C,0x7C,0xC0, 0xC0,0x7C,0x3C,0x00, 0x00,0x00,0x08,0x0F, 0x0F,0x08,0x00,0x00,             //-Y-
 155          0x1C,0x0C,0x84,0xC4, 0x64,0x3C,0x1C,0x00, 0x0E,0x0F,0x09,0x08, 0x08,0x0C,0x0E,0x00,             //-Z-
 156          0x00,0x00,0xFC,0xFC, 0x04,0x04,0x00,0x00, 0x00,0x00,0x0F,0x0F, 0x08,0x08,0x00,0x00,             //-[-
 157          
 158          0x38,0x70,0xE0,0xC0, 0x80,0x00,0x00,0x00, 0x00,0x00,0x00,0x01, 0x03,0x07,0x0E,0x00,             //-\-
 159          0x00,0x00,0x04,0x04, 0xFC,0xFC,0x00,0x00, 0x00,0x00,0x08,0x08, 0x0F,0x0F,0x00,0x00,             //-]-             
 160          0x08,0x0C,0x06,0x03, 0x06,0x0C,0x08,0x00, 0x00,0x00,0x00,0x00, 0x00,0x00,0x00,0x00,             //-^-
 161          0x00,0x00,0x00,0x00, 0x00,0x00,0x00,0x00, 0x20,0x20,0x20,0x20, 0x20,0x20,0x20,0x20,             //-_-
 162          0x00,0x00,0x03,0x07, 0x04,0x00,0x00,0x00, 0x00,0x00,0x00,0x00, 0x00,0x00,0x00,0x00,             //-`-
 163          0x00,0xA0,0xA0,0xA0, 0xE0,0xC0,0x00,0x00, 0x07,0x0F,0x08,0x08, 0x07,0x0F,0x08,0x00,             //-a-                   ASCII码：0X61
 164          0x04,0xFC,0xFC,0x20, 0x60,0xC0,0x80,0x00, 0x00,0x0F,0x0F,0x08, 0x08,0x0F,0x07,0x00,             //-b-
 165          0xC0,0xE0,0x20,0x20, 0x20,0x60,0x40,0x00, 0x07,0x0F,0x08,0x08, 0x08,0x0C,0x04,0x00,             //-c-
 166          0x80,0xC0,0x60,0x24, 0xFC,0xFC,0x00,0x00, 0x07,0x0F,0x08,0x08, 0x07,0x0F,0x08,0x00,             //-d-
 167          0xC0,0xE0,0xA0,0xA0, 0xA0,0xE0,0xC0,0x00, 0x07,0x0F,0x08,0x08, 0x08,0x0C,0x04,0x00,             //-e-
 168          
 169          0x40,0xF8,0xFC,0x44, 0x0C,0x18,0x00,0x00, 0x08,0x0F,0x0F,0x08, 0x00,0x00,0x00,0x00,             //-f-
 170          0xC0,0xE0,0x20,0x20, 0xC0,0xE0,0x20,0x00, 0x27,0x6F,0x48,0x48, 0x7F,0x3F,0x00,0x00,             //-g-             
 171          0x04,0xFC,0xFC,0x40, 0x20,0xE0,0xC0,0x00, 0x08,0x0F,0x0F,0x00, 0x00,0x0F,0x0F,0x00,             //-h-
 172          0x00,0x00,0x20,0xEC, 0xEC,0x00,0x00,0x00, 0x00,0x00,0x08,0x0F, 0x0F,0x08,0x00,0x00,             //-i-
 173          0x00,0x00,0x00,0x00, 0x20,0xEC,0xEC,0x00, 0x00,0x30,0x70,0x40, 0x40,0x7F,0x3F,0x00,             //-j-
 174          0x04,0xFC,0xFC,0x80, 0xC0,0x60,0x20,0x00, 0x08,0x0F,0x0F,0x01, 0x03,0x0E,0x0C,0x00,             //-k-
 175          0x00,0x00,0x04,0xFC, 0xFC,0x00,0x00,0x00, 0x00,0x00,0x08,0x0F, 0x0F,0x08,0x00,0x00,             //-l-
C51 COMPILER V9.60.7.0   CHINESE_CODE                                                      08/26/2025 15:00:38 PAGE 4   

 176          0xE0,0xE0,0x60,0xC0, 0x60,0xE0,0xC0,0x00, 0x0F,0x0F,0x00,0x07, 0x00,0x0F,0x0F,0x00,             //-m-
 177          0x20,0xE0,0xC0,0x20, 0x20,0xE0,0xC0,0x00, 0x00,0x0F,0x0F,0x00, 0x00,0x0F,0x0F,0x00,             //-n-
 178          0xC0,0xE0,0x20,0x20, 0x20,0xE0,0xC0,0x00, 0x07,0x0F,0x08,0x08, 0x08,0x0F,0x07,0x00,             //-o-
 179          
 180          0x20,0xE0,0xC0,0x20, 0x20,0xE0,0xC0,0x00, 0x40,0x7F,0x7F,0x48, 0x08,0x0F,0x07,0x00,             //-p-
 181          0xC0,0xE0,0x20,0x20, 0xC0,0xE0,0x20,0x00, 0x07,0x0F,0x08,0x48, 0x7F,0x7F,0x40,0x00,             //-q-                   
 182          0x20,0xE0,0xC0,0x60, 0x20,0xE0,0xC0,0x00, 0x08,0x0F,0x0F,0x08, 0x00,0x00,0x00,0x00,             //-r-
 183          0x40,0xE0,0xA0,0x20, 0x20,0x60,0x40,0x00, 0x04,0x0C,0x09,0x09, 0x0B,0x0E,0x04,0x00,             //-s-
 184          0x20,0x20,0xF8,0xFC, 0x20,0x20,0x00,0x00, 0x00,0x00,0x07,0x0F, 0x08,0x0C,0x04,0x00,             //-t-
 185          0xE0,0xE0,0x00,0x00, 0xE0,0xE0,0x00,0x00, 0x07,0x0F,0x08,0x08, 0x07,0x0F,0x08,0x00,             //-u-
 186          0x00,0xE0,0xE0,0x00, 0x00,0xE0,0xE0,0x00, 0x00,0x03,0x07,0x0C, 0x0C,0x07,0x03,0x00,             //-v-
 187          0xE0,0xE0,0x00,0x80, 0x00,0xE0,0xE0,0x00, 0x07,0x0F,0x0C,0x07, 0x0C,0x0F,0x07,0x00,             //-w-
 188          0x20,0x60,0xC0,0x80, 0xC0,0x60,0x20,0x00, 0x08,0x0C,0x07,0x03, 0x07,0x0C,0x08,0x00,             //-x-
 189          0xE0,0xE0,0x00,0x00, 0x00,0xE0,0xE0,0x00, 0x47,0x4F,0x48,0x48, 0x68,0x3F,0x1F,0x00,             //-y-
 190          
 191          0x60,0x60,0x20,0xA0, 0xE0,0x60,0x20,0x00, 0x0C,0x0E,0x0B,0x09, 0x08,0x0C,0x0C,0x00,             //-z-                   //
 192          0x00,0x40,0x40,0xF8, 0xBC,0x04,0x04,0x00, 0x00,0x00,0x00,0x07, 0x0F,0x08,0x08,0x00,             //-{-                   
 193          0x00,0x00,0x00,0xBC, 0xBC,0x00,0x00,0x00, 0x00,0x00,0x00,0x0F, 0x0F,0x00,0x00,0x00,             //-|-
 194          0x00,0x04,0x04,0xBC, 0xF8,0x40,0x40,0x00, 0x00,0x08,0x08,0x0F, 0x07,0x00,0x00,0x00,             //-}-
 195          0x08,0x0C,0x04,0x0C, 0x08,0x0C,0x04,0x00, 0x00,0x00,0x00,0x00, 0x00,0x00,0x00,0x00,             //-~-              ASCII码：0X
             -7E
 196          
 197          };
 198          
 199          char code jing32[]={
 200          0x00,0x00,0x00,0x00,0x00,0x00,0x00,0x00,0x00,0xF8,0xF8,0x10,0x10,0x10,0x10,0x10,
 201          0x10,0x10,0x10,0x10,0x10,0x10,0xF8,0xF8,0x10,0x00,0x00,0x00,0x00,0x00,0x00,0x00,
 202          0x00,0x00,0x00,0x00,0x00,0x00,0x00,0x00,0x00,0x7F,0x7F,0x11,0x11,0x11,0x11,0x11,
 203          0x11,0x11,0x11,0x11,0x11,0x11,0x7F,0x3F,0x00,0x00,0x00,0x00,0x00,0x00,0x00,0x00,
 204          0x00,0x00,0x00,0x00,0xFF,0xFE,0x42,0x42,0x42,0x42,0x42,0x42,0xFE,0xFF,0x02,0x00,
 205          0x00,0x00,0xFF,0xFE,0x42,0x42,0x42,0x42,0x42,0x42,0x42,0xFF,0x02,0x00,0x00,0x00,
 206          0x00,0x00,0x00,0x00,0x7F,0x3F,0x10,0x10,0x10,0x10,0x10,0x10,0x3F,0x3F,0x00,0x00,
 207          0x00,0x00,0x7F,0x3F,0x10,0x10,0x10,0x10,0x10,0x10,0x10,0x3F,0x00,0x00,0x00,0x00,
 208          };
 209          
 210          char code lian32[]={
 211          0x00,0x00,0x20,0x20,0xE0,0xE0,0x20,0x20,0x20,0x20,0xE0,0xE0,0x20,0x30,0x20,0x00,
 212          0x04,0x38,0xF0,0xE0,0x00,0x00,0x00,0x80,0x70,0x3C,0x08,0x00,0x00,0x00,0x00,0x00,
 213          0x00,0x00,0x00,0x00,0xFF,0xFF,0x08,0x08,0x08,0x08,0xFF,0xFF,0x00,0x00,0x04,0x04,
 214          0x04,0x04,0x05,0x04,0xFC,0xFC,0x06,0x05,0x04,0x04,0x06,0x06,0x84,0x00,0x00,0x00,
 215          0x00,0x00,0x00,0x00,0xFF,0xFF,0x02,0x02,0x82,0x82,0xFF,0xFF,0x42,0x42,0x42,0x02,
 216          0x02,0x02,0x02,0xC2,0xFF,0x0F,0x1E,0xE2,0x82,0x02,0x02,0x01,0x01,0x01,0x00,0x00,
 217          0x00,0x00,0x02,0x07,0x03,0x03,0x01,0x01,0x00,0x00,0x7F,0x3F,0x00,0x40,0x20,0x30,
 218          0x18,0x0C,0x07,0x03,0x00,0x00,0x00,0x00,0x03,0x0E,0x1C,0x38,0x30,0x10,0x00,0x00,
 219          };
 220          
 221          char code xun32[]={
 222          0x00,0x00,0x00,0x00,0x00,0x08,0x18,0x70,0xE0,0x00,0x00,0x00,0x20,0x20,0x20,0x20,
 223          0xA0,0xA0,0x20,0x20,0x20,0x20,0x20,0x20,0xF0,0xF0,0x20,0x00,0x00,0x00,0x00,0x00,
 224          0x00,0x00,0x20,0x20,0x20,0x20,0x20,0xE0,0xF0,0x20,0x00,0x80,0x80,0x80,0x80,0x80,
 225          0xFF,0xFF,0x81,0x80,0x80,0xC0,0x80,0x00,0xFF,0xFF,0x00,0x00,0x00,0x00,0x00,0x00,
 226          0x00,0x00,0x00,0x00,0x00,0x00,0x00,0xFF,0xFF,0x00,0x00,0x80,0x40,0x00,0x00,0x00,
 227          0xFF,0xFF,0x00,0x00,0x00,0x00,0x00,0x01,0x1F,0xFF,0xC0,0x00,0x00,0xC0,0x00,0x00,
 228          0x00,0x00,0x00,0x00,0x00,0x00,0x00,0x0F,0x1F,0x06,0x03,0x01,0x00,0x00,0x00,0x00,
 229          0x3F,0x3F,0x00,0x00,0x00,0x00,0x00,0x00,0x00,0x01,0x07,0x1E,0x18,0x3F,0x00,0x00,
 230          };
 231          
 232          
 233          
 234          
 235          unsigned char code bmp3[]={
 236          /*-[数据排列]:从左到右从上到下 [取模方式]:纵向8点下高位 [正负反色]:否
C51 COMPILER V9.60.7.0   CHINESE_CODE                                                      08/26/2025 15:00:38 PAGE 5   

 237          图像尺寸:128x128 画布尺寸:128x128，共2048个字节-*/
 238          0xff,0x01,0x01,0x01,0x01,0x01,0x01,0x01,0x01,0x01,0x01,0x01,0x01,0x01,0x01,0x01,
 239          0x01,0x01,0x01,0x01,0x01,0x01,0x01,0x01,0x01,0x01,0x01,0x01,0x01,0x01,0x01,0x01,
 240          0x01,0x01,0x01,0x01,0x01,0x01,0x01,0x01,0x01,0x01,0x01,0x01,0x01,0x01,0x01,0x01,
 241          0x01,0x01,0x01,0x01,0x01,0x01,0x01,0x01,0x01,0x01,0x01,0x01,0x01,0x01,0x01,0x01,
 242          0x01,0x01,0x01,0x01,0x01,0x01,0x01,0x01,0x01,0x01,0x01,0x01,0x01,0x01,0x01,0x01,
 243          0x01,0x01,0x01,0x01,0x01,0x01,0x01,0x01,0x01,0x01,0x01,0x01,0x01,0x01,0x01,0x01,
 244          0x01,0x01,0x01,0x01,0x01,0x01,0x01,0x01,0x01,0x01,0x01,0x01,0x01,0x01,0x01,0x01,
 245          0x01,0x01,0x01,0x01,0x01,0x01,0x01,0x01,0x01,0x01,0x01,0x01,0x01,0x01,0x01,0xff,
 246          0xff,0x00,0x00,0x00,0x00,0x00,0x00,0x00,0x00,0x00,0x00,0x00,0x00,0x00,0x00,0x00,
 247          0x00,0x00,0x00,0x00,0x00,0x00,0x00,0x00,0x00,0x00,0x00,0x00,0x00,0x00,0x00,0x00,
 248          0x00,0x00,0x00,0x00,0x00,0x00,0x00,0x00,0x00,0x00,0x00,0x00,0x00,0x00,0x00,0x00,
 249          0x00,0x00,0x00,0x00,0x00,0x00,0x00,0x00,0x00,0x00,0x00,0x00,0x00,0x00,0x00,0x00,
 250          0x00,0x00,0x00,0x00,0x00,0x00,0x00,0x00,0x00,0x00,0x00,0x00,0x00,0x00,0x00,0x00,
 251          0x00,0x00,0x00,0x00,0x00,0x00,0x00,0x00,0x00,0x00,0x00,0x00,0x00,0x00,0x00,0x00,
 252          0x00,0x00,0x00,0x00,0x00,0x00,0x00,0x00,0x00,0x00,0x00,0x00,0x00,0x00,0x00,0x00,
 253          0x00,0x00,0x00,0x00,0x00,0x00,0x00,0x00,0x00,0x00,0x00,0x00,0x00,0x00,0x00,0xff,
 254          0xff,0x00,0x00,0x00,0x00,0x00,0x00,0x00,0x00,0x00,0x00,0x00,0x00,0x00,0x00,0x00,
 255          0x00,0x00,0x00,0x00,0x00,0x00,0x00,0x00,0x00,0x00,0x00,0x00,0x00,0x00,0x00,0x00,
 256          0x00,0x00,0x00,0x00,0x00,0x00,0x00,0x00,0x00,0x00,0x00,0x00,0x00,0x00,0x00,0x00,
 257          0x00,0x00,0x00,0x00,0x00,0x00,0x00,0x00,0x00,0x00,0x00,0x00,0x00,0x00,0x00,0x00,
 258          0x00,0x00,0x00,0x00,0x00,0x00,0x00,0x00,0x00,0x00,0x00,0x00,0x00,0x00,0x00,0x00,
 259          0x00,0x00,0x00,0x00,0x00,0x00,0x00,0x00,0x00,0x00,0x00,0x00,0x00,0x00,0x00,0x00,
 260          0x00,0x00,0x00,0x00,0x00,0x00,0x00,0x00,0x00,0x00,0x00,0x00,0x00,0x00,0x00,0x00,
 261          0x00,0x00,0x00,0x00,0x00,0x00,0x00,0x00,0x00,0x00,0x00,0x00,0x00,0x00,0x00,0xff,
 262          0xff,0x00,0x00,0x00,0x00,0x00,0x00,0x00,0x00,0x00,0x00,0x00,0x00,0x00,0x00,0x00,
 263          0x00,0x00,0x00,0x00,0x00,0x00,0x00,0x00,0x00,0x00,0x00,0x00,0x00,0x00,0x00,0x00,
 264          0x00,0x00,0x00,0x00,0x00,0x00,0x00,0x00,0x00,0x00,0x00,0x00,0x00,0x00,0x00,0x00,
 265          0x00,0x00,0x00,0x00,0x00,0x00,0x00,0x00,0x00,0x00,0x00,0x00,0x00,0x00,0x00,0x00,
 266          0x00,0x00,0x00,0x00,0x00,0x00,0x00,0x00,0x00,0x00,0x00,0x00,0x00,0x00,0x00,0x00,
 267          0x00,0x00,0x00,0x00,0x00,0x00,0x00,0x00,0x00,0x00,0x00,0x00,0x00,0x00,0x00,0x00,
 268          0x00,0x00,0x00,0x00,0x00,0x00,0x00,0x00,0x00,0x00,0x00,0x00,0x00,0x00,0x00,0x00,
 269          0x00,0x00,0x00,0x00,0x00,0x00,0x00,0x00,0x00,0x00,0x00,0x00,0x00,0x00,0x00,0xff,
 270          0xff,0x00,0x00,0x00,0x00,0x00,0x00,0x00,0x00,0x00,0x00,0x00,0x00,0x00,0x00,0x00,
 271          0x00,0x00,0x00,0x00,0x00,0x00,0x00,0x00,0x00,0x00,0x00,0x00,0x00,0x00,0x00,0x00,
 272          0x00,0x00,0x00,0x00,0x00,0x00,0x00,0x00,0x00,0x00,0x00,0x00,0x00,0x00,0x00,0x00,
 273          0x00,0x00,0x00,0x00,0x00,0x00,0x00,0x00,0x00,0x00,0x00,0x00,0x00,0x00,0x00,0x00,
 274          0x00,0x00,0x00,0x00,0x00,0x00,0x00,0x00,0x00,0x00,0x00,0x00,0x00,0x00,0x00,0x00,
 275          0x00,0x00,0x00,0x00,0x00,0x00,0x00,0x00,0x00,0x00,0x00,0x00,0x00,0x00,0x00,0x00,
 276          0x00,0x00,0x00,0x00,0x00,0x00,0x00,0x00,0x00,0x00,0x00,0x00,0x00,0x00,0x00,0x00,
 277          0x00,0x00,0x00,0x00,0x00,0x00,0x00,0x00,0x00,0x00,0x00,0x00,0x00,0x00,0x00,0xff,
 278          0xff,0x00,0x00,0x00,0x00,0x00,0x00,0x00,0x00,0x00,0x00,0x00,0x00,0x00,0x00,0x00,
 279          0x00,0x00,0x00,0x00,0x00,0x00,0x00,0x00,0x00,0x00,0x00,0x00,0x00,0x00,0x00,0x00,
 280          0x00,0x00,0x00,0x00,0x00,0x00,0x00,0x00,0x00,0x00,0x00,0x00,0x00,0x00,0x00,0x00,
 281          0x00,0x00,0x00,0x00,0x00,0x00,0x00,0x00,0x00,0x00,0x00,0x00,0x00,0x00,0x00,0x00,
 282          0x00,0x00,0x00,0x00,0x00,0x00,0x00,0x00,0x00,0x00,0x00,0x00,0x00,0x00,0x00,0x00,
 283          0x00,0x00,0x00,0x00,0x00,0x00,0x00,0x00,0x00,0x00,0x00,0x00,0x00,0x00,0x00,0x00,
 284          0x00,0x00,0x00,0x00,0x00,0x00,0x00,0x00,0x00,0x00,0x00,0x00,0x00,0x00,0x00,0x00,
 285          0x00,0x00,0x00,0x00,0x00,0x00,0x00,0x00,0x00,0x00,0x00,0x00,0x00,0x00,0x00,0xff,
 286          0xff,0x00,0x00,0x00,0x00,0x00,0x00,0x00,0x00,0x00,0x00,0x00,0x00,0x00,0x00,0x00,
 287          0x00,0x00,0x00,0x00,0x00,0x00,0x00,0x00,0x00,0x00,0x00,0x00,0x00,0x00,0x00,0x00,
 288          0x00,0x00,0x00,0x00,0x00,0x00,0x00,0x00,0x00,0x00,0x00,0x00,0x00,0x00,0x00,0x00,
 289          0x00,0x00,0x00,0x00,0x00,0x00,0x00,0x00,0x00,0x00,0x00,0x00,0x00,0x00,0x00,0x00,
 290          0x00,0x00,0x00,0x00,0x00,0x00,0x00,0x00,0x00,0x00,0x00,0x00,0x00,0x00,0x00,0x00,
 291          0x00,0x00,0x00,0x00,0x00,0x00,0x00,0x00,0x00,0x00,0x00,0x00,0x00,0x00,0x00,0x00,
 292          0x00,0x00,0x00,0x00,0x00,0x00,0x00,0x00,0x00,0x00,0x00,0x00,0x00,0x00,0x00,0x00,
 293          0x00,0x00,0x00,0x00,0x00,0x00,0x00,0x00,0x00,0x00,0x00,0x00,0x00,0x00,0x00,0xff,
 294          0xff,0x00,0x00,0x00,0x00,0x00,0x00,0x00,0x00,0x00,0x00,0x00,0x00,0x00,0x00,0x00,
 295          0x00,0x00,0x00,0x00,0x00,0x00,0x00,0x00,0x00,0x00,0x00,0x00,0x00,0x00,0x00,0x00,
 296          0x00,0x00,0x00,0x00,0x00,0x00,0x00,0x00,0x00,0x00,0x00,0x00,0x00,0x00,0x00,0x00,
 297          0x00,0x00,0x00,0x00,0x00,0x00,0x00,0x00,0x00,0x00,0x00,0x00,0x00,0x00,0x00,0x00,
 298          0x00,0x00,0x00,0x00,0x00,0x00,0x00,0x00,0x00,0x00,0x00,0x00,0x00,0x00,0x00,0x00,
C51 COMPILER V9.60.7.0   CHINESE_CODE                                                      08/26/2025 15:00:38 PAGE 6   

 299          0x00,0x00,0x00,0x00,0x00,0x00,0x00,0x00,0x00,0x00,0x00,0x00,0x00,0x00,0x00,0x00,
 300          0x00,0x00,0x00,0x00,0x00,0x00,0x00,0x00,0x00,0x00,0x00,0x00,0x00,0x00,0x00,0x00,
 301          0x00,0x00,0x00,0x00,0x00,0x00,0x00,0x00,0x00,0x00,0x00,0x00,0x00,0x00,0x00,0xff,
 302          0xff,0x00,0x00,0x00,0x00,0x00,0x00,0x00,0x00,0x00,0x00,0x00,0x00,0x00,0x00,0x00,
 303          0x00,0x00,0x00,0x00,0x00,0x00,0x00,0x00,0x00,0x00,0x00,0x00,0x00,0x00,0x00,0x00,
 304          0x00,0x00,0x00,0x00,0x00,0x00,0x00,0x00,0x00,0x00,0x00,0x00,0x00,0x00,0x00,0x00,
 305          0x00,0x00,0x00,0x00,0x00,0x00,0x00,0x00,0x00,0x00,0x00,0x00,0x00,0x00,0x00,0x00,
 306          0x00,0x00,0x00,0x00,0x00,0x00,0x00,0x00,0x00,0x00,0x00,0x00,0x00,0x00,0x00,0x00,
 307          0x00,0x00,0x00,0x00,0x00,0x00,0x00,0x00,0x00,0x00,0x00,0x00,0x00,0x00,0x00,0x00,
 308          0x00,0x00,0x00,0x00,0x00,0x00,0x00,0x00,0x00,0x00,0x00,0x00,0x00,0x00,0x00,0x00,
 309          0x00,0x00,0x00,0x00,0x00,0x00,0x00,0x00,0x00,0x00,0x00,0x00,0x00,0x00,0x00,0xff,
 310          0xff,0x00,0x00,0x00,0x00,0x00,0x00,0x00,0x00,0x00,0x00,0x00,0x00,0x00,0x00,0x00,
 311          0x00,0x00,0x00,0x00,0x00,0x00,0x00,0x00,0x00,0x00,0x00,0x00,0x00,0x00,0x00,0x00,
 312          0x00,0x00,0x00,0x00,0x00,0x00,0x00,0x00,0x00,0x00,0x00,0x00,0x00,0x00,0x00,0x00,
 313          0x00,0x00,0x00,0x00,0x00,0x00,0x00,0x00,0x00,0x00,0x00,0x00,0x00,0x00,0x00,0x00,
 314          0x00,0x00,0x00,0x00,0x00,0x00,0x00,0x00,0x00,0x00,0x00,0x00,0x00,0x00,0x00,0x00,
 315          0x00,0x00,0x00,0x00,0x00,0x00,0x00,0x00,0x00,0x00,0x00,0x00,0x00,0x00,0x00,0x00,
 316          0x00,0x00,0x00,0x00,0x00,0x00,0x00,0x00,0x00,0x00,0x00,0x00,0x00,0x00,0x00,0x00,
 317          0x00,0x00,0x00,0x00,0x00,0x00,0x00,0x00,0x00,0x00,0x00,0x00,0x00,0x00,0x00,0xff,
 318          0xff,0x00,0x00,0x00,0x00,0x00,0x00,0x00,0x00,0x00,0x00,0x00,0x00,0x00,0x00,0x00,
 319          0x00,0x00,0x00,0x00,0x00,0x00,0x00,0x00,0x00,0x00,0x00,0x00,0x00,0x00,0x00,0x00,
 320          0x00,0x00,0x00,0x00,0x00,0x00,0x00,0x00,0x00,0x00,0x00,0x00,0x00,0x00,0x00,0x00,
 321          0x00,0x00,0x00,0x00,0x00,0x00,0x00,0x00,0x00,0x00,0x00,0x00,0x00,0x00,0x00,0x00,
 322          0x00,0x00,0x00,0x00,0x00,0x00,0x00,0x00,0x00,0x00,0x00,0x00,0x00,0x00,0x00,0x00,
 323          0x00,0x00,0x00,0x00,0x00,0x00,0x00,0x00,0x00,0x00,0x00,0x00,0x00,0x00,0x00,0x00,
 324          0x00,0x00,0x00,0x00,0x00,0x00,0x00,0x00,0x00,0x00,0x00,0x00,0x00,0x00,0x00,0x00,
 325          0x00,0x00,0x00,0x00,0x00,0x00,0x00,0x00,0x00,0x00,0x00,0x00,0x00,0x00,0x00,0xff,
 326          0xff,0x00,0x00,0x00,0x00,0x00,0x00,0x00,0x00,0x00,0x00,0x00,0x00,0x00,0x00,0x00,
 327          0x00,0x00,0x00,0x00,0x00,0x00,0x00,0x00,0x00,0x00,0x00,0x00,0x00,0x00,0x00,0x00,
 328          0x00,0x00,0x00,0x00,0x00,0x00,0x00,0x00,0x00,0x00,0x00,0x00,0x00,0x00,0x00,0x00,
 329          0x00,0x00,0x00,0x00,0x00,0x00,0x00,0x00,0x00,0x00,0x00,0x00,0x00,0x00,0x00,0x00,
 330          0x00,0x00,0x00,0x00,0x00,0x00,0x00,0x00,0x00,0x00,0x00,0x00,0x00,0x00,0x00,0x00,
 331          0x00,0x00,0x00,0x00,0x00,0x00,0x00,0x00,0x00,0x00,0x00,0x00,0x00,0x00,0x00,0x00,
 332          0x00,0x00,0x00,0x00,0x00,0x00,0x00,0x00,0x00,0x00,0x00,0x00,0x00,0x00,0x00,0x00,
 333          0x00,0x00,0x00,0x00,0x00,0x00,0x00,0x00,0x00,0x00,0x00,0x00,0x00,0x00,0x00,0xff,
 334          0xff,0x00,0x00,0x00,0x00,0x00,0x00,0x00,0x00,0x00,0x00,0x00,0x00,0x00,0x00,0x00,
 335          0x00,0x00,0x00,0x00,0x00,0x00,0x00,0x00,0x00,0x00,0x00,0x00,0x00,0x00,0x00,0x00,
 336          0x00,0x00,0x00,0x00,0x00,0x00,0x00,0x00,0x00,0x00,0x00,0x00,0x00,0x00,0x00,0x00,
 337          0x00,0x00,0x00,0x00,0x00,0x00,0x00,0x00,0x00,0x00,0x00,0x00,0x00,0x00,0x00,0x00,
 338          0x00,0x00,0x00,0x00,0x00,0x00,0x00,0x00,0x00,0x00,0x00,0x00,0x00,0x00,0x00,0x00,
 339          0x00,0x00,0x00,0x00,0x00,0x00,0x00,0x00,0x00,0x00,0x00,0x00,0x00,0x00,0x00,0x00,
 340          0x00,0x00,0x00,0x00,0x00,0x00,0x00,0x00,0x00,0x00,0x00,0x00,0x00,0x00,0x00,0x00,
 341          0x00,0x00,0x00,0x00,0x00,0x00,0x00,0x00,0x00,0x00,0x00,0x00,0x00,0x00,0x00,0xff,
 342          0xff,0x00,0x00,0x00,0x00,0x00,0x00,0x00,0x00,0x00,0x00,0x00,0x00,0x00,0x00,0x00,
 343          0x00,0x00,0x00,0x00,0x00,0x00,0x00,0x00,0x00,0x00,0x00,0x00,0x00,0x00,0x00,0x00,
 344          0x00,0x00,0x00,0x00,0x00,0x00,0x00,0x00,0x00,0x00,0x00,0x00,0x00,0x00,0x00,0x00,
 345          0x00,0x00,0x00,0x00,0x00,0x00,0x00,0x00,0x00,0x00,0x00,0x00,0x00,0x00,0x00,0x00,
 346          0x00,0x00,0x00,0x00,0x00,0x00,0x00,0x00,0x00,0x00,0x00,0x00,0x00,0x00,0x00,0x00,
 347          0x00,0x00,0x00,0x00,0x00,0x00,0x00,0x00,0x00,0x00,0x00,0x00,0x00,0x00,0x00,0x00,
 348          0x00,0x00,0x00,0x00,0x00,0x00,0x00,0x00,0x00,0x00,0x00,0x00,0x00,0x00,0x00,0x00,
 349          0x00,0x00,0x00,0x00,0x00,0x00,0x00,0x00,0x00,0x00,0x00,0x00,0x00,0x00,0x00,0xff,
 350          0xff,0x00,0x00,0x00,0x00,0x00,0x00,0x00,0x00,0x00,0x00,0x00,0x00,0x00,0x00,0x00,
 351          0x00,0x00,0x00,0x00,0x00,0x00,0x00,0x00,0x00,0x00,0x00,0x00,0x00,0x00,0x00,0x00,
 352          0x00,0x00,0x00,0x00,0x00,0x00,0x00,0x00,0x00,0x00,0x00,0x00,0x00,0x00,0x00,0x00,
 353          0x00,0x00,0x00,0x00,0x00,0x00,0x00,0x00,0x00,0x00,0x00,0x00,0x00,0x00,0x00,0x00,
 354          0x00,0x00,0x00,0x00,0x00,0x00,0x00,0x00,0x00,0x00,0x00,0x00,0x00,0x00,0x00,0x00,
 355          0x00,0x00,0x00,0x00,0x00,0x00,0x00,0x00,0x00,0x00,0x00,0x00,0x00,0x00,0x00,0x00,
 356          0x00,0x00,0x00,0x00,0x00,0x00,0x00,0x00,0x00,0x00,0x00,0x00,0x00,0x00,0x00,0x00,
 357          0x00,0x00,0x00,0x00,0x00,0x00,0x00,0x00,0x00,0x00,0x00,0x00,0x00,0x00,0x00,0xff,
 358          0xff,0x80,0x80,0x80,0x80,0x80,0x80,0x80,0x80,0x80,0x80,0x80,0x80,0x80,0x80,0x80,
 359          0x80,0x80,0x80,0x80,0x80,0x80,0x80,0x80,0x80,0x80,0x80,0x80,0x80,0x80,0x80,0x80,
 360          0x80,0x80,0x80,0x80,0x80,0x80,0x80,0x80,0x80,0x80,0x80,0x80,0x80,0x80,0x80,0x80,
C51 COMPILER V9.60.7.0   CHINESE_CODE                                                      08/26/2025 15:00:38 PAGE 7   

 361          0x80,0x80,0x80,0x80,0x80,0x80,0x80,0x80,0x80,0x80,0x80,0x80,0x80,0x80,0x80,0x80,
 362          0x80,0x80,0x80,0x80,0x80,0x80,0x80,0x80,0x80,0x80,0x80,0x80,0x80,0x80,0x80,0x80,
 363          0x80,0x80,0x80,0x80,0x80,0x80,0x80,0x80,0x80,0x80,0x80,0x80,0x80,0x80,0x80,0x80,
 364          0x80,0x80,0x80,0x80,0x80,0x80,0x80,0x80,0x80,0x80,0x80,0x80,0x80,0x80,0x80,0x80,
 365          0x80,0x80,0x80,0x80,0x80,0x80,0x80,0x80,0x80,0x80,0x80,0x80,0x80,0x80,0x80,0xff
 366          
 367          };
 368          
 369          
 370          unsigned char code bmp2[]={
 371          /*--  调入了一幅图像：E:\work\图片收藏夹\黑白屏图片\128128回字框.bmp  --*/
 372          /*--  宽度x高度=128x128  --*/
 373          0xFF,0x01,0x01,0x01,0xF9,0x09,0x09,0x09,0x09,0x09,0x09,0x09,0x09,0x09,0x09,0x09,
 374          0x09,0x09,0x09,0x09,0x09,0x09,0x09,0x09,0x09,0x09,0x09,0x09,0x09,0x09,0x09,0x09,
 375          0x09,0x09,0x09,0x09,0x09,0x09,0x09,0x09,0x09,0x09,0x09,0x09,0x09,0x09,0x09,0x09,
 376          0x09,0x09,0x09,0x09,0x09,0x09,0x09,0x09,0x09,0x09,0x09,0x09,0x09,0x09,0x09,0x09,
 377          0x09,0x09,0x09,0x09,0x09,0x09,0x09,0x09,0x09,0x09,0x09,0x09,0x09,0x09,0x09,0x09,
 378          0x09,0x09,0x09,0x09,0x09,0x09,0x09,0x09,0x09,0x09,0x09,0x09,0x09,0x09,0x09,0x09,
 379          0x09,0x09,0x09,0x09,0x09,0x09,0x09,0x09,0x09,0x09,0x09,0x09,0x09,0x09,0x09,0x09,
 380          0x09,0x09,0x09,0x09,0x09,0x09,0x09,0x09,0x09,0x09,0x09,0xF9,0x01,0x01,0x01,0xFF,
 381          0xFF,0x00,0x00,0x00,0xFF,0x00,0x00,0x00,0xFF,0x01,0x01,0x01,0xF1,0x11,0x11,0x11,
 382          0x11,0x11,0x11,0x11,0x11,0x11,0x11,0x11,0x11,0x11,0x11,0x11,0x11,0x11,0x11,0x11,
 383          0x11,0x11,0x11,0x11,0x11,0x11,0x11,0x11,0x11,0x11,0x11,0x11,0x11,0x11,0x11,0x11,
 384          0x11,0x11,0x11,0x11,0x11,0x11,0x11,0x11,0x11,0x11,0x11,0x11,0x11,0x11,0x11,0x11,
 385          0x11,0x11,0x11,0x11,0x11,0x11,0x11,0x11,0x11,0x11,0x11,0x11,0x11,0x11,0x11,0x11,
 386          0x11,0x11,0x11,0x11,0x11,0x11,0x11,0x11,0x11,0x11,0x11,0x11,0x11,0x11,0x11,0x11,
 387          0x11,0x11,0x11,0x11,0x11,0x11,0x11,0x11,0x11,0x11,0x11,0x11,0x11,0x11,0x11,0x11,
 388          0x11,0x11,0x11,0xF1,0x01,0x01,0x01,0xFF,0x00,0x00,0x00,0xFF,0x00,0x00,0x00,0xFF,
 389          0xFF,0x00,0x00,0x00,0xFF,0x00,0x00,0x00,0xFF,0x00,0x00,0x00,0xFF,0x00,0x00,0x00,
 390          0xFF,0x01,0x01,0x01,0xF1,0x11,0x11,0x11,0x11,0x11,0x11,0x11,0x11,0x11,0x11,0x11,
 391          0x11,0x11,0x11,0x11,0x11,0x11,0x11,0x11,0x11,0x11,0x11,0x11,0x11,0x11,0x11,0x11,
 392          0x11,0x11,0x11,0x11,0x11,0x11,0x11,0x11,0x11,0x11,0x11,0x11,0x11,0x11,0x11,0x11,
 393          0x11,0x11,0x11,0x11,0x11,0x11,0x11,0x11,0x11,0x11,0x11,0x11,0x11,0x11,0x11,0x11,
 394          0x11,0x11,0x11,0x11,0x11,0x11,0x11,0x11,0x11,0x11,0x11,0x11,0x11,0x11,0x11,0x11,
 395          0x11,0x11,0x11,0x11,0x11,0x11,0x11,0x11,0x11,0x11,0x11,0xF1,0x01,0x01,0x01,0xFF,
 396          0x00,0x00,0x00,0xFF,0x00,0x00,0x00,0xFF,0x00,0x00,0x00,0xFF,0x00,0x00,0x00,0xFF,
 397          0xFF,0x00,0x00,0x00,0xFF,0x00,0x00,0x00,0xFF,0x00,0x00,0x00,0xFF,0x00,0x00,0x00,
 398          0xFF,0x00,0x00,0x00,0xFF,0x00,0x00,0x00,0xFF,0x01,0x01,0x01,0xF1,0x11,0x11,0x11,
 399          0x11,0x11,0x11,0x11,0x11,0x11,0x11,0x11,0x11,0x11,0x11,0x11,0x11,0x11,0x11,0x11,
 400          0x11,0x11,0x11,0x11,0x11,0x11,0x11,0x11,0x11,0x11,0x11,0x11,0x11,0x11,0x11,0x11,
 401          0x11,0x11,0x11,0x11,0x11,0x11,0x11,0x11,0x11,0x11,0x11,0x11,0x11,0x11,0x11,0x11,
 402          0x11,0x11,0x11,0x11,0x11,0x11,0x11,0x11,0x11,0x11,0x11,0x11,0x11,0x11,0x11,0x11,
 403          0x11,0x11,0x11,0xF1,0x01,0x01,0x01,0xFF,0x00,0x00,0x00,0xFF,0x00,0x00,0x00,0xFF,
 404          0x00,0x00,0x00,0xFF,0x00,0x00,0x00,0xFF,0x00,0x00,0x00,0xFF,0x00,0x00,0x00,0xFF,
 405          0xFF,0x00,0x00,0x00,0xFF,0x00,0x00,0x00,0xFF,0x00,0x00,0x00,0xFF,0x00,0x00,0x00,
 406          0xFF,0x00,0x00,0x00,0xFF,0x00,0x00,0x00,0xFF,0x00,0x00,0x00,0xFF,0x00,0x00,0x00,
 407          0xFF,0x01,0x01,0x01,0xF1,0x11,0x11,0x11,0x11,0x11,0x11,0x11,0x11,0x11,0x11,0x11,
 408          0x11,0x11,0x11,0x11,0x11,0x11,0x11,0x11,0x11,0x11,0x11,0x11,0x11,0x11,0x11,0x11,
 409          0x11,0x11,0x11,0x11,0x11,0x11,0x11,0x11,0x11,0x11,0x11,0x11,0x11,0x11,0x11,0x11,
 410          0x11,0x11,0x11,0x11,0x11,0x11,0x11,0x11,0x11,0x11,0x11,0xF1,0x01,0x01,0x01,0xFF,
 411          0x00,0x00,0x00,0xFF,0x00,0x00,0x00,0xFF,0x00,0x00,0x00,0xFF,0x00,0x00,0x00,0xFF,
 412          0x00,0x00,0x00,0xFF,0x00,0x00,0x00,0xFF,0x00,0x00,0x00,0xFF,0x00,0x00,0x00,0xFF,
 413          0xFF,0x00,0x00,0x00,0xFF,0x00,0x00,0x00,0xFF,0x00,0x00,0x00,0xFF,0x00,0x00,0x00,
 414          0xFF,0x00,0x00,0x00,0xFF,0x00,0x00,0x00,0xFF,0x00,0x00,0x00,0xFF,0x00,0x00,0x00,
 415          0xFF,0x00,0x00,0x00,0xFF,0x00,0x00,0x00,0xFF,0x01,0x01,0x01,0xF1,0x11,0x11,0x11,
 416          0x11,0x11,0x11,0x11,0x11,0x11,0x11,0x11,0x11,0x11,0x11,0x11,0x11,0x11,0x11,0x11,
 417          0x11,0x11,0x11,0x11,0x11,0x11,0x11,0x11,0x11,0x11,0x11,0x11,0x11,0x11,0x11,0x11,
 418          0x11,0x11,0x11,0xF1,0x01,0x01,0x01,0xFF,0x00,0x00,0x00,0xFF,0x00,0x00,0x00,0xFF,
 419          0x00,0x00,0x00,0xFF,0x00,0x00,0x00,0xFF,0x00,0x00,0x00,0xFF,0x00,0x00,0x00,0xFF,
 420          0x00,0x00,0x00,0xFF,0x00,0x00,0x00,0xFF,0x00,0x00,0x00,0xFF,0x00,0x00,0x00,0xFF,
 421          0xFF,0x00,0x00,0x00,0xFF,0x00,0x00,0x00,0xFF,0x00,0x00,0x00,0xFF,0x00,0x00,0x00,
 422          0xFF,0x00,0x00,0x00,0xFF,0x00,0x00,0x00,0xFF,0x00,0x00,0x00,0xFF,0x00,0x00,0x00,
C51 COMPILER V9.60.7.0   CHINESE_CODE                                                      08/26/2025 15:00:38 PAGE 8   

 423          0xFF,0x00,0x00,0x00,0xFF,0x00,0x00,0x00,0xFF,0x00,0x00,0x00,0xFF,0x00,0x00,0x00,
 424          0xFF,0x01,0x01,0x01,0xF1,0x11,0x11,0x11,0x11,0x11,0x11,0x11,0x11,0x11,0x11,0x11,
 425          0x11,0x11,0x11,0x11,0x11,0x11,0x11,0x11,0x11,0x11,0x11,0xF1,0x01,0x01,0x01,0xFF,
 426          0x00,0x00,0x00,0xFF,0x00,0x00,0x00,0xFF,0x00,0x00,0x00,0xFF,0x00,0x00,0x00,0xFF,
 427          0x00,0x00,0x00,0xFF,0x00,0x00,0x00,0xFF,0x00,0x00,0x00,0xFF,0x00,0x00,0x00,0xFF,
 428          0x00,0x00,0x00,0xFF,0x00,0x00,0x00,0xFF,0x00,0x00,0x00,0xFF,0x00,0x00,0x00,0xFF,
 429          0xFF,0x00,0x00,0x00,0xFF,0x00,0x00,0x00,0xFF,0x00,0x00,0x00,0xFF,0x00,0x00,0x00,
 430          0xFF,0x00,0x00,0x00,0xFF,0x00,0x00,0x00,0xFF,0x00,0x00,0x00,0xFF,0x00,0x00,0x00,
 431          0xFF,0x00,0x00,0x00,0xFF,0x00,0x00,0x00,0xFF,0x00,0x00,0x00,0xFF,0x00,0x00,0x00,
 432          0xFF,0x00,0x00,0x00,0xFF,0x00,0x00,0x00,0xFF,0x01,0x01,0x01,0xF1,0x11,0x11,0x11,
 433          0x11,0x11,0x11,0xF1,0x01,0x01,0x01,0xFF,0x00,0x00,0x00,0xFF,0x00,0x00,0x00,0xFF,
 434          0x00,0x00,0x00,0xFF,0x00,0x00,0x00,0xFF,0x00,0x00,0x00,0xFF,0x00,0x00,0x00,0xFF,
 435          0x00,0x00,0x00,0xFF,0x00,0x00,0x00,0xFF,0x00,0x00,0x00,0xFF,0x00,0x00,0x00,0xFF,
 436          0x00,0x00,0x00,0xFF,0x00,0x00,0x00,0xFF,0x00,0x00,0x00,0xFF,0x00,0x00,0x00,0xFF,
 437          0xFF,0x00,0x00,0x00,0xFF,0x00,0x00,0x00,0xFF,0x00,0x00,0x00,0xFF,0x00,0x00,0x00,
 438          0xFF,0x00,0x00,0x00,0xFF,0x00,0x00,0x00,0xFF,0x00,0x00,0x00,0xFF,0x00,0x00,0x00,
 439          0xFF,0x00,0x00,0x00,0xFF,0x00,0x00,0x00,0xFF,0x00,0x00,0x00,0xFF,0x00,0x00,0x00,
 440          0xFF,0x00,0x00,0x00,0xFF,0x00,0x00,0x00,0xFF,0x80,0x80,0x80,0x8F,0x88,0x88,0x88,
 441          0x88,0x88,0x88,0x8F,0x80,0x80,0x80,0xFF,0x00,0x00,0x00,0xFF,0x00,0x00,0x00,0xFF,
 442          0x00,0x00,0x00,0xFF,0x00,0x00,0x00,0xFF,0x00,0x00,0x00,0xFF,0x00,0x00,0x00,0xFF,
 443          0x00,0x00,0x00,0xFF,0x00,0x00,0x00,0xFF,0x00,0x00,0x00,0xFF,0x00,0x00,0x00,0xFF,
 444          0x00,0x00,0x00,0xFF,0x00,0x00,0x00,0xFF,0x00,0x00,0x00,0xFF,0x00,0x00,0x00,0xFF,
 445          0xFF,0x00,0x00,0x00,0xFF,0x00,0x00,0x00,0xFF,0x00,0x00,0x00,0xFF,0x00,0x00,0x00,
 446          0xFF,0x00,0x00,0x00,0xFF,0x00,0x00,0x00,0xFF,0x00,0x00,0x00,0xFF,0x00,0x00,0x00,
 447          0xFF,0x00,0x00,0x00,0xFF,0x00,0x00,0x00,0xFF,0x00,0x00,0x00,0xFF,0x00,0x00,0x00,
 448          0xFF,0x80,0x80,0x80,0x8F,0x88,0x88,0x88,0x88,0x88,0x88,0x88,0x88,0x88,0x88,0x88,
 449          0x88,0x88,0x88,0x88,0x88,0x88,0x88,0x88,0x88,0x88,0x88,0x8F,0x80,0x80,0x80,0xFF,
 450          0x00,0x00,0x00,0xFF,0x00,0x00,0x00,0xFF,0x00,0x00,0x00,0xFF,0x00,0x00,0x00,0xFF,
 451          0x00,0x00,0x00,0xFF,0x00,0x00,0x00,0xFF,0x00,0x00,0x00,0xFF,0x00,0x00,0x00,0xFF,
 452          0x00,0x00,0x00,0xFF,0x00,0x00,0x00,0xFF,0x00,0x00,0x00,0xFF,0x00,0x00,0x00,0xFF,
 453          0xFF,0x00,0x00,0x00,0xFF,0x00,0x00,0x00,0xFF,0x00,0x00,0x00,0xFF,0x00,0x00,0x00,
 454          0xFF,0x00,0x00,0x00,0xFF,0x00,0x00,0x00,0xFF,0x00,0x00,0x00,0xFF,0x00,0x00,0x00,
 455          0xFF,0x00,0x00,0x00,0xFF,0x00,0x00,0x00,0xFF,0x80,0x80,0x80,0x8F,0x88,0x88,0x88,
 456          0x88,0x88,0x88,0x88,0x88,0x88,0x88,0x88,0x88,0x88,0x88,0x88,0x88,0x88,0x88,0x88,
 457          0x88,0x88,0x88,0x88,0x88,0x88,0x88,0x88,0x88,0x88,0x88,0x88,0x88,0x88,0x88,0x88,
 458          0x88,0x88,0x88,0x8F,0x80,0x80,0x80,0xFF,0x00,0x00,0x00,0xFF,0x00,0x00,0x00,0xFF,
 459          0x00,0x00,0x00,0xFF,0x00,0x00,0x00,0xFF,0x00,0x00,0x00,0xFF,0x00,0x00,0x00,0xFF,
 460          0x00,0x00,0x00,0xFF,0x00,0x00,0x00,0xFF,0x00,0x00,0x00,0xFF,0x00,0x00,0x00,0xFF,
 461          0xFF,0x00,0x00,0x00,0xFF,0x00,0x00,0x00,0xFF,0x00,0x00,0x00,0xFF,0x00,0x00,0x00,
 462          0xFF,0x00,0x00,0x00,0xFF,0x00,0x00,0x00,0xFF,0x00,0x00,0x00,0xFF,0x00,0x00,0x00,
 463          0xFF,0x80,0x80,0x80,0x8F,0x88,0x88,0x88,0x88,0x88,0x88,0x88,0x88,0x88,0x88,0x88,
 464          0x88,0x88,0x88,0x88,0x88,0x88,0x88,0x88,0x88,0x88,0x88,0x88,0x88,0x88,0x88,0x88,
 465          0x88,0x88,0x88,0x88,0x88,0x88,0x88,0x88,0x88,0x88,0x88,0x88,0x88,0x88,0x88,0x88,
 466          0x88,0x88,0x88,0x88,0x88,0x88,0x88,0x88,0x88,0x88,0x88,0x8F,0x80,0x80,0x80,0xFF,
 467          0x00,0x00,0x00,0xFF,0x00,0x00,0x00,0xFF,0x00,0x00,0x00,0xFF,0x00,0x00,0x00,0xFF,
 468          0x00,0x00,0x00,0xFF,0x00,0x00,0x00,0xFF,0x00,0x00,0x00,0xFF,0x00,0x00,0x00,0xFF,
 469          0xFF,0x00,0x00,0x00,0xFF,0x00,0x00,0x00,0xFF,0x00,0x00,0x00,0xFF,0x00,0x00,0x00,
 470          0xFF,0x00,0x00,0x00,0xFF,0x00,0x00,0x00,0xFF,0x80,0x80,0x80,0x8F,0x88,0x88,0x88,
 471          0x88,0x88,0x88,0x88,0x88,0x88,0x88,0x88,0x88,0x88,0x88,0x88,0x88,0x88,0x88,0x88,
 472          0x88,0x88,0x88,0x88,0x88,0x88,0x88,0x88,0x88,0x88,0x88,0x88,0x88,0x88,0x88,0x88,
 473          0x88,0x88,0x88,0x88,0x88,0x88,0x88,0x88,0x88,0x88,0x88,0x88,0x88,0x88,0x88,0x88,
 474          0x88,0x88,0x88,0x88,0x88,0x88,0x88,0x88,0x88,0x88,0x88,0x88,0x88,0x88,0x88,0x88,
 475          0x88,0x88,0x88,0x8F,0x80,0x80,0x80,0xFF,0x00,0x00,0x00,0xFF,0x00,0x00,0x00,0xFF,
 476          0x00,0x00,0x00,0xFF,0x00,0x00,0x00,0xFF,0x00,0x00,0x00,0xFF,0x00,0x00,0x00,0xFF,
 477          0xFF,0x00,0x00,0x00,0xFF,0x00,0x00,0x00,0xFF,0x00,0x00,0x00,0xFF,0x00,0x00,0x00,
 478          0xFF,0x80,0x80,0x80,0x8F,0x88,0x88,0x88,0x88,0x88,0x88,0x88,0x88,0x88,0x88,0x88,
 479          0x88,0x88,0x88,0x88,0x88,0x88,0x88,0x88,0x88,0x88,0x88,0x88,0x88,0x88,0x88,0x88,
 480          0x88,0x88,0x88,0x88,0x88,0x88,0x88,0x88,0x88,0x88,0x88,0x88,0x88,0x88,0x88,0x88,
 481          0x88,0x88,0x88,0x88,0x88,0x88,0x88,0x88,0x88,0x88,0x88,0x88,0x88,0x88,0x88,0x88,
 482          0x88,0x88,0x88,0x88,0x88,0x88,0x88,0x88,0x88,0x88,0x88,0x88,0x88,0x88,0x88,0x88,
 483          0x88,0x88,0x88,0x88,0x88,0x88,0x88,0x88,0x88,0x88,0x88,0x8F,0x80,0x80,0x80,0xFF,
 484          0x00,0x00,0x00,0xFF,0x00,0x00,0x00,0xFF,0x00,0x00,0x00,0xFF,0x00,0x00,0x00,0xFF,
C51 COMPILER V9.60.7.0   CHINESE_CODE                                                      08/26/2025 15:00:38 PAGE 9   

 485          0xFF,0x00,0x00,0x00,0xFF,0x00,0x00,0x00,0xFF,0x80,0x80,0x80,0x8F,0x88,0x88,0x88,
 486          0x88,0x88,0x88,0x88,0x88,0x88,0x88,0x88,0x88,0x88,0x88,0x88,0x88,0x88,0x88,0x88,
 487          0x88,0x88,0x88,0x88,0x88,0x88,0x88,0x88,0x88,0x88,0x88,0x88,0x88,0x88,0x88,0x88,
 488          0x88,0x88,0x88,0x88,0x88,0x88,0x88,0x88,0x88,0x88,0x88,0x88,0x88,0x88,0x88,0x88,
 489          0x88,0x88,0x88,0x88,0x88,0x88,0x88,0x88,0x88,0x88,0x88,0x88,0x88,0x88,0x88,0x88,
 490          0x88,0x88,0x88,0x88,0x88,0x88,0x88,0x88,0x88,0x88,0x88,0x88,0x88,0x88,0x88,0x88,
 491          0x88,0x88,0x88,0x88,0x88,0x88,0x88,0x88,0x88,0x88,0x88,0x88,0x88,0x88,0x88,0x88,
 492          0x88,0x88,0x88,0x8F,0x80,0x80,0x80,0xFF,0x00,0x00,0x00,0xFF,0x00,0x00,0x00,0xFF,
 493          0xFF,0x80,0x80,0x80,0x8F,0x88,0x88,0x88,0x88,0x88,0x88,0x88,0x88,0x88,0x88,0x88,
 494          0x88,0x88,0x88,0x88,0x88,0x88,0x88,0x88,0x88,0x88,0x88,0x88,0x88,0x88,0x88,0x88,
 495          0x88,0x88,0x88,0x88,0x88,0x88,0x88,0x88,0x88,0x88,0x88,0x88,0x88,0x88,0x88,0x88,
 496          0x88,0x88,0x88,0x88,0x88,0x88,0x88,0x88,0x88,0x88,0x88,0x88,0x88,0x88,0x88,0x88,
 497          0x88,0x88,0x88,0x88,0x88,0x88,0x88,0x88,0x88,0x88,0x88,0x88,0x88,0x88,0x88,0x88,
 498          0x88,0x88,0x88,0x88,0x88,0x88,0x88,0x88,0x88,0x88,0x88,0x88,0x88,0x88,0x88,0x88,
 499          0x88,0x88,0x88,0x88,0x88,0x88,0x88,0x88,0x88,0x88,0x88,0x88,0x88,0x88,0x88,0x88,
 500          0x88,0x88,0x88,0x88,0x88,0x88,0x88,0x88,0x88,0x88,0x88,0x8F,0x80,0x80,0x80,0xFF,
 501          
 502          
 503          };
 504          
 505          
 506          unsigned code bmp1[]={
 507          /*--  调入了一幅图像：E:\work\图片收藏夹\黑白屏图片\JLX128128G-812.bmp  --*/
 508          /*--  宽度x高度=128x128  --*/
 509          0x00,0x10,0x10,0xF8,0x00,0x00,0x00,0x00,0x00,0x00,0x00,0x00,0x00,0x00,0x00,0x00,
 510          0x00,0x80,0x40,0x60,0x50,0x48,0x44,0xC3,0x44,0x48,0x50,0x70,0x60,0x20,0x00,0x00,
 511          0x00,0x00,0x00,0x3E,0x2A,0xEA,0x2A,0x2A,0x2A,0xEA,0x2A,0x3E,0x00,0x00,0x00,0x00,
 512          0x00,0x00,0x00,0x00,0x00,0x00,0x00,0x00,0x00,0x00,0x00,0x00,0x00,0x00,0x00,0x00,
 513          0x00,0x00,0x00,0x00,0x00,0x00,0x00,0x00,0x00,0x00,0x00,0x00,0x00,0x00,0x00,0x00,
 514          0x00,0x00,0x00,0x00,0x00,0x00,0x00,0x00,0x00,0x00,0x00,0x00,0x00,0x00,0x00,0x00,
 515          0x00,0x00,0x00,0x00,0x00,0x00,0x00,0x00,0x00,0x00,0x00,0x00,0x00,0x00,0x00,0x00,
 516          0x00,0x00,0x00,0x00,0x00,0x00,0x00,0x00,0x00,0x00,0x00,0x00,0x00,0x00,0x00,0x00,
 517          0x00,0x20,0x20,0x3F,0x20,0x20,0x00,0x00,0x00,0x30,0x30,0x00,0x00,0x00,0x00,0x00,
 518          0x00,0x40,0x40,0x44,0x44,0x44,0x44,0x7F,0x44,0x44,0x44,0x46,0x44,0x60,0x40,0x00,
 519          0x20,0x21,0x22,0x2C,0x20,0x3F,0x20,0x20,0x20,0x3F,0x28,0x24,0x23,0x20,0x20,0x00,
 520          0x00,0x00,0x00,0x00,0x00,0x00,0x00,0x00,0x00,0x00,0x00,0x00,0x00,0x00,0x00,0x00,
 521          0x00,0x00,0x00,0x00,0x00,0x00,0x00,0x00,0x00,0x00,0x00,0x00,0x00,0x00,0x00,0x00,
 522          0x00,0x00,0x00,0x00,0x00,0x00,0x00,0x00,0x00,0x00,0x00,0x00,0x00,0x00,0x00,0x00,
 523          0x00,0x00,0x00,0x00,0x00,0x00,0x00,0x00,0x00,0x00,0x00,0x00,0x00,0x00,0x00,0x00,
 524          0x00,0x00,0x00,0x00,0x00,0x00,0x00,0x00,0x00,0x00,0x00,0x00,0x00,0x00,0x00,0x00,
 525          0x00,0x70,0x08,0x08,0x08,0x88,0x70,0x00,0x00,0x00,0x00,0x00,0x00,0x00,0x00,0x00,
 526          0x80,0x64,0x24,0x24,0x3F,0x24,0x24,0xFF,0x24,0x24,0x24,0x3F,0xA4,0x64,0x24,0x00,
 527          0x10,0x10,0xD0,0xFE,0x50,0x90,0xFC,0x04,0x94,0x94,0xF4,0x94,0x94,0x94,0x04,0x00,
 528          0x00,0x00,0x00,0x3E,0x2A,0xEA,0x2A,0x2A,0x2A,0xEA,0x2A,0x3E,0x00,0x00,0x00,0x00,
 529          0x00,0x20,0x20,0x22,0x22,0x22,0x22,0xE2,0x22,0x22,0x22,0x22,0x22,0x20,0x20,0x00,
 530          0x00,0x00,0x00,0x00,0x00,0x00,0x00,0x00,0x00,0x00,0x00,0x00,0x00,0x00,0x00,0x00,
 531          0x00,0x00,0x00,0x00,0x00,0x00,0x00,0x00,0x00,0x00,0x00,0x00,0x00,0x00,0x00,0x00,
 532          0x00,0x00,0x00,0x00,0x00,0x00,0x00,0x00,0x00,0x00,0x00,0x00,0x00,0x00,0x00,0x00,
 533          0x00,0x30,0x28,0x24,0x22,0x21,0x30,0x00,0x00,0x30,0x30,0x00,0x00,0x00,0x00,0x00,
 534          0x00,0x00,0x00,0x3F,0x01,0x01,0x01,0xFF,0x01,0x11,0x21,0x1F,0x00,0x00,0x00,0x00,
 535          0x04,0x03,0x00,0xFF,0x00,0x00,0x7F,0x48,0x48,0x48,0x4F,0x48,0x48,0x48,0x48,0x00,
 536          0x20,0x21,0x22,0x2C,0x20,0x3F,0x20,0x20,0x20,0x3F,0x28,0x24,0x23,0x20,0x20,0x00,
 537          0x10,0x08,0x04,0x03,0x00,0x40,0x80,0x7F,0x00,0x00,0x01,0x02,0x0C,0x18,0x00,0x00,
 538          0x00,0x00,0x00,0x00,0x00,0x00,0x00,0x00,0x00,0x00,0x00,0x00,0x00,0x00,0x00,0x00,
 539          0x00,0x00,0x00,0x00,0x00,0x00,0x00,0x00,0x00,0x00,0x00,0x00,0x00,0x00,0x00,0x00,
 540          0x00,0x00,0x00,0x00,0x00,0x00,0x00,0x00,0x00,0x00,0x00,0x00,0x00,0x00,0x00,0x00,
 541          0x00,0x30,0x08,0x88,0x88,0x48,0x30,0x00,0x00,0x00,0x00,0x00,0x00,0x00,0x00,0x00,
 542          0x10,0xD0,0xFF,0x50,0x90,0x20,0x24,0xA4,0xBF,0xA4,0xE4,0xBF,0xA4,0xA4,0x20,0x00,
 543          0x00,0x00,0x7E,0x00,0x00,0xFF,0x40,0xC2,0x26,0x1A,0x12,0x2A,0x46,0xC2,0x40,0x00,
 544          0x08,0x31,0x86,0x60,0x00,0xFE,0x02,0xF2,0x02,0xFE,0x00,0xF8,0x00,0x00,0xFF,0x00,
 545          0x40,0x42,0xDC,0x08,0x00,0x90,0x90,0x90,0x90,0x90,0xFF,0x10,0x12,0x1C,0x10,0x00,
 546          0x00,0x00,0x00,0x00,0x00,0x00,0x00,0x00,0x00,0x00,0x00,0x00,0x00,0x00,0x00,0x00,
C51 COMPILER V9.60.7.0   CHINESE_CODE                                                      08/26/2025 15:00:38 PAGE 10  

 547          0x00,0x00,0x00,0x00,0x00,0x00,0x00,0x00,0x00,0x00,0x00,0x00,0x00,0x00,0x00,0x00,
 548          0x00,0x00,0x00,0x00,0x00,0x00,0x00,0x00,0x00,0x00,0x00,0x00,0x00,0x00,0x00,0x00,
 549          0x00,0x18,0x20,0x20,0x20,0x11,0x0E,0x00,0x00,0x30,0x30,0x00,0x00,0x00,0x00,0x00,
 550          0x03,0x00,0xFF,0x00,0x00,0x80,0x80,0x4F,0x2A,0x0A,0x0F,0x0A,0x2A,0x4F,0xC0,0x00,
 551          0x00,0x40,0x42,0x42,0x46,0x5A,0x42,0x42,0x43,0x62,0x5A,0x46,0x42,0x42,0x40,0x00,
 552          0x04,0xFC,0x03,0x00,0x80,0x47,0x30,0x0F,0x10,0x67,0x00,0x07,0x40,0x80,0x7F,0x00,
 553          0x00,0x00,0x7F,0x20,0x10,0x20,0x20,0x1F,0x10,0x10,0x01,0x06,0x18,0x20,0x78,0x00,
 554          0x00,0x00,0x00,0x00,0x00,0x00,0x00,0x00,0x00,0x00,0x00,0x00,0x00,0x00,0x00,0x00,
 555          0x00,0x00,0x00,0x00,0x00,0x00,0x00,0x00,0x00,0x00,0x00,0x00,0x00,0x00,0x00,0x00,
 556          0x00,0x00,0x00,0x00,0x00,0x00,0x00,0x00,0x00,0x00,0x00,0x00,0x00,0x00,0x00,0x00,
 557          0x00,0x00,0xC0,0x20,0x10,0xF8,0x00,0x00,0x00,0x00,0x00,0x00,0x00,0x00,0x00,0x00,
 558          0x00,0x18,0x0A,0xAA,0xAA,0xAA,0x0A,0xFE,0x0A,0xAA,0xAA,0xAA,0x0A,0x18,0x08,0x00,
 559          0x04,0x04,0x04,0x84,0xF4,0x2F,0x04,0x04,0xE4,0x0F,0x04,0xC4,0x84,0x04,0x04,0x00,
 560          0x08,0x31,0x86,0x60,0x00,0xFE,0x02,0xF2,0x02,0xFE,0x00,0xF8,0x00,0x00,0xFF,0x00,
 561          0x40,0x42,0xDC,0x08,0x00,0x90,0x90,0x90,0x90,0x90,0xFF,0x10,0x12,0x1C,0x10,0x00,
 562          0x00,0x00,0x00,0x00,0x00,0x00,0x00,0x00,0x00,0x00,0x00,0x00,0x00,0x00,0x00,0x00,
 563          0x00,0x00,0x00,0x00,0x00,0x00,0x00,0x00,0x00,0x00,0x00,0x00,0x00,0x00,0x00,0x00,
 564          0x00,0x00,0x00,0x00,0x00,0x00,0x00,0x00,0x00,0x00,0x00,0x00,0x00,0x00,0x00,0x00,
 565          0x00,0x07,0x04,0x24,0x24,0x3F,0x24,0x00,0x00,0x30,0x30,0x00,0x00,0x00,0x00,0x00,
 566          0x00,0x00,0x42,0x4A,0x4A,0x4A,0x4A,0x4A,0x4A,0x4A,0x4A,0x4A,0xFE,0x00,0x00,0x00,
 567          0x00,0x02,0x01,0x00,0xFF,0x00,0x08,0x04,0x3F,0x42,0x41,0x40,0x40,0x78,0x20,0x00,
 568          0x04,0xFC,0x03,0x00,0x80,0x47,0x30,0x0F,0x10,0x67,0x00,0x07,0x40,0x80,0x7F,0x00,
 569          0x00,0x00,0x7F,0x20,0x10,0x20,0x20,0x1F,0x10,0x10,0x01,0x06,0x18,0x20,0x78,0x00,
 570          0x00,0x00,0x00,0x00,0x00,0x00,0x00,0x00,0x00,0x00,0x00,0x00,0x00,0x00,0x00,0x00,
 571          0x00,0x00,0x00,0x00,0x00,0x00,0x00,0x00,0x00,0x00,0x00,0x00,0x00,0x00,0x00,0x00,
 572          0x00,0x00,0x00,0x00,0x00,0x00,0x00,0x00,0x00,0x00,0x00,0x00,0x00,0x00,0x00,0x00,
 573          0x00,0xF8,0x08,0x88,0x88,0x08,0x08,0x00,0x00,0x00,0x00,0x00,0x00,0x00,0x00,0x00,
 574          0x00,0x00,0xFC,0x08,0x08,0x08,0x08,0xFF,0x08,0x08,0x08,0x08,0xFC,0x08,0x00,0x00,
 575          0x08,0x08,0x08,0x08,0x78,0x88,0x09,0x0E,0x08,0x88,0x78,0x08,0x08,0x08,0x08,0x00,
 576          0x00,0x10,0x0C,0x24,0x24,0x24,0x25,0x26,0xA4,0x64,0x24,0x04,0x14,0x0C,0x00,0x00,
 577          0x40,0x20,0xF8,0x17,0x02,0x10,0x10,0x90,0x70,0xFF,0xD0,0x10,0x10,0x10,0x00,0x00,
 578          0x00,0x00,0x00,0x00,0x00,0x00,0x00,0x00,0x00,0x00,0x00,0x00,0x00,0x00,0x00,0x00,
 579          0x00,0x00,0x00,0x00,0x00,0x00,0x00,0x00,0x00,0x00,0x00,0x00,0x00,0x00,0x00,0x00,
 580          0x00,0x00,0x00,0x00,0x00,0x00,0x00,0x00,0x00,0x00,0x00,0x00,0x00,0x00,0x00,0x00,
 581          0x00,0x19,0x21,0x20,0x20,0x11,0x0E,0x00,0x00,0x30,0x30,0x00,0x00,0x00,0x00,0x00,
 582          0x00,0x00,0x07,0x02,0x02,0x02,0x02,0xFF,0x02,0x02,0x02,0x02,0x07,0x00,0x00,0x00,
 583          0x40,0x40,0x40,0x20,0x20,0x11,0x0A,0x04,0x0A,0x11,0x10,0x20,0x60,0x20,0x20,0x00,
 584          0x00,0x02,0x02,0x02,0x02,0x42,0x82,0x7F,0x02,0x02,0x02,0x02,0x02,0x02,0x02,0x00,
 585          0x00,0x00,0x7F,0x00,0x08,0x04,0x0A,0x09,0x08,0x7F,0x08,0x09,0x06,0x0C,0x04,0x00,
 586          0x00,0x00,0x00,0x00,0x00,0x00,0x00,0x00,0x00,0x00,0x00,0x00,0x00,0x00,0x00,0x00,
 587          0x00,0x00,0x00,0x00,0x00,0x00,0x00,0x00,0x00,0x00,0x00,0x00,0x00,0x00,0x00,0x00,
 588          0x00,0x00,0x00,0x00,0x00,0x00,0x00,0x00,0x00,0x00,0x00,0x00,0x00,0x00,0x00,0x00,
 589          0x00,0xE0,0x10,0x88,0x88,0x18,0x00,0x00,0x00,0x00,0x00,0x00,0x00,0x00,0x00,0x00,
 590          0x00,0x00,0xF8,0x08,0x08,0x08,0x88,0x7F,0x48,0x88,0x08,0x08,0x08,0xF8,0x00,0x00,
 591          0x40,0x44,0x4C,0x75,0x46,0x64,0x5C,0x44,0x40,0xFE,0x02,0x42,0x62,0x9A,0x06,0x00,
 592          0x00,0x00,0x00,0x3E,0x2A,0xEA,0x2A,0x2A,0x2A,0xEA,0x2A,0x3E,0x00,0x00,0x00,0x00,
 593          0x00,0x20,0x20,0x22,0x22,0x22,0x22,0xE2,0x22,0x22,0x22,0x22,0x22,0x20,0x20,0x00,
 594          0x08,0x30,0x00,0xFF,0x20,0x20,0x20,0x20,0xFF,0x20,0xE1,0x26,0x2C,0x20,0x20,0x00,
 595          0x00,0x04,0x04,0x04,0x84,0x44,0x34,0x4F,0x94,0x24,0x44,0x84,0x84,0x04,0x00,0x00,
 596          0x00,0x00,0x00,0x00,0x00,0x00,0x00,0x00,0x00,0x00,0x00,0x00,0x00,0x00,0x00,0x00,
 597          0x00,0x0F,0x11,0x20,0x20,0x11,0x0E,0x00,0x00,0x30,0x30,0x00,0x00,0x00,0x00,0x00,
 598          0x00,0x00,0xFF,0x08,0x04,0x02,0x01,0x00,0x00,0x00,0x01,0x46,0x80,0x7F,0x00,0x00,
 599          0x00,0x00,0x7E,0x22,0x22,0x22,0x22,0x7E,0x00,0xFF,0x00,0x08,0x08,0x10,0x0F,0x00,
 600          0x20,0x21,0x22,0x2C,0x20,0x3F,0x20,0x20,0x20,0x3F,0x28,0x24,0x23,0x20,0x20,0x00,
 601          0x10,0x08,0x04,0x03,0x00,0x40,0x80,0x7F,0x00,0x00,0x01,0x02,0x0C,0x18,0x00,0x00,
 602          0x04,0x02,0x01,0xFF,0x40,0x20,0x18,0x07,0x00,0x00,0x03,0x0C,0x30,0x60,0x20,0x00,
 603          0x00,0x60,0x39,0x01,0x00,0x3C,0x40,0x42,0x4C,0x40,0x40,0x70,0x04,0x09,0x31,0x00,
 604          0x00,0x00,0x00,0x00,0x00,0x00,0x00,0x00,0x00,0x00,0x00,0x00,0x00,0x00,0x00,0x00,
 605          0x00,0x38,0x08,0x08,0xC8,0x38,0x08,0x00,0x00,0x00,0x00,0x00,0x00,0x00,0x00,0x00,
 606          0x00,0x24,0x44,0x84,0x84,0x7C,0x00,0x90,0x10,0x10,0x10,0xFF,0x10,0x10,0x10,0x00,
 607          0x00,0x00,0xFF,0x20,0x20,0x20,0x20,0x00,0xFF,0x40,0x40,0x40,0x20,0x20,0x20,0x00,
 608          0x00,0x00,0xFC,0x04,0x24,0x24,0xFC,0xA5,0xA6,0xA4,0xFC,0x24,0x24,0x24,0x04,0x00,
C51 COMPILER V9.60.7.0   CHINESE_CODE                                                      08/26/2025 15:00:38 PAGE 11  

 609          0x00,0x00,0x00,0x00,0x00,0x00,0x00,0x00,0x00,0x00,0x00,0x00,0x00,0x00,0x00,0x00,
 610          0x00,0x00,0x00,0x00,0x00,0x00,0x00,0x00,0x00,0x00,0x00,0x00,0x00,0x00,0x00,0x00,
 611          0x00,0x00,0x00,0x00,0x00,0x00,0x00,0x00,0x00,0x00,0x00,0x00,0x00,0x00,0x00,0x00,
 612          0x00,0x00,0x00,0x00,0x00,0x00,0x00,0x00,0x00,0x00,0x00,0x00,0x00,0x00,0x00,0x00,
 613          0x00,0x00,0x00,0x3F,0x00,0x00,0x00,0x00,0x00,0x30,0x30,0x00,0x00,0x00,0x00,0x00,
 614          0x20,0x10,0x0C,0x02,0x01,0x06,0x18,0x00,0x07,0x42,0x80,0x7F,0x00,0x00,0x00,0x00,
 615          0x00,0x00,0x7F,0x20,0x10,0x08,0x00,0x00,0x3F,0x40,0x40,0x40,0x40,0x40,0x78,0x00,
 616          0x80,0x60,0x1F,0x80,0x80,0x42,0x46,0x2A,0x12,0x12,0x2A,0x26,0x42,0xC0,0x40,0x00,
 617          0x00,0x00,0x00,0x00,0x00,0x00,0x00,0x00,0x00,0x00,0x00,0x00,0x00,0x00,0x00,0x00,
 618          0x00,0x00,0x00,0x00,0x00,0x00,0x00,0x00,0x00,0x00,0x00,0x00,0x00,0x00,0x00,0x00,
 619          0x00,0x00,0x00,0x00,0x00,0x00,0x00,0x00,0x00,0x00,0x00,0x00,0x00,0x00,0x00,0x00,
 620          0x00,0x00,0x00,0x00,0x00,0x00,0x00,0x00,0x00,0x00,0x00,0x00,0x00,0x00,0x00,0x00,
 621          0x00,0x70,0x88,0x08,0x08,0x88,0x70,0x00,0x00,0x00,0x00,0x00,0x00,0x00,0x00,0x00,
 622          0x00,0x00,0xFE,0x12,0x72,0x92,0x12,0x12,0x12,0x11,0x91,0x71,0x01,0x00,0x00,0x00,
 623          0x00,0x00,0x00,0x3E,0x2A,0xEA,0x2A,0x2A,0x2A,0xEA,0x2A,0x3E,0x00,0x00,0x00,0x00,
 624          0x00,0x00,0x00,0x00,0x00,0x00,0x00,0x00,0x00,0x00,0x00,0x00,0x00,0x00,0x00,0x00,
 625          0x00,0x00,0x00,0x00,0x00,0x00,0x00,0x00,0x00,0x00,0x00,0x00,0x00,0x00,0x00,0x00,
 626          0x00,0x00,0x00,0x00,0x00,0x00,0x00,0x00,0x00,0x00,0x00,0x00,0x00,0x00,0x00,0x00,
 627          0x00,0x00,0x00,0x00,0x00,0x00,0x00,0x00,0x00,0x00,0x00,0x00,0x00,0x00,0x00,0x00,
 628          0x00,0x00,0x00,0x00,0x00,0x00,0x00,0x00,0x00,0x00,0x00,0x00,0x00,0x00,0x00,0x00,
 629          0x00,0x1C,0x22,0x21,0x21,0x22,0x1C,0x00,0x00,0x30,0x30,0x00,0x00,0x00,0x00,0x00,
 630          0x40,0x30,0x4F,0x40,0x20,0x21,0x12,0x0C,0x0C,0x12,0x11,0x20,0x60,0x20,0x00,0x00,
 631          0x20,0x21,0x22,0x2C,0x20,0x3F,0x20,0x20,0x20,0x3F,0x28,0x24,0x23,0x20,0x20,0x00,
 632          0x00,0x00,0x00,0x00,0x00,0x00,0x00,0x00,0x00,0x00,0x00,0x00,0x00,0x00,0x00,0x00,
 633          0x00,0x00,0x00,0x00,0x00,0x00,0x00,0x00,0x00,0x00,0x00,0x00,0x00,0x00,0x00,0x00,
 634          0x00,0x00,0x00,0x00,0x00,0x00,0x00,0x00,0x00,0x00,0x00,0x00,0x00,0x00,0x00,0x00,
 635          0x00,0x00,0x00,0x00,0x00,0x00,0x00,0x00,0x00,0x00,0x00,0x00,0x00,0x00,0x00,0x00,
 636          0x00,0x00,0x00,0x00,0x00,0x00,0x00,0x00,0x00,0x00,0x00,0x00,0x00,0x00,0x00,0x00,
 637          
 638          
 639          };


MODULE INFORMATION:   STATIC OVERLAYABLE
   CODE SIZE        =   ----    ----
   CONSTANT SIZE    =  10695    ----
   XDATA SIZE       =   ----    ----
   PDATA SIZE       =   ----    ----
   DATA SIZE        =   ----    ----
   IDATA SIZE       =   ----    ----
   BIT SIZE         =   ----    ----
END OF MODULE INFORMATION.


C51 COMPILATION COMPLETE.  0 WARNING(S),  0 ERROR(S)
