C51 COMPILER V9.60.7.0   MAIN                                                              01/06/2025 16:22:34 PAGE 1   


C51 COMPILER V9.60.7.0, COMPILATION OF MODULE MAIN
OBJECT MODULE PLACED IN .\Objects\main.obj
COMPILER INVOKED BY: D:\KEIL_STM32\C51\BIN\C51.EXE main.c LARGE OPTIMIZE(8,SPEED) BROWSE DEBUG OBJECTEXTEND PRINT(.\List
                    -ings\main.lst) OBJECT(.\Objects\main.obj)

line level    source

   1          #include "vk2c24a.h"
   2          #include <intrins.h>
   3          unsigned char seg,com,i,j;
   4          unsigned char vk2c24a_segi,vk2c24a_comi;
   5          unsigned char vk2c24a_maxcom;//驱动的com数VK2C24A可以是4com或者8com
   6          extern unsigned char Vk2c24a_segtab[Vk2c24a_SEGNUM];
   7          
   8          void main(void)
   9          {       
  10   1              Vk2c24a_Init();
  11   1              Vk2c24a_DisAll(0x00);
  12   1      
  13   1              while(1)
  14   1              {
  15   2      //              Vk2c24a_DisSegComOn(15,8);
  16   2                      
  17   2                      Vk2c24a_DisAll(0xff);                   //LCD全显
  18   2      //              delay_nms(1000);                                        //延时1S
  19   2                      
  20   2                      
  21   2      
  22   2      
  23   2      //              for(vk2c24a_segi=0;vk2c24a_segi<Vk2c24a_SEGNUM;vk2c24a_segi++)//seg
  24   2      //              {
  25   2      //                      for(vk2c24a_comi=0;vk2c24a_comi<vk2c24a_maxcom;vk2c24a_comi++)//com
  26   2      //                      {
  27   2      //                              if(vk2c24a_maxcom==8)
  28   2      //                                      Vk2c24a_DisSegComOn(Vk2c24a_segtab[vk2c24a_segi]-4,vk2c24a_comi);       //LCD单点点亮
  29   2      //                              else
  30   2      //                                      Vk2c24a_DisSegComOn(Vk2c24a_segtab[vk2c24a_segi],vk2c24a_comi); //LCD单点点亮
  31   2      //                              delay_nms(300);                         //延时300mS
  32   2      //                              Vk2c24a_DisAll(0x00);   //LCD全关
  33   2      //                      }
  34   2      //              }
  35   2      
  36   2      //              for(vk2c24a_segi=0;vk2c24a_segi<Vk2c24a_SEGNUM;vk2c24a_segi++)//seg
  37   2      //              {
  38   2      //                      for(vk2c24a_comi=0;vk2c24a_comi<vk2c24a_maxcom;vk2c24a_comi++)//com
  39   2      //                      {
  40   2      //                              if(vk2c24a_maxcom==8)
  41   2      //                                      Vk2c24a_DisSegComOff(Vk2c24a_segtab[vk2c24a_segi]-4,vk2c24a_comi);      //LCD单点关闭
  42   2      //                              else
  43   2      //                              Vk2c24a_DisSegComOff(Vk2c24a_segtab[vk2c24a_segi],vk2c24a_comi);        //LCD单点关闭
  44   2      //                                      delay_nms(300);                         //延时300mS
  45   2      //                              Vk2c24a_DisAll(0xff);   //LCD全显
  46   2      //                      }
  47   2      //              }
  48   2      
  49   2              }
  50   1      }


MODULE INFORMATION:   STATIC OVERLAYABLE
   CODE SIZE        =     15    ----
C51 COMPILER V9.60.7.0   MAIN                                                              01/06/2025 16:22:34 PAGE 2   

   CONSTANT SIZE    =   ----    ----
   XDATA SIZE       =      7    ----
   PDATA SIZE       =   ----    ----
   DATA SIZE        =   ----    ----
   IDATA SIZE       =   ----    ----
   BIT SIZE         =   ----    ----
END OF MODULE INFORMATION.


C51 COMPILATION COMPLETE.  0 WARNING(S),  0 ERROR(S)
