C51 COMPILER V9.60.7.0   MAIN                                                              09/20/2025 17:10:30 PAGE 1   


C51 COMPILER V9.60.7.0, COMPILATION OF MODULE MAIN
OBJECT MODULE PLACED IN .\Objects\main.obj
COMPILER INVOKED BY: D:\KEIL_STM32\C51\BIN\C51.EXE main.c OPTIMIZE(8,SPEED) BROWSE DEBUG OBJECTEXTEND PRINT(.\Listings\m
                    -ain.lst) OBJECT(.\Objects\main.obj)

line level    source

   1          //SMG12864G标准图形点阵型液晶显示模块的演示程序[C51编程语言][MCS51模拟口线接口方式]
   2          //应用产品:SMG12864G SMG12864A SMG12864BV SMG12864C SMG12864D3 标准图形点阵型液晶显示模块
   3          //  本演示程序适用于SMG12864G液晶显示模块与MCS51系列单片机采用MCS51模拟口线的
   4          //硬件连线方式。
   5          //  本演示程序包括KS0108B兼容芯片的MCS51模拟口线接口子程序集,KS0108B兼容芯片的12864
   6          //液晶显示模块的基本子程序,12864系列绘图子程序集,12864系列图形子程序集,12864系列
   7          //精简中英文字库子程序集,以及SMG12864G系列标准图形点阵型液晶显示的演示子程序.
   8          //  本演示的内容为,在128列X64行的点阵液晶显示屏上清屏,图片演示,英文字符串演示,
   9          //中文字符串演示,反白显示字符串,绘制矩形,写点,绘制直线,全屏显示.
  10          //-------------------------------------------------------------------------------
  11          //创建日期: 2014.10.15
  12          //软件环境: VW For Windows
  13          //硬件环境: AT89C52 MCU,MCS-51系列 MCU,etc.
  14          //创建人: 褚建军(chujianjun@sunman.cn),谭超(tanchao@sunman.cn).
  15          //技术支持: 电话(0731-84167806,84167807),传真(0731-84167807),网址(www.sunman.cn)
  16          //版权信息: 长沙太阳人电子有限公司版权所有,转载请指明出处.
  17          //参考网页: http:/www.sunman.cn/lcm/product/SMG12864G.html
  18          //-------------------------------------------------------------------------------
  19          #include <reg51.h>
  20          #include <intrins.h>
  21          //以下为演示程序的函数定义
  22          void exsample(void);                    //演示程序
  23          void exdelay(void);                     //演示延时子程序
  24          void putchar(unsigned int c);           //定位写字符子程序
  25          void putstr(unsigned char code *s);     //显示字符串子程序,字符码为0时退出
  26          unsigned char code *getchinesecodepos(unsigned int ac);
  27          unsigned char code *getenglishcodepos(unsigned char ac);
  28          void putimage(unsigned char code *s);   //显示图形子程序
  29          void putsizeimage(unsigned char XSIZE,unsigned char YSIZE,unsigned char code *s);
  30                                                  //显示指定大小的图形子程序
  31          void point(bit b);
  32          void line(unsigned char x0,unsigned char y0,unsigned char x1,unsigned char y1,bit b);
  33          void lineto(unsigned char x1,unsigned char y1,bit b);//绘制(XPOS,YPOS)-(X1,Y1)的直线
  34          void rect(unsigned char x0,unsigned char y0,unsigned char x1,unsigned char y1,bit b);
  35          void lcdfill(unsigned char d);          //整屏显示d代表的字节数据子程序
  36          void lcdpos(void);                      //设置坐标点(XPOS,YPOS)内部RAM地址的子程序
  37          void lcdreset(void);                    //液晶显示控制器初始化子程序
  38          void setlcdvoltage(unsigned char vol);   //LCD电压设置
  39          void lcdwd(unsigned char d);            //送图形数据子程序
  40          unsigned char lcdrd(void);              //读图形数据子程序
  41          void lcdwc(unsigned char c);            //送指令子程序
  42          void lcdwaitidle(void);                 //忙检测子程序
  43          
  44          void lcdwd1(unsigned char d);           //送图形数据子程序
  45          unsigned char lcdrd1(void);             //读图形数据子程序
  46          void lcdwc1(unsigned char c);           //送指令子程序
  47          void lcdwaitidle1(void);                //忙检测子程序
  48          void lcdwd2(unsigned char d);           //送图形数据子程序
  49          unsigned char lcdrd2(void);             //读图形数据子程序
  50          void lcdwc2(unsigned char c);           //送指令子程序
  51          void lcdwaitidle2(void);                //忙检测子程序
  52          //-------------------------------------------------------------------------------
  53          //SMG12864G产品引脚说明及演示连线
  54          //PIN1: VSS  [电源地]
C51 COMPILER V9.60.7.0   MAIN                                                              09/20/2025 17:10:30 PAGE 2   

  55          //PIN2: VDD  [电源正极]
  56          //PIN3: Vo   [LCD偏压输入]
  57          //PIN4: RS   [数据/命令选择端 1:数据 0:命令]
  58          //PIN5: RW   [读写信号选择端 1:读操作 0:写操作]
  59          //PIN6: E    [使能信号输入 高有效]
  60          //PIN7: DB0  [Data I/O]
  61          //PIN8: DB1  [Data I/O]
  62          //PIN9: DB2  [Data I/O]
  63          //PIN10:DB3  [Data I/O]
  64          //PIN11:DB4  [Data I/O]
  65          //PIN12:DB5  [Data I/O]
  66          //PIN13:DB6  [Data I/O]
  67          //PIN14:DB7  [Data I/O]
  68          //PIN15:CS1  [片选1信号输入 高有效]
  69          //PIN16:CS2  [片选2信号输入 高有效]
  70          //PIN17:RST  [复位信号输入(H：正常工作,L:复位)]
  71          //PIN18:VEE  [LCD驱动负压输出(-5V)]
  72          //PIN19:BLA  [背光源正极]
  73          //PIN20:BLK  [背光源负极]
  74          //注:8031的晶振频率为12MHz.
  75          //请参见http://download.sunman.cn/lcm/product/1/SMG12864G.pdf
  76          //-------------------------------------------------------------------------------
  77          //以下为产品接口引脚在演示程序中的预定义
  78          //用户在编写应用程序时,需按自己的实际硬件连线来重新定义
  79          sbit RSPIN=P3^0;                        // RS对应单片机引脚
  80          sbit RWPIN=P3^3;                        // RW对应单片机引脚
  81          sbit EPIN =P3^4;                        // E对应单片机引脚
  82          sbit CS1PIN=P3^1;                       // CS1对应单片机引脚
  83          sbit CS2PIN=P3^2;                       // CS2对应单片机引脚
  84          //-------------------------------------------------------------------------------
  85          //以下XPOS,YPOS变量用于指示当前操作点的位置的预定义
  86          //用户在编写应用程序时,需按自己的实际软件程序需要来重新定义
  87          unsigned char XPOS;                     //列方向LCD点阵位置指针
  88          unsigned char YPOS;                     //行方向LCD点阵位置指针
  89          bit CharImageReverse;                   //字符及图形的反显控制,0(正常显示),1(反显)
  90          
  91          #define XDOTS   128                     //图形空间X方向大小
  92          #define YDOTS   64                      //图形空间X方向大小
  93          //-------------------------------------------------------------------------------
  94          //精简版中英文字符库文件
  95          //本文件由Sunman精简版中英文字符库代码生成器.exe自动生成
  96          //字节方向:[垂直] 字位顺序:[从低到高]
  97          //中文字体:[宋体] 英文字体:[宋体] 字体大小:[16]
  98          
  99          #define ENGLISHCHARNUMBER  31      //精简版英文字符库中的英文字符的个数
 100          #define CHINESECHARNUMBER  1       //精简版中文字符库中的中文字符的个数
 101          #define ENGLISHCHARSIZE    8       //英文字符X方向显示点的个数
 102          #define CHINESECHARSIZE    16      //中文字符X方向及中英文字符Y方向显示点的个数
 103          #define ENGLISHCHARDOTSIZE 16      //单个英文字符点阵的字节数
 104          #define CHINESECHARDOTSIZE 32      //单个中文字符点阵的字节数
 105          
 106          unsigned int code EnglishCode[]={
 107          0x20,    //字符001:[ ]
 108          0x2d,    //字符002:[-]
 109          0x2e,    //字符003:[.]
 110          0x31,    //字符004:[1]
 111          0x32,    //字符005:[2]
 112          0x34,    //字符006:[4]
 113          0x36,    //字符007:[6]
 114          0x38,    //字符008:[8]
 115          0x41,    //字符009:[A]
 116          0x43,    //字符010:[C]
C51 COMPILER V9.60.7.0   MAIN                                                              09/20/2025 17:10:30 PAGE 3   

 117          0x44,    //字符011:[D]
 118          0x45,    //字符012:[E]
 119          0x49,    //字符013:[I]
 120          0x4c,    //字符014:[L]
 121          0x4d,    //字符015:[M]
 122          0x4e,    //字符016:[N]
 123          0x4f,    //字符017:[O]
 124          0x52,    //字符018:[R]
 125          0x53,    //字符019:[S]
 126          0x54,    //字符020:[T]
 127          0x57,    //字符021:[W]
 128          0x5a,    //字符022:[Z]
 129          0x61,    //字符023:[a]
 130          0x64,    //字符023:[d]
 131          0x65,    //字符024:[e]
 132          0x68,    //字符025:[h]
 133          0x69,    //字符026:[i]
 134          0x6c,    //字符027:[l]
 135          0x6e,    //字符028:[n]
 136          0x72,    //字符029:[r]
 137          0x74     //字符030:[t]
 138          };
 139          
 140          unsigned int code ChineseCode[]={
 141          0xa1a1   //字符001:[　]
 142          };
 143          
 144          unsigned char code EnglishCharDot[]={
 145          0x00,0x00,0x00,0x00,0x00,0x00,0x00,0x00,   //字符001:[ ]
 146          0x00,0x00,0x00,0x00,0x00,0x00,0x00,0x00,
 147          0x00,0x00,0x00,0x01,0x00,0x01,0x00,0x01,   //字符002:[-]
 148          0x00,0x01,0x00,0x01,0x00,0x01,0x00,0x00,
 149          0x00,0x00,0x00,0x30,0x00,0x30,0x00,0x00,   //字符003:[.]
 150          0x00,0x00,0x00,0x00,0x00,0x00,0x00,0x00,
 151          0x00,0x00,0x00,0x00,0x10,0x20,0x10,0x20,   //字符004:[1]
 152          0xf8,0x3f,0x00,0x20,0x00,0x20,0x00,0x00,
 153          0x00,0x00,0x70,0x30,0x08,0x28,0x08,0x24,   //字符005:[2]
 154          0x08,0x22,0x08,0x21,0xf0,0x30,0x00,0x00,
 155          0x00,0x00,0x00,0x06,0x80,0x05,0x40,0x24,   //字符006:[4]
 156          0x30,0x24,0xf8,0x3f,0x00,0x24,0x00,0x00,
 157          0x00,0x00,0xe0,0x0f,0x10,0x11,0x88,0x20,   //字符007:[6]
 158          0x88,0x20,0x90,0x20,0x00,0x1f,0x00,0x00,
 159          0x00,0x00,0x70,0x1c,0x88,0x22,0x08,0x21,   //字符008:[8]
 160          0x08,0x21,0x88,0x22,0x70,0x1c,0x00,0x00,
 161          0x00,0x20,0x00,0x3c,0xc0,0x23,0x38,0x02,   //字符009:[A]
 162          0xe0,0x02,0x00,0x27,0x00,0x38,0x00,0x00,
 163          0xc0,0x07,0x30,0x18,0x08,0x20,0x08,0x20,   //字符010:[C]
 164          0x08,0x20,0x08,0x10,0x38,0x08,0x00,0x00,
 165          0x08,0x20,0xf8,0x3f,0x08,0x20,0x08,0x20,   //字符011:[D]
 166          0x08,0x20,0x10,0x10,0xe0,0x0f,0x00,0x00,
 167          0x08,0x20,0xf8,0x3f,0x88,0x20,0x88,0x20,   //字符012:[E]
 168          0xe8,0x23,0x08,0x20,0x10,0x18,0x00,0x00,
 169          0x00,0x00,0x08,0x20,0x08,0x20,0xf8,0x3f,   //字符013:[I]
 170          0x08,0x20,0x08,0x20,0x00,0x00,0x00,0x00,
 171          0x08,0x20,0xf8,0x3f,0x08,0x20,0x00,0x20,   //字符014:[L]
 172          0x00,0x20,0x00,0x20,0x00,0x30,0x00,0x00,
 173          0x08,0x20,0xf8,0x3f,0xf8,0x01,0x00,0x3e,   //字符015:[M]
 174          0xf8,0x01,0xf8,0x3f,0x08,0x20,0x00,0x00,
 175          0x08,0x20,0xf8,0x3f,0x30,0x20,0xc0,0x00,   //字符016:[N]
 176          0x00,0x07,0x08,0x18,0xf8,0x3f,0x00,0x00,
 177          0xe0,0x0f,0x10,0x10,0x08,0x20,0x08,0x20,   //字符017:[O]
 178          0x08,0x20,0x10,0x10,0xe0,0x0f,0x00,0x00,
C51 COMPILER V9.60.7.0   MAIN                                                              09/20/2025 17:10:30 PAGE 4   

 179          0x08,0x20,0xf8,0x3f,0x88,0x20,0x88,0x00,   //字符018:[R]
 180          0x88,0x03,0x88,0x0c,0x70,0x30,0x00,0x00,
 181          0x00,0x00,0x70,0x38,0x88,0x20,0x08,0x21,   //字符019:[S]
 182          0x08,0x21,0x08,0x22,0x38,0x1c,0x00,0x00,
 183          0x18,0x00,0x08,0x00,0x08,0x20,0xf8,0x3f,   //字符020:[T]
 184          0x08,0x20,0x08,0x00,0x18,0x00,0x00,0x00,
 185          0x08,0x00,0xf8,0x03,0x00,0x3e,0xf8,0x01,   //字符021:[W]
 186          0x00,0x3e,0xf8,0x03,0x08,0x00,0x00,0x00,
 187          0x10,0x20,0x08,0x38,0x08,0x26,0x08,0x21,   //字符022:[Z]
 188          0xc8,0x20,0x38,0x20,0x08,0x18,0x00,0x00,
 189          0x00,0x00,0x00,0x19,0x80,0x24,0x80,0x24,   //字符023:[a]
 190          0x80,0x12,0x00,0x3f,0x00,0x20,0x00,0x00,
 191          /*-- ID:0,字符:"d",ASCII编码:64,对应字:宽x高=8x16,画布:宽W=8 高H=16,共16字节*/
 192          0x00,0x00,0x00,0x06,0x02,0x02,0x3E,0x42,
 193          0x42,0x42,0x42,0x46,0x3B,0x00,0x00,0x00,
 194          0x00,0x00,0x00,0x1f,0x80,0x24,0x80,0x24,   //字符024:[e]
 195          0x80,0x24,0x80,0x24,0x00,0x17,0x00,0x00,
 196          0x10,0x20,0xf0,0x3f,0x00,0x21,0x80,0x00,   //字符025:[h]
 197          0x80,0x00,0x80,0x20,0x00,0x3f,0x00,0x00,
 198          0x00,0x00,0x80,0x20,0x98,0x20,0x98,0x3f,   //字符026:[i]
 199          0x00,0x20,0x00,0x20,0x00,0x00,0x00,0x00,
 200          0x00,0x00,0x10,0x20,0x10,0x20,0xf8,0x3f,   //字符027:[l]
 201          0x00,0x20,0x00,0x20,0x00,0x00,0x00,0x00,
 202          0x80,0x20,0x80,0x3f,0x00,0x21,0x80,0x00,   //字符028:[n]
 203          0x80,0x00,0x80,0x20,0x00,0x3f,0x00,0x00,
 204          0x80,0x20,0x80,0x20,0x80,0x3f,0x00,0x21,   //字符029:[r]
 205          0x80,0x20,0x80,0x00,0x80,0x01,0x00,0x00,
 206          0x00,0x00,0x80,0x00,0x80,0x00,0xe0,0x1f,   //字符030:[t]
 207          0x80,0x20,0x80,0x20,0x00,0x10,0x00,0x00
 208          };
 209          
 210          unsigned char code ChineseCharDot[]={
 211          0x00,0x00,0x00,0x00,0x00,0x00,0x00,0x00,   //字符001:[　]
 212          0x00,0x00,0x00,0x00,0x00,0x00,0x00,0x00,
 213          0x00,0x00,0x00,0x00,0x00,0x00,0x00,0x00,
 214          0x00,0x00,0x00,0x00,0x00,0x00,0x00,0x00
 215          };
 216          //-------------------------------------------------------------------------------
 217          //以下为图片库点阵代码
 218          //实际使用时请包含由SUNMAN图形点阵代码生成器.EXE自动生成的imagelib.c文件来替换该
 219          //部分
 220          unsigned char code Img_sunman_32[]={32,32,
 221          0x00,0xf0,0x0f,0x00,
 222          0x00,0xfe,0x7f,0x00,
 223          0x80,0x0f,0xf6,0x01,
 224          0xc0,0x03,0xc6,0x03,
 225          0xe0,0x70,0x0e,0x07,
 226          0x70,0x7c,0x3e,0x0e,
 227          0x38,0x7f,0xfe,0x1c,
 228          0x9c,0x7f,0xfe,0x39,
 229          0xcc,0x7f,0xfe,0x33,
 230          0xce,0x7f,0xfe,0x73,
 231          0xe6,0x7f,0xfe,0x67,
 232          0xe6,0x07,0xe0,0x67,
 233          0xf3,0x07,0xe0,0xcf,
 234          0xf3,0xcf,0xff,0xcf,
 235          0x73,0x9e,0xff,0xcf,
 236          0x33,0x3c,0xff,0xcf,
 237          0x33,0x3c,0xff,0xcf,
 238          0x73,0x9e,0xff,0xcf,
 239          0xf3,0xcf,0xff,0xcf,
 240          0xf3,0x07,0xe0,0xcf,
C51 COMPILER V9.60.7.0   MAIN                                                              09/20/2025 17:10:30 PAGE 5   

 241          0xe6,0x07,0xe0,0x67,
 242          0xe6,0x7f,0xfe,0x67,
 243          0xce,0x7f,0xfe,0x73,
 244          0xcc,0x7f,0xfe,0x33,
 245          0x9c,0x7f,0xfe,0x39,
 246          0x38,0x7f,0xfe,0x1c,
 247          0x70,0x7c,0x3e,0x0e,
 248          0xe0,0x70,0x0e,0x07,
 249          0xc0,0x63,0xc0,0x03,
 250          0x80,0x6f,0xf0,0x01,
 251          0x00,0xfe,0x7f,0x00,
 252          0x00,0xf0,0x0f,0x00
 253          };
 254          //-------------------------------------------------------------------------------
 255          
 256          void main(void)
 257          {   while(1)
 258   1          {   lcdreset();                     //初始化液晶显示控制器
 259   2              exsample();                     //演示程序
 260   2          }
 261   1      }
 262          void exsample(void)                     //演示程序
 263          {
 264   1      //0.演示前的准备,将LCD液晶显示全部清空
 265   1          CharImageReverse=0;                 //反显关闭
 266   1          lcdfill(0);                         //清屏
 267   1      
 268   1      //1.图片测试: 在(2,1)位置显示32点阵Oriental图标
 269   1      //    XPOS=2;
 270   1      //    YPOS=1;
 271   1      //    putimage(Img_sunman_32);            //写数据到当前LCDRAM地址中
 272   1      //    exdelay();                          //延时约600mS
 273   1      
 274   1      //2.字符串测试: 在(40,0)位置显示"LCM12864A"字符串.
 275   1          XPOS=40;
 276   1          YPOS=0;
 277   1          putstr("LCM12864");
 278   1          exdelay();                          //延时约600mS
 279   1      
 280   1      //3.字符串测试: 在(36,16)位置显示"Oriental"字符串.
 281   1          XPOS=20;
 282   1          YPOS=16;
 283   1          putstr("In China");
 284   1          exdelay();                          //延时约600mS
 285   1      
 286   1      //4.字符串测试: 在(1,32)位置显示"ORIENTAL-LCD.COM"字符串.
 287   1      //    XPOS=1;
 288   1      //    YPOS=32;
 289   1      //    putstr("ORIENTAL-LCD.COM");
 290   1      //    exdelay();                          //延时约600mS
 291   1      
 292   1      //5.反显测试: 在(1,32)位置反显"ORIENTAL-LCD.COM"字符串.
 293   1      //    XPOS=1;
 294   1      //    YPOS=32;
 295   1      //    CharImageReverse=1;
 296   1      //    putstr("ORIENTAL-LCD.COM");
 297   1      //    CharImageReverse=0;
 298   1      //    exdelay();                          //延时约600mS
 299   1      
 300   1      //6.绘图测试: RECT(0,0)-(127,63),画矩形.
 301   1          rect(0,0,127,63,1);
 302   1          exdelay();                          //延时约600mS
C51 COMPILER V9.60.7.0   MAIN                                                              09/20/2025 17:10:30 PAGE 6   

 303   1      
 304   1      //7.绘图测试: POINT(6,50),画点.
 305   1          XPOS=6;
 306   1          YPOS=50;
 307   1          point(1);
 308   1          exdelay();                          //延时约600mS
 309   1      
 310   1      //8.绘图测试: LINE(6,50)-(63,63),画线.
 311   1          line(6,50,63,63,1);
 312   1          exdelay();                          //延时约600mS
 313   1      
 314   1      //9.绘图测试: lineto(122,50),画线.
 315   1          lineto(122,50,1);
 316   1          exdelay();                          //延时约600mS
 317   1      
 318   1      //10.绘图测试: lineto(6,50),画线.
 319   1          lineto(6,50,1);
 320   1          exdelay();                          //延时约600mS
 321   1      
 322   1      //11.全屏测试: 所有坐标点全部显示.
 323   1          lcdfill(0xff);                      //全显
 324   1          exdelay();  exdelay();                        //延时约600mS
 325   1                  lcdfill(0xaa);                      //全显
 326   1          exdelay(); exdelay();
 327   1                  lcdfill(0x55);                      //全显
 328   1          exdelay(); exdelay();
 329   1      
 330   1      }
 331          void exdelay(void)                      //演示延时子程序
 332          { unsigned char i,j,k;                  //延时约600mS
 333   1        for(i=0;i<60;i++)
 334   1          for(j=0;j<64;j++)
 335   1            for(k=0;k<51;k++);
 336   1      }
 337          //-------------------------------------------------------------------------------
 338          //以下putchar为字符对象的基本子程序,putstr为字符对象的扩充子程序,getchinesecodepos,
 339          //getenglishcodepos为字符对象的辅助子程序.
 340          //-------------------------------------------------------------------------------
 341          //子程序名称:void putchar(unsigned int c).
 342          //功能:在(XPOS,YPOS)位置写单个字符点阵,若c>128 表示为中文字符,否则为西文字符
 343          //修改日期:2009.8.18
 344          //修改人:chujianjun@sunman.cn,tanchao@sunman.cn
 345          //-------------------------------------------------------------------------------
 346          void putchar(unsigned int c)            //定位写字符子程序
 347          {   if(c>128)
 348   1              putsizeimage(CHINESECHARSIZE,CHINESECHARSIZE,getchinesecodepos(c));
 349   1          else
 350   1              putsizeimage(ENGLISHCHARSIZE,CHINESECHARSIZE,getenglishcodepos(c));
 351   1      }
 352          //-------------------------------------------------------------------------------
 353          //子程序名称:void putstr(unsigned char code *s).
 354          //功能:写字符串点阵,若*s=0 表示字符串结束.
 355          //修改日期:2009.8.18
 356          //修改人:chujianjun@sunman.cn,tanchao@sunman.cn
 357          //-------------------------------------------------------------------------------
 358          void putstr(unsigned char code *s)      //显示字符串子程序,字符码为0时退出
 359          {   unsigned int c;
 360   1          while(1)
 361   1          {   c=*s;
 362   2              s++;
 363   2              if(c==0) break;
 364   2              if(c<128)
C51 COMPILER V9.60.7.0   MAIN                                                              09/20/2025 17:10:30 PAGE 7   

 365   2                  putchar(c);
 366   2              else
 367   2              {   putchar(c*256+*s);
 368   3                  s++;
 369   3              }
 370   2          }
 371   1      }
 372          //-------------------------------------------------------------------------------
 373          //子程序名称:unsigned char code *getchinesecodepos(unsigned char ac).
 374          //功能:根据当前中文字符码查表后计算得到当前中文字符码的字库点阵位置.
 375          //修改日期:2009.8.18
 376          //修改人:chujianjun@sunman.cn,tanchao@sunman.cn
 377          //-------------------------------------------------------------------------------
 378          unsigned char code *getchinesecodepos(unsigned int ac)
 379          {   unsigned int min,max,mid,midc;
 380   1          min=0;
 381   1          max=CHINESECHARNUMBER-1;
 382   1          while(1)
 383   1          {   if(max-min<2)
 384   2              {   if(ChineseCode[min]==ac)
 385   3                      mid=min;
 386   3                  else if(ChineseCode[max]==ac)
 387   3                      mid=max;
 388   3                  else
 389   3                      mid=0;
 390   3                  break;
 391   3              }
 392   2              mid=(max+min)/2;
 393   2              midc=ChineseCode[mid];
 394   2              if(midc==ac)
 395   2                  break;
 396   2              else if(midc>ac)
 397   2                  max=mid-1;
 398   2              else
 399   2                  min=mid+1;
 400   2          }
 401   1          return ChineseCharDot+mid*CHINESECHARDOTSIZE;
 402   1      }
 403          //-------------------------------------------------------------------------------
 404          //子程序名称:unsigned char code *getenglishcodepos(unsigned char ac).
 405          //功能:根据当前ASCII字符码查表后计算得到当前ASCII字符码的字库点阵位置.
 406          //修改日期:2009.8.18
 407          //修改人:chujianjun@sunman.cn,tanchao@sunman.cn
 408          //-------------------------------------------------------------------------------
 409          unsigned char code *getenglishcodepos(unsigned char ac)
 410          {   unsigned char min,max,mid,midc;
 411   1          min=0;
 412   1          max=ENGLISHCHARNUMBER-1;
 413   1          while(1)
 414   1          {   if(max-min<2)
 415   2              {   if(EnglishCode[min]==ac)
 416   3                      mid=min;
 417   3                  else if(EnglishCode[max]==ac)
 418   3                      mid=max;
 419   3                  else
 420   3                      mid=0;
 421   3                  break;
 422   3              }
 423   2              mid=(max+min)/2;
 424   2              midc=EnglishCode[mid];
 425   2              if(midc==ac)
 426   2                  break;
C51 COMPILER V9.60.7.0   MAIN                                                              09/20/2025 17:10:30 PAGE 8   

 427   2              else if(midc>ac)
 428   2                  max=mid-1;
 429   2              else
 430   2                  min=mid+1;
 431   2          }
 432   1          return EnglishCharDot+mid*ENGLISHCHARDOTSIZE;
 433   1      }
 434          //-------------------------------------------------------------------------------
 435          //以下putsizeimage为图形对象的基本子程序,putimage为图形对象的扩充子程序
 436          //-------------------------------------------------------------------------------
 437          //子程序名称:void putsizeimage(unsigned char XSIZE,unsigned YSIZE,
 438          //                             unsigned char code *s)
 439          //功能:在(XPOS,YPOS)位置绘制XSIZE列及YISZE行点阵的图形*S.
 440          //修改日期:2009.8.31
 441          //修改人:chujianjun@sunman.cn,tanchao@sunman.cn
 442          //-------------------------------------------------------------------------------
 443          void putsizeimage(unsigned char XSIZE,unsigned char YSIZE,unsigned char code *s)
 444          {  unsigned char k,lx,ly,a1,a2,y,Lcd_Mask;
 445   1         k=YPOS&0x7;
 446   1         YSIZE+=k;
 447   1         y=YPOS;
 448   1         s--;
 449   1         for(lx=0;lx<XSIZE;lx++,XPOS++)
 450   1         {  for(YPOS=y,ly=k;ly<YSIZE;)
 451   2            {  unsigned char p;
 452   3               a1=*s;
 453   3               s++;
 454   3               a2=*s;
 455   3               if(CharImageReverse)
 456   3               {   a1=~a1;
 457   4                   a2=~a2;
 458   4               }
 459   3               for(p=0;p<k;p++)
 460   3               {  a2>>=1;
 461   4                  if((a1&0x1)==1)
 462   4                     a2+=0x80;
 463   4                  a1>>=1;
 464   4               }
 465   3               if((k==0) && (YSIZE<ly+8))
 466   3               {   lcdpos();
 467   4                   ly+=8;
 468   4                   YPOS+=8;
 469   4               }
 470   3               else
 471   3               {   lcdpos();
 472   4                   a1=lcdrd();
 473   4                   lcdpos();
 474   4                   ly+=8;
 475   4                   YPOS+=8;
 476   4                   Lcd_Mask=0xff;
 477   4                   p=YSIZE&0x7;
 478   4                   while(p>0)
 479   4                   {   Lcd_Mask>>=1;
 480   5                       YPOS--;
 481   5                       p--;
 482   5                   }
 483   4                   p=0xff;
 484   4                   while(YSIZE<ly)
 485   4                   {   ly--;
 486   5                       YPOS--;
 487   5                       p<<=1;
 488   5                   }
C51 COMPILER V9.60.7.0   MAIN                                                              09/20/2025 17:10:30 PAGE 9   

 489   4                   Lcd_Mask&=p;
 490   4                   a2&=Lcd_Mask;
 491   4                   a2|=a1&(~Lcd_Mask);
 492   4               }
 493   3               lcdwd(a2);
 494   3            }
 495   2            if((k!=0) && (YSIZE&0x7 != 0) && (k >= YSIZE&0x7)) s--;
 496   2         }
 497   1         YPOS=y;
 498   1      }
 499          //-------------------------------------------------------------------------------
 500          //子程序名称:void putimage(unsigned char code *s).
 501          //功能:在(XPOS,YPOS)位置绘制XSIZE[*s]列及YISZE[*(s+1)]行点阵的图形[*(s+2)].
 502          //修改日期:2009.8.18
 503          //修改人:chujianjun@sunman.cn,tanchao@sunman.cn
 504          //-------------------------------------------------------------------------------
 505          void putimage(unsigned char code *s)    //显示图形子程序
 506          {   unsigned char XSIZE,YSIZE;
 507   1          XSIZE=*s;
 508   1          s++;
 509   1          YSIZE=*s;
 510   1          s++;
 511   1          putsizeimage(XSIZE,YSIZE,s);
 512   1      }
 513          //-------------------------------------------------------------------------------
 514          //以下point为绘图操作的基本子程序,line,lineto,rect为绘图操作的扩充子程序.
 515          //-------------------------------------------------------------------------------
 516          //子程序名称:void point(bit b).
 517          //功能:按b的数据在(XPOS,YPOS)位置绘制点.
 518          //修改日期:2009.8.18
 519          //修改人:chujianjun@sunman.cn,tanchao@sunman.cn
 520          //-------------------------------------------------------------------------------
 521          void point(bit b)
 522          {   unsigned char i,Lcd_Mask,j;
 523   1          Lcd_Mask=0x01;
 524   1          i=YPOS&0x7;
 525   1          while(i>0)
 526   1          {   Lcd_Mask<<=1;
 527   2              i--;
 528   2          }
 529   1          lcdpos();
 530   1          j=lcdrd();
 531   1          lcdpos();
 532   1          if(b)
 533   1              lcdwd(j|Lcd_Mask);
 534   1          else
 535   1              lcdwd(j&(~Lcd_Mask));
 536   1      }
 537          //-------------------------------------------------------------------------------
 538          //子程序名称:void line(unsigned char x0,unsigned char y0,unsigned char x1,unsigned char y1,bit b)
 539          //功能:按b的数据绘制(x0,y0)-(x1,y1)的直线
 540          //修改日期:2009.8.18
 541          //修改人:chujianjun@sunman.cn,tanchao@sunman.cn
 542          //-------------------------------------------------------------------------------
 543          void line(unsigned char x0,unsigned char y0,unsigned char x1,unsigned char y1,bit b)
 544          {   unsigned char dx,dy;
 545   1          unsigned int dk;
 546   1          XPOS=x0;
 547   1          YPOS=y0;
 548   1          point(b);
 549   1          dx=(x1>=x0)?x1-x0:x0-x1;
 550   1          dy=(y1>=y0)?y1-y0:y0-y1;
C51 COMPILER V9.60.7.0   MAIN                                                              09/20/2025 17:10:30 PAGE 10  

 551   1          if(dx==dy)
 552   1          {   while(XPOS!=x1)
 553   2              {   if(x1>x0) XPOS++;else XPOS--;
 554   3                  if(y1>y0) YPOS++;else YPOS--;
 555   3                  point(b);
 556   3              }
 557   2          }
 558   1          else if (dx>dy)
 559   1          {   dk=dy;
 560   2              dy=0;
 561   2              while(XPOS!=x1)
 562   2              {   if(x1>x0) XPOS++;else XPOS--;
 563   3                  dy++;
 564   3                  if(y1>y0) YPOS=y0+(dk*dy+dx/2)/dx;else YPOS=y0-(dk*dy+dx/2)/dx;
 565   3                  point(b);
 566   3              }
 567   2          }
 568   1          else
 569   1          {   dk=dx;
 570   2              dx=0;
 571   2              while(YPOS!=y1)
 572   2              {   if(y1>y0) YPOS++;else YPOS--;
 573   3                  dx++;
 574   3                  if(x1>x0) XPOS=x0+(dk*dx+dy/2)/dy;else XPOS=x0-(dk*dx+dy/2)/dy;
 575   3                  point(b);
 576   3              }
 577   2          }
 578   1      }
 579          //-------------------------------------------------------------------------------
 580          //子程序名称:void lineto(unsigned char x1,unsigned char y1,bit b)
 581          //功能:按b的数据绘制(XPOS,YPOS)-(x1,y1)的直线
 582          //修改日期:2009.8.18
 583          //修改人:chujianjun@sunman.cn,tanchao@sunman.cn
 584          //-------------------------------------------------------------------------------
 585          void lineto(unsigned char x1,unsigned char y1,bit b)//绘制(XPOS,YPOS)-(X1,Y1)的直线
 586          {   line(XPOS,YPOS,x1,y1,b);
 587   1      }
 588          //-------------------------------------------------------------------------------
 589          //子程序名称:void rect(unsigned char x0,unsigned char y0,unsigned char x1,unsigned char y1,bit b)
 590          //功能:按b的数据绘制(x0,y0)-(x1,y1)的矩形
 591          //修改日期:2009.8.18
 592          //修改人:chujianjun@sunman.cn,tanchao@sunman.cn
 593          //-------------------------------------------------------------------------------
 594          void rect(unsigned char x0,unsigned char y0,unsigned char x1,unsigned char y1,bit b)
 595          {   line(x0,y0,x1,y0,b);
 596   1          line(x1,y0,x1,y1,b);
 597   1          line(x1,y1,x0,y1,b);
 598   1          line(x0,y1,x0,y0,b);
 599   1      }
 600          //-------------------------------------------------------------------------------
 601          //以下lcdfill,lcdpos,lcdreset为KS0108B型硬件接口的12864液晶显示模块的基本子程序
 602          //-------------------------------------------------------------------------------
 603          //子程序名称:void lcdfill(unsigned char d).
 604          //功能:整屏显示d表示的字节数据.
 605          //修改日期:2009.08.31
 606          //修改人:chujianjun@sunman.cn,tanchao@sunman.cn
 607          //-------------------------------------------------------------------------------
 608          void lcdfill(unsigned char d)           //整屏显示d代表的字节数据子程序
 609          {   unsigned char j;
 610   1          for(YPOS=0;YPOS<64;YPOS+=8)         //8页
 611   1          {   XPOS=0;
 612   2              lcdpos();
C51 COMPILER V9.60.7.0   MAIN                                                              09/20/2025 17:10:30 PAGE 11  

 613   2              for(j=0;j<64;j++)              //64列
 614   2                  lcdwd1(d);                 //送图形数据
 615   2              XPOS=64;
 616   2              lcdpos();
 617   2              for(j=0;j<64;j++)              //64列
 618   2                  lcdwd2(d);                 //送图形数据
 619   2          }
 620   1          XPOS=0;
 621   1          YPOS=0;
 622   1      }
 623          //-------------------------------------------------------------------------------
 624          //子程序名称:void lcdpos(void).
 625          //功能:设置坐标点(XPOS,YPOS)位置对应的内部RAM地址.
 626          //修改日期:2009.08.31
 627          //修改人:chujianjun@sunman.cn,tanchao@sunman.cn
 628          //-------------------------------------------------------------------------------
 629          void lcdpos(void)                       //设置坐标点(XPOS,YPOS)内部RAM地址的子程序
 630          {  unsigned char Column;
 631   1         if(XPOS<64)
 632   1         {   lcdwc1(0xB8|((YPOS/8)&0x7));     //页地址设置
 633   2             lcdwc1(0x40|XPOS);               //列地址设置
 634   2         }
 635   1         else
 636   1         {   lcdwc2(0xB8|((YPOS/8)&0x7));     //页地址设置
 637   2             lcdwc2(0x40|(XPOS&0x3F));        //列地址设置
 638   2         }
 639   1      }
*** WARNING C280 IN LINE 630 OF main.c: 'Column': unreferenced local variable
 640          //-------------------------------------------------------------------------------
 641          //子程序名称:void lcdreset(void)
 642          //功能:液晶显示控制器初始化
 643          //修改日期:2009.08.31
 644          //修改人:chujianjun@sunman.cn,tanchao@sunman.cn
 645          //-------------------------------------------------------------------------------
 646          void lcdreset(void)                     //液晶显示控制器初始化子程序
 647          {
 648   1          lcdwc1(0xC0);                       //设置显示初始行
 649   1          lcdwc2(0xC0);                       //设置显示初始行
 650   1          lcdwc1(0x3F);                       //开显示
 651   1          lcdwc2(0x3F);                       //开显示
 652   1      }
 653          //-------------------------------------------------------------------------------
 654          //以下lcdwc1,lcdwc2,lcdwd,lcdrd为MCS51模拟口线接口的KS0108B液晶显示控制器的基本
 655          //子程序,lcdwd1,lcdwd2,lcdrd1,lcdrd2,lcdwaitidle1,lcdwaitidle2为内部子程序.
 656          //-------------------------------------------------------------------------------
 657          //子程序名称:unsigned char lcdrd(void).
 658          //功能:从液晶显示控制器中读图形数据.
 659          //修改日期:2009.08.31
 660          //修改人:chujianjun@sunman.cn,tanchao@sunman.cn
 661          //-------------------------------------------------------------------------------
 662          unsigned char lcdrd(void)
 663          {unsigned char d;
 664   1          if(XPOS<64)
 665   1          {    d=lcdrd1();
 666   2               d=lcdrd1();
 667   2          }
 668   1          else
 669   1          {    d=lcdrd2();
 670   2               d=lcdrd2();
 671   2          }
 672   1          return d;
 673   1      }
C51 COMPILER V9.60.7.0   MAIN                                                              09/20/2025 17:10:30 PAGE 12  

 674          //-------------------------------------------------------------------------------
 675          //子程序名称:void lcdwd(unsigned char d).
 676          //功能:向液晶显示控制器写图形数据.
 677          //修改日期:2009.08.31
 678          //修改人:chujianjun@sunman.cn,tanchao@sunman.cn
 679          //-------------------------------------------------------------------------------
 680          void lcdwd(unsigned char d)
 681          {   if(XPOS<64)
 682   1              lcdwd1(d);
 683   1          else
 684   1              lcdwd2(d);
 685   1      }
 686          //-------------------------------------------------------------------------------
 687          //子程序名称:void lcdwd1(unsigned char d).
 688          //功能:向液晶显示控制器1写图形数据.
 689          //修改日期:2009.08.31
 690          //修改人:chujianjun@sunman.cn,tanchao@sunman.cn
 691          //-------------------------------------------------------------------------------
 692          void lcdwd1(unsigned char d)
 693          {   lcdwaitidle1();
 694   1          P1=d;
 695   1          RSPIN=1;
 696   1          RWPIN=0;
 697   1          CS1PIN=1;
 698   1          CS2PIN=0;
 699   1          EPIN=1;
 700   1          _nop_();
 701   1          EPIN=0;
 702   1          CS1PIN=0;
 703   1      }
 704          //-------------------------------------------------------------------------------
 705          //子程序名称:void lcdwd2(unsigned char d).
 706          //功能:向液晶显示控制器2写图形数据.
 707          //修改日期:2009.08.31
 708          //修改人:chujianjun@sunman.cn,tanchao@sunman.cn
 709          //-------------------------------------------------------------------------------
 710          void lcdwd2(unsigned char d)
 711          {   lcdwaitidle2();
 712   1          P1=d;
 713   1          RSPIN=1;
 714   1          RWPIN=0;
 715   1          CS1PIN=0;
 716   1          CS2PIN=1;
 717   1          EPIN=1;
 718   1          _nop_();
 719   1          EPIN=0;
 720   1          CS2PIN=0;
 721   1      }
 722          //-------------------------------------------------------------------------------
 723          //子程序名称:unsigned char lcdrd1(void).
 724          //功能:从液晶显示控制器1中读图形数据.
 725          //修改日期:2009.08.31
 726          //修改人:chujianjun@sunman.cn,tanchao@sunman.cn
 727          //-------------------------------------------------------------------------------
 728          unsigned char lcdrd1(void)              //读图形数据子程序
 729          {   unsigned char d;
 730   1          lcdwaitidle1();                     //检测液晶显示控制器是否空闲
 731   1          P1=0xff;
 732   1          RSPIN=1;
 733   1          RWPIN=1;
 734   1          CS1PIN=1;
 735   1          CS2PIN=0;
C51 COMPILER V9.60.7.0   MAIN                                                              09/20/2025 17:10:30 PAGE 13  

 736   1          EPIN=1;
 737   1          _nop_();
 738   1          d=P1;
 739   1          EPIN=0;
 740   1          CS1PIN=0;
 741   1          return d;
 742   1      }
 743          //-------------------------------------------------------------------------------
 744          //子程序名称:unsigned char lcdrd2(void).
 745          //功能:从液晶显示控制器2中读图形数据.
 746          //修改日期:2009.08.31
 747          //修改人:chujianjun@sunman.cn,tanchao@sunman.cn
 748          //-------------------------------------------------------------------------------
 749          unsigned char lcdrd2(void)              //读图形数据子程序
 750          {   unsigned char d;
 751   1          lcdwaitidle2();                     //检测液晶显示控制器是否空闲
 752   1          P1=0xff;
 753   1          RSPIN=1;                            //DUMMY READ
 754   1          RWPIN=1;
 755   1          CS1PIN=0;
 756   1          CS2PIN=1;
 757   1          EPIN=1;
 758   1          _nop_();
 759   1          d=P1;
 760   1          EPIN=0;
 761   1          CS2PIN=0;
 762   1          return d;
 763   1      }
 764          //-------------------------------------------------------------------------------
 765          //子程序名称:lcdwc1(unsigned char c).
 766          //功能:向液晶显示控制器1送指令.
 767          //修改日期:2009.10.30
 768          //修改人:chujianjun@sunman.cn,tanchao@sunman.cn
 769          //-------------------------------------------------------------------------------
 770          void lcdwc1(unsigned char c)            //向液晶显示控制器1送指令
 771          {   lcdwaitidle1();
 772   1          P1=c;
 773   1          RSPIN=0;
 774   1          RWPIN=0;
 775   1          CS1PIN=1;
 776   1          CS2PIN=0;
 777   1          EPIN=1;
 778   1          _nop_();
 779   1          EPIN=0;
 780   1          CS1PIN=0;
 781   1      }
 782          //-------------------------------------------------------------------------------
 783          //子程序名称:lcdwc2(unsigned char c).
 784          //功能:向液晶显示控制器2送指令.
 785          //修改日期:2009.10.30
 786          //修改人:chujianjun@sunman.cn,tanchao@sunman.cn
 787          //-------------------------------------------------------------------------------
 788          void lcdwc2(unsigned char c)            //向液晶显示控制器2送指令
 789          {   lcdwaitidle2();
 790   1          P1=c;
 791   1          RSPIN=0;
 792   1          RWPIN=0;
 793   1          CS1PIN=0;
 794   1          CS2PIN=1;
 795   1          EPIN=1;
 796   1          _nop_();
 797   1          EPIN=0;
C51 COMPILER V9.60.7.0   MAIN                                                              09/20/2025 17:10:30 PAGE 14  

 798   1          CS2PIN=0;
 799   1      }
 800          //-------------------------------------------------------------------------------
 801          //子程序名称:voidlcdwaitidle1(void).
 802          //功能:忙检测,在对液晶显示控制器操作的每一条指令之前,需检测液晶显示器是否空闲.
 803          //修改日期:2009.10.30
 804          //修改人:chujianjun@sunman.cn,tanchao@sunman.cn
 805          //-------------------------------------------------------------------------------
 806          void lcdwaitidle1(void)                 //控制器1忙检测子程序
 807          {   unsigned char i;
 808   1          P1=0xff;
 809   1          RSPIN=0;
 810   1          RWPIN=1;
 811   1          CS1PIN=1;
 812   1          CS2PIN=0;
 813   1          EPIN=1;
 814   1          for(i=0;i<20;i++)                   //
 815   1              if( (P1&0x80) != 0x80 ) break;  //D7=0 空闲退出
 816   1          EPIN=0;
 817   1          CS1PIN=0;
 818   1      }
 819          //-------------------------------------------------------------------------------
 820          //子程序名称:voidlcdwaitidle2(void).
 821          //功能:忙检测,在对液晶显示控制器操作的每一条指令之前,需检测液晶显示器是否空闲.
 822          //修改日期:2009.10.30
 823          //修改人:chujianjun@sunman.cn,tanchao@sunman.cn
 824          //-------------------------------------------------------------------------------
 825          void lcdwaitidle2(void)                 //控制器2忙检测子程序
 826          {   unsigned char i;
 827   1          P1=0xff;
 828   1          RSPIN=0;
 829   1          RWPIN=1;
 830   1          CS1PIN=0;
 831   1          CS2PIN=1;
 832   1          EPIN=1;
 833   1          for(i=0;i<20;i++)                   //
 834   1              if( (P1&0x80) != 0x80 ) break;  //D7=0 空闲退出
 835   1          EPIN=0;
 836   1          CS2PIN=0;
 837   1      }


MODULE INFORMATION:   STATIC OVERLAYABLE
   CODE SIZE        =   1817    ----
   CONSTANT SIZE    =    740    ----
   XDATA SIZE       =   ----    ----
   PDATA SIZE       =   ----    ----
   DATA SIZE        =      2      45
   IDATA SIZE       =   ----    ----
   BIT SIZE         =      1       4
END OF MODULE INFORMATION.


C51 COMPILATION COMPLETE.  1 WARNING(S),  0 ERROR(S)
