C51 COMPILER V9.60.7.0   LCD12864                                                          06/19/2025 09:01:50 PAGE 1   


C51 COMPILER V9.60.7.0, COMPILATION OF MODULE LCD12864
OBJECT MODULE PLACED IN .\Objects\LCD12864.obj
COMPILER INVOKED BY: D:\KEIL_STM32\C51\BIN\C51.EXE LCD12864.c LARGE OPTIMIZE(8,SPEED) BROWSE DEBUG OBJECTEXTEND PRINT(.\
                    -Listings\LCD12864.lst) OBJECT(.\Objects\LCD12864.obj)

line level    source

   1          #include <INTRINS.H>    
   2          #include <STDIO.H>     
   3          #include <MATH.H>    
   4          #include <ABSACC.H>    
   5          #include <REG52.H>       
   6          #include "lcd12864.h"   
   7          #include "picture.h"    
   8          
   9          //sbit RS  =P3^0;    
  10          //sbit RW  =P3^1;     
  11          //sbit E   =P3^2;    
  12          //   
  13          //sbit CS1 =P3^3;    //active "H"
  14          //sbit CS2 =P3^4;    //active "H"   
  15          //sbit int0=P2^1; 
  16          //sbit KEY=P2^0; 
  17          //bit loge=0;  
  18          
  19          
  20          sbit RS  =P3^0;    
  21          sbit RW  =P3^3;     
  22          sbit E   =P3^4;    
  23             
  24          sbit CS1 =P3^1;    //active "H"
  25          sbit CS2 =P3^2;    //active "H"   
  26          sbit int0=P2^1; 
  27          sbit KEY=P2^0; 
  28          bit loge=0;
  29          
  30          unsigned char Page;     
  31          unsigned char Col; 
  32          
  33          ///***************************/   
  34          /*Check Busy                 */   
  35          /***************************/   
  36          void BusyL(void)   
  37          {unsigned char flag=0xff;  
  38   1       CS1= 1;       //active "H"
  39   1       CS2= 0;   
  40   1       RS = 0;   
  41   1       RW = 1;  
  42   1      
  43   1       P1 = 0xFF; 
  44   1      while ((flag&0x80)==0x80)
  45   1       {
  46   2       E=1;
  47   2       _nop_();
  48   2       flag=P1;
  49   2       E=0;
  50   2       }    
  51   1      }   
  52             
  53          void BusyR(void)   
  54          { unsigned char flag=0xff;  
C51 COMPILER V9.60.7.0   LCD12864                                                          06/19/2025 09:01:50 PAGE 2   

  55   1       CS1= 0;   
  56   1       CS2= 1;        //active "H"
  57   1       RS = 0;    
  58   1       RW = 1; 
  59   1      
  60   1       P1 = 0xFF;  
  61   1      while ((flag&0x80)==0x80)
  62   1       {
  63   2       E=1;
  64   2       _nop_();
  65   2       flag=P1;
  66   2       E=0;
  67   2       }  
  68   1      }   
  69             
  70           
  71          
  72             
  73            
  74          void Locatexy(void)   
  75          {   
  76   1       unsigned char x,y;   
  77   1       switch (Col&0xc0) /*  col.and.0xC0 */   
  78   1       {    
  79   2        case 0: {BusyL();break;}  
  80   2        case 0x40: {BusyR();break;}  
  81   2       }   
  82   1       x = Col&0x3F|0x40; /* col.and.0x3f.or.Set X Address*/   
  83   1       y = Page&0x07|0xB8; /* row.and.0x07.or.set Page */   
  84   1         
  85   1       RS = 0;      
  86   1       RW = 0;      
  87   1       P1 = y;  
  88   1       E  = 1;   
  89   1       _nop_();   
  90   1       E  = 0;   
  91   1       _nop_();   
  92   1       
  93   1       RS = 0;   
  94   1       RW = 0;   
  95   1       P1 = x;      
  96   1       E  = 1;   
  97   1       _nop_();   
  98   1       E  = 0;   
  99   1       _nop_(); 
 100   1       
 101   1      
 102   1      }   
 103          /***************************/   
 104          /*Write command 1-64               */   
 105          /***************************/      
 106          void WriteCommandL( unsigned char CommandByte )   
 107          {   
 108   1       BusyL();   
 109   1       P1 = CommandByte;   
 110   1       RS = 0;   
 111   1       RW = 0;   
 112   1       E  = 1;   
 113   1       _nop_();   
 114   1       E  = 0;   
 115   1       _nop_();   
 116   1      }   
C51 COMPILER V9.60.7.0   LCD12864                                                          06/19/2025 09:01:50 PAGE 3   

 117          /***************************/   
 118          /*Write command 65-128                */   
 119          /***************************/     
 120          void WriteCommandR( unsigned char CommandByte )   
 121          {   
 122   1       BusyR();   
 123   1       P1 = CommandByte;   
 124   1       RS = 0;    
 125   1       RW = 0;   
 126   1       E  = 1;   
 127   1       _nop_();   
 128   1       E  = 0;   
 129   1       _nop_();   
 130   1      }   
 131          
 132          /***************************/   
 133          /*Read data                 */   
 134          /***************************/   
 135          unsigned char ReadData( void )   
 136          {   
 137   1       unsigned char DataByte;   
 138   1       Locatexy();   
 139   1       RS = 1;    
 140   1       RW = 1;  
 141   1       P1 = 0xFF;  
 142   1        _nop_();   
 143   1       
 144   1       E  = 1;    
 145   1       _nop_();   
 146   1      
 147   1       DataByte = P1;  
 148   1       E  = 0;   
 149   1       _nop_();  
 150   1       CS1=0;
 151   1       CS2=0;
 152   1       return DataByte;   
 153   1      }   
 154             
 155           /***************************/   
 156          /*Write data                 */   
 157          /***************************/
 158          void WriteData( unsigned char DataByte )   
 159          {   
 160   1       Locatexy();   
 161   1       RS = 1;    
 162   1       RW = 0;     
 163   1       P1 = DataByte; 
 164   1       E  = 1;    
 165   1       _nop_();   
 166   1       E  = 0;   
 167   1       _nop_(); 
 168   1       CS1=0;
 169   1       CS2=0;
 170   1      }   
 171             
 172          void LcmClear( void )   
 173          {   
 174   1       Page = 0;   
 175   1       Col  = 0;   
 176   1       for(Page=0;Page<8;Page++)   
 177   1        for(Col=0;Col<128;Col++)   
 178   1         WriteData(0);   
C51 COMPILER V9.60.7.0   LCD12864                                                          06/19/2025 09:01:50 PAGE 4   

 179   1      }   
 180             
 181          void LcmInit( void )   
 182          {   
 183   1       WriteCommandL(0x3f); //DISPALY ON
 184   1       WriteCommandR(0x3f);   
 185   1         
 186   1       WriteCommandL(0xc0); //SET START ADDRESS  
 187   1       WriteCommandR(0xc0);   
 188   1         
 189   1       WriteCommandL(0x3f); //DISPLAY ON  
 190   1       WriteCommandR(0x3f);   
 191   1           
 192   1      }   
 193             
 194          void LcmPutDots( unsigned char DotByte,unsigned char DotByte1 )   
 195          {   
 196   1       Page = 0;   
 197   1       Col  = 0;   
 198   1       for(Page=0;Page<8;Page++)   
 199   1       {   
 200   2        for(Col=0;Col<128;Col++)   
 201   2        {   
 202   3         WriteData( DotByte );
 203   3         Col++;
 204   3         WriteData( DotByte1 );  
 205   3        } 
 206   2          
 207   2       }   
 208   1      }   
 209             
 210          void LcmPutBMP( unsigned char *puts )   
 211          {   
 212   1       unsigned int X=0;   
 213   1       Page = 0;   
 214   1       Col  = 0;   
 215   1       for(Page=0;Page<8;Page++)   
 216   1       {   
 217   2        for(Col=0;Col<128;Col++)   
 218   2        {   
 219   3         WriteData( puts[X] );   
 220   3         X++;   
 221   3        }   
 222   2       }   
 223   1      }   
 224          
 225          void LcmReverseBMPP( unsigned char *puts )   
 226          {   
 227   1       unsigned int X=0;   
 228   1       Page = 0;   
 229   1       Col  = 0;   
 230   1       for(Page=0;Page<8;Page++)   
 231   1       {   
 232   2        for(Col=0;Col<128;Col++)   
 233   2        {   
 234   3         WriteData(~puts[X] );   
 235   3         X++;   
 236   3        }   
 237   2       }   
 238   1      }     
 239          
 240          /*void LcmReverseBMP( void )   
C51 COMPILER V9.60.7.0   LCD12864                                                          06/19/2025 09:01:50 PAGE 5   

 241          {   
 242           unsigned char temp;   
 243           Page = 0;   
 244           Col  = 0;   
 245           for(Page=0;Page<8;Page++)   
 246           {   
 247            for(Col=0;Col<128;Col++)   
 248            {   
 249             temp = ReadData();   
 250          
 251             temp = ReadData();   
 252             temp = ~temp;   
 253             WriteData(temp);   
 254            }   
 255           }   
 256          }*/   
 257          
 258          void Display_8_8(unsigned char C[],unsigned char i)
 259          { unsigned char k,num=0;
 260   1       num=i*0x08;
 261   1       for(k=0;k<0x08;k++)
 262   1       {
 263   2        WriteData(C[num+k]);
 264   2        Col+=0x01;
 265   2       } 
 266   1      
 267   1      }
 268          
 269          
 270          void Display_16_16(unsigned char F[],unsigned char i)
 271          {
 272   1       unsigned char k=0;
 273   1       unsigned int   num=0;
 274   1       num=i*0x20;
 275   1      
 276   1       for(k=0;k<0x10;k++)
 277   1       {
 278   2        WriteData(F[num+k]);
 279   2        Col+=0x01;
 280   2       } 
 281   1        Col-=0x10;
 282   1        Page+=0x01;   
 283   1        for(k=16;k<0x20;k++)
 284   1       {
 285   2        WriteData(F[num+k]);
 286   2        Col+=0x01;
 287   2       } 
 288   1        Page-=0x01; 
 289   1        Delay(80); 
 290   1      }
 291          
 292          void Display_character()
 293          { unsigned char k,c, a=0;
 294   1       
 295   1       Col  = 0;
 296   1       for(c=0;c<8;c++)
 297   1       { Page = c; 
 298   2              for(k=0;k<16;k++)
 299   2              { Display_8_8(character,0);
 300   3              }
 301   2       Col  = 0;
 302   2       }
C51 COMPILER V9.60.7.0   LCD12864                                                          06/19/2025 09:01:50 PAGE 6   

 303   1        Delay(500);
 304   1      
 305   1       for(c=0;c<8;c++)
 306   1       { Page = c; 
 307   2              for(k=0;k<16;k++)
 308   2              { Display_8_8(character,1);
 309   3              }
 310   2       Col  = 0;
 311   2       }
 312   1        Delay(500);
 313   1      
 314   1       for(c=0;c<8;c++)
 315   1       { Page = c; 
 316   2              for(k=0;k<16;k++)
 317   2              { Display_8_8(character,2);
 318   3              }
 319   2       Col  = 0;
 320   2       }
 321   1      
 322   1      }
 323          
 324          
 325          
 326          void Display_Chinese()
 327          {unsigned char a=0;
 328   1      // Page = 0;   
 329   1      // Col  = 0;
 330   1      // for(a=0;a<8;a++)
 331   1      // {
 332   1      // Display_16_16(font,a);
 333   1      // }
 334   1      LcmPutBMP(BMP0); 
 335   1       Page = 2;   
 336   1       Col  = 0;
 337   1       for(a=0;a<8;a++)
 338   1       {
 339   2       Display_16_16(font,a);
 340   2       }
 341   1      
 342   1       Page = 4;   
 343   1       Col  = 0;
 344   1       for(a=8;a<16;a++)
 345   1       {
 346   2       Display_16_16(font,a);
 347   2       }
 348   1      
 349   1      // Page = 6;   
 350   1      // Col  = 0;
 351   1      // for(a=24;a<32;a++)
 352   1      // {
 353   1      // Display_16_16(font,a);
 354   1      // }
 355   1      
 356   1      }
 357          
 358          
 359             
 360          void Delay(unsigned int MS)   
 361          {   
 362   1       unsigned char us,usn;   
 363   1       while(MS!=0)   
 364   1       {   
C51 COMPILER V9.60.7.0   LCD12864                                                          06/19/2025 09:01:50 PAGE 7   

 365   2        usn = 2; //for 12M    
 366   2        while(usn!=0)   
 367   2        {   
 368   3         us=0xf6;   
 369   3         while (us!=0){us--;};   
 370   3         usn--;   
 371   3        }   
 372   2        MS--;   
 373   2       }  
 374   1       while(loge);
 375   1      }   
 376          
 377          
 378          
 379          void Step(void) interrupt 0 using 0
 380          { _nop_(); 
 381   1        _nop_(); 
 382   1        _nop_();
 383   1        _nop_();
 384   1        _nop_();
 385   1        _nop_();
 386   1        _nop_();
 387   1        _nop_();
 388   1        _nop_();
 389   1        _nop_();
 390   1        _nop_();
 391   1        _nop_();
 392   1        _nop_();
 393   1        _nop_();
 394   1        _nop_();
 395   1        _nop_();
 396   1        _nop_();
 397   1        _nop_();
 398   1        _nop_();
 399   1        _nop_(); 
 400   1        _nop_(); 
 401   1        _nop_();
 402   1        _nop_();
 403   1        _nop_();
 404   1        _nop_();
 405   1        _nop_();
 406   1        _nop_();
 407   1        _nop_();
 408   1        _nop_();
 409   1        _nop_();
 410   1        _nop_();
 411   1        _nop_();
 412   1        _nop_();
 413   1        _nop_();
 414   1        _nop_();
 415   1        _nop_();
 416   1        _nop_();
 417   1        _nop_();
 418   1              if(int0==0)
 419   1              loge=!loge;
 420   1          while(!int0);
 421   1        return;
 422   1      
 423   1      }
 424          
 425          unsigned char key(void)
 426          {
C51 COMPILER V9.60.7.0   LCD12864                                                          06/19/2025 09:01:50 PAGE 8   

 427   1              if(KEY==0)
 428   1              {
 429   2               Delay(1);
 430   2               while(KEY==0);
 431   2               return 1;              
 432   2              }
 433   1              return 0;
 434   1              
 435   1      }
 436          
 437          void DisplayPatterns() 
 438          {
 439   1          static int step = 0; 
 440   1      
 441   1          switch (step) 
 442   1          {
 443   2              case 0: LcmPutDots(0x55, 0xaa); Delay(500); break;
 444   2              case 1: LcmPutDots(0xaa, 0x55); Delay(500); break;
 445   2              case 2: LcmPutDots(0x55, 0x55); Delay(500); break;
 446   2              case 3: LcmPutDots(0xaa, 0xaa); Delay(500); break;
 447   2              case 4: LcmPutDots(0xff, 0x00); Delay(500); break;
 448   2              case 5: LcmPutDots(0x00, 0xff); Delay(500); break;
 449   2              case 6: LcmPutDots(0xff, 0xff); Delay(500); break;
 450   2              case 7: Display_Chinese();Delay(500); break;
 451   2          }
 452   1          step++;
 453   1          if (step > 7) step = 0;
 454   1      }
 455          
 456          void HandleKey() 
 457          {
 458   1              unsigned char mode;
 459   1          mode++;           
 460   1          mode%=6;    
 461   1          LcmClear();       
 462   1          switch (mode) 
 463   1          {   
 464   2              case 0: LcmPutDots(0xff, 0x00); Delay(1000); break;
 465   2              case 1: LcmPutDots(0x55, 0xaa); Delay(1000); break;
 466   2              case 2: LcmPutDots(0x55, 0x55); Delay(1000); break;
 467   2              case 3: LcmPutDots(0x00, 0xff); Delay(1000); break;
 468   2              case 4: LcmPutDots(0xaa, 0xaa); Delay(1000); break;
 469   2              case 5: Display_Chinese(); Delay(1000); break;
 470   2      
 471   2      
 472   2          }
 473   1      }
 474          


MODULE INFORMATION:   STATIC OVERLAYABLE
   CODE SIZE        =   1265    ----
   CONSTANT SIZE    =   ----    ----
   XDATA SIZE       =      4      19
   PDATA SIZE       =   ----    ----
   DATA SIZE        =   ----    ----
   IDATA SIZE       =   ----    ----
   BIT SIZE         =      1    ----
END OF MODULE INFORMATION.


C51 COMPILATION COMPLETE.  0 WARNING(S),  0 ERROR(S)
