C51 COMPILER V9.60.7.0   MAIN                                                              08/14/2025 10:11:06 PAGE 1   


C51 COMPILER V9.60.7.0, COMPILATION OF MODULE MAIN
OBJECT MODULE PLACED IN .\Objects\main.obj
COMPILER INVOKED BY: D:\KEIL_STM32\C51\BIN\C51.EXE main.c LARGE OPTIMIZE(8,SPEED) BROWSE DEBUG OBJECTEXTEND PRINT(.\List
                    -ings\main.lst) OBJECT(.\Objects\main.obj)

line level    source

   1          #include <REG52.H>       
   2          #include "lcd12864.h"   
   3          #include "picture.h" 
   4          unsigned char mode;
   5          sbit int0=P2^1; 
   6             
   7          void main( void )   
   8          {      
   9   1        Delay(20);  
  10   1        IE=0x81;
  11   1        IP=0x01;
  12   1        TCON=0x01;
  13   1        int0=1;  
  14   1        LcmInit();   
  15   1        LcmClear(); 
  16   1        LcmPutDots(0x55,0xaa);
  17   1        Delay(600); 
  18   1        LcmPutDots(0xaa,0x55);
  19   1        Delay(600); 
  20   1        LcmPutDots(0x55,0x55);
  21   1        Delay(600); 
  22   1        LcmPutDots(0xaa,0xaa);
  23   1        Delay(600); 
  24   1        LcmPutDots(0xff,0x00);
  25   1        Delay(600); 
  26   1        LcmPutDots(0x00,0xff);
  27   1        Delay(600); 
  28   1        Display_Chinese();
  29   1        Delay(500); 
  30   1      
  31   1       while(1)   
  32   1       {
  33   2               if(key())
  34   2               {
  35   3                       mode++;
  36   3                       if(mode>8)mode=1;
  37   3                       switch(mode)
  38   3                       {
  39   4                               case 1:LcmPutDots(0x55,0xaa);
  40   4                               break;
  41   4                               case 2:LcmPutDots(0xaa,0x55);
  42   4                               break;
  43   4                               case 3:LcmPutDots(0xaa,0xaa);
  44   4                               break;
  45   4                               case 4:LcmPutDots(0x55,0x55);
  46   4                               break;
  47   4                               case 5:LcmPutDots(0x00,0xff);
  48   4                               break; 
  49   4                               case 6:LcmPutDots(0xff,0x00);
  50   4                               break; 
  51   4                               case 7:LcmPutDots(0xff,0xff);
  52   4                               break; 
  53   4                               case 8:Display_Chinese();
  54   4                               break;                          
C51 COMPILER V9.60.7.0   MAIN                                                              08/14/2025 10:11:06 PAGE 2   

  55   4                       }               
  56   3               }
  57   2      
  58   2       }   
  59   1      } 
  60          
  61          //void main(void)   
  62          //{
  63          
  64          //      Delay(20); 
  65          //      IE=0x81;
  66          //      IP=0x01;
  67          //      TCON=0x01;
  68          //      int0=1;  
  69          //      LcmInit();   
  70          //      LcmClear(); 
  71          //    while (1)  
  72          //    {   
  73          //        if (key()) 
  74          //        {
  75          //            HandleKey(); 
  76          //        } 
  77          //        else 
  78          //        {
  79          //          
  80          //            DisplayPatterns(); 
  81          //        }
  82          //    }   
  83          //}
  84          
  85          
  86            


MODULE INFORMATION:   STATIC OVERLAYABLE
   CODE SIZE        =    233    ----
   CONSTANT SIZE    =   ----    ----
   XDATA SIZE       =      1    ----
   PDATA SIZE       =   ----    ----
   DATA SIZE        =   ----    ----
   IDATA SIZE       =   ----    ----
   BIT SIZE         =   ----    ----
END OF MODULE INFORMATION.


C51 COMPILATION COMPLETE.  0 WARNING(S),  0 ERROR(S)
