C51 COMPILER V9.60.7.0   PICTURE                                                           06/19/2025 08:59:13 PAGE 1   


C51 COMPILER V9.60.7.0, COMPILATION OF MODULE PICTURE
OBJECT MODULE PLACED IN .\Objects\picture.obj
COMPILER INVOKED BY: D:\KEIL_STM32\C51\BIN\C51.EXE picture.c LARGE OPTIMIZE(8,SPEED) BROWSE DEBUG OBJECTEXTEND PRINT(.\L
                    -istings\picture.lst) OBJECT(.\Objects\picture.obj)

line level    source

   1          unsigned char code character[]=
   2          {
   3              0x00, 0x00, 0x66, 0x99, 0x81, 0x81, 0x42, 0x3C, // 心形
   4              0x00, 0x00, 0x7E, 0x42, 0x42, 0x7E, 0x00, 0x00, // 方块
   5              0x00, 0x18, 0x24, 0x42, 0x42, 0x24, 0x18, 0x00, // 菱形
   6          };              
   7                  
   8                   
   9                   
  10          unsigned char code font[]=
  11          {
  12          
  13          /* [字库]：[HZK1616宋体] [数据排列]:从左到右从上到下 [取模方式]:纵向8点下高位 [正负反色]:否 [去掉重复后]共
             -10个字符
  14          [总字符库]："智力光电股份有限公司"*/
  15          
  16          /*-- ID:0,字符:"智",ASCII编码:D6C7,对应字:宽x高=16x16,画布:宽W=16 高H=16,共32字节*/
  17          0x20,0x28,0x27,0xe4,0x3c,0xa4,0x26,0x24,0x20,0xfc,0x84,0x84,0x84,0xfe,0x04,0x00,
  18          0x04,0x02,0x01,0xfc,0x54,0x54,0x57,0x54,0x54,0x55,0x54,0xfe,0x04,0x01,0x00,0x00,
  19          
  20          /*-- ID:1,字符:"力",ASCII编码:C1A6,对应字:宽x高=16x16,画布:宽W=16 高H=16,共32字节*/
  21          0x00,0x10,0x10,0x10,0x10,0x10,0xff,0x10,0x10,0x10,0x10,0x10,0xf8,0x10,0x00,0x00,
  22          0x00,0x80,0x80,0x80,0x60,0x18,0x07,0x00,0x20,0x40,0x80,0x40,0x3f,0x00,0x00,0x00,
  23          
  24          /*-- ID:2,字符:"光",ASCII编码:B9E2,对应字:宽x高=16x16,画布:宽W=16 高H=16,共32字节*/
  25          0x40,0x40,0x42,0x44,0x58,0xc0,0x40,0x7f,0x40,0xc0,0x50,0x48,0x46,0x64,0x40,0x00,
  26          0x00,0x80,0x40,0x20,0x18,0x07,0x00,0x00,0x00,0x3f,0x40,0x40,0x40,0x40,0x70,0x00,
  27          
  28          /*-- ID:3,字符:"电",ASCII编码:B5E7,对应字:宽x高=16x16,画布:宽W=16 高H=16,共32字节*/
  29          0x00,0xf8,0x48,0x48,0x48,0x48,0xff,0x48,0x48,0x48,0x48,0xfc,0x08,0x00,0x00,0x00,
  30          0x00,0x07,0x02,0x02,0x02,0x02,0x3f,0x42,0x42,0x42,0x42,0x47,0x40,0x70,0x00,0x00,
  31          
  32          /*-- ID:4,字符:"股",ASCII编码:B9C9,对应字:宽x高=16x16,画布:宽W=16 高H=16,共32字节*/
  33          0x00,0x00,0xfe,0x22,0x22,0xff,0x42,0xa0,0x9e,0x82,0x82,0x82,0xbf,0xa2,0x20,0x00,
  34          0x80,0x40,0x3f,0x02,0x42,0xff,0x80,0x40,0x43,0x2c,0x18,0x28,0x46,0xc1,0x40,0x00,
  35          
  36          /*-- ID:5,字符:"份",ASCII编码:B7DD,对应字:宽x高=16x16,画布:宽W=16 高H=16,共32字节*/
  37          0x80,0x40,0x20,0xf8,0x87,0x40,0xb0,0x8e,0x80,0x80,0x87,0x98,0x20,0x60,0x20,0x00,
  38          0x00,0x00,0x00,0xff,0x00,0x40,0x30,0x0f,0x40,0x80,0x40,0x3f,0x00,0x00,0x00,0x00,
  39          
  40          /*-- ID:6,字符:"有",ASCII编码:D3D0,对应字:宽x高=16x16,画布:宽W=16 高H=16,共32字节*/
  41          0x04,0x04,0x04,0x84,0xe4,0x3c,0x27,0x24,0x24,0x24,0x24,0xf4,0x24,0x06,0x04,0x00,
  42          0x04,0x02,0x01,0x00,0xff,0x09,0x09,0x09,0x09,0x49,0x89,0x7f,0x00,0x00,0x00,0x00,
  43          
  44          /*-- ID:7,字符:"限",ASCII编码:CFDE,对应字:宽x高=16x16,画布:宽W=16 高H=16,共32字节*/
  45          0x00,0xfe,0x02,0x22,0xda,0x06,0x00,0xfe,0x92,0x92,0x92,0x92,0xff,0x02,0x00,0x00,
  46          0x00,0xff,0x08,0x10,0x08,0x07,0x00,0xff,0x42,0x24,0x08,0x14,0x22,0x61,0x20,0x00,
  47          
  48          /*-- ID:8,字符:"公",ASCII编码:B9AB,对应字:宽x高=16x16,画布:宽W=16 高H=16,共32字节*/
  49          0x00,0x00,0x80,0x40,0x30,0x0c,0x00,0xc0,0x06,0x18,0x20,0x40,0x80,0x80,0x80,0x00,
  50          0x01,0x01,0x00,0x30,0x28,0x24,0x23,0x20,0x20,0x28,0x30,0x60,0x00,0x01,0x00,0x00,
  51          
  52          /*-- ID:9,字符:"司",ASCII编码:CBBE,对应字:宽x高=16x16,画布:宽W=16 高H=16,共32字节*/
  53          0x10,0x10,0x92,0x92,0x92,0x92,0x92,0x92,0xd2,0x9a,0x12,0x02,0xff,0x02,0x00,0x00,
C51 COMPILER V9.60.7.0   PICTURE                                                           06/19/2025 08:59:13 PAGE 2   

  54          0x00,0x00,0x3f,0x10,0x10,0x10,0x10,0x10,0x3f,0x00,0x40,0x80,0x7f,0x00,0x00,0x00,
  55          
  56          
  57          /*-- ID:0,字符:"Ｌ",ASCII编码:A3CC,对应字:宽x高=16x16,画布:宽W=16 高H=16,共32字节*/
  58          0x00,0x00,0x00,0x04,0xfc,0xfc,0x04,0x00,0x00,0x00,0x00,0x00,0x00,0x00,0x00,0x00,
  59          0x00,0x00,0x00,0x20,0x3f,0x3f,0x20,0x20,0x20,0x20,0x20,0x30,0x38,0x00,0x00,0x00,
  60          
  61          /*-- ID:1,字符:"Ｃ",ASCII编码:A3C3,对应字:宽x高=16x16,画布:宽W=16 高H=16,共32字节*/
  62          0x00,0x00,0x00,0xe0,0xf0,0x18,0x0c,0x04,0x04,0x04,0x0c,0x18,0x18,0x00,0x00,0x00,
  63          0x00,0x00,0x00,0x07,0x0f,0x18,0x30,0x20,0x20,0x20,0x30,0x10,0x08,0x00,0x00,0x00,
  64          
  65          /*-- ID:2,字符:"Ｍ",ASCII编码:A3CD,对应字:宽x高=16x16,画布:宽W=16 高H=16,共32字节*/
  66          0x00,0x00,0x04,0xfc,0x1c,0x70,0xe0,0x80,0x00,0x80,0xe0,0x10,0xfc,0xfc,0x04,0x00,
  67          0x00,0x00,0x20,0x3f,0x20,0x00,0x01,0x07,0x1c,0x07,0x00,0x20,0x3f,0x3f,0x20,0x00,
  68          
  69          /*-- ID:3,字符:"１",ASCII编码:A3B1,对应字:宽x高=16x16,画布:宽W=16 高H=16,共32字节*/
  70          0x00,0x00,0x00,0x00,0x00,0x00,0x08,0xf8,0xfc,0x00,0x00,0x00,0x00,0x00,0x00,0x00,
  71          0x00,0x00,0x00,0x00,0x00,0x00,0x20,0x3f,0x3f,0x20,0x00,0x00,0x00,0x00,0x00,0x00,
  72          
  73          /*-- ID:4,字符:"２",ASCII编码:A3B2,对应字:宽x高=16x16,画布:宽W=16 高H=16,共32字节*/
  74          0x00,0x00,0x00,0x00,0x30,0x38,0x0c,0x04,0x04,0x0c,0xf8,0xf0,0x00,0x00,0x00,0x00,
  75          0x00,0x00,0x00,0x00,0x20,0x30,0x38,0x2c,0x26,0x23,0x21,0x38,0x00,0x00,0x00,0x00,
  76          
  77          /*-- ID:5,字符:"８",ASCII编码:A3B8,对应字:宽x高=16x16,画布:宽W=16 高H=16,共32字节*/
  78          0x00,0x00,0x00,0x00,0x30,0x78,0xcc,0x84,0x84,0xcc,0x78,0x30,0x00,0x00,0x00,0x00,
  79          0x00,0x00,0x00,0x00,0x0e,0x1f,0x31,0x20,0x20,0x31,0x1f,0x0e,0x00,0x00,0x00,0x00,
  80          
  81          /*-- ID:6,字符:"６",ASCII编码:A3B6,对应字:宽x高=16x16,画布:宽W=16 高H=16,共32字节*/
  82          0x00,0x00,0x00,0x00,0xf0,0xf8,0x8c,0x44,0x44,0xcc,0x98,0x10,0x00,0x00,0x00,0x00,
  83          0x00,0x00,0x00,0x00,0x0f,0x1f,0x30,0x20,0x20,0x30,0x1f,0x0f,0x00,0x00,0x00,0x00,
  84          
  85          /*-- ID:7,字符:"４",ASCII编码:A3B4,对应字:宽x高=16x16,画布:宽W=16 高H=16,共32字节*/
  86          0x00,0x00,0x00,0x00,0x80,0xc0,0x70,0x18,0xfc,0xfe,0x00,0x00,0x00,0x00,0x00,0x00,
  87          0x00,0x00,0x00,0x06,0x07,0x05,0x04,0x24,0x3f,0x3f,0x24,0x04,0x00,0x00,0x00,0x00,
  88          
  89          /*-- ID:8,字符:"Ａ",ASCII编码:A3C1,对应字:宽x高=16x16,画布:宽W=16 高H=16,共32字节*/
  90          0x00,0x00,0x00,0x00,0x00,0x80,0x60,0x18,0x0c,0x78,0xe0,0x80,0x00,0x00,0x00,0x00,
  91          0x00,0x00,0x00,0x20,0x3c,0x27,0x02,0x02,0x02,0x02,0x27,0x3f,0x3c,0x20,0x00,0x00
  92          
  93          
  94          
  95          };
  96          
  97          
  98          unsigned char code BMP0[]={
  99          /*-[数据排列]:从左到右从上到下 [取模方式]:纵向8点下高位 [正负反色]:否
 100          图像尺寸:128x64 画布尺寸:128x64，共1024个字节-*/
 101          0x3f,0x3f,0x03,0x03,0x03,0x03,0x00,0x00,0x00,0x00,0x00,0x00,0x00,0x00,0x00,0x00,
 102          0x00,0x00,0x00,0x00,0x00,0x00,0x00,0x00,0x00,0x00,0x00,0x00,0x00,0x00,0x00,0x00,
 103          0x00,0x00,0x00,0x00,0x00,0x00,0x00,0x00,0x00,0x00,0x00,0x00,0x00,0x00,0x00,0x00,
 104          0x00,0x00,0x00,0x00,0x00,0x00,0x00,0x00,0x00,0x00,0x00,0x00,0x00,0x00,0x00,0x00,
 105          0x00,0x00,0x00,0x00,0x00,0x00,0x00,0x00,0x00,0x00,0x00,0x00,0x00,0x00,0x00,0x00,
 106          0x00,0x00,0x00,0x00,0x00,0x00,0x00,0x00,0x00,0x00,0x00,0x00,0x00,0x00,0x00,0x00,
 107          0x00,0x00,0x00,0x00,0x00,0x00,0x00,0x00,0x00,0x00,0x00,0x00,0x00,0x00,0x00,0x00,
 108          0x00,0x00,0x00,0x00,0x00,0x00,0x00,0x00,0x00,0x00,0x03,0x03,0x03,0x03,0x3f,0x3f,
 109          0x00,0x00,0x00,0x00,0x00,0x00,0x00,0x00,0x00,0x00,0x00,0x00,0x00,0x00,0x00,0x00,
 110          0x00,0x00,0x00,0x00,0x00,0x00,0x00,0x00,0x00,0x00,0x00,0x00,0x00,0x00,0x00,0x00,
 111          0x00,0x00,0x00,0x00,0x00,0x00,0x00,0x00,0x00,0x00,0x00,0x00,0x00,0x00,0x00,0x00,
 112          0x00,0x00,0x00,0x00,0x00,0x00,0x00,0x00,0x00,0x00,0x00,0x00,0x00,0x00,0x00,0x00,
 113          0x00,0x00,0x00,0x00,0x00,0x00,0x00,0x00,0x00,0x00,0x00,0x00,0x00,0x00,0x00,0x00,
 114          0x00,0x00,0x00,0x00,0x00,0x00,0x00,0x00,0x00,0x00,0x00,0x00,0x00,0x00,0x00,0x00,
 115          0x00,0x00,0x00,0x00,0x00,0x00,0x00,0x00,0x00,0x00,0x00,0x00,0x00,0x00,0x00,0x00,
C51 COMPILER V9.60.7.0   PICTURE                                                           06/19/2025 08:59:13 PAGE 3   

 116          0x00,0x00,0x00,0x00,0x00,0x00,0x00,0x00,0x00,0x00,0x00,0x00,0x00,0x00,0x00,0x00,
 117          0x00,0x00,0x00,0x00,0x00,0x00,0x00,0x00,0x00,0x00,0x00,0x00,0x00,0x00,0x00,0x00,
 118          0x00,0x00,0x00,0x00,0x00,0x00,0x00,0x00,0x00,0x00,0x00,0x00,0x00,0x00,0x00,0x00,
 119          0x00,0x00,0x00,0x00,0x00,0x00,0x00,0x00,0x00,0x00,0x00,0x00,0x00,0x00,0x00,0x00,
 120          0x00,0x00,0x00,0x00,0x00,0x00,0x00,0x00,0x00,0x00,0x00,0x00,0x00,0x00,0x00,0x00,
 121          0x00,0x00,0x00,0x00,0x00,0x00,0x00,0x00,0x00,0x00,0x00,0x00,0x00,0x00,0x00,0x00,
 122          0x00,0x00,0x00,0x00,0x00,0x00,0x00,0x00,0x00,0x00,0x00,0x00,0x00,0x00,0x00,0x00,
 123          0x00,0x00,0x00,0x00,0x00,0x00,0x00,0x00,0x00,0x00,0x00,0x00,0x00,0x00,0x00,0x00,
 124          0x00,0x00,0x00,0x00,0x00,0x00,0x00,0x00,0x00,0x00,0x00,0x00,0x00,0x00,0x00,0x00,
 125          0x00,0x00,0x00,0x00,0x00,0x00,0x00,0x00,0x00,0x00,0x00,0x00,0x00,0x00,0x00,0x00,
 126          0x00,0x00,0x00,0x00,0x00,0x00,0x00,0x00,0x00,0x00,0x00,0x00,0x00,0x00,0x00,0x00,
 127          0x00,0x00,0x00,0x00,0x00,0x00,0x00,0x00,0x00,0x00,0x00,0x00,0x00,0x00,0x00,0x00,
 128          0x00,0x00,0x00,0x00,0x00,0x00,0x00,0x00,0x00,0x00,0x00,0x00,0x00,0x00,0x00,0x00,
 129          0x00,0x00,0x00,0x00,0x00,0x00,0x00,0x00,0x00,0x00,0x00,0x00,0x00,0x00,0x00,0x00,
 130          0x00,0x00,0x00,0x00,0x00,0x00,0x00,0x00,0x00,0x00,0x00,0x00,0x00,0x00,0x00,0x00,
 131          0x00,0x00,0x00,0x00,0x00,0x00,0x00,0x00,0x00,0x00,0x00,0x00,0x00,0x00,0x00,0x00,
 132          0x00,0x00,0x00,0x00,0x00,0x00,0x00,0x00,0x00,0x00,0x00,0x00,0x00,0x00,0x00,0x00,
 133          0x00,0x00,0x00,0x00,0x00,0x00,0x00,0x00,0x00,0x00,0x00,0x00,0x00,0x00,0x00,0x00,
 134          0x00,0x00,0x00,0x00,0x00,0x00,0x00,0x00,0x00,0x00,0x00,0x00,0x00,0x00,0x00,0x00,
 135          0x00,0x00,0x00,0x00,0x00,0x00,0x00,0x00,0x00,0x00,0x00,0x00,0x00,0x00,0x00,0x00,
 136          0x00,0x00,0x00,0x00,0x00,0x00,0x00,0x00,0x00,0x00,0x00,0x00,0x00,0x00,0x00,0x00,
 137          0x00,0x00,0x00,0x00,0x00,0x00,0x00,0x00,0x00,0x00,0x00,0x00,0x00,0x00,0x00,0x00,
 138          0x00,0x00,0x00,0x00,0x00,0x00,0x00,0x00,0x00,0x00,0x00,0x00,0x00,0x00,0x00,0x00,
 139          0x00,0x00,0x00,0x00,0x00,0x00,0x00,0x00,0x00,0x00,0x00,0x00,0x00,0x00,0x00,0x00,
 140          0x00,0x00,0x00,0x00,0x00,0x00,0x00,0x00,0x00,0x00,0x00,0x00,0x00,0x00,0x00,0x00,
 141          0x00,0x00,0x00,0x00,0x00,0x00,0x00,0x00,0x00,0x00,0x00,0x00,0x00,0x00,0x00,0x00,
 142          0x00,0x00,0x00,0x00,0x00,0x00,0x00,0x00,0x00,0x00,0x00,0x00,0x00,0x00,0x00,0x00,
 143          0x00,0x00,0x00,0x00,0x00,0x00,0x00,0x00,0x00,0x00,0x00,0x00,0x00,0x00,0x00,0x00,
 144          0x00,0x00,0x00,0x00,0x00,0x00,0x00,0x00,0x00,0x00,0x00,0x00,0x00,0x00,0x00,0x00,
 145          0x00,0x00,0x00,0x00,0x00,0x00,0x00,0x00,0x00,0x00,0x00,0x00,0x00,0x00,0x00,0x00,
 146          0x00,0x00,0x00,0x00,0x00,0x00,0x00,0x00,0x00,0x00,0x00,0x00,0x00,0x00,0x00,0x00,
 147          0x00,0x00,0x00,0x00,0x00,0x00,0x00,0x00,0x00,0x00,0x00,0x00,0x00,0x00,0x00,0x00,
 148          0x00,0x00,0x00,0x00,0x00,0x00,0x00,0x00,0x00,0x00,0x00,0x00,0x00,0x00,0x00,0x00,
 149          0x00,0x00,0x00,0x00,0x00,0x00,0x00,0x00,0x00,0x00,0x00,0x00,0x00,0x00,0x00,0x00,
 150          0x00,0x00,0x00,0x00,0x00,0x00,0x00,0x00,0x00,0x00,0x00,0x00,0x00,0x00,0x00,0x00,
 151          0x00,0x00,0x00,0x00,0x00,0x00,0x00,0x00,0x00,0x00,0x00,0x00,0x00,0x00,0x00,0x00,
 152          0x00,0x00,0x00,0x00,0x00,0x00,0x00,0x00,0x00,0x00,0x00,0x00,0x00,0x00,0x00,0x00,
 153          0x00,0x00,0x00,0x00,0x00,0x00,0x00,0x00,0x00,0x00,0x00,0x00,0x00,0x00,0x00,0x00,
 154          0x00,0x00,0x00,0x00,0x00,0x00,0x00,0x00,0x00,0x00,0x00,0x00,0x00,0x00,0x00,0x00,
 155          0x00,0x00,0x00,0x00,0x00,0x00,0x00,0x00,0x00,0x00,0x00,0x00,0x00,0x00,0x00,0x00,
 156          0x00,0x00,0x00,0x00,0x00,0x00,0x00,0x00,0x00,0x00,0x00,0x00,0x00,0x00,0x00,0x00,
 157          0xfc,0xfc,0xc0,0xc0,0xc0,0xc0,0x00,0x00,0x00,0x00,0x00,0x00,0x00,0x00,0x00,0x00,
 158          0x00,0x00,0x00,0x00,0x00,0x00,0x00,0x00,0x00,0x00,0x00,0x00,0x00,0x00,0x00,0x00,
 159          0x00,0x00,0x00,0x00,0x00,0x00,0x00,0x00,0x00,0x00,0x00,0x00,0x00,0x00,0x00,0x00,
 160          0x00,0x00,0x00,0x00,0x00,0x00,0x00,0x00,0x00,0x00,0x00,0x00,0x00,0x00,0x00,0x00,
 161          0x00,0x00,0x00,0x00,0x00,0x00,0x00,0x00,0x00,0x00,0x00,0x00,0x00,0x00,0x00,0x00,
 162          0x00,0x00,0x00,0x00,0x00,0x00,0x00,0x00,0x00,0x00,0x00,0x00,0x00,0x00,0x00,0x00,
 163          0x00,0x00,0x00,0x00,0x00,0x00,0x00,0x00,0x00,0x00,0x00,0x00,0x00,0x00,0x00,0x00,
 164          0x00,0x00,0x00,0x00,0x00,0x00,0x00,0x00,0x00,0x00,0xc0,0xc0,0xc0,0xc0,0xfc,0xfc
 165          
 166          };
 167           
 168          unsigned char code BMP1[]={    
 169          /*--  LxH=128x64  --*/
 170          0xFF,0x01,0x01,0x01,0x01,0x01,0x01,0xC1,0xF1,0xFD,0xFD,0x81,0x01,0x01,0x01,0x01,
 171          0x01,0x01,0x01,0x01,0xC1,0xE1,0xF1,0xF9,0xF9,0xFD,0xFD,0xF9,0xF9,0x61,0xF1,0x51,
 172          0x01,0x09,0x0D,0x0D,0x05,0x09,0x09,0x09,0x09,0x09,0x09,0x99,0xB9,0xC1,0x01,0x01,
 173          0x01,0x81,0x81,0xC1,0xC1,0x81,0x01,0x01,0x01,0x01,0x01,0x01,0x01,0x01,0x01,0x01,
 174          0xFF,0x01,0x01,0x01,0x01,0x01,0x01,0x01,0x01,0x01,0x01,0x01,0x01,0x01,0x01,0x01,
 175          0x01,0x01,0x01,0x01,0x01,0x01,0x01,0x01,0x01,0x01,0x01,0x01,0xE1,0xF1,0xF1,0xF1,
 176          0xE1,0xC1,0x01,0x01,0x01,0x01,0x01,0x01,0x01,0x01,0xF1,0x01,0x01,0x01,0x01,0x01,
 177          0x01,0x01,0x01,0x01,0x01,0x01,0x01,0x01,0x01,0x01,0x01,0x01,0x01,0x01,0x01,0xFF,
C51 COMPILER V9.60.7.0   PICTURE                                                           06/19/2025 08:59:13 PAGE 4   

 178          0xFF,0x00,0x30,0x30,0x78,0x7C,0x7F,0x71,0x66,0x60,0x71,0x7F,0x7C,0x80,0x00,0x00,
 179          0x00,0x00,0x00,0x00,0x07,0x8F,0x7F,0x1F,0x1F,0x3F,0x7F,0xFE,0xFE,0xFA,0xF3,0xF6,
 180          0xF6,0xC4,0x48,0x18,0x18,0x78,0xF8,0xF8,0xF8,0xFC,0xF4,0xF4,0xEF,0xE8,0x99,0x71,
 181          0x06,0x1F,0xFF,0xFF,0xFF,0xFF,0x7F,0x3E,0x00,0x00,0x00,0x00,0x00,0x00,0x00,0x00,
 182          0xFF,0x00,0x00,0x00,0x00,0x00,0x00,0x00,0x00,0x00,0x00,0x00,0xE0,0xFC,0xFE,0xFE,
 183          0xFC,0x78,0x20,0x20,0x10,0x10,0x08,0x08,0x08,0x0C,0x04,0x04,0x07,0x07,0x0F,0x0F,
 184          0x0F,0x0F,0x1F,0x10,0x10,0x20,0x20,0x40,0xC0,0x80,0xFF,0x00,0x00,0x00,0x00,0x00,
 185          0x00,0x00,0x00,0x00,0x00,0x00,0x00,0x00,0x00,0x00,0x00,0x00,0x00,0x00,0x00,0xFF,
 186          0xFF,0x00,0x00,0x00,0x00,0x00,0x00,0x00,0x00,0x00,0x00,0x00,0xC0,0x23,0x7C,0x48,
 187          0x48,0x88,0x78,0x30,0x0C,0xE3,0xF0,0xF8,0xFC,0x1E,0x4E,0x4E,0x6F,0xDF,0x7D,0x31,
 188          0x01,0x00,0x00,0x00,0xC0,0xB0,0x98,0x99,0x39,0xF9,0xF9,0xF9,0xF1,0xE1,0xC0,0x00,
 189          0x00,0x00,0x00,0xFF,0x00,0x00,0x00,0x00,0x00,0x00,0x00,0x00,0x00,0x00,0x00,0x00,
 190          0xFF,0x00,0x00,0x00,0x00,0x00,0x00,0x00,0x00,0x00,0xC0,0x70,0x08,0x07,0x03,0x01,
 191          0x00,0x80,0x80,0x84,0x84,0x00,0x08,0x00,0x00,0x00,0x02,0x01,0xC0,0xF0,0xF8,0xFC,
 192          0xFE,0xFE,0xFF,0xFF,0xFF,0xFF,0xFF,0xFF,0xFF,0xFF,0xFF,0x7E,0x7C,0x7C,0x30,0x60,
 193          0xC0,0x00,0x00,0x00,0x00,0x00,0x00,0x00,0x00,0x00,0x00,0x00,0x00,0x00,0x00,0xFF,
 194          0xFF,0x00,0x00,0x00,0x00,0x00,0x00,0x00,0x00,0x00,0x00,0x00,0x07,0x08,0x18,0x10,
 195          0x10,0x3F,0xF8,0x60,0xC0,0x83,0x07,0x0F,0x0F,0x0E,0x0C,0x04,0x0E,0x8C,0x88,0x00,
 196          0x80,0x00,0x00,0x00,0x00,0x04,0x0C,0x1D,0x1D,0x3F,0x3F,0x3F,0x3F,0x1F,0x0F,0x00,
 197          0x00,0x80,0xE0,0x3F,0x00,0x00,0x00,0x00,0x00,0x00,0x00,0x00,0x00,0x00,0x00,0x00,
 198          0xFF,0x00,0x00,0x00,0x00,0x00,0x00,0x00,0xE0,0xFE,0xF1,0xFC,0xFC,0xFE,0xFF,0xFF,
 199          0xFF,0xFF,0xFF,0xFF,0xFF,0xFF,0xFF,0x7E,0x7E,0x7C,0x38,0x20,0x1F,0x3F,0xFF,0xFF,
 200          0xCF,0xC7,0xE7,0xE3,0xF3,0xF3,0xF1,0xF9,0xF9,0xFC,0xFC,0xFC,0xFE,0x7E,0x3F,0x00,
 201          0x01,0x1F,0xF0,0x00,0x00,0x00,0x00,0x00,0x00,0x00,0x00,0x00,0x00,0x00,0x00,0xFF,
 202          0xFF,0x00,0x00,0x00,0x00,0x00,0x00,0x00,0x00,0x00,0x00,0x00,0x00,0x00,0x00,0x00,
 203          0x00,0x00,0x01,0x03,0x1C,0x71,0x83,0x02,0xE4,0xFC,0x78,0x39,0x11,0x10,0x10,0x10,
 204          0x20,0x20,0x20,0x20,0x20,0xE0,0xE0,0xE0,0x70,0x30,0x30,0x78,0xF8,0xFC,0xE4,0x02,
 205          0x01,0x01,0x00,0x00,0x00,0x00,0x00,0x00,0x00,0x00,0x00,0x00,0x00,0x00,0x00,0x00,
 206          0xFF,0x00,0x00,0x00,0x00,0x00,0x00,0x00,0x3F,0xCF,0x3F,0xFF,0xFF,0xC7,0xE7,0xE3,
 207          0xF3,0xF3,0xF1,0xF9,0xF8,0xFC,0xFC,0xFC,0xFE,0xFE,0x7F,0x1F,0x03,0x00,0x00,0x01,
 208          0x03,0x03,0x07,0x07,0x07,0x07,0x07,0x07,0x07,0x07,0x03,0x01,0x01,0x80,0x40,0x20,
 209          0x18,0x0F,0x01,0x00,0x00,0x00,0x00,0x00,0x00,0x00,0x00,0x00,0x00,0x00,0x00,0xFF,
 210          0xFF,0x00,0x00,0x00,0x00,0x00,0x00,0x00,0x00,0x00,0x00,0x00,0x00,0x00,0x00,0x00,
 211          0x00,0x00,0x00,0x00,0x00,0x00,0xF1,0x1F,0x01,0x00,0x00,0x00,0x00,0x00,0x00,0x00,
 212          0x00,0x00,0x00,0x00,0x00,0x01,0x03,0x01,0x04,0x10,0x60,0x00,0x00,0x03,0x07,0x18,
 213          0xE0,0x00,0x00,0x00,0x00,0x00,0x00,0x00,0x00,0x00,0x00,0x00,0x00,0x00,0x00,0x00,
 214          0xFF,0x00,0x00,0x00,0x00,0x00,0x00,0x00,0x00,0x01,0x06,0x08,0x11,0x31,0x23,0x43,
 215          0x47,0xC7,0x87,0x87,0x87,0x83,0x03,0x03,0x01,0x00,0x00,0x04,0x04,0x84,0xA0,0x80,
 216          0x80,0xC0,0xC0,0x20,0x20,0x10,0x10,0x08,0x08,0x04,0xFE,0xC2,0xC1,0xE0,0xF0,0x70,
 217          0x00,0x00,0x00,0x00,0x00,0x00,0x00,0x00,0x00,0x00,0x00,0x00,0x00,0x00,0x00,0xFF,
 218          0xFF,0x00,0x00,0x00,0x00,0x00,0x00,0x00,0x00,0x00,0x00,0x00,0x00,0x00,0x00,0x00,
 219          0x00,0x00,0x00,0x00,0x00,0x00,0xFF,0x80,0x00,0x00,0x00,0x00,0x00,0x00,0x00,0x00,
 220          0x00,0x00,0x00,0x00,0x00,0x00,0xE0,0xE0,0x80,0x80,0x83,0x0E,0x0E,0x8C,0x84,0x00,
 221          0x00,0x80,0x80,0x80,0x80,0x00,0x00,0x00,0x80,0x80,0x00,0x80,0x80,0x80,0xE0,0xE0,
 222          0x0F,0xA0,0xA0,0x00,0x00,0x80,0x80,0x80,0x80,0x00,0x00,0x80,0x80,0x80,0x80,0x80,
 223          0x00,0x00,0xE0,0xE0,0x00,0x01,0x81,0x81,0x81,0x07,0x87,0x83,0x03,0x07,0x07,0x87,
 224          0x87,0x07,0x07,0x07,0x07,0x87,0x87,0x87,0x07,0x07,0x07,0x87,0x87,0x83,0x81,0x00,
 225          0x00,0x80,0x80,0x80,0x80,0x80,0x80,0x80,0x80,0x80,0x00,0x00,0x00,0x00,0x00,0xFF,
 226          0xFF,0x80,0x80,0x80,0x80,0x80,0x80,0x80,0x80,0x80,0x80,0x80,0x80,0x80,0x80,0x80,
 227          0x80,0x80,0x80,0x80,0x80,0x80,0x80,0x87,0x90,0xA0,0xA0,0xC0,0xC1,0xC2,0xC2,0xA6,
 228          0xB6,0xA2,0xC0,0xC0,0xC0,0x80,0x9F,0x9F,0x90,0x90,0x9F,0x8F,0x80,0x8F,0x9F,0x90,
 229          0x90,0x9F,0x9F,0xC0,0xC7,0xFF,0xB8,0x9F,0x87,0x80,0x8F,0x9F,0x90,0x90,0x9F,0x9F,
 230          0x80,0x9F,0x9F,0x80,0x8B,0x9B,0x96,0x96,0x9D,0x8D,0x80,0xFF,0xFF,0x90,0x90,0x9F,
 231          0x8F,0x80,0x9F,0x9F,0x80,0x8D,0x9E,0x92,0x9F,0x9F,0xC0,0xC7,0xFF,0xB8,0x9F,0x87,
 232          0x80,0x98,0x98,0x80,0x8F,0x9F,0x90,0x99,0x89,0x80,0x8F,0x9F,0x90,0x90,0x9F,0x8F,
 233          0x80,0x9F,0x9F,0x80,0x80,0x9F,0x9F,0x80,0x80,0x9F,0x9F,0x80,0x80,0x80,0x80,0xFF,
 234          
 235          };   
 236          
 237          unsigned char code BMP2[]={    
 238          /*--  LxH=128x64  --*/
 239          0xFF,0x01,0x01,0x01,0x01,0x01,0x01,0x01,0x01,0x01,0x01,0x01,0x01,0x01,0x01,0x01,
C51 COMPILER V9.60.7.0   PICTURE                                                           06/19/2025 08:59:13 PAGE 5   

 240          0x01,0x01,0x01,0x01,0x01,0x81,0xC1,0xF1,0xF9,0xFD,0xF1,0x01,0x81,0xC1,0x81,0x81,
 241          0x81,0x81,0x01,0x01,0x01,0x01,0x01,0x01,0x01,0x01,0x01,0x01,0x01,0x01,0x01,0x01,
 242          0x01,0x01,0x01,0x01,0x01,0x01,0x01,0x01,0x01,0x01,0x01,0x01,0x01,0x01,0x01,0x01,
 243          0x01,0x01,0x01,0x01,0x01,0x01,0x01,0x01,0x01,0x01,0x81,0xF1,0xF9,0xFF,0xFD,0xC1,
 244          0x01,0x01,0x01,0x01,0x01,0x01,0x01,0x01,0xC1,0xE1,0xF1,0xF9,0xF9,0xFD,0xFD,0xF9,
 245          0xF1,0xE1,0xE1,0xB1,0x11,0x19,0x1D,0x1D,0x0D,0x09,0x19,0x19,0x19,0x09,0x09,0x39,
 246          0xF9,0xD9,0x81,0x01,0x01,0x01,0x01,0x81,0x81,0x81,0x81,0x01,0x01,0x01,0x01,0xFF,
 247          0xFF,0x00,0x00,0x00,0x00,0x00,0x00,0x00,0x00,0x00,0x00,0x00,0x00,0x00,0x00,0x00,
 248          0x00,0x00,0x00,0x00,0x03,0x3F,0xFF,0xFF,0xFF,0xFF,0xFF,0xE0,0x01,0xFF,0xFF,0xFF,
 249          0x03,0x03,0x07,0x07,0x07,0x0F,0x0F,0x0E,0x1E,0x1E,0x1E,0x3C,0x3C,0x3C,0x7C,0x78,
 250          0x78,0xF8,0xF8,0xF8,0xF0,0xF0,0xF0,0x00,0x00,0x00,0x00,0x00,0x00,0x00,0x00,0x00,
 251          0x00,0x00,0x00,0x00,0x00,0x60,0x60,0x70,0x78,0x7E,0x7B,0x6F,0x4D,0x7B,0x73,0xFF,
 252          0xF0,0x00,0x00,0x00,0x00,0x00,0x00,0x07,0x1F,0x3F,0xFF,0x3F,0x1F,0xFF,0xFF,0xFF,
 253          0xFF,0xF7,0xF7,0xF6,0xEC,0xDC,0xF8,0x30,0x30,0xF0,0xF8,0xF8,0xF8,0xF8,0xE8,0xEC,
 254          0xEF,0xFB,0xFB,0xF3,0x0E,0x3F,0x7F,0xFF,0xFF,0xFF,0xFF,0xFF,0x3C,0x00,0x00,0xFF,
 255          0xFF,0x00,0x00,0x00,0x00,0x00,0x00,0x00,0x0C,0x3C,0xF8,0xF8,0xF8,0xF0,0xF0,0xF0,
 256          0xE0,0xE0,0xC0,0xC0,0xC0,0x80,0x81,0x0F,0xFF,0xFF,0xFF,0xFF,0x80,0x00,0x7F,0xFF,
 257          0xFC,0x00,0x00,0x00,0x00,0x00,0x00,0x00,0x00,0x00,0x00,0x00,0x00,0x00,0x00,0x00,
 258          0x00,0x00,0xF8,0xFF,0xFF,0x1F,0x00,0x00,0x00,0x00,0x00,0x00,0x00,0x00,0x00,0x00,
 259          0x00,0x00,0x00,0x00,0x00,0x00,0x00,0x00,0x00,0x00,0x00,0x00,0x00,0x00,0x00,0x80,
 260          0xC3,0x7F,0xF8,0xD0,0x90,0x90,0xF0,0x78,0xDE,0xE3,0xF0,0xF8,0xF8,0xFC,0xBC,0xDF,
 261          0x5F,0xFF,0xFF,0x7B,0x01,0x01,0x00,0x00,0xC0,0xF0,0xF1,0x7B,0x7B,0xFB,0xF7,0xF7,
 262          0xE3,0xE3,0xC3,0x01,0x00,0x00,0x00,0xFF,0xF9,0x01,0x01,0x00,0x00,0x00,0x00,0xFF,
 263          0xFF,0x00,0x00,0x00,0x00,0x00,0x00,0x00,0x00,0x00,0x00,0x07,0x1F,0x7F,0xF8,0xC1,
 264          0x01,0x01,0x03,0x03,0x03,0x07,0x07,0x07,0x00,0x07,0x3F,0xFF,0xFF,0x00,0x00,0x3F,
 265          0xFF,0xF0,0x00,0x00,0x00,0x00,0x00,0x00,0x00,0x00,0x00,0x00,0x00,0x00,0x00,0x00,
 266          0xC0,0xFF,0xFF,0x1F,0x01,0x00,0x00,0x00,0x00,0x00,0x00,0x00,0x00,0x00,0x00,0x00,
 267          0x00,0x00,0x00,0x00,0x00,0x00,0x00,0x00,0x00,0x00,0x00,0x00,0x00,0x00,0x00,0x07,
 268          0x1C,0x38,0x30,0x23,0x77,0xFF,0xFF,0xC0,0x87,0x0F,0x1F,0x1F,0x1F,0x1F,0x1D,0x0C,
 269          0x1E,0x39,0x19,0x00,0x00,0x00,0x00,0x00,0x03,0x19,0x19,0x3B,0x38,0x7F,0x7F,0x7F,
 270          0x3F,0x3F,0x1F,0x02,0x00,0x80,0xC0,0xFF,0x3E,0x00,0x00,0x00,0x00,0x00,0x00,0xFF,
 271          0xFF,0x00,0x00,0x00,0x00,0x80,0x80,0x80,0x80,0x80,0x80,0x00,0x00,0x00,0x01,0x07,
 272          0x1E,0x00,0x00,0x00,0x00,0x00,0x00,0x00,0x00,0x00,0x00,0x03,0x1F,0x3F,0x80,0x00,
 273          0x0F,0x0F,0x8E,0x8E,0x8E,0x8E,0x8E,0x8E,0x0E,0x0E,0x0E,0x0E,0x8E,0x8E,0x0E,0x0E,
 274          0x0F,0x0F,0x01,0x00,0x00,0x00,0x00,0x00,0x80,0x80,0x00,0x00,0x00,0x00,0x00,0x00,
 275          0x00,0x00,0x00,0x00,0x00,0x00,0x00,0x00,0x00,0x00,0x00,0x00,0x00,0x00,0x00,0x00,
 276          0x00,0x00,0x00,0x00,0x00,0x00,0x07,0x1E,0x79,0xE3,0x86,0x0C,0xC8,0xF8,0xF1,0x73,
 277          0x23,0x23,0x23,0x63,0x61,0x60,0x40,0x40,0x40,0x60,0xE0,0xE0,0xE0,0x60,0xE0,0xF0,
 278          0xF0,0xF8,0xCC,0x0C,0x06,0x03,0x01,0x00,0x00,0x00,0x00,0x00,0x00,0x00,0x00,0xFF,
 279          0xFF,0x00,0x00,0x00,0x00,0xFF,0xFF,0x88,0x88,0x88,0x88,0x00,0x00,0x64,0xF2,0x9A,
 280          0x8A,0xFE,0xFC,0x00,0x00,0x4C,0xDE,0x9A,0xB2,0xF6,0x64,0x00,0x02,0x7F,0xFF,0x82,
 281          0x00,0x00,0xFF,0xFF,0x08,0x08,0x18,0x7F,0xE7,0x80,0x00,0x00,0xFE,0xFE,0x00,0x00,
 282          0x4C,0xDE,0x9A,0xB2,0xF6,0x64,0x00,0x00,0xFE,0xFE,0x00,0x00,0xFE,0xFE,0x04,0x02,
 283          0xFE,0xFC,0x00,0x00,0x7C,0xFE,0x82,0x44,0xFE,0xFE,0x00,0x00,0x00,0x00,0x00,0x00,
 284          0x00,0x00,0x00,0x00,0x00,0x00,0x00,0x00,0x00,0x00,0xFB,0x3F,0x03,0x00,0x00,0x00,
 285          0x00,0x00,0x00,0x00,0x00,0x00,0x00,0x00,0x00,0x00,0x07,0x07,0x0C,0x38,0xE0,0x40,
 286          0x01,0x03,0x0F,0x38,0xF0,0x40,0x00,0x00,0x00,0x00,0x00,0x00,0x00,0x00,0x00,0xFF,
 287          0xFF,0x00,0x0C,0xEC,0x8C,0x8C,0x8C,0x0C,0x0C,0x8C,0x0C,0x0C,0x0C,0x8C,0x0C,0x8C,
 288          0x0C,0x0C,0x0C,0x8C,0x0C,0x0C,0x8C,0x8C,0x8C,0xEC,0x0C,0xAC,0x0C,0x0C,0x0C,0x8C,
 289          0x8C,0x8C,0x0C,0x8C,0x8C,0x8C,0x8C,0x0C,0x0C,0xEC,0x0C,0x0C,0x8C,0x8C,0x8C,0x0C,
 290          0x0C,0x8C,0x0C,0x0C,0x0C,0x8C,0x0C,0x0C,0x0C,0x0C,0x8C,0x8C,0x0C,0x0C,0x0C,0x8C,
 291          0x8C,0x8C,0x0C,0x0C,0x8D,0x8E,0x8E,0x0E,0x8F,0x8D,0x0C,0x0C,0x00,0x00,0x00,0x00,
 292          0x00,0x00,0x00,0x00,0x00,0x00,0x00,0x00,0x00,0x00,0xFF,0xC0,0x00,0x00,0x00,0x00,
 293          0x00,0x00,0x00,0x00,0x00,0x00,0x00,0x00,0x00,0x00,0x00,0x00,0x00,0x00,0xC3,0xFE,
 294          0x3E,0x1C,0x0C,0x06,0x03,0x00,0x00,0x00,0x00,0x00,0x00,0x00,0x00,0x00,0x00,0xFF,
 295          0xFF,0x80,0x80,0x8F,0x88,0x88,0x88,0x87,0x80,0x87,0x88,0x88,0x88,0x8F,0x80,0xA0,
 296          0xA7,0x98,0x87,0x80,0x80,0x87,0x88,0x88,0x88,0x8F,0x80,0x8F,0x80,0x80,0x89,0x8A,
 297          0x8A,0x84,0x80,0xBF,0x88,0x88,0x88,0x87,0x80,0x8F,0x80,0x80,0x84,0x8A,0x8A,0x8F,
 298          0x80,0xA0,0xA7,0x98,0x87,0x80,0x80,0x88,0x80,0x87,0x88,0x88,0x85,0x80,0x87,0x88,
 299          0x88,0x88,0x87,0x80,0x8F,0x80,0x80,0x8F,0x80,0x80,0x8F,0x80,0x80,0x80,0x80,0x80,
 300          0x80,0x80,0x80,0x80,0x80,0x80,0x80,0x80,0x80,0x80,0x81,0x9F,0xB8,0xE0,0xC0,0xC0,
 301          0xC2,0xC2,0xC6,0xE6,0xFE,0xC6,0xC0,0xC0,0x80,0x80,0xC0,0xC0,0xE0,0xFC,0x9F,0x80,
C51 COMPILER V9.60.7.0   PICTURE                                                           06/19/2025 08:59:13 PAGE 6   

 302          0x80,0x80,0x80,0x80,0x80,0x80,0x80,0x80,0x80,0x80,0x80,0x80,0x80,0x80,0x80,0xFF,
 303          
 304          }; 
 305             
 306          unsigned char code BMP3[]={  
 307          /*-- LxH=128x64  --*/
 308          0x00,0x00,0x00,0x00,0x00,0xC0,0x00,0xE0,0x00,0xF0,0x00,0xFC,0x00,0x00,0x00,0x00,
 309          0x04,0x06,0x12,0x12,0xFE,0xEC,0x00,0xF8,0xFC,0x06,0x02,0x22,0xE6,0xE4,0x00,0x00,
 310          0x00,0x00,0x00,0x00,0x00,0x00,0xF0,0x90,0x9C,0x04,0xF4,0x04,0xF4,0xF4,0x04,0xF4,
 311          0xF4,0x04,0x04,0xFC,0x00,0x00,0x00,0x00,0x00,0x00,0x00,0x00,0x00,0x00,0x00,0x00,
 312          0x00,0x00,0x00,0x00,0x00,0x00,0x00,0x00,0x00,0x00,0x00,0x00,0x00,0x00,0x00,0x00,
 313          0x00,0x00,0x00,0x00,0x00,0x00,0x00,0x00,0x00,0x00,0x00,0x00,0x00,0x00,0x00,0x00,
 314          0x00,0x00,0x00,0x00,0x00,0x00,0x00,0x00,0x00,0x00,0x00,0x00,0x00,0x00,0x00,0x00,
 315          0x00,0x00,0x00,0x00,0x00,0x00,0x00,0x00,0x00,0x00,0x00,0x00,0x00,0x00,0x00,0x00,
 316          0x00,0x00,0x00,0x03,0x00,0x03,0x00,0x03,0x00,0x03,0x00,0x03,0x00,0x00,0x00,0x00,
 317          0x01,0x03,0x02,0x02,0x03,0x01,0x00,0x00,0x01,0x03,0x02,0x02,0x03,0x01,0x00,0x00,
 318          0x00,0x00,0x00,0x00,0x00,0x00,0x00,0x00,0x03,0x02,0x02,0x02,0x02,0x02,0x02,0x02,
 319          0x02,0x02,0x02,0x03,0x00,0x00,0x00,0x00,0x00,0x00,0x00,0x00,0x00,0x00,0x00,0x00,
 320          0x00,0x00,0x00,0x00,0x00,0x00,0x00,0x00,0x00,0x00,0x00,0x00,0x00,0x00,0x00,0x00,
 321          0x00,0x00,0x00,0x00,0x00,0x00,0x00,0x00,0x00,0x00,0x00,0x00,0x00,0x00,0x00,0x00,
 322          0x00,0x00,0x00,0x00,0x00,0x00,0x00,0x00,0x00,0x00,0x00,0x00,0x00,0x00,0x00,0x00,
 323          0x00,0x00,0x00,0x00,0x00,0x00,0x00,0x00,0x00,0x00,0x00,0x00,0x00,0x00,0x00,0x00,
 324          0x00,0x00,0x00,0x00,0x00,0x00,0x00,0x00,0x00,0x80,0x80,0xC0,0xC0,0xE0,0xF0,0xF8,
 325          0xFE,0xFF,0xFF,0xFF,0xFF,0xFF,0x00,0x00,0x00,0x00,0x00,0x00,0x00,0x00,0x00,0x00,
 326          0x80,0xF0,0xF8,0xFC,0xFE,0xFE,0x7F,0x3F,0x1F,0x1F,0x1F,0x3F,0x7F,0xFE,0xFE,0xFC,
 327          0xFC,0xF0,0xE0,0x00,0x00,0x00,0x00,0x00,0x00,0x00,0x00,0x00,0x00,0x00,0x00,0x00,
 328          0x00,0x00,0x00,0x00,0x00,0x00,0xC0,0xF0,0xF8,0xFC,0xFE,0xFE,0x7F,0x3F,0x1F,0x1F,
 329          0x1F,0x3F,0xFE,0xFE,0xFC,0xFC,0xF0,0xE0,0x00,0x00,0x00,0x00,0x00,0x00,0x00,0x00,
 330          0x00,0x00,0x00,0x00,0x80,0xE0,0xF0,0xFC,0xFF,0xFF,0xFF,0xFF,0xFF,0xFF,0x00,0x00,
 331          0x00,0x00,0x00,0x00,0x00,0x00,0x00,0x00,0x00,0x00,0x00,0x00,0x00,0x00,0x00,0x00,
 332          0x00,0x00,0x00,0x00,0x00,0x00,0x00,0x00,0x1F,0x1F,0x0F,0x0F,0x07,0x07,0x03,0x01,
 333          0xFF,0xFF,0xFF,0xFF,0xFF,0xFF,0x00,0x00,0x00,0x00,0x00,0x00,0x00,0x00,0x00,0x00,
 334          0x01,0x03,0x03,0x03,0x03,0x03,0x00,0x00,0x00,0x80,0xC0,0xE0,0xF8,0xFF,0xFF,0xFF,
 335          0xFF,0x3F,0x0F,0x00,0x00,0x00,0x00,0x00,0x00,0x3F,0x3F,0x3F,0x3F,0x3F,0x3F,0x00,
 336          0x00,0x00,0x00,0x00,0x00,0x00,0x00,0x00,0x00,0x01,0x01,0x01,0x00,0xE0,0xF0,0xF0,
 337          0xF8,0xFC,0xFF,0xFF,0xBF,0x9F,0x0F,0x03,0x00,0x00,0x00,0x00,0x00,0x00,0x00,0x80,
 338          0xE0,0xF8,0xFC,0xFF,0xFF,0x3F,0x1F,0x07,0xFF,0xFF,0xFF,0xFF,0xFF,0xFF,0x00,0x00,
 339          0x00,0x00,0x00,0x00,0x00,0x00,0x00,0x00,0x00,0x00,0x00,0x00,0x00,0x00,0x00,0x00,
 340          0x00,0x00,0x00,0x00,0x00,0x00,0x00,0x00,0x00,0x00,0x00,0x00,0x00,0x00,0x00,0x00,
 341          0xFF,0xFF,0xFF,0xFF,0xFF,0xFF,0x00,0x00,0x00,0x00,0x00,0x00,0x00,0x00,0x00,0x00,
 342          0x00,0x00,0x80,0xC0,0xE0,0xF8,0xFC,0xFE,0xFF,0x3F,0x3F,0x1F,0x0F,0x07,0x03,0x01,
 343          0x00,0x00,0x00,0x00,0x00,0x00,0x00,0x00,0x00,0x00,0x00,0x00,0x00,0x00,0x00,0x00,
 344          0x00,0x00,0x00,0x00,0x00,0xC0,0xC0,0xE0,0xE0,0xE0,0xE0,0x80,0x00,0x01,0x01,0x01,
 345          0x01,0x03,0x07,0xFF,0xFF,0xFF,0xFF,0xFE,0xF8,0x00,0x00,0x00,0xF8,0xFC,0xFF,0xFF,
 346          0xFF,0xFF,0xF7,0xF1,0xF0,0xF0,0xF0,0xF0,0xFF,0xFF,0xFF,0xFF,0xFF,0xFF,0xF0,0xF0,
 347          0xF0,0xF0,0x00,0x00,0x00,0x00,0x00,0x00,0x00,0x00,0x00,0x00,0x00,0x00,0x00,0x00,
 348          0x00,0x00,0x00,0x00,0x00,0x00,0x00,0x00,0x00,0x00,0x00,0x00,0x00,0x00,0x00,0x00,
 349          0x7F,0x7F,0x7F,0x7F,0x7F,0x7F,0x00,0x00,0x00,0x00,0x00,0x00,0x00,0x00,0x00,0x70,
 350          0x7C,0x7F,0x7F,0x7F,0x7F,0x7F,0x7F,0x7F,0x7E,0x7E,0x7E,0x7E,0x7E,0x7E,0x7E,0x7E,
 351          0x7E,0x7E,0x7E,0x00,0x00,0x00,0x00,0x00,0x00,0x7E,0x7E,0x7E,0x7E,0x7E,0x7E,0x00,
 352          0x00,0x00,0x00,0x00,0x00,0x00,0x03,0x0F,0x1F,0x3F,0x3F,0x3F,0x7E,0x7C,0x7C,0x7C,
 353          0x7C,0x7E,0x3F,0x3F,0x1F,0x1F,0x0F,0x07,0x01,0x00,0x00,0x00,0x01,0x01,0x01,0x01,
 354          0x01,0x01,0x01,0x01,0x01,0x01,0x01,0x01,0x7F,0x7F,0x7F,0x7F,0x7F,0x7F,0x01,0x01,
 355          0x01,0x01,0x00,0x00,0x00,0x00,0x00,0x00,0x00,0x00,0x00,0x00,0x00,0x00,0x00,0x00,
 356          0x00,0x00,0x00,0x00,0x00,0x00,0x00,0x00,0x00,0x00,0x00,0x00,0x00,0x00,0x00,0x00,
 357          0x00,0x00,0x00,0x00,0x40,0x60,0x20,0x20,0xE0,0xC0,0x00,0x80,0xE0,0x60,0x20,0x20,
 358          0x20,0x00,0x00,0x00,0x00,0xC0,0xE0,0x20,0x20,0xE0,0xC0,0x00,0x80,0xC0,0x20,0x20,
 359          0x60,0x40,0x00,0x00,0x00,0x00,0x40,0x60,0x20,0x20,0xE0,0xC0,0x00,0xC0,0xE0,0x20,
 360          0x20,0xE0,0xC0,0x00,0x00,0x80,0xC0,0xE0,0xE0,0x00,0x00,0x00,0x80,0xC0,0xE0,0xE0,
 361          0x00,0x00,0x00,0x00,0x00,0xC0,0xE0,0x20,0x20,0x20,0x60,0x40,0x00,0x00,0x80,0x80,
 362          0x80,0x80,0x00,0x80,0xC0,0xE0,0x80,0x00,0x00,0x00,0x00,0x00,0x00,0x00,0x00,0x00,
 363          0x00,0x00,0x00,0x00,0x00,0x00,0x00,0x00,0x00,0x00,0x00,0x00,0x00,0x00,0x00,0x00,
C51 COMPILER V9.60.7.0   PICTURE                                                           06/19/2025 08:59:13 PAGE 7   

 364          0x00,0x00,0x00,0x00,0x00,0x00,0x00,0x00,0x00,0x00,0x00,0x00,0x00,0x00,0x00,0x00,
 365          0x00,0x00,0x00,0x00,0x30,0x38,0x2C,0x26,0x23,0x21,0x00,0x13,0x33,0x21,0x21,0x3F,
 366          0x1E,0x00,0x30,0x30,0x00,0x1F,0x3F,0x20,0x20,0x3F,0x1F,0x00,0x1F,0x3F,0x21,0x21,
 367          0x3F,0x1E,0x00,0x30,0x30,0x00,0x30,0x38,0x2C,0x26,0x23,0x21,0x00,0x1F,0x3F,0x20,
 368          0x20,0x3F,0x1F,0x00,0x00,0x01,0x00,0x3F,0x3F,0x00,0x00,0x00,0x01,0x00,0x3F,0x3F,
 369          0x00,0x00,0x00,0x00,0x00,0x11,0x33,0x23,0x27,0x26,0x3E,0x1C,0x00,0x19,0x3C,0x26,
 370          0x22,0x3F,0x3F,0x00,0x1F,0x3F,0x20,0x00,0x00,0x00,0x00,0x00,0x00,0x00,0x00,0x00,
 371          0x00,0x00,0x00,0x00,0x00,0x00,0x00,0x00,0x00,0x00,0x00,0x00,0x00,0x00,0x00,0x00,
 372          
 373          };       
 374                   


MODULE INFORMATION:   STATIC OVERLAYABLE
   CODE SIZE        =   ----    ----
   CONSTANT SIZE    =   4728    ----
   XDATA SIZE       =   ----    ----
   PDATA SIZE       =   ----    ----
   DATA SIZE        =   ----    ----
   IDATA SIZE       =   ----    ----
   BIT SIZE         =   ----    ----
END OF MODULE INFORMATION.


C51 COMPILATION COMPLETE.  0 WARNING(S),  0 ERROR(S)
