BL51 BANKED LINKER/LOCATER V6.22.4.0                                                    05/26/2025  15:48:52  PAGE 1


BL51 BANKED LINKER/LOCATER V6.22.4.0, INVOKED BY:
D:\KEIL_STM32\C51\BIN\BL51.EXE STARTUP.obj, main.obj, 12864.obj TO st7565r RAMSIZE (256) DISABLEWARNING (16)


MEMORY MODEL: LARGE


INPUT MODULES INCLUDED:
  STARTUP.obj (?C_STARTUP)
  main.obj (MAIN)
  12864.obj (12864)
  D:\KEIL_STM32\C51\LIB\C51L.LIB (?C?COPY)
  D:\KEIL_STM32\C51\LIB\C51L.LIB (?C?CLDPTR)
  D:\KEIL_STM32\C51\LIB\C51L.LIB (?C?IMUL)
  D:\KEIL_STM32\C51\LIB\C51L.LIB (?C?IILDX)
  D:\KEIL_STM32\C51\LIB\C51L.LIB (?C?ILDIX)


LINK MAP OF MODULE:  st7565r (?C_STARTUP)


            TYPE    BASE      LENGTH    RELOCATION   SEGMENT NAME
            -----------------------------------------------------

            * * * * * * *   D A T A   M E M O R Y   * * * * * * *
            REG     0000H     0008H     ABSOLUTE     "REG BANK 0"
            IDATA   0008H     0001H     UNIT         ?STACK

            * * * * * * *  X D A T A   M E M O R Y  * * * * * * *
            XDATA   0000H     002EH     UNIT         _XDATA_GROUP_
            XDATA   002EH     0006H     UNIT         ?XD?_DISPLAY_HANZI?12864
            XDATA   0034H     0002H     UNIT         ?XD?LCD_NESTED_FRAMES?12864

            * * * * * * *   C O D E   M E M O R Y   * * * * * * *
            CODE    0000H     0003H     ABSOLUTE     
            CODE    0003H     0AE9H     UNIT         ?CO?12864
            CODE    0AECH     0800H     UNIT         ?CO?MAIN
            CODE    12ECH     014DH     UNIT         ?C?LIB_CODE
            CODE    1439H     00C0H     UNIT         ?PR?YEHUI_UI?12864
            CODE    14F9H     009CH     UNIT         ?PR?_DISP_ASCII0508?12864
            CODE    1595H     008AH     UNIT         ?PR?_DISP_ASCII0816?12864
            CODE    161FH     0082H     UNIT         ?PR?LCD_NESTED_FRAMES?12864
            CODE    16A1H     0058H     UNIT         ?PR?MAIN?MAIN
            CODE    16F9H     0058H     UNIT         ?PR?_TRANS_DISPLAY_PHOTO?12864
            CODE    1751H     0056H     UNIT         ?PR?_DISPLAY_PHOTO?12864
            CODE    17A7H     0054H     UNIT         ?PR?LCD_KUANG?12864
            CODE    17FBH     0051H     UNIT         ?PR?INIT_IC?12864
            CODE    184CH     004FH     UNIT         ?PR?_DISPLAY_HANZI_FAN?12864
            CODE    189BH     004EH     UNIT         ?PR?_DISPLAY_HANZI?12864
            CODE    18E9H     0041H     UNIT         ?PR?LCD_TEST?12864
            CODE    192AH     0035H     UNIT         ?PR?LCD_DESCRIBE?12864
            CODE    195FH     002AH     UNIT         ?PR?_WRITE_CMD_DAT?12864
            CODE    1989H     0028H     UNIT         ?PR?_DISPLAY_TEST?12864
            CODE    19B1H     0026H     UNIT         ?PR?_DELAYUS?12864
            CODE    19D7H     0026H     UNIT         ?PR?_DELAYMS?12864
            CODE    19FDH     0020H     UNIT         ?PR?WHATSAPP?12864
            CODE    1A1DH     0019H     UNIT         ?PR?_SETCA?12864
            CODE    1A36H     0019H     UNIT         ?PR?_GOTOXY?12864
BL51 BANKED LINKER/LOCATER V6.22.4.0                                                  05/26/2025  15:48:52  PAGE 2


            CODE    1A4FH     0017H     UNIT         ?PR?_WRITE_DATA?12864
            CODE    1A66H     0015H     UNIT         ?PR?HOLD?12864
            CODE    1A7BH     0015H     UNIT         ?PR?UP?12864
            CODE    1A90H     0015H     UNIT         ?PR?DN?12864
            CODE    1AA5H     0014H     UNIT         ?PR?LCD_RESET?12864
            CODE    1AB9H     000DH     UNIT         ?PR?CLEAR?12864
            CODE    1AC6H     000CH     UNIT         ?C_C51STARTUP
            CODE    1AD2H     000AH     UNIT         ?PR?WAIT_AND_CLEAR?12864
            CODE    1ADCH     0009H     UNIT         ?PR?_SETPA?12864



OVERLAY MAP OF MODULE:   st7565r (?C_STARTUP)


SEGMENT                                  XDATA_GROUP
  +--> CALLED SEGMENT                  START    LENGTH
------------------------------------------------------
?C_C51STARTUP                          -----    -----
  +--> ?PR?MAIN?MAIN

?PR?MAIN?MAIN                          0000H    0001H
  +--> ?PR?INIT_IC?12864
  +--> ?PR?LCD_TEST?12864
  +--> ?PR?_DELAYMS?12864
  +--> ?PR?YEHUI_UI?12864
  +--> ?PR?CLEAR?12864
  +--> ?PR?LCD_DESCRIBE?12864
  +--> ?CO?MAIN
  +--> ?PR?_DISPLAY_PHOTO?12864
  +--> ?PR?_TRANS_DISPLAY_PHOTO?12864

?PR?INIT_IC?12864                      -----    -----
  +--> ?PR?LCD_RESET?12864
  +--> ?PR?_WRITE_CMD_DAT?12864
  +--> ?PR?CLEAR?12864

?PR?LCD_RESET?12864                    -----    -----
  +--> ?PR?_DELAYMS?12864

?PR?_DELAYMS?12864                     -----    -----
  +--> ?PR?_DELAYUS?12864

?PR?_WRITE_CMD_DAT?12864               -----    -----
  +--> ?PR?_GOTOXY?12864
  +--> ?PR?_DELAYUS?12864

?PR?_GOTOXY?12864                      -----    -----
  +--> ?PR?_SETPA?12864
  +--> ?PR?_SETCA?12864

?PR?CLEAR?12864                        -----    -----
  +--> ?PR?_DISPLAY_TEST?12864
  +--> ?PR?_DELAYUS?12864

?PR?_DISPLAY_TEST?12864                -----    -----
  +--> ?PR?_GOTOXY?12864
BL51 BANKED LINKER/LOCATER V6.22.4.0                                                  05/26/2025  15:48:52  PAGE 3


  +--> ?PR?_WRITE_CMD_DAT?12864

?PR?LCD_TEST?12864                     0001H    0001H
  +--> ?CO?12864
  +--> ?PR?_DISPLAY_TEST?12864
  +--> ?PR?_DELAYMS?12864
  +--> ?PR?WAIT_AND_CLEAR?12864

?PR?WAIT_AND_CLEAR?12864               -----    -----
  +--> ?PR?_DELAYMS?12864
  +--> ?PR?CLEAR?12864

?PR?YEHUI_UI?12864                     0001H    0025H
  +--> ?CO?12864
  +--> ?PR?_DISPLAY_HANZI_FAN?12864
  +--> ?PR?_DISP_ASCII0816?12864

?PR?_DISPLAY_HANZI_FAN?12864           0026H    0006H
  +--> ?PR?_GOTOXY?12864
  +--> ?PR?_WRITE_CMD_DAT?12864

?PR?_DISP_ASCII0816?12864              0026H    0008H
  +--> ?PR?_GOTOXY?12864
  +--> ?CO?12864
  +--> ?PR?_WRITE_DATA?12864

?PR?_WRITE_DATA?12864                  -----    -----
  +--> ?PR?_SETPA?12864
  +--> ?PR?_SETCA?12864
  +--> ?PR?_WRITE_CMD_DAT?12864

?PR?LCD_DESCRIBE?12864                 -----    -----
  +--> ?PR?LCD_KUANG?12864
  +--> ?CO?12864
  +--> ?PR?_DISP_ASCII0508?12864

?PR?LCD_KUANG?12864                    -----    -----
  +--> ?PR?_WRITE_CMD_DAT?12864
  +--> ?PR?_GOTOXY?12864

?PR?_DISP_ASCII0508?12864              0001H    0007H
  +--> ?CO?12864
  +--> ?PR?_WRITE_DATA?12864
  +--> ?PR?_GOTOXY?12864

?PR?_DISPLAY_PHOTO?12864               0001H    0007H
  +--> ?PR?_GOTOXY?12864
  +--> ?PR?_WRITE_DATA?12864

?PR?_TRANS_DISPLAY_PHOTO?12864         0001H    0007H
  +--> ?PR?_GOTOXY?12864
  +--> ?PR?_WRITE_DATA?12864



SYMBOL TABLE OF MODULE:  st7565r (?C_STARTUP)

BL51 BANKED LINKER/LOCATER V6.22.4.0                                                  05/26/2025  15:48:52  PAGE 4


  VALUE           TYPE          NAME
  ----------------------------------

  -------         MODULE        ?C_STARTUP
  C:1AC6H         SEGMENT       ?C_C51STARTUP
  I:0008H         SEGMENT       ?STACK
  C:0000H         PUBLIC        ?C_STARTUP
  D:00E0H         SYMBOL        ACC
  D:00F0H         SYMBOL        B
  D:0083H         SYMBOL        DPH
  D:0082H         SYMBOL        DPL
  N:0000H         SYMBOL        IBPSTACK
  N:0100H         SYMBOL        IBPSTACKTOP
  N:0080H         SYMBOL        IDATALEN
  C:1AC9H         SYMBOL        IDATALOOP
  N:0000H         SYMBOL        PBPSTACK
  N:0000H         SYMBOL        PBPSTACKTOP
  N:0000H         SYMBOL        PDATALEN
  N:0000H         SYMBOL        PDATASTART
  N:0000H         SYMBOL        PPAGE
  N:0000H         SYMBOL        PPAGEENABLE
  D:00A0H         SYMBOL        PPAGE_SFR
  D:0081H         SYMBOL        SP
  C:1AC6H         SYMBOL        STARTUP1
  N:0000H         SYMBOL        XBPSTACK
  N:0000H         SYMBOL        XBPSTACKTOP
  N:0000H         SYMBOL        XDATALEN
  N:0000H         SYMBOL        XDATASTART
  C:0000H         LINE#         92
  C:1AC6H         LINE#         99
  C:1AC8H         LINE#         100
  C:1AC9H         LINE#         101
  C:1ACAH         LINE#         102
  C:1ACCH         LINE#         151
  C:1ACFH         LINE#         155
  -------         ENDMOD        ?C_STARTUP

  -------         MODULE        MAIN
  C:0000H         SYMBOL        _ICE_DUMMY_
  D:0090H         PUBLIC        P1
  D:00A0H         PUBLIC        P2
  D:00B0H         PUBLIC        P3
  D:00A8H         PUBLIC        IE
  C:0AECH         PUBLIC        tupian
  D:00B8H         PUBLIC        IP
  C:16A1H         PUBLIC        main
  D:0098H         PUBLIC        SCON
  D:0088H         PUBLIC        TCON
  C:0EECH         PUBLIC        tupian1
  D:00C8H         PUBLIC        T2CON
  D:00D0H         PUBLIC        PSW
  -------         PROC          MAIN
  -------         DO            
  X:0000H         SYMBOL        mode
  -------         ENDDO         
  C:16A1H         LINE#         9
  C:16A1H         LINE#         10
BL51 BANKED LINKER/LOCATER V6.22.4.0                                                  05/26/2025  15:48:52  PAGE 5


  C:16A1H         LINE#         34
  C:16A1H         LINE#         35
  C:16A1H         LINE#         36
  C:16A4H         LINE#         37
  C:16A7H         LINE#         38
  C:16AEH         LINE#         39
  C:16B1H         LINE#         40
  C:16B8H         LINE#         41
  C:16BBH         LINE#         46
  C:16BEH         LINE#         47
  C:16C5H         LINE#         48
  C:16C8H         LINE#         50
  C:16D7H         LINE#         51
  C:16DEH         LINE#         52
  C:16E1H         LINE#         54
  C:16F0H         LINE#         55
  C:16F7H         LINE#         92
  -------         ENDPROC       MAIN
  -------         ENDMOD        MAIN

  -------         MODULE        12864
  C:0000H         SYMBOL        _ICE_DUMMY_
  C:161FH         PUBLIC        lcd_nested_frames
  D:0090H         PUBLIC        P1
  D:00A0H         PUBLIC        P2
  C:17FBH         PUBLIC        Init_IC
  D:00B0H         PUBLIC        P3
  C:1439H         PUBLIC        Yehui_UI
  C:1751H         PUBLIC        _display_photo
  D:00A8H         PUBLIC        IE
  C:184CH         PUBLIC        _display_hanzi_fan
  C:1A90H         PUBLIC        DN
  C:085AH         PUBLIC        guang
  C:16F9H         PUBLIC        _trans_display_photo
  C:1989H         PUBLIC        _display_test
  C:09DAH         PUBLIC        bing
  C:1A7BH         PUBLIC        UP
  C:1A66H         PUBLIC        HOLD
  C:1A4FH         PUBLIC        _write_data
  C:095AH         PUBLIC        gong
  C:17A7H         PUBLIC        lcd_kuang
  C:09BAH         PUBLIC        chun
  C:093AH         PUBLIC        xian
  C:1A1DH         PUBLIC        _SetCA
  C:1AD2H         PUBLIC        wait_and_clear
  C:1AA5H         PUBLIC        LCD_Reset
  C:1ADCH         PUBLIC        _SetPA
  C:087AH         PUBLIC        don
  C:0AC8H         SYMBOL        _?ix1000
  C:09FAH         PUBLIC        chuan1
  C:0ADDH         SYMBOL        _?ix1001
  C:0A3AH         PUBLIC        shi
  C:08BAH         PUBLIC        hui
  C:099AH         PUBLIC        ci
  C:1A45H         PUBLIC        _GotoXY
  B:00B0H.2       PUBLIC        di
  C:0A7AH         PUBLIC        dian2
BL51 BANKED LINKER/LOCATER V6.22.4.0                                                  05/26/2025  15:48:52  PAGE 6


  C:0A1AH         PUBLIC        kou
  C:08DAH         PUBLIC        ke
  C:08FAH         PUBLIC        ji
  C:19D7H         PUBLIC        _delayMs
  B:00B0H.4       PUBLIC        rd
  B:00B0H.0       PUBLIC        cs
  C:18E9H         PUBLIC        lcd_test
  B:00B0H.3       PUBLIC        rst
  C:192AH         PUBLIC        lcd_describe
  C:19B5H         PUBLIC        _delayUs
  B:00A0H.5       PUBLIC        Key1
  C:097AH         PUBLIC        si
  B:00A0H.6       PUBLIC        Key2
  B:00A0H.7       PUBLIC        Key3
  C:091AH         PUBLIC        you
  C:089AH         PUBLIC        ye
  C:196AH         PUBLIC        _write_cmd_dat
  C:067AH         PUBLIC        AsciiDot0508
  C:007AH         PUBLIC        AsciiDot0816
  C:0A5AH         PUBLIC        qu
  C:0A9AH         PUBLIC        zhen2
  C:1AB9H         PUBLIC        Clear
  B:00B0H.5       PUBLIC        wr
  C:19FDH         PUBLIC        whatsapp
  C:14F9H         PUBLIC        _disp_ascii0508
  C:1595H         PUBLIC        _disp_ascii0816
  C:189BH         PUBLIC        _display_hanzi
  C:19B1H         SYMBOL        L?0137
  -------         PROC          L?0136
  -------         ENDPROC       L?0136
  C:19B1H         SYMBOL        L?0137
  -------         PROC          _DELAYUS
  D:0006H         SYMBOL        Tus
  C:19B5H         LINE#         9
  C:19B5H         LINE#         10
  C:19B5H         LINE#         12
  C:19BEH         LINE#         13
  C:19BEH         LINE#         14
  C:19CAH         LINE#         15
  C:19CDH         LINE#         16
  C:19D6H         LINE#         17
  C:19D6H         LINE#         18
  -------         ENDPROC       _DELAYUS
  -------         PROC          _DELAYMS
  D:0004H         SYMBOL        Tms
  -------         DO            
  D:0002H         SYMBOL        i
  -------         ENDDO         
  C:19D7H         LINE#         21
  C:19DBH         LINE#         22
  C:19DBH         LINE#         24
  C:19E5H         LINE#         25
  C:19E5H         LINE#         26
  C:19E9H         LINE#         27
  C:19F3H         LINE#         28
  C:19FCH         LINE#         29
  C:19FCH         LINE#         30
BL51 BANKED LINKER/LOCATER V6.22.4.0                                                  05/26/2025  15:48:52  PAGE 7


  -------         ENDPROC       _DELAYMS
  -------         PROC          LCD_RESET
  C:1AA5H         LINE#         34
  C:1AA5H         LINE#         35
  C:1AA5H         LINE#         36
  C:1AA8H         LINE#         37
  C:1AAAH         LINE#         38
  C:1AB0H         LINE#         39
  C:1AB2H         LINE#         40
  -------         ENDPROC       LCD_RESET
  C:1961H         SYMBOL        L?0134
  C:1963H         SYMBOL        L?0135
  -------         PROC          L?0133
  -------         ENDPROC       L?0133
  C:1961H         SYMBOL        L?0134
  C:1963H         SYMBOL        L?0135
  -------         PROC          _WRITE_CMD_DAT
  D:0007H         SYMBOL        cmda
  D:0005H         SYMBOL        com
  C:196AH         LINE#         44
  C:196AH         LINE#         45
  C:196AH         LINE#         46
  C:196CH         LINE#         47
  C:1971H         LINE#         48
  C:1973H         LINE#         49
  C:1975H         LINE#         50
  C:1979H         LINE#         51
  C:1980H         LINE#         52
  C:1982H         LINE#         53
  -------         ENDPROC       _WRITE_CMD_DAT
  -------         PROC          _SETCA
  D:0004H         SYMBOL        Caddr
  C:1A1DH         LINE#         58
  C:1A1FH         LINE#         59
  C:1A1FH         LINE#         60
  C:1A28H         LINE#         61
  -------         ENDPROC       _SETCA
  -------         PROC          _SETPA
  D:0007H         SYMBOL        Paddr
  C:1ADCH         LINE#         65
  C:1ADCH         LINE#         66
  C:1ADCH         LINE#         67
  -------         ENDPROC       _SETPA
  -------         PROC          _WRITE_DATA
  D:0082H         SYMBOL        com
  D:0005H         SYMBOL        page
  D:0003H         SYMBOL        clum
  C:1A4FH         LINE#         71
  C:1A53H         LINE#         72
  C:1A53H         LINE#         73
  C:1A58H         LINE#         74
  C:1A5DH         LINE#         75
  -------         ENDPROC       _WRITE_DATA
  C:1A36H         SYMBOL        L?0131
  C:1A41H         SYMBOL        L?0132
  -------         PROC          L?0130
  -------         ENDPROC       L?0130
BL51 BANKED LINKER/LOCATER V6.22.4.0                                                  05/26/2025  15:48:52  PAGE 8


  C:1A36H         SYMBOL        L?0131
  C:1A41H         SYMBOL        L?0132
  -------         PROC          _GOTOXY
  D:0007H         SYMBOL        Paddr
  D:0004H         SYMBOL        Caddr
  C:1A45H         LINE#         79
  C:1A47H         LINE#         80
  C:1A47H         LINE#         81
  C:1A4AH         LINE#         82
  -------         ENDPROC       _GOTOXY
  -------         PROC          _DISPLAY_TEST
  D:0001H         SYMBOL        fst
  D:0003H         SYMBOL        snd
  -------         DO            
  D:0004H         SYMBOL        i
  D:0002H         SYMBOL        j
  -------         ENDDO         
  C:1989H         LINE#         86
  C:198DH         LINE#         87
  C:198DH         LINE#         89
  C:198FH         LINE#         90
  C:198FH         LINE#         91
  C:1996H         LINE#         92
  C:1998H         LINE#         93
  C:1998H         LINE#         94
  C:199FH         LINE#         95
  C:19A6H         LINE#         96
  C:19ABH         LINE#         97
  C:19B0H         LINE#         98
  -------         ENDPROC       _DISPLAY_TEST
  -------         PROC          CLEAR
  C:1AB9H         LINE#         101
  C:1AB9H         LINE#         102
  C:1AB9H         LINE#         103
  C:1ABFH         LINE#         104
  -------         ENDPROC       CLEAR
  -------         PROC          WAIT_AND_CLEAR
  C:1AD2H         LINE#         107
  C:1AD2H         LINE#         108
  C:1AD2H         LINE#         109
  C:1AD9H         LINE#         110
  -------         ENDPROC       WAIT_AND_CLEAR
  -------         PROC          LCD_TEST
  -------         DO            
  X:0001H         SYMBOL        i
  C:0ABAH         SYMBOL        tdata
  -------         ENDDO         
  C:18E9H         LINE#         113
  C:18E9H         LINE#         114
  C:18E9H         LINE#         126
  C:18EEH         LINE#         127
  C:18EEH         LINE#         128
  C:1913H         LINE#         129
  C:191AH         LINE#         130
  C:191DH         LINE#         131
  C:1929H         LINE#         132
  -------         ENDPROC       LCD_TEST
BL51 BANKED LINKER/LOCATER V6.22.4.0                                                  05/26/2025  15:48:52  PAGE 9


  -------         PROC          LCD_KUANG
  -------         DO            
  D:0003H         SYMBOL        i
  D:0002H         SYMBOL        j
  -------         ENDDO         
  C:17A7H         LINE#         135
  C:17A7H         LINE#         136
  C:17A7H         LINE#         138
  C:17A9H         LINE#         139
  C:17A9H         LINE#         140
  C:17ABH         LINE#         141
  C:17ABH         LINE#         142
  C:17B6H         LINE#         143
  C:17B9H         LINE#         144
  C:17B9H         LINE#         145
  C:17D2H         LINE#         146
  C:17D7H         LINE#         147
  C:17D7H         LINE#         148
  C:17F0H         LINE#         149
  C:17F5H         LINE#         150
  C:17FAH         LINE#         151
  -------         ENDPROC       LCD_KUANG
  -------         PROC          LCD_NESTED_FRAMES
  -------         DO            
  X:0034H         SYMBOL        top
  X:0035H         SYMBOL        bottom
  D:0001H         SYMBOL        left
  D:0003H         SYMBOL        right
  D:0002H         SYMBOL        i
  D:0002H         SYMBOL        j
  -------         ENDDO         
  C:161FH         LINE#         154
  C:161FH         LINE#         155
  C:161FH         LINE#         156
  C:1624H         LINE#         157
  C:1628H         LINE#         158
  C:162AH         LINE#         159
  C:162CH         LINE#         162
  C:163DH         LINE#         163
  C:163DH         LINE#         165
  C:1644H         LINE#         166
  C:1644H         LINE#         167
  C:1647H         LINE#         168
  C:164AH         LINE#         169
  C:164DH         LINE#         172
  C:1654H         LINE#         173
  C:1654H         LINE#         174
  C:1657H         LINE#         175
  C:165AH         LINE#         176
  C:165DH         LINE#         179
  C:166CH         LINE#         180
  C:166CH         LINE#         181
  C:1670H         LINE#         182
  C:1673H         LINE#         183
  C:1676H         LINE#         186
  C:1685H         LINE#         187
  C:1685H         LINE#         188
BL51 BANKED LINKER/LOCATER V6.22.4.0                                                  05/26/2025  15:48:52  PAGE 10


  C:1689H         LINE#         189
  C:168CH         LINE#         190
  C:168FH         LINE#         193
  C:1695H         LINE#         194
  C:1699H         LINE#         195
  C:169BH         LINE#         196
  C:169DH         LINE#         197
  C:16A0H         LINE#         198
  -------         ENDPROC       LCD_NESTED_FRAMES
  -------         PROC          _DISP_ASCII0816
  X:0026H         SYMBOL        ptrAscii
  X:0029H         SYMBOL        startP
  X:002AH         SYMBOL        startC
  -------         DO            
  D:0002H         SYMBOL        i
  X:002BH         SYMBOL        xclum
  X:002CH         SYMBOL        index
  -------         ENDDO         
  C:1595H         LINE#         203
  C:1598H         LINE#         204
  C:1598H         LINE#         208
  C:159BH         LINE#         209
  C:15ABH         LINE#         210
  C:15ABH         LINE#         211
  C:15C6H         LINE#         213
  C:15C8H         LINE#         214
  C:15C8H         LINE#         215
  C:15CDH         LINE#         216
  C:15CDH         LINE#         217
  C:15D3H         LINE#         218
  C:15D3H         LINE#         219
  C:1605H         LINE#         220
  C:160AH         LINE#         221
  C:1611H         LINE#         222
  C:161BH         LINE#         230
  C:161EH         LINE#         231
  -------         ENDPROC       _DISP_ASCII0816
  -------         PROC          _DISP_ASCII0508
  X:0001H         SYMBOL        ptrAscii
  X:0004H         SYMBOL        startP
  X:0005H         SYMBOL        startC
  -------         DO            
  D:0002H         SYMBOL        i
  X:0006H         SYMBOL        index
  -------         ENDDO         
  C:14F9H         LINE#         236
  C:1508H         LINE#         237
  C:1508H         LINE#         241
  C:150BH         LINE#         242
  C:151BH         LINE#         243
  C:151BH         LINE#         244
  C:1531H         LINE#         245
  C:1533H         LINE#         246
  C:1533H         LINE#         247
  C:155BH         LINE#         248
  C:1560H         LINE#         249
  C:156AH         LINE#         250
BL51 BANKED LINKER/LOCATER V6.22.4.0                                                  05/26/2025  15:48:52  PAGE 11


  C:1578H         LINE#         251
  C:1578H         LINE#         252
  C:157EH         LINE#         253
  C:1581H         LINE#         254
  C:158BH         LINE#         255
  C:1591H         LINE#         256
  C:1591H         LINE#         257
  C:1594H         LINE#         258
  -------         ENDPROC       _DISP_ASCII0508
  -------         PROC          _DISPLAY_HANZI
  X:002EH         SYMBOL        p
  X:0031H         SYMBOL        startP
  X:0032H         SYMBOL        startC
  -------         DO            
  X:0033H         SYMBOL        i
  D:0004H         SYMBOL        j
  -------         ENDDO         
  C:189BH         LINE#         260
  C:18A9H         LINE#         261
  C:18A9H         LINE#         264
  C:18B8H         LINE#         265
  C:18B8H         LINE#         266
  C:18C0H         LINE#         267
  C:18C2H         LINE#         268
  C:18E0H         LINE#         269
  C:18E8H         LINE#         270
  -------         ENDPROC       _DISPLAY_HANZI
  -------         PROC          _DISPLAY_HANZI_FAN
  X:0026H         SYMBOL        p
  X:0029H         SYMBOL        startP
  X:002AH         SYMBOL        startC
  -------         DO            
  X:002BH         SYMBOL        i
  D:0004H         SYMBOL        j
  -------         ENDDO         
  C:184CH         LINE#         273
  C:185AH         LINE#         274
  C:185AH         LINE#         277
  C:1869H         LINE#         278
  C:1869H         LINE#         279
  C:1871H         LINE#         280
  C:1873H         LINE#         281
  C:1892H         LINE#         282
  C:189AH         LINE#         283
  -------         ENDPROC       _DISPLAY_HANZI_FAN
  -------         PROC          _DISPLAY_PHOTO
  X:0001H         SYMBOL        p
  X:0004H         SYMBOL        startP
  X:0005H         SYMBOL        startC
  -------         DO            
  X:0006H         SYMBOL        i
  X:0007H         SYMBOL        j
  -------         ENDDO         
  C:1751H         LINE#         286
  C:1754H         LINE#         287
  C:1754H         LINE#         289
  C:1757H         LINE#         290
BL51 BANKED LINKER/LOCATER V6.22.4.0                                                  05/26/2025  15:48:52  PAGE 12


  C:175AH         LINE#         291
  C:175AH         LINE#         292
  C:175FH         LINE#         293
  C:175FH         LINE#         294
  C:178EH         LINE#         295
  C:179AH         LINE#         296
  C:17A6H         LINE#         297
  -------         ENDPROC       _DISPLAY_PHOTO
  -------         PROC          _TRANS_DISPLAY_PHOTO
  X:0001H         SYMBOL        p
  X:0004H         SYMBOL        startP
  X:0005H         SYMBOL        startC
  -------         DO            
  X:0006H         SYMBOL        i
  X:0007H         SYMBOL        j
  -------         ENDDO         
  C:16F9H         LINE#         300
  C:16FCH         LINE#         301
  C:16FCH         LINE#         303
  C:16FFH         LINE#         304
  C:1702H         LINE#         305
  C:1702H         LINE#         306
  C:1707H         LINE#         307
  C:1707H         LINE#         308
  C:1738H         LINE#         309
  C:1744H         LINE#         310
  C:1750H         LINE#         311
  -------         ENDPROC       _TRANS_DISPLAY_PHOTO
  -------         PROC          INIT_IC
  C:17FBH         LINE#         312
  C:17FBH         LINE#         313
  C:17FBH         LINE#         315
  C:17FDH         LINE#         316
  C:1800H         LINE#         317
  C:1803H         LINE#         318
  C:180AH         LINE#         319
  C:1811H         LINE#         320
  C:1818H         LINE#         321
  C:181FH         LINE#         322
  C:1826H         LINE#         324
  C:182DH         LINE#         326
  C:1834H         LINE#         327
  C:183BH         LINE#         329
  C:1842H         LINE#         330
  C:1849H         LINE#         333
  -------         ENDPROC       INIT_IC
  -------         PROC          HOLD
  C:1A66H         LINE#         339
  C:1A66H         LINE#         340
  C:1A66H         LINE#         341
  C:1A69H         LINE#         342
  C:1A69H         LINE#         343
  C:1A6CH         LINE#         344
  C:1A6FH         LINE#         345
  C:1A6FH         LINE#         346
  C:1A72H         LINE#         347
  C:1A77H         LINE#         348
BL51 BANKED LINKER/LOCATER V6.22.4.0                                                  05/26/2025  15:48:52  PAGE 13


  C:1A77H         LINE#         349
  C:1A77H         LINE#         350
  C:1A7AH         LINE#         351
  -------         ENDPROC       HOLD
  -------         PROC          UP
  C:1A7BH         LINE#         354
  C:1A7BH         LINE#         355
  C:1A7BH         LINE#         356
  C:1A7EH         LINE#         357
  C:1A7EH         LINE#         358
  C:1A81H         LINE#         359
  C:1A84H         LINE#         360
  C:1A84H         LINE#         361
  C:1A87H         LINE#         362
  C:1A8CH         LINE#         363
  C:1A8CH         LINE#         364
  C:1A8CH         LINE#         365
  C:1A8FH         LINE#         366
  -------         ENDPROC       UP
  -------         PROC          DN
  C:1A90H         LINE#         369
  C:1A90H         LINE#         370
  C:1A90H         LINE#         371
  C:1A93H         LINE#         372
  C:1A93H         LINE#         373
  C:1A96H         LINE#         374
  C:1A99H         LINE#         375
  C:1A99H         LINE#         376
  C:1A9CH         LINE#         377
  C:1AA1H         LINE#         378
  C:1AA1H         LINE#         379
  C:1AA1H         LINE#         380
  C:1AA4H         LINE#         381
  -------         ENDPROC       DN
  -------         PROC          YEHUI_UI
  -------         DO            
  X:0001H         SYMBOL        i
  X:0002H         SYMBOL        hanzi_array
  X:0017H         SYMBOL        hanzi_array2
  -------         ENDDO         
  C:1439H         LINE#         384
  C:1439H         LINE#         385
  C:1439H         LINE#         387
  C:144CH         LINE#         388
  C:145FH         LINE#         390
  C:146EH         LINE#         391
  C:1493H         LINE#         392
  C:149BH         LINE#         394
  C:14AAH         LINE#         395
  C:14CFH         LINE#         396
  C:14D7H         LINE#         398
  C:14E8H         LINE#         399
  -------         ENDPROC       YEHUI_UI
  -------         PROC          WHATSAPP
  C:19FDH         LINE#         403
  C:19FDH         LINE#         404
  C:19FDH         LINE#         405
BL51 BANKED LINKER/LOCATER V6.22.4.0                                                  05/26/2025  15:48:52  PAGE 14


  C:1A0DH         LINE#         406
  -------         ENDPROC       WHATSAPP
  -------         PROC          LCD_DESCRIBE
  C:192AH         LINE#         412
  C:192AH         LINE#         413
  C:192AH         LINE#         414
  C:192DH         LINE#         415
  C:193EH         LINE#         416
  C:194FH         LINE#         417
  -------         ENDPROC       LCD_DESCRIBE
  -------         ENDMOD        12864

  -------         MODULE        ?C?COPY
  C:13BCH         PUBLIC        ?C?COPY
  -------         ENDMOD        ?C?COPY

  -------         MODULE        ?C?CLDPTR
  C:13E2H         PUBLIC        ?C?CLDPTR
  -------         ENDMOD        ?C?CLDPTR

  -------         MODULE        ?C?IMUL
  C:13FBH         PUBLIC        ?C?IMUL
  -------         ENDMOD        ?C?IMUL

  -------         MODULE        ?C?IILDX
  C:140DH         PUBLIC        ?C?IILDX
  -------         ENDMOD        ?C?IILDX

  -------         MODULE        ?C?ILDIX
  C:1423H         PUBLIC        ?C?ILDIX
  -------         ENDMOD        ?C?ILDIX

Program Size: data=9.0 xdata=54 code=6885
LINK/LOCATE RUN COMPLETE.  0 WARNING(S),  0 ERROR(S)
