BL51 BANKED LINKER/LOCATER V6.22.4.0                                                    06/21/2025  18:40:01  PAGE 1


BL51 BANKED LINKER/LOCATER V6.22.4.0, INVOKED BY:
D:\KEIL_STM32\C51\BIN\BL51.EXE .\Objects\main.obj TO .\Objects\12864cog PRINT (.\Listings\12864cog.m51) RAMSIZE (256)


MEMORY MODEL: SMALL


INPUT MODULES INCLUDED:
  .\Objects\main.obj (MAIN)
  D:\KEIL_STM32\C51\LIB\C51S.LIB (?C_STARTUP)
  D:\KEIL_STM32\C51\LIB\C51S.LIB (?C?CLDPTR)
  D:\KEIL_STM32\C51\LIB\C51S.LIB (?C?CLDOPTR)
  D:\KEIL_STM32\C51\LIB\C51S.LIB (?C?OFFXADD)


LINK MAP OF MODULE:  .\Objects\12864cog (MAIN)


            TYPE    BASE      LENGTH    RELOCATION   SEGMENT NAME
            -----------------------------------------------------

            * * * * * * *   D A T A   M E M O R Y   * * * * * * *
            REG     0000H     0008H     ABSOLUTE     "REG BANK 0"
            DATA    0008H     000EH     UNIT         _DATA_GROUP_
            DATA    0016H     000AH     UNIT         ?DT?_DISPLAY_STRING_8X16_T?MAIN
            DATA    0020H     0009H     UNIT         ?DT?MAIN
            IDATA   0029H     0001H     UNIT         ?STACK

            * * * * * * *   C O D E   M E M O R Y   * * * * * * *
            CODE    0000H     0003H     ABSOLUTE     
            CODE    0003H     0003H     ABSOLUTE     
            CODE    0006H     0883H     UNIT         ?CO?MAIN
            CODE    0889H     0130H     UNIT         ?PR?_DISPLAY_STRING_8X16?MAIN
            CODE    09B9H     0100H     UNIT         ?PR?MAIN?MAIN
            CODE    0AB9H     00CAH     UNIT         ?PR?_DISPLAY_STRING_8X16_T?MAIN
            CODE    0B83H     00A3H     UNIT         ?PR?_DISPLAY_STRING_5X8?MAIN
            CODE    0C26H     0087H     UNIT         ?PR?INITIAL_LCD?MAIN
            CODE    0CADH     0075H     UNIT         ?PR?_DISPLAY_GRAPHIC_16X16?MAIN
            CODE    0D22H     006EH     UNIT         ?PR?DISPLAY_BK?MAIN
            CODE    0D90H     0052H     UNIT         ?C?LIB_CODE
            CODE    0DE2H     0032H     UNIT         ?PR?_TEST_DISPLAY?MAIN
            CODE    0E14H     002AH     UNIT         ?PR?_LCD_ADDRESS?MAIN
            CODE    0E3EH     0029H     UNIT         ?PR?_TRANSFER_COMMAND?MAIN
            CODE    0E67H     0029H     UNIT         ?PR?_TRANSFER_DATA?MAIN
            CODE    0E90H     0020H     UNIT         ?PR?_DELAY?MAIN
            CODE    0EB0H     001AH     UNIT         ?PR?CLEAR_SCREEN?MAIN
            CODE    0ECAH     000DH     UNIT         ?PR?SCANKEY1?MAIN
            CODE    0ED7H     000CH     UNIT         ?C_C51STARTUP
            CODE    0EE3H     0007H     UNIT         ?PR?INI_INT1?MAIN



OVERLAY MAP OF MODULE:   .\Objects\12864cog (MAIN)


SEGMENT                                   DATA_GROUP 
  +--> CALLED SEGMENT                   START    LENGTH
-------------------------------------------------------
BL51 BANKED LINKER/LOCATER V6.22.4.0                                                  06/21/2025  18:40:01  PAGE 2


?C_C51STARTUP                           -----    -----
  +--> ?PR?MAIN?MAIN

?PR?MAIN?MAIN                           -----    -----
  +--> ?PR?INI_INT1?MAIN
  +--> ?PR?INITIAL_LCD?MAIN
  +--> ?PR?CLEAR_SCREEN?MAIN
  +--> ?CO?MAIN
  +--> ?PR?_DISPLAY_STRING_8X16?MAIN
  +--> ?PR?_DISPLAY_STRING_5X8?MAIN
  +--> ?PR?_DELAY?MAIN
  +--> ?PR?DISPLAY_BK?MAIN
  +--> ?PR?_DISPLAY_GRAPHIC_16X16?MAIN
  +--> ?PR?_TRANSFER_COMMAND?MAIN
  +--> ?PR?_TEST_DISPLAY?MAIN

?PR?INITIAL_LCD?MAIN                    -----    -----
  +--> ?PR?_DELAY?MAIN
  +--> ?PR?_TRANSFER_COMMAND?MAIN

?PR?_DELAY?MAIN                         0008H    0002H

?PR?CLEAR_SCREEN?MAIN                   -----    -----
  +--> ?PR?_LCD_ADDRESS?MAIN
  +--> ?PR?_TRANSFER_DATA?MAIN

?PR?_LCD_ADDRESS?MAIN                   -----    -----
  +--> ?PR?_TRANSFER_COMMAND?MAIN

?PR?_DISPLAY_STRING_8X16?MAIN           0008H    000EH
  +--> ?CO?MAIN
  +--> ?PR?_LCD_ADDRESS?MAIN
  +--> ?PR?_TRANSFER_DATA?MAIN

?PR?_DISPLAY_STRING_5X8?MAIN            0008H    000BH
  +--> ?PR?_LCD_ADDRESS?MAIN
  +--> ?CO?MAIN
  +--> ?PR?_TRANSFER_DATA?MAIN

?PR?DISPLAY_BK?MAIN                     -----    -----
  +--> ?PR?_LCD_ADDRESS?MAIN
  +--> ?PR?_TRANSFER_DATA?MAIN

?PR?_DISPLAY_GRAPHIC_16X16?MAIN         0008H    000AH
  +--> ?CO?MAIN
  +--> ?PR?_LCD_ADDRESS?MAIN
  +--> ?PR?_TRANSFER_DATA?MAIN

?PR?_TEST_DISPLAY?MAIN                  0008H    0001H
  +--> ?PR?_LCD_ADDRESS?MAIN
  +--> ?PR?_TRANSFER_DATA?MAIN



SYMBOL TABLE OF MODULE:  .\Objects\12864cog (MAIN)

  VALUE           TYPE          NAME
BL51 BANKED LINKER/LOCATER V6.22.4.0                                                  06/21/2025  18:40:01  PAGE 3


  ----------------------------------

  -------         MODULE        MAIN
  C:0000H         SYMBOL        _ICE_DUMMY_
  C:0E19H         PUBLIC        _lcd_address
  D:0090H         PUBLIC        P1
  C:0849H         PUBLIC        ke1
  D:00B0H         PUBLIC        P3
  C:0C26H         PUBLIC        initial_lcd
  C:0869H         PUBLIC        ji1
  D:0020H         PUBLIC        s100
  B:00A8H.7       PUBLIC        EA
  B:0090H.4       PUBLIC        cs1
  D:00A8H         PUBLIC        IE
  C:0E94H         PUBLIC        _delay
  D:0021H         PUBLIC        d1
  D:00B8H         PUBLIC        IP
  C:0DE2H         PUBLIC        _test_display
  D:0022H         PUBLIC        m1
  C:0EE3H         PUBLIC        ini_int1
  C:0ECAH         PUBLIC        scankey1
  D:0023H         PUBLIC        s1
  B:0090H.5       PUBLIC        reset
  C:09B9H         PUBLIC        main
  C:0D22H         PUBLIC        display_bk
  D:0024H         PUBLIC        z1
  C:0E3EH         PUBLIC        _transfer_command
  D:0098H         PUBLIC        SCON
  D:0088H         PUBLIC        TCON
  C:0B8BH         PUBLIC        _display_string_5x8
  C:062EH         PUBLIC        ascii_table_5x8
  B:0088H.3       PUBLIC        IE1
  C:0AB9H         PUBLIC        _display_string_8x16_t
  B:0090H.2       PUBLIC        lcd_sclk
  B:00A8H.0       PUBLIC        EX0
  B:0088H.0       PUBLIC        IT0
  D:0025H         PUBLIC        s10
  B:0090H.3       PUBLIC        lcd_sid
  C:0809H         PUBLIC        zhong1
  D:0026H         PUBLIC        d
  B:0090H.6       PUBLIC        rs
  C:0CBCH         PUBLIC        _display_graphic_16x16
  C:0E67H         PUBLIC        _transfer_data
  D:00C8H         PUBLIC        T2CON
  C:0EB0H         PUBLIC        clear_screen
  C:089CH         PUBLIC        _display_string_8x16
  C:003EH         PUBLIC        ascii_table_8x16
  D:0027H         PUBLIC        s
  D:0028H         PUBLIC        z
  D:00D0H         PUBLIC        PSW
  C:0829H         PUBLIC        guo1
  -------         PROC          INI_INT1
  C:0EE3H         LINE#         28
  C:0EE3H         LINE#         29
  C:0EE3H         LINE#         30
  C:0EE5H         LINE#         31
  C:0EE7H         LINE#         32
BL51 BANKED LINKER/LOCATER V6.22.4.0                                                  06/21/2025  18:40:01  PAGE 4


  C:0EE9H         LINE#         33
  -------         ENDPROC       INI_INT1
  -------         PROC          SCANKEY1
  C:0ECAH         LINE#         36
  C:0ECCH         LINE#         38
  C:0ED2H         LINE#         39
  C:0ED4H         LINE#         41
  -------         ENDPROC       SCANKEY1
  -------         PROC          _TRANSFER_COMMAND
  D:0006H         SYMBOL        data1
  -------         DO            
  D:0005H         SYMBOL        i
  -------         ENDDO         
  C:0E3EH         LINE#         77
  C:0E3EH         LINE#         79
  C:0E3EH         LINE#         81
  C:0E40H         LINE#         82
  C:0E42H         LINE#         83
  C:0E44H         LINE#         84
  C:0E44H         LINE#         85
  C:0E46H         LINE#         87
  C:0E4EH         LINE#         88
  C:0E50H         LINE#         89
  C:0E52H         LINE#         91
  C:0E60H         LINE#         92
  C:0E64H         LINE#         93
  C:0E66H         LINE#         94
  -------         ENDPROC       _TRANSFER_COMMAND
  -------         PROC          _TRANSFER_DATA
  D:0006H         SYMBOL        data1
  -------         DO            
  D:0005H         SYMBOL        i
  -------         ENDDO         
  C:0E67H         LINE#         100
  C:0E67H         LINE#         101
  C:0E67H         LINE#         104
  C:0E69H         LINE#         105
  C:0E6BH         LINE#         106
  C:0E6DH         LINE#         107
  C:0E6DH         LINE#         108
  C:0E6FH         LINE#         109
  C:0E77H         LINE#         110
  C:0E79H         LINE#         111
  C:0E7BH         LINE#         112
  C:0E89H         LINE#         113
  C:0E8DH         LINE#         114
  C:0E8FH         LINE#         115
  -------         ENDPROC       _TRANSFER_DATA
  C:0E90H         SYMBOL        L?0130
  -------         PROC          L?0129
  -------         ENDPROC       L?0129
  C:0E90H         SYMBOL        L?0130
  -------         PROC          _DELAY
  D:0006H         SYMBOL        x
  -------         DO            
  D:0008H         SYMBOL        i
  D:0009H         SYMBOL        j
BL51 BANKED LINKER/LOCATER V6.22.4.0                                                  06/21/2025  18:40:01  PAGE 5


  -------         ENDDO         
  C:0E94H         LINE#         121
  C:0E94H         LINE#         122
  C:0E94H         LINE#         131
  C:0E9EH         LINE#         132
  C:0E9EH         LINE#         143
  C:0E9FH         LINE#         144
  C:0EA0H         LINE#         145
  C:0EA1H         LINE#         146
  C:0EA4H         LINE#         147
  C:0EA7H         LINE#         149
  C:0EA7H         LINE#         150
  C:0EAAH         LINE#         151
  C:0EADH         LINE#         152
  C:0EAFH         LINE#         153
  -------         ENDPROC       _DELAY
  -------         PROC          INITIAL_LCD
  C:0C26H         LINE#         158
  C:0C26H         LINE#         159
  C:0C26H         LINE#         160
  C:0C28H         LINE#         161
  C:0C2AH         LINE#         162
  C:0C31H         LINE#         163
  C:0C33H         LINE#         164
  C:0C3AH         LINE#         165
  C:0C41H         LINE#         166
  C:0C48H         LINE#         167
  C:0C4FH         LINE#         168
  C:0C56H         LINE#         169
  C:0C5DH         LINE#         170
  C:0C64H         LINE#         171
  C:0C6BH         LINE#         172
  C:0C72H         LINE#         173
  C:0C79H         LINE#         174
  C:0C80H         LINE#         175
  C:0C87H         LINE#         176
  C:0C8EH         LINE#         177
  C:0C95H         LINE#         178
  C:0C9CH         LINE#         179
  C:0CA3H         LINE#         180
  C:0CAAH         LINE#         181
  C:0CACH         LINE#         182
  -------         ENDPROC       INITIAL_LCD
  C:0E14H         SYMBOL        L?0134
  -------         PROC          L?0133
  -------         ENDPROC       L?0133
  C:0E14H         SYMBOL        L?0134
  -------         PROC          _LCD_ADDRESS
  D:0007H         SYMBOL        page
  D:0004H         SYMBOL        column
  C:0E19H         LINE#         185
  C:0E1BH         LINE#         186
  C:0E1BH         LINE#         188
  C:0E1DH         LINE#         189
  C:0E1DH         LINE#         190
  C:0E1EH         LINE#         191
  C:0E28H         LINE#         192
BL51 BANKED LINKER/LOCATER V6.22.4.0                                                  06/21/2025  18:40:01  PAGE 6


  C:0E35H         LINE#         193
  -------         ENDPROC       _LCD_ADDRESS
  -------         PROC          CLEAR_SCREEN
  -------         DO            
  D:0003H         SYMBOL        i
  D:0004H         SYMBOL        j
  -------         ENDDO         
  C:0EB0H         LINE#         198
  C:0EB0H         LINE#         199
  C:0EB0H         LINE#         201
  C:0EB2H         LINE#         202
  C:0EB4H         LINE#         203
  C:0EB4H         LINE#         204
  C:0EB7H         LINE#         205
  C:0EB9H         LINE#         206
  C:0EB9H         LINE#         207
  C:0EBFH         LINE#         208
  C:0EC3H         LINE#         209
  C:0EC7H         LINE#         210
  C:0EC9H         LINE#         211
  -------         ENDPROC       CLEAR_SCREEN
  -------         PROC          _TEST_DISPLAY
  D:0008H         SYMBOL        data1
  D:0001H         SYMBOL        data2
  -------         DO            
  D:0082H         SYMBOL        i
  D:0002H         SYMBOL        j
  -------         ENDDO         
  C:0DE2H         LINE#         214
  C:0DE6H         LINE#         215
  C:0DE6H         LINE#         217
  C:0DE9H         LINE#         218
  C:0DE9H         LINE#         219
  C:0DEBH         LINE#         220
  C:0DEEH         LINE#         221
  C:0DF1H         LINE#         222
  C:0DF1H         LINE#         223
  C:0DF8H         LINE#         224
  C:0DFFH         LINE#         225
  C:0E08H         LINE#         226
  C:0E13H         LINE#         227
  -------         ENDPROC       _TEST_DISPLAY
  C:0896H         SYMBOL        L?0132
  -------         PROC          L?0131
  -------         ENDPROC       L?0131
  C:0896H         SYMBOL        L?0132
  -------         PROC          _DISPLAY_STRING_8X16
  D:0008H         SYMBOL        fb
  D:0009H         SYMBOL        page
  D:000BH         SYMBOL        column
  D:000DH         SYMBOL        text
  -------         DO            
  D:0010H         SYMBOL        i
  D:0012H         SYMBOL        j
  D:0014H         SYMBOL        k
  D:0002H         SYMBOL        n
  -------         ENDDO         
BL51 BANKED LINKER/LOCATER V6.22.4.0                                                  06/21/2025  18:40:01  PAGE 7


  C:089CH         LINE#         230
  C:08A6H         LINE#         231
  C:08A6H         LINE#         232
  C:08ABH         LINE#         233
  C:08ADH         LINE#         234
  C:08C5H         LINE#         235
  C:08C5H         LINE#         236
  C:08D6H         LINE#         237
  C:08D6H         LINE#         238
  C:08E0H         LINE#         240
  C:08E3H         LINE#         241
  C:08E3H         LINE#         242
  C:08ECH         LINE#         243
  C:08F1H         LINE#         244
  C:08F1H         LINE#         245
  C:0934H         LINE#         246
  C:0975H         LINE#         247
  C:0989H         LINE#         248
  C:0997H         LINE#         249
  C:099FH         LINE#         250
  C:09AAH         LINE#         251
  C:09ADH         LINE#         253
  C:09B5H         LINE#         254
  C:09B8H         LINE#         255
  -------         ENDPROC       _DISPLAY_STRING_8X16
  -------         PROC          _DISPLAY_STRING_8X16_T
  D:0001H         SYMBOL        fb
  D:0017H         SYMBOL        page
  D:0019H         SYMBOL        column
  D:001BH         SYMBOL        text
  -------         DO            
  D:001CH         SYMBOL        j
  D:001EH         SYMBOL        k
  D:0002H         SYMBOL        n
  -------         ENDDO         
  C:0AB9H         LINE#         258
  C:0AC3H         LINE#         259
  C:0AC3H         LINE#         261
  C:0ACDH         LINE#         262
  C:0AD0H         LINE#         263
  C:0AD0H         LINE#         264
  C:0AD9H         LINE#         265
  C:0ADEH         LINE#         266
  C:0ADEH         LINE#         267
  C:0B1FH         LINE#         268
  C:0B60H         LINE#         269
  C:0B74H         LINE#         270
  C:0B82H         LINE#         272
  -------         ENDPROC       _DISPLAY_STRING_8X16_T
  -------         PROC          L?0135
  -------         ENDPROC       L?0135
  -------         PROC          _DISPLAY_STRING_5X8
  D:0008H         SYMBOL        page
  D:000AH         SYMBOL        column
  D:000CH         SYMBOL        text
  -------         DO            
  D:000FH         SYMBOL        i
BL51 BANKED LINKER/LOCATER V6.22.4.0                                                  06/21/2025  18:40:01  PAGE 8


  D:0011H         SYMBOL        j
  D:0002H         SYMBOL        k
  -------         ENDDO         
  C:0B8BH         LINE#         275
  C:0B99H         LINE#         277
  C:0B99H         LINE#         278
  C:0B9EH         LINE#         279
  C:0BA0H         LINE#         280
  C:0BB5H         LINE#         281
  C:0BB5H         LINE#         282
  C:0BBFH         LINE#         283
  C:0BBFH         LINE#         284
  C:0BC9H         LINE#         285
  C:0BD0H         LINE#         286
  C:0BD3H         LINE#         287
  C:0BD3H         LINE#         288
  C:0BFAH         LINE#         289
  C:0C05H         LINE#         290
  C:0C0DH         LINE#         291
  C:0C18H         LINE#         292
  C:0C1AH         LINE#         294
  C:0C22H         LINE#         295
  C:0C25H         LINE#         296
  -------         ENDPROC       _DISPLAY_STRING_5X8
  C:0CB8H         SYMBOL        L?0128
  -------         PROC          L?0127
  -------         ENDPROC       L?0127
  C:0CB8H         SYMBOL        L?0128
  -------         PROC          _DISPLAY_GRAPHIC_16X16
  D:0008H         SYMBOL        fb
  D:0009H         SYMBOL        page
  D:000AH         SYMBOL        column
  D:000BH         SYMBOL        dp
  -------         DO            
  D:000EH         SYMBOL        i
  D:0010H         SYMBOL        j
  -------         ENDDO         
  C:0CBCH         LINE#         301
  C:0CC2H         LINE#         302
  C:0CC2H         LINE#         304
  C:0CC7H         LINE#         305
  C:0CC7H         LINE#         306
  C:0CD1H         LINE#         307
  C:0CD6H         LINE#         308
  C:0CD6H         LINE#         309
  C:0CE9H         LINE#         310
  C:0CF4H         LINE#         311
  C:0CFFH         LINE#         312
  C:0D10H         LINE#         313
  C:0D21H         LINE#         314
  -------         ENDPROC       _DISPLAY_GRAPHIC_16X16
  -------         PROC          DISPLAY_BK
  -------         DO            
  D:0002H         SYMBOL        i
  D:0002H         SYMBOL        j
  -------         ENDDO         
  C:0D22H         LINE#         319
BL51 BANKED LINKER/LOCATER V6.22.4.0                                                  06/21/2025  18:40:01  PAGE 9


  C:0D22H         LINE#         320
  C:0D22H         LINE#         324
  C:0D25H         LINE#         325
  C:0D25H         LINE#         326
  C:0D28H         LINE#         327
  C:0D2FH         LINE#         328
  C:0D3AH         LINE#         331
  C:0D3DH         LINE#         332
  C:0D3DH         LINE#         333
  C:0D45H         LINE#         334
  C:0D4CH         LINE#         335
  C:0D57H         LINE#         338
  C:0D5EH         LINE#         339
  C:0D61H         LINE#         340
  C:0D61H         LINE#         341
  C:0D68H         LINE#         342
  C:0D73H         LINE#         345
  C:0D7AH         LINE#         346
  C:0D7DH         LINE#         347
  C:0D7DH         LINE#         348
  C:0D84H         LINE#         349
  C:0D8FH         LINE#         351
  -------         ENDPROC       DISPLAY_BK
  -------         PROC          MAIN
  C:09B9H         LINE#         355
  C:09B9H         LINE#         356
  C:09B9H         LINE#         358
  C:09BCH         LINE#         360
  C:09BFH         LINE#         361
  C:09BFH         LINE#         363
  C:09C2H         LINE#         365
  C:09C5H         LINE#         367
  C:09D5H         LINE#         368
  C:09DEH         LINE#         369
  C:09E7H         LINE#         372
  C:09EAH         LINE#         375
  C:09EDH         LINE#         376
  C:09F0H         LINE#         377
  C:09F3H         LINE#         378
  C:0A01H         LINE#         379
  C:0A0FH         LINE#         380
  C:0A1DH         LINE#         381
  C:0A20H         LINE#         382
  C:0A23H         LINE#         384
  C:0A26H         LINE#         386
  C:0A2DH         LINE#         387
  C:0A30H         LINE#         388
  C:0A3EH         LINE#         389
  C:0A4CH         LINE#         390
  C:0A5AH         LINE#         391
  C:0A5DH         LINE#         392
  C:0A60H         LINE#         395
  C:0A63H         LINE#         397
  C:0A6AH         LINE#         398
  C:0A6DH         LINE#         400
  C:0A74H         LINE#         401
  C:0A77H         LINE#         403
BL51 BANKED LINKER/LOCATER V6.22.4.0                                                  06/21/2025  18:40:01  PAGE 10


  C:0A7EH         LINE#         404
  C:0A81H         LINE#         406
  C:0A88H         LINE#         407
  C:0A8BH         LINE#         409
  C:0A92H         LINE#         410
  C:0A95H         LINE#         412
  C:0A9CH         LINE#         413
  C:0A9FH         LINE#         415
  C:0AA6H         LINE#         416
  C:0AA9H         LINE#         419
  C:0AACH         LINE#         468
  C:0AB8H         LINE#         471
  -------         ENDPROC       MAIN
  -------         ENDMOD        MAIN

  -------         MODULE        ?C?CLDPTR
  C:0D90H         PUBLIC        ?C?CLDPTR
  -------         ENDMOD        ?C?CLDPTR

  -------         MODULE        ?C?CLDOPTR
  C:0DA9H         PUBLIC        ?C?CLDOPTR
  -------         ENDMOD        ?C?CLDOPTR

  -------         MODULE        ?C?OFFXADD
  C:0DD6H         PUBLIC        ?C?OFFXADD
  -------         ENDMOD        ?C?OFFXADD

*** WARNING L16: UNCALLED SEGMENT, IGNORED FOR OVERLAY PROCESS
    SEGMENT: ?PR?_DISPLAY_STRING_8X16_T?MAIN

Program Size: data=42.0 xdata=0 code=3818
LINK/LOCATE RUN COMPLETE.  1 WARNING(S),  0 ERROR(S)
