C51 COMPILER V9.60.7.0   MAIN                                                              06/21/2025 18:40:00 PAGE 1   


C51 COMPILER V9.60.7.0, COMPILATION OF MODULE MAIN
OBJECT MODULE PLACED IN .\Objects\main.obj
COMPILER INVOKED BY: D:\KEIL_STM32\C51\BIN\C51.EXE main.c OPTIMIZE(8,SPEED) BROWSE DEBUG OBJECTEXTEND PRINT(.\Listings\m
                    -ain.lst) OBJECT(.\Objects\main.obj)

line level    source

   1          //产品内核ST7565R    
   2          //ATMEL 89S52  
   3          //STC完全兼容
   4          
   5          #include <reg52.H>
   6          #include <intrins.h>
   7           
   8          //sbit rd=P2^3; 
   9          //sbit wr=P2^4; 
  10          sbit lcd_sclk=P1^2; 
  11          sbit lcd_sid=P1^3;
  12          sbit cs1=P1^4;
  13          sbit reset=P1^5;
  14          sbit rs=P1^6; 
  15          
  16          #define uchar unsigned char
  17          #define uint unsigned int
  18          uchar m1,z,z1,d,d1,s,s1,s10,s100;
  19          uchar code ascii_table_8x16[95][16];
  20          uchar code ascii_table_5x8[95][5];
  21          
  22          
  23          uchar code zhong1[]; //中
  24          uchar code guo1[];       //国
  25          uchar code ke1[];        //科
  26          uchar code ji1[];        //技
  27          
  28          void ini_int1(void) 
  29          { 
  30   1      EA=1; 
  31   1      EX0=1;//允许外部INT0的中断 
  32   1      IT0=1;// 允许中断
  33   1      }
  34          
  35          
  36           int scankey1() interrupt 0 using 1 //使用外部中断1,寄存器组3
  37          { 
  38   1      while(P3^2==0){for(;;);}
  39   1         IE1=0;//中断标志清零 
  40   1         
  41   1      }
  42          
  43          
  44          //=============transfer command to LCM===============并口
  45          /*
  46          void transfer_command(int data1)
  47          {
  48          cs1=0;
  49          rs=0;
  50          //rd=0;
  51          wr=0;
  52          P1=data1;
  53          //rd=1;
  54          wr=1;
C51 COMPILER V9.60.7.0   MAIN                                                              06/21/2025 18:40:00 PAGE 2   

  55          rs=1;
  56          cs1=1;
  57          //rd=0;
  58          }
  59          
  60          //-----------transfer data to LCM---------------
  61          void transfer_data(int data1)
  62          {
  63          cs1=0;
  64          rs=1;
  65          //rd=0;
  66          wr=0;
  67          P1=data1;
  68          //rd=1;
  69          wr=1;
  70          rs=0;
  71          cs1=1;
  72          //rd=0;
  73          }
  74          */
  75          //=============transfer command to LCM===============串口
  76          
  77          void transfer_command(int data1)
  78          
  79          {
  80   1      char i;
  81   1      cs1=0;
  82   1      rs=0;
  83   1      for(i=0;i<8;i++)
  84   1      {
  85   2      lcd_sclk=0;
  86   2      //delay_us(10); //加少量延时
  87   2      if(data1&0x80) lcd_sid=1;
  88   2      else lcd_sid=0;
  89   2      lcd_sclk=1;
  90   2      //delay_us(10); //加少量延时
  91   2      data1=data1<<=1;
  92   2      }
  93   1      cs1=1;
  94   1      }
  95          
  96          
  97          
  98          
  99          //-----------transfer data to LCM---------------
 100          void transfer_data(int data1)
 101          {
 102   1      char i;
 103   1      
 104   1      cs1=0;
 105   1      rs=1;
 106   1      for(i=0;i<8;i++)
 107   1      {
 108   2      lcd_sclk=0;
 109   2      if(data1&0x80) lcd_sid=1;
 110   2      else lcd_sid=0;
 111   2      lcd_sclk=1;
 112   2      data1=data1<<=1;
 113   2      }
 114   1      cs1=1;
 115   1      }
 116          
C51 COMPILER V9.60.7.0   MAIN                                                              06/21/2025 18:40:00 PAGE 3   

 117          
 118          
 119          //=============transfer command to LCM===============
 120          
 121          void delay(unsigned int x)//延时 x ms
 122          {
 123   1      /*
 124   1      //AT89S52类延时
 125   1      unsigned char j;
 126   1      while(x--)
 127   1      {for(j=0;j<125;j++)
 128   1      {;}
 129   1       }
 130   1      */
 131   1      while(x--)
 132   1      {
 133   2      /*
 134   2      //AT89S52类延时
 135   2      unsigned char j;
 136   2      while(x--)
 137   2      {for(j=0;j<12;j++)
 138   2      {;}
 139   2       }
 140   2      */      
 141   2      unsigned char i, j;
 142   2      
 143   2              _nop_();
 144   2              _nop_();
 145   2              _nop_();
 146   2              i = 11;
 147   2              j = 190;
 148   2              do
 149   2              {
 150   3                      while (--j);
 151   3              } while (--i);
 152   2       }
 153   1      }
 154          
 155          
 156          
 157          /*LCD 模块初始化*/
 158          void initial_lcd()
 159          {
 160   1      cs1=0;
 161   1      reset=0; /*低电平复位*/
 162   1      delay(20);
 163   1      reset=1; /*复位完毕*/
 164   1      delay(20);
 165   1      transfer_command(0xe2); /*软复位*/
 166   1      delay(50);
 167   1      transfer_command(0x2c); /*升压步聚1*/
 168   1      delay(50);
 169   1      transfer_command(0x2e); /*升压步聚2*/
 170   1      delay(50);
 171   1      transfer_command(0x2f); /*升压步聚3*/
 172   1      delay(50);
 173   1      transfer_command(0x24); /*粗调对比度，可设置范围0x20～0x27*/
 174   1      transfer_command(0x81); /*微调对比度*/
 175   1      transfer_command(0x20); /*0x1a,微调对比度的值，可设置范围0x00～0x3f 1f*/
 176   1      transfer_command(0xa2); /*1/9 偏压比（bias）*/
 177   1      transfer_command(0xc8); /*行扫描顺序：从上到下*/
 178   1      transfer_command(0xa0); /*列扫描顺序：从左到右*/
C51 COMPILER V9.60.7.0   MAIN                                                              06/21/2025 18:40:00 PAGE 4   

 179   1      transfer_command(0x60); /*起始行：第一行开始*/
 180   1      transfer_command(0xaf); /*开显示*/
 181   1      cs1=1;
 182   1      }
 183          
 184          
 185          void lcd_address(uchar page,uchar column)
 186          {
 187   1      
 188   1      cs1=0;
 189   1      column=column; //
 190   1      page=page-1;
 191   1      transfer_command(0xb0+page); 
 192   1      transfer_command(((column>>4)&0x0f)+0x10); //设置列地址的高4 位
 193   1      transfer_command(column&0x0f); //设置列地址的低4 位
 194   1      }
 195          
 196          
 197          /*全屏清屏*/
 198          void clear_screen()
 199          {
 200   1      unsigned char i,j;
 201   1      cs1=0;
 202   1      for(i=0;i<9;i++)
 203   1      {
 204   2      lcd_address(1+i,1);
 205   2      for(j=0;j<132;j++)
 206   2      {
 207   3      transfer_data(0x00);
 208   3      }
 209   2      }
 210   1      cs1=1;
 211   1      }
 212          
 213          
 214          void test_display(uchar data1,uchar data2)
 215          {
 216   1      int i,j;
 217   1      for(j=0;j<8;j++)
 218   1      {
 219   2      cs1=0;
 220   2      lcd_address(j+1,1);//页，列地址
 221   2      for(i=0;i<64;i++)
 222   2      {
 223   3      transfer_data(data1);
 224   3      transfer_data(data2);
 225   3      }
 226   2      }
 227   1      }
 228          
 229          
 230          void display_string_8x16(uchar fb,uint page,uint column,uchar *text)
 231          {
 232   1      uint i=0,j,k,n;
 233   1      cs1=0;
 234   1      while(text[i]>0x00)
 235   1      {
 236   2      if((text[i]>=0x20)&&(text[i]<=0x7e))
 237   2      {
 238   3      j=text[i]-0x20;
 239   3      
 240   3      for(n=0;n<2;n++)
C51 COMPILER V9.60.7.0   MAIN                                                              06/21/2025 18:40:00 PAGE 5   

 241   3      {
 242   4      lcd_address(page+n,column);
 243   4      for(k=0;k<8;k++)
 244   4      {
 245   5      if (fb==1) transfer_data(ascii_table_8x16[j][k+8*n]);
 246   5      else transfer_data(~(ascii_table_8x16[j][k+8*n]));
 247   5      }
 248   4      }
 249   3      i++;
 250   3      column+=8;
 251   3      }
 252   2      else
 253   2      i++;
 254   2      }
 255   1      }
 256          
 257          
 258          void display_string_8x16_t(uchar fb,uint page,uint column,uchar text)
 259          {
 260   1              uint j,k,n;
 261   1              j=text+16;
 262   1              for(n=0;n<2;n++)
 263   1              {                               
 264   2              lcd_address(page+n,column);
 265   2                      for(k=0;k<8;k++)
 266   2                      {
 267   3                      if (fb==1) transfer_data(ascii_table_8x16[j][k+8*n]);
 268   3                      else transfer_data(~(ascii_table_8x16[j][k+8*n]));
 269   3                      }
 270   2              }
 271   1                      
 272   1      } 
 273           
 274           
 275          void display_string_5x8(uint page,uint column,uchar *text)
 276          
 277          {
 278   1      uint i=0,j,k;
 279   1      cs1=0;
 280   1      while(text[i]>0x00)
 281   1      {
 282   2      if((text[i]>=0x20)&&(text[i]<0x7e))     
 283   2      {
 284   3      j=text[i]-0x20;
 285   3      lcd_address(page,column);
 286   3      for(k=0;k<5;k++)                                        
 287   3      {
 288   4      transfer_data(ascii_table_5x8[j][k]);
 289   4      }
 290   3      i++;
 291   3      column+=6;                                                      
 292   3      }
 293   2      else
 294   2      i++;
 295   2      }
 296   1      }
 297          
 298          
 299          
 300          
 301          void display_graphic_16x16(uchar fb,uchar page,uchar column,uchar *dp)
 302          {
C51 COMPILER V9.60.7.0   MAIN                                                              06/21/2025 18:40:00 PAGE 6   

 303   1      uint i,j;
 304   1      for(j=0;j<2;j++)
 305   1      {
 306   2      lcd_address(page+j,column);
 307   2      for (i=0;i<16;i++)
 308   2      {
 309   3      if(fb==1) transfer_data(*dp);
 310   3      else transfer_data(~(*dp)); 
 311   3      dp++;
 312   3      }
 313   2      }
 314   1      }
 315          
 316          
 317          //显示128x64 点阵边框
 318          
 319          void display_bk()
 320          {
 321   1      uint i,j;
 322   1      
 323   1      //左框
 324   1      for(j=0;j<8;j++)
 325   1      {
 326   2      lcd_address(j+1,1);
 327   2      transfer_data(0xff); 
 328   2      }
 329   1      
 330   1      //右框
 331   1      for(j=0;j<8;j++)
 332   1      {
 333   2      lcd_address(j+1,128);
 334   2      transfer_data(0xff); 
 335   2      }
 336   1      
 337   1      //上框
 338   1      lcd_address(1,2);
 339   1      for (i=0;i<126;i++)
 340   1      {
 341   2      transfer_data(0x01);
 342   2      }
 343   1      
 344   1      //下框
 345   1      lcd_address(8,2);
 346   1      for (i=0;i<126;i++)
 347   1      {
 348   2      transfer_data(0x80); 
 349   2      }
 350   1      
 351   1      }
 352          
 353          
 354          //~~~~~~~~~~~~~~~~~~~~~@~~~~~~~~&~~~~~~~~~~@~~~~~~~~~~~~程序开始
 355          void main(void)
 356          {
 357   1              
 358   1              ini_int1();//开中断
 359   1              
 360   1      for(m1=0;m1<50;m1++)
 361   1              {
 362   2      
 363   2              initial_lcd();
 364   2              
C51 COMPILER V9.60.7.0   MAIN                                                              06/21/2025 18:40:00 PAGE 7   

 365   2              clear_screen(); //clear all dots
 366   2      //      display_string_8x16(0,1,32,"Oriental");
 367   2              display_string_8x16(1,3,16,"LCM12864-COG");
 368   2              display_string_5x8(5,1,"DOTS:128*64/SPI");
 369   2              display_string_5x8(6,1,"FSTN display/ST7567");
 370   2      //      display_string_5x8(7,1,"www.oriental-lcd.com");
 371   2      //      display_string_5x8(8,1,"ShenZhen Oriental Technology");
 372   2              delay(200);
 373   2              //~~~~~~~~~~~~~~~~~~~~~@~~~~~~~~&~~~~~~~~~~@~~~~~~~~~~~~8屏，自建字符演示
 374   2      
 375   2              clear_screen(); //clear all dots
 376   2              display_bk();
 377   2              display_graphic_16x16(1,3,33,zhong1);   
 378   2              display_graphic_16x16(1,3,49,guo1);     
 379   2              display_graphic_16x16(1,3,65,ke1);      
 380   2              display_graphic_16x16(1,3,81,ji1);      
 381   2              display_string_8x16(1,5,40,"128*64");
 382   2              delay(200);
 383   2              //~~~~~~~~~~~~~~~~~~~~~@~~~~~~~~&~~~~~~~~~~@~~~~~~~~~~~~9屏，自建汉字图形
 384   2              clear_screen(); //clear all dots
 385   2      
 386   2              transfer_command(0xa7);//反显
 387   2              display_graphic_16x16(1,3,33,zhong1);   
 388   2              display_graphic_16x16(1,3,49,guo1);     
 389   2              display_graphic_16x16(1,3,65,ke1);      
 390   2              display_graphic_16x16(1,3,81,ji1);      
 391   2              display_string_8x16(1,5,40,"128*64");
 392   2              delay(200);
 393   2              //~~~~~~~~~~~~~~~~~~~~~@~~~~~~~~&~~~~~~~~~~@~~~~~~~~~~~~10屏，反白演示
 394   2      
 395   2              clear_screen(); //clear all dots
 396   2      
 397   2              test_display(0xaa,0xaa); 
 398   2              delay(200);
 399   2              //~~~~~~~~~~~~~~~~~~~~~@~~~~~~~~&~~~~~~~~~~@~~~~~~~~~~~~1屏，横
 400   2              test_display(0x55,0x55); 
 401   2              delay(200);
 402   2              //~~~~~~~~~~~~~~~~~~~~~@~~~~~~~~&~~~~~~~~~~@~~~~~~~~~~~~2屏，横
 403   2              test_display(0xff,0x00); 
 404   2              delay(200);
 405   2              //~~~~~~~~~~~~~~~~~~~~~@~~~~~~~~&~~~~~~~~~~@~~~~~~~~~~~~3屏，竖
 406   2              test_display(0x00,0xff); 
 407   2              delay(200);
 408   2              //~~~~~~~~~~~~~~~~~~~~~@~~~~~~~~&~~~~~~~~~~@~~~~~~~~~~~~4屏，竖
 409   2              test_display(0x55,0xaa); 
 410   2              delay(200);
 411   2              //~~~~~~~~~~~~~~~~~~~~~@~~~~~~~~&~~~~~~~~~~@~~~~~~~~~~~~5屏，点
 412   2              test_display(0xaa,0x55); 
 413   2              delay(200);
 414   2              //~~~~~~~~~~~~~~~~~~~~~@~~~~~~~~&~~~~~~~~~~@~~~~~~~~~~~~6屏，点
 415   2              test_display(0xff,0xff); 
 416   2              delay(200);
 417   2              //~~~~~~~~~~~~~~~~~~~~~@~~~~~~~~&~~~~~~~~~~@~~~~~~~~~~~~7屏，黑
 418   2      
 419   2              clear_screen(); //clear all dots
 420   2              /*
 421   2              transfer_command(0xa6);
 422   2              }
 423   2              initial_lcd();
 424   2              clear_screen(); //clear all dots
 425   2              //display_graphic_16x16(0,1,0,hui1);    
 426   2              //display_graphic_16x16(0,3,0,jing1); 
C51 COMPILER V9.60.7.0   MAIN                                                              06/21/2025 18:40:00 PAGE 8   

 427   2              display_string_8x16(0,6,0,"TEL:755-01234567");
 428   2              display_string_5x8(8,4,".WWW.SHENZHEN.COM.");    
 429   2              display_string_5x8(1,40,"~~~~~~~~~~~~~~");
 430   2              display_string_5x8(4,40,"~~~~~~~~~~~~~~");
 431   2              for(z=0;z<10;z++)
 432   2              {
 433   2                      display_string_8x16_t(0,2,40,z);                
 434   2                      for(z1=0;z1<10;z1++)
 435   2                      {       
 436   2                              display_string_8x16_t(0,2,48,z1);               
 437   2                              for(d=0;d<6;d++)
 438   2                              {       
 439   2                                      display_string_8x16_t(0,2,56,10);       
 440   2                                      display_string_8x16_t(0,2,64,d);        
 441   2                                      for(d1=0;d1<10;d1++)
 442   2                                      {       
 443   2                                              display_string_8x16_t(0,2,72,d1);       
 444   2                                              for(s=0;s<6;s++)
 445   2                                              {                                       
 446   2                                                      display_string_8x16_t(0,2,80,10);       
 447   2                                                      display_string_8x16_t(0,2,88,s);                
 448   2                                                      for(s1=0;s1<10;s1++)
 449   2                                                      {
 450   2                                                              display_string_8x16_t(0,2,96,s1);                       
 451   2                                                              delay(10);////延时 x ms 
 452   2                                                              display_string_8x16_t(0,2,104,10);      
 453   2                                                              for(s10=0;s10<10;s10++)
 454   2                                                              {
 455   2                                                                      display_string_8x16_t(0,2,112,s10);                             
 456   2                                                                      delay(9);////延时 x ms  
 457   2                                                                      for(s100=0;s100<9;s100++)
 458   2                                                                      {       
 459   2                                                                      display_string_8x16_t(0,2,120,s100);    
 460   2                                                                      delay(9);////延时 x ms  
 461   2                                                                      }
 462   2                                                              }
 463   2                                                      }
 464   2                                              }
 465   2                                      }
 466   2                              }       
 467   2                      }*/     
 468   2              }       
 469   1              //~~~~~~~~~~~~~~~~~~~~~@~~~~~~~~&~~~~~~~~~~@~~~~~~~~~~~~11屏，老化测试          
 470   1              
 471   1      }
 472          
 473          
 474          uchar code ascii_table_8x16[95][16]={
 475          
 476          /*-- 文字: --*/
 477          /*-- Comic Sans MS12; 此字体下对应的点阵为：宽x 高=8x16 --*/
 478          0x00,0x00,0x00,0x00,0x00,0x00,0x00,0x00,0x00,0x00,0x00,0x00,0x00,0x00,0x00,0x00,
 479          /*-- 文字: ! --*/
 480          /*-- Comic Sans MS12; 此字体下对应的点阵为：宽x 高=8x16 --*/
 481          0x00,0x00,0x00,0xF8,0x00,0x00,0x00,0x00,0x00,0x00,0x00,0x33,0x30,0x00,0x00,0x00,
 482          /*-- 文字: " --*/
 483          /*-- Comic Sans MS12; 此字体下对应的点阵为：宽x 高=8x16 --*/
 484          0x00,0x10,0x0C,0x06,0x10,0x0C,0x06,0x00,0x00,0x00,0x00,0x00,0x00,0x00,0x00,0x00,
 485          /*-- 文字: # --*/
 486          /*-- Comic Sans MS12; 此字体下对应的点阵为：宽x 高=8x16 --*/
 487          0x40,0xC0,0x78,0x40,0xC0,0x78,0x40,0x00,0x04,0x3F,0x04,0x04,0x3F,0x04,0x04,0x00,
 488          /*-- 文字: $ --*/
C51 COMPILER V9.60.7.0   MAIN                                                              06/21/2025 18:40:00 PAGE 9   

 489          /*-- Comic Sans MS12; 此字体下对应的点阵为：宽x 高=8x16 --*/
 490          0x00,0x70,0x88,0xFC,0x08,0x30,0x00,0x00,0x00,0x18,0x20,0xFF,0x21,0x1E,0x00,0x00,
 491          /*-- 文字: % --*/
 492          /*-- Comic Sans MS12; 此字体下对应的点阵为：宽x 高=8x16 --*/
 493          0xF0,0x08,0xF0,0x00,0xE0,0x18,0x00,0x00,0x00,0x21,0x1C,0x03,0x1E,0x21,0x1E,0x00,
 494          /*-- 文字: & --*/
 495          /*-- Comic Sans MS12; 此字体下对应的点阵为：宽x 高=8x16 --*/
 496          0x00,0xF0,0x08,0x88,0x70,0x00,0x00,0x00,0x1E,0x21,0x23,0x24,0x19,0x27,0x21,0x10,
 497          /*-- 文字: ' --*/
 498          /*-- Comic Sans MS12; 此字体下对应的点阵为：宽x 高=8x16 --*/
 499          0x10,0x16,0x0E,0x00,0x00,0x00,0x00,0x00,0x00,0x00,0x00,0x00,0x00,0x00,0x00,0x00,
 500          /*-- 文字: ( --*/
 501          /*-- Comic Sans MS12; 此字体下对应的点阵为：宽x 高=8x16 --*/
 502          0x00,0x00,0x00,0xE0,0x18,0x04,0x02,0x00,0x00,0x00,0x00,0x07,0x18,0x20,0x40,0x00,
 503          /*-- 文字: ) --*/
 504          /*-- Comic Sans MS12; 此字体下对应的点阵为：宽x 高=8x16 --*/
 505          0x00,0x02,0x04,0x18,0xE0,0x00,0x00,0x00,0x00,0x40,0x20,0x18,0x07,0x00,0x00,0x00,
 506          /*-- 文字: * --*/
 507          /*-- Comic Sans MS12; 此字体下对应的点阵为：宽x 高=8x16 --*/
 508          0x40,0x40,0x80,0xF0,0x80,0x40,0x40,0x00,0x02,0x02,0x01,0x0F,0x01,0x02,0x02,0x00,
 509          /*-- 文字: + --*/
 510          /*-- Comic Sans MS12; 此字体下对应的点阵为：宽x 高=8x16 --*/
 511          0x00,0x00,0x00,0xF0,0x00,0x00,0x00,0x00,0x01,0x01,0x01,0x1F,0x01,0x01,0x01,0x00,
 512          /*-- 文字: , --*/
 513          /*-- Comic Sans MS12; 此字体下对应的点阵为：宽x 高=8x16 --*/
 514          0x00,0x00,0x00,0x00,0x00,0x00,0x00,0x00,0x80,0xB0,0x70,0x00,0x00,0x00,0x00,0x00,
 515          /*-- 文字: - --*/
 516          /*-- Comic Sans MS12; 此字体下对应的点阵为：宽x 高=8x16 --*/
 517          0x00,0x00,0x00,0x00,0x00,0x00,0x00,0x00,0x00,0x01,0x01,0x01,0x01,0x01,0x01,0x01,
 518          /*-- 文字: . --*/
 519          /*-- Comic Sans MS12; 此字体下对应的点阵为：宽x 高=8x16 --*/
 520          0x00,0x00,0x00,0x00,0x00,0x00,0x00,0x00,0x00,0x30,0x30,0x00,0x00,0x00,0x00,0x00,
 521          /*-- 文字: / --*/
 522          /*-- Comic Sans MS12; 此字体下对应的点阵为：宽x 高=8x16 --*/
 523          0x00,0x00,0x00,0x00,0x80,0x60,0x18,0x04,0x00,0x60,0x18,0x06,0x01,0x00,0x00,0x00,
 524          /*-- 文字: 0 --*/
 525          /*-- Comic Sans MS12; 此字体下对应的点阵为：宽x 高=8x16 --*/
 526          0x00,0xE0,0x10,0x08,0x08,0x10,0xE0,0x00,0x00,0x0F,0x10,0x20,0x20,0x10,0x0F,0x00,
 527          /*-- 文字: 1 --*/
 528          /*-- Comic Sans MS12; 此字体下对应的点阵为：宽x 高=8x16 --*/
 529          0x00,0x10,0x10,0xF8,0x00,0x00,0x00,0x00,0x00,0x20,0x20,0x3F,0x20,0x20,0x00,0x00,
 530          /*-- 文字: 2 --*/
 531          /*-- Comic Sans MS12; 此字体下对应的点阵为：宽x 高=8x16 --*/
 532          0x00,0x70,0x08,0x08,0x08,0x88,0x70,0x00,0x00,0x30,0x28,0x24,0x22,0x21,0x30,0x00,
 533          /*-- 文字: 3 --*/
 534          /*-- Comic Sans MS12; 此字体下对应的点阵为：宽x 高=8x16 --*/
 535          0x00,0x30,0x08,0x88,0x88,0x48,0x30,0x00,0x00,0x18,0x20,0x20,0x20,0x11,0x0E,0x00,
 536          /*-- 文字: 4 --*/
 537          /*-- Comic Sans MS12; 此字体下对应的点阵为：宽x 高=8x16 --*/
 538          0x00,0x00,0xC0,0x20,0x10,0xF8,0x00,0x00,0x00,0x07,0x04,0x24,0x24,0x3F,0x24,0x00,
 539          /*-- 文字: 5 --*/
 540          /*-- Comic Sans MS12; 此字体下对应的点阵为：宽x 高=8x16 --*/
 541          0x00,0xF8,0x08,0x88,0x88,0x08,0x08,0x00,0x00,0x19,0x21,0x20,0x20,0x11,0x0E,0x00,
 542          /*-- 文字: 6 --*/
 543          /*-- Comic Sans MS12; 此字体下对应的点阵为：宽x 高=8x16 --*/
 544          0x00,0xE0,0x10,0x88,0x88,0x18,0x00,0x00,0x00,0x0F,0x11,0x20,0x20,0x11,0x0E,0x00,
 545          /*-- 文字: 7 --*/
 546          /*-- Comic Sans MS12; 此字体下对应的点阵为：宽x 高=8x16 --*/
 547          0x00,0x38,0x08,0x08,0xC8,0x38,0x08,0x00,0x00,0x00,0x00,0x3F,0x00,0x00,0x00,0x00,
 548          /*-- 文字: 8 --*/
 549          /*-- Comic Sans MS12; 此字体下对应的点阵为：宽x 高=8x16 --*/
 550          0x00,0x70,0x88,0x08,0x08,0x88,0x70,0x00,0x00,0x1C,0x22,0x21,0x21,0x22,0x1C,0x00,
C51 COMPILER V9.60.7.0   MAIN                                                              06/21/2025 18:40:00 PAGE 10  

 551          /*-- 文字: 9 --*/
 552          /*-- Comic Sans MS12; 此字体下对应的点阵为：宽x 高=8x16 --*/
 553          0x00,0xE0,0x10,0x08,0x08,0x10,0xE0,0x00,0x00,0x00,0x31,0x22,0x22,0x11,0x0F,0x00,
 554          /*-- 文字: : --*/
 555          /*-- Comic Sans MS12; 此字体下对应的点阵为：宽x 高=8x16 --*/
 556          0x00,0x00,0x00,0xC0,0xC0,0x00,0x00,0x00,0x00,0x00,0x00,0x30,0x30,0x00,0x00,0x00,
 557          /*-- 文字: ; --*/
 558          /*-- Comic Sans MS12; 此字体下对应的点阵为：宽x 高=8x16 --*/
 559          0x00,0x00,0x00,0x80,0x00,0x00,0x00,0x00,0x00,0x00,0x80,0x60,0x00,0x00,0x00,0x00,
 560          /*-- 文字: < --*/
 561          /*-- Comic Sans MS12; 此字体下对应的点阵为：宽x 高=8x16 --*/
 562          0x00,0x00,0x80,0x40,0x20,0x10,0x08,0x00,0x00,0x01,0x02,0x04,0x08,0x10,0x20,0x00,
 563          /*-- 文字: = --*/
 564          /*-- Comic Sans MS12; 此字体下对应的点阵为：宽x 高=8x16 --*/
 565          0x40,0x40,0x40,0x40,0x40,0x40,0x40,0x00,0x04,0x04,0x04,0x04,0x04,0x04,0x04,0x00,
 566          /*-- 文字: > --*/
 567          /*-- Comic Sans MS12; 此字体下对应的点阵为：宽x 高=8x16 --*/
 568          0x00,0x08,0x10,0x20,0x40,0x80,0x00,0x00,0x00,0x20,0x10,0x08,0x04,0x02,0x01,0x00,
 569          /*-- 文字: ? --*/
 570          /*-- Comic Sans MS12; 此字体下对应的点阵为：宽x 高=8x16 --*/
 571          0x00,0x70,0x48,0x08,0x08,0x08,0xF0,0x00,0x00,0x00,0x00,0x30,0x36,0x01,0x00,0x00,
 572          /*-- 文字: @ --*/
 573          /*-- Comic Sans MS12; 此字体下对应的点阵为：宽x 高=8x16 --*/
 574          0xC0,0x30,0xC8,0x28,0xE8,0x10,0xE0,0x00,0x07,0x18,0x27,0x24,0x23,0x14,0x0B,0x00,
 575          /*-- 文字: A --*/
 576          /*-- Comic Sans MS12; 此字体下对应的点阵为：宽x 高=8x16 --*/
 577          0x00,0x00,0xC0,0x38,0xE0,0x00,0x00,0x00,0x20,0x3C,0x23,0x02,0x02,0x27,0x38,0x20,
 578          /*-- 文字: B --*/
 579          /*-- Comic Sans MS12; 此字体下对应的点阵为：宽x 高=8x16 --*/
 580          0x08,0xF8,0x88,0x88,0x88,0x70,0x00,0x00,0x20,0x3F,0x20,0x20,0x20,0x11,0x0E,0x00,
 581          /*-- 文字: C --*/
 582          /*-- Comic Sans MS12; 此字体下对应的点阵为：宽x 高=8x16 --*/
 583          0xC0,0x30,0x08,0x08,0x08,0x08,0x38,0x00,0x07,0x18,0x20,0x20,0x20,0x10,0x08,0x00,
 584          /*-- 文字: D --*/
 585          /*-- Comic Sans MS12; 此字体下对应的点阵为：宽x 高=8x16 --*/
 586          0x08,0xF8,0x08,0x08,0x08,0x10,0xE0,0x00,0x20,0x3F,0x20,0x20,0x20,0x10,0x0F,0x00,
 587          /*-- 文字: E --*/
 588          /*-- Comic Sans MS12; 此字体下对应的点阵为：宽x 高=8x16 --*/
 589          0x08,0xF8,0x88,0x88,0xE8,0x08,0x10,0x00,0x20,0x3F,0x20,0x20,0x23,0x20,0x18,0x00,
 590          /*-- 文字: F --*/
 591          /*-- Comic Sans MS12; 此字体下对应的点阵为：宽x 高=8x16 --*/
 592          0x08,0xF8,0x88,0x88,0xE8,0x08,0x10,0x00,0x20,0x3F,0x20,0x00,0x03,0x00,0x00,0x00,
 593          /*-- 文字: G --*/
 594          /*-- Comic Sans MS12; 此字体下对应的点阵为：宽x 高=8x16 --*/
 595          0xC0,0x30,0x08,0x08,0x08,0x38,0x00,0x00,0x07,0x18,0x20,0x20,0x22,0x1E,0x02,0x00,
 596          /*-- 文字: H --*/
 597          /*-- Comic Sans MS12; 此字体下对应的点阵为：宽x 高=8x16 --*/
 598          0x08,0xF8,0x08,0x00,0x00,0x08,0xF8,0x08,0x20,0x3F,0x21,0x01,0x01,0x21,0x3F,0x20,
 599          /*-- 文字: I --*/
 600          /*-- Comic Sans MS12; 此字体下对应的点阵为：宽x 高=8x16 --*/
 601          0x00,0x08,0x08,0xF8,0x08,0x08,0x00,0x00,0x00,0x20,0x20,0x3F,0x20,0x20,0x00,0x00,
 602          /*-- 文字: J --*/
 603          /*-- Comic Sans MS12; 此字体下对应的点阵为：宽x 高=8x16 --*/
 604          0x00,0x00,0x08,0x08,0xF8,0x08,0x08,0x00,0xC0,0x80,0x80,0x80,0x7F,0x00,0x00,0x00,
 605          /*-- 文字: K --*/
 606          /*-- Comic Sans MS12; 此字体下对应的点阵为：宽x 高=8x16 --*/
 607          0x08,0xF8,0x88,0xC0,0x28,0x18,0x08,0x00,0x20,0x3F,0x20,0x01,0x26,0x38,0x20,0x00,
 608          /*-- 文字: L --*/
 609          /*-- Comic Sans MS12; 此字体下对应的点阵为：宽x 高=8x16 --*/
 610          0x08,0xF8,0x08,0x00,0x00,0x00,0x00,0x00,0x20,0x3F,0x20,0x20,0x20,0x20,0x30,0x00,
 611          /*-- 文字: M --*/
 612          /*-- Comic Sans MS12; 此字体下对应的点阵为：宽x 高=8x16 --*/
C51 COMPILER V9.60.7.0   MAIN                                                              06/21/2025 18:40:00 PAGE 11  

 613          0x08,0xF8,0xF8,0x00,0xF8,0xF8,0x08,0x00,0x20,0x3F,0x00,0x3F,0x00,0x3F,0x20,0x00,
 614          /*-- 文字: N --*/
 615          /*-- Comic Sans MS12; 此字体下对应的点阵为：宽x 高=8x16 --*/
 616          0x08,0xF8,0x30,0xC0,0x00,0x08,0xF8,0x08,0x20,0x3F,0x20,0x00,0x07,0x18,0x3F,0x00,
 617          /*-- 文字: O --*/
 618          /*-- Comic Sans MS12; 此字体下对应的点阵为：宽x 高=8x16 --*/
 619          0xE0,0x10,0x08,0x08,0x08,0x10,0xE0,0x00,0x0F,0x10,0x20,0x20,0x20,0x10,0x0F,0x00,
 620          /*-- 文字: P --*/
 621          /*-- Comic Sans MS12; 此字体下对应的点阵为：宽x 高=8x16 --*/
 622          0x08,0xF8,0x08,0x08,0x08,0x08,0xF0,0x00,0x20,0x3F,0x21,0x01,0x01,0x01,0x00,0x00,
 623          /*-- 文字: Q --*/
 624          /*-- Comic Sans MS12; 此字体下对应的点阵为：宽x 高=8x16 --*/
 625          0xE0,0x10,0x08,0x08,0x08,0x10,0xE0,0x00,0x0F,0x18,0x24,0x24,0x38,0x50,0x4F,0x00,
 626          /*-- 文字: R --*/
 627          /*-- Comic Sans MS12; 此字体下对应的点阵为：宽x 高=8x16 --*/
 628          0x08,0xF8,0x88,0x88,0x88,0x88,0x70,0x00,0x20,0x3F,0x20,0x00,0x03,0x0C,0x30,0x20,
 629          /*-- 文字: S --*/
 630          /*-- Comic Sans MS12; 此字体下对应的点阵为：宽x 高=8x16 --*/
 631          0x00,0x70,0x88,0x08,0x08,0x08,0x38,0x00,0x00,0x38,0x20,0x21,0x21,0x22,0x1C,0x00,
 632          /*-- 文字: T --*/
 633          /*-- Comic Sans MS12; 此字体下对应的点阵为：宽x 高=8x16 --*/
 634          0x18,0x08,0x08,0xF8,0x08,0x08,0x18,0x00,0x00,0x00,0x20,0x3F,0x20,0x00,0x00,0x00,
 635          /*-- 文字: U --*/
 636          /*-- Comic Sans MS12; 此字体下对应的点阵为：宽x 高=8x16 --*/
 637          0x08,0xF8,0x08,0x00,0x00,0x08,0xF8,0x08,0x00,0x1F,0x20,0x20,0x20,0x20,0x1F,0x00,
 638          /*-- 文字: V --*/
 639          /*-- Comic Sans MS12; 此字体下对应的点阵为：宽x 高=8x16 --*/
 640          0x08,0x78,0x88,0x00,0x00,0xC8,0x38,0x08,0x00,0x00,0x07,0x38,0x0E,0x01,0x00,0x00,
 641          /*-- 文字: W --*/
 642          /*-- Comic Sans MS12; 此字体下对应的点阵为：宽x 高=8x16 --*/
 643          0xF8,0x08,0x00,0xF8,0x00,0x08,0xF8,0x00,0x03,0x3C,0x07,0x00,0x07,0x3C,0x03,0x00,
 644          /*-- 文字: X --*/
 645          /*-- Comic Sans MS12; 此字体下对应的点阵为：宽x 高=8x16 --*/
 646          0x08,0x18,0x68,0x80,0x80,0x68,0x18,0x08,0x20,0x30,0x2C,0x03,0x03,0x2C,0x30,0x20,
 647          /*-- 文字: Y --*/
 648          /*-- Comic Sans MS12; 此字体下对应的点阵为：宽x 高=8x16 --*/
 649          0x08,0x38,0xC8,0x00,0xC8,0x38,0x08,0x00,0x00,0x00,0x20,0x3F,0x20,0x00,0x00,0x00,
 650          /*-- 文字: Z --*/
 651          /*-- Comic Sans MS12; 此字体下对应的点阵为：宽x 高=8x16 --*/
 652          0x10,0x08,0x08,0x08,0xC8,0x38,0x08,0x00,0x20,0x38,0x26,0x21,0x20,0x20,0x18,0x00,
 653          /*-- 文字: [ --*/
 654          /*-- Comic Sans MS12; 此字体下对应的点阵为：宽x 高=8x16 --*/
 655          0x00,0x00,0x00,0xFE,0x02,0x02,0x02,0x00,0x00,0x00,0x00,0x7F,0x40,0x40,0x40,0x00,
 656          /*-- 文字: \ --*/
 657          /*-- Comic Sans MS12; 此字体下对应的点阵为：宽x 高=8x16 --*/
 658          0x00,0x0C,0x30,0xC0,0x00,0x00,0x00,0x00,0x00,0x00,0x00,0x01,0x06,0x38,0xC0,0x00,
 659          /*-- 文字: ] --*/
 660          /*-- Comic Sans MS12; 此字体下对应的点阵为：宽x 高=8x16 --*/
 661          0x00,0x02,0x02,0x02,0xFE,0x00,0x00,0x00,0x00,0x40,0x40,0x40,0x7F,0x00,0x00,0x00,
 662          /*-- 文字: ^ --*/
 663          /*-- Comic Sans MS12; 此字体下对应的点阵为：宽x 高=8x16 --*/
 664          0x00,0x00,0x04,0x02,0x02,0x02,0x04,0x00,0x00,0x00,0x00,0x00,0x00,0x00,0x00,0x00,
 665          /*-- 文字: _ --*/
 666          /*-- Comic Sans MS12; 此字体下对应的点阵为：宽x 高=8x16 --*/
 667          0x00,0x00,0x00,0x00,0x00,0x00,0x00,0x00,0x80,0x80,0x80,0x80,0x80,0x80,0x80,0x80,
 668          /*-- 文字: ` --*/
 669          /*-- Comic Sans MS12; 此字体下对应的点阵为：宽x 高=8x16 --*/
 670          0x00,0x02,0x02,0x04,0x00,0x00,0x00,0x00,0x00,0x00,0x00,0x00,0x00,0x00,0x00,0x00,
 671          /*-- 文字: a --*/
 672          /*-- Comic Sans MS12; 此字体下对应的点阵为：宽x 高=8x16 --*/
 673          0x00,0x00,0x80,0x80,0x80,0x80,0x00,0x00,0x00,0x19,0x24,0x22,0x22,0x22,0x3F,0x20,
 674          /*-- 文字: b --*/
C51 COMPILER V9.60.7.0   MAIN                                                              06/21/2025 18:40:00 PAGE 12  

 675          /*-- Comic Sans MS12; 此字体下对应的点阵为：宽x 高=8x16 --*/
 676          0x08,0xF8,0x00,0x80,0x80,0x00,0x00,0x00,0x00,0x3F,0x11,0x20,0x20,0x11,0x0E,0x00,
 677          /*-- 文字: c --*/
 678          /*-- Comic Sans MS12; 此字体下对应的点阵为：宽x 高=8x16 --*/
 679          0x00,0x00,0x00,0x80,0x80,0x80,0x00,0x00,0x00,0x0E,0x11,0x20,0x20,0x20,0x11,0x00,
 680          /*-- 文字: d --*/
 681          /*-- Comic Sans MS12; 此字体下对应的点阵为：宽x 高=8x16 --*/
 682          0x00,0x00,0x00,0x80,0x80,0x88,0xF8,0x00,0x00,0x0E,0x11,0x20,0x20,0x10,0x3F,0x20,
 683          /*-- 文字: e --*/
 684          /*-- Comic Sans MS12; 此字体下对应的点阵为：宽x 高=8x16 --*/
 685          0x00,0x00,0x80,0x80,0x80,0x80,0x00,0x00,0x00,0x1F,0x22,0x22,0x22,0x22,0x13,0x00,
 686          /*-- 文字: f --*/
 687          /*-- Comic Sans MS12; 此字体下对应的点阵为：宽x 高=8x16 --*/
 688          0x00,0x80,0x80,0xF0,0x88,0x88,0x88,0x18,0x00,0x20,0x20,0x3F,0x20,0x20,0x00,0x00,
 689          /*-- 文字: g --*/
 690          /*-- Comic Sans MS12; 此字体下对应的点阵为：宽x 高=8x16 --*/
 691          0x00,0x00,0x80,0x80,0x80,0x80,0x80,0x00,0x00,0x6B,0x94,0x94,0x94,0x93,0x60,0x00,
 692          /*-- 文字: h --*/
 693          /*-- Comic Sans MS12; 此字体下对应的点阵为：宽x 高=8x16 --*/
 694          0x08,0xF8,0x00,0x80,0x80,0x80,0x00,0x00,0x20,0x3F,0x21,0x00,0x00,0x20,0x3F,0x20,
 695          /*-- 文字: i --*/
 696          /*-- Comic Sans MS12; 此字体下对应的点阵为：宽x 高=8x16 --*/
 697          0x00,0x80,0x98,0x98,0x00,0x00,0x00,0x00,0x00,0x20,0x20,0x3F,0x20,0x20,0x00,0x00,
 698          /*-- 文字: j --*/
 699          /*-- Comic Sans MS12; 此字体下对应的点阵为：宽x 高=8x16 --*/
 700          0x00,0x00,0x00,0x80,0x98,0x98,0x00,0x00,0x00,0xC0,0x80,0x80,0x80,0x7F,0x00,0x00,
 701          /*-- 文字: k --*/
 702          /*-- Comic Sans MS12; 此字体下对应的点阵为：宽x 高=8x16 --*/
 703          0x08,0xF8,0x00,0x00,0x80,0x80,0x80,0x00,0x20,0x3F,0x24,0x02,0x2D,0x30,0x20,0x00,
 704          /*-- 文字: l --*/
 705          /*-- Comic Sans MS12; 此字体下对应的点阵为：宽x 高=8x16 --*/
 706          0x00,0x08,0x08,0xF8,0x00,0x00,0x00,0x00,0x00,0x20,0x20,0x3F,0x20,0x20,0x00,0x00,
 707          /*-- 文字: m --*/
 708          /*-- Comic Sans MS12; 此字体下对应的点阵为：宽x 高=8x16 --*/
 709          0x80,0x80,0x80,0x80,0x80,0x80,0x80,0x00,0x20,0x3F,0x20,0x00,0x3F,0x20,0x00,0x3F,
 710          /*-- 文字: n --*/
 711          /*-- Comic Sans MS12; 此字体下对应的点阵为：宽x 高=8x16 --*/
 712          0x80,0x80,0x00,0x80,0x80,0x80,0x00,0x00,0x20,0x3F,0x21,0x00,0x00,0x20,0x3F,0x20,
 713          /*-- 文字: o --*/
 714          /*-- Comic Sans MS12; 此字体下对应的点阵为：宽x 高=8x16 --*/
 715          0x00,0x00,0x80,0x80,0x80,0x80,0x00,0x00,0x00,0x1F,0x20,0x20,0x20,0x20,0x1F,0x00,
 716          /*-- 文字: p --*/
 717          /*-- Comic Sans MS12; 此字体下对应的点阵为：宽x 高=8x16 --*/
 718          0x80,0x80,0x00,0x80,0x80,0x00,0x00,0x00,0x80,0xFF,0xA1,0x20,0x20,0x11,0x0E,0x00,
 719          /*-- 文字: q --*/
 720          /*-- Comic Sans MS12; 此字体下对应的点阵为：宽x 高=8x16 --*/
 721          0x00,0x00,0x00,0x80,0x80,0x80,0x80,0x00,0x00,0x0E,0x11,0x20,0x20,0xA0,0xFF,0x80,
 722          /*-- 文字: r --*/
 723          /*-- Comic Sans MS12; 此字体下对应的点阵为：宽x 高=8x16 --*/
 724          0x80,0x80,0x80,0x00,0x80,0x80,0x80,0x00,0x20,0x20,0x3F,0x21,0x20,0x00,0x01,0x00,
 725          /*-- 文字: s --*/
 726          /*-- Comic Sans MS12; 此字体下对应的点阵为：宽x 高=8x16 --*/
 727          0x00,0x00,0x80,0x80,0x80,0x80,0x80,0x00,0x00,0x33,0x24,0x24,0x24,0x24,0x19,0x00,
 728          /*-- 文字: t --*/
 729          /*-- Comic Sans MS12; 此字体下对应的点阵为：宽x 高=8x16 --*/
 730          0x00,0x80,0x80,0xE0,0x80,0x80,0x00,0x00,0x00,0x00,0x00,0x1F,0x20,0x20,0x00,0x00,
 731          /*-- 文字: u --*/
 732          /*-- Comic Sans MS12; 此字体下对应的点阵为：宽x 高=8x16 --*/
 733          0x80,0x80,0x00,0x00,0x00,0x80,0x80,0x00,0x00,0x1F,0x20,0x20,0x20,0x10,0x3F,0x20,
 734          /*-- 文字: v --*/
 735          /*-- Comic Sans MS12; 此字体下对应的点阵为：宽x 高=8x16 --*/
 736          0x80,0x80,0x80,0x00,0x00,0x80,0x80,0x80,0x00,0x01,0x0E,0x30,0x08,0x06,0x01,0x00,
C51 COMPILER V9.60.7.0   MAIN                                                              06/21/2025 18:40:00 PAGE 13  

 737          /*-- 文字: w --*/
 738          /*-- Comic Sans MS12; 此字体下对应的点阵为：宽x 高=8x16 --*/
 739          0x80,0x80,0x00,0x80,0x00,0x80,0x80,0x80,0x0F,0x30,0x0C,0x03,0x0C,0x30,0x0F,0x00,
 740          /*-- 文字: x --*/
 741          /*-- Comic Sans MS12; 此字体下对应的点阵为：宽x 高=8x16 --*/
 742          0x00,0x80,0x80,0x00,0x80,0x80,0x80,0x00,0x00,0x20,0x31,0x2E,0x0E,0x31,0x20,0x00,
 743          /*-- 文字: y --*/
 744          /*-- Comic Sans MS12; 此字体下对应的点阵为：宽x 高=8x16 --*/
 745          0x80,0x80,0x80,0x00,0x00,0x80,0x80,0x80,0x80,0x81,0x8E,0x70,0x18,0x06,0x01,0x00,
 746          /*-- 文字: z --*/
 747          /*-- Comic Sans MS12; 此字体下对应的点阵为：宽x 高=8x16 --*/
 748          0x00,0x80,0x80,0x80,0x80,0x80,0x80,0x00,0x00,0x21,0x30,0x2C,0x22,0x21,0x30,0x00,
 749          /*-- 文字: { --*/
 750          /*-- Comic Sans MS12; 此字体下对应的点阵为：宽x 高=8x16 --*/
 751          0x00,0x00,0x00,0x00,0x80,0x7C,0x02,0x02,0x00,0x00,0x00,0x00,0x00,0x3F,0x40,0x40,
 752          /*-- 文字: | --*/
 753          /*-- Comic Sans MS12; 此字体下对应的点阵为：宽x 高=8x16 --*/
 754          0x00,0x00,0x00,0x00,0xFF,0x00,0x00,0x00,0x00,0x00,0x00,0x00,0xFF,0x00,0x00,0x00,
 755          /*-- 文字: } --*/
 756          /*-- Comic Sans MS12; 此字体下对应的点阵为：宽x 高=8x16 --*/
 757          0x00,0x02,0x02,0x7C,0x80,0x00,0x00,0x00,0x00,0x40,0x40,0x3F,0x00,0x00,0x00,0x00,
 758          /*-- 文字: ~ --*/
 759          /*-- Comic Sans MS12; 此字体下对应的点阵为：宽x 高=8x16 --*/
 760          0x00,0x06,0x01,0x01,0x02,0x02,0x04,0x04,0x00,0x00,0x00,0x00,0x00,0x00,0x00,0x00
 761          };
 762          
 763          
 764          uchar code ascii_table_5x8[95][5]={
 765          /*二维数组  行 列  */
 766          /*全体ASCII 列表:5x8 点阵*/
 767          0x00,0x00,0x00,0x00,0x00,/*space*/   
 768          0x00,0x00,0x4f,0x00,0x00,//!
 769          0x00,0x07,0x00,0x07,0x00,//"
 770          0x14,0x7f,0x14,0x7f,0x14,//#
 771          0x24,0x2a,0x7f,0x2a,0x12,//$
 772          0x23,0x13,0x08,0x64,0x62,//%
 773          0x36,0x49,0x55,0x22,0x50,//&
 774          0x00,0x05,0x07,0x00,0x00,//]
 775          0x00,0x1c,0x22,0x41,0x00,//(
 776          0x00,0x41,0x22,0x1c,0x00,//)
 777          0x14,0x08,0x3e,0x08,0x14,//*
 778          0x08,0x08,0x3e,0x08,0x08,//+
 779          0x00,0x50,0x30,0x00,0x00,//,
 780          0x08,0x08,0x08,0x08,0x08,//-
 781          0x00,0x60,0x60,0x00,0x00,//.
 782          0x20,0x10,0x08,0x04,0x02,///
 783          0x3e,0x51,0x49,0x45,0x3e,//0
 784          0x00,0x42,0x7f,0x40,0x00,//1
 785          0x42,0x61,0x51,0x49,0x46,//2
 786          0x21,0x41,0x45,0x4b,0x31,//3
 787          0x18,0x14,0x12,0x7f,0x10,//4
 788          0x27,0x45,0x45,0x45,0x39,//5
 789          0x3c,0x4a,0x49,0x49,0x30,//6
 790          0x01,0x71,0x09,0x05,0x03,//7
 791          0x36,0x49,0x49,0x49,0x36,//8
 792          0x06,0x49,0x49,0x29,0x1e,//9
 793          0x00,0x36,0x36,0x00,0x00,//:
 794          0x00,0x56,0x36,0x00,0x00,//;
 795          0x08,0x14,0x22,0x41,0x00,//<
 796          0x14,0x14,0x14,0x14,0x14,//=
 797          0x00,0x41,0x22,0x14,0x08,//>
 798          0x02,0x01,0x51,0x09,0x06,//?
C51 COMPILER V9.60.7.0   MAIN                                                              06/21/2025 18:40:00 PAGE 14  

 799          0x32,0x49,0x79,0x41,0x3e,//@
 800          0x7e,0x11,0x11,0x11,0x7e,//A
 801          0x7f,0x49,0x49,0x49,0x36,//B
 802          0x3e,0x41,0x41,0x41,0x22,//C
 803          0x7f,0x41,0x41,0x22,0x1c,//D
 804          0x7f,0x49,0x49,0x49,0x41,//E
 805          0x7f,0x09,0x09,0x09,0x01,//F
 806          0x3e,0x41,0x49,0x49,0x7a,//G
 807          0x7f,0x08,0x08,0x08,0x7f,//H
 808          0x00,0x41,0x7f,0x41,0x00,//I
 809          0x20,0x40,0x41,0x3f,0x01,//J
 810          0x7f,0x08,0x14,0x22,0x41,//K
 811          0x7f,0x40,0x40,0x40,0x40,//L
 812          0x7f,0x02,0x0c,0x02,0x7f,//M
 813          0x7f,0x04,0x08,0x10,0x7f,//N
 814          0x3e,0x41,0x41,0x41,0x3e,//O
 815          0x7f,0x09,0x09,0x09,0x06,//P
 816          0x3e,0x41,0x51,0x21,0x5e,//Q
 817          0x7f,0x09,0x19,0x29,0x46,//R
 818          0x46,0x49,0x49,0x49,0x31,//S
 819          0x01,0x01,0x7f,0x01,0x01,//T
 820          0x3f,0x40,0x40,0x40,0x3f,//U
 821          0x1f,0x20,0x40,0x20,0x1f,//V
 822          0x3f,0x40,0x38,0x40,0x3f,//W
 823          0x63,0x14,0x08,0x14,0x63,//X
 824          0x07,0x08,0x70,0x08,0x07,//Y
 825          0x61,0x51,0x49,0x45,0x43,//Z
 826          0x00,0x7f,0x41,0x41,0x00,//[
 827          0x02,0x04,0x08,0x10,0x20,//斜杠
 828          0x00,0x41,0x41,0x7f,0x00,//]
 829          0x04,0x02,0x01,0x02,0x04,//^
 830          0x40,0x40,0x40,0x40,0x40,//_
 831          0x01,0x02,0x04,0x00,0x00,//`
 832          0x20,0x54,0x54,0x54,0x78,//a
 833          0x7f,0x48,0x48,0x48,0x30,//b
 834          0x38,0x44,0x44,0x44,0x44,//c
 835          0x30,0x48,0x48,0x48,0x7f,//d
 836          0x38,0x54,0x54,0x54,0x58,//e
 837          0x00,0x08,0x7e,0x09,0x02,//f
 838          0x48,0x54,0x54,0x54,0x3c,//g
 839          0x7f,0x08,0x08,0x08,0x70,//h
 840          0x00,0x00,0x7a,0x00,0x00,//i
 841          0x20,0x40,0x40,0x3d,0x00,//j
 842          0x7f,0x20,0x28,0x44,0x00,//k
 843          0x00,0x41,0x7f,0x40,0x00,//l
 844          0x7c,0x04,0x38,0x04,0x7c,//m
 845          0x7c,0x08,0x04,0x04,0x78,//n
 846          0x38,0x44,0x44,0x44,0x38,//o
 847          0x7c,0x14,0x14,0x14,0x08,//p
 848          0x08,0x14,0x14,0x14,0x7c,//q
 849          0x7c,0x08,0x04,0x04,0x08,//r
 850          0x48,0x54,0x54,0x54,0x24,//s
 851          0x04,0x04,0x3f,0x44,0x24,//t
 852          0x3c,0x40,0x40,0x40,0x3c,//u
 853          0x1c,0x20,0x40,0x20,0x1c,//v
 854          0x3c,0x40,0x30,0x40,0x3c,//w
 855          0x44,0x28,0x10,0x28,0x44,//x
 856          0x04,0x48,0x30,0x08,0x04,//y
 857          0x44,0x64,0x54,0x4c,0x44,//z
 858          0x08,0x36,0x41,0x41,0x00,//{
 859          0x00,0x00,0x77,0x00,0x00,//|
 860          0x00,0x41,0x41,0x36,0x08,//}
C51 COMPILER V9.60.7.0   MAIN                                                              06/21/2025 18:40:00 PAGE 15  

 861          0x04,0x02,0x02,0x02,0x01,//~
 862          };
 863          
 864          uchar code zhong1[]={
 865          /*--  文字:  中  --*/
 866          /*--  宋体12;  此字体下对应的点阵为：宽x高=16x16   --*/
 867          0x00,0x00,0xF0,0x10,0x10,0x10,0x10,0xFF,0x10,0x10,0x10,0x10,0xF0,0x00,0x00,0x00,
 868          0x00,0x00,0x0F,0x04,0x04,0x04,0x04,0xFF,0x04,0x04,0x04,0x04,0x0F,0x00,0x00,0x00,
 869          };
 870          
 871          uchar code guo1[]={
 872          /*--  文字:  国  --*/
 873          /*--  宋体12;  此字体下对应的点阵为：宽x高=16x16   --*/
 874          0x00,0xFE,0x02,0x12,0x92,0x92,0x92,0xF2,0x92,0x92,0x92,0x12,0x02,0xFE,0x00,0x00,
 875          0x00,0xFF,0x40,0x48,0x48,0x48,0x48,0x4F,0x48,0x4A,0x4C,0x48,0x40,0xFF,0x00,0x00,
 876          };
 877          
 878          uchar code ke1[]={/*--  文字:  科  --*/
 879          /*--  宋体12;  此字体下对应的点阵为：宽x高=16x16   --*/
 880          0x24,0x24,0xA4,0xFE,0xA3,0x22,0x00,0x22,0xCC,0x00,0x00,0xFF,0x00,0x00,0x00,0x00,
 881          0x08,0x06,0x01,0xFF,0x00,0x01,0x04,0x04,0x04,0x04,0x04,0xFF,0x02,0x02,0x02,0x00,
 882          };
 883          uchar code ji1[]={/*--  文字:  技  --*/
 884          /*--  宋体12;  此字体下对应的点阵为：宽x高=16x16   --*/
 885          0x10,0x10,0x10,0xFF,0x10,0x90,0x08,0x88,0x88,0x88,0xFF,0x88,0x88,0x88,0x08,0x00,
 886          0x04,0x44,0x82,0x7F,0x01,0x80,0x80,0x40,0x43,0x2C,0x10,0x28,0x46,0x81,0x80,0x00,
 887          };
 888          
 889          
 890          
 891          
 892          
 893          
 894          


MODULE INFORMATION:   STATIC OVERLAYABLE
   CODE SIZE        =   1539    ----
   CONSTANT SIZE    =   2179    ----
   XDATA SIZE       =   ----    ----
   PDATA SIZE       =   ----    ----
   DATA SIZE        =      9      48
   IDATA SIZE       =   ----    ----
   BIT SIZE         =   ----    ----
END OF MODULE INFORMATION.


C51 COMPILATION COMPLETE.  0 WARNING(S),  0 ERROR(S)
