C51 COMPILER V9.60.7.0   MAIN                                                              09/18/2025 10:01:31 PAGE 1   


C51 COMPILER V9.60.7.0, COMPILATION OF MODULE MAIN
OBJECT MODULE PLACED IN .\Objects\main.obj
COMPILER INVOKED BY: D:\KEIL_STM32\C51\BIN\C51.EXE main.c OPTIMIZE(8,SPEED) BROWSE DEBUG OBJECTEXTEND PRINT(.\Listings\m
                    -ain.lst) OBJECT(.\Objects\main.obj)

line level    source

   1          #include <reg51.h>
   2          #include <intrins.h>
   3          #include "16032.h"
   4          #include "picture.h"
   5          unsigned char mode;
   6          
   7          void main(void)
   8          { 
   9   1              
  10   1      //      lcdreset();                   
  11   1      //    Clean(' '); 
  12   1      //      charlcdfill(0x10);
  13   1      //      exdelay(); 
  14   1      //    Clean(' '); 
  15   1      //      fillLCD_OddColumn(0xFF, 0x00);
  16   1      //      exdelay(); 
  17   1      //      fillLCD_OddColumn(0x00, 0xff);
  18   1      //      exdelay(); 
  19   1      //      fillLCD_OddColumn(0xaa, 0x55);
  20   1      //      exdelay(); 
  21   1      //      fillLCD_OddColumn(0x55, 0xaa);
  22   1      //      exdelay(); 
  23   1      //      fillLCD_OddColumn(0xaa, 0xaa);
  24   1      //      exdelay(); 
  25   1      //      fillLCD_OddColumn(0x55, 0x55);
  26   1      //      exdelay();
  27   1      //      fillLCD_OddColumn(0xff, 0x55);
  28   1      //      exdelay();
  29   1      //      fillLCD_OddColumn(0x55, 0xff);
  30   1      //      exdelay();
  31   1      //      fillLCD_OddColumn(0x00, 0x00);
  32   1      //      putstrxy(0,0,"广东烨辉科技有限公司");   
  33   1      //    putstrxy(3,1," LCM16032_03 ");   
  34   1      
  35   1      while(1)
  36   1          { 
  37   2              lcdreset();                   
  38   2          Clean(' '); 
  39   2              charlcdfill(0x10);
  40   2              exdelay(); exdelay(); 
  41   2          Clean(' '); 
  42   2              fillLCD_OddColumn(0xFF, 0x00);
  43   2              exdelay(); exdelay(); 
  44   2              fillLCD_OddColumn(0x00, 0xff);
  45   2              exdelay(); exdelay();
  46   2              fillLCD_OddColumn(0xaa, 0x55);
  47   2              exdelay(); exdelay();
  48   2              fillLCD_OddColumn(0x55, 0xaa);
  49   2              exdelay();exdelay(); 
  50   2              fillLCD_OddColumn(0xaa, 0xaa);
  51   2              exdelay(); exdelay();
  52   2              fillLCD_OddColumn(0x55, 0x55);
  53   2              exdelay();exdelay();            
  54   2              fillLCD_OddColumn(0x00, 0x00);
C51 COMPILER V9.60.7.0   MAIN                                                              09/18/2025 10:01:31 PAGE 2   

  55   2              putstrxy(3,0,"Made in China");  
  56   2          putstrxy(3,1," LCM16032_03 ");  
  57   2              exdelay();exdelay();exdelay();exdelay();
  58   2      //      if (ReadKey()) 
  59   2      //{
  60   2      //    mode++;
  61   2      //    mode %= 10;
  62   2      //    Clean(' ');
  63   2      //      fillLCD_OddColumn(0x00, 0x00);
  64   2      //      lcdreset(); 
  65   2      //    switch (mode) 
  66   2      //      
  67   2      //      {
  68   2      //        case 0:
  69   2      //            fillLCD_OddColumn(0xff, 0x00);
  70   2      //            break;
  71   2      //        case 1:
  72   2      //            fillLCD_OddColumn(0x00, 0xFF);
  73   2      //            break;
  74   2      //        case 2:
  75   2      //            fillLCD_OddColumn(0xAA, 0x55);
  76   2      //            break;
  77   2      //        case 3:
  78   2      //            fillLCD_OddColumn(0x55, 0xAA);
  79   2      //            break;
  80   2      //              case 4:
  81   2      //            fillLCD_OddColumn(0xAA, 0xAA);
  82   2      //                 break;
  83   2      //          case 5:
  84   2      //            fillLCD_OddColumn(0x55, 0x55);
  85   2      //            break;
  86   2      //        case 6:
  87   2      //            fillLCD_OddColumn(0xFF, 0x55);
  88   2      //            break;
  89   2      //        case 7:
  90   2      //            fillLCD_OddColumn(0x55, 0xFF);
  91   2      //            break;
  92   2      //              case 8:
  93   2      //            fillLCD_OddColumn(0xFF, 0xFF);
  94   2      //            break;
  95   2      //        case 9:
  96   2      //            putstrxy(0,0,"广东烨辉科技有限公司"); 
  97   2      //                      putstrxy(3,1," LCM16032_03 ");  
  98   2      //            break;
  99   2      //      }
 100   2      //}             
 101   2          }
 102   1      }
 103          
 104          //void main(void)   
 105          //{
 106          //      lcdreset();                   
 107          //    Clean(' '); 
 108          //    while (1)  
 109          //    {      
 110          //        if (ReadKey()) 
 111          //        {
 112          //            HandleKey(); 
 113          //        } 
 114          //        else 
 115          //        {          
 116          //            DisplayPatterns(); 
C51 COMPILER V9.60.7.0   MAIN                                                              09/18/2025 10:01:31 PAGE 3   

 117          //        }
 118          //    }   
 119          //}


MODULE INFORMATION:   STATIC OVERLAYABLE
   CODE SIZE        =    151    ----
   CONSTANT SIZE    =     28    ----
   XDATA SIZE       =   ----    ----
   PDATA SIZE       =   ----    ----
   DATA SIZE        =      1    ----
   IDATA SIZE       =   ----    ----
   BIT SIZE         =   ----    ----
END OF MODULE INFORMATION.


C51 COMPILATION COMPLETE.  0 WARNING(S),  0 ERROR(S)
