C51 COMPILER V9.60.7.0   MAIN                                                              09/22/2025 09:38:39 PAGE 1   


C51 COMPILER V9.60.7.0, COMPILATION OF MODULE MAIN
OBJECT MODULE PLACED IN .\Objects\main.obj
COMPILER INVOKED BY: D:\KEIL_STM32\C51\BIN\C51.EXE main.c LARGE OPTIMIZE(8,SPEED) BROWSE DEBUG OBJECTEXTEND PRINT(.\List
                    -ings\main.lst) OBJECT(.\Objects\main.obj)

line level    source

   1          #include "320240.h"
   2          #include "PIC.h"
   3          unsigned char mode;
   4          void main(void)
   5          {
   6   1               P0=P1=P2=P3=0xff;
   7   1               delay(10);
   8   1               reset=0;
   9   1               delay(10);
  10   1               reset=1;
  11   1               delay(500);
  12   1      //       lcd_init();
  13   1      //       delay(500);
  14   1      //              DisplayDots(0xAA, 0xAA);
  15   1      //              delay(5000);
  16   1      //              DisplayDots(0x55, 0x55);
  17   1      //              delay(5000);
  18   1      //              DisplayDots(0xAA, 0x55);
  19   1      //              delay(5000);
  20   1      //              DisplayDots(0x55, 0xAA);
  21   1      //              delay(5000);
  22   1      //              DisplayDots(0xff, 0x00);
  23   1      //              delay(5000);
  24   1      //              DisplayDots(0x00, 0xff);
  25   1      //              delay(5000);
  26   1      //              demo_picture();
  27   1      //              delay(5000);            
  28   1       while(1)
  29   1              {
  30   2                      
  31   2                      
  32   2                      
  33   2                      
  34   2                               lcd_init();
  35   2               delay(500);
  36   2                      DisplayDots(0xAA, 0xAA);
  37   2                      delay(5000);
  38   2                      DisplayDots(0x55, 0x55);
  39   2                      delay(5000);
  40   2                      DisplayDots(0xAA, 0x55);
  41   2                      delay(5000);
  42   2                      DisplayDots(0x55, 0xAA);
  43   2                      delay(5000);
  44   2                      DisplayDots(0xff, 0x00);
  45   2                      delay(5000);
  46   2                      DisplayDots(0x00, 0xff);
  47   2                      delay(5000);
  48   2                      demo_picture();
  49   2                      delay(5000);    
  50   2      //              if(ReadKey1())
  51   2      //              mode++;
  52   2      //              mode%=8;
  53   2      //              DisplayDots(0x00,0x00);
  54   2      //              switch(mode)
C51 COMPILER V9.60.7.0   MAIN                                                              09/22/2025 09:38:39 PAGE 2   

  55   2      //              {       
  56   2      //              case 0:DisplayDots(0xff,0x00);
  57   2      //              break;
  58   2      //              case 1:DisplayDots(0x00,0xFF);
  59   2      //              break;
  60   2      //              case 2:DisplayDots(0x55,0x55);
  61   2      //              break;
  62   2      //              case 3:DisplayDots(0xAA,0xAA);
  63   2      //              break;
  64   2      //              case 4:DisplayDots(0xaa,0x55);
  65   2      //              break;
  66   2      //              case 5:DisplayDots(0x55,0xAA);
  67   2      //              break;
  68   2      //              case 6:DisplayDots(0xFF,0xFF);
  69   2      //              break;
  70   2      //              case 7:demo_picture();  
  71   2      //              break;
  72   2      
  73   2      //              }
  74   2              }
  75   1      }


MODULE INFORMATION:   STATIC OVERLAYABLE
   CODE SIZE        =    164    ----
   CONSTANT SIZE    =   ----    ----
   XDATA SIZE       =      1    ----
   PDATA SIZE       =   ----    ----
   DATA SIZE        =   ----    ----
   IDATA SIZE       =   ----    ----
   BIT SIZE         =   ----    ----
END OF MODULE INFORMATION.


C51 COMPILATION COMPLETE.  0 WARNING(S),  0 ERROR(S)
