C51 COMPILER V9.60.7.0   CHINESE_CODE                                                      08/25/2025 09:17:28 PAGE 1   


C51 COMPILER V9.60.7.0, COMPILATION OF MODULE CHINESE_CODE
OBJECT MODULE PLACED IN .\Objects\Chinese_code.obj
COMPILER INVOKED BY: D:\KEIL_STM32\C51\BIN\C51.EXE Chinese_code.c OPTIMIZE(8,SPEED) BROWSE DEBUG OBJECTEXTEND PRINT(.\Li
                    -stings\Chinese_code.lst) OBJECT(.\Objects\Chinese_code.obj)

line level    source

   1          
   2          #include "Chinese_code.h"
   3          
   4          uchar code cheng1[]={
   5          /* (32 X 32 , 宋体 成 )*/
   6          0x00,0x00,0x00,0x00,0x00,0x00,0x00,0x00,0x00,0x00,0x00,0x00,0x00,0x00,0x00,0x00,
   7          0x1C,0xF8,0xF8,0x08,0x00,0x00,0x18,0x30,0xF0,0x60,0x00,0x80,0x00,0x00,0x00,0x00,
   8          0x00,0x00,0x00,0x00,0x00,0xFF,0xFE,0x02,0x02,0x02,0x02,0x02,0x02,0x82,0x82,0x02,
   9          0x02,0x3F,0xFF,0x82,0x02,0x02,0x02,0x02,0x82,0xF2,0xE3,0x03,0x03,0x02,0x00,0x00,
  10          0x00,0x00,0x00,0x00,0x80,0xFF,0x1F,0x01,0x01,0x01,0x01,0x01,0x81,0xFF,0x07,0x00,
  11          0x00,0x00,0x07,0x3F,0xF8,0xE0,0xF0,0x3E,0x0F,0x03,0x00,0x00,0x00,0x80,0x00,0x00,
  12          0x00,0x40,0x20,0x18,0x0F,0x01,0x00,0x00,0x01,0x02,0x02,0x0E,0x07,0x43,0x20,0x10,
  13          0x18,0x0C,0x06,0x03,0x01,0x01,0x03,0x07,0x0E,0x1C,0x18,0x38,0x3C,0x3F,0x00,0x00,
  14          };
  15          
  16          uchar code gon[]={      
  17          /* (32 X 32 , 宋体 功)*/
  18          0x00,0x00,0x80,0x80,0x80,0x80,0x80,0x80,0x80,0x80,0x80,0x80,0x80,0xC0,0xC0,0x80,
  19          0x00,0x00,0x00,0x00,0xFC,0xFC,0x00,0x00,0x00,0x00,0x00,0x00,0x00,0x00,0x00,0x00,
  20          0x00,0x00,0x00,0x00,0x00,0x00,0x00,0x00,0xFF,0xFF,0x00,0x00,0x00,0x00,0x00,0x08,
  21          0x08,0x08,0x08,0x08,0xFF,0x1F,0x08,0x08,0x08,0x08,0x08,0xFC,0xFC,0x00,0x00,0x00,
  22          0x00,0x00,0x80,0x80,0x80,0x80,0xC0,0xC0,0x7F,0x7F,0x20,0x20,0x20,0x20,0x10,0x10,
  23          0x00,0xC0,0xF0,0x3F,0x07,0x00,0x00,0x00,0x00,0x00,0x80,0xFF,0x07,0x00,0x00,0x00,
  24          0x00,0x00,0x01,0x03,0x01,0x01,0x00,0x00,0x00,0x40,0x40,0x20,0x10,0x18,0x0C,0x06,
  25          0x03,0x01,0x00,0x08,0x08,0x18,0x10,0x30,0x70,0x30,0x3F,0x0F,0x00,0x00,0x00,0x00,
  26          };
  27          
  28          
  29          
  30          uchar code Chinese_text_16x16[]=
  31          {
  32                  "粉尘测量一般试校准模式充电→↓温度控制器设定℃欢迎光临晶联讯管理系统按进入"
  33          };
  34          
  35          //横屏显示是纵向取模,字节倒序
  36          uchar code Chinese_code_16x16[]={
  37          /*--  文字:  粉  --*/
  38          /*--  新宋体12;  此字体下对应的点阵为：宽x高=16x16   --*/
  39          0x24,0x38,0xE0,0xFF,0x30,0xAC,0xC0,0xB0,0x8E,0x80,0x80,0x8F,0xB2,0xC0,0x40,0x00,
  40          0x08,0x07,0x00,0xFF,0x01,0x82,0x40,0x30,0x0F,0x40,0x80,0x40,0x3F,0x00,0x00,0x00,
  41                  
  42          /*--  文字:  尘  --*/
  43          /*--  新宋体12;  此字体下对应的点阵为：宽x高=16x16   --*/
  44          0x40,0x20,0x10,0x0C,0x08,0x00,0x00,0x7F,0x00,0x00,0x04,0x08,0x10,0x70,0x20,0x00,
  45          0x40,0x40,0x44,0x44,0x44,0x44,0x44,0x7F,0x44,0x44,0x44,0x44,0x44,0x44,0x40,0x00,
  46          
  47          /*--  文字:  测  --*/
  48          /*--  新宋体12;  此字体下对应的点阵为：宽x高=16x16   --*/
  49          0x08,0x31,0x86,0x60,0x00,0xFE,0x02,0xF2,0x02,0xFE,0x00,0xF8,0x00,0x00,0xFF,0x00,
  50          0x04,0xFC,0x03,0x00,0x80,0x47,0x30,0x0F,0x10,0x67,0x00,0x07,0x40,0x80,0x7F,0x00,
  51          
  52          /*--  文字:  量  --*/
  53          /*--  新宋体12;  此字体下对应的点阵为：宽x高=16x16   --*/
  54          0x40,0x40,0x40,0xDF,0x55,0x55,0x55,0xD5,0x55,0x55,0x55,0xDF,0x40,0x40,0x40,0x00,
C51 COMPILER V9.60.7.0   CHINESE_CODE                                                      08/25/2025 09:17:28 PAGE 2   

  55          0x40,0x40,0x40,0x57,0x55,0x55,0x55,0x7F,0x55,0x55,0x55,0x57,0x50,0x40,0x40,0x00,
  56          
  57          /*--  文字:  一  --*/
  58          /*--  新宋体12;  此字体下对应的点阵为：宽x高=16x16   --*/
  59          0x00,0x80,0x80,0x80,0x80,0x80,0x80,0x80,0x80,0x80,0x80,0x80,0x80,0xC0,0x80,0x00,
  60          0x00,0x00,0x00,0x00,0x00,0x00,0x00,0x00,0x00,0x00,0x00,0x00,0x00,0x00,0x00,0x00,
  61          
  62          /*--  文字:  般  --*/
  63          /*--  新宋体12;  此字体下对应的点阵为：宽x高=16x16   --*/
  64          0x80,0x80,0xFC,0x96,0xA5,0xFC,0x80,0x40,0x3E,0x02,0x02,0x02,0x3E,0x40,0x40,0x00,
  65          0x80,0x60,0x1F,0x42,0x84,0x7F,0x80,0x41,0x27,0x19,0x19,0x25,0x43,0xC1,0x40,0x00,
  66          
  67          /*--  文字:  试  --*/
  68          /*--  新宋体12;  此字体下对应的点阵为：宽x高=16x16   --*/
  69          0x40,0x42,0xDC,0x08,0x00,0x90,0x90,0x90,0x90,0x90,0xFF,0x10,0x12,0x1C,0x10,0x00,
  70          0x00,0x00,0x7F,0x20,0x10,0x20,0x20,0x1F,0x10,0x10,0x01,0x06,0x18,0x20,0x78,0x00,
  71          
  72          /*--  文字:  校  --*/
  73          /*--  新宋体12;  此字体下对应的点阵为：宽x高=16x16   --*/
  74          0x08,0x88,0x68,0xFF,0x28,0x48,0x00,0x88,0x68,0x09,0x0E,0x08,0xA8,0x48,0x88,0x00,
  75          0x02,0x01,0x00,0xFF,0x00,0x40,0x42,0x21,0x26,0x18,0x18,0x26,0x61,0xC0,0x40,0x00,
  76          
  77          /*--  文字:  准  --*/
  78          /*--  新宋体12;  此字体下对应的点阵为：宽x高=16x16   --*/
  79          0x00,0x02,0x1C,0xC8,0x20,0x10,0xFF,0x4A,0x48,0x49,0xFE,0x48,0x68,0x4C,0x08,0x00,
  80          0x02,0x02,0x7E,0x01,0x00,0x00,0x7F,0x22,0x22,0x22,0x3F,0x22,0x23,0x32,0x20,0x00,
  81          
  82          /*--  文字:  模  --*/
  83          /*--  新宋体12;  此字体下对应的点阵为：宽x高=16x16   --*/
  84          0x10,0xD0,0xFF,0x50,0x90,0x04,0xF4,0x54,0x5F,0x54,0x54,0x5F,0xF4,0x04,0x00,0x00,
  85          0x03,0x00,0xFF,0x00,0x00,0x84,0x85,0x45,0x35,0x0F,0x15,0x25,0x65,0xC4,0x44,0x00,
  86          
  87          /*--  文字:  式  --*/
  88          /*--  新宋体12;  此字体下对应的点阵为：宽x高=16x16   --*/
  89          0x00,0x08,0x88,0x88,0x88,0x88,0x88,0x08,0xFF,0x08,0x09,0x0E,0x0A,0x08,0x00,0x00,
  90          0x00,0x20,0x60,0x30,0x1F,0x10,0x08,0x08,0x00,0x07,0x18,0x20,0x40,0x80,0x70,0x00,
  91          
  92          /*--  文字:  充  --*/
  93          /*--  新宋体12;  此字体下对应的点阵为：宽x高=16x16   --*/
  94          0x00,0x04,0x84,0xC4,0xA4,0xB4,0x9D,0x96,0x84,0x94,0xA4,0xC4,0x84,0x04,0x00,0x00,
  95          0x00,0x80,0x40,0x20,0x18,0x07,0x00,0x00,0x3F,0x40,0x40,0x41,0x40,0x70,0x00,0x00,
  96          
  97          /*--  文字:  电  --*/
  98          /*--  新宋体12;  此字体下对应的点阵为：宽x高=16x16   --*/
  99          0x00,0x00,0xF8,0x48,0x48,0x48,0x48,0xFF,0x48,0x48,0x48,0x48,0xF8,0x00,0x00,0x00,
 100          0x00,0x00,0x0F,0x04,0x04,0x04,0x04,0x3F,0x44,0x44,0x44,0x44,0x4F,0x40,0x70,0x00,
 101          
 102          /*--  文字:  →  --*/
 103          /*--  新宋体12;  此字体下对应的点阵为：宽x高=16x16   --*/
 104          0x80,0x80,0x80,0x80,0x80,0x80,0x80,0x80,0x80,0x80,0xE0,0xC0,0xC0,0x80,0x80,0x00,
 105          0x00,0x00,0x00,0x00,0x00,0x00,0x00,0x00,0x00,0x00,0x03,0x01,0x01,0x00,0x00,0x00,
 106          
 107          /*--  文字:  ↓  --*/
 108          /*--  新宋体12;  此字体下对应的点阵为：宽x高=16x16   --*/
 109          0x00,0x00,0x00,0x00,0x00,0x00,0x00,0xFF,0x00,0x00,0x00,0x00,0x00,0x00,0x00,0x00,
 110          0x00,0x00,0x00,0x00,0x00,0x08,0x38,0xFF,0x38,0x08,0x00,0x00,0x00,0x00,0x00,0x00,
 111          
 112          /*--  文字:  温  --*/
 113          /*--  新宋体12;  此字体下对应的点阵为：宽x高=16x16   --*/
 114          0x10,0x21,0x86,0x70,0x00,0x7E,0x4A,0x4A,0x4A,0x4A,0x4A,0x7E,0x00,0x00,0x00,0x00,
 115          0x02,0xFE,0x01,0x40,0x7F,0x41,0x41,0x7F,0x41,0x41,0x7F,0x41,0x41,0x7F,0x40,0x00,
 116          
C51 COMPILER V9.60.7.0   CHINESE_CODE                                                      08/25/2025 09:17:28 PAGE 3   

 117          /*--  文字:  度  --*/
 118          /*--  新宋体12;  此字体下对应的点阵为：宽x高=16x16   --*/
 119          0x00,0x00,0xFC,0x04,0x24,0x24,0xFC,0xA5,0xA6,0xA4,0xFC,0x24,0x24,0x24,0x04,0x00,
 120          0x80,0x60,0x1F,0x80,0x80,0x42,0x46,0x2A,0x12,0x12,0x2A,0x26,0x42,0xC0,0x40,0x00,
 121          
 122          /*--  文字:  控  --*/
 123          /*--  新宋体12;  此字体下对应的点阵为：宽x高=16x16   --*/
 124          0x08,0x08,0x08,0xFF,0x88,0x48,0x00,0x98,0x48,0x28,0x0A,0x2C,0x48,0xD8,0x08,0x00,
 125          0x02,0x42,0x81,0x7F,0x00,0x00,0x40,0x42,0x42,0x42,0x7E,0x42,0x42,0x42,0x40,0x00,
 126          
 127          /*--  文字:  制  --*/
 128          /*--  新宋体12;  此字体下对应的点阵为：宽x高=16x16   --*/
 129          0x00,0x50,0x4F,0x4A,0x48,0xFF,0x48,0x48,0x48,0x00,0xFC,0x00,0x00,0xFF,0x00,0x00,
 130          0x00,0x00,0x3F,0x01,0x01,0xFF,0x21,0x61,0x3F,0x00,0x0F,0x40,0x80,0x7F,0x00,0x00,
 131          
 132          /*--  文字:  器  --*/
 133          /*--  新宋体12;  此字体下对应的点阵为：宽x高=16x16   --*/
 134          0x40,0x40,0x4F,0x49,0x49,0xC9,0xCF,0x70,0xC0,0xCF,0x49,0x59,0x69,0x4F,0x00,0x00,
 135          0x02,0x02,0x7E,0x45,0x45,0x44,0x7C,0x00,0x7C,0x44,0x45,0x45,0x7E,0x06,0x02,0x00,
 136          
 137          /*--  文字:  设  --*/
 138          /*--  新宋体12;  此字体下对应的点阵为：宽x高=16x16   --*/
 139          0x40,0x41,0xCE,0x04,0x00,0x80,0x40,0xBE,0x82,0x82,0x82,0xBE,0xC0,0x40,0x40,0x00,
 140          0x00,0x00,0x7F,0x20,0x90,0x80,0x40,0x43,0x2C,0x10,0x10,0x2C,0x43,0xC0,0x40,0x00,
 141          
 142          /*--  文字:  定  --*/
 143          /*--  新宋体12;  此字体下对应的点阵为：宽x高=16x16   --*/
 144          0x00,0x10,0x0C,0xA4,0x24,0x24,0x25,0xE6,0x24,0x24,0x24,0x24,0x14,0x0C,0x04,0x00,
 145          0x40,0x20,0x18,0x07,0x08,0x10,0x20,0x7F,0x42,0x42,0x42,0x42,0x40,0x40,0x00,0x00,
 146          
 147          /*--  文字:  ℃ --*/
 148          /*--  新宋体12;  此字体下对应的点阵为：宽x高=16x16   --*/
 149          0x00,0x02,0x05,0xE2,0x18,0x04,0x02,0x02,0x02,0x02,0x02,0x02,0x04,0x1E,0x00,0x00,
 150          0x00,0x00,0x00,0x07,0x18,0x20,0x40,0x40,0x40,0x40,0x40,0x40,0x20,0x18,0x00,0x00,
 151          
 152          /*--  文字:  欢  --*/
 153          /*--  新宋体12;  此字体下对应的点阵为：宽x高=16x16   --*/
 154          0x14,0x24,0x44,0x84,0x64,0x1C,0x20,0x18,0x0F,0xE8,0x08,0x08,0x28,0x18,0x08,0x00,
 155          0x20,0x10,0x4C,0x43,0x43,0x2C,0x20,0x10,0x0C,0x03,0x06,0x18,0x30,0x60,0x20,0x00,
 156          
 157          /*--  文字:  迎  --*/
 158          /*--  新宋体12;  此字体下对应的点阵为：宽x高=16x16   --*/
 159          0x40,0x41,0xCE,0x04,0x00,0xFC,0x04,0x02,0x02,0xFC,0x04,0x04,0x04,0xFC,0x00,0x00,
 160          0x40,0x20,0x1F,0x20,0x40,0x47,0x42,0x41,0x40,0x5F,0x40,0x42,0x44,0x43,0x40,0x00,
 161          
 162          /*--  文字:  光  --*/
 163          /*--  新宋体12;  此字体下对应的点阵为：宽x高=16x16   --*/
 164          0x00,0x40,0x42,0x44,0x5C,0xC8,0x40,0x7F,0x40,0xC0,0x50,0x4E,0x44,0x60,0x40,0x00,
 165          0x00,0x80,0x40,0x20,0x18,0x07,0x00,0x00,0x00,0x3F,0x40,0x40,0x40,0x40,0x78,0x00,
 166          
 167          /*--  文字:  临  --*/
 168          /*--  新宋体12;  此字体下对应的点阵为：宽x高=16x16   --*/
 169          0x00,0xF8,0x00,0x00,0xFE,0x40,0x30,0x8F,0x0A,0x08,0x18,0x68,0x08,0x88,0x08,0x00,
 170          0x00,0x1F,0x00,0x00,0x7F,0x00,0x00,0x7F,0x21,0x21,0x3F,0x21,0x21,0x7F,0x01,0x00,
 171          
 172          /*--  文字:  晶  --*/
 173          /*--  新宋体12;  此字体下对应的点阵为：宽x高=16x16   --*/
 174          0x00,0x00,0x00,0x00,0x7E,0x2A,0x2A,0x2A,0x2A,0x2A,0x2A,0x7E,0x00,0x00,0x00,0x00,
 175          0x00,0x7F,0x25,0x25,0x25,0x25,0x7F,0x00,0x00,0x7F,0x25,0x25,0x25,0x25,0x7F,0x00,
 176          
 177          /*--  文字:  联  --*/
 178          /*--  新宋体12;  此字体下对应的点阵为：宽x高=16x16   --*/
C51 COMPILER V9.60.7.0   CHINESE_CODE                                                      08/25/2025 09:17:28 PAGE 4   

 179          0x02,0xFE,0x92,0x92,0x92,0xFE,0x12,0x11,0x12,0x1C,0xF0,0x18,0x17,0x12,0x10,0x00,
 180          0x08,0x1F,0x08,0x08,0x04,0xFF,0x05,0x81,0x41,0x31,0x0F,0x11,0x21,0xC1,0x41,0x00,
 181          
 182          /*--  文字:  讯  --*/
 183          /*--  新宋体12;  此字体下对应的点阵为：宽x高=16x16   --*/
 184          0x20,0x21,0x2E,0xE4,0x00,0x42,0x42,0xFE,0x42,0x42,0x42,0x02,0xFE,0x00,0x00,0x00,
 185          0x00,0x00,0x00,0x7F,0x20,0x10,0x00,0x7F,0x00,0x00,0x00,0x00,0x3F,0x40,0x38,0x00,
 186          
 187          /*--  文字:  管  --*/
 188          /*--  新宋体12;  此字体下对应的点阵为：宽x高=16x16   --*/
 189          0x08,0x64,0x23,0xA6,0xAA,0xA2,0xAA,0xB4,0xA3,0xA2,0xA6,0x2A,0x22,0x62,0x20,0x00,
 190          0x00,0x00,0x00,0xFF,0x4A,0x4A,0x4A,0x4A,0x4A,0x4A,0x4B,0xF8,0x00,0x00,0x00,0x00,
 191          
 192          /*--  文字:  理  --*/
 193          /*--  新宋体12;  此字体下对应的点阵为：宽x高=16x16   --*/
 194          0x44,0x44,0xFC,0x44,0x44,0x00,0xFE,0x92,0x92,0xFE,0x92,0x92,0x92,0xFE,0x00,0x00,
 195          0x10,0x10,0x0F,0x08,0x48,0x40,0x45,0x44,0x44,0x7F,0x44,0x44,0x44,0x45,0x40,0x00,
 196          
 197          /*--  文字:  系  --*/
 198          /*--  新宋体12;  此字体下对应的点阵为：宽x高=16x16   --*/
 199          0x00,0x00,0x02,0x22,0xB2,0xAA,0x66,0x62,0x22,0x11,0x4D,0x81,0x01,0x01,0x00,0x00,
 200          0x00,0x40,0x21,0x13,0x09,0x05,0x41,0x81,0x7F,0x01,0x05,0x09,0x13,0x62,0x00,0x00,
 201          
 202          /*--  文字:  统  --*/
 203          /*--  新宋体12;  此字体下对应的点阵为：宽x高=16x16   --*/
 204          0x20,0x30,0x2C,0xA3,0x60,0x10,0x84,0xC4,0xA4,0x9D,0x86,0x84,0xA4,0xC4,0x84,0x00,
 205          0x20,0x22,0x23,0x12,0x12,0x92,0x40,0x30,0x0F,0x00,0x00,0x3F,0x40,0x41,0x70,0x00,
 206          
 207          /*--  文字:  按  --*/
 208          /*--  新宋体12;  此字体下对应的点阵为：宽x高=16x16   --*/
 209          0x10,0x10,0x10,0xFF,0x90,0x50,0x98,0x88,0x88,0xE9,0x8E,0x88,0x88,0x98,0x88,0x00,
 210          0x02,0x42,0x81,0x7F,0x00,0x40,0x40,0x26,0x25,0x18,0x08,0x16,0x31,0x60,0x20,0x00,
 211          
 212          /*--  文字:  进  --*/
 213          /*--  新宋体12;  此字体下对应的点阵为：宽x高=16x16   --*/
 214          0x80,0x82,0x9C,0x88,0x00,0x88,0x88,0xFF,0x88,0x88,0x88,0xFF,0x88,0x88,0x80,0x00,
 215          0x00,0x40,0x20,0x1F,0x20,0x50,0x4C,0x43,0x40,0x40,0x40,0x5F,0x40,0x40,0x40,0x00,
 216          
 217          /*--  文字:  入  --*/
 218          /*--  新宋体12;  此字体下对应的点阵为：宽x高=16x16   --*/
 219          0x00,0x00,0x00,0x00,0x01,0x83,0x76,0x18,0x60,0x80,0x00,0x00,0x00,0x00,0x00,0x00,
 220          0x40,0x20,0x10,0x08,0x06,0x01,0x00,0x00,0x00,0x00,0x03,0x04,0x18,0x30,0x10,0x00,
 221          };
 222          
 223          
 224          
 225          uchar code zhuang1[]={
 226          //--  文字:  状  --
 227          //--  宋体12;  此字体下对应的点阵为：宽x高=16x16   --
 228          0x08,0x30,0x00,0xFF,0x20,0x20,0x20,0x20,0xFF,0x20,0xE1,0x26,0x2C,0x20,0x20,0x00,
 229          0x04,0x02,0x01,0xFF,0x40,0x20,0x18,0x07,0x00,0x00,0x03,0x0C,0x30,0x60,0x20,0x00};
 230          
 231          uchar code tai1[]={
 232          //--  文字:  态  --
 233          //--  宋体12;  此字体下对应的点阵为：宽x高=16x16   --
 234          0x00,0x04,0x04,0x04,0x84,0x44,0x34,0x4F,0x94,0x24,0x44,0x84,0x84,0x04,0x00,0x00,
 235          0x00,0x60,0x39,0x01,0x00,0x3C,0x40,0x42,0x4C,0x40,0x40,0x70,0x04,0x09,0x31,0x00};
 236          
 237          uchar code shi1[]={
 238          //--  文字:  使  --
 239          //--  宋体12;  此字体下对应的点阵为：宽x高=16x16   --
 240          0x40,0x20,0xF0,0x1C,0x07,0xF2,0x94,0x94,0x94,0xFF,0x94,0x94,0x94,0xF4,0x04,0x00,
C51 COMPILER V9.60.7.0   CHINESE_CODE                                                      08/25/2025 09:17:28 PAGE 5   

 241          0x00,0x00,0x7F,0x00,0x40,0x41,0x22,0x14,0x0C,0x13,0x10,0x30,0x20,0x61,0x20,0x00};
 242          
 243          uchar code yong1[]={
 244          //--  文字:  用  --
 245          //--  宋体12;  此字体下对应的点阵为：宽x高=16x16   --
 246          0x00,0x00,0x00,0xFE,0x22,0x22,0x22,0x22,0xFE,0x22,0x22,0x22,0x22,0xFE,0x00,0x00,
 247          0x80,0x40,0x30,0x0F,0x02,0x02,0x02,0x02,0xFF,0x02,0x02,0x42,0x82,0x7F,0x00,0x00};
 248          
 249          
 250          uchar code mao_hao[]={
 251          //--  文字:  : (冒号） --
 252          //--  宋体12;  此字体下对应的点阵为：宽x高=8x16   --
 253          0x00,0x00,0x00,0xC0,0xC0,0x00,0x00,0x00,0x00,0x00,0x00,0x30,0x30,0x00,0x00,0x00};
 254          
 255          char code num0[]={
 256          //--  文字:  0  --
 257          //--  宋体12;  此字体下对应的点阵为：宽x高=8x16   --
 258          0x00,0xE0,0x10,0x08,0x08,0x10,0xE0,0x00,0x00,0x0F,0x10,0x20,0x20,0x10,0x0F,0x00
 259          };
 260          char code num1[]={
 261          //--  文字:  1  --
 262          //--  宋体12;  此字体下对应的点阵为：宽x高=8x16   --
 263          0x00,0x10,0x10,0xF8,0x00,0x00,0x00,0x00,0x00,0x20,0x20,0x3F,0x20,0x20,0x00,0x00
 264          };
 265          char code num2[]={
 266          //--  文字:  2  --
 267          //--  宋体12;  此字体下对应的点阵为：宽x高=8x16   --
 268          0x00,0x70,0x08,0x08,0x08,0x88,0x70,0x00,0x00,0x30,0x28,0x24,0x22,0x21,0x30,0x00
 269          };
 270          char code num3[]={
 271          //--  文字:  3  --
 272          //--  宋体12;  此字体下对应的点阵为：宽x高=8x16   --
 273          0x00,0x30,0x08,0x88,0x88,0x48,0x30,0x00,0x00,0x18,0x20,0x20,0x20,0x11,0x0E,0x00
 274          };
 275          char code num4[]={
 276          //--  文字:  4  --
 277          //--  宋体12;  此字体下对应的点阵为：宽x高=8x16   --
 278          0x00,0x00,0xC0,0x20,0x10,0xF8,0x00,0x00,0x00,0x07,0x04,0x24,0x24,0x3F,0x24,0x00
 279          };
 280          
 281          char code num5[]={
 282          //--  文字:  5  --
 283          //--  宋体12;  此字体下对应的点阵为：宽x高=8x16   --
 284          0x00,0xF8,0x08,0x88,0x88,0x08,0x08,0x00,0x00,0x19,0x21,0x20,0x20,0x11,0x0E,0x00
 285          };
 286          
 287          char code num6[]={
 288          //--  文字:  6  --
 289          //--  宋体12;  此字体下对应的点阵为：宽x高=8x16   --
 290          0x00,0xE0,0x10,0x88,0x88,0x18,0x00,0x00,0x00,0x0F,0x11,0x20,0x20,0x11,0x0E,0x00
 291          };
 292          char code num7[]={
 293          //--  文字:  7  --
 294          //--  宋体12;  此字体下对应的点阵为：宽x高=8x16   --
 295          0x00,0x38,0x08,0x08,0xC8,0x38,0x08,0x00,0x00,0x00,0x00,0x3F,0x00,0x00,0x00,0x00
 296          };
 297          char code num8[]={
 298          //--  文字:  8  --
 299          //--  宋体12;  此字体下对应的点阵为：宽x高=8x16   --
 300          0x00,0x70,0x88,0x08,0x08,0x88,0x70,0x00,0x00,0x1C,0x22,0x21,0x21,0x22,0x1C,0x00
 301          };
 302          
C51 COMPILER V9.60.7.0   CHINESE_CODE                                                      08/25/2025 09:17:28 PAGE 6   

 303          char code num9[]={
 304          //--  文字:  9  --
 305          //--  宋体12;  此字体下对应的点阵为：宽x高=8x16   --
 306          0x00,0xE0,0x10,0x08,0x08,0x10,0xE0,0x00,0x00,0x00,0x31,0x22,0x22,0x11,0x0F,0x00
 307          };
 308          
 309          uchar code ascii_table_8x16[95][16]={
 310          
 311          //粗体8x16点阵的ASCII码的点阵数据，从"JLX-GB2312"型号的字库IC中读出来的国标的。
 312          0x00,0x00,0x00,0x00, 0x00,0x00,0x00,0x00, 0x00,0x00,0x00,0x00, 0x00,0x00,0x00,0x00,             //- -(即“空格”）ASC
             -II码：0X20
 313          0x00,0x00,0x38,0xFC, 0xFC,0x38,0x00,0x00, 0x00,0x00,0x00,0x0D, 0x0D,0x00,0x00,0x00,             //-!-                   ASCII码：0X21
 314          0x00,0x0E,0x1E,0x00, 0x00,0x1E,0x0E,0x00, 0x00,0x00,0x00,0x00, 0x00,0x00,0x00,0x00,     //-"-
 315          0x20,0xF8,0xF8,0x20, 0xF8,0xF8,0x20,0x00, 0x02,0x0F,0x0F,0x02, 0x0F,0x0F,0x02,0x00,     //-#-
 316          0x38,0x7C,0x44,0x47, 0x47,0xCC,0x98,0x00, 0x06,0x0C,0x08,0x38, 0x38,0x0F,0x07,0x00,     //-$-
 317          0x30,0x30,0x00,0x80, 0xC0,0x60,0x30,0x00, 0x0C,0x06,0x03,0x01, 0x00,0x0C,0x0C,0x00,     //-%-
 318          0x80,0xD8,0x7C,0xE4, 0xBC,0xD8,0x40,0x00, 0x07,0x0F,0x08,0x08, 0x07,0x0F,0x08,0x00,             //-&-
 319          0x00,0x10,0x1E,0x0E, 0x00,0x00,0x00,0x00, 0x00,0x00,0x00,0x00, 0x00,0x00,0x00,0x00,             //-'-
 320          0x00,0x00,0xF0,0xF8, 0x0C,0x04,0x00,0x00, 0x00,0x00,0x03,0x07, 0x0C,0x08,0x00,0x00,             //-(-
 321          0x00,0x00,0x04,0x0C, 0xF8,0xF0,0x00,0x00, 0x00,0x00,0x08,0x0C, 0x07,0x03,0x00,0x00,             //-)-
 322          
 323          0x80,0xA0,0xE0,0xC0, 0xC0,0xE0,0xA0,0x80, 0x00,0x02,0x03,0x01, 0x01,0x03,0x02,0x00,             //-*-                   ASCII码：0X2A
 324          0x00,0x80,0x80,0xE0, 0xE0,0x80,0x80,0x00, 0x00,0x00,0x00,0x03, 0x03,0x00,0x00,0x00,             //-+-
 325          0x00,0x00,0x00,0x00, 0x00,0x00,0x00,0x00, 0x00,0x00,0x10,0x1E, 0x0E,0x00,0x00,0x00,             //-,-
 326          0x80,0x80,0x80,0x80, 0x80,0x80,0x80,0x00, 0x00,0x00,0x00,0x00, 0x00,0x00,0x00,0x00,             //---
 327          0x00,0x00,0x00,0x00, 0x00,0x00,0x00,0x00, 0x00,0x00,0x00,0x0C, 0x0C,0x00,0x00,0x00,             //-.-
 328          0x00,0x00,0x00,0x80, 0xC0,0x60,0x30,0x00, 0x0C,0x06,0x03,0x01, 0x00,0x00,0x00,0x00,             //-/-
 329          0xF8,0xF8,0x0C,0xC4, 0x0C,0xF8,0xF0,0x00, 0x03,0x07,0x0C,0x08, 0x0C,0x07,0x03,0x00,             //-0-                   ASCII码：0X
             -30
 330          0x00,0x10,0x18,0xFC, 0xFC,0x00,0x00,0x00, 0x00,0x08,0x08,0x0F, 0x0F,0x08,0x08,0x00,             //-1-
 331          0x08,0x0C,0x84,0xC4, 0x64,0x3C,0x18,0x00, 0x0E,0x0F,0x09,0x08, 0x08,0x0C,0x0C,0x00,             //-2-
 332          0x08,0x0C,0x44,0x44, 0x44,0xFC,0xB8,0x00, 0x04,0x0C,0x08,0x08, 0x08,0x0F,0x07,0x00,             //-3-
 333          
 334          0xC0,0xE0,0xB0,0x98, 0xFC,0xFC,0x80,0x00, 0x00,0x00,0x00,0x08, 0x0F,0x0F,0x08,0x00,             //-4-                   ASCII码：0X34
 335          0x7C,0x7C,0x44,0x44, 0x44,0xC4,0x84,0x00, 0x04,0x0C,0x08,0x08, 0x08,0x0F,0x07,0x00,             //-5-
 336          0xF0,0xF8,0x4C,0x44, 0x44,0xC0,0x80,0x00, 0x07,0x0F,0x08,0x08, 0x08,0x0F,0x07,0x00,             //-6-
 337          0x0C,0x0C,0x04,0x84, 0xC4,0x7C,0x3C,0x00, 0x00,0x00,0x0F,0x0F, 0x00,0x00,0x00,0x00,             //-7-
 338          0xB8,0xFC,0x44,0x44, 0x44,0xFC,0xB8,0x00, 0x07,0x0F,0x08,0x08, 0x08,0x0F,0x07,0x00,             //-8-
 339          0x38,0x7C,0x44,0x44, 0x44,0xFC,0xF8,0x00, 0x00,0x08,0x08,0x08, 0x0C,0x07,0x03,0x00,             //-9-
 340          0x00,0x00,0x00,0x30, 0x30,0x00,0x00,0x00, 0x00,0x00,0x00,0x06, 0x06,0x00,0x00,0x00,             //-:-
 341          0x00,0x00,0x00,0x30, 0x30,0x00,0x00,0x00, 0x00,0x00,0x08,0x0E, 0x06,0x00,0x00,0x00,             //-;-
 342          0x00,0x80,0xC0,0x60, 0x30,0x18,0x08,0x00, 0x00,0x00,0x01,0x03, 0x06,0x0C,0x08,0x00,             //-<-
 343          0x00,0x20,0x20,0x20, 0x20,0x20,0x20,0x00, 0x00,0x01,0x01,0x01, 0x01,0x01,0x01,0x00,             //-=-
 344          
 345          0x00,0x08,0x18,0x30, 0x60,0xC0,0x80,0x00, 0x00,0x08,0x0C,0x06, 0x03,0x01,0x00,0x00,             //->-                   ASCII码：0X3E
 346          0x18,0x1C,0x04,0xC4, 0xE4,0x3C,0x18,0x00, 0x00,0x00,0x00,0x0D, 0x0D,0x00,0x00,0x00,             //-?-
 347          0xF0,0xF0,0x08,0xC8, 0xC8,0xF8,0xF0,0x00, 0x07,0x0F,0x08,0x0B, 0x0B,0x0B,0x01,0x00,             //-@-
 348          0xE0,0xF0,0x98,0x8C, 0x98,0xF0,0xE0,0x00, 0x0F,0x0F,0x00,0x00, 0x00,0x0F,0x0F,0x00,             //-A-                   ASCII码：0X41
 349          0x04,0xFC,0xFC,0x44, 0x44,0xFC,0xB8,0x00, 0x08,0x0F,0x0F,0x08, 0x08,0x0F,0x07,0x00,             //-B-
 350          0xF0,0xF8,0x0C,0x04, 0x04,0x0C,0x18,0x00, 0x03,0x07,0x0C,0x08, 0x08,0x0C,0x06,0x00,             //-C-
 351          0x04,0xFC,0xFC,0x04, 0x0C,0xF8,0xF0,0x00, 0x08,0x0F,0x0F,0x08, 0x0C,0x07,0x03,0x00,             //-D-
 352          0x04,0xFC,0xFC,0x44, 0xE4,0x0C,0x1C,0x00, 0x08,0x0F,0x0F,0x08, 0x08,0x0C,0x0E,0x00,             //-E-
 353          0x04,0xFC,0xFC,0x44, 0xE4,0x0C,0x1C,0x00, 0x08,0x0F,0x0F,0x08, 0x00,0x00,0x00,0x00,             //-F-
 354          0xF0,0xF8,0x0C,0x84, 0x84,0x8C,0x98,0x00, 0x03,0x07,0x0C,0x08, 0x08,0x07,0x0F,0x00,             //-G-
 355          
 356          0xFC,0xFC,0x40,0x40, 0x40,0xFC,0xFC,0x00, 0x0F,0x0F,0x00,0x00, 0x00,0x0F,0x0F,0x00,             //-H-                   ASCII码：0X48
 357          0x00,0x00,0x04,0xFC, 0xFC,0x04,0x00,0x00, 0x00,0x00,0x08,0x0F, 0x0F,0x08,0x00,0x00,             //-I-
 358          0x00,0x00,0x00,0x04, 0xFC,0xFC,0x04,0x00, 0x07,0x0F,0x08,0x08, 0x0F,0x07,0x00,0x00,             //-J-
 359          0x04,0xFC,0xFC,0xC0, 0xE0,0x3C,0x1C,0x00, 0x08,0x0F,0x0F,0x00, 0x01,0x0F,0x0E,0x00,             //-K-
 360          0x04,0xFC,0xFC,0x04, 0x00,0x00,0x00,0x00, 0x08,0x0F,0x0F,0x08, 0x08,0x0C,0x0E,0x00,             //-L-
 361          0xFC,0xFC,0x38,0x70, 0x38,0xFC,0xFC,0x00, 0x0F,0x0F,0x00,0x00, 0x00,0x0F,0x0F,0x00,             //-M-
 362          0xFC,0xFC,0x38,0x70, 0xE0,0xFC,0xFC,0x00, 0x0F,0x0F,0x00,0x00, 0x00,0x0F,0x0F,0x00,             //-N-
C51 COMPILER V9.60.7.0   CHINESE_CODE                                                      08/25/2025 09:17:28 PAGE 7   

 363          0xF8,0xFC,0x04,0x04, 0x04,0xFC,0xF8,0x00, 0x07,0x0F,0x08,0x08, 0x08,0x0F,0x07,0x00,             //-O-
 364          0x04,0xFC,0xFC,0x44, 0x44,0x7C,0x38,0x00, 0x08,0x0F,0x0F,0x08, 0x00,0x00,0x00,0x00,             //-P-
 365          0xF8,0xFC,0x04,0x04, 0x04,0xFC,0xF8,0x00, 0x07,0x0F,0x08,0x0E, 0x3C,0x3F,0x27,0x00,             //-Q-
 366          
 367          0x04,0xFC,0xFC,0x44, 0xC4,0xFC,0x38,0x00, 0x08,0x0F,0x0F,0x00, 0x00,0x0F,0x0F,0x00,             //-R-
 368          0x18,0x3C,0x64,0x44, 0xC4,0x9C,0x18,0x00, 0x06,0x0E,0x08,0x08, 0x08,0x0F,0x07,0x00,             //-S-            
 369          0x00,0x1C,0x0C,0xFC, 0xFC,0x0C,0x1C,0x00, 0x00,0x00,0x08,0x0F, 0x0F,0x08,0x00,0x00,             //-T-
 370          0xFC,0xFC,0x00,0x00, 0x00,0xFC,0xFC,0x00, 0x07,0x0F,0x08,0x08, 0x08,0x0F,0x07,0x00,             //-U-
 371          0xFC,0xFC,0x00,0x00, 0x00,0xFC,0xFC,0x00, 0x01,0x03,0x06,0x0C, 0x06,0x03,0x01,0x00,             //-V-
 372          0xFC,0xFC,0x00,0x00, 0x00,0xFC,0xFC,0x00, 0x07,0x0F,0x0E,0x03, 0x0E,0x0F,0x07,0x00,             //-W-
 373          0x0C,0x3C,0xF0,0xE0, 0xF0,0x3C,0x0C,0x00, 0x0C,0x0F,0x03,0x01, 0x03,0x0F,0x0C,0x00,             //-X-
 374          0x00,0x0C,0x7C,0xC0, 0xC0,0x7C,0x3C,0x00, 0x00,0x00,0x08,0x0F, 0x0F,0x08,0x00,0x00,             //-Y-
 375          0x1C,0x0C,0x84,0xC4, 0x64,0x3C,0x1C,0x00, 0x0E,0x0F,0x09,0x08, 0x08,0x0C,0x0E,0x00,             //-Z-
 376          0x00,0x00,0xFC,0xFC, 0x04,0x04,0x00,0x00, 0x00,0x00,0x0F,0x0F, 0x08,0x08,0x00,0x00,             //-[-
 377          
 378          0x38,0x70,0xE0,0xC0, 0x80,0x00,0x00,0x00, 0x00,0x00,0x00,0x01, 0x03,0x07,0x0E,0x00,             //-\-
 379          0x00,0x00,0x04,0x04, 0xFC,0xFC,0x00,0x00, 0x00,0x00,0x08,0x08, 0x0F,0x0F,0x00,0x00,             //-]-             
 380          0x08,0x0C,0x06,0x03, 0x06,0x0C,0x08,0x00, 0x00,0x00,0x00,0x00, 0x00,0x00,0x00,0x00,             //-^-
 381          0x00,0x00,0x00,0x00, 0x00,0x00,0x00,0x00, 0x20,0x20,0x20,0x20, 0x20,0x20,0x20,0x20,             //-_-
 382          0x00,0x00,0x03,0x07, 0x04,0x00,0x00,0x00, 0x00,0x00,0x00,0x00, 0x00,0x00,0x00,0x00,             //-`-
 383          0x00,0xA0,0xA0,0xA0, 0xE0,0xC0,0x00,0x00, 0x07,0x0F,0x08,0x08, 0x07,0x0F,0x08,0x00,             //-a-                   ASCII码：0X61
 384          0x04,0xFC,0xFC,0x20, 0x60,0xC0,0x80,0x00, 0x00,0x0F,0x0F,0x08, 0x08,0x0F,0x07,0x00,             //-b-
 385          0xC0,0xE0,0x20,0x20, 0x20,0x60,0x40,0x00, 0x07,0x0F,0x08,0x08, 0x08,0x0C,0x04,0x00,             //-c-
 386          0x80,0xC0,0x60,0x24, 0xFC,0xFC,0x00,0x00, 0x07,0x0F,0x08,0x08, 0x07,0x0F,0x08,0x00,             //-d-
 387          0xC0,0xE0,0xA0,0xA0, 0xA0,0xE0,0xC0,0x00, 0x07,0x0F,0x08,0x08, 0x08,0x0C,0x04,0x00,             //-e-
 388          
 389          0x40,0xF8,0xFC,0x44, 0x0C,0x18,0x00,0x00, 0x08,0x0F,0x0F,0x08, 0x00,0x00,0x00,0x00,             //-f-
 390          0xC0,0xE0,0x20,0x20, 0xC0,0xE0,0x20,0x00, 0x27,0x6F,0x48,0x48, 0x7F,0x3F,0x00,0x00,             //-g-             
 391          0x04,0xFC,0xFC,0x40, 0x20,0xE0,0xC0,0x00, 0x08,0x0F,0x0F,0x00, 0x00,0x0F,0x0F,0x00,             //-h-
 392          0x00,0x00,0x20,0xEC, 0xEC,0x00,0x00,0x00, 0x00,0x00,0x08,0x0F, 0x0F,0x08,0x00,0x00,             //-i-
 393          0x00,0x00,0x00,0x00, 0x20,0xEC,0xEC,0x00, 0x00,0x30,0x70,0x40, 0x40,0x7F,0x3F,0x00,             //-j-
 394          0x04,0xFC,0xFC,0x80, 0xC0,0x60,0x20,0x00, 0x08,0x0F,0x0F,0x01, 0x03,0x0E,0x0C,0x00,             //-k-
 395          0x00,0x00,0x04,0xFC, 0xFC,0x00,0x00,0x00, 0x00,0x00,0x08,0x0F, 0x0F,0x08,0x00,0x00,             //-l-
 396          0xE0,0xE0,0x60,0xC0, 0x60,0xE0,0xC0,0x00, 0x0F,0x0F,0x00,0x07, 0x00,0x0F,0x0F,0x00,             //-m-
 397          0x20,0xE0,0xC0,0x20, 0x20,0xE0,0xC0,0x00, 0x00,0x0F,0x0F,0x00, 0x00,0x0F,0x0F,0x00,             //-n-
 398          0xC0,0xE0,0x20,0x20, 0x20,0xE0,0xC0,0x00, 0x07,0x0F,0x08,0x08, 0x08,0x0F,0x07,0x00,             //-o-
 399          
 400          0x20,0xE0,0xC0,0x20, 0x20,0xE0,0xC0,0x00, 0x40,0x7F,0x7F,0x48, 0x08,0x0F,0x07,0x00,             //-p-
 401          0xC0,0xE0,0x20,0x20, 0xC0,0xE0,0x20,0x00, 0x07,0x0F,0x08,0x48, 0x7F,0x7F,0x40,0x00,             //-q-                   
 402          0x20,0xE0,0xC0,0x60, 0x20,0xE0,0xC0,0x00, 0x08,0x0F,0x0F,0x08, 0x00,0x00,0x00,0x00,             //-r-
 403          0x40,0xE0,0xA0,0x20, 0x20,0x60,0x40,0x00, 0x04,0x0C,0x09,0x09, 0x0B,0x0E,0x04,0x00,             //-s-
 404          0x20,0x20,0xF8,0xFC, 0x20,0x20,0x00,0x00, 0x00,0x00,0x07,0x0F, 0x08,0x0C,0x04,0x00,             //-t-
 405          0xE0,0xE0,0x00,0x00, 0xE0,0xE0,0x00,0x00, 0x07,0x0F,0x08,0x08, 0x07,0x0F,0x08,0x00,             //-u-
 406          0x00,0xE0,0xE0,0x00, 0x00,0xE0,0xE0,0x00, 0x00,0x03,0x07,0x0C, 0x0C,0x07,0x03,0x00,             //-v-
 407          0xE0,0xE0,0x00,0x80, 0x00,0xE0,0xE0,0x00, 0x07,0x0F,0x0C,0x07, 0x0C,0x0F,0x07,0x00,             //-w-
 408          0x20,0x60,0xC0,0x80, 0xC0,0x60,0x20,0x00, 0x08,0x0C,0x07,0x03, 0x07,0x0C,0x08,0x00,             //-x-
 409          0xE0,0xE0,0x00,0x00, 0x00,0xE0,0xE0,0x00, 0x47,0x4F,0x48,0x48, 0x68,0x3F,0x1F,0x00,             //-y-
 410          
 411          0x60,0x60,0x20,0xA0, 0xE0,0x60,0x20,0x00, 0x0C,0x0E,0x0B,0x09, 0x08,0x0C,0x0C,0x00,             //-z-                   //
 412          0x00,0x40,0x40,0xF8, 0xBC,0x04,0x04,0x00, 0x00,0x00,0x00,0x07, 0x0F,0x08,0x08,0x00,             //-{-                   
 413          0x00,0x00,0x00,0xBC, 0xBC,0x00,0x00,0x00, 0x00,0x00,0x00,0x0F, 0x0F,0x00,0x00,0x00,             //-|-
 414          0x00,0x04,0x04,0xBC, 0xF8,0x40,0x40,0x00, 0x00,0x08,0x08,0x0F, 0x07,0x00,0x00,0x00,             //-}-
 415          0x08,0x0C,0x04,0x0C, 0x08,0x0C,0x04,0x00, 0x00,0x00,0x00,0x00, 0x00,0x00,0x00,0x00,             //-~-              ASCII码：0X
             -7E
 416          
 417          };
 418          
 419          
 420          
 421          uchar code ascii_table_5x8[95][5]={
 422          /*全体ASCII 列表:5x8点阵*/
 423          0x00,0x00,0x00,0x00,0x00,//- -   //space
C51 COMPILER V9.60.7.0   CHINESE_CODE                                                      08/25/2025 09:17:28 PAGE 8   

 424          0x00,0x00,0x4f,0x00,0x00,//-!-
 425          0x00,0x07,0x00,0x07,0x00,//-"-
 426          0x14,0x7f,0x14,0x7f,0x14,//-#-
 427          0x24,0x2a,0x7f,0x2a,0x12,//-$-
 428          0x23,0x13,0x08,0x64,0x62,//-%-
 429          0x36,0x49,0x55,0x22,0x50,//-&-
 430          0x00,0x05,0x07,0x00,0x00,//-'-
 431          0x00,0x1c,0x22,0x41,0x00,//-(-
 432          0x00,0x41,0x22,0x1c,0x00,//-)-
 433          0x14,0x08,0x3e,0x08,0x14,//-*-
 434          0x08,0x08,0x3e,0x08,0x08,//-+-
 435          0x00,0x50,0x30,0x00,0x00,//-,-
 436          0x08,0x08,0x08,0x08,0x08,//---
 437          0x00,0x60,0x60,0x00,0x00,//-.-
 438          0x20,0x10,0x08,0x04,0x02,//-/-
 439          0x3e,0x51,0x49,0x45,0x3e,//-0-
 440          0x00,0x42,0x7f,0x40,0x00,//-1-
 441          0x42,0x61,0x51,0x49,0x46,//-2-
 442          0x21,0x41,0x45,0x4b,0x31,//-3-
 443          0x18,0x14,0x12,0x7f,0x10,//-4-
 444          0x27,0x45,0x45,0x45,0x39,//-5-
 445          0x3c,0x4a,0x49,0x49,0x30,//-6-
 446          0x01,0x71,0x09,0x05,0x03,//-7-
 447          0x36,0x49,0x49,0x49,0x36,//-8-
 448          0x06,0x49,0x49,0x29,0x1e,//-9-
 449          0x00,0x36,0x36,0x00,0x00,//-:-
 450          0x00,0x56,0x36,0x00,0x00,//-;-
 451          0x08,0x14,0x22,0x41,0x00,//-<-
 452          0x14,0x14,0x14,0x14,0x14,//-=-
 453          0x00,0x41,0x22,0x14,0x08,//->-
 454          0x02,0x01,0x51,0x09,0x06,//-?-
 455          0x32,0x49,0x79,0x41,0x3e,//-@-
 456          0x7e,0x11,0x11,0x11,0x7e,//-A-
 457          0x7f,0x49,0x49,0x49,0x36,//-B-
 458          0x3e,0x41,0x41,0x41,0x22,//-C-
 459          0x7f,0x41,0x41,0x22,0x1c,//-D-
 460          0x7f,0x49,0x49,0x49,0x41,//-E-
 461          0x7f,0x09,0x09,0x09,0x01,//-F-
 462          0x3e,0x41,0x49,0x49,0x7a,//-G-
 463          0x7f,0x08,0x08,0x08,0x7f,//-H-
 464          0x00,0x41,0x7f,0x41,0x00,//-I-
 465          0x20,0x40,0x41,0x3f,0x01,//-J-
 466          0x7f,0x08,0x14,0x22,0x41,//-K-
 467          0x7f,0x40,0x40,0x40,0x40,//-L-
 468          0x7f,0x02,0x0c,0x02,0x7f,//-M-
 469          0x7f,0x04,0x08,0x10,0x7f,//-N-
 470          0x3e,0x41,0x41,0x41,0x3e,//-O-
 471          0x7f,0x09,0x09,0x09,0x06,//-P-
 472          0x3e,0x41,0x51,0x21,0x5e,//-Q-
 473          0x7f,0x09,0x19,0x29,0x46,//-R-
 474          0x46,0x49,0x49,0x49,0x31,//-S-
 475          0x01,0x01,0x7f,0x01,0x01,//-T-
 476          0x3f,0x40,0x40,0x40,0x3f,//-U-
 477          0x1f,0x20,0x40,0x20,0x1f,//-V-
 478          0x3f,0x40,0x38,0x40,0x3f,//-W-
 479          0x63,0x14,0x08,0x14,0x63,//-X-
 480          0x07,0x08,0x70,0x08,0x07,//-Y-
 481          0x61,0x51,0x49,0x45,0x43,//-Z-
 482          0x00,0x7f,0x41,0x41,0x00,//-[-
 483          0x02,0x04,0x08,0x10,0x20,//-\-
 484          0x00,0x41,0x41,0x7f,0x00,//-]-
 485          0x04,0x02,0x01,0x02,0x04,//-^-
C51 COMPILER V9.60.7.0   CHINESE_CODE                                                      08/25/2025 09:17:28 PAGE 9   

 486          0x40,0x40,0x40,0x40,0x40,//-_-
 487          0x01,0x02,0x04,0x00,0x00,//-`-
 488          0x20,0x54,0x54,0x54,0x78,//-a-
 489          0x7f,0x48,0x48,0x48,0x30,//-b-
 490          0x38,0x44,0x44,0x44,0x44,//-c-
 491          0x30,0x48,0x48,0x48,0x7f,//-d-
 492          0x38,0x54,0x54,0x54,0x58,//-e-
 493          0x00,0x08,0x7e,0x09,0x02,//-f-
 494          0x48,0x54,0x54,0x54,0x3c,//-g-
 495          0x7f,0x08,0x08,0x08,0x70,//-h-
 496          // 0x7f,0x08,0x08,0x08,0x70,//-h-
 497          0x00,0x00,0x7a,0x00,0x00,//-i-
 498          0x20,0x40,0x40,0x3d,0x00,//-j-
 499          0x7f,0x20,0x28,0x44,0x00,//-k-
 500          0x00,0x41,0x7f,0x40,0x00,//-l-
 501          0x7c,0x04,0x38,0x04,0x7c,//-m-
 502          0x7c,0x08,0x04,0x04,0x78,//-n-
 503          0x38,0x44,0x44,0x44,0x38,//-o-
 504          0x7c,0x14,0x14,0x14,0x08,//-p-
 505          0x08,0x14,0x14,0x14,0x7c,//-q-
 506          0x7c,0x08,0x04,0x04,0x08,//-r-
 507          0x48,0x54,0x54,0x54,0x24,//-s-
 508          0x04,0x04,0x3f,0x44,0x24,//-t-
 509          // 0x04,0x04,0x3f,0x44,0x24,//-t-
 510          0x3c,0x40,0x40,0x40,0x3c,//-u-
 511          0x1c,0x20,0x40,0x20,0x1c,//-v-
 512          0x3c,0x40,0x30,0x40,0x3c,//-w-
 513          0x44,0x28,0x10,0x28,0x44,//-x-
 514          0x04,0x48,0x30,0x08,0x04,//-y-
 515          0x44,0x64,0x54,0x4c,0x44,//-z-
 516          0x08,0x36,0x41,0x41,0x00,//-{-
 517          0x00,0x00,0x77,0x00,0x00,//-|-
 518          0x00,0x41,0x41,0x36,0x08,//-}-
 519          0x04,0x02,0x02,0x02,0x01,//-~-
 520          };
 521          
 522          
 523          
 524          extern  uchar code bmp1[]={
 525          /*--  调入了一幅图像：D:\e\新开发部\显示图案收藏\19264G-329小熊及JERRY.bmp  --*/
 526          /*--  宽度x高度=192x64  --*/
 527          
 528          0xFF,0x01,0x01,0x01,0x01,0x01,0x01,0x81,0xC1,0xE1,0xF1,0xF9,0xF9,0xF9,0xFD,0xFD,
 529          0xFD,0xFD,0xF9,0xF9,0xF1,0xF1,0xE1,0xC1,0xC1,0x41,0x41,0x41,0x41,0x41,0x41,0x41,
 530          0x41,0x41,0xC1,0x81,0x81,0x81,0xC1,0xE1,0xF1,0xF9,0xF9,0xFD,0xFD,0xFD,0xFD,0xFD,
 531          0xFD,0xF9,0xF9,0xF1,0xE1,0xC1,0x01,0x01,0x01,0x01,0x01,0x01,0x01,0x01,0x01,0x01,
 532          0x01,0x01,0x01,0x01,0x01,0x01,0x01,0x01,0xC1,0xE1,0xE1,0xF1,0xF1,0xF9,0xF9,0xF9,
 533          0xF9,0xF9,0xF9,0xF1,0xF1,0xE1,0xC1,0x81,0x01,0x01,0x01,0x01,0x01,0x01,0x01,0x01,
 534          0x01,0x01,0x01,0x01,0x01,0x01,0x01,0x01,0x01,0x01,0x01,0x01,0x01,0x01,0x01,0x01,
 535          0x01,0x01,0x01,0x01,0x01,0x01,0x01,0x01,0x01,0x01,0x01,0x01,0x01,0x01,0x01,0x01,
 536          0x01,0x01,0x01,0x01,0x01,0x01,0x01,0x01,0x01,0x01,0x01,0x01,0x01,0x01,0x01,0x01,
 537          0x01,0x01,0x81,0x81,0xF1,0x79,0x07,0xC3,0x81,0x81,0x81,0x03,0x07,0x3D,0xC1,0x01,
 538          0x01,0x01,0x01,0x01,0x01,0x01,0x01,0x01,0x01,0x01,0x01,0x01,0x01,0x81,0x81,0x81,
 539          0x81,0xC1,0x41,0x41,0xC1,0xC1,0x81,0x81,0x01,0x01,0x01,0x01,0x01,0x01,0x01,0xFF,
 540          0xFF,0x00,0x00,0x00,0x00,0x00,0xFE,0xFF,0xFF,0xFF,0xFF,0xFF,0xFF,0xFF,0x3F,0x1F,
 541          0x0F,0x07,0x07,0x03,0x01,0x01,0x00,0x00,0x00,0x00,0x00,0x00,0x00,0x00,0x00,0x00,
 542          0x00,0x00,0x00,0x00,0x00,0x01,0x01,0x03,0x07,0x07,0x0F,0x1F,0x7F,0xFF,0xFF,0xFF,
 543          0xFF,0xFF,0xFF,0xFF,0xFF,0xFF,0xFF,0x80,0xF0,0xF0,0x60,0x20,0x10,0x10,0x08,0x08,
 544          0x0C,0x04,0x04,0x04,0x04,0x06,0x06,0x07,0x07,0x07,0x07,0x07,0x07,0x0F,0x0F,0x0F,
 545          0x1F,0x3F,0x3F,0x7F,0xFF,0xFF,0xFF,0xFF,0x7E,0x00,0x00,0x00,0x00,0x00,0x00,0x00,
 546          0x00,0x00,0x00,0x00,0x00,0x00,0x00,0x00,0x00,0x00,0x00,0x00,0x00,0x00,0x00,0x00,
 547          0x00,0x00,0x00,0x00,0x00,0x00,0x00,0x00,0x00,0x00,0x00,0x00,0x00,0x00,0x00,0x00,
C51 COMPILER V9.60.7.0   CHINESE_CODE                                                      08/25/2025 09:17:28 PAGE 10  

 548          0x00,0x00,0x01,0x01,0x83,0xC3,0x67,0x27,0x17,0x1F,0x0F,0x0F,0x0F,0x07,0x07,0x07,
 549          0x07,0x07,0x07,0x07,0x07,0x06,0x04,0x0C,0x0C,0x0C,0x09,0x09,0x1F,0x3E,0x3F,0x7C,
 550          0xF8,0xF8,0xF8,0xE0,0xF0,0x78,0x38,0x1C,0xCC,0xEE,0x7F,0x3F,0x1F,0x0F,0x03,0x03,
 551          0x00,0x00,0x00,0x00,0x00,0x01,0x01,0x03,0x03,0x04,0xF8,0xC0,0x00,0x00,0x00,0xFF,
 552          0xFF,0x00,0x00,0x00,0x00,0x00,0x00,0x03,0x07,0xFF,0x3F,0x07,0xC1,0xE0,0xF0,0xF8,
 553          0xF8,0xF8,0xFC,0xFC,0xFC,0xFC,0xF8,0xF8,0xF8,0xF0,0xE0,0xC0,0x00,0x00,0x80,0xC0,
 554          0xE0,0xF0,0xF0,0xF8,0xF8,0xF8,0xF8,0xF8,0xF8,0xF8,0xF0,0xF0,0xE0,0xC0,0x83,0x0F,
 555          0x7F,0xDF,0xEF,0xFF,0xF7,0x19,0x04,0x03,0x01,0x00,0x00,0x00,0x00,0x00,0x00,0x00,
 556          0x00,0x00,0x00,0x00,0x00,0x00,0x00,0xE0,0xF0,0xF8,0xFC,0xFC,0xFC,0xFE,0xFE,0xFE,
 557          0xFE,0xFC,0xFC,0xF8,0xF8,0xF1,0xC3,0x0F,0x38,0xE0,0x80,0x00,0x00,0x00,0x00,0x00,
 558          0x00,0x00,0x00,0x00,0x00,0x00,0x00,0x00,0x00,0x00,0x00,0x00,0x00,0x00,0x00,0x00,
 559          0x00,0x00,0x00,0x00,0x00,0x80,0x80,0xE0,0x60,0xE0,0x60,0xE0,0xE0,0xC0,0x00,0x00,
 560          0x00,0xE0,0xFC,0x07,0x01,0x00,0x80,0x08,0x0C,0x0E,0x0C,0x0C,0x1C,0x18,0x70,0x00,
 561          0x00,0x00,0x10,0x18,0x08,0x0C,0x0C,0x18,0x38,0x30,0x60,0x00,0x00,0x00,0x00,0x00,
 562          0x00,0x01,0x03,0xE1,0x78,0x3C,0x0E,0x07,0x01,0x01,0x00,0x00,0x00,0x00,0x00,0x00,
 563          0x00,0x00,0x00,0x00,0x00,0x00,0x00,0x00,0x00,0x00,0x01,0xFF,0x00,0x00,0x00,0xFF,
 564          0xFF,0x00,0x00,0x00,0x00,0x00,0x00,0x00,0x00,0x7F,0xD8,0x7F,0xFF,0xFF,0xFF,0xFF,
 565          0xFF,0xFF,0x8F,0x07,0x63,0x23,0x27,0x07,0xFF,0xFF,0xFF,0xFF,0x7F,0x7E,0xFF,0xFF,
 566          0xFF,0xFF,0x8F,0x47,0x23,0x23,0x23,0x47,0x8F,0xFF,0xFF,0xFF,0xFF,0xFF,0xFF,0x7C,
 567          0xC0,0x7F,0x11,0xFF,0x00,0xC0,0xF0,0xF8,0xFC,0xFE,0xFE,0xFF,0x7F,0x3F,0x3F,0x3F,
 568          0x3F,0x3E,0xFE,0xFC,0xF8,0xF0,0xFF,0xFF,0xFF,0xFF,0xFF,0xF3,0xC1,0x80,0x9C,0x88,
 569          0x80,0xC1,0xFF,0xFF,0xFF,0xFF,0x7F,0x0F,0x80,0x80,0x7F,0x40,0x40,0x40,0xC0,0x00,
 570          0x00,0x00,0x00,0x00,0x00,0x00,0x00,0x00,0x00,0x00,0x00,0x00,0x80,0xC0,0xC0,0x60,
 571          0xE0,0x00,0x00,0xE0,0x38,0x17,0x00,0x03,0x00,0x01,0xC0,0xFD,0x3E,0x07,0x00,0x00,
 572          0x3C,0xE7,0x80,0x00,0xF0,0x1C,0x03,0xE3,0xE3,0xFE,0xFC,0x00,0x00,0x80,0xF0,0x78,
 573          0x1C,0x0C,0x0C,0x8E,0x8E,0x1C,0xF8,0xC0,0x00,0x00,0x00,0x00,0x00,0x00,0x00,0x00,
 574          0x00,0x00,0x0F,0x39,0x60,0xC0,0xC0,0xC0,0xC0,0xE0,0xE0,0xF0,0x78,0x1C,0x07,0x00,
 575          0x00,0x00,0x00,0x00,0x00,0x00,0x00,0x00,0x80,0xE0,0x7F,0x07,0x00,0x00,0x00,0xFF,
 576          0xFF,0x00,0x00,0x00,0x00,0x00,0x00,0x00,0x00,0x00,0x03,0x6E,0x99,0x93,0x97,0x9F,
 577          0x9F,0xBF,0x7F,0x1F,0x1E,0x0E,0x0E,0x0F,0x07,0x07,0x13,0xB9,0x78,0x38,0xB9,0x03,
 578          0x07,0x0F,0x0F,0x1F,0x1E,0x1E,0x1E,0xFE,0xFF,0x3F,0x3F,0x2F,0x27,0x33,0xF9,0xCE,
 579          0x03,0x00,0x00,0x0F,0x78,0xCF,0x3F,0xFF,0xFF,0xFF,0xFF,0xFF,0xF0,0xF0,0xE1,0xE3,
 580          0xF0,0xF0,0xFC,0xFF,0xFF,0x7F,0x1F,0x00,0x70,0xE1,0xF3,0x77,0x07,0x07,0x07,0x07,
 581          0x07,0x07,0x07,0x03,0x01,0x00,0x06,0xC5,0xF4,0x9C,0xC4,0xC2,0xE2,0xE1,0xE0,0xE0,
 582          0xE0,0xE0,0xE0,0x00,0x00,0x00,0x00,0x00,0xC0,0x7E,0x03,0x0F,0x01,0x0F,0x07,0xC0,
 583          0x3F,0x00,0x03,0x0F,0x0C,0x1C,0x70,0xC0,0x80,0x00,0x00,0x01,0x07,0xDE,0x58,0x71,
 584          0xDC,0xF6,0xF3,0xD0,0xD1,0xD3,0x13,0x23,0xC3,0x93,0x39,0x38,0x18,0x83,0x8F,0x18,
 585          0xD0,0xFE,0xBF,0xFF,0xEF,0xEF,0xA7,0xA3,0x50,0x50,0x50,0x50,0x48,0x68,0x24,0x20,
 586          0x20,0x00,0xF8,0xFE,0x0F,0x07,0x07,0x03,0x03,0x03,0x01,0x00,0x00,0x00,0x00,0x00,
 587          0x00,0x00,0x00,0x80,0xC0,0x60,0x18,0x04,0x03,0x00,0x00,0x00,0x00,0x00,0x00,0xFF,
 588          0xFF,0x00,0x00,0x00,0x00,0x00,0x00,0x00,0x00,0x00,0xC0,0xF0,0xF8,0xF8,0xFC,0xFD,
 589          0xFD,0xFF,0xFE,0xFC,0xFC,0xE8,0xC8,0x18,0x10,0x30,0xF0,0xF0,0xF1,0xF1,0xF0,0x30,
 590          0x10,0x10,0x18,0x08,0x08,0x0C,0x04,0x0E,0x1F,0x3F,0x7F,0xFF,0xFF,0xFF,0xFE,0xFE,
 591          0xFC,0xFC,0xFC,0xF8,0xF8,0xE1,0x1F,0xFC,0xF9,0xF1,0xE3,0xA3,0x93,0xCB,0xCF,0xBF,
 592          0x83,0x03,0x01,0x01,0x00,0x00,0x00,0x00,0x00,0x00,0x80,0x80,0x82,0xC0,0xC0,0xC0,
 593          0xE0,0xF0,0xF0,0xC8,0x0C,0x1E,0x3F,0x3F,0x7F,0xFF,0xFF,0xFF,0xFF,0xFF,0xFF,0xFF,
 594          0xFF,0xFF,0x7F,0x00,0x00,0x00,0x00,0x00,0x3F,0x20,0x20,0x60,0x40,0xC0,0x80,0x03,
 595          0x01,0x03,0x06,0x0C,0x08,0x18,0x30,0xC1,0x87,0x0F,0x7E,0xF0,0xF0,0xC0,0x00,0x01,
 596          0x09,0x01,0x87,0x87,0x8F,0xCE,0xDE,0xFC,0xF8,0xF8,0xF9,0xB9,0xB9,0xF1,0xF0,0xF8,
 597          0x08,0xF8,0xD8,0x09,0x09,0x19,0x19,0x11,0xF1,0xE1,0xC3,0x62,0x22,0x36,0x1C,0x0C,
 598          0x06,0x0F,0x07,0x01,0x06,0x0C,0x08,0x18,0x18,0x18,0x18,0x18,0x18,0x08,0x08,0x0C,
 599          0x0C,0x06,0x03,0x01,0x00,0x00,0x00,0x00,0x00,0x00,0x00,0x00,0x00,0x00,0x00,0xFF,
 600          0xFF,0x00,0x00,0x00,0x00,0x00,0x00,0x00,0x00,0x00,0x3F,0xFF,0xFF,0xFF,0xFF,0xFF,
 601          0xFF,0xFF,0xFF,0xFF,0xFF,0xFF,0x7F,0x3F,0x70,0xFC,0xFF,0xFF,0xFF,0xFF,0xFF,0xFF,
 602          0xFC,0x00,0x00,0x00,0x00,0x00,0x00,0x00,0x00,0x00,0x00,0x00,0x01,0x03,0x0F,0x7F,
 603          0xFF,0x3F,0x3F,0x1F,0x1F,0x67,0xF8,0xFF,0xFF,0xFF,0xFF,0xFF,0x3F,0x1F,0x07,0x01,
 604          0x01,0x01,0x01,0x0F,0x1F,0x3F,0x3F,0x3F,0x3F,0x1F,0x0F,0x0F,0x0F,0x0F,0x0F,0x0F,
 605          0x0F,0x0F,0x0F,0x07,0x00,0x00,0x00,0x00,0x00,0x00,0x03,0x07,0x1F,0xFF,0x87,0x03,
 606          0x01,0x00,0x00,0x00,0x00,0x00,0x00,0x00,0x00,0x00,0x00,0x00,0x00,0x00,0x01,0x03,
 607          0x0C,0x18,0x70,0xE0,0x80,0x00,0x00,0x00,0x01,0x03,0x06,0x98,0xA1,0xEF,0xFF,0x1C,
 608          0x7E,0x2F,0x37,0x03,0x03,0x01,0x01,0x01,0x01,0x10,0x18,0x0C,0x0C,0x07,0x83,0xC1,
 609          0xF0,0x1F,0x07,0x00,0x00,0x00,0x00,0x80,0xE3,0x7F,0x11,0x01,0x00,0x00,0x00,0x00,
C51 COMPILER V9.60.7.0   CHINESE_CODE                                                      08/25/2025 09:17:28 PAGE 11  

 610          0x00,0x00,0x00,0x00,0x00,0x00,0x00,0x00,0x00,0x00,0x00,0x00,0x00,0x00,0x00,0x00,
 611          0x00,0x00,0x00,0x00,0x00,0x00,0x00,0x00,0x00,0x00,0x00,0x00,0x00,0x00,0x00,0xFF,
 612          0xFF,0x80,0x80,0x80,0x80,0x80,0x80,0x80,0x80,0x80,0xBF,0x81,0x80,0x81,0x81,0x83,
 613          0x83,0x83,0x83,0x81,0x81,0x80,0x80,0x80,0x80,0x81,0x83,0x87,0x87,0x87,0x87,0x83,
 614          0x81,0x80,0x80,0x80,0x80,0x80,0x80,0x80,0x80,0x80,0x80,0x80,0x80,0x80,0x80,0x80,
 615          0xBF,0x80,0x80,0x80,0x80,0x80,0x80,0x80,0x81,0xB1,0xBF,0x81,0x80,0x80,0x80,0x80,
 616          0x80,0x80,0x80,0x80,0x80,0x80,0x80,0x80,0x80,0x80,0x80,0x80,0x80,0x80,0x80,0x80,
 617          0x80,0x80,0x80,0x80,0x80,0x80,0x80,0x80,0x80,0x80,0x80,0x80,0x80,0x80,0xBF,0x80,
 618          0x80,0x80,0x80,0x80,0x80,0x80,0x80,0x80,0x80,0x80,0x80,0x80,0x80,0x80,0x80,0x80,
 619          0x80,0x80,0x80,0x80,0x83,0x86,0x8C,0xB8,0xA0,0xB8,0xBE,0xA7,0xB3,0xA0,0x80,0x80,
 620          0x80,0x80,0x80,0x80,0x80,0x80,0x80,0x80,0x80,0x80,0xA0,0xB0,0x88,0x87,0xB0,0x9E,
 621          0x83,0x80,0x80,0x80,0xB0,0x98,0x87,0x83,0x80,0x80,0x80,0x80,0x80,0x80,0x80,0x80,
 622          0x80,0x80,0x80,0x80,0x80,0x80,0x80,0x80,0x80,0x80,0x80,0x80,0x80,0x80,0x80,0x80,
 623          0x80,0x80,0x80,0x80,0x80,0x80,0x80,0x80,0x80,0x80,0x80,0x80,0x80,0x80,0x80,0xFF,
 624          
 625          };
 626          
 627          
 628          uchar code bmp2[]={
 629                  //纵向取模 字节倒序
 630          /*--  调入了一幅图像：E:\WORK\点阵图片\19264点阵图片\G-9806.bmp  --*/
 631          /*--  宽度x高度=192x64  --*/
 632          0x00,0x00,0x10,0x10,0xF8,0x00,0x00,0x00,0x00,0x00,0x00,0x00,0x00,0x00,0x00,0x00,
 633          0x00,0x00,0x00,0x00,0x00,0x7F,0x49,0x49,0x49,0x49,0x49,0x7F,0x00,0x00,0x00,0x00,
 634          0x00,0x02,0xFE,0x92,0x92,0xFE,0x02,0x00,0x10,0x11,0x16,0xF0,0x14,0x13,0x10,0x00,
 635          0x00,0x40,0x40,0x42,0xCC,0x00,0x82,0x82,0xFE,0x82,0x82,0x02,0xFE,0x00,0x00,0x00,
 636          0x00,0x10,0x60,0x02,0x8C,0x00,0x84,0xE4,0x1C,0x05,0xC6,0xBC,0x24,0x24,0xE4,0x04,
 637          0x00,0x00,0x00,0x00,0x00,0x7F,0x49,0x49,0x49,0x49,0x49,0x7F,0x00,0x00,0x00,0x00,
 638          0x00,0x00,0x00,0x00,0xFE,0x92,0x92,0x92,0x92,0x92,0x92,0x92,0xFE,0x00,0x00,0x00,
 639          0x00,0x40,0x40,0x42,0x42,0x42,0x42,0x42,0xC2,0x42,0x42,0x42,0x42,0x42,0x40,0x40,
 640          0x00,0x10,0x10,0xD0,0xFF,0x90,0x14,0xE4,0xAF,0xA4,0xA4,0xA4,0xAF,0xE4,0x04,0x00,
 641          0x00,0x20,0x20,0x20,0xFF,0x20,0x20,0x08,0x08,0x08,0xFF,0x08,0x08,0x08,0xF8,0x00,
 642          0x00,0x00,0x04,0x84,0x84,0x94,0xE4,0x85,0x86,0x84,0xC4,0xB4,0x84,0x84,0x84,0x80,
 643          0x00,0x00,0x00,0x00,0x7E,0x42,0x42,0x42,0x42,0x42,0x42,0x42,0x7E,0x00,0x00,0x00,
 644          0x00,0x00,0x20,0x20,0x3F,0x20,0x20,0x00,0x00,0x00,0x30,0x30,0x00,0x00,0x00,0x00,
 645          0x00,0x00,0xFF,0x49,0x49,0x49,0x49,0xFF,0x00,0xFF,0x49,0x49,0x49,0x49,0xFF,0x00,
 646          0x00,0x10,0x1F,0x08,0x08,0xFF,0x04,0x81,0x41,0x31,0x0D,0x03,0x0D,0x31,0x41,0x81,
 647          0x00,0x00,0x00,0x00,0x7F,0x20,0x10,0x00,0xFF,0x00,0x00,0x00,0x0F,0x30,0x40,0xF8,
 648          0x00,0x04,0x04,0x7E,0x01,0x00,0x00,0xFF,0x82,0x41,0x26,0x18,0x29,0x46,0x81,0x80,
 649          0x00,0x00,0xFF,0x49,0x49,0x49,0x49,0xFF,0x00,0xFF,0x49,0x49,0x49,0x49,0xFF,0x00,
 650          0x00,0x40,0x42,0x44,0x58,0x40,0x7F,0x40,0x40,0x40,0x7F,0x40,0x50,0x48,0x46,0x40,
 651          0x00,0x20,0x10,0x08,0x06,0x00,0x40,0x80,0x7F,0x00,0x00,0x00,0x02,0x04,0x08,0x30,
 652          0x00,0x04,0x03,0x00,0xFF,0x00,0x89,0x4B,0x2A,0x1A,0x0E,0x1A,0x2A,0x4B,0x88,0x80,
 653          0x00,0x10,0x30,0x10,0x0F,0x88,0x48,0x21,0x11,0x0D,0x03,0x0D,0x11,0x21,0x41,0x81,
 654          0x00,0x80,0x60,0x1F,0x00,0x00,0x00,0x00,0x00,0x00,0x00,0x00,0x00,0x00,0x00,0x00,
 655          0x00,0x00,0xFE,0x42,0x42,0x42,0xFE,0x00,0x00,0x00,0xFE,0x42,0x42,0x42,0xFE,0x00,
 656          0x00,0x00,0x70,0x08,0x08,0x08,0x88,0x70,0x00,0x00,0x00,0x00,0x00,0x00,0x00,0x00,
 657          0x00,0x20,0x22,0xA2,0x7E,0x22,0x22,0xFE,0x22,0x22,0x00,0x7C,0x00,0x00,0xFF,0x00,
 658          0x00,0x80,0x80,0x80,0xBE,0xA2,0xA2,0xA2,0xA2,0xA2,0xA2,0xA2,0xBE,0x80,0x80,0x80,
 659          0x00,0x00,0x00,0x00,0xC0,0xC0,0x00,0x00,0x00,0x00,0x00,0x08,0x08,0xF8,0x08,0x08,
 660          0x00,0x08,0xF8,0x08,0x00,0x00,0x00,0x00,0x00,0x08,0x18,0x68,0x80,0x80,0x68,0x18,
 661          0x08,0x00,0x10,0x10,0xF8,0x00,0x00,0x00,0x00,0x00,0xE0,0x10,0x08,0x08,0x10,0xE0,
 662          0x00,0x00,0x70,0x08,0x08,0x08,0x88,0x70,0x00,0x00,0xE0,0x10,0x88,0x88,0x18,0x00,
 663          0x00,0x00,0x00,0xC0,0x20,0x10,0xF8,0x00,0x00,0xC0,0x30,0x08,0x08,0x08,0x38,0x00,
 664          0x00,0x00,0x00,0x00,0x00,0x00,0x00,0x00,0x00,0xC0,0x20,0x10,0x10,0x20,0xC0,0x00,
 665          0x00,0xE0,0x10,0x10,0x10,0x10,0xE0,0x00,0x00,0xC0,0x20,0x10,0x10,0x20,0xC0,0x00,
 666          0x00,0xC0,0x20,0x10,0x10,0x30,0x00,0x00,0x00,0x00,0x00,0x00,0x00,0x00,0x00,0x00,
 667          0x00,0x00,0x00,0x00,0x00,0x00,0x00,0x00,0x00,0x00,0x00,0x00,0x00,0x00,0x00,0x00,
 668          0x00,0x00,0x30,0x28,0x24,0x22,0x21,0x30,0x00,0x00,0x30,0x30,0x00,0x00,0x00,0x00,
 669          0x00,0x44,0x42,0x49,0x48,0x48,0x48,0x49,0x7E,0x48,0x48,0x48,0x49,0x4A,0x41,0x40,
 670          0x00,0x00,0x00,0x00,0x06,0x05,0x04,0x04,0x04,0x44,0x84,0x44,0x3C,0x00,0x00,0x00,
 671          0x00,0x00,0x00,0x00,0x30,0x30,0x00,0x00,0x00,0xC0,0x80,0x80,0x80,0x7F,0x00,0x00,
C51 COMPILER V9.60.7.0   CHINESE_CODE                                                      08/25/2025 09:17:28 PAGE 12  

 672          0x00,0x20,0x3F,0x20,0x20,0x20,0x20,0x30,0x00,0x20,0x30,0x2C,0x03,0x03,0x2C,0x30,
 673          0x20,0x00,0x20,0x20,0x3F,0x20,0x20,0x00,0x00,0x00,0x00,0x31,0x22,0x22,0x11,0x0F,
 674          0x00,0x00,0x30,0x28,0x24,0x22,0x21,0x30,0x00,0x00,0x0F,0x11,0x20,0x20,0x11,0x0E,
 675          0x00,0x00,0x07,0x04,0x24,0x24,0x3F,0x24,0x00,0x07,0x18,0x20,0x20,0x22,0x1E,0x02,
 676          0x00,0x00,0x01,0x01,0x01,0x01,0x01,0x01,0x00,0x01,0x62,0x44,0x44,0x22,0x1F,0x00,
 677          0x00,0x38,0x45,0x42,0x42,0x45,0x38,0x00,0x00,0x1F,0x20,0x40,0x40,0x20,0x1F,0x00,
 678          0x00,0x1F,0x22,0x41,0x41,0x22,0x1C,0x00,0x00,0x00,0x00,0x00,0x00,0x00,0x00,0x00,
 679          0x00,0x00,0x00,0x00,0x00,0x00,0x00,0x00,0x00,0x00,0x00,0x00,0x00,0x00,0x00,0x00,
 680          0x00,0x00,0x30,0x08,0x88,0x88,0x48,0x30,0x00,0x00,0x00,0x00,0x00,0x00,0x00,0x00,
 681          0x00,0x00,0x00,0xC0,0x40,0x40,0x40,0x7F,0x48,0x48,0x48,0x48,0xC8,0x08,0x08,0x00,
 682          0x00,0x00,0xFE,0x02,0x22,0xDA,0x06,0x08,0xC8,0xB8,0x8F,0xE8,0x88,0x88,0x88,0x08,
 683          0x00,0x00,0x00,0x00,0xC0,0xC0,0x00,0x00,0x00,0x00,0x10,0x10,0xF8,0x00,0x00,0x00,
 684          0x00,0x00,0xE0,0x10,0x08,0x08,0x10,0xE0,0x00,0x00,0x70,0x08,0x08,0x08,0x88,0x70,
 685          0x00,0x40,0x40,0x80,0xF0,0x80,0x40,0x40,0x00,0x00,0xE0,0x10,0x88,0x88,0x18,0x00,
 686          0x00,0x00,0x00,0xC0,0x20,0x10,0xF8,0x00,0x00,0x00,0x00,0x00,0x00,0x80,0x80,0x80,
 687          0x80,0xFE,0x90,0x90,0x90,0x90,0x90,0x10,0x10,0x00,0x00,0x00,0xFC,0x04,0x44,0xB4,
 688          0x0C,0x10,0x90,0x70,0x1E,0xD0,0x10,0x10,0x10,0x10,0x00,0x00,0x00,0x00,0x00,0x00,
 689          0x00,0x00,0x00,0x00,0x00,0x00,0x00,0x00,0x00,0x00,0x00,0x00,0x00,0x00,0x00,0x00,
 690          0x00,0x00,0x00,0x00,0x00,0x00,0x00,0x00,0x00,0x00,0x00,0x00,0x00,0x00,0x00,0x00,
 691          0x00,0x00,0x00,0x00,0x00,0x00,0x00,0x00,0x00,0x00,0x00,0x00,0x00,0x00,0x00,0x00,
 692          0x00,0x00,0x18,0x20,0x20,0x20,0x11,0x0E,0x00,0x00,0x30,0x30,0x00,0x00,0x00,0x00,
 693          0x00,0x80,0x40,0x37,0x04,0x04,0x14,0x64,0x04,0x14,0x64,0x04,0x07,0x10,0xE0,0x00,
 694          0x00,0x00,0xFF,0x08,0x10,0x08,0x07,0x08,0x08,0x08,0x08,0xFF,0x08,0x08,0x08,0x08,
 695          0x00,0x00,0x00,0x00,0x30,0x30,0x00,0x00,0x00,0x00,0x20,0x20,0x3F,0x20,0x20,0x00,
 696          0x00,0x00,0x00,0x31,0x22,0x22,0x11,0x0F,0x00,0x00,0x30,0x28,0x24,0x22,0x21,0x30,
 697          0x00,0x02,0x02,0x01,0x0F,0x01,0x02,0x02,0x00,0x00,0x0F,0x11,0x20,0x20,0x11,0x0E,
 698          0x00,0x00,0x07,0x04,0x24,0x24,0x3F,0x24,0x00,0x00,0x00,0x00,0x80,0x6F,0x08,0x08,
 699          0x28,0xC8,0x08,0x28,0xC8,0x08,0x0F,0x20,0xC0,0x00,0x00,0x00,0xFF,0x10,0x20,0x11,
 700          0x0E,0x10,0x11,0x11,0x11,0xFF,0x11,0x11,0x11,0x10,0x00,0x00,0x00,0x00,0x00,0x00,
 701          0x00,0x00,0x00,0x00,0x00,0x00,0x00,0x00,0x00,0x00,0x00,0x00,0x00,0x00,0x00,0x00,
 702          0x00,0x00,0x00,0x00,0x00,0x00,0x00,0x00,0x00,0x00,0x00,0x00,0x00,0x00,0x00,0x00,
 703          0x00,0x00,0x00,0x00,0x00,0x00,0x00,0x00,0x00,0x00,0x00,0x00,0x00,0x00,0x00,0x00,
 704          0x00,0x00,0x00,0xC0,0x20,0x10,0xF8,0x00,0x00,0x00,0x00,0x00,0x00,0x00,0x00,0x00,
 705          0x00,0x08,0x08,0x89,0xEE,0x98,0x00,0x00,0xFE,0x02,0x02,0xF2,0x02,0x02,0xFE,0x00,
 706          0x00,0x00,0xFE,0x02,0x02,0x02,0x12,0x22,0x42,0x82,0x42,0x22,0x1A,0x02,0x02,0x00,
 707          0x00,0x00,0x00,0x00,0xC0,0xC0,0x00,0x00,0x00,0x00,0xE0,0x10,0x08,0x08,0x10,0xE0,
 708          0x00,0x00,0x38,0x08,0x08,0xC8,0x38,0x08,0x00,0x00,0x00,0x00,0x00,0x00,0x00,0x00,
 709          0x00,0x00,0x00,0xC0,0x20,0x10,0xF8,0x00,0x00,0x00,0x70,0x88,0x08,0x08,0x88,0x70,
 710          0x00,0x00,0xE0,0x10,0x88,0x88,0x18,0x00,0x00,0x00,0x80,0x81,0x00,0x80,0x80,0x80,
 711          0x00,0x00,0x30,0x08,0x88,0x88,0x48,0x30,0x01,0x00,0x70,0x08,0x09,0x08,0x88,0x70,
 712          0x00,0x00,0x00,0x00,0x00,0x01,0x00,0x00,0x00,0x00,0x00,0xC0,0x20,0x10,0xF8,0x00,
 713          0x00,0x00,0xE0,0x10,0x88,0x88,0x18,0x00,0x00,0x00,0x70,0x08,0x08,0x08,0x88,0x70,
 714          0x00,0x80,0x80,0x80,0x80,0x80,0x80,0x80,0x00,0x80,0x80,0x80,0x80,0x80,0x80,0x80,
 715          0x00,0x00,0x00,0x00,0x00,0x00,0x00,0x00,0x00,0x00,0x00,0x00,0x00,0x00,0x00,0x00,
 716          0x00,0x00,0x07,0x04,0x24,0x24,0x3F,0x24,0x00,0x00,0x30,0x30,0x00,0x00,0x00,0x00,
 717          0x00,0x02,0x01,0x00,0xFF,0x00,0x83,0x40,0x23,0x18,0x06,0x01,0x7E,0x80,0x83,0xE0,
 718          0x00,0x00,0x7F,0x40,0x40,0x48,0x44,0x42,0x41,0x40,0x41,0x42,0x4C,0x40,0x40,0x40,
 719          0x00,0x00,0x00,0x00,0x30,0x30,0x00,0x00,0x00,0x00,0x00,0x31,0x22,0x22,0x11,0x0F,
 720          0x00,0x00,0x00,0x00,0x3F,0x00,0x00,0x00,0x00,0x00,0x30,0x30,0x00,0x00,0x00,0x00,
 721          0x00,0x00,0x07,0x04,0x24,0x24,0x3F,0x24,0x00,0x00,0x1C,0x22,0x21,0x21,0x22,0x1C,
 722          0x00,0x00,0x0F,0x11,0x20,0x20,0x11,0x0E,0x00,0x00,0x20,0x31,0x2E,0x0E,0x31,0x20,
 723          0x00,0x00,0x18,0x20,0x20,0x20,0x11,0x0E,0x00,0x00,0x30,0x28,0x24,0x22,0x21,0x30,
 724          0x00,0x00,0x30,0x30,0x00,0x00,0x00,0x00,0x00,0x00,0x07,0x04,0x24,0x24,0x3F,0x24,
 725          0x00,0x00,0x0F,0x11,0x20,0x20,0x11,0x0E,0x00,0x00,0x30,0x28,0x24,0x22,0x21,0x30,
 726          0x00,0x20,0x3F,0x20,0x00,0x3F,0x20,0x00,0x3F,0x20,0x3F,0x20,0x00,0x3F,0x20,0x00,
 727          0x3F,0x00,0x00,0x00,0x00,0x00,0x00,0x00,0x00,0x00,0x00,0x00,0x00,0x00,0x00,0x00,
 728          };
 729          


MODULE INFORMATION:   STATIC OVERLAYABLE
   CODE SIZE        =   ----    ----
C51 COMPILER V9.60.7.0   CHINESE_CODE                                                      08/25/2025 09:17:28 PAGE 13  

   CONSTANT SIZE    =   6885    ----
   XDATA SIZE       =   ----    ----
   PDATA SIZE       =   ----    ----
   DATA SIZE        =   ----    ----
   IDATA SIZE       =   ----    ----
   BIT SIZE         =   ----    ----
END OF MODULE INFORMATION.


C51 COMPILATION COMPLETE.  0 WARNING(S),  0 ERROR(S)
