C51 COMPILER V9.60.7.0   MAIN                                                              05/24/2025 14:37:08 PAGE 1   


C51 COMPILER V9.60.7.0, COMPILATION OF MODULE MAIN
OBJECT MODULE PLACED IN main.OBJ
COMPILER INVOKED BY: D:\KEIL_STM32\C51\BIN\C51.EXE main.c OPTIMIZE(8,SPEED) BROWSE DEBUG OBJECTEXTEND

line level    source

   1          #include "lcm12864cog.h"
   2          #include "DATA.txt"
   3          
   4          //图片存储数据
   5          void main(void)
   6          {
   7   1      
   8   1              while(1)  
   9   1              {
  10   2              init_cpu();
  11   2              Delay_Xms(50);
  12   2              InitST7567();   //一开始初始化控制器
  13   2      
  14   2        Start:        //跳转标号
  15   2                                          
  16   2      //-------------------------------------------------------------------------             
  17   2      //              hz_display16(3,3,0,jin); 
  18   2      //              Delay_Xms(100000);
  19   2      
  20   2      
  21   2      //              hz_display16(0,0,18,se); 
  22   2      //              Delay_Xms(1000);
  23   2                      
  24   2      //              DispPic( pic12864_KH8 );
  25   2      //              Delay_Xms(60000);
  26   2      
  27   2      
  28   2                      DispFram( 0xff,0xff );                           //全显
  29   2                      Delay_Xms(5000);
  30   2                      if( Change(70)==1 ) goto Start; //暂停键有动作跳转到程序的最头上
  31   2                      push();
  32   2                      Pause();
  33   2      
  34   2      
  35   2                      DispFram( 0x00,0x00 );                     //无显
  36   2                      Delay_Xms(5000);
  37   2                      if( Change(70)==1 ) goto Start; //暂停键有动作跳转到程序的最头上
  38   2                      Pause();
  39   2      
  40   2      
  41   2      //              ------------------------------------------------------------------      
  42   2                      DispDot( 0xf0,0x0f );                    //大棋盘
  43   2                      Delay_Xms(5000);
  44   2                      if( Change(70)==1 ) goto Start; //暂停键有动作跳转到程序的最头上
  45   2                      push();
  46   2                      Pause();
  47   2      //              ------------------------------------------------------------------
  48   2      
  49   2      
  50   2                      DispDots( 0x33,0xcc );                    //小棋盘
  51   2                      Delay_Xms(5000);
  52   2                      if( Change(70)==1 ) goto Start; //暂停键有动作跳转到程序的最头上
  53   2                      push();
  54   2                      Pause();
  55   2      //              ------------------------------------------------------------------      
C51 COMPILER V9.60.7.0   MAIN                                                              05/24/2025 14:37:08 PAGE 2   

  56   2                      DispFram( 0x55,0xaa );                            //花点                
  57   2                      Delay_Xms(5000);
  58   2                      if( Change(70)==1 ) goto Start; //暂停键有动作跳转到程序的最头上
  59   2                      push();
  60   2                      Pause();
  61   2      
  62   2                      DispFram( 0x55,0x55 );                                   //      横线
  63   2                      Delay_Xms(5000);
  64   2                      if( Change(70)==1 ) goto Start; //暂停键有动作跳转到程序的最头上
  65   2                      push();
  66   2                      Pause();
  67   2      
  68   2                      DispFram( 0xaa,0xaa );                               // 横线
  69   2                      Delay_Xms(1000);
  70   2                      if( Change(300)==1 ) goto Start;        //暂停键有动作跳转到程序的最头上
  71   2                      push();
  72   2                      Pause();
  73   2      //              -------------------------------------------------------------------------               
  74   2                      DispFram( 0xff,0x00 );                                   //竖线 
  75   2                      Delay_Xms(5000);
  76   2                      if( Change(70)==1 ) goto Start; //暂停键有动作跳转到程序的最头上
  77   2                      push();
  78   2                      Pause();
  79   2      
  80   2                      DispFram( 0x00,0xff );
  81   2                      Delay_Xms(1000);
  82   2                      if( Change(300)==1 ) goto Start;        //暂停键有动作跳转到程序的最头上
  83   2                      push();
  84   2                      Pause();
  85   2                      
  86   2                      
  87   2                      
  88   2      //----------------------------------------------------------------------------   
  89   2      
  90   2      //DispPic( PIC_1 );
  91   2      //Delay_Xms(1000);
  92   2      //if( Change(300)==1 ) goto Start;      //暂停键有动作跳转到程序的最头上
  93   2      //push();
  94   2      //Pause();      
  95   2      
  96   2      //ST7567_WriteComd(0xa7);
  97   2      //Delay_Xms(1000);
  98   2      //if( Change(300)==1 ) goto Start;      //暂停键有动作跳转到程序的最头上
  99   2      //Pause();
 100   2      
 101   2      //ST7567_WriteComd(0xa6);
 102   2      //Delay_Xms(1000);
 103   2      //if( Change(300)==1 ) goto Start;      //暂停键有动作跳转到程序的最头上
 104   2      //Pause();
 105   2      
 106   2      //DispPic( pic12864_KH8 );
 107   2      //Delay_Xms(500);
 108   2      //if( Change(300)==1 ) goto Start;      //暂停键有动作跳转到程序的最头上
 109   2      //Pause();
 110   2      
 111   2      //DispPic1( PIC_CS );
 112   2      //Delay_Xms(500);
 113   2      //if( Change(50)==1 ) goto Start;       //暂停键有动作跳转到程序的最头上          
 114   2      
 115   2      //Pause();
 116   2      
 117   2      
C51 COMPILER V9.60.7.0   MAIN                                                              05/24/2025 14:37:08 PAGE 3   

 118   2      
 119   2      
 120   2      //if( Change(70)==1 ) goto Start;       //暂停键有动作跳转到程序的最头上
 121   2      //Pause();
 122   2      
 123   2      
 124   2      //DispPic1( PIC_4 );
 125   2      //Delay_Xms(600);
 126   2      //if( Change(50)==1 ) goto Start;       //暂停键有动作跳转到程序的最头上          
 127   2      
 128   2      
 129   2      //DispPic( PIC_5 );
 130   2      //Delay_Xms(600);
 131   2      //if( Change(50)==1 ) goto Start;       //暂停键有动作跳转到程序的最头上        
 132   2      
 133   2      //DispPic( PIC_6 );
 134   2      //Delay_Xms(600);
 135   2      //if( Change(50)==1 ) goto Start;       //暂停键有动作跳转到程序的最头上        
 136   2      
 137   2      //DispPic( PIC_7 );
 138   2      //Delay_Xms(600);
 139   2      //if( Change(50)==1 ) goto Start;       //暂停键有动作跳转到程序的最头上        
 140   2      
 141   2      //DispPic( PIC_8 );
 142   2      //Delay_Xms(600);
 143   2      //if( Change(50)==1 ) goto Start;       //暂停键有动作跳转到程序的最头上        
 144   2      ///*    
 145   2      
 146   2      //ST7567_WriteComd(0x81);       //The Electronic Volume (Double Byte Command)数字电位器调节VO输出电压(也就是对比
             -度)两字节                                 0x81原来的数值
 147   2      //ST7567_WriteComd(55);  //vop 设置
 148   2      //DispPic( PIC_9 );     //中值
 149   2      //Delay_Xms(600);
 150   2      //if( Change(50)==1 ) goto Start;       //暂停键有动作跳转到程序的最头上        
 151   2      //push();
 152   2      
 153   2      //ST7567_WriteComd(0x81);       //The Electronic Volume (Double Byte Command)数字电位器调节VO输出电压(也就是对比
             -度)两字节                                 0x81原来的数值
 154   2      //ST7567_WriteComd(57);  //vop 设置     
 155   2      //DispPic( PIC_10 );       //上限
 156   2      //Delay_Xms(600);
 157   2      //if( Change(50)==1 ) goto Start;       //暂停键有动作跳转到程序的最头上        
 158   2      //push();
 159   2      
 160   2      //ST7567_WriteComd(0x81);       //The Electronic Volume (Double Byte Command)数字电位器调节VO输出电压(也就是对比
             -度)两字节                                 0x81原来的数值
 161   2      //ST7567_WriteComd(52);  //vop 设置
 162   2      //DispPic( PIC_11 );              //下限
 163   2      //Delay_Xms(600);
 164   2      //if( Change(50)==1 ) goto Start;       //暂停键有动作跳转到程序的最头上        
 165   2      //push();
 166   2      //*/
 167   2      
 168   2      
 169   2      //DispPic( PIC_12 );
 170   2      //Delay_Xms(600);
 171   2      //if( Change(50)==1 ) goto Start;       //暂停键有动作跳转到程序的最头上        
 172   2      
 173   2      //DispPic( PIC_13 );
 174   2      //Delay_Xms(600);
 175   2      //if( Change(50)==1 ) goto Start;       //暂停键有动作跳转到程序的最头上        
 176   2      
C51 COMPILER V9.60.7.0   MAIN                                                              05/24/2025 14:37:08 PAGE 4   

 177   2      
 178   2      //DispPic( PIC_14 );
 179   2      //Delay_Xms(600);
 180   2      //if( Change(50)==1 ) goto Start;       //暂停键有动作跳转到程序的最头上        
 181   2      
 182   2      
 183   2      
 184   2      //DispPic( PIC_15 );
 185   2      //Delay_Xms(600);
 186   2      //if( Change(50)==1 ) goto Start;       //暂停键有动作跳转到程序的最头上        
 187   2      
 188   2      
 189   2      //DispPic( PIC_16 );
 190   2      //Delay_Xms(600);
 191   2      //if( Change(50)==1 ) goto Start;       //暂停键有动作跳转到程序的最头上        
 192   2      
 193   2      
 194   2      //DispPic( PIC_17 );
 195   2      //Delay_Xms(600);
 196   2      //if( Change(50)==1 ) goto Start;       //暂停键有动作跳转到程序的最头上        
 197   2      
 198   2      
 199   2      //DispPic( PIC_18 );
 200   2      //Delay_Xms(600);
 201   2      //if( Change(50)==1 ) goto Start;       //暂停键有动作跳转到程序的最头上        
 202   2      
 203   2      
 204   2      //DispPic( PIC_19 );
 205   2      //Delay_Xms(600);
 206   2      //if( Change(50)==1 ) goto Start;       //暂停键有动作跳转到程序的最头上        
 207   2      
 208   2      
 209   2      //DispPic( PIC_20 );
 210   2      //Delay_Xms(600);
 211   2      //if( Change(50)==1 ) goto Start;       //暂停键有动作跳转到程序的最头上        
 212   2      
 213   2      //DispPic( PIC_21 );
 214   2      //Delay_Xms(600);
 215   2      //if( Change(50)==1 ) goto Start;       //暂停键有动作跳转到程序的最头上        
 216   2      
 217   2      //DispPic( PIC_22 );
 218   2      //Delay_Xms(600);
 219   2      //if( Change(50)==1 ) goto Start;       //暂停键有动作跳转到程序的最头上        
 220   2      
 221   2      //DispPic( PIC_23 );
 222   2      //Delay_Xms(600);
 223   2      //if( Change(50)==1 ) goto Start;       //暂停键有动作跳转到程序的最头上        
 224   2      
 225   2      //DispPic( PIC_24 );
 226   2      //Delay_Xms(600);
 227   2      //if( Change(50)==1 ) goto Start;       //暂停键有动作跳转到程序的最头上        
 228   2      
 229   2      //DispPic( PIC_25 );
 230   2      //Delay_Xms(600);
 231   2      //if( Change(50)==1 ) goto Start;       //暂停键有动作跳转到程序的最头上        
 232   2      
 233   2      //DispPic( PIC_26 );
 234   2      //Delay_Xms(600);
 235   2      //if( Change(50)==1 ) goto Start;       //暂停键有动作跳转到程序的最头上        
 236   2      
 237   2      //DispPic( PIC_27 );
 238   2      //Delay_Xms(600);
C51 COMPILER V9.60.7.0   MAIN                                                              05/24/2025 14:37:08 PAGE 5   

 239   2      //if( Change(50)==1 ) goto Start;       //暂停键有动作跳转到程序的最头上        
 240   2      
 241   2      //DispPic( PIC_28);
 242   2      //Delay_Xms(600);
 243   2      //if( Change(50)==1 ) goto Start;       //暂停键有动作跳转到程序的最头上        
 244   2      
 245   2              }
 246   1      }


MODULE INFORMATION:   STATIC OVERLAYABLE
   CODE SIZE        =    315    ----
   CONSTANT SIZE    =  13312    ----
   XDATA SIZE       =   ----    ----
   PDATA SIZE       =   ----    ----
   DATA SIZE        =   ----    ----
   IDATA SIZE       =   ----    ----
   BIT SIZE         =   ----    ----
END OF MODULE INFORMATION.


C51 COMPILATION COMPLETE.  0 WARNING(S),  0 ERROR(S)
