C51 COMPILER V9.60.7.0   PIC                                                               05/19/2025 15:15:48 PAGE 1   


C51 COMPILER V9.60.7.0, COMPILATION OF MODULE PIC
OBJECT MODULE PLACED IN pic.OBJ
COMPILER INVOKED BY: D:\KEIL_STM32\C51\BIN\C51.EXE pic.c OPTIMIZE(8,SPEED) BROWSE DEBUG OBJECTEXTEND

line level    source

   1          #define uchar unsigned char
   2          #define uint unsigned int
   3                  
   4          uchar code jin[128]= 
   5          {0x00,0x00,0x00,0x00,0x00,0x00,0x00,0x00,0x00,0x00,0x80,0xC0,0xF0,0xF8,0x7C,0x3C,0x7C,0xF8,0xE0,0xC0,0x80,
             -0x80,0x00,0x00,0x00,0x00,0x00,0x00,0x00,0x00,0x00,0x00,
   6          0x00,0x00,0x20,0x60,0x70,0x78,0x38,0x3C,0x7E,0x6F,0x67,0x67,0x63,0x61,0xE0,0xE0,0xE0,0xE0,0x61,0x63,0x63,0
             -x67,0x6F,0x7E,0x7E,0x1C,0x3C,0x38,0x78,0x78,0x10,0x00,
   7          0x00,0x00,0x00,0x00,0x00,0x00,0x18,0x18,0xD8,0xD8,0xD8,0x98,0x18,0x18,0xFF,0xFF,0xFF,0xFF,0x18,0x18,0x38,0
             -xF8,0xD8,0xD8,0xD8,0x18,0x18,0x00,0x00,0x00,0x00,0x00,
   8          0x00,0x00,0x00,0x00,0x30,0x30,0x30,0x30,0x31,0x37,0x37,0x33,0x32,0x30,0x3F,0x3F,0x3F,0x3F,0x30,0x38,0x3F,0
             -x3F,0x3F,0x33,0x30,0x30,0x30,0x30,0x30,0x00,0x00,0x00};/*"金",0*/
   9          /* (32 X 32 , 黑体, 加粗 )*/
  10          uchar code se[128]= 
  11          {0x00,0x00,0x00,0x00,0x00,0x00,0x00,0x00,0x80,0xC0,0xF0,0xFC,0xFC,0xF8,0xC8,0xC8,0xC0,0xC0,0xC0,0xC0,0xC0,
             -0xC0,0xC0,0xC0,0x00,0x00,0x00,0x00,0x00,0x00,0x00,0x00,
  12          0x00,0x00,0x10,0x30,0x38,0x3C,0xFE,0xFF,0xFF,0xF7,0x33,0x30,0x30,0x30,0x30,0xF0,0xF0,0xF8,0xFE,0x3F,0x3F,0
             -x33,0x31,0x30,0xF0,0xF0,0xF0,0x00,0x00,0x00,0x00,0x00,
  13          0x00,0x00,0x00,0x00,0x00,0x00,0xFF,0xFF,0xFF,0xFF,0x1C,0x1C,0x1C,0x1C,0x1C,0x1F,0x1F,0x1F,0x1F,0x1C,0x1C,0
             -x1C,0x1C,0x1C,0x3F,0x3F,0x3F,0x00,0x00,0x00,0x00,0x00,
  14          0x00,0x00,0x00,0x00,0x00,0x00,0x07,0x1F,0x3F,0x3F,0x38,0x30,0x30,0x30,0x30,0x30,0x30,0x30,0x30,0x30,0x30,0
             -x30,0x30,0x30,0x30,0x30,0x38,0x3E,0x1E,0x0C,0x00,0x00};/*"色",1*/
  15          /* (32 X 32 , 黑体, 加粗 )*/
  16          uchar code tong[128]= 
  17          {0x00,0x00,0x00,0x00,0x60,0x60,0x60,0x60,0x60,0x60,0x60,0xE0,0xE0,0x60,0x68,0x7C,0x7C,0x7C,0x60,0x60,0xE0,
             -0xE0,0xE0,0x60,0x60,0x60,0x60,0x60,0x60,0x00,0x00,0x00,
  18          0x00,0x00,0x00,0x04,0x04,0x04,0xE4,0xE4,0xE4,0x64,0x67,0x67,0x67,0x67,0x64,0xE4,0xE4,0xE4,0x64,0x67,0x67,0
             -x67,0x65,0x64,0xE4,0xE4,0xE4,0x04,0x04,0x04,0x00,0x00,
  19          0x00,0x00,0x00,0x00,0x00,0x00,0x3F,0x3F,0x3F,0x32,0x32,0x32,0x32,0x32,0x32,0xFF,0xFF,0xFF,0x32,0x32,0x32,0
             -x32,0x32,0x32,0x3F,0x3F,0x3F,0x00,0x00,0x00,0x00,0x00,
  20          0x00,0x00,0x00,0x30,0x30,0x33,0x33,0x33,0x33,0x33,0x33,0x33,0x33,0x33,0x33,0x3F,0x3F,0x3F,0x33,0x33,0x33,0
             -x33,0x33,0x33,0x33,0x33,0x33,0x33,0x30,0x30,0x00,0x00};/*"童",2*/
  21          /* (32 X 32 , 黑体, 加粗 )*/
  22          uchar code nian[128]= 
  23          {0x00,0x00,0x00,0x00,0x00,0x00,0x00,0x80,0xE0,0xF8,0xFC,0xFC,0x98,0x88,0x80,0x80,0x80,0x80,0x80,0x80,0x80,
             -0x80,0x80,0x80,0x80,0x80,0x80,0x80,0x80,0x00,0x00,0x00,
  24          0x00,0x00,0x20,0x30,0x78,0x7C,0x3F,0xDF,0xCF,0xC3,0xC1,0xC1,0xC1,0xC1,0xC1,0xC1,0xFF,0xFF,0xFF,0xFF,0xC1,0
             -xC1,0xC1,0xC1,0xC1,0xC1,0xC1,0xC1,0x01,0x00,0x00,0x00,
  25          0x00,0x00,0xC0,0xC0,0xC0,0xC0,0xC0,0xFF,0xFF,0xFF,0xFF,0xC0,0xC0,0xC0,0xC0,0xC0,0xFF,0xFF,0xFF,0xFF,0xC0,0
             -xC0,0xC0,0xC0,0xC0,0xC0,0xC0,0xC0,0xC0,0xC0,0xC0,0x00,
  26          0x00,0x00,0x00,0x00,0x00,0x00,0x00,0x00,0x00,0x00,0x00,0x00,0x00,0x00,0x00,0x00,0x7F,0x7F,0x7F,0x7F,0x00,0
             -x00,0x00,0x00,0x00,0x00,0x00,0x00,0x00,0x00,0x00,0x00};/*"年",3*/
  27          /* (32 X 32 , 黑体, 加粗 )*/
  28                  
  29                  
  30          //0~9,ASCII码数组
  31          uchar code ASC[10*16]=
  32          {
  33          0x00,0xE0,0x10,0x08,0x08,0x10,0xE0,0x00,0x00,0x07,0x08,0x10,0x10,0x08,0x07,0x00,/*"016"*/
  34          0x00,0x10,0x10,0xF8,0x00,0x00,0x00,0x00,0x00,0x10,0x10,0x1F,0x10,0x10,0x00,0x00,/*"117"*/
  35          0x00,0x30,0x08,0x08,0x08,0x88,0x70,0x00,0x00,0x18,0x14,0x12,0x11,0x10,0x18,0x00,/*"218"*/
  36          0x00,0x30,0x08,0x88,0x88,0x48,0x30,0x00,0x00,0x0C,0x10,0x10,0x10,0x11,0x0E,0x00,/*"319"*/
  37          0x00,0x80,0x40,0x20,0xF8,0x00,0x00,0x00,0x00,0x03,0x02,0x12,0x1F,0x12,0x12,0x00,/*"420"*/
  38          0x00,0xF8,0x88,0x48,0x48,0x48,0x88,0x00,0x00,0x0C,0x10,0x10,0x10,0x10,0x0F,0x00,/*"521"*/
  39          0x00,0xE0,0x10,0x88,0x88,0x98,0x00,0x00,0x00,0x0F,0x11,0x10,0x10,0x10,0x0F,0x00,/*"622"*/
C51 COMPILER V9.60.7.0   PIC                                                               05/19/2025 15:15:48 PAGE 2   

  40          0x00,0x38,0x08,0x08,0xC8,0x38,0x08,0x00,0x00,0x00,0x00,0x1F,0x00,0x00,0x00,0x00,/*"723"*/
  41          0x00,0x70,0x88,0x88,0x88,0x88,0x70,0x00,0x00,0x0E,0x11,0x10,0x10,0x11,0x0E,0x00,/*"824"*/
  42          0x00,0xF0,0x08,0x08,0x08,0x90,0xE0,0x00,0x00,0x00,0x19,0x11,0x11,0x08,0x07,0x00,/*"925"*/
  43          };
  44          uchar code num[][16]=
  45          {
  46          {0x00,0x07,0x08,0x10,0x10,0x08,0x07,0x00,
  47          0x00,0xF0,0x08,0x04,0x04,0x08,0xF0,0x00},/*"0",0*/
  48          
  49          {0x00,0x08,0x08,0x1F,0x00,0x00,0x00,0x00,
  50          0x00,0x04,0x04,0xFC,0x04,0x04,0x00,0x00},/*"1",1*/
  51          
  52          {0x00,0x0E,0x10,0x10,0x10,0x11,0x0E,0x00,
  53          0x00,0x0C,0x14,0x24,0x44,0x84,0x0C,0x00},/*"2",2*/
  54          
  55          {0x00,0x0C,0x10,0x11,0x11,0x12,0x0C,0x00,
  56          0x00,0x18,0x04,0x04,0x04,0x88,0x70,0x00},/*"3",3*/
  57          
  58          {0x00,0x00,0x03,0x04,0x08,0x1F,0x00,0x00,
  59          0x00,0xE0,0x20,0x24,0x24,0xFC,0x24,0x00},/*"4",4*/
  60          
  61          {0x00,0x1F,0x10,0x11,0x11,0x10,0x10,0x00,
  62          0x00,0x98,0x84,0x04,0x04,0x88,0x70,0x00},/*"5",5*/
  63          
  64          {0x00,0x07,0x08,0x11,0x11,0x18,0x00,0x00,
  65          0x00,0xF0,0x88,0x04,0x04,0x88,0x70,0x00},/*"6",6*/
  66          
  67          {0x00,0x1C,0x10,0x10,0x13,0x1C,0x10,0x00,
  68          0x00,0x00,0x00,0xFC,0x00,0x00,0x00,0x00},/*"7",7*/
  69          
  70          {0x00,0x0E,0x11,0x10,0x10,0x11,0x0E,0x00,
  71          0x00,0x38,0x44,0x84,0x84,0x44,0x38,0x00},/*"8",8*/
  72          
  73          {0x00,0x07,0x08,0x10,0x10,0x08,0x07,0x00,
  74          0x00,0x00,0x8C,0x44,0x44,0x88,0xF0,0x00},/*"9",9*/
  75          };
  76          uchar code disp_vop[][16]=
  77          {
  78          {0x10,0x1E,0x11,0x00,0x00,0x13,0x1C,0x10,
  79          0x00,0x00,0xE0,0x1C,0x70,0x80,0x00,0x00},/*"V",0*/
  80          
  81          {0x07,0x08,0x10,0x10,0x10,0x08,0x07,0x00,
  82          0xF0,0x08,0x04,0x04,0x04,0x08,0xF0,0x00},/*"O",1*/
  83          
  84          {0x10,0x1F,0x10,0x10,0x10,0x10,0x0F,0x00,
  85          0x04,0xFC,0x84,0x80,0x80,0x80,0x00,0x00},/*"P",2*/
  86          
  87          {0x02,0x02,0x02,0x02,0x02,0x02,0x02,0x00,
  88          0x20,0x20,0x20,0x20,0x20,0x20,0x20,0x00},/*"=",3*/
  89          
  90          {0x00,0x00,0x00,0x00,0x00,0x00,0x00,0x00,
  91          0x00,0x0C,0x0C,0x00,0x00,0x00,0x00,0x00},/*".",4*/
  92          
  93          {0x10,0x1E,0x11,0x00,0x00,0x13,0x1C,0x10,
  94          0x00,0x00,0xE0,0x1C,0x70,0x80,0x00,0x00},/*"V",5*/
  95          
  96          };
  97          uchar A_font[16] = {
  98            0x00, 0x00, 0xF0, 0xF8, 0x1C, 0xF8, 0xF0, 0x00,   // 上8行
  99            0x00, 0x0F, 0x1F, 0x38, 0x38, 0x1F, 0x0F, 0x00    // 下8行
 100          };

C51 COMPILER V9.60.7.0   PIC                                                               05/19/2025 15:15:48 PAGE 3   


MODULE INFORMATION:   STATIC OVERLAYABLE
   CODE SIZE        =   ----    ----
   CONSTANT SIZE    =    928    ----
   XDATA SIZE       =   ----    ----
   PDATA SIZE       =   ----    ----
   DATA SIZE        =     16    ----
   IDATA SIZE       =   ----    ----
   BIT SIZE         =   ----    ----
END OF MODULE INFORMATION.


C51 COMPILATION COMPLETE.  0 WARNING(S),  0 ERROR(S)
