C51 COMPILER V9.60.7.0   MAIN                                                              09/03/2025 16:59:32 PAGE 1   


C51 COMPILER V9.60.7.0, COMPILATION OF MODULE MAIN
OBJECT MODULE PLACED IN .\Objects\main.obj
COMPILER INVOKED BY: D:\KEIL_STM32\C51\BIN\C51.EXE main.c OPTIMIZE(8,SPEED) BROWSE DEBUG OBJECTEXTEND PRINT(.\Listings\m
                    -ain.lst) OBJECT(.\Objects\main.obj)

line level    source

   1          #include <REGX52.H>
   2          #include "LCD4002.h"
   3          unsigned char mode;
   4          unsigned char data pattern1[8] = {0x15, 0x0A, 0x15, 0x0A, 0x15, 0x0A, 0x15};
   5          unsigned char data pattern2[8] = {0x0A, 0x15, 0x0A, 0x15, 0x0A, 0x15, 0x0A};    
   6          unsigned char data pattern3[8] = {0x15, 0x15, 0x15, 0x15, 0x15, 0x15, 0x15, 0x15};
   7          unsigned char data pattern4[8] = {0x0A, 0x0A, 0x0A, 0x0A, 0x0A, 0x0A, 0x0A, 0x0A}; 
   8          unsigned char data pattern5[8] = {0x1F, 0x00, 0x1F, 0x00, 0x1F, 0x00, 0x1F, 0x00};
   9          unsigned char data pattern6[8] = {0x00, 0x1F, 0x00, 0x1F, 0x00, 0x1F, 0x00, 0x1F};      
  10          unsigned char data pattern7[8] = {0x00, 0x15, 0x00, 0x15, 0x00, 0x15, 0x00, 0x15};
  11          
  12          int main() 
  13          {
  14   1              
  15   1              LCD_Init(); 
  16   1              LCD_Clear();
  17   1      
  18   1      //      displayCustomCharacter1(pattern1); 
  19   1      //      Delay(80); 
  20   1      //      displayCustomCharacter1(pattern2); 
  21   1      //      Delay(80); 
  22   1      //      displayCustomCharacter1(pattern3); 
  23   1      //      Delay(80); 
  24   1      //      displayCustomCharacter1(pattern4); 
  25   1      //      Delay(80); 
  26   1      //      displayCustomCharacter1(pattern5); 
  27   1      //      Delay(80); 
  28   1      //      displayCustomCharacter1(pattern6); 
  29   1      //      Delay(80); 
  30   1      //      displayCustomCharacter1(pattern7);
  31   1      //      Delay(80); 
  32   1      //      write_CGROM(0x21);
  33   1      //      Delay(80);
  34   1      //      write_CGROM(0xA1);
  35   1      //      Delay(80);
  36   1      //      Write_DDRAM(0xCE);
  37   1      //      Delay(80);
  38   1      //      LCD_Clear();
  39   1      //      LCD_ShowString(1,15,"LCM4002_01");
  40   1      //      LCD_ShowString(0,12,"Made in China");
  41   1      //      Delay(250);             
  42   1      while (1) 
  43   1      {
  44   2      
  45   2      //              if (ReadKey1()) 
  46   2      //        {  
  47   2      //              LCD_Clear();
  48   2      //              mode++;
  49   2      //              mode %= 10;                     
  50   2      //              switch (mode) 
  51   2      //        {
  52   2      //        case 0:            
  53   2      //                      displayCustomCharacter1(pattern1); 
  54   2      //            break;
C51 COMPILER V9.60.7.0   MAIN                                                              09/03/2025 16:59:32 PAGE 2   

  55   2      //        case 1:
  56   2      //            displayCustomCharacter1(pattern2);  
  57   2      //            break;
  58   2      //        case 2:
  59   2      //            displayCustomCharacter1(pattern3); 
  60   2      //            break;
  61   2      //        case 3:
  62   2      //           displayCustomCharacter1(pattern4);  
  63   2      //            break;
  64   2      //        case 4:
  65   2      //            displayCustomCharacter1(pattern5);  
  66   2      //            break;
  67   2      //        case 5:
  68   2      //            displayCustomCharacter1(pattern6);  
  69   2      //            break;
  70   2      //              case 6:
  71   2      //                      displayCustomCharacter1(pattern7);
  72   2      //                      break;
  73   2      //              case 7:
  74   2      //                      write_CGROM(0x21); 
  75   2      //                 break;
  76   2      //              case 8:
  77   2      //                      write_CGROM(0xA1); 
  78   2      //                 break;
  79   2      //              case 9:
  80   2      //                      Write_DDRAM(0xFF); 
  81   2      //                 break;
  82   2      
  83   2      //    
  84   2      //              }
  85   2      //      }       
  86   2      
  87   2      
  88   2      
  89   2              displayCustomCharacter1(pattern1); 
  90   2              Delay(80); 
  91   2              displayCustomCharacter1(pattern2); 
  92   2              Delay(80); 
  93   2              displayCustomCharacter1(pattern3); 
  94   2              Delay(80); 
  95   2              displayCustomCharacter1(pattern4); 
  96   2              Delay(80); 
  97   2              displayCustomCharacter1(pattern5); 
  98   2              Delay(80); 
  99   2              displayCustomCharacter1(pattern6); 
 100   2              Delay(80); 
 101   2              displayCustomCharacter1(pattern7);
 102   2              Delay(80); 
 103   2              write_CGROM(0x21);
 104   2              Delay(80);
 105   2              write_CGROM(0xA1);
 106   2              Delay(80);
 107   2              Write_DDRAM(0xCE);
 108   2              Delay(80);
 109   2              LCD_Clear();
 110   2              LCD_ShowString(1,15,"LCM4002_01");
 111   2              LCD_ShowString(0,13,"Made in China");
 112   2              Delay(250);     
 113   2      }
 114   1      
 115   1              }
 116          
C51 COMPILER V9.60.7.0   MAIN                                                              09/03/2025 16:59:32 PAGE 3   

 117          
 118          //void main(void)   
 119          //{
 120          
 121          //      LCD_Init(); 
 122          //      LCD_Clear();
 123          
 124          //    while (1)  
 125          //    {
 126          //      
 127          //        if (ReadKey1()) 
 128          //        {
 129          //            HandleKey(); 
 130          //        } 
 131          //        else 
 132          //        {
 133          //          
 134          //            DisplayPatterns(); 
 135          //        }
 136          //    }   
 137          //}


MODULE INFORMATION:   STATIC OVERLAYABLE
   CODE SIZE        =    193    ----
   CONSTANT SIZE    =     25    ----
   XDATA SIZE       =   ----    ----
   PDATA SIZE       =   ----    ----
   DATA SIZE        =     57    ----
   IDATA SIZE       =   ----    ----
   BIT SIZE         =   ----    ----
END OF MODULE INFORMATION.


C51 COMPILATION COMPLETE.  0 WARNING(S),  0 ERROR(S)
