BL51 BANKED LINKER/LOCATER V6.22.4.0                                                    09/03/2025  16:59:33  PAGE 1


BL51 BANKED LINKER/LOCATER V6.22.4.0, INVOKED BY:
D:\KEIL_STM32\C51\BIN\BL51.EXE .\Objects\main.obj, .\Objects\lcd4002.obj TO .\Objects\project PRINT (.\Listings\project.
>> m51) RAMSIZE (256) DISABLEWARNING (16)


MEMORY MODEL: SMALL


INPUT MODULES INCLUDED:
  .\Objects\main.obj (MAIN)
  .\Objects\lcd4002.obj (LCD4002)
  D:\KEIL_STM32\C51\LIB\C51S.LIB (?C_STARTUP)
  D:\KEIL_STM32\C51\LIB\C51S.LIB (?C?CLDOPTR)
  D:\KEIL_STM32\C51\LIB\C51S.LIB (?C_INIT)


LINK MAP OF MODULE:  .\Objects\project (MAIN)


            TYPE    BASE      LENGTH    RELOCATION   SEGMENT NAME
            -----------------------------------------------------

            * * * * * * *   D A T A   M E M O R Y   * * * * * * *
            REG     0000H     0008H     ABSOLUTE     "REG BANK 0"
            DATA    0008H     0039H     UNIT         ?DT?MAIN
            DATA    0041H     0006H     UNIT         _DATA_GROUP_
            IDATA   0047H     0001H     UNIT         ?STACK

            * * * * * * *   C O D E   M E M O R Y   * * * * * * *
            CODE    0000H     0003H     ABSOLUTE     
            CODE    0003H     00C1H     UNIT         ?PR?MAIN?MAIN
            CODE    00C4H     008CH     UNIT         ?C_C51STARTUP
            CODE    0150H     0047H     UNIT         ?C_INITSEG
            CODE    0197H     0037H     UNIT         ?PR?_WRITE_CGROM?LCD4002
            CODE    01CEH     0035H     UNIT         ?PR?_WRITE_DDRAM?LCD4002
            CODE    0203H     002DH     UNIT         ?C?LIB_CODE
            CODE    0230H     0029H     UNIT         ?PR?_DISPLAYCUSTOMCHARACTER1?LCD4002
            CODE    0259H     0027H     UNIT         ?PR?_LCD_SHOWSTRING?LCD4002
            CODE    0280H     0024H     UNIT         ?PR?_WRITE_CGRAM?LCD4002
            CODE    02A4H     0022H     UNIT         ?PR?_DELAY?LCD4002
            CODE    02C6H     0021H     UNIT         ?PR?_LCD_SETCURSOR?LCD4002
            CODE    02E7H     001AH     UNIT         ?PR?LCD_INIT?LCD4002
            CODE    0301H     0019H     UNIT         ?CO?MAIN
            CODE    031AH     0019H     UNIT         ?PR?READKEY1?LCD4002
            CODE    0333H     0014H     UNIT         ?PR?BUSY?LCD4002
            CODE    0347H     0012H     UNIT         ?PR?LCD_READDATA?LCD4002
            CODE    0359H     0011H     UNIT         ?PR?_LCD_READDATA?LCD4002
            CODE    036AH     000EH     UNIT         ?PR?LCD_CLEAR?LCD4002
            CODE    0378H     000DH     UNIT         ?PR?_LCD_WRITECOMMAND?LCD4002
            CODE    0385H     000DH     UNIT         ?PR?_LCD_WRITEDATA?LCD4002
            CODE    0392H     000CH     UNIT         ?PR?_LCD_USER_SHOWSTRING?LCD4002



OVERLAY MAP OF MODULE:   .\Objects\project (MAIN)


SEGMENT                                        DATA_GROUP 
BL51 BANKED LINKER/LOCATER V6.22.4.0                                                  09/03/2025  16:59:33  PAGE 2


  +--> CALLED SEGMENT                        START    LENGTH
------------------------------------------------------------
?C_C51STARTUP                                -----    -----
  +--> ?PR?MAIN?MAIN
  +--> ?C_INITSEG

?PR?MAIN?MAIN                                -----    -----
  +--> ?PR?LCD_INIT?LCD4002
  +--> ?PR?LCD_CLEAR?LCD4002
  +--> ?PR?_DISPLAYCUSTOMCHARACTER1?LCD4002
  +--> ?PR?_DELAY?LCD4002
  +--> ?PR?_WRITE_CGROM?LCD4002
  +--> ?PR?_WRITE_DDRAM?LCD4002
  +--> ?CO?MAIN
  +--> ?PR?_LCD_SHOWSTRING?LCD4002

?PR?LCD_INIT?LCD4002                         -----    -----
  +--> ?PR?_LCD_WRITECOMMAND?LCD4002
  +--> ?PR?_DELAY?LCD4002

?PR?_LCD_WRITECOMMAND?LCD4002                -----    -----
  +--> ?PR?BUSY?LCD4002
  +--> ?PR?_DELAY?LCD4002

?PR?_DELAY?LCD4002                           0045H    0002H

?PR?LCD_CLEAR?LCD4002                        -----    -----
  +--> ?PR?BUSY?LCD4002
  +--> ?PR?_LCD_WRITECOMMAND?LCD4002
  +--> ?PR?_DELAY?LCD4002

?PR?_DISPLAYCUSTOMCHARACTER1?LCD4002         0041H    0001H
  +--> ?PR?_WRITE_CGRAM?LCD4002
  +--> ?PR?_LCD_WRITECOMMAND?LCD4002
  +--> ?PR?_LCD_WRITEDATA?LCD4002

?PR?_WRITE_CGRAM?LCD4002                     0042H    0003H
  +--> ?PR?_LCD_WRITECOMMAND?LCD4002
  +--> ?PR?_LCD_WRITEDATA?LCD4002

?PR?_LCD_WRITEDATA?LCD4002                   -----    -----
  +--> ?PR?BUSY?LCD4002
  +--> ?PR?_DELAY?LCD4002

?PR?_WRITE_CGROM?LCD4002                     -----    -----
  +--> ?PR?_LCD_WRITECOMMAND?LCD4002
  +--> ?PR?_DELAY?LCD4002
  +--> ?PR?_LCD_WRITEDATA?LCD4002

?PR?_WRITE_DDRAM?LCD4002                     -----    -----
  +--> ?PR?_LCD_WRITECOMMAND?LCD4002
  +--> ?PR?_DELAY?LCD4002
  +--> ?PR?_LCD_WRITEDATA?LCD4002

?PR?_LCD_SHOWSTRING?LCD4002                  0041H    0003H
  +--> ?PR?_LCD_SETCURSOR?LCD4002
  +--> ?PR?_LCD_WRITEDATA?LCD4002
BL51 BANKED LINKER/LOCATER V6.22.4.0                                                  09/03/2025  16:59:33  PAGE 3



?PR?_LCD_SETCURSOR?LCD4002                   -----    -----
  +--> ?PR?_LCD_WRITECOMMAND?LCD4002



SYMBOL TABLE OF MODULE:  .\Objects\project (MAIN)

  VALUE           TYPE          NAME
  ----------------------------------

  -------         MODULE        MAIN
  C:0000H         SYMBOL        _ICE_DUMMY_
  C:0003H         PUBLIC        main
  D:0008H         PUBLIC        mode
  D:0009H         PUBLIC        pattern1
  D:0011H         PUBLIC        pattern2
  D:0019H         PUBLIC        pattern3
  D:0021H         PUBLIC        pattern4
  D:0029H         PUBLIC        pattern5
  D:0031H         PUBLIC        pattern6
  D:0039H         PUBLIC        pattern7
  -------         PROC          MAIN
  C:0003H         LINE#         12
  C:0003H         LINE#         13
  C:0003H         LINE#         15
  C:0006H         LINE#         16
  C:0009H         LINE#         42
  C:0009H         LINE#         43
  C:0009H         LINE#         89
  C:0012H         LINE#         90
  C:0019H         LINE#         91
  C:0022H         LINE#         92
  C:0029H         LINE#         93
  C:0032H         LINE#         94
  C:0039H         LINE#         95
  C:0042H         LINE#         96
  C:0049H         LINE#         97
  C:0052H         LINE#         98
  C:0059H         LINE#         99
  C:0062H         LINE#         100
  C:0069H         LINE#         101
  C:0072H         LINE#         102
  C:0079H         LINE#         103
  C:007EH         LINE#         104
  C:0085H         LINE#         105
  C:008AH         LINE#         106
  C:0091H         LINE#         107
  C:0096H         LINE#         108
  C:009DH         LINE#         109
  C:00A0H         LINE#         110
  C:00ADH         LINE#         111
  C:00BAH         LINE#         112
  C:00C1H         LINE#         113
  -------         ENDPROC       MAIN
  -------         ENDMOD        MAIN

BL51 BANKED LINKER/LOCATER V6.22.4.0                                                  09/03/2025  16:59:33  PAGE 4


  -------         MODULE        LCD4002
  C:0000H         SYMBOL        _ICE_DUMMY_
  D:0090H         PUBLIC        P1
  D:00A0H         PUBLIC        P2
  D:00B0H         PUBLIC        P3
  C:0378H         PUBLIC        _LCD_WriteCommand
  C:0197H         PUBLIC        _write_CGROM
  B:00A0H.0       PUBLIC        KEY1
  C:036AH         PUBLIC        LCD_Clear
  C:0333H         PUBLIC        Busy
  C:0359H         PUBLIC        _LCD_ReadData
  C:0385H         PUBLIC        _LCD_WriteData
  C:0230H         PUBLIC        _displayCustomCharacter1
  B:00B0H.2       PUBLIC        LCD_EN
  C:02E7H         PUBLIC        LCD_Init
  C:0347H         PUBLIC        LCD_Readdata
  C:0259H         PUBLIC        _LCD_ShowString
  C:01CEH         PUBLIC        _Write_DDRAM
  B:00B0H.0       PUBLIC        LCD_RS
  C:0280H         PUBLIC        _Write_CGRAM
  C:031AH         PUBLIC        ReadKey1
  B:00B0H.1       PUBLIC        LCD_RW
  C:02C6H         PUBLIC        _LCD_SetCursor
  C:02ADH         PUBLIC        _Delay
  C:0392H         PUBLIC        _LCD_USER_ShowString
  -------         PROC          READKEY1
  C:031AH         LINE#         9
  C:031AH         LINE#         10
  C:031AH         LINE#         11
  C:031DH         LINE#         12
  C:031DH         LINE#         13
  C:0324H         LINE#         14
  C:0327H         LINE#         15
  C:0327H         LINE#         16
  C:032AH         LINE#         17
  C:032FH         LINE#         18
  C:032FH         LINE#         19
  C:032FH         LINE#         20
  C:0332H         LINE#         21
  -------         ENDPROC       READKEY1
  C:02A8H         SYMBOL        L?0063
  -------         PROC          L?0062
  -------         ENDPROC       L?0062
  C:02A8H         SYMBOL        L?0063
  -------         PROC          _DELAY
  D:0006H         SYMBOL        xms
  -------         DO            
  D:0045H         SYMBOL        i
  D:0046H         SYMBOL        j
  -------         ENDDO         
  C:02ADH         LINE#         24
  C:02ADH         LINE#         25
  C:02ADH         LINE#         26
  C:02B7H         LINE#         27
  C:02B7H         LINE#         30
  C:02BAH         LINE#         31
  C:02BDH         LINE#         33
BL51 BANKED LINKER/LOCATER V6.22.4.0                                                  09/03/2025  16:59:33  PAGE 5


  C:02BDH         LINE#         34
  C:02C0H         LINE#         35
  C:02C3H         LINE#         36
  C:02C5H         LINE#         37
  -------         ENDPROC       _DELAY
  -------         PROC          BUSY
  -------         DO            
  D:0007H         SYMBOL        temp
  -------         ENDDO         
  C:0333H         LINE#         41
  C:0333H         LINE#         42
  C:0333H         LINE#         44
  C:0336H         LINE#         45
  C:0338H         LINE#         46
  C:033AH         LINE#         47
  C:033CH         LINE#         49
  C:033CH         LINE#         50
  C:033EH         LINE#         51
  C:0340H         LINE#         52
  C:0342H         LINE#         53
  C:0342H         LINE#         54
  C:0346H         LINE#         55
  -------         ENDPROC       BUSY
  -------         PROC          _LCD_WRITECOMMAND
  D:0006H         SYMBOL        Command
  C:0378H         LINE#         63
  C:037AH         LINE#         64
  C:037AH         LINE#         65
  C:037DH         LINE#         66
  C:037FH         LINE#         67
  C:037FH         LINE#         68
  C:037FH         LINE#         69
  C:037FH         LINE#         70
  C:0382H         LINE#         71
  C:0384H         LINE#         72
  -------         ENDPROC       _LCD_WRITECOMMAND
  -------         PROC          _LCD_WRITEDATA
  D:0006H         SYMBOL        Data
  C:0385H         LINE#         80
  C:0387H         LINE#         81
  C:0387H         LINE#         82
  C:038AH         LINE#         83
  C:038CH         LINE#         84
  C:038CH         LINE#         85
  C:038CH         LINE#         86
  C:038CH         LINE#         87
  C:038FH         LINE#         88
  C:0391H         LINE#         90
  -------         ENDPROC       _LCD_WRITEDATA
  -------         PROC          _LCD_READDATA
  D:0005H         SYMBOL        Data
  C:0359H         LINE#         98
  C:035BH         LINE#         99
  C:035BH         LINE#         100
  C:035EH         LINE#         101
  C:0360H         LINE#         102
  C:0362H         LINE#         103
BL51 BANKED LINKER/LOCATER V6.22.4.0                                                  09/03/2025  16:59:33  PAGE 6


  C:0362H         LINE#         104
  C:0365H         LINE#         105
  C:0367H         LINE#         106
  C:0369H         LINE#         107
  -------         ENDPROC       _LCD_READDATA
  -------         PROC          LCD_INIT
  C:02E7H         LINE#         116
  C:02E7H         LINE#         117
  C:02E7H         LINE#         118
  C:02ECH         LINE#         119
  C:02F1H         LINE#         121
  C:02F6H         LINE#         122
  C:02FBH         LINE#         123
  -------         ENDPROC       LCD_INIT
  -------         PROC          LCD_CLEAR
  C:036AH         LINE#         132
  C:036AH         LINE#         133
  C:036AH         LINE#         134
  C:036DH         LINE#         135
  C:0372H         LINE#         136
  -------         ENDPROC       LCD_CLEAR
  -------         PROC          _LCD_SETCURSOR
  D:0006H         SYMBOL        Line
  D:0004H         SYMBOL        Column
  C:02C6H         LINE#         146
  C:02C6H         LINE#         147
  C:02C6H         LINE#         149
  C:02D2H         LINE#         151
  C:02D7H         LINE#         152
  C:02DAH         LINE#         153
  C:02DAH         LINE#         154
  C:02DDH         LINE#         155
  C:02DFH         LINE#         157
  C:02DFH         LINE#         158
  C:02E6H         LINE#         159
  C:02E6H         LINE#         161
  -------         ENDPROC       _LCD_SETCURSOR
  -------         PROC          LCD_READDATA
  -------         DO            
  D:0007H         SYMBOL        d
  -------         ENDDO         
  C:0347H         LINE#         164
  C:0347H         LINE#         165
  C:0347H         LINE#         166
  C:034AH         LINE#         167
  C:034DH         LINE#         168
  C:034FH         LINE#         169
  C:0351H         LINE#         170
  C:0351H         LINE#         171
  C:0354H         LINE#         172
  C:0356H         LINE#         173
  C:0358H         LINE#         174
  C:0358H         LINE#         175
  -------         ENDPROC       LCD_READDATA
  -------         PROC          _LCD_USER_SHOWSTRING
  D:0006H         SYMBOL        Line
  D:0005H         SYMBOL        Column
BL51 BANKED LINKER/LOCATER V6.22.4.0                                                  09/03/2025  16:59:33  PAGE 7


  D:0003H         SYMBOL        i
  C:0392H         LINE#         184
  C:0392H         LINE#         185
  C:0392H         LINE#         186
  C:0399H         LINE#         187
  -------         ENDPROC       _LCD_USER_SHOWSTRING
  -------         PROC          _LCD_SHOWSTRING
  D:0007H         SYMBOL        Line
  D:0005H         SYMBOL        Column
  D:0041H         SYMBOL        String
  -------         DO            
  D:0005H         SYMBOL        i
  -------         ENDDO         
  C:0259H         LINE#         196
  C:025FH         LINE#         197
  C:025FH         LINE#         198
  C:0266H         LINE#         199
  C:0279H         LINE#         200
  C:0279H         LINE#         201
  C:027CH         LINE#         202
  C:027FH         LINE#         203
  -------         ENDPROC       _LCD_SHOWSTRING
  -------         PROC          _WRITE_CGROM
  D:0005H         SYMBOL        a
  -------         DO            
  D:0003H         SYMBOL        j
  -------         ENDDO         
  C:0197H         LINE#         207
  C:0199H         LINE#         208
  C:0199H         LINE#         210
  C:019EH         LINE#         211
  C:01A5H         LINE#         212
  C:01AAH         LINE#         215
  C:01ACH         LINE#         216
  C:01ACH         LINE#         217
  C:01B1H         LINE#         218
  C:01B2H         LINE#         219
  C:01B6H         LINE#         221
  C:01BBH         LINE#         224
  C:01BDH         LINE#         225
  C:01BDH         LINE#         226
  C:01C2H         LINE#         227
  C:01C3H         LINE#         228
  C:01C7H         LINE#         230
  -------         ENDPROC       _WRITE_CGROM
  -------         PROC          _WRITE_DDRAM
  D:0005H         SYMBOL        a
  -------         DO            
  D:0003H         SYMBOL        j
  -------         ENDDO         
  C:01CEH         LINE#         239
  C:01D0H         LINE#         240
  C:01D0H         LINE#         243
  C:01D5H         LINE#         244
  C:01DCH         LINE#         246
  C:01E1H         LINE#         249
  C:01E3H         LINE#         250
BL51 BANKED LINKER/LOCATER V6.22.4.0                                                  09/03/2025  16:59:33  PAGE 8


  C:01E3H         LINE#         251
  C:01E8H         LINE#         252
  C:01ECH         LINE#         254
  C:01F1H         LINE#         257
  C:01F3H         LINE#         258
  C:01F3H         LINE#         259
  C:01F8H         LINE#         260
  C:01FCH         LINE#         261
  -------         ENDPROC       _WRITE_DDRAM
  -------         PROC          _WRITE_CGRAM
  D:0042H         SYMBOL        a
  -------         DO            
  D:0005H         SYMBOL        k
  -------         ENDDO         
  C:0280H         LINE#         266
  C:0286H         LINE#         267
  C:0286H         LINE#         271
  C:028BH         LINE#         274
  C:028DH         LINE#         275
  C:028DH         LINE#         276
  C:029FH         LINE#         277
  C:02A3H         LINE#         278
  -------         ENDPROC       _WRITE_CGRAM
  -------         PROC          _DISPLAYCUSTOMCHARACTER1
  D:0001H         SYMBOL        pattern
  -------         DO            
  D:0005H         SYMBOL        row
  D:0003H         SYMBOL        col
  -------         DO            
  D:0041H         SYMBOL        position
  -------         ENDDO         
  -------         ENDDO         
  C:0230H         LINE#         281
  C:0230H         LINE#         282
  C:0230H         LINE#         286
  C:0233H         LINE#         289
  C:0235H         LINE#         290
  C:0235H         LINE#         291
  C:0237H         LINE#         292
  C:0237H         LINE#         295
  C:023AH         LINE#         296
  C:023AH         LINE#         297
  C:023FH         LINE#         298
  C:0241H         LINE#         299
  C:0246H         LINE#         302
  C:024BH         LINE#         303
  C:0250H         LINE#         304
  C:0254H         LINE#         305
  C:0258H         LINE#         306
  -------         ENDPROC       _DISPLAYCUSTOMCHARACTER1
  -------         ENDMOD        LCD4002

  -------         MODULE        ?C?CLDOPTR
  C:0203H         PUBLIC        ?C?CLDOPTR
  -------         ENDMOD        ?C?CLDOPTR

Program Size: data=72.0 xdata=0 code=926
BL51 BANKED LINKER/LOCATER V6.22.4.0                                                  09/03/2025  16:59:33  PAGE 9


LINK/LOCATE RUN COMPLETE.  0 WARNING(S),  0 ERROR(S)
