10:22:46 **** Clean-only build of configuration Debug for project GLCD ****
make -j4 clean 
rm -rf ./Drivers/STM32C0xx_HAL_Driver/Src/stm32c0xx_hal.d ./Drivers/STM32C0xx_HAL_Driver/Src/stm32c0xx_hal.o ./Drivers/STM32C0xx_HAL_Driver/Src/stm32c0xx_hal.su ./Drivers/STM32C0xx_HAL_Driver/Src/stm32c0xx_hal_cortex.d ./Drivers/STM32C0xx_HAL_Driver/Src/stm32c0xx_hal_cortex.o ./Drivers/STM32C0xx_HAL_Driver/Src/stm32c0xx_hal_cortex.su ./Drivers/STM32C0xx_HAL_Driver/Src/stm32c0xx_hal_dma.d ./Drivers/STM32C0xx_HAL_Driver/Src/stm32c0xx_hal_dma.o ./Drivers/STM32C0xx_HAL_Driver/Src/stm32c0xx_hal_dma.su ./Drivers/STM32C0xx_HAL_Driver/Src/stm32c0xx_hal_dma_ex.d ./Drivers/STM32C0xx_HAL_Driver/Src/stm32c0xx_hal_dma_ex.o ./Drivers/STM32C0xx_HAL_Driver/Src/stm32c0xx_hal_dma_ex.su ./Drivers/STM32C0xx_HAL_Driver/Src/stm32c0xx_hal_exti.d ./Drivers/STM32C0xx_HAL_Driver/Src/stm32c0xx_hal_exti.o ./Drivers/STM32C0xx_HAL_Driver/Src/stm32c0xx_hal_exti.su ./Drivers/STM32C0xx_HAL_Driver/Src/stm32c0xx_hal_flash.d ./Drivers/STM32C0xx_HAL_Driver/Src/stm32c0xx_hal_flash.o ./Drivers/STM32C0xx_HAL_Driver/Src/stm32c0xx_hal_flash.su ./Drivers/STM32C0xx_HAL_Driver/Src/stm32c0xx_hal_flash_ex.d ./Drivers/STM32C0xx_HAL_Driver/Src/stm32c0xx_hal_flash_ex.o ./Drivers/STM32C0xx_HAL_Driver/Src/stm32c0xx_hal_flash_ex.su ./Drivers/STM32C0xx_HAL_Driver/Src/stm32c0xx_hal_gpio.d ./Drivers/STM32C0xx_HAL_Driver/Src/stm32c0xx_hal_gpio.o ./Drivers/STM32C0xx_HAL_Driver/Src/stm32c0xx_hal_gpio.su ./Drivers/STM32C0xx_HAL_Driver/Src/stm32c0xx_hal_iwdg.d ./Drivers/STM32C0xx_HAL_Driver/Src/stm32c0xx_hal_iwdg.o ./Drivers/STM32C0xx_HAL_Driver/Src/stm32c0xx_hal_iwdg.su ./Drivers/STM32C0xx_HAL_Driver/Src/stm32c0xx_hal_pwr.d ./Drivers/STM32C0xx_HAL_Driver/Src/stm32c0xx_hal_pwr.o ./Drivers/STM32C0xx_HAL_Driver/Src/stm32c0xx_hal_pwr.su ./Drivers/STM32C0xx_HAL_Driver/Src/stm32c0xx_hal_pwr_ex.d ./Drivers/STM32C0xx_HAL_Driver/Src/stm32c0xx_hal_pwr_ex.o ./Drivers/STM32C0xx_HAL_Driver/Src/stm32c0xx_hal_pwr_ex.su ./Drivers/STM32C0xx_HAL_Driver/Src/stm32c0xx_hal_rcc.d ./Drivers/STM32C0xx_HAL_Driver/Src/stm32c0xx_hal_rcc.o ./Drivers/STM32C0xx_HAL_Driver/Src/stm32c0xx_hal_rcc.su ./Drivers/STM32C0xx_HAL_Driver/Src/stm32c0xx_hal_rcc_ex.d ./Drivers/STM32C0xx_HAL_Driver/Src/stm32c0xx_hal_rcc_ex.o ./Drivers/STM32C0xx_HAL_Driver/Src/stm32c0xx_hal_rcc_ex.su ./Drivers/STM32C0xx_HAL_Driver/Src/stm32c0xx_hal_uart.d ./Drivers/STM32C0xx_HAL_Driver/Src/stm32c0xx_hal_uart.o ./Drivers/STM32C0xx_HAL_Driver/Src/stm32c0xx_hal_uart.su ./Drivers/STM32C0xx_HAL_Driver/Src/stm32c0xx_hal_uart_ex.d ./Drivers/STM32C0xx_HAL_Driver/Src/stm32c0xx_hal_uart_ex.o ./Drivers/STM32C0xx_HAL_Driver/Src/stm32c0xx_hal_uart_ex.su
rm -rf ./Core/Startup/startup_stm32c031k6tx.d ./Core/Startup/startup_stm32c031k6tx.o
rm -rf ./Core/Src/main.d ./Core/Src/main.o ./Core/Src/main.su ./Core/Src/stm32c0xx_hal_msp.d ./Core/Src/stm32c0xx_hal_msp.o ./Core/Src/stm32c0xx_hal_msp.su ./Core/Src/stm32c0xx_it.d ./Core/Src/stm32c0xx_it.o ./Core/Src/stm32c0xx_it.su ./Core/Src/syscalls.d ./Core/Src/syscalls.o ./Core/Src/syscalls.su ./Core/Src/sysmem.d ./Core/Src/sysmem.o ./Core/Src/sysmem.su ./Core/Src/system_stm32c0xx.d ./Core/Src/system_stm32c0xx.o ./Core/Src/system_stm32c0xx.su
rm -rf GLCD.elf GLCD.list GLCD.map default.size.stdout
 
10:22:48 **** Build of configuration Debug for project GLCD ****
make -j4 all 
arm-none-eabi-gcc "../Drivers/STM32C0xx_HAL_Driver/Src/stm32c0xx_hal.c" -mcpu=cortex-m0plus -std=gnu11 -g3 -DDEBUG -DUSE_HAL_DRIVER -DSTM32C031xx -c -I../Core/Inc -I../Drivers/STM32C0xx_HAL_Driver/Inc -I../Drivers/STM32C0xx_HAL_Driver/Inc/Legacy -I../Drivers/CMSIS/Device/ST/STM32C0xx/Include -I../Drivers/CMSIS/Include -O0 -ffunction-sections -fdata-sections -Wall -fstack-usage -fcyclomatic-complexity -MMD -MP -MF"Drivers/STM32C0xx_HAL_Driver/Src/stm32c0xx_hal.d" -MT"Drivers/STM32C0xx_HAL_Driver/Src/stm32c0xx_hal.o" --specs=nano.specs -mfloat-abi=soft -mthumb -o "Drivers/STM32C0xx_HAL_Driver/Src/stm32c0xx_hal.o"
arm-none-eabi-gcc "../Drivers/STM32C0xx_HAL_Driver/Src/stm32c0xx_hal_cortex.c" -mcpu=cortex-m0plus -std=gnu11 -g3 -DDEBUG -DUSE_HAL_DRIVER -DSTM32C031xx -c -I../Core/Inc -I../Drivers/STM32C0xx_HAL_Driver/Inc -I../Drivers/STM32C0xx_HAL_Driver/Inc/Legacy -I../Drivers/CMSIS/Device/ST/STM32C0xx/Include -I../Drivers/CMSIS/Include -O0 -ffunction-sections -fdata-sections -Wall -fstack-usage -fcyclomatic-complexity -MMD -MP -MF"Drivers/STM32C0xx_HAL_Driver/Src/stm32c0xx_hal_cortex.d" -MT"Drivers/STM32C0xx_HAL_Driver/Src/stm32c0xx_hal_cortex.o" --specs=nano.specs -mfloat-abi=soft -mthumb -o "Drivers/STM32C0xx_HAL_Driver/Src/stm32c0xx_hal_cortex.o"
arm-none-eabi-gcc "../Drivers/STM32C0xx_HAL_Driver/Src/stm32c0xx_hal_dma.c" -mcpu=cortex-m0plus -std=gnu11 -g3 -DDEBUG -DUSE_HAL_DRIVER -DSTM32C031xx -c -I../Core/Inc -I../Drivers/STM32C0xx_HAL_Driver/Inc -I../Drivers/STM32C0xx_HAL_Driver/Inc/Legacy -I../Drivers/CMSIS/Device/ST/STM32C0xx/Include -I../Drivers/CMSIS/Include -O0 -ffunction-sections -fdata-sections -Wall -fstack-usage -fcyclomatic-complexity -MMD -MP -MF"Drivers/STM32C0xx_HAL_Driver/Src/stm32c0xx_hal_dma.d" -MT"Drivers/STM32C0xx_HAL_Driver/Src/stm32c0xx_hal_dma.o" --specs=nano.specs -mfloat-abi=soft -mthumb -o "Drivers/STM32C0xx_HAL_Driver/Src/stm32c0xx_hal_dma.o"
arm-none-eabi-gcc "../Drivers/STM32C0xx_HAL_Driver/Src/stm32c0xx_hal_dma_ex.c" -mcpu=cortex-m0plus -std=gnu11 -g3 -DDEBUG -DUSE_HAL_DRIVER -DSTM32C031xx -c -I../Core/Inc -I../Drivers/STM32C0xx_HAL_Driver/Inc -I../Drivers/STM32C0xx_HAL_Driver/Inc/Legacy -I../Drivers/CMSIS/Device/ST/STM32C0xx/Include -I../Drivers/CMSIS/Include -O0 -ffunction-sections -fdata-sections -Wall -fstack-usage -fcyclomatic-complexity -MMD -MP -MF"Drivers/STM32C0xx_HAL_Driver/Src/stm32c0xx_hal_dma_ex.d" -MT"Drivers/STM32C0xx_HAL_Driver/Src/stm32c0xx_hal_dma_ex.o" --specs=nano.specs -mfloat-abi=soft -mthumb -o "Drivers/STM32C0xx_HAL_Driver/Src/stm32c0xx_hal_dma_ex.o"
arm-none-eabi-gcc "../Drivers/STM32C0xx_HAL_Driver/Src/stm32c0xx_hal_exti.c" -mcpu=cortex-m0plus -std=gnu11 -g3 -DDEBUG -DUSE_HAL_DRIVER -DSTM32C031xx -c -I../Core/Inc -I../Drivers/STM32C0xx_HAL_Driver/Inc -I../Drivers/STM32C0xx_HAL_Driver/Inc/Legacy -I../Drivers/CMSIS/Device/ST/STM32C0xx/Include -I../Drivers/CMSIS/Include -O0 -ffunction-sections -fdata-sections -Wall -fstack-usage -fcyclomatic-complexity -MMD -MP -MF"Drivers/STM32C0xx_HAL_Driver/Src/stm32c0xx_hal_exti.d" -MT"Drivers/STM32C0xx_HAL_Driver/Src/stm32c0xx_hal_exti.o" --specs=nano.specs -mfloat-abi=soft -mthumb -o "Drivers/STM32C0xx_HAL_Driver/Src/stm32c0xx_hal_exti.o"
arm-none-eabi-gcc "../Drivers/STM32C0xx_HAL_Driver/Src/stm32c0xx_hal_flash.c" -mcpu=cortex-m0plus -std=gnu11 -g3 -DDEBUG -DUSE_HAL_DRIVER -DSTM32C031xx -c -I../Core/Inc -I../Drivers/STM32C0xx_HAL_Driver/Inc -I../Drivers/STM32C0xx_HAL_Driver/Inc/Legacy -I../Drivers/CMSIS/Device/ST/STM32C0xx/Include -I../Drivers/CMSIS/Include -O0 -ffunction-sections -fdata-sections -Wall -fstack-usage -fcyclomatic-complexity -MMD -MP -MF"Drivers/STM32C0xx_HAL_Driver/Src/stm32c0xx_hal_flash.d" -MT"Drivers/STM32C0xx_HAL_Driver/Src/stm32c0xx_hal_flash.o" --specs=nano.specs -mfloat-abi=soft -mthumb -o "Drivers/STM32C0xx_HAL_Driver/Src/stm32c0xx_hal_flash.o"
arm-none-eabi-gcc "../Drivers/STM32C0xx_HAL_Driver/Src/stm32c0xx_hal_flash_ex.c" -mcpu=cortex-m0plus -std=gnu11 -g3 -DDEBUG -DUSE_HAL_DRIVER -DSTM32C031xx -c -I../Core/Inc -I../Drivers/STM32C0xx_HAL_Driver/Inc -I../Drivers/STM32C0xx_HAL_Driver/Inc/Legacy -I../Drivers/CMSIS/Device/ST/STM32C0xx/Include -I../Drivers/CMSIS/Include -O0 -ffunction-sections -fdata-sections -Wall -fstack-usage -fcyclomatic-complexity -MMD -MP -MF"Drivers/STM32C0xx_HAL_Driver/Src/stm32c0xx_hal_flash_ex.d" -MT"Drivers/STM32C0xx_HAL_Driver/Src/stm32c0xx_hal_flash_ex.o" --specs=nano.specs -mfloat-abi=soft -mthumb -o "Drivers/STM32C0xx_HAL_Driver/Src/stm32c0xx_hal_flash_ex.o"
arm-none-eabi-gcc "../Drivers/STM32C0xx_HAL_Driver/Src/stm32c0xx_hal_gpio.c" -mcpu=cortex-m0plus -std=gnu11 -g3 -DDEBUG -DUSE_HAL_DRIVER -DSTM32C031xx -c -I../Core/Inc -I../Drivers/STM32C0xx_HAL_Driver/Inc -I../Drivers/STM32C0xx_HAL_Driver/Inc/Legacy -I../Drivers/CMSIS/Device/ST/STM32C0xx/Include -I../Drivers/CMSIS/Include -O0 -ffunction-sections -fdata-sections -Wall -fstack-usage -fcyclomatic-complexity -MMD -MP -MF"Drivers/STM32C0xx_HAL_Driver/Src/stm32c0xx_hal_gpio.d" -MT"Drivers/STM32C0xx_HAL_Driver/Src/stm32c0xx_hal_gpio.o" --specs=nano.specs -mfloat-abi=soft -mthumb -o "Drivers/STM32C0xx_HAL_Driver/Src/stm32c0xx_hal_gpio.o"
arm-none-eabi-gcc "../Drivers/STM32C0xx_HAL_Driver/Src/stm32c0xx_hal_iwdg.c" -mcpu=cortex-m0plus -std=gnu11 -g3 -DDEBUG -DUSE_HAL_DRIVER -DSTM32C031xx -c -I../Core/Inc -I../Drivers/STM32C0xx_HAL_Driver/Inc -I../Drivers/STM32C0xx_HAL_Driver/Inc/Legacy -I../Drivers/CMSIS/Device/ST/STM32C0xx/Include -I../Drivers/CMSIS/Include -O0 -ffunction-sections -fdata-sections -Wall -fstack-usage -fcyclomatic-complexity -MMD -MP -MF"Drivers/STM32C0xx_HAL_Driver/Src/stm32c0xx_hal_iwdg.d" -MT"Drivers/STM32C0xx_HAL_Driver/Src/stm32c0xx_hal_iwdg.o" --specs=nano.specs -mfloat-abi=soft -mthumb -o "Drivers/STM32C0xx_HAL_Driver/Src/stm32c0xx_hal_iwdg.o"
arm-none-eabi-gcc "../Drivers/STM32C0xx_HAL_Driver/Src/stm32c0xx_hal_pwr.c" -mcpu=cortex-m0plus -std=gnu11 -g3 -DDEBUG -DUSE_HAL_DRIVER -DSTM32C031xx -c -I../Core/Inc -I../Drivers/STM32C0xx_HAL_Driver/Inc -I../Drivers/STM32C0xx_HAL_Driver/Inc/Legacy -I../Drivers/CMSIS/Device/ST/STM32C0xx/Include -I../Drivers/CMSIS/Include -O0 -ffunction-sections -fdata-sections -Wall -fstack-usage -fcyclomatic-complexity -MMD -MP -MF"Drivers/STM32C0xx_HAL_Driver/Src/stm32c0xx_hal_pwr.d" -MT"Drivers/STM32C0xx_HAL_Driver/Src/stm32c0xx_hal_pwr.o" --specs=nano.specs -mfloat-abi=soft -mthumb -o "Drivers/STM32C0xx_HAL_Driver/Src/stm32c0xx_hal_pwr.o"
arm-none-eabi-gcc "../Drivers/STM32C0xx_HAL_Driver/Src/stm32c0xx_hal_pwr_ex.c" -mcpu=cortex-m0plus -std=gnu11 -g3 -DDEBUG -DUSE_HAL_DRIVER -DSTM32C031xx -c -I../Core/Inc -I../Drivers/STM32C0xx_HAL_Driver/Inc -I../Drivers/STM32C0xx_HAL_Driver/Inc/Legacy -I../Drivers/CMSIS/Device/ST/STM32C0xx/Include -I../Drivers/CMSIS/Include -O0 -ffunction-sections -fdata-sections -Wall -fstack-usage -fcyclomatic-complexity -MMD -MP -MF"Drivers/STM32C0xx_HAL_Driver/Src/stm32c0xx_hal_pwr_ex.d" -MT"Drivers/STM32C0xx_HAL_Driver/Src/stm32c0xx_hal_pwr_ex.o" --specs=nano.specs -mfloat-abi=soft -mthumb -o "Drivers/STM32C0xx_HAL_Driver/Src/stm32c0xx_hal_pwr_ex.o"
arm-none-eabi-gcc "../Drivers/STM32C0xx_HAL_Driver/Src/stm32c0xx_hal_rcc.c" -mcpu=cortex-m0plus -std=gnu11 -g3 -DDEBUG -DUSE_HAL_DRIVER -DSTM32C031xx -c -I../Core/Inc -I../Drivers/STM32C0xx_HAL_Driver/Inc -I../Drivers/STM32C0xx_HAL_Driver/Inc/Legacy -I../Drivers/CMSIS/Device/ST/STM32C0xx/Include -I../Drivers/CMSIS/Include -O0 -ffunction-sections -fdata-sections -Wall -fstack-usage -fcyclomatic-complexity -MMD -MP -MF"Drivers/STM32C0xx_HAL_Driver/Src/stm32c0xx_hal_rcc.d" -MT"Drivers/STM32C0xx_HAL_Driver/Src/stm32c0xx_hal_rcc.o" --specs=nano.specs -mfloat-abi=soft -mthumb -o "Drivers/STM32C0xx_HAL_Driver/Src/stm32c0xx_hal_rcc.o"
arm-none-eabi-gcc "../Drivers/STM32C0xx_HAL_Driver/Src/stm32c0xx_hal_rcc_ex.c" -mcpu=cortex-m0plus -std=gnu11 -g3 -DDEBUG -DUSE_HAL_DRIVER -DSTM32C031xx -c -I../Core/Inc -I../Drivers/STM32C0xx_HAL_Driver/Inc -I../Drivers/STM32C0xx_HAL_Driver/Inc/Legacy -I../Drivers/CMSIS/Device/ST/STM32C0xx/Include -I../Drivers/CMSIS/Include -O0 -ffunction-sections -fdata-sections -Wall -fstack-usage -fcyclomatic-complexity -MMD -MP -MF"Drivers/STM32C0xx_HAL_Driver/Src/stm32c0xx_hal_rcc_ex.d" -MT"Drivers/STM32C0xx_HAL_Driver/Src/stm32c0xx_hal_rcc_ex.o" --specs=nano.specs -mfloat-abi=soft -mthumb -o "Drivers/STM32C0xx_HAL_Driver/Src/stm32c0xx_hal_rcc_ex.o"
arm-none-eabi-gcc "../Drivers/STM32C0xx_HAL_Driver/Src/stm32c0xx_hal_uart.c" -mcpu=cortex-m0plus -std=gnu11 -g3 -DDEBUG -DUSE_HAL_DRIVER -DSTM32C031xx -c -I../Core/Inc -I../Drivers/STM32C0xx_HAL_Driver/Inc -I../Drivers/STM32C0xx_HAL_Driver/Inc/Legacy -I../Drivers/CMSIS/Device/ST/STM32C0xx/Include -I../Drivers/CMSIS/Include -O0 -ffunction-sections -fdata-sections -Wall -fstack-usage -fcyclomatic-complexity -MMD -MP -MF"Drivers/STM32C0xx_HAL_Driver/Src/stm32c0xx_hal_uart.d" -MT"Drivers/STM32C0xx_HAL_Driver/Src/stm32c0xx_hal_uart.o" --specs=nano.specs -mfloat-abi=soft -mthumb -o "Drivers/STM32C0xx_HAL_Driver/Src/stm32c0xx_hal_uart.o"
arm-none-eabi-gcc "../Drivers/STM32C0xx_HAL_Driver/Src/stm32c0xx_hal_uart_ex.c" -mcpu=cortex-m0plus -std=gnu11 -g3 -DDEBUG -DUSE_HAL_DRIVER -DSTM32C031xx -c -I../Core/Inc -I../Drivers/STM32C0xx_HAL_Driver/Inc -I../Drivers/STM32C0xx_HAL_Driver/Inc/Legacy -I../Drivers/CMSIS/Device/ST/STM32C0xx/Include -I../Drivers/CMSIS/Include -O0 -ffunction-sections -fdata-sections -Wall -fstack-usage -fcyclomatic-complexity -MMD -MP -MF"Drivers/STM32C0xx_HAL_Driver/Src/stm32c0xx_hal_uart_ex.d" -MT"Drivers/STM32C0xx_HAL_Driver/Src/stm32c0xx_hal_uart_ex.o" --specs=nano.specs -mfloat-abi=soft -mthumb -o "Drivers/STM32C0xx_HAL_Driver/Src/stm32c0xx_hal_uart_ex.o"
arm-none-eabi-gcc -mcpu=cortex-m0plus -g3 -DDEBUG -c -x assembler-with-cpp -MMD -MP -MF"Core/Startup/startup_stm32c031k6tx.d" -MT"Core/Startup/startup_stm32c031k6tx.o" --specs=nano.specs -mfloat-abi=soft -mthumb -o "Core/Startup/startup_stm32c031k6tx.o" "../Core/Startup/startup_stm32c031k6tx.s"
arm-none-eabi-gcc "../Core/Src/main.c" -mcpu=cortex-m0plus -std=gnu11 -g3 -DDEBUG -DUSE_HAL_DRIVER -DSTM32C031xx -c -I../Core/Inc -I../Drivers/STM32C0xx_HAL_Driver/Inc -I../Drivers/STM32C0xx_HAL_Driver/Inc/Legacy -I../Drivers/CMSIS/Device/ST/STM32C0xx/Include -I../Drivers/CMSIS/Include -O0 -ffunction-sections -fdata-sections -Wall -fstack-usage -fcyclomatic-complexity -MMD -MP -MF"Core/Src/main.d" -MT"Core/Src/main.o" --specs=nano.specs -mfloat-abi=soft -mthumb -o "Core/Src/main.o"
arm-none-eabi-gcc "../Core/Src/stm32c0xx_hal_msp.c" -mcpu=cortex-m0plus -std=gnu11 -g3 -DDEBUG -DUSE_HAL_DRIVER -DSTM32C031xx -c -I../Core/Inc -I../Drivers/STM32C0xx_HAL_Driver/Inc -I../Drivers/STM32C0xx_HAL_Driver/Inc/Legacy -I../Drivers/CMSIS/Device/ST/STM32C0xx/Include -I../Drivers/CMSIS/Include -O0 -ffunction-sections -fdata-sections -Wall -fstack-usage -fcyclomatic-complexity -MMD -MP -MF"Core/Src/stm32c0xx_hal_msp.d" -MT"Core/Src/stm32c0xx_hal_msp.o" --specs=nano.specs -mfloat-abi=soft -mthumb -o "Core/Src/stm32c0xx_hal_msp.o"
arm-none-eabi-gcc "../Core/Src/stm32c0xx_it.c" -mcpu=cortex-m0plus -std=gnu11 -g3 -DDEBUG -DUSE_HAL_DRIVER -DSTM32C031xx -c -I../Core/Inc -I../Drivers/STM32C0xx_HAL_Driver/Inc -I../Drivers/STM32C0xx_HAL_Driver/Inc/Legacy -I../Drivers/CMSIS/Device/ST/STM32C0xx/Include -I../Drivers/CMSIS/Include -O0 -ffunction-sections -fdata-sections -Wall -fstack-usage -fcyclomatic-complexity -MMD -MP -MF"Core/Src/stm32c0xx_it.d" -MT"Core/Src/stm32c0xx_it.o" --specs=nano.specs -mfloat-abi=soft -mthumb -o "Core/Src/stm32c0xx_it.o"
../Core/Src/main.c: In function 'Display_character':
../Core/Src/main.c:737:13: warning: 'Display_8_8' reading 1 byte from a region of size 0 [-Wstringop-overread]
  737 |             Display_8_8(character, 0);  // Display character in mode 0
      |             ^~~~~~~~~~~~~~~~~~~~~~~~~
../Core/Src/main.c:737:13: note: referencing argument 1 of type 'const uint8_t *' {aka 'const unsigned char *'}
../Core/Src/main.c:664:6: note: in a call to function 'Display_8_8'
  664 | void Display_8_8(const uint8_t C[], uint8_t i)
      |      ^~~~~~~~~~~
../Core/Src/main.c:749:13: warning: 'Display_8_8' reading 1 byte from a region of size 0 [-Wstringop-overread]
  749 |             Display_8_8(character, 1);  // Display character in mode 1
      |             ^~~~~~~~~~~~~~~~~~~~~~~~~
../Core/Src/main.c:749:13: note: referencing argument 1 of type 'const uint8_t *' {aka 'const unsigned char *'}
../Core/Src/main.c:664:6: note: in a call to function 'Display_8_8'
  664 | void Display_8_8(const uint8_t C[], uint8_t i)
      |      ^~~~~~~~~~~
../Core/Src/main.c:761:13: warning: 'Display_8_8' reading 1 byte from a region of size 0 [-Wstringop-overread]
  761 |             Display_8_8(character, 2);  // Display character in mode 2
      |             ^~~~~~~~~~~~~~~~~~~~~~~~~
../Core/Src/main.c:761:13: note: referencing argument 1 of type 'const uint8_t *' {aka 'const unsigned char *'}
../Core/Src/main.c:664:6: note: in a call to function 'Display_8_8'
  664 | void Display_8_8(const uint8_t C[], uint8_t i)
      |      ^~~~~~~~~~~
arm-none-eabi-gcc "../Core/Src/syscalls.c" -mcpu=cortex-m0plus -std=gnu11 -g3 -DDEBUG -DUSE_HAL_DRIVER -DSTM32C031xx -c -I../Core/Inc -I../Drivers/STM32C0xx_HAL_Driver/Inc -I../Drivers/STM32C0xx_HAL_Driver/Inc/Legacy -I../Drivers/CMSIS/Device/ST/STM32C0xx/Include -I../Drivers/CMSIS/Include -O0 -ffunction-sections -fdata-sections -Wall -fstack-usage -fcyclomatic-complexity -MMD -MP -MF"Core/Src/syscalls.d" -MT"Core/Src/syscalls.o" --specs=nano.specs -mfloat-abi=soft -mthumb -o "Core/Src/syscalls.o"
arm-none-eabi-gcc "../Core/Src/sysmem.c" -mcpu=cortex-m0plus -std=gnu11 -g3 -DDEBUG -DUSE_HAL_DRIVER -DSTM32C031xx -c -I../Core/Inc -I../Drivers/STM32C0xx_HAL_Driver/Inc -I../Drivers/STM32C0xx_HAL_Driver/Inc/Legacy -I../Drivers/CMSIS/Device/ST/STM32C0xx/Include -I../Drivers/CMSIS/Include -O0 -ffunction-sections -fdata-sections -Wall -fstack-usage -fcyclomatic-complexity -MMD -MP -MF"Core/Src/sysmem.d" -MT"Core/Src/sysmem.o" --specs=nano.specs -mfloat-abi=soft -mthumb -o "Core/Src/sysmem.o"
arm-none-eabi-gcc "../Core/Src/system_stm32c0xx.c" -mcpu=cortex-m0plus -std=gnu11 -g3 -DDEBUG -DUSE_HAL_DRIVER -DSTM32C031xx -c -I../Core/Inc -I../Drivers/STM32C0xx_HAL_Driver/Inc -I../Drivers/STM32C0xx_HAL_Driver/Inc/Legacy -I../Drivers/CMSIS/Device/ST/STM32C0xx/Include -I../Drivers/CMSIS/Include -O0 -ffunction-sections -fdata-sections -Wall -fstack-usage -fcyclomatic-complexity -MMD -MP -MF"Core/Src/system_stm32c0xx.d" -MT"Core/Src/system_stm32c0xx.o" --specs=nano.specs -mfloat-abi=soft -mthumb -o "Core/Src/system_stm32c0xx.o"
arm-none-eabi-gcc -o "GLCD.elf" @"objects.list"   -mcpu=cortex-m0plus -T"C:\Users\LPPC-0016\Desktop\GLCD\TCGLCD\STM32C031K6TX_FLASH.ld" --specs=nosys.specs -Wl,-Map="GLCD.map" -Wl,--gc-sections -static --specs=nano.specs -mfloat-abi=soft -mthumb -Wl,--start-group -lc -lm -Wl,--end-group
Finished building target: GLCD.elf
 
arm-none-eabi-size   GLCD.elf 
arm-none-eabi-objdump -h -S  GLCD.elf  > "GLCD.list"
   text	   data	    bss	    dec	    hex	filename
  15276	     44	   1884	  17204	   4334	GLCD.elf
Finished building: default.size.stdout
Finished building: GLCD.list
 
 
10:23:55 **** Incremental Build of configuration Debug for project GLCD ****
make -j4 all 
arm-none-eabi-gcc "../Core/Src/main.c" -mcpu=cortex-m0plus -std=gnu11 -g3 -DDEBUG -DUSE_HAL_DRIVER -DSTM32C031xx -c -I../Core/Inc -I../Drivers/STM32C0xx_HAL_Driver/Inc -I../Drivers/STM32C0xx_HAL_Driver/Inc/Legacy -I../Drivers/CMSIS/Device/ST/STM32C0xx/Include -I../Drivers/CMSIS/Include -O0 -ffunction-sections -fdata-sections -Wall -fstack-usage -fcyclomatic-complexity -MMD -MP -MF"Core/Src/main.d" -MT"Core/Src/main.o" --specs=nano.specs -mfloat-abi=soft -mthumb -o "Core/Src/main.o"
../Core/Src/main.c: In function 'Display_character':
../Core/Src/main.c:737:13: warning: 'Display_8_8' reading 1 byte from a region of size 0 [-Wstringop-overread]
  737 |             Display_8_8(character, 0);  // Display character in mode 0
      |             ^~~~~~~~~~~~~~~~~~~~~~~~~
../Core/Src/main.c:737:13: note: referencing argument 1 of type 'const uint8_t *' {aka 'const unsigned char *'}
../Core/Src/main.c:652:6: note: in a call to function 'Display_8_8'
  652 | void Display_8_8(const uint8_t C[], uint8_t i)
      |      ^~~~~~~~~~~
../Core/Src/main.c:749:13: warning: 'Display_8_8' reading 1 byte from a region of size 0 [-Wstringop-overread]
  749 |             Display_8_8(character, 1);  // Display character in mode 1
      |             ^~~~~~~~~~~~~~~~~~~~~~~~~
../Core/Src/main.c:749:13: note: referencing argument 1 of type 'const uint8_t *' {aka 'const unsigned char *'}
../Core/Src/main.c:652:6: note: in a call to function 'Display_8_8'
  652 | void Display_8_8(const uint8_t C[], uint8_t i)
      |      ^~~~~~~~~~~
../Core/Src/main.c:761:13: warning: 'Display_8_8' reading 1 byte from a region of size 0 [-Wstringop-overread]
  761 |             Display_8_8(character, 2);  // Display character in mode 2
      |             ^~~~~~~~~~~~~~~~~~~~~~~~~
../Core/Src/main.c:761:13: note: referencing argument 1 of type 'const uint8_t *' {aka 'const unsigned char *'}
../Core/Src/main.c:652:6: note: in a call to function 'Display_8_8'
  652 | void Display_8_8(const uint8_t C[], uint8_t i)
      |      ^~~~~~~~~~~
arm-none-eabi-gcc -o "GLCD.elf" @"objects.list"   -mcpu=cortex-m0plus -T"C:\Users\LPPC-0016\Desktop\GLCD\TCGLCD\STM32C031K6TX_FLASH.ld" --specs=nosys.specs -Wl,-Map="GLCD.map" -Wl,--gc-sections -static --specs=nano.specs -mfloat-abi=soft -mthumb -Wl,--start-group -lc -lm -Wl,--end-group
Finished building target: GLCD.elf
 
arm-none-eabi-size   GLCD.elf 
arm-none-eabi-objdump -h -S  GLCD.elf  > "GLCD.list"
   text	   data	    bss	    dec	    hex	filename
  15276	     44	   1884	  17204	   4334	GLCD.elf
Finished building: default.size.stdout
 
Finished building: GLCD.list
 
10:24:06 **** Incremental Build of configuration Debug for project GLCD ****
make -j4 all 
arm-none-eabi-gcc "../Core/Src/main.c" -mcpu=cortex-m0plus -std=gnu11 -g3 -DDEBUG -DUSE_HAL_DRIVER -DSTM32C031xx -c -I../Core/Inc -I../Drivers/STM32C0xx_HAL_Driver/Inc -I../Drivers/STM32C0xx_HAL_Driver/Inc/Legacy -I../Drivers/CMSIS/Device/ST/STM32C0xx/Include -I../Drivers/CMSIS/Include -O0 -ffunction-sections -fdata-sections -Wall -fstack-usage -fcyclomatic-complexity -MMD -MP -MF"Core/Src/main.d" -MT"Core/Src/main.o" --specs=nano.specs -mfloat-abi=soft -mthumb -o "Core/Src/main.o"
../Core/Src/main.c: In function 'Display_character':
../Core/Src/main.c:737:13: warning: 'Display_8_8' reading 1 byte from a region of size 0 [-Wstringop-overread]
  737 |             Display_8_8(character, 0);  // Display character in mode 0
      |             ^~~~~~~~~~~~~~~~~~~~~~~~~
../Core/Src/main.c:737:13: note: referencing argument 1 of type 'const uint8_t *' {aka 'const unsigned char *'}
../Core/Src/main.c:664:6: note: in a call to function 'Display_8_8'
  664 | void Display_8_8(const uint8_t C[], uint8_t i)
      |      ^~~~~~~~~~~
../Core/Src/main.c:749:13: warning: 'Display_8_8' reading 1 byte from a region of size 0 [-Wstringop-overread]
  749 |             Display_8_8(character, 1);  // Display character in mode 1
      |             ^~~~~~~~~~~~~~~~~~~~~~~~~
../Core/Src/main.c:749:13: note: referencing argument 1 of type 'const uint8_t *' {aka 'const unsigned char *'}
../Core/Src/main.c:664:6: note: in a call to function 'Display_8_8'
  664 | void Display_8_8(const uint8_t C[], uint8_t i)
      |      ^~~~~~~~~~~
../Core/Src/main.c:761:13: warning: 'Display_8_8' reading 1 byte from a region of size 0 [-Wstringop-overread]
  761 |             Display_8_8(character, 2);  // Display character in mode 2
      |             ^~~~~~~~~~~~~~~~~~~~~~~~~
../Core/Src/main.c:761:13: note: referencing argument 1 of type 'const uint8_t *' {aka 'const unsigned char *'}
../Core/Src/main.c:664:6: note: in a call to function 'Display_8_8'
  664 | void Display_8_8(const uint8_t C[], uint8_t i)
      |      ^~~~~~~~~~~
arm-none-eabi-gcc -o "GLCD.elf" @"objects.list"   -mcpu=cortex-m0plus -T"C:\Users\LPPC-0016\Desktop\GLCD\TCGLCD\STM32C031K6TX_FLASH.ld" --specs=nosys.specs -Wl,-Map="GLCD.map" -Wl,--gc-sections -static --specs=nano.specs -mfloat-abi=soft -mthumb -Wl,--start-group -lc -lm -Wl,--end-group
Finished building target: GLCD.elf
 
arm-none-eabi-size   GLCD.elf 
arm-none-eabi-objdump -h -S  GLCD.elf  > "GLCD.list"
   text	   data	    bss	    dec	    hex	filename
  15276	     44	   1884	  17204	   4334	GLCD.elf
Finished building: default.size.stdout
 
Finished building: GLCD.list
 
10:31:23 **** Incremental Build of configuration Debug for project GLCD ****
make -j4 all 
arm-none-eabi-gcc "../Core/Src/main.c" -mcpu=cortex-m0plus -std=gnu11 -g3 -DDEBUG -DUSE_HAL_DRIVER -DSTM32C031xx -c -I../Core/Inc -I../Drivers/STM32C0xx_HAL_Driver/Inc -I../Drivers/STM32C0xx_HAL_Driver/Inc/Legacy -I../Drivers/CMSIS/Device/ST/STM32C0xx/Include -I../Drivers/CMSIS/Include -O0 -ffunction-sections -fdata-sections -Wall -fstack-usage -fcyclomatic-complexity -MMD -MP -MF"Core/Src/main.d" -MT"Core/Src/main.o" --specs=nano.specs -mfloat-abi=soft -mthumb -o "Core/Src/main.o"
../Core/Src/main.c: In function 'Display_character':
../Core/Src/main.c:737:13: warning: 'Display_8_8' reading 1 byte from a region of size 0 [-Wstringop-overread]
  737 |             Display_8_8(character, 0);  // Display character in mode 0
      |             ^~~~~~~~~~~~~~~~~~~~~~~~~
../Core/Src/main.c:737:13: note: referencing argument 1 of type 'const uint8_t *' {aka 'const unsigned char *'}
../Core/Src/main.c:664:6: note: in a call to function 'Display_8_8'
  664 | void Display_8_8(const uint8_t *C, uint8_t i)
      |      ^~~~~~~~~~~
../Core/Src/main.c:749:13: warning: 'Display_8_8' reading 1 byte from a region of size 0 [-Wstringop-overread]
  749 |             Display_8_8(character, 1);  // Display character in mode 1
      |             ^~~~~~~~~~~~~~~~~~~~~~~~~
../Core/Src/main.c:749:13: note: referencing argument 1 of type 'const uint8_t *' {aka 'const unsigned char *'}
../Core/Src/main.c:664:6: note: in a call to function 'Display_8_8'
  664 | void Display_8_8(const uint8_t *C, uint8_t i)
      |      ^~~~~~~~~~~
../Core/Src/main.c:761:13: warning: 'Display_8_8' reading 1 byte from a region of size 0 [-Wstringop-overread]
  761 |             Display_8_8(character, 2);  // Display character in mode 2
      |             ^~~~~~~~~~~~~~~~~~~~~~~~~
../Core/Src/main.c:761:13: note: referencing argument 1 of type 'const uint8_t *' {aka 'const unsigned char *'}
../Core/Src/main.c:664:6: note: in a call to function 'Display_8_8'
  664 | void Display_8_8(const uint8_t *C, uint8_t i)
      |      ^~~~~~~~~~~
arm-none-eabi-gcc -o "GLCD.elf" @"objects.list"   -mcpu=cortex-m0plus -T"C:\Users\LPPC-0016\Desktop\GLCD\TCGLCD\STM32C031K6TX_FLASH.ld" --specs=nosys.specs -Wl,-Map="GLCD.map" -Wl,--gc-sections -static --specs=nano.specs -mfloat-abi=soft -mthumb -Wl,--start-group -lc -lm -Wl,--end-group
Finished building target: GLCD.elf
 
arm-none-eabi-size   GLCD.elf 
arm-none-eabi-objdump -h -S  GLCD.elf  > "GLCD.list"
   text	   data	    bss	    dec	    hex	filename
  15276	     44	   1884	  17204	   4334	GLCD.elf
Finished building: default.size.stdout
 
Finished building: GLCD.list
 
10:31:46 **** Incremental Build of configuration Debug for project GLCD ****
make -j4 all 
arm-none-eabi-gcc "../Core/Src/main.c" -mcpu=cortex-m0plus -std=gnu11 -g3 -DDEBUG -DUSE_HAL_DRIVER -DSTM32C031xx -c -I../Core/Inc -I../Drivers/STM32C0xx_HAL_Driver/Inc -I../Drivers/STM32C0xx_HAL_Driver/Inc/Legacy -I../Drivers/CMSIS/Device/ST/STM32C0xx/Include -I../Drivers/CMSIS/Include -O0 -ffunction-sections -fdata-sections -Wall -fstack-usage -fcyclomatic-complexity -MMD -MP -MF"Core/Src/main.d" -MT"Core/Src/main.o" --specs=nano.specs -mfloat-abi=soft -mthumb -o "Core/Src/main.o"
arm-none-eabi-gcc -o "GLCD.elf" @"objects.list"   -mcpu=cortex-m0plus -T"C:\Users\LPPC-0016\Desktop\GLCD\TCGLCD\STM32C031K6TX_FLASH.ld" --specs=nosys.specs -Wl,-Map="GLCD.map" -Wl,--gc-sections -static --specs=nano.specs -mfloat-abi=soft -mthumb -Wl,--start-group -lc -lm -Wl,--end-group
Finished building target: GLCD.elf
 
arm-none-eabi-size   GLCD.elf 
arm-none-eabi-objdump -h -S  GLCD.elf  > "GLCD.list"
   text	   data	    bss	    dec	    hex	filename
  15276	     44	   1884	  17204	   4334	GLCD.elf
Finished building: default.size.stdout
 
Finished building: GLCD.list
 
10:33:02 **** Incremental Build of configuration Debug for project GLCD ****
make -j4 all 
arm-none-eabi-gcc "../Core/Src/main.c" -mcpu=cortex-m0plus -std=gnu11 -g3 -DDEBUG -DUSE_HAL_DRIVER -DSTM32C031xx -c -I../Core/Inc -I../Drivers/STM32C0xx_HAL_Driver/Inc -I../Drivers/STM32C0xx_HAL_Driver/Inc/Legacy -I../Drivers/CMSIS/Device/ST/STM32C0xx/Include -I../Drivers/CMSIS/Include -O0 -ffunction-sections -fdata-sections -Wall -fstack-usage -fcyclomatic-complexity -MMD -MP -MF"Core/Src/main.d" -MT"Core/Src/main.o" --specs=nano.specs -mfloat-abi=soft -mthumb -o "Core/Src/main.o"
arm-none-eabi-gcc -o "GLCD.elf" @"objects.list"   -mcpu=cortex-m0plus -T"C:\Users\LPPC-0016\Desktop\GLCD\TCGLCD\STM32C031K6TX_FLASH.ld" --specs=nosys.specs -Wl,-Map="GLCD.map" -Wl,--gc-sections -static --specs=nano.specs -mfloat-abi=soft -mthumb -Wl,--start-group -lc -lm -Wl,--end-group
Finished building target: GLCD.elf
 
arm-none-eabi-size   GLCD.elf 
arm-none-eabi-objdump -h -S  GLCD.elf  > "GLCD.list"
   text	   data	    bss	    dec	    hex	filename
  15276	     44	   1884	  17204	   4334	GLCD.elf
Finished building: default.size.stdout
 
Finished building: GLCD.list
 
10:36:00 **** Incremental Build of configuration Debug for project GLCD ****
make -j4 all 
arm-none-eabi-size   GLCD.elf 
   text	   data	    bss	    dec	    hex	filename
  15276	     44	   1884	  17204	   4334	GLCD.elf
Finished building: default.size.stdout
 
