C51 COMPILER V9.60.7.0   MIAN                                                              04/25/2025 19:20:26 PAGE 1   


C51 COMPILER V9.60.7.0, COMPILATION OF MODULE MIAN
OBJECT MODULE PLACED IN mian.OBJ
COMPILER INVOKED BY: D:\KEIL_STM32\C51\BIN\C51.EXE mian.c LARGE OPTIMIZE(8,SPEED) BROWSE DEBUG OBJECTEXTEND

line level    source

   1          #include "LCM13264(cog).h"
   2          #include "pic.h"
   3          
   4          void main(void)
   5          {
   6   1      //      unsigned char mode;
   7   1      //      init_cpu();
   8   1      //      Delay_Xms(5);
   9   1      //      InitST7567();   //一开始初始化控制器
  10   1      //      DispFram(0x00,0x00);
  11   1              
  12   1              while(1)  
  13   1              {
  14   2              init_cpu();
  15   2              Delay_Xms(5);
  16   2              InitST7567();   //一开始初始化控制器
  17   2              DispFram(0x00,0x00);
  18   2              
  19   2              yehui_UI();
  20   2              Delay_Xms(2000);
  21   2      //      WhatsApp();
  22   2              YHLTD();
  23   2              Delay_Xms(2000);
  24   2              DispPic( PIC_5 );
  25   2              Delay_Xms(2000);
  26   2              yehui_UI();     //     
  27   2              Delay_Xms(2000);
  28   2              DispDot(0xf0,0x0f);
  29   2              Delay_Xms(2000);                         
  30   2              DispDots( 0x33,0xcc);
  31   2              Delay_Xms(2000);                                 
  32   2              DispFram(0x55,0xaa);
  33   2              Delay_Xms(2000);                                 
  34   2              yehui_UI();
  35   2              Delay_Xms(2000);                                 
  36   2              DispFram(0x55,0x55);    
  37   2              Delay_Xms(2000);                                 
  38   2              DispFram(0xff,0x00);     
  39   2              Delay_Xms(2000);                                 
  40   2              DispFram(0x00,0xff);    
  41   2              Delay_Xms(2000);
  42   2      
  43   2      
  44   2      //     Start:   //跳转标号      
  45   2      //if (HOLD()) {  
  46   2      //    mode++;           // 先增加 mode
  47   2      //    mode %= 8;        // 让 mode 保持在 0~7 之间
  48   2      
  49   2      //    switch (mode) {
  50   2      //        case 0:  
  51   2      //            DispPic( PIC_5 );
  52   2      //            break;
  53   2      //        case 1:            
  54   2      //            yehui_UI();               
  55   2      //            break;
C51 COMPILER V9.60.7.0   MIAN                                                              04/25/2025 19:20:26 PAGE 2   

  56   2      //        case 2:
  57   2      //            DispDots(0x33, 0xcc);  // 小棋盘  
  58   2      //            break;
  59   2      //        case 3:
  60   2      //            DispFram(0x55, 0xaa);     
  61   2      //            break;
  62   2      //        case 4:
  63   2      //            DispDot(0xf0, 0x0f);  // 大棋盘
  64   2      //            break;
  65   2      //        case 5:
  66   2      //            DispFram(0x55, 0x55);             
  67   2      //            break;
  68   2      //        case 6:
  69   2      //            DispFram(0xff, 0x00);      
  70   2      //            break;
  71   2      //        case 7:
  72   2      //            DispFram(0xff, 0xff);     
  73   2      //            break;
  74   2      //        default:
  75   2      //            mode = 0;  // 防止异常情况
  76   2      //            break;
  77   2      //    }
  78   2      //}
  79   2      
  80   2        
  81   2      //       if (UP()) 
  82   2      //        {  
  83   2      //                while(1)
  84   2      //               {
  85   2      //                      DispDot(0xf0,0x0f);
  86   2      //                      Delay_Xms(600);                  
  87   2      //          DispDots( 0x33,0xcc);
  88   2      //                      Delay_Xms(600);                          
  89   2      //          DispFram(0x55,0xaa);
  90   2      //                      Delay_Xms(600);                          
  91   2      //          yehui_UI();
  92   2      //                      Delay_Xms(600);                          
  93   2      //          DispFram(0x55,0x55);        
  94   2      //                      Delay_Xms(600);                          
  95   2      //          DispFram(0xff,0x00);         
  96   2      //                      Delay_Xms(600);                          
  97   2      //                      DispFram(0x00,0xff);    
  98   2      //                      Delay_Xms(600);
  99   2      //                      WhatsApp();
 100   2      //                      Delay_Xms(100); 
 101   2      //                }     
 102   2      //      }
 103   2                              
 104   2      
 105   2      //       if (DN()) 
 106   2      //        {  
 107   2      //              RST = 0;    // 先拉低复位引脚
 108   2      //              Delay_Xms(10);  // 等待 10ms，确保复位信号有效
 109   2      //              RST = 1;    // 再拉高，完成复位 
 110   2      //        }
 111   2      //            DispPic( PIC_5 );
 112   2      //                      Delay_Xms(5000);
 113   2      //            yehui_UI();       //     
 114   2      //                      Delay_Xms(5000);
 115   2      //                      DispDot(0xf0,0x0f);
 116   2      //                      Delay_Xms(5000);                         
 117   2      //            DispDots( 0x33,0xcc);
C51 COMPILER V9.60.7.0   MIAN                                                              04/25/2025 19:20:26 PAGE 3   

 118   2      //                      Delay_Xms(5000);                                 
 119   2      //            DispFram(0x55,0xaa);
 120   2      //                      Delay_Xms(5000);                                 
 121   2      //            yehui_UI();
 122   2      //                      Delay_Xms(5000);                                 
 123   2      //            DispFram(0x55,0x55);      
 124   2      //                      Delay_Xms(5000);                                 
 125   2      //            DispFram(0xff,0x00);       
 126   2      //                      Delay_Xms(5000);                                 
 127   2      //                      DispFram(0x00,0xff);    
 128   2      //                      Delay_Xms(5000);
 129   2              
 130   2      //              -------------------------------------------------------------------------               
 131   2      //              hz_display16(0,0,0,jin); 
 132   2      //              Delay_Xms(1000);
 133   2      
 134   2      //              hz_display16(0,0,18,se); 
 135   2      //              Delay_Xms(1000);
 136   2      
 137   2      //              DispFram( 0xff,0xff );                           //全显
 138   2      //              Delay_Xms(2800);
 139   2      //              if( Change(70)==1 ) goto Start; //暂停键有动作跳转到程序的最头上
 140   2      //              push();
 141   2      //              Pause();
 142   2      
 143   2      //              DispFram( 0x00,0x00 );                     //无显
 144   2      //              Delay_Xms(2800);
 145   2      //              if( Change(70)==1 ) goto Start; //暂停键有动作跳转到程序的最头上
 146   2      //              Pause();
 147   2      
 148   2      //              ------------------------------------------------------------------      
 149   2      //              DispDot( 0xf0,0x0f );                    //大棋盘
 150   2      //              Delay_Xms(2800);
 151   2      //              if( Change(70)==1 ) goto Start; //暂停键有动作跳转到程序的最头上
 152   2      //              push();
 153   2      //              Pause();
 154   2      //              ------------------------------------------------------------------
 155   2      
 156   2      //              DispDots( 0x33,0xcc );                    //小棋盘
 157   2      //              Delay_Xms(2800);
 158   2      //              if( Change(70)==1 ) goto Start; //暂停键有动作跳转到程序的最头上
 159   2      //              push();
 160   2      //              Pause();
 161   2      //              ------------------------------------------------------------------      
 162   2      //              DispFram( 0x55,0xaa );                            //花点                
 163   2      //              Delay_Xms(2800);
 164   2      //              if( Change(70)==1 ) goto Start; //暂停键有动作跳转到程序的最头上
 165   2      //              push();
 166   2      //              Pause();
 167   2      
 168   2      //              DispFram( 0x55,0x55 );                                   //      横线
 169   2      //              Delay_Xms(2800);
 170   2      //              if( Change(70)==1 ) goto Start; //暂停键有动作跳转到程序的最头上
 171   2      //              push();
 172   2      //              Pause();
 173   2      
 174   2      //              DispFram( 0xaa,0xaa );                               // 横线
 175   2      //              Delay_Xms(1000);
 176   2      //              if( Change(300)==1 ) goto Start;        //暂停键有动作跳转到程序的最头上
 177   2      //              //push();
 178   2      //              Pause();
 179   2      //              -------------------------------------------------------------------------               
C51 COMPILER V9.60.7.0   MIAN                                                              04/25/2025 19:20:26 PAGE 4   

 180   2      //              DispFram( 0xff,0x00 );                                   //竖线 
 181   2      //              Delay_Xms(500);
 182   2      //              if( Change(70)==1 ) goto Start; //暂停键有动作跳转到程序的最头上
 183   2      //              // push();
 184   2      //              Pause();
 185   2      
 186   2      //              DispFram( 0x00,0xff );
 187   2      //              Delay_Xms(1000);
 188   2      //              if( Change(300)==1 ) goto Start;        //暂停键有动作跳转到程序的最头上
 189   2      //              push();
 190   2      //              Pause();
 191   2      //              ----------------------------------------------------------------------------     
 192   2      
 193   2      //              DispPic( PIC_1 );
 194   2      //              Delay_Xms(1000);
 195   2      //              if( Change(300)==1 ) goto Start;        //暂停键有动作跳转到程序的最头上
 196   2      //              push();
 197   2      //              Pause();        
 198   2      
 199   2      //              ST7567_WriteComd(0xa7);
 200   2      //              Delay_Xms(1000);
 201   2      //              if( Change(300)==1 ) goto Start;        //暂停键有动作跳转到程序的最头上
 202   2      //              Pause();
 203   2      
 204   2      //              ST7567_WriteComd(0xa6);
 205   2      //              Delay_Xms(1000);
 206   2      //              if( Change(300)==1 ) goto Start;        //暂停键有动作跳转到程序的最头上
 207   2      //              Pause();
 208   2      
 209   2      //              DispPic( pic12864_KH8 );
 210   2      //              Delay_Xms(500);
 211   2      //              if( Change(300)==1 ) goto Start;        //暂停键有动作跳转到程序的最头上
 212   2      //              Pause();
 213   2      
 214   2      //              DispPic1( PIC_CS );
 215   2      //              Delay_Xms(500);
 216   2      //              if( Change(50)==1 ) goto Start; //暂停键有动作跳转到程序的最头上          
 217   2      //              Pause();
 218   2      
 219   2      
 220   2      //              DispPic( PIC_5 );
 221   2      //              Delay_Xms(2800);
 222   2      //              if( Change(70)==1 ) goto Start; //暂停键有动作跳转到程序的最头上
 223   2      //              Pause();
 224   2      
 225   2      //              DispPic1( PIC_4 );
 226   2      //              Delay_Xms(600);
 227   2      //              if( Change(50)==1 ) goto Start; //暂停键有动作跳转到程序的最头上          
 228   2      
 229   2      
 230   2      //              DispPic( PIC_5 );
 231   2      //              Delay_Xms(2800);
 232   2      //              if( Change(50)==1 ) goto Start; //暂停键有动作跳转到程序的最头上        
 233   2      
 234   2      //              DispPic( PIC_6 );
 235   2      //              Delay_Xms(2500);
 236   2      //              if( Change(50)==1 ) goto Start; //暂停键有动作跳转到程序的最头上        
 237   2      
 238   2      //              DispPic( PIC_7 );
 239   2      //              Delay_Xms(600);
 240   2      //              if( Change(50)==1 ) goto Start; //暂停键有动作跳转到程序的最头上        
 241   2      
C51 COMPILER V9.60.7.0   MIAN                                                              04/25/2025 19:20:26 PAGE 5   

 242   2      //              DispPic( PIC_8 );
 243   2      //              Delay_Xms(600);
 244   2      //              if( Change(50)==1 ) goto Start; //暂停键有动作跳转到程序的最头上        
 245   2      //              /*      
 246   2      
 247   2      //              ST7567_WriteComd(0x81); //The Electronic Volume (Double Byte Command)数字电位器调节VO输出电压(也就是对
             -比度)两字节                                 0x81原来的数值
 248   2      //              ST7567_WriteComd(55);    //vop 设置
 249   2      //              DispPic( PIC_9 );       //中值
 250   2      //              Delay_Xms(600);
 251   2      //              if( Change(50)==1 ) goto Start; //暂停键有动作跳转到程序的最头上        
 252   2      //              push();
 253   2      
 254   2      //              ST7567_WriteComd(0x81); //The Electronic Volume (Double Byte Command)数字电位器调节VO输出电压(也就是对
             -比度)两字节                                 0x81原来的数值
 255   2      //              ST7567_WriteComd(57);    //vop 设置     
 256   2      //              DispPic( PIC_10 );         //上限
 257   2      //              Delay_Xms(600);
 258   2      //              if( Change(50)==1 ) goto Start; //暂停键有动作跳转到程序的最头上        
 259   2      //              push();
 260   2      
 261   2      //              ST7567_WriteComd(0x81); //The Electronic Volume (Double Byte Command)数字电位器调节VO输出电压(也就是对
             -比度)两字节                                 0x81原来的数值
 262   2      //              ST7567_WriteComd(52);    //vop 设置
 263   2      //              DispPic( PIC_11 );                //下限
 264   2      //              Delay_Xms(600);
 265   2      //              if( Change(50)==1 ) goto Start; //暂停键有动作跳转到程序的最头上        
 266   2      //              push();
 267   2      //              */
 268   2      
 269   2      
 270   2      //              DispPic( PIC_12 );
 271   2      //              Delay_Xms(600);
 272   2      //              if( Change(50)==1 ) goto Start; //暂停键有动作跳转到程序的最头上        
 273   2      
 274   2      
 275   2              }
 276   1      
 277   1      }


MODULE INFORMATION:   STATIC OVERLAYABLE
   CODE SIZE        =    162    ----
   CONSTANT SIZE    =   ----    ----
   XDATA SIZE       =   ----    ----
   PDATA SIZE       =   ----    ----
   DATA SIZE        =   ----    ----
   IDATA SIZE       =   ----    ----
   BIT SIZE         =   ----    ----
END OF MODULE INFORMATION.


C51 COMPILATION COMPLETE.  0 WARNING(S),  0 ERROR(S)
