C51 COMPILER V9.60.7.0   MAIN                                                              03/20/2025 17:18:33 PAGE 1   


C51 COMPILER V9.60.7.0, COMPILATION OF MODULE MAIN
OBJECT MODULE PLACED IN main.OBJ
COMPILER INVOKED BY: D:\KEIL_STM32\C51\BIN\C51.EXE main.c OPTIMIZE(8,SPEED) BROWSE INCDIR(.\SRC) DEBUG OBJECTEXTEND

line level    source

   1          #include "REG51.h"
   2          #include "oled.h"
   3          #include "bmp.h"
   4          
   5          int main(void)
   6          {       
   7   1              u8 t=' ';
   8   1              OLED_Init();//初始化OLED
   9   1              OLED_ColorTurn(0);//0正常显示，1 反色显示
  10   1          OLED_DisplayTurn(0);//0正常显示 1 屏幕翻转显示
  11   1              
  12   1              OLED_DrawBMP(0,0,128,64,BMP1);
  13   1              delay_ms(60);
  14   1      
  15   1      
  16   1              OLED_DrawBMP(0,0,128,64,BMP2);
  17   1              OLED_ShowChinese(18,1,0,16); 
  18   1              OLED_ShowChinese(36,1,1,16);
  19   1              OLED_ShowChinese(54,1,2,16);
  20   1              OLED_ShowChinese(72,1,3,16);
  21   1              OLED_ShowChinese(90,1,4,16);
  22   1              
  23   1              OLED_ShowChinese(18,3,5,16);
  24   1              OLED_ShowChinese(36,3,6,16);
  25   1              OLED_ShowChinese(54,3,7,16);
  26   1              OLED_ShowChinese(72,3,8,16);
  27   1              OLED_ShowChinese(90,3,9,16);
  28   1              OLED_ShowString(9,5,"LCM_0.96'OLED",16);
  29   1              delay_ms(50);
  30   1              
  31   1              OLED_Fill_Row(0X55) ;
  32   1              delay_ms(60);
  33   1              
  34   1              OLED_Fill_Row(0XAA) ;
  35   1              delay_ms(60);
  36   1              
  37   1              OLED_Fill_Column(0xFF, 0x00); 
  38   1              delay_ms(60);
  39   1      
  40   1              OLED_Fill_Column(0x00, 0xFF); 
  41   1              delay_ms(60);
  42   1      
  43   1              OLED_Fill_Column(0x55, 0xAA); 
  44   1              delay_ms(60);
  45   1      
  46   1              OLED_Fill_Column(0xAA, 0x55); 
  47   1              delay_ms(60);
  48   1              
  49   1              OLED_Clear();   
  50   1              OLED_ColorTurn(1);//0正常显示，1 反色显示
  51   1              
  52   1              OLED_DrawBMP(0,0,128,64,BMP1);
  53   1              delay_ms(60);
  54   1              OLED_DrawBMP(0,0,128,64,BMP2);
  55   1              OLED_ShowChinese(18,1,0,16); 
C51 COMPILER V9.60.7.0   MAIN                                                              03/20/2025 17:18:33 PAGE 2   

  56   1              OLED_ShowChinese(36,1,1,16);
  57   1              OLED_ShowChinese(54,1,2,16);
  58   1              OLED_ShowChinese(72,1,3,16);
  59   1              OLED_ShowChinese(90,1,4,16);
  60   1              
  61   1              OLED_ShowChinese(18,3,5,16);
  62   1              OLED_ShowChinese(36,3,6,16);
  63   1              OLED_ShowChinese(54,3,7,16);
  64   1              OLED_ShowChinese(72,3,8,16);
  65   1              OLED_ShowChinese(90,3,9,16);
  66   1              OLED_ShowString(0,5,"LCM0.96InchOLED",16);
  67   1      
  68   1              while(1) 
  69   1              {               
  70   2      //              OLED_DrawBMP(0,0,128,64,BMP1);
  71   2      //              delay_ms(1);
  72   2      //              OLED_Clear();
  73   2      
  74   2      //              OLED_ShowChinese(18,0,0,16);// 
  75   2      //              OLED_ShowChinese(36,0,1,16);//
  76   2      //              OLED_ShowChinese(54,0,2,16);// 
  77   2      //              OLED_ShowChinese(72,0,3,16);//
  78   2      //              OLED_ShowChinese(90,0,4,16);//
  79   2      //              OLED_ShowString(8,2,"KE AI CHENG",16);
  80   2      //              OLED_ShowString(20,4,"2024/06/08",16);
  81   2      //              OLED_ShowString(0,6,"ASCII:",16);  
  82   2      //              OLED_ShowString(63,6,"CODE:",16);
  83   2      //              OLED_ShowChar(48,6,t,16);
  84   2      //              t++;
  85   2      //              if(t>'~')t=' ';
  86   2      //              OLED_ShowNum(103,6,t,3,16);
  87   2      //              delay_ms(1);
  88   2      //              OLED_Clear();
  89   2              }         
  90   1              
  91   1      }
  92          
  93                  


MODULE INFORMATION:   STATIC OVERLAYABLE
   CODE SIZE        =    496    ----
   CONSTANT SIZE    =   2078    ----
   XDATA SIZE       =   ----    ----
   PDATA SIZE       =   ----    ----
   DATA SIZE        =   ----       1
   IDATA SIZE       =   ----    ----
   BIT SIZE         =   ----    ----
END OF MODULE INFORMATION.


C51 COMPILATION COMPLETE.  0 WARNING(S),  0 ERROR(S)
