C51 COMPILER V9.60.7.0   MAIN                                                              06/16/2025 09:58:39 PAGE 1   


C51 COMPILER V9.60.7.0, COMPILATION OF MODULE MAIN
OBJECT MODULE PLACED IN main.OBJ
COMPILER INVOKED BY: D:\KEIL_STM32\C51\BIN\C51.EXE main.c OPTIMIZE(8,SPEED) BROWSE INCDIR(.\SRC) DEBUG OBJECTEXTEND

line level    source

   1          #include "REG51.h"
   2          #include "oled.h"
   3          #include "bmp.h"
   4          
   5          int main(void)
   6          {       
   7   1      //      u8 t=' ';
   8   1      //      OLED_Init();//初始化OLED
   9   1      //      OLED_ColorTurn(0);//0正常显示，1 反色显示
  10   1      //    OLED_DisplayTurn(0);//0正常显示 1 屏幕翻转显示
  11   1      //      
  12   1      //      OLED_DrawBMP(0,0,128,64,BMP1);
  13   1      //      delay_ms(60);
  14   1      
  15   1      
  16   1      //      OLED_DrawBMP(0,0,128,64,BMP2);
  17   1      //      OLED_ShowChinese(18,1,0,16); 
  18   1      //      OLED_ShowChinese(36,1,1,16);
  19   1      //      OLED_ShowChinese(54,1,2,16);
  20   1      //      OLED_ShowChinese(72,1,3,16);
  21   1      //      OLED_ShowChinese(90,1,4,16);
  22   1      //      
  23   1      //      OLED_ShowChinese(18,3,5,16);
  24   1      //      OLED_ShowChinese(36,3,6,16);
  25   1      //      OLED_ShowChinese(54,3,7,16);
  26   1      //      OLED_ShowChinese(72,3,8,16);
  27   1      //      OLED_ShowChinese(90,3,9,16);
  28   1      //      OLED_ShowString( 22,5,"OLED_2.42'",16);
  29   1      //      delay_ms(50);
  30   1      //      
  31   1      //      OLED_Fill_Row(0X55) ;
  32   1      //      delay_ms(60);
  33   1      //      
  34   1      //      OLED_Fill_Row(0XAA) ;
  35   1      //      delay_ms(60);
  36   1      //      
  37   1      //      OLED_Fill_Column(0xFF, 0x00); 
  38   1      //      delay_ms(60);
  39   1      
  40   1      //      OLED_Fill_Column(0x00, 0xFF); 
  41   1      //      delay_ms(60);
  42   1      
  43   1      //      OLED_Fill_Column(0x55, 0xAA); 
  44   1      //      delay_ms(60);
  45   1      
  46   1      //      OLED_Fill_Column(0xAA, 0x55); 
  47   1      //      delay_ms(60);
  48   1      //      
  49   1      //      OLED_Clear();   
  50   1      //      OLED_ColorTurn(1);//0正常显示，1 反色显示
  51   1      //      
  52   1      //      OLED_DrawBMP(0,0,128,64,BMP1);
  53   1      //      delay_ms(60);
  54   1      //      OLED_DrawBMP(0,0,128,64,BMP2);
  55   1      //      OLED_ShowChinese(18,1,0,16); 
C51 COMPILER V9.60.7.0   MAIN                                                              06/16/2025 09:58:39 PAGE 2   

  56   1      //      OLED_ShowChinese(36,1,1,16);
  57   1      //      OLED_ShowChinese(54,1,2,16);
  58   1      //      OLED_ShowChinese(72,1,3,16);
  59   1      //      OLED_ShowChinese(90,1,4,16);
  60   1      //      
  61   1      //      OLED_ShowChinese(18,3,5,16);
  62   1      //      OLED_ShowChinese(36,3,6,16);
  63   1      //      OLED_ShowChinese(54,3,7,16);
  64   1      //      OLED_ShowChinese(72,3,8,16);
  65   1      //      OLED_ShowChinese(90,3,9,16);
  66   1      //      OLED_ShowString(19,5,"OLED2.24Inch",16);
  67   1      
  68   1              while(1) 
  69   1              {               
  70   2              u8 t=' ';
  71   2              OLED_Init();//初始化OLED
  72   2              OLED_ColorTurn(0);//0正常显示，1 反色显示
  73   2          OLED_DisplayTurn(0);//0正常显示 1 屏幕翻转显示
  74   2              
  75   2              OLED_DrawBMP(0,0,128,64,BMP1);
  76   2              delay_ms(90);
  77   2      
  78   2      
  79   2              OLED_DrawBMP(0,0,128,64,BMP2);
  80   2              OLED_ShowChinese(18,1,0,16); 
  81   2              OLED_ShowChinese(36,1,1,16);
  82   2              OLED_ShowChinese(54,1,2,16);
  83   2              OLED_ShowChinese(72,1,3,16);
  84   2              OLED_ShowChinese(90,1,4,16);
  85   2              
  86   2              OLED_ShowChinese(18,3,5,16);
  87   2              OLED_ShowChinese(36,3,6,16);
  88   2              OLED_ShowChinese(54,3,7,16);
  89   2              OLED_ShowChinese(72,3,8,16);
  90   2              OLED_ShowChinese(90,3,9,16);
  91   2              OLED_ShowString( 22,5,"OLED_2.42'",16);
  92   2              delay_ms(90);
  93   2              
  94   2              OLED_Fill_Row(0X55) ;
  95   2              delay_ms(90);
  96   2              
  97   2              OLED_Fill_Row(0XAA) ;
  98   2              delay_ms(90);
  99   2              
 100   2              OLED_Fill_Column(0xFF, 0x00); 
 101   2              delay_ms(90);
 102   2      
 103   2              OLED_Fill_Column(0x00, 0xFF); 
 104   2              delay_ms(90);
 105   2      
 106   2              OLED_Fill_Column(0x55, 0xAA); 
 107   2              delay_ms(90);
 108   2      
 109   2              OLED_Fill_Column(0xAA, 0x55); 
 110   2              delay_ms(90);
 111   2              
 112   2              OLED_Clear();   
 113   2              OLED_ColorTurn(1);//0正常显示，1 反色显示
 114   2              
 115   2              OLED_DrawBMP(0,0,128,64,BMP1);
 116   2              delay_ms(90);
 117   2              OLED_DrawBMP(0,0,128,64,BMP2);
C51 COMPILER V9.60.7.0   MAIN                                                              06/16/2025 09:58:39 PAGE 3   

 118   2              OLED_ShowChinese(18,1,0,16); 
 119   2              OLED_ShowChinese(36,1,1,16);
 120   2              OLED_ShowChinese(54,1,2,16);
 121   2              OLED_ShowChinese(72,1,3,16);
 122   2              OLED_ShowChinese(90,1,4,16);
 123   2              
 124   2              OLED_ShowChinese(18,3,5,16);
 125   2              OLED_ShowChinese(36,3,6,16);
 126   2              OLED_ShowChinese(54,3,7,16);
 127   2              OLED_ShowChinese(72,3,8,16);
 128   2              OLED_ShowChinese(90,3,9,16);
 129   2              OLED_ShowString(19,5,"OLED2.24Inch",16);
 130   2              delay_ms(90);
 131   2              }         
 132   1              
 133   1      }
 134          
 135                  


MODULE INFORMATION:   STATIC OVERLAYABLE
   CODE SIZE        =    504    ----
   CONSTANT SIZE    =   2072    ----
   XDATA SIZE       =   ----    ----
   PDATA SIZE       =   ----    ----
   DATA SIZE        =   ----       1
   IDATA SIZE       =   ----    ----
   BIT SIZE         =   ----    ----
END OF MODULE INFORMATION.


C51 COMPILATION COMPLETE.  0 WARNING(S),  0 ERROR(S)
