BL51 BANKED LINKER/LOCATER V6.22.4.0                                                    06/30/2025  10:40:23  PAGE 1


BL51 BANKED LINKER/LOCATER V6.22.4.0, INVOKED BY:
D:\KEIL_STM32\C51\BIN\BL51.EXE STARTUP.obj, main.obj, oled.obj TO OLED RAMSIZE (256) DISABLEWARNING (16)


MEMORY MODEL: SMALL


INPUT MODULES INCLUDED:
  STARTUP.obj (?C_STARTUP)
  main.obj (MAIN)
  oled.obj (OLED)
  D:\KEIL_STM32\C51\LIB\C51S.LIB (?C_INIT)
  D:\KEIL_STM32\C51\LIB\C51S.LIB (?C?CLDOPTR)
  D:\KEIL_STM32\C51\LIB\C51S.LIB (?C?IMUL)
  D:\KEIL_STM32\C51\LIB\C51S.LIB (?C?UIDIV)


LINK MAP OF MODULE:  OLED (?C_STARTUP)


            TYPE    BASE      LENGTH    RELOCATION   SEGMENT NAME
            -----------------------------------------------------

            * * * * * * *   D A T A   M E M O R Y   * * * * * * *
            REG     0000H     0008H     ABSOLUTE     "REG BANK 0"
            DATA    0008H     0012H     UNIT         _DATA_GROUP_
            DATA    001AH     000AH     UNIT         ?DT?_OLED_SHOWNUM?OLED
            DATA    0024H     0005H     UNIT         ?DT?OLED
            DATA    0029H     0001H     UNIT         ?DT?_OLED_POW?OLED
            IDATA   002AH     0001H     UNIT         ?STACK

            * * * * * * *   C O D E   M E M O R Y   * * * * * * *
            CODE    0000H     0003H     ABSOLUTE     
            CODE    0003H     0958H     UNIT         ?CO?OLED
            CODE    095BH     0817H     UNIT         ?CO?MAIN
            CODE    1172H     01F8H     UNIT         ?PR?MAIN?MAIN
            CODE    136AH     00CDH     UNIT         ?PR?_OLED_SHOWCHAR?OLED
            CODE    1437H     00C3H     UNIT         ?PR?OLED_INIT?OLED
            CODE    14FAH     0094H     UNIT         ?C?LIB_CODE
            CODE    158EH     008CH     UNIT         ?C_C51STARTUP
            CODE    161AH     008CH     UNIT         ?PR?_OLED_SHOWCHINESE?OLED
            CODE    16A6H     0089H     UNIT         ?PR?_OLED_SHOWNUM?OLED
            CODE    172FH     0068H     UNIT         ?PR?_OLED_DRAWBMP?OLED
            CODE    1797H     0049H     UNIT         ?PR?_OLED_SHOWSTRING?OLED
            CODE    17E0H     003FH     UNIT         ?PR?_OLED_FILL_ROW?OLED
            CODE    181FH     0036H     UNIT         ?PR?_OLED_WR_BYTE?OLED
            CODE    1855H     0031H     UNIT         ?PR?_OLED_FILL_COLUMN?OLED
            CODE    1886H     0027H     UNIT         ?PR?_OLED_DISPLAYTURN?OLED
            CODE    18ADH     0023H     UNIT         ?PR?_SEND_BYTE?OLED
            CODE    18D0H     0023H     UNIT         ?PR?OLED_CLEAR?OLED
            CODE    18F3H     0022H     UNIT         ?PR?_OLED_SET_POS?OLED
            CODE    1915H     001AH     UNIT         ?PR?_DELAY_MS?OLED
            CODE    192FH     0019H     UNIT         ?PR?_OLED_COLORTURN?OLED
            CODE    1948H     0018H     UNIT         ?PR?_OLED_POW?OLED
            CODE    1960H     0015H     UNIT         ?PR?OLED_DISPLAY_ON?OLED
            CODE    1975H     000FH     UNIT         ?PR?I2C_START?OLED
            CODE    1984H     000FH     UNIT         ?PR?I2C_WAITACK?OLED
            CODE    1993H     000EH     UNIT         ?PR?OLED_DISPLAY_OFF?OLED
BL51 BANKED LINKER/LOCATER V6.22.4.0                                                  06/30/2025  10:40:23  PAGE 2


            CODE    19A1H     000AH     UNIT         ?PR?I2C_STOP?OLED
            CODE    19ABH     0009H     UNIT         ?PR?IIC_DELAY?OLED
            CODE    19B4H     0004H     UNIT         ?C_INITSEG



OVERLAY MAP OF MODULE:   OLED (?C_STARTUP)


SEGMENT                              DATA_GROUP 
  +--> CALLED SEGMENT              START    LENGTH
--------------------------------------------------
?C_C51STARTUP                      -----    -----
  +--> ?PR?MAIN?MAIN
  +--> ?C_INITSEG

?PR?MAIN?MAIN                      0008H    0001H
  +--> ?PR?OLED_INIT?OLED
  +--> ?PR?_OLED_COLORTURN?OLED
  +--> ?PR?_OLED_DISPLAYTURN?OLED
  +--> ?CO?MAIN
  +--> ?PR?_OLED_DRAWBMP?OLED
  +--> ?PR?_DELAY_MS?OLED
  +--> ?PR?_OLED_SHOWCHINESE?OLED
  +--> ?PR?_OLED_SHOWSTRING?OLED
  +--> ?PR?_OLED_FILL_ROW?OLED
  +--> ?PR?_OLED_FILL_COLUMN?OLED
  +--> ?PR?OLED_CLEAR?OLED

?PR?OLED_INIT?OLED                 -----    -----
  +--> ?PR?_DELAY_MS?OLED
  +--> ?PR?_OLED_WR_BYTE?OLED
  +--> ?PR?OLED_CLEAR?OLED

?PR?_OLED_WR_BYTE?OLED             -----    -----
  +--> ?PR?I2C_START?OLED
  +--> ?PR?_SEND_BYTE?OLED
  +--> ?PR?I2C_WAITACK?OLED
  +--> ?PR?I2C_STOP?OLED

?PR?I2C_START?OLED                 -----    -----
  +--> ?PR?IIC_DELAY?OLED

?PR?_SEND_BYTE?OLED                -----    -----
  +--> ?PR?IIC_DELAY?OLED

?PR?I2C_WAITACK?OLED               -----    -----
  +--> ?PR?IIC_DELAY?OLED

?PR?I2C_STOP?OLED                  -----    -----
  +--> ?PR?IIC_DELAY?OLED

?PR?OLED_CLEAR?OLED                0009H    0001H
  +--> ?PR?_OLED_WR_BYTE?OLED

?PR?_OLED_COLORTURN?OLED           0009H    0001H
  +--> ?PR?_OLED_WR_BYTE?OLED
BL51 BANKED LINKER/LOCATER V6.22.4.0                                                  06/30/2025  10:40:23  PAGE 3



?PR?_OLED_DISPLAYTURN?OLED         0009H    0001H
  +--> ?PR?_OLED_WR_BYTE?OLED

?PR?_OLED_DRAWBMP?OLED             0009H    000BH
  +--> ?PR?_OLED_SET_POS?OLED
  +--> ?PR?_OLED_WR_BYTE?OLED

?PR?_OLED_SET_POS?OLED             -----    -----
  +--> ?PR?_OLED_WR_BYTE?OLED

?PR?_OLED_SHOWCHINESE?OLED         0009H    0008H
  +--> ?PR?_OLED_SET_POS?OLED
  +--> ?CO?OLED
  +--> ?PR?_OLED_WR_BYTE?OLED

?PR?_OLED_SHOWSTRING?OLED          0009H    0007H
  +--> ?PR?_OLED_SHOWCHAR?OLED

?PR?_OLED_SHOWCHAR?OLED            0010H    000AH
  +--> ?PR?_OLED_SET_POS?OLED
  +--> ?CO?OLED
  +--> ?PR?_OLED_WR_BYTE?OLED

?PR?_OLED_FILL_ROW?OLED            -----    -----
  +--> ?PR?_OLED_SET_POS?OLED
  +--> ?PR?_OLED_WR_BYTE?OLED

?PR?_OLED_FILL_COLUMN?OLED         0009H    0003H
  +--> ?PR?_OLED_SET_POS?OLED
  +--> ?PR?_OLED_WR_BYTE?OLED



SYMBOL TABLE OF MODULE:  OLED (?C_STARTUP)

  VALUE           TYPE          NAME
  ----------------------------------

  -------         MODULE        ?C_STARTUP
  C:158EH         SEGMENT       ?C_C51STARTUP
  I:002AH         SEGMENT       ?STACK
  C:0000H         PUBLIC        ?C_STARTUP
  D:00E0H         SYMBOL        ACC
  D:00F0H         SYMBOL        B
  D:0083H         SYMBOL        DPH
  D:0082H         SYMBOL        DPL
  N:0000H         SYMBOL        IBPSTACK
  N:0100H         SYMBOL        IBPSTACKTOP
  N:0080H         SYMBOL        IDATALEN
  C:1591H         SYMBOL        IDATALOOP
  N:0000H         SYMBOL        PBPSTACK
  N:0100H         SYMBOL        PBPSTACKTOP
  N:0000H         SYMBOL        PDATALEN
  N:0000H         SYMBOL        PDATASTART
  N:0000H         SYMBOL        PPAGE
  N:0000H         SYMBOL        PPAGEENABLE
BL51 BANKED LINKER/LOCATER V6.22.4.0                                                  06/30/2025  10:40:23  PAGE 4


  D:00A0H         SYMBOL        PPAGE_SFR
  D:0081H         SYMBOL        SP
  C:158EH         SYMBOL        STARTUP1
  N:0000H         SYMBOL        XBPSTACK
  N:0000H         SYMBOL        XBPSTACKTOP
  N:0000H         SYMBOL        XDATALEN
  N:0000H         SYMBOL        XDATASTART
  C:0000H         LINE#         126
  C:158EH         LINE#         133
  C:1590H         LINE#         134
  C:1591H         LINE#         135
  C:1592H         LINE#         136
  C:1594H         LINE#         185
  C:1597H         LINE#         196
  -------         ENDMOD        ?C_STARTUP

  -------         MODULE        MAIN
  C:0000H         SYMBOL        _ICE_DUMMY_
  D:0090H         PUBLIC        P1
  D:00B0H         PUBLIC        P3
  C:0972H         PUBLIC        BMP1
  C:0D72H         PUBLIC        BMP2
  C:1172H         PUBLIC        main
  -------         PROC          MAIN
  -------         DO            
  D:0008H         SYMBOL        t
  -------         ENDDO         
  C:1172H         LINE#         5
  C:1172H         LINE#         6
  C:1172H         LINE#         68
  C:1172H         LINE#         69
  C:1172H         LINE#         70
  C:1175H         LINE#         71
  C:1178H         LINE#         72
  C:117DH         LINE#         73
  C:1182H         LINE#         75
  C:1196H         LINE#         76
  C:119DH         LINE#         79
  C:11B1H         LINE#         80
  C:11BDH         LINE#         81
  C:11C9H         LINE#         82
  C:11D5H         LINE#         83
  C:11E1H         LINE#         84
  C:11EDH         LINE#         86
  C:11F9H         LINE#         87
  C:1205H         LINE#         88
  C:1211H         LINE#         89
  C:121DH         LINE#         90
  C:1229H         LINE#         91
  C:1239H         LINE#         92
  C:1240H         LINE#         94
  C:1247H         LINE#         95
  C:124EH         LINE#         97
  C:1255H         LINE#         98
  C:125CH         LINE#         100
  C:1265H         LINE#         101
  C:126CH         LINE#         103
BL51 BANKED LINKER/LOCATER V6.22.4.0                                                  06/30/2025  10:40:23  PAGE 5


  C:1276H         LINE#         104
  C:127DH         LINE#         106
  C:1288H         LINE#         107
  C:128FH         LINE#         109
  C:129AH         LINE#         110
  C:12A1H         LINE#         112
  C:12A4H         LINE#         113
  C:12A9H         LINE#         115
  C:12BDH         LINE#         116
  C:12C4H         LINE#         117
  C:12D8H         LINE#         118
  C:12E4H         LINE#         119
  C:12F0H         LINE#         120
  C:12FCH         LINE#         121
  C:1308H         LINE#         122
  C:1314H         LINE#         124
  C:1320H         LINE#         125
  C:132CH         LINE#         126
  C:1338H         LINE#         127
  C:1344H         LINE#         128
  C:1350H         LINE#         129
  C:1360H         LINE#         130
  C:1367H         LINE#         131
  -------         ENDPROC       MAIN
  -------         ENDMOD        MAIN

  -------         MODULE        OLED
  C:0000H         SYMBOL        _ICE_DUMMY_
  C:1960H         PUBLIC        OLED_Display_On
  D:0090H         PUBLIC        P1
  C:18ADH         PUBLIC        _Send_Byte
  D:00B0H         PUBLIC        P3
  C:1886H         PUBLIC        _OLED_DisplayTurn
  C:0003H         PUBLIC        asc2_0806
  C:022BH         PUBLIC        asc2_1608
  C:1437H         PUBLIC        OLED_Init
  C:1797H         PUBLIC        _OLED_ShowString
  C:182CH         PUBLIC        _OLED_WR_Byte
  C:17E0H         PUBLIC        _OLED_Fill_Row
  C:136AH         PUBLIC        _OLED_ShowChar
  C:081BH         PUBLIC        Hzk
  C:1975H         PUBLIC        I2C_Start
  C:192FH         PUBLIC        _OLED_ColorTurn
  D:0024H         PUBLIC        col
  C:1984H         PUBLIC        I2C_WaitAck
  C:19A1H         PUBLIC        I2C_Stop
  C:18F3H         PUBLIC        _OLED_Set_Pos
  C:19ABH         PUBLIC        IIC_delay
  D:0026H         PUBLIC        ACK
  C:1915H         PUBLIC        _delay_ms
  D:0027H         PUBLIC        row
  C:16A6H         PUBLIC        _OLED_ShowNum
  C:1993H         PUBLIC        OLED_Display_Off
  C:1948H         PUBLIC        _oled_pow
  B:00B0H.7       PUBLIC        OLED_SDA
  C:1855H         PUBLIC        _OLED_Fill_Column
  B:00B0H.6       PUBLIC        OLED_SCL
BL51 BANKED LINKER/LOCATER V6.22.4.0                                                  06/30/2025  10:40:23  PAGE 6


  C:161AH         PUBLIC        _OLED_ShowChinese
  C:18D0H         PUBLIC        OLED_Clear
  B:0090H.2       PUBLIC        OLED_RES
  C:172FH         PUBLIC        _OLED_DrawBMP
  -------         PROC          _DELAY_MS
  D:0006H         SYMBOL        ms
  -------         DO            
  D:0004H         SYMBOL        a
  -------         ENDDO         
  C:1915H         LINE#         15
  C:1915H         LINE#         16
  C:1915H         LINE#         18
  C:1919H         LINE#         19
  C:1919H         LINE#         20
  C:191DH         LINE#         21
  C:1927H         LINE#         22
  C:192CH         LINE#         23
  C:192EH         LINE#         25
  -------         ENDPROC       _DELAY_MS
  -------         PROC          _OLED_COLORTURN
  D:0009H         SYMBOL        i
  C:192FH         LINE#         28
  C:1931H         LINE#         29
  C:1931H         LINE#         30
  C:1935H         LINE#         31
  C:1935H         LINE#         32
  C:193BH         LINE#         33
  C:193BH         LINE#         34
  C:1940H         LINE#         35
  C:1940H         LINE#         36
  C:1947H         LINE#         37
  C:1947H         LINE#         38
  -------         ENDPROC       _OLED_COLORTURN
  -------         PROC          _OLED_DISPLAYTURN
  D:0009H         SYMBOL        i
  C:1886H         LINE#         41
  C:1888H         LINE#         42
  C:1888H         LINE#         43
  C:188CH         LINE#         44
  C:188CH         LINE#         45
  C:1892H         LINE#         46
  C:1899H         LINE#         47
  C:1899H         LINE#         48
  C:189EH         LINE#         49
  C:189EH         LINE#         50
  C:18A5H         LINE#         51
  C:18ACH         LINE#         52
  C:18ACH         LINE#         53
  -------         ENDPROC       _OLED_DISPLAYTURN
  -------         PROC          IIC_DELAY
  -------         DO            
  D:0007H         SYMBOL        t
  -------         ENDDO         
  C:19ABH         LINE#         56
  C:19ABH         LINE#         57
  C:19ABH         LINE#         58
  C:19ADH         LINE#         59
BL51 BANKED LINKER/LOCATER V6.22.4.0                                                  06/30/2025  10:40:23  PAGE 7


  C:19B3H         LINE#         60
  -------         ENDPROC       IIC_DELAY
  -------         PROC          I2C_START
  C:1975H         LINE#         63
  C:1975H         LINE#         64
  C:1975H         LINE#         65
  C:1977H         LINE#         66
  C:1979H         LINE#         67
  C:197CH         LINE#         68
  C:197EH         LINE#         69
  C:1981H         LINE#         70
  C:1983H         LINE#         72
  -------         ENDPROC       I2C_START
  -------         PROC          I2C_STOP
  C:19A1H         LINE#         75
  C:19A1H         LINE#         76
  C:19A1H         LINE#         77
  C:19A3H         LINE#         78
  C:19A5H         LINE#         79
  C:19A8H         LINE#         80
  C:19AAH         LINE#         81
  -------         ENDPROC       I2C_STOP
  -------         PROC          I2C_WAITACK
  C:1984H         LINE#         84
  C:1984H         LINE#         85
  C:1984H         LINE#         86
  C:1986H         LINE#         87
  C:1989H         LINE#         88
  C:198BH         LINE#         89
  C:198EH         LINE#         90
  C:1990H         LINE#         91
  -------         ENDPROC       I2C_WAITACK
  -------         PROC          _SEND_BYTE
  D:0005H         SYMBOL        dat
  -------         DO            
  D:0004H         SYMBOL        i
  -------         ENDDO         
  C:18ADH         LINE#         95
  C:18AFH         LINE#         96
  C:18AFH         LINE#         98
  C:18B1H         LINE#         99
  C:18B1H         LINE#         100
  C:18B3H         LINE#         101
  C:18B7H         LINE#         102
  C:18B7H         LINE#         103
  C:18B9H         LINE#         104
  C:18BBH         LINE#         106
  C:18BBH         LINE#         107
  C:18BDH         LINE#         108
  C:18BDH         LINE#         109
  C:18C0H         LINE#         110
  C:18C2H         LINE#         111
  C:18C5H         LINE#         112
  C:18C7H         LINE#         113
  C:18CBH         LINE#         114
  C:18CFH         LINE#         115
  -------         ENDPROC       _SEND_BYTE
BL51 BANKED LINKER/LOCATER V6.22.4.0                                                  06/30/2025  10:40:23  PAGE 8


  C:1825H         SYMBOL        L?0114
  -------         PROC          L?0113
  -------         ENDPROC       L?0113
  C:1825H         SYMBOL        L?0114
  -------         PROC          _OLED_WR_BYTE
  D:0002H         SYMBOL        dat
  D:0003H         SYMBOL        mode
  C:182CH         LINE#         120
  C:1830H         LINE#         121
  C:1830H         LINE#         122
  C:1833H         LINE#         123
  C:1838H         LINE#         124
  C:183BH         LINE#         125
  C:1842H         LINE#         126
  C:1847H         LINE#         127
  C:184AH         LINE#         128
  C:184FH         LINE#         129
  C:1852H         LINE#         130
  -------         ENDPROC       _OLED_WR_BYTE
  -------         PROC          _OLED_SET_POS
  D:0001H         SYMBOL        x
  D:0005H         SYMBOL        y
  C:18F3H         LINE#         135
  C:18F5H         LINE#         136
  C:18F5H         LINE#         137
  C:18FEH         LINE#         138
  C:190CH         LINE#         139
  -------         ENDPROC       _OLED_SET_POS
  -------         PROC          OLED_DISPLAY_ON
  C:1960H         LINE#         142
  C:1960H         LINE#         143
  C:1960H         LINE#         144
  C:1967H         LINE#         145
  C:196EH         LINE#         146
  -------         ENDPROC       OLED_DISPLAY_ON
  -------         PROC          OLED_DISPLAY_OFF
  C:1993H         LINE#         149
  C:1993H         LINE#         150
  C:1993H         LINE#         151
  C:1997H         LINE#         152
  C:199AH         LINE#         153
  -------         ENDPROC       OLED_DISPLAY_OFF
  -------         PROC          OLED_CLEAR
  -------         DO            
  D:0001H         SYMBOL        i
  D:0009H         SYMBOL        n
  -------         ENDDO         
  C:18D0H         LINE#         156
  C:18D0H         LINE#         157
  C:18D0H         LINE#         159
  C:18D2H         LINE#         160
  C:18D2H         LINE#         161
  C:18D8H         LINE#         162
  C:18D8H         LINE#         163
  C:18DBH         LINE#         164
  C:18EEH         LINE#         165
  C:18F2H         LINE#         166
BL51 BANKED LINKER/LOCATER V6.22.4.0                                                  06/30/2025  10:40:23  PAGE 9


  -------         ENDPROC       OLED_CLEAR
  -------         PROC          _OLED_SHOWCHAR
  D:0010H         SYMBOL        x
  D:0011H         SYMBOL        y
  D:0003H         SYMBOL        chr
  D:0013H         SYMBOL        sizey
  -------         DO            
  D:0014H         SYMBOL        c
  D:0015H         SYMBOL        sizex
  D:0016H         SYMBOL        i
  D:0018H         SYMBOL        size1
  -------         ENDDO         
  C:136AH         LINE#         172
  C:136EH         LINE#         173
  C:136EH         LINE#         174
  C:1378H         LINE#         175
  C:137DH         LINE#         176
  C:138AH         LINE#         177
  C:13B3H         LINE#         178
  C:13B8H         LINE#         179
  C:13BFH         LINE#         180
  C:13CFH         LINE#         181
  C:13CFH         LINE#         182
  C:13EEH         LINE#         183
  C:1403H         LINE#         184
  C:142CH         LINE#         187
  C:1436H         LINE#         188
  -------         ENDPROC       _OLED_SHOWCHAR
  -------         PROC          _OLED_POW
  D:0029H         SYMBOL        m
  D:0001H         SYMBOL        n
  -------         DO            
  D:0006H         SYMBOL        result
  -------         ENDDO         
  C:1948H         LINE#         190
  C:194CH         LINE#         191
  C:194CH         LINE#         192
  C:1950H         LINE#         193
  C:195FH         LINE#         194
  C:195FH         LINE#         195
  -------         ENDPROC       _OLED_POW
  -------         PROC          _OLED_SHOWNUM
  D:001AH         SYMBOL        x
  D:001BH         SYMBOL        y
  D:001CH         SYMBOL        num
  D:001EH         SYMBOL        len
  D:001FH         SYMBOL        sizey
  -------         DO            
  D:0020H         SYMBOL        t
  D:0021H         SYMBOL        temp
  D:0022H         SYMBOL        m
  D:0023H         SYMBOL        enshow
  -------         ENDDO         
  C:16A6H         LINE#         201
  C:16AEH         LINE#         202
  C:16AEH         LINE#         203
  C:16B1H         LINE#         204
BL51 BANKED LINKER/LOCATER V6.22.4.0                                                  06/30/2025  10:40:23  PAGE 10


  C:16B3H         LINE#         205
  C:16BBH         LINE#         206
  C:16C5H         LINE#         207
  C:16C5H         LINE#         208
  C:16E7H         LINE#         209
  C:16F5H         LINE#         210
  C:16F5H         LINE#         211
  C:16F9H         LINE#         212
  C:16F9H         LINE#         213
  C:170BH         LINE#         214
  C:170DH         LINE#         215
  C:1710H         LINE#         216
  C:1710H         LINE#         217
  C:172AH         LINE#         218
  C:172EH         LINE#         219
  -------         ENDPROC       _OLED_SHOWNUM
  -------         PROC          _OLED_SHOWSTRING
  D:0009H         SYMBOL        x
  D:000AH         SYMBOL        y
  D:000BH         SYMBOL        chr
  D:000EH         SYMBOL        sizey
  -------         DO            
  D:000FH         SYMBOL        j
  -------         ENDDO         
  C:1797H         LINE#         221
  C:17A1H         LINE#         222
  C:17A1H         LINE#         223
  C:17A4H         LINE#         224
  C:17B5H         LINE#         225
  C:17B5H         LINE#         226
  C:17CCH         LINE#         227
  C:17D5H         LINE#         228
  C:17DDH         LINE#         229
  C:17DFH         LINE#         230
  -------         ENDPROC       _OLED_SHOWSTRING
  -------         PROC          _OLED_SHOWCHINESE
  D:0009H         SYMBOL        x
  D:000AH         SYMBOL        y
  D:000BH         SYMBOL        no
  D:000CH         SYMBOL        sizey
  -------         DO            
  D:000DH         SYMBOL        i
  D:000FH         SYMBOL        size1
  -------         ENDDO         
  C:161AH         LINE#         232
  C:1620H         LINE#         233
  C:1620H         LINE#         234
  C:1649H         LINE#         235
  C:1659H         LINE#         236
  C:1659H         LINE#         237
  C:1672H         LINE#         238
  C:169BH         LINE#         241
  C:16A5H         LINE#         242
  -------         ENDPROC       _OLED_SHOWCHINESE
  -------         PROC          _OLED_DRAWBMP
  D:0009H         SYMBOL        x
  D:000AH         SYMBOL        y
BL51 BANKED LINKER/LOCATER V6.22.4.0                                                  06/30/2025  10:40:23  PAGE 11


  D:000BH         SYMBOL        sizex
  D:000CH         SYMBOL        sizey
  D:000DH         SYMBOL        BMP
  -------         DO            
  D:0010H         SYMBOL        j
  D:0012H         SYMBOL        i
  D:0013H         SYMBOL        m
  -------         ENDDO         
  C:172FH         LINE#         249
  C:1735H         LINE#         250
  C:1735H         LINE#         251
  C:173AH         LINE#         253
  C:1752H         LINE#         254
  C:175CH         LINE#         255
  C:175CH         LINE#         256
  C:1766H         LINE#         257
  C:1770H         LINE#         258
  C:1770H         LINE#         259
  C:178EH         LINE#         260
  C:1792H         LINE#         261
  C:1796H         LINE#         262
  -------         ENDPROC       _OLED_DRAWBMP
  -------         PROC          OLED_INIT
  C:1437H         LINE#         267
  C:1437H         LINE#         268
  C:1437H         LINE#         269
  C:1439H         LINE#         270
  C:1440H         LINE#         271
  C:1442H         LINE#         273
  C:1446H         LINE#         274
  C:1446H         LINE#         275
  C:1449H         LINE#         276
  C:1450H         LINE#         277
  C:1457H         LINE#         278
  C:145EH         LINE#         279
  C:1465H         LINE#         280
  C:146CH         LINE#         281
  C:1473H         LINE#         282
  C:147AH         LINE#         283
  C:1481H         LINE#         284
  C:1488H         LINE#         285
  C:148EH         LINE#         286
  C:1495H         LINE#         287
  C:149CH         LINE#         288
  C:14A3H         LINE#         289
  C:14AAH         LINE#         290
  C:14B1H         LINE#         291
  C:14B8H         LINE#         292
  C:14BFH         LINE#         293
  C:14C6H         LINE#         294
  C:14CDH         LINE#         295
  C:14D4H         LINE#         296
  C:14DBH         LINE#         297
  C:14E2H         LINE#         298
  C:14E9H         LINE#         299
  C:14F0H         LINE#         300
  C:14F3H         LINE#         301
BL51 BANKED LINKER/LOCATER V6.22.4.0                                                  06/30/2025  10:40:23  PAGE 12


  -------         ENDPROC       OLED_INIT
  -------         PROC          _OLED_FILL_ROW
  D:0082H         SYMBOL        Data
  C:17E0H         LINE#         305
  C:17E4H         LINE#         306
  C:17E4H         LINE#         307
  C:17E9H         LINE#         308
  C:17F0H         LINE#         309
  C:17F5H         LINE#         310
  C:17FCH         LINE#         311
  C:180DH         LINE#         312
  C:181EH         LINE#         313
  -------         ENDPROC       _OLED_FILL_ROW
  -------         PROC          _OLED_FILL_COLUMN
  D:0009H         SYMBOL        oddData
  D:0082H         SYMBOL        evenData
  -------         DO            
  D:000BH         SYMBOL        page
  D:0001H         SYMBOL        column
  -------         ENDDO         
  C:1855H         LINE#         317
  C:185DH         LINE#         318
  C:185DH         LINE#         320
  C:1860H         LINE#         321
  C:1867H         LINE#         322
  C:1869H         LINE#         323
  C:186DH         LINE#         324
  C:186FH         LINE#         325
  C:1871H         LINE#         326
  C:1878H         LINE#         327
  C:1878H         LINE#         328
  C:187CH         LINE#         329
  C:1885H         LINE#         330
  -------         ENDPROC       _OLED_FILL_COLUMN
  -------         ENDMOD        OLED

  -------         MODULE        ?C?CLDOPTR
  C:14FAH         PUBLIC        ?C?CLDOPTR
  -------         ENDMOD        ?C?CLDOPTR

  -------         MODULE        ?C?IMUL
  C:1527H         PUBLIC        ?C?IMUL
  -------         ENDMOD        ?C?IMUL

  -------         MODULE        ?C?UIDIV
  C:1539H         PUBLIC        ?C?UIDIV
  -------         ENDMOD        ?C?UIDIV

Program Size: data=43.0 xdata=0 code=6584
LINK/LOCATE RUN COMPLETE.  0 WARNING(S),  0 ERROR(S)
