C51 COMPILER V9.60.7.0   MIAN                                                              05/19/2025 15:31:37 PAGE 1   


C51 COMPILER V9.60.7.0, COMPILATION OF MODULE MIAN
OBJECT MODULE PLACED IN mian.OBJ
COMPILER INVOKED BY: D:\KEIL_STM32\C51\BIN\C51.EXE mian.c LARGE OPTIMIZE(8,SPEED) BROWSE DEBUG OBJECTEXTEND

line level    source

   1          #include "LCM13264(cog).h"
   2          #include "pic.h"
   3          
   4          void main(void)
   5          {
   6   1              unsigned char mode;
   7   1              init_cpu();
   8   1              Delay_Xms(50);
   9   1              InitST7567();   //一开始初始化控制器
  10   1              DispFram(0x00,0x00);
  11   1              yehui_UI();
  12   1              Delay_Xms(5000);
  13   1      //      WhatsApp();
  14   1              DispFram(0x00,0x00);
  15   1              YHLTD();
  16   1              
  17   1              
  18   1                              Delay_Xms(5000);
  19   1      //                      DispPic( PIC_5 );
  20   1      //                      Delay_Xms(5000);
  21   1      //            yehui_UI();       //     
  22   1      //                      Delay_Xms(5000);
  23   1                              DispDot(0xf0,0x0f);
  24   1                              Delay_Xms(5000);                         
  25   1                  DispDots( 0x33,0xcc);
  26   1                              Delay_Xms(5000);                                 
  27   1                  DispFram(0x55,0xaa);
  28   1                              Delay_Xms(5000);                                                                 
  29   1                  DispFram(0x55,0x55);        
  30   1                              Delay_Xms(5000);                                 
  31   1                  DispFram(0xff,0x00);         
  32   1                              Delay_Xms(5000);                                 
  33   1                              DispFram(0x00,0xff);    
  34   1                              Delay_Xms(5000);
  35   1              
  36   1      //      while(1)  
  37   1      //      {
  38   1                      
  39   1                      
  40   1      
  41   1      
  42   1      //     Start:   //跳转标号      
  43   1      //if (HOLD()) {  
  44   1      //    mode++;           // 先增加 mode
  45   1      //    mode %= 8;        // 让 mode 保持在 0~7 之间
  46   1      
  47   1      //    switch (mode) {
  48   1      //        case 0:  
  49   1      //            DispPic( PIC_5 );
  50   1      //            break;
  51   1      //        case 1:            
  52   1      //            yehui_UI();               
  53   1      //            break;
  54   1      //        case 2:
  55   1      //            DispDots(0x33, 0xcc);  // 小棋盘  
C51 COMPILER V9.60.7.0   MIAN                                                              05/19/2025 15:31:37 PAGE 2   

  56   1      //            break;
  57   1      //        case 3:
  58   1      //            DispFram(0x55, 0xaa);     
  59   1      //            break;
  60   1      //        case 4:
  61   1      //            DispDot(0xf0, 0x0f);  // 大棋盘
  62   1      //            break;
  63   1      //        case 5:
  64   1      //            DispFram(0x55, 0x55);             
  65   1      //            break;
  66   1      //        case 6:
  67   1      //            DispFram(0xff, 0x00);      
  68   1      //            break;
  69   1      //        case 7:
  70   1      //            DispFram(0xff, 0xff);     
  71   1      //            break;
  72   1      //        default:
  73   1      //            mode = 0;  // 防止异常情况
  74   1      //            break;
  75   1      //    }
  76   1      //}
  77   1      
  78   1        
  79   1      //       if (UP()) 
  80   1      //        {  
  81   1      //                while(1)
  82   1      //               {
  83   1      //                      DispDot(0xf0,0x0f);
  84   1      //                      Delay_Xms(600);                  
  85   1      //          DispDots( 0x33,0xcc);
  86   1      //                      Delay_Xms(600);                          
  87   1      //          DispFram(0x55,0xaa);
  88   1      //                      Delay_Xms(600);                          
  89   1      //          yehui_UI();
  90   1      //                      Delay_Xms(600);                          
  91   1      //          DispFram(0x55,0x55);        
  92   1      //                      Delay_Xms(600);                          
  93   1      //          DispFram(0xff,0x00);         
  94   1      //                      Delay_Xms(600);                          
  95   1      //                      DispFram(0x00,0xff);    
  96   1      //                      Delay_Xms(600);
  97   1      //                      WhatsApp();
  98   1      //                      Delay_Xms(100); 
  99   1      //                }     
 100   1      //      }
 101   1                              
 102   1      
 103   1      //       if (DN()) 
 104   1      //        {  
 105   1      //              RST = 0;    // 先拉低复位引脚
 106   1      //              Delay_Xms(10);  // 等待 10ms，确保复位信号有效
 107   1      //              RST = 1;    // 再拉高，完成复位 
 108   1      //        }
 109   1      //            DispPic( PIC_5 );
 110   1      //                      Delay_Xms(5000);
 111   1      //            yehui_UI();       //     
 112   1      //                      Delay_Xms(5000);
 113   1      //                      DispDot(0xf0,0x0f);
 114   1      //                      Delay_Xms(5000);                         
 115   1      //            DispDots( 0x33,0xcc);
 116   1      //                      Delay_Xms(5000);                                 
 117   1      //            DispFram(0x55,0xaa);
C51 COMPILER V9.60.7.0   MIAN                                                              05/19/2025 15:31:37 PAGE 3   

 118   1      //                      Delay_Xms(5000);                                 
 119   1      //            yehui_UI();
 120   1      //                      Delay_Xms(5000);                                 
 121   1      //            DispFram(0x55,0x55);      
 122   1      //                      Delay_Xms(5000);                                 
 123   1      //            DispFram(0xff,0x00);       
 124   1      //                      Delay_Xms(5000);                                 
 125   1      //                      DispFram(0x00,0xff);    
 126   1      //                      Delay_Xms(5000);
 127   1              
 128   1      //              -------------------------------------------------------------------------               
 129   1      //              hz_display16(0,0,0,jin); 
 130   1      //              Delay_Xms(1000);
 131   1      
 132   1      //              hz_display16(0,0,18,se); 
 133   1      //              Delay_Xms(1000);
 134   1      
 135   1      //              DispFram( 0xff,0xff );                           //全显
 136   1      //              Delay_Xms(2800);
 137   1      //              if( Change(70)==1 ) goto Start; //暂停键有动作跳转到程序的最头上
 138   1      //              push();
 139   1      //              Pause();
 140   1      
 141   1      //              DispFram( 0x00,0x00 );                     //无显
 142   1      //              Delay_Xms(2800);
 143   1      //              if( Change(70)==1 ) goto Start; //暂停键有动作跳转到程序的最头上
 144   1      //              Pause();
 145   1      
 146   1      //              ------------------------------------------------------------------      
 147   1      //              DispDot( 0xf0,0x0f );                    //大棋盘
 148   1      //              Delay_Xms(2800);
 149   1      //              if( Change(70)==1 ) goto Start; //暂停键有动作跳转到程序的最头上
 150   1      //              push();
 151   1      //              Pause();
 152   1      //              ------------------------------------------------------------------
 153   1      
 154   1      //              DispDots( 0x33,0xcc );                    //小棋盘
 155   1      //              Delay_Xms(2800);
 156   1      //              if( Change(70)==1 ) goto Start; //暂停键有动作跳转到程序的最头上
 157   1      //              push();
 158   1      //              Pause();
 159   1      //              ------------------------------------------------------------------      
 160   1      //              DispFram( 0x55,0xaa );                            //花点                
 161   1      //              Delay_Xms(2800);
 162   1      //              if( Change(70)==1 ) goto Start; //暂停键有动作跳转到程序的最头上
 163   1      //              push();
 164   1      //              Pause();
 165   1      
 166   1      //              DispFram( 0x55,0x55 );                                   //      横线
 167   1      //              Delay_Xms(2800);
 168   1      //              if( Change(70)==1 ) goto Start; //暂停键有动作跳转到程序的最头上
 169   1      //              push();
 170   1      //              Pause();
 171   1      
 172   1      //              DispFram( 0xaa,0xaa );                               // 横线
 173   1      //              Delay_Xms(1000);
 174   1      //              if( Change(300)==1 ) goto Start;        //暂停键有动作跳转到程序的最头上
 175   1      //              //push();
 176   1      //              Pause();
 177   1      //              -------------------------------------------------------------------------               
 178   1      //              DispFram( 0xff,0x00 );                                   //竖线 
 179   1      //              Delay_Xms(500);
C51 COMPILER V9.60.7.0   MIAN                                                              05/19/2025 15:31:37 PAGE 4   

 180   1      //              if( Change(70)==1 ) goto Start; //暂停键有动作跳转到程序的最头上
 181   1      //              // push();
 182   1      //              Pause();
 183   1      
 184   1      //              DispFram( 0x00,0xff );
 185   1      //              Delay_Xms(1000);
 186   1      //              if( Change(300)==1 ) goto Start;        //暂停键有动作跳转到程序的最头上
 187   1      //              push();
 188   1      //              Pause();
 189   1      //              ----------------------------------------------------------------------------     
 190   1      
 191   1      //              DispPic( PIC_1 );
 192   1      //              Delay_Xms(1000);
 193   1      //              if( Change(300)==1 ) goto Start;        //暂停键有动作跳转到程序的最头上
 194   1      //              push();
 195   1      //              Pause();        
 196   1      
 197   1      //              ST7567_WriteComd(0xa7);
 198   1      //              Delay_Xms(1000);
 199   1      //              if( Change(300)==1 ) goto Start;        //暂停键有动作跳转到程序的最头上
 200   1      //              Pause();
 201   1      
 202   1      //              ST7567_WriteComd(0xa6);
 203   1      //              Delay_Xms(1000);
 204   1      //              if( Change(300)==1 ) goto Start;        //暂停键有动作跳转到程序的最头上
 205   1      //              Pause();
 206   1      
 207   1      //              DispPic( pic12864_KH8 );
 208   1      //              Delay_Xms(500);
 209   1      //              if( Change(300)==1 ) goto Start;        //暂停键有动作跳转到程序的最头上
 210   1      //              Pause();
 211   1      
 212   1      //              DispPic1( PIC_CS );
 213   1      //              Delay_Xms(500);
 214   1      //              if( Change(50)==1 ) goto Start; //暂停键有动作跳转到程序的最头上          
 215   1      //              Pause();
 216   1      
 217   1      
 218   1      //              DispPic( PIC_5 );
 219   1      //              Delay_Xms(2800);
 220   1      //              if( Change(70)==1 ) goto Start; //暂停键有动作跳转到程序的最头上
 221   1      //              Pause();
 222   1      
 223   1      //              DispPic1( PIC_4 );
 224   1      //              Delay_Xms(600);
 225   1      //              if( Change(50)==1 ) goto Start; //暂停键有动作跳转到程序的最头上          
 226   1      
 227   1      
 228   1      //              DispPic( PIC_5 );
 229   1      //              Delay_Xms(2800);
 230   1      //              if( Change(50)==1 ) goto Start; //暂停键有动作跳转到程序的最头上        
 231   1      
 232   1      //              DispPic( PIC_6 );
 233   1      //              Delay_Xms(2500);
 234   1      //              if( Change(50)==1 ) goto Start; //暂停键有动作跳转到程序的最头上        
 235   1      
 236   1      //              DispPic( PIC_7 );
 237   1      //              Delay_Xms(600);
 238   1      //              if( Change(50)==1 ) goto Start; //暂停键有动作跳转到程序的最头上        
 239   1      
 240   1      //              DispPic( PIC_8 );
 241   1      //              Delay_Xms(600);
C51 COMPILER V9.60.7.0   MIAN                                                              05/19/2025 15:31:37 PAGE 5   

 242   1      //              if( Change(50)==1 ) goto Start; //暂停键有动作跳转到程序的最头上        
 243   1      //              /*      
 244   1      
 245   1      //              ST7567_WriteComd(0x81); //The Electronic Volume (Double Byte Command)数字电位器调节VO输出电压(也就是对
             -比度)两字节                                 0x81原来的数值
 246   1      //              ST7567_WriteComd(55);    //vop 设置
 247   1      //              DispPic( PIC_9 );       //中值
 248   1      //              Delay_Xms(600);
 249   1      //              if( Change(50)==1 ) goto Start; //暂停键有动作跳转到程序的最头上        
 250   1      //              push();
 251   1      
 252   1      //              ST7567_WriteComd(0x81); //The Electronic Volume (Double Byte Command)数字电位器调节VO输出电压(也就是对
             -比度)两字节                                 0x81原来的数值
 253   1      //              ST7567_WriteComd(57);    //vop 设置     
 254   1      //              DispPic( PIC_10 );         //上限
 255   1      //              Delay_Xms(600);
 256   1      //              if( Change(50)==1 ) goto Start; //暂停键有动作跳转到程序的最头上        
 257   1      //              push();
 258   1      
 259   1      //              ST7567_WriteComd(0x81); //The Electronic Volume (Double Byte Command)数字电位器调节VO输出电压(也就是对
             -比度)两字节                                 0x81原来的数值
 260   1      //              ST7567_WriteComd(52);    //vop 设置
 261   1      //              DispPic( PIC_11 );                //下限
 262   1      //              Delay_Xms(600);
 263   1      //              if( Change(50)==1 ) goto Start; //暂停键有动作跳转到程序的最头上        
 264   1      //              push();
 265   1      //              */
 266   1      
 267   1      
 268   1      //              DispPic( PIC_12 );
 269   1      //              Delay_Xms(600);
 270   1      //              if( Change(50)==1 ) goto Start; //暂停键有动作跳转到程序的最头上        
 271   1      
 272   1      
 273   1      //      }
 274   1      
 275   1      }
*** WARNING C280 IN LINE 6 OF mian.c: 'mode': unreferenced local variable


MODULE INFORMATION:   STATIC OVERLAYABLE
   CODE SIZE        =    129    ----
   CONSTANT SIZE    =   ----    ----
   XDATA SIZE       =   ----       1
   PDATA SIZE       =   ----    ----
   DATA SIZE        =   ----    ----
   IDATA SIZE       =   ----    ----
   BIT SIZE         =   ----    ----
END OF MODULE INFORMATION.


C51 COMPILATION COMPLETE.  1 WARNING(S),  0 ERROR(S)
