C51 COMPILER V9.60.7.0   MAIN                                                              09/15/2025 14:52:57 PAGE 1   


C51 COMPILER V9.60.7.0, COMPILATION OF MODULE MAIN
OBJECT MODULE PLACED IN .\Objects\main.obj
COMPILER INVOKED BY: D:\KEIL_STM32\C51\BIN\C51.EXE main.c OPTIMIZE(8,SPEED) BROWSE DEBUG OBJECTEXTEND PRINT(.\Listings\m
                    -ain.lst) OBJECT(.\Objects\main.obj)

line level    source

   1          /********* GY3224170203  IC/SED1335F & IST3225&IST3028 ********/
   2          /*********  1/240Duty  1/16Bias  Vdd=5.0V  Vop=23.2V  ********/
   3          
   4          
   5          #include <reg52.h>  
   6          #include <intrins.h>
   7          
   8          //#include <character.txt>
   9          //#include <character1.txt>
  10          //#include <character2.txt>
  11          //#include <character3.txt>
  12          
  13          #define Uchar unsigned char
  14          #define Uint  unsigned int
  15          #define NOP _nop_()
  16          
  17          sbit RES=P1^2;
  18          sbit CS =P1^3;
  19          sbit RD_E=P1^4;
  20          sbit WR_RW=P1^5;
  21          sbit A0 =P1^6;
  22          
  23          //sbit RES=P3^2;
  24          //sbit CS =P3^5;
  25          //sbit RD_E=P3^0;
  26          //sbit WR_RW=P3^1;
  27          //sbit A0 =P3^3;
  28          
  29          
  30          void ComWrite(Uchar com);
  31          void DatWrite(Uchar dat);
  32          void Initial(void);
  33          //void DispBmp11(Uchar bmp[],Uchar dot1,Uchar dot2);  //if dot1 =1 then display bmp[],
  34           void DispBmp(Uchar bmp[]);                                                  // else display dot1 and dot2
             - 
  35           
  36          void press(void);
  37          
  38          //sbit J1=P2^0;
  39          //sbit J2=P2^1;
  40          //sbit J3=P2^2;
  41          //sbit J4=P2^3;         
  42          
  43          //Uchar PAGE=0; 
  44                           
  45          void delay(unsigned int time)
  46          {
  47   1        Uint i,j;
  48   1              for(i=0;i<100;i++)
  49   1              for(j=0;j<time;j++);
  50   1      }
  51          
  52          
  53          void checkboard(unsigned char data1,unsigned char data2)
C51 COMPILER V9.60.7.0   MAIN                                                              09/15/2025 14:52:57 PAGE 2   

  54               { 
  55   1             Uint m,s;
  56   1             ComWrite(0x46);     //CSRW
  57   1             DatWrite(0x00);        //p1
  58   1             DatWrite(0x00);        //p
  59   1             ComWrite(0x42);     //mwrite DISPL    
  60   1             for(s=0;s<160;s++)
  61   1                               {
  62   2                                       for(m=0;m<20;m++) 
  63   2                                                      { if(s%2==0) DatWrite(data1);
  64   3                                                              else DatWrite(data2);
  65   3                                                      }
  66   2                               }
  67   1           }
  68          /*               
  69          void character122(void)
  70               { 
  71                 long m,k=0;
  72                // init();
  73                 ComWrite(0x59);   //DISP ON
  74                 DatWrite(0x06); 
  75                 ComWrite(0x4c);   //CSR DIR
  76                 ComWrite(0x42);   //mwrite DISPLAY DATA OUTPUT
  77                 for(m=0;m<1200;m++)
  78                 DatWrite(0x20);      //fill blank 
  79                 ComWrite(0x46);   //CSRW
  80                 DatWrite(0x00);      //p1
  81                 DatWrite(0x00);      //p
  82               // ComWrite(0x4c);  //CSR DIR      
  83                 ComWrite(0x42);   //mwrite DISPLAY DATA OUTPUT
  84                 for(m=0;m<1200;m++)
  85                   { DatWrite(0x20+k); k++;if(k>95)k=0; }
  86               }
  87          
  88          void et(void)
  89          {
  90          long m;//k=0;
  91                // init();
  92                 ComWrite(0x59);   //DISP ON
  93                 DatWrite(0x06); 
  94                 ComWrite(0x4c);   //CSR DIR
  95                 ComWrite(0x42);   //mwrite DISPLAY DATA OUTPUT
  96                 for(m=0;m<1200;m++)
  97                 DatWrite(0x20);      //fill blank 
  98                 ComWrite(0x46);   //CSRW
  99                 DatWrite(0x00);      //p1
 100                 DatWrite(0x00);      //p
 101               // ComWrite(0x4c);  //CSR DIR      
 102                 ComWrite(0x42);   //mwrite DISPLAY DATA OUTPUT
 103                 for(m=0;m<1200;m++)
 104                   { DatWrite(0x20+37);
 105                     DatWrite(0x20+52); 
 106                   }
 107          }
 108          */
 109          void main(void)
 110           {
 111   1         
 112   1         Initial();
 113   1               delay(300);
 114   1               
 115   1      //    ComWrite(0x5b);          //陪ボΘ㏑
C51 COMPILER V9.60.7.0   MAIN                                                              09/15/2025 14:52:57 PAGE 3   

 116   1      //    DatWrite(0x1c);          //跋瓜   .把计1
 117   1         while(1)
 118   1         {
 119   2      //                      DispBmp(character);
 120   2      //                      delay(1500);
 121   2              //              DispBmp(character1);    
 122   2              //              delay(1000);
 123   2      //                      DispBmp(character3);    
 124   2      //                      delay(1500);
 125   2            
 126   2                              checkboard(0xff,0xff);
 127   2                              delay(8500);    
 128   2          
 129   2                              checkboard(0x00,0x00);  
 130   2                              delay(8500);
 131   2      
 132   2                              checkboard(0x55,0x55);  
 133   2                              delay(8500);             
 134   2      //                      checkboard(0xaa,0xaa);
 135   2      //                      delay(8500);
 136   2      //      checkboard(0x00,0xff);
 137   2      //      delay(8500);
 138   2      //      checkboard(0xff,0x00);
 139   2      //      delay(8500);
 140   2      
 141   2                       
 142   2              
 143   2        }
 144   1      
 145   1       }
 146           /*
 147          void DispBmp11(Uchar bmp[],Uchar dot1,Uchar dot2)
 148           {
 149             Uint cnt,cnt2;
 150                   
 151             ComWrite(0x46);            //砞竚夹皐㏑
 152             DatWrite(0x00);                  //               .把计 1 
 153             DatWrite(0x00);                  //跋       .把计 2
 154                           
 155             ComWrite(0x42);            //硈尿糶秨㏑
 156            if(dot1==1)            for(cnt=0;cnt<9600;cnt++)  DatWrite(bmp[cnt]);            // 320*240/8=9600      
             -                                                                                                                                                                                                                                   
 157              else              
 158                                      for(cnt2=0;cnt2<240;cnt2++)      //240 Com
 159                                       {
 160                                       for(cnt=0;cnt<40;cnt++) DatWrite(dot1);    //320/8=40
 161                                       for(cnt=0;cnt<40;cnt++) DatWrite(dot2);    //320/8=40
 162                                       }     
 163                                  
 164                                     
 165             delay(10000);
 166           }
 167           
 168           void DispBmp(Uchar bmp[])
 169           {
 170             Uint cnt;
 171                   
 172             ComWrite(0x46);            //砞竚夹皐㏑
 173             DatWrite(0x00);                  //               .把计 1 
 174             DatWrite(0x00);                  //跋       .把计 2
 175                           
 176             ComWrite(0x42);            //硈尿糶秨㏑
C51 COMPILER V9.60.7.0   MAIN                                                              09/15/2025 14:52:57 PAGE 4   

 177              for(cnt=0;cnt<9600;cnt++)  
 178                        DatWrite(bmp[cnt]);            // 320*240/8=9600   
 179                  
 180                   
 181           }
 182          */  
 183          void Initial()
 184          {
 185   1       
 186   1        Uchar System[]={0x32,0x87,0x07,19,0x42,0xa0,20,0x00};             // ╰参砞竚㏑把计 p1~p8
 187   1        Uchar Scroll[]={0x00,0x00,0x9f,0x00,0x60,0x9f,0x00,0x70,0x00,0x80}; // 陪ボ办砞竚㏑把计 p1~p10  Uchar 
             -cnt;
 188   1        Uchar cnt;
 189   1      
 190   1        RES  =0;
 191   1        delay(500);
 192   1        RES  =1;
 193   1        delay(500);
 194   1      
 195   1        ComWrite(0x40);                   // system set command begin
 196   1        for(cnt=0;cnt<=7;cnt++) DatWrite(System[cnt]);  //╰参㏑把计
 197   1        ComWrite(0x44);                   // scroll set command begin
 198   1        for(cnt=0;cnt<=9;cnt++) DatWrite(Scroll[cnt]);  //陪ボ㏑把计
 199   1      
 200   1      //  ComWrite(0x5a);     // 闽陪ボ
 201   1      //  DatWrite(0x00);
 202   1      //  ComWrite(0x5b);     // 闽陪ボ
 203   1      //  DatWrite(0x00);
 204   1      //      
 205   1        ComWrite(0x4c);     //夹+1 簿笆よ
 206   1        ComWrite(0x59);     // 闽陪ボ
 207   1        DatWrite(0x04);     // 秨材跋陪ボ,闽夹 . ㏑把计   //0x04
 208   1       }
 209           
 210          
 211            
 212          void DatWrite(Uchar dat)
 213          {
 214   1        CS =0;
 215   1        A0 =0;
 216   1        RD_E =1;
 217   1        P0 =dat;  delay(1);
 218   1        WR_RW =0; delay(1);
 219   1        WR_RW =1; delay(1);
 220   1        CS =1;
 221   1              /*
 222   1      CS=0;
 223   1      A0=0;
 224   1      WR=0;
 225   1      E=0;
 226   1      P1=dat;
 227   1      WR=1;
 228   1      E=1;
 229   1      CS=1;   
 230   1              */
 231   1      }
 232          void ComWrite(Uchar com)
 233          {
 234   1        CS =0;
 235   1        A0 =1;
 236   1        RD_E =1; 
 237   1        P0 =com; delay(1);
C51 COMPILER V9.60.7.0   MAIN                                                              09/15/2025 14:52:57 PAGE 5   

 238   1        WR_RW =0;delay(1);
 239   1        WR_RW =1;     delay(1);
 240   1        CS=1;
 241   1      /*
 242   1      CS=0;
 243   1      A0=1;
 244   1      WR=0;
 245   1      E=0;
 246   1      P1=com;
 247   1      WR=1;
 248   1      E=1;
 249   1      CS=1;   
 250   1      */      
 251   1      }
 252          
 253          #if 0
              void press(void)
              {
                      unsigned int i=0;
                      P2=0xff;
                      
                      for (i=0;i<20000;i++)
                      {
                        delay(5);
                              if (J4==0) //J4
                              {
                               delay(10);
                                              if (J4==0) //J4
                                      {
                                              i=20005;
                                              while(!J4);
                                }
                              }
                              
                              if(J3==0) //J3
                       {
                                      delay(10);
                                      if (J3==0) //J3
                                      {
                                i=20005;
                                      while(!J3);
                   }
                              }
              
                              if (J1==0) //J1
                              {
                                      delay(10);
                                              if (J1==0) //J1
                                      {                       
                                      i=20005;
                               if(PAGE<7)
                               PAGE++;
                               else PAGE=0;
                               while(!J1); 
                         }
                               
                              }
                        if(J2==0) //J2
                          {
                                      delay(10);
                                      if(J2==0)
                                      {
C51 COMPILER V9.60.7.0   MAIN                                                              09/15/2025 14:52:57 PAGE 6   

                                              i=20005;
                               if(PAGE>0)      
                           PAGE--;
                               else PAGE=7;
                         while(!J2); 
                   } 
                              }
                        
                      }  
              }       
              
              #endif
 312          


MODULE INFORMATION:   STATIC OVERLAYABLE
   CODE SIZE        =    327    ----
   CONSTANT SIZE    =     18    ----
   XDATA SIZE       =   ----    ----
   PDATA SIZE       =   ----    ----
   DATA SIZE        =   ----      25
   IDATA SIZE       =   ----    ----
   BIT SIZE         =   ----    ----
END OF MODULE INFORMATION.


C51 COMPILATION COMPLETE.  0 WARNING(S),  0 ERROR(S)
