C51 COMPILER V9.60.7.0   MIAN                                                              11/14/2025 13:54:41 PAGE 1   


C51 COMPILER V9.60.7.0, COMPILATION OF MODULE MIAN
OBJECT MODULE PLACED IN mian.OBJ
COMPILER INVOKED BY: D:\KEIL_STM32\C51\BIN\C51.EXE mian.c LARGE OPTIMIZE(8,SPEED) BROWSE DEBUG OBJECTEXTEND

line level    source

   1          #include "LCM13264(cog).h"
   2          #include "pic.h"
   3          
   4          void main(void)
   5          {
   6   1              unsigned char mode;
   7   1      //      init_cpu();
   8   1              Delay_Xms(5);
   9   1              InitST7567();   //一开始初始化控制器
  10   1              DispFram(0x00,0x00);
  11   1      //      yehui_UI();
  12   1      //      Delay_Xms(2000);
  13   1      //  WhatsApp();
  14   1      //      YHLTD();
  15   1      //      Delay_Xms(2000);
  16   1      //      DispPic( PIC_5 );
  17   1      //      Delay_Xms(2000);
  18   1      //      DispDot(0xf0,0x0f);
  19   1      //      Delay_Xms(2000);                         
  20   1      //      DispDots( 0x33,0xcc);
  21   1      //      Delay_Xms(2000);                                 
  22   1      //      DispFram(0x55,0xaa);
  23   1      //      Delay_Xms(2000);                                 
  24   1      //      DispFram(0x55,0x55);    
  25   1      //      Delay_Xms(2000);                                 
  26   1      //      DispFram(0xff,0x00);     
  27   1      //      Delay_Xms(2000);                                 
  28   1      //      DispFram(0x00,0xff);    
  29   1      //      Delay_Xms(2000);        
  30   1              while(1)  
  31   1              {
  32   2              
  33   2              YHLTD();
  34   2              Delay_Xms(4000);
  35   2              DispDot(0x00,0x00);             
  36   2              DispFram(0x00,0x00);
  37   2              DispPic( PIC_99 );
  38   2      //      yehui_UI();
  39   2              Delay_Xms(4000);
  40   2      //      WhatsApp();
  41   2      
  42   2              Delay_Xms(4000);
  43   2      //      DispPic( PIC_5 );
  44   2      //      Delay_Xms(4000);
  45   2              DispDot(0xf0,0x0f);
  46   2              Delay_Xms(4000);                         
  47   2              DispDots( 0x33,0xcc);
  48   2              Delay_Xms(4000);                                 
  49   2              DispFram(0x55,0xaa);
  50   2              Delay_Xms(4000);                                                                 
  51   2              DispFram(0x55,0x55);    
  52   2              Delay_Xms(4000);                                 
  53   2              DispFram(0xff,0x00);     
  54   2              Delay_Xms(4000);                                 
  55   2              DispFram(0x00,0xff);    
C51 COMPILER V9.60.7.0   MIAN                                                              11/14/2025 13:54:41 PAGE 2   

  56   2              Delay_Xms(4000);
  57   2              DispFram(0x00,0x00);
  58   2      
  59   2      //     Start:   //跳转标号      
  60   2      //if (HOLD()) {  
  61   2      //    mode++;           // 先增加 mode
  62   2      //    mode %= 11;        // 让 mode 保持在 0~7 之间
  63   2      
  64   2      //    switch (mode) {
  65   2      //        case 0:  
  66   2      //            DispPic( PIC_5 );
  67   2      //            break;
  68   2      //        case 1:            
  69   2      //            yehui_UI();               
  70   2      //            break;
  71   2      //        case 2:
  72   2      //            DispDots(0x33, 0xcc);  // 小棋盘  
  73   2      //            break;
  74   2      //        case 3:
  75   2      //            DispDot(0xf0, 0x0f);   // 大棋盘
  76   2      //            break;
  77   2      //        case 4:
  78   2      //            DispFram(0x55, 0xaa);  
  79   2      //            break;
  80   2      //        case 5:
  81   2      //            DispFram(0xaa, 0x55);             
  82   2      //            break;
  83   2      //        case 6:
  84   2      //            DispFram(0xff, 0x00);      
  85   2      //            break;
  86   2      //        case 7:
  87   2      //            DispFram(0x00, 0xff);     
  88   2      //            break;
  89   2      //        case 8:
  90   2      //            DispFram(0xff, 0xff);     
  91   2      //            break;
  92   2      //        case 9:
  93   2      //            DispFram(0x55, 0x55);     
  94   2      //            break;
  95   2      //        case 10:
  96   2      //            DispFram(0xaa, 0xaa);     
  97   2      //            break;
  98   2      
  99   2      //    }
 100   2      //}
 101   2      
 102   2        
 103   2      //       if (UP()) 
 104   2      //        {  
 105   2      //                while(1)
 106   2      //               {
 107   2      //                      DispDot(0xf0,0x0f);
 108   2      //                      Delay_Xms(600);                  
 109   2      //          DispDots( 0x33,0xcc);
 110   2      //                      Delay_Xms(600);                          
 111   2      //          DispFram(0x55,0xaa);
 112   2      //                      Delay_Xms(600);                          
 113   2      //          yehui_UI();
 114   2      //                      Delay_Xms(600);                          
 115   2      //          DispFram(0x55,0x55);        
 116   2      //                      Delay_Xms(600);                          
 117   2      //          DispFram(0xff,0x00);         
C51 COMPILER V9.60.7.0   MIAN                                                              11/14/2025 13:54:41 PAGE 3   

 118   2      //                      Delay_Xms(600);                          
 119   2      //                      DispFram(0x00,0xff);    
 120   2      //                      Delay_Xms(600);
 121   2      //                      WhatsApp();
 122   2      //                      Delay_Xms(100); 
 123   2      //                }     
 124   2      //      }
 125   2      //       if (DN()) 
 126   2      //        {  
 127   2      //              ResetChip() ;
 128   2      //        }
 129   2      //            DispPic( PIC_5 );
 130   2      //                      Delay_Xms(5000);
 131   2      //            yehui_UI();       //     
 132   2      //                      Delay_Xms(5000);
 133   2      //                      DispDot(0xf0,0x0f);
 134   2      //                      Delay_Xms(5000);                         
 135   2      //            DispDots( 0x33,0xcc);
 136   2      //                      Delay_Xms(5000);                                 
 137   2      //            DispFram(0x55,0xaa);
 138   2      //                      Delay_Xms(5000);                                 
 139   2      //            yehui_UI();
 140   2      //                      Delay_Xms(5000);                                 
 141   2      //            DispFram(0x55,0x55);      
 142   2      //                      Delay_Xms(5000);                                 
 143   2      //            DispFram(0xff,0x00);       
 144   2      //                      Delay_Xms(5000);                                 
 145   2      //                      DispFram(0x00,0xff);    
 146   2      //                      Delay_Xms(5000);
 147   2              
 148   2      //              -------------------------------------------------------------------------               
 149   2      //              hz_display16(0,0,0,jin); 
 150   2      //              Delay_Xms(1000);
 151   2      
 152   2      //              hz_display16(0,0,18,se); 
 153   2      //              Delay_Xms(1000);
 154   2      
 155   2      //              DispFram( 0xff,0xff );                           //全显
 156   2      //              Delay_Xms(2800);
 157   2      //              if( Change(70)==1 ) goto Start; //暂停键有动作跳转到程序的最头上
 158   2      //              push();
 159   2      //              Pause();
 160   2      
 161   2      //              DispFram( 0x00,0x00 );                     //无显
 162   2      //              Delay_Xms(2800);
 163   2      //              if( Change(70)==1 ) goto Start; //暂停键有动作跳转到程序的最头上
 164   2      //              Pause();
 165   2      
 166   2      //              ------------------------------------------------------------------      
 167   2      //              DispDot( 0xf0,0x0f );                    //大棋盘
 168   2      //              Delay_Xms(2800);
 169   2      //              if( Change(70)==1 ) goto Start; //暂停键有动作跳转到程序的最头上
 170   2      //              push();
 171   2      //              Pause();
 172   2      //              ------------------------------------------------------------------
 173   2      
 174   2      //              DispDots( 0x33,0xcc );                    //小棋盘
 175   2      //              Delay_Xms(2800);
 176   2      //              if( Change(70)==1 ) goto Start; //暂停键有动作跳转到程序的最头上
 177   2      //              push();
 178   2      //              Pause();
 179   2      //              ------------------------------------------------------------------      
C51 COMPILER V9.60.7.0   MIAN                                                              11/14/2025 13:54:41 PAGE 4   

 180   2      //              DispFram( 0x55,0xaa );                            //花点                
 181   2      //              Delay_Xms(2800);
 182   2      //              if( Change(70)==1 ) goto Start; //暂停键有动作跳转到程序的最头上
 183   2      //              push();
 184   2      //              Pause();
 185   2      
 186   2      //              DispFram( 0x55,0x55 );                                   //      横线
 187   2      //              Delay_Xms(2800);
 188   2      //              if( Change(70)==1 ) goto Start; //暂停键有动作跳转到程序的最头上
 189   2      //              push();
 190   2      //              Pause();
 191   2      
 192   2      //              DispFram( 0xaa,0xaa );                               // 横线
 193   2      //              Delay_Xms(1000);
 194   2      //              if( Change(300)==1 ) goto Start;        //暂停键有动作跳转到程序的最头上
 195   2      //              //push();
 196   2      //              Pause();
 197   2      //              -------------------------------------------------------------------------               
 198   2      //              DispFram( 0xff,0x00 );                                   //竖线 
 199   2      //              Delay_Xms(500);
 200   2      //              if( Change(70)==1 ) goto Start; //暂停键有动作跳转到程序的最头上
 201   2      //              // push();
 202   2      //              Pause();
 203   2      
 204   2      //              DispFram( 0x00,0xff );
 205   2      //              Delay_Xms(1000);
 206   2      //              if( Change(300)==1 ) goto Start;        //暂停键有动作跳转到程序的最头上
 207   2      //              push();
 208   2      //              Pause();
 209   2      //              ----------------------------------------------------------------------------     
 210   2      
 211   2      //              DispPic( PIC_1 );
 212   2      //              Delay_Xms(1000);
 213   2      //              if( Change(300)==1 ) goto Start;        //暂停键有动作跳转到程序的最头上
 214   2      //              push();
 215   2      //              Pause();        
 216   2      
 217   2      //              ST7567_WriteComd(0xa7);
 218   2      //              Delay_Xms(1000);
 219   2      //              if( Change(300)==1 ) goto Start;        //暂停键有动作跳转到程序的最头上
 220   2      //              Pause();
 221   2      
 222   2      //              ST7567_WriteComd(0xa6);
 223   2      //              Delay_Xms(1000);
 224   2      //              if( Change(300)==1 ) goto Start;        //暂停键有动作跳转到程序的最头上
 225   2      //              Pause();
 226   2      
 227   2      //              DispPic( pic12864_KH8 );
 228   2      //              Delay_Xms(500);
 229   2      //              if( Change(300)==1 ) goto Start;        //暂停键有动作跳转到程序的最头上
 230   2      //              Pause();
 231   2      
 232   2      //              DispPic1( PIC_CS );
 233   2      //              Delay_Xms(500);
 234   2      //              if( Change(50)==1 ) goto Start; //暂停键有动作跳转到程序的最头上          
 235   2      //              Pause();
 236   2      
 237   2      
 238   2      //              DispPic( PIC_5 );
 239   2      //              Delay_Xms(2800);
 240   2      //              if( Change(70)==1 ) goto Start; //暂停键有动作跳转到程序的最头上
 241   2      //              Pause();
C51 COMPILER V9.60.7.0   MIAN                                                              11/14/2025 13:54:41 PAGE 5   

 242   2      
 243   2      //              DispPic1( PIC_4 );
 244   2      //              Delay_Xms(600);
 245   2      //              if( Change(50)==1 ) goto Start; //暂停键有动作跳转到程序的最头上          
 246   2      
 247   2      
 248   2      //              DispPic( PIC_5 );
 249   2      //              Delay_Xms(2800);
 250   2      //              if( Change(50)==1 ) goto Start; //暂停键有动作跳转到程序的最头上        
 251   2      
 252   2      //              DispPic( PIC_6 );
 253   2      //              Delay_Xms(2500);
 254   2      //              if( Change(50)==1 ) goto Start; //暂停键有动作跳转到程序的最头上        
 255   2      
 256   2      //              DispPic( PIC_7 );
 257   2      //              Delay_Xms(600);
 258   2      //              if( Change(50)==1 ) goto Start; //暂停键有动作跳转到程序的最头上        
 259   2      
 260   2      //              DispPic( PIC_8 );
 261   2      //              Delay_Xms(600);
 262   2      //              if( Change(50)==1 ) goto Start; //暂停键有动作跳转到程序的最头上        
 263   2      //              /*      
 264   2      
 265   2      //              ST7567_WriteComd(0x81); //The Electronic Volume (Double Byte Command)数字电位器调节VO输出电压(也就是对
             -比度)两字节                                 0x81原来的数值
 266   2      //              ST7567_WriteComd(55);    //vop 设置
 267   2      //              DispPic( PIC_9 );       //中值
 268   2      //              Delay_Xms(600);
 269   2      //              if( Change(50)==1 ) goto Start; //暂停键有动作跳转到程序的最头上        
 270   2      //              push();
 271   2      
 272   2      //              ST7567_WriteComd(0x81); //The Electronic Volume (Double Byte Command)数字电位器调节VO输出电压(也就是对
             -比度)两字节                                 0x81原来的数值
 273   2      //              ST7567_WriteComd(57);    //vop 设置     
 274   2      //              DispPic( PIC_10 );         //上限
 275   2      //              Delay_Xms(600);
 276   2      //              if( Change(50)==1 ) goto Start; //暂停键有动作跳转到程序的最头上        
 277   2      //              push();
 278   2      
 279   2      //              ST7567_WriteComd(0x81); //The Electronic Volume (Double Byte Command)数字电位器调节VO输出电压(也就是对
             -比度)两字节                                 0x81原来的数值
 280   2      //              ST7567_WriteComd(52);    //vop 设置
 281   2      //              DispPic( PIC_11 );                //下限
 282   2      //              Delay_Xms(600);
 283   2      //              if( Change(50)==1 ) goto Start; //暂停键有动作跳转到程序的最头上        
 284   2      //              push();
 285   2      //              */
 286   2      
 287   2      
 288   2      //              DispPic( PIC_12 );
 289   2      //              Delay_Xms(600);
 290   2      //              if( Change(50)==1 ) goto Start; //暂停键有动作跳转到程序的最头上        
 291   2      
 292   2      
 293   2              }
 294   1      
 295   1      }
*** WARNING C280 IN LINE 6 OF mian.c: 'mode': unreferenced local variable


MODULE INFORMATION:   STATIC OVERLAYABLE
   CODE SIZE        =    154    ----
C51 COMPILER V9.60.7.0   MIAN                                                              11/14/2025 13:54:41 PAGE 6   

   CONSTANT SIZE    =   ----    ----
   XDATA SIZE       =   ----       1
   PDATA SIZE       =   ----    ----
   DATA SIZE        =   ----    ----
   IDATA SIZE       =   ----    ----
   BIT SIZE         =   ----    ----
END OF MODULE INFORMATION.


C51 COMPILATION COMPLETE.  1 WARNING(S),  0 ERROR(S)
