C51 COMPILER V9.60.7.0   MIAN                                                              09/03/2025 08:58:30 PAGE 1   


C51 COMPILER V9.60.7.0, COMPILATION OF MODULE MIAN
OBJECT MODULE PLACED IN mian.OBJ
COMPILER INVOKED BY: D:\KEIL_STM32\C51\BIN\C51.EXE mian.c LARGE OPTIMIZE(8,SPEED) BROWSE DEBUG OBJECTEXTEND

line level    source

   1          #include "LCM13264(cog).h"
   2          #include "pic.h"
   3          
   4          void main(void)
   5          {
   6   1              unsigned char mode;
   7   1      //      init_cpu();
   8   1              Delay_Xms(5);
   9   1              InitST7567();   //一开始初始化控制器
  10   1              DispFram(0x00,0x00);
  11   1      //      yehui_UI();
  12   1      //      Delay_Xms(2000);
  13   1      //  WhatsApp();
  14   1      //      YHLTD();
  15   1      //      Delay_Xms(2000);
  16   1      //      DispPic( PIC_5 );
  17   1      //      Delay_Xms(2000);
  18   1      //      DispDot(0xf0,0x0f);
  19   1      //      Delay_Xms(2000);                         
  20   1      //      DispDots( 0x33,0xcc);
  21   1      //      Delay_Xms(2000);                                 
  22   1      //      DispFram(0x55,0xaa);
  23   1      //      Delay_Xms(2000);                                 
  24   1      //      DispFram(0x55,0x55);    
  25   1      //      Delay_Xms(2000);                                 
  26   1      //      DispFram(0xff,0x00);     
  27   1      //      Delay_Xms(2000);                                 
  28   1      //      DispFram(0x00,0xff);    
  29   1      //      Delay_Xms(2000);        
  30   1              while(1)  
  31   1              {
  32   2              
  33   2              yehui_UI();
  34   2              Delay_Xms(4000);
  35   2      //      WhatsApp();
  36   2      //      YHLTD();
  37   2              Delay_Xms(4000);
  38   2      //      DispPic( PIC_5 );
  39   2      //      Delay_Xms(4000);
  40   2              DispDot(0xf0,0x0f);
  41   2              Delay_Xms(4000);                         
  42   2              DispDots( 0x33,0xcc);
  43   2              Delay_Xms(4000);                                 
  44   2              DispFram(0x55,0xaa);
  45   2              Delay_Xms(4000);                                                                 
  46   2              DispFram(0x55,0x55);    
  47   2              Delay_Xms(4000);                                 
  48   2              DispFram(0xff,0x00);     
  49   2              Delay_Xms(4000);                                 
  50   2              DispFram(0x00,0xff);    
  51   2              Delay_Xms(4000);
  52   2      
  53   2      
  54   2      //     Start:   //跳转标号      
  55   2      //if (HOLD()) {  
C51 COMPILER V9.60.7.0   MIAN                                                              09/03/2025 08:58:30 PAGE 2   

  56   2      //    mode++;           // 先增加 mode
  57   2      //    mode %= 11;        // 让 mode 保持在 0~7 之间
  58   2      
  59   2      //    switch (mode) {
  60   2      //        case 0:  
  61   2      //            DispPic( PIC_5 );
  62   2      //            break;
  63   2      //        case 1:            
  64   2      //            yehui_UI();               
  65   2      //            break;
  66   2      //        case 2:
  67   2      //            DispDots(0x33, 0xcc);  // 小棋盘  
  68   2      //            break;
  69   2      //        case 3:
  70   2      //            DispDot(0xf0, 0x0f);   // 大棋盘
  71   2      //            break;
  72   2      //        case 4:
  73   2      //            DispFram(0x55, 0xaa);  
  74   2      //            break;
  75   2      //        case 5:
  76   2      //            DispFram(0xaa, 0x55);             
  77   2      //            break;
  78   2      //        case 6:
  79   2      //            DispFram(0xff, 0x00);      
  80   2      //            break;
  81   2      //        case 7:
  82   2      //            DispFram(0x00, 0xff);     
  83   2      //            break;
  84   2      //        case 8:
  85   2      //            DispFram(0xff, 0xff);     
  86   2      //            break;
  87   2      //        case 9:
  88   2      //            DispFram(0x55, 0x55);     
  89   2      //            break;
  90   2      //        case 10:
  91   2      //            DispFram(0xaa, 0xaa);     
  92   2      //            break;
  93   2      
  94   2      //    }
  95   2      //}
  96   2      
  97   2        
  98   2      //       if (UP()) 
  99   2      //        {  
 100   2      //                while(1)
 101   2      //               {
 102   2      //                      DispDot(0xf0,0x0f);
 103   2      //                      Delay_Xms(600);                  
 104   2      //          DispDots( 0x33,0xcc);
 105   2      //                      Delay_Xms(600);                          
 106   2      //          DispFram(0x55,0xaa);
 107   2      //                      Delay_Xms(600);                          
 108   2      //          yehui_UI();
 109   2      //                      Delay_Xms(600);                          
 110   2      //          DispFram(0x55,0x55);        
 111   2      //                      Delay_Xms(600);                          
 112   2      //          DispFram(0xff,0x00);         
 113   2      //                      Delay_Xms(600);                          
 114   2      //                      DispFram(0x00,0xff);    
 115   2      //                      Delay_Xms(600);
 116   2      //                      WhatsApp();
 117   2      //                      Delay_Xms(100); 
C51 COMPILER V9.60.7.0   MIAN                                                              09/03/2025 08:58:30 PAGE 3   

 118   2      //                }     
 119   2      //      }
 120   2      //       if (DN()) 
 121   2      //        {  
 122   2      //              ResetChip() ;
 123   2      //        }
 124   2      //            DispPic( PIC_5 );
 125   2      //                      Delay_Xms(5000);
 126   2      //            yehui_UI();       //     
 127   2      //                      Delay_Xms(5000);
 128   2      //                      DispDot(0xf0,0x0f);
 129   2      //                      Delay_Xms(5000);                         
 130   2      //            DispDots( 0x33,0xcc);
 131   2      //                      Delay_Xms(5000);                                 
 132   2      //            DispFram(0x55,0xaa);
 133   2      //                      Delay_Xms(5000);                                 
 134   2      //            yehui_UI();
 135   2      //                      Delay_Xms(5000);                                 
 136   2      //            DispFram(0x55,0x55);      
 137   2      //                      Delay_Xms(5000);                                 
 138   2      //            DispFram(0xff,0x00);       
 139   2      //                      Delay_Xms(5000);                                 
 140   2      //                      DispFram(0x00,0xff);    
 141   2      //                      Delay_Xms(5000);
 142   2              
 143   2      //              -------------------------------------------------------------------------               
 144   2      //              hz_display16(0,0,0,jin); 
 145   2      //              Delay_Xms(1000);
 146   2      
 147   2      //              hz_display16(0,0,18,se); 
 148   2      //              Delay_Xms(1000);
 149   2      
 150   2      //              DispFram( 0xff,0xff );                           //全显
 151   2      //              Delay_Xms(2800);
 152   2      //              if( Change(70)==1 ) goto Start; //暂停键有动作跳转到程序的最头上
 153   2      //              push();
 154   2      //              Pause();
 155   2      
 156   2      //              DispFram( 0x00,0x00 );                     //无显
 157   2      //              Delay_Xms(2800);
 158   2      //              if( Change(70)==1 ) goto Start; //暂停键有动作跳转到程序的最头上
 159   2      //              Pause();
 160   2      
 161   2      //              ------------------------------------------------------------------      
 162   2      //              DispDot( 0xf0,0x0f );                    //大棋盘
 163   2      //              Delay_Xms(2800);
 164   2      //              if( Change(70)==1 ) goto Start; //暂停键有动作跳转到程序的最头上
 165   2      //              push();
 166   2      //              Pause();
 167   2      //              ------------------------------------------------------------------
 168   2      
 169   2      //              DispDots( 0x33,0xcc );                    //小棋盘
 170   2      //              Delay_Xms(2800);
 171   2      //              if( Change(70)==1 ) goto Start; //暂停键有动作跳转到程序的最头上
 172   2      //              push();
 173   2      //              Pause();
 174   2      //              ------------------------------------------------------------------      
 175   2      //              DispFram( 0x55,0xaa );                            //花点                
 176   2      //              Delay_Xms(2800);
 177   2      //              if( Change(70)==1 ) goto Start; //暂停键有动作跳转到程序的最头上
 178   2      //              push();
 179   2      //              Pause();
C51 COMPILER V9.60.7.0   MIAN                                                              09/03/2025 08:58:30 PAGE 4   

 180   2      
 181   2      //              DispFram( 0x55,0x55 );                                   //      横线
 182   2      //              Delay_Xms(2800);
 183   2      //              if( Change(70)==1 ) goto Start; //暂停键有动作跳转到程序的最头上
 184   2      //              push();
 185   2      //              Pause();
 186   2      
 187   2      //              DispFram( 0xaa,0xaa );                               // 横线
 188   2      //              Delay_Xms(1000);
 189   2      //              if( Change(300)==1 ) goto Start;        //暂停键有动作跳转到程序的最头上
 190   2      //              //push();
 191   2      //              Pause();
 192   2      //              -------------------------------------------------------------------------               
 193   2      //              DispFram( 0xff,0x00 );                                   //竖线 
 194   2      //              Delay_Xms(500);
 195   2      //              if( Change(70)==1 ) goto Start; //暂停键有动作跳转到程序的最头上
 196   2      //              // push();
 197   2      //              Pause();
 198   2      
 199   2      //              DispFram( 0x00,0xff );
 200   2      //              Delay_Xms(1000);
 201   2      //              if( Change(300)==1 ) goto Start;        //暂停键有动作跳转到程序的最头上
 202   2      //              push();
 203   2      //              Pause();
 204   2      //              ----------------------------------------------------------------------------     
 205   2      
 206   2      //              DispPic( PIC_1 );
 207   2      //              Delay_Xms(1000);
 208   2      //              if( Change(300)==1 ) goto Start;        //暂停键有动作跳转到程序的最头上
 209   2      //              push();
 210   2      //              Pause();        
 211   2      
 212   2      //              ST7567_WriteComd(0xa7);
 213   2      //              Delay_Xms(1000);
 214   2      //              if( Change(300)==1 ) goto Start;        //暂停键有动作跳转到程序的最头上
 215   2      //              Pause();
 216   2      
 217   2      //              ST7567_WriteComd(0xa6);
 218   2      //              Delay_Xms(1000);
 219   2      //              if( Change(300)==1 ) goto Start;        //暂停键有动作跳转到程序的最头上
 220   2      //              Pause();
 221   2      
 222   2      //              DispPic( pic12864_KH8 );
 223   2      //              Delay_Xms(500);
 224   2      //              if( Change(300)==1 ) goto Start;        //暂停键有动作跳转到程序的最头上
 225   2      //              Pause();
 226   2      
 227   2      //              DispPic1( PIC_CS );
 228   2      //              Delay_Xms(500);
 229   2      //              if( Change(50)==1 ) goto Start; //暂停键有动作跳转到程序的最头上          
 230   2      //              Pause();
 231   2      
 232   2      
 233   2      //              DispPic( PIC_5 );
 234   2      //              Delay_Xms(2800);
 235   2      //              if( Change(70)==1 ) goto Start; //暂停键有动作跳转到程序的最头上
 236   2      //              Pause();
 237   2      
 238   2      //              DispPic1( PIC_4 );
 239   2      //              Delay_Xms(600);
 240   2      //              if( Change(50)==1 ) goto Start; //暂停键有动作跳转到程序的最头上          
 241   2      
C51 COMPILER V9.60.7.0   MIAN                                                              09/03/2025 08:58:30 PAGE 5   

 242   2      
 243   2      //              DispPic( PIC_5 );
 244   2      //              Delay_Xms(2800);
 245   2      //              if( Change(50)==1 ) goto Start; //暂停键有动作跳转到程序的最头上        
 246   2      
 247   2      //              DispPic( PIC_6 );
 248   2      //              Delay_Xms(2500);
 249   2      //              if( Change(50)==1 ) goto Start; //暂停键有动作跳转到程序的最头上        
 250   2      
 251   2      //              DispPic( PIC_7 );
 252   2      //              Delay_Xms(600);
 253   2      //              if( Change(50)==1 ) goto Start; //暂停键有动作跳转到程序的最头上        
 254   2      
 255   2      //              DispPic( PIC_8 );
 256   2      //              Delay_Xms(600);
 257   2      //              if( Change(50)==1 ) goto Start; //暂停键有动作跳转到程序的最头上        
 258   2      //              /*      
 259   2      
 260   2      //              ST7567_WriteComd(0x81); //The Electronic Volume (Double Byte Command)数字电位器调节VO输出电压(也就是对
             -比度)两字节                                 0x81原来的数值
 261   2      //              ST7567_WriteComd(55);    //vop 设置
 262   2      //              DispPic( PIC_9 );       //中值
 263   2      //              Delay_Xms(600);
 264   2      //              if( Change(50)==1 ) goto Start; //暂停键有动作跳转到程序的最头上        
 265   2      //              push();
 266   2      
 267   2      //              ST7567_WriteComd(0x81); //The Electronic Volume (Double Byte Command)数字电位器调节VO输出电压(也就是对
             -比度)两字节                                 0x81原来的数值
 268   2      //              ST7567_WriteComd(57);    //vop 设置     
 269   2      //              DispPic( PIC_10 );         //上限
 270   2      //              Delay_Xms(600);
 271   2      //              if( Change(50)==1 ) goto Start; //暂停键有动作跳转到程序的最头上        
 272   2      //              push();
 273   2      
 274   2      //              ST7567_WriteComd(0x81); //The Electronic Volume (Double Byte Command)数字电位器调节VO输出电压(也就是对
             -比度)两字节                                 0x81原来的数值
 275   2      //              ST7567_WriteComd(52);    //vop 设置
 276   2      //              DispPic( PIC_11 );                //下限
 277   2      //              Delay_Xms(600);
 278   2      //              if( Change(50)==1 ) goto Start; //暂停键有动作跳转到程序的最头上        
 279   2      //              push();
 280   2      //              */
 281   2      
 282   2      
 283   2      //              DispPic( PIC_12 );
 284   2      //              Delay_Xms(600);
 285   2      //              if( Change(50)==1 ) goto Start; //暂停键有动作跳转到程序的最头上        
 286   2      
 287   2      
 288   2              }
 289   1      
 290   1      }
*** WARNING C280 IN LINE 6 OF mian.c: 'mode': unreferenced local variable


MODULE INFORMATION:   STATIC OVERLAYABLE
   CODE SIZE        =    119    ----
   CONSTANT SIZE    =   ----    ----
   XDATA SIZE       =   ----       1
   PDATA SIZE       =   ----    ----
   DATA SIZE        =   ----    ----
   IDATA SIZE       =   ----    ----
C51 COMPILER V9.60.7.0   MIAN                                                              09/03/2025 08:58:30 PAGE 6   

   BIT SIZE         =   ----    ----
END OF MODULE INFORMATION.


C51 COMPILATION COMPLETE.  1 WARNING(S),  0 ERROR(S)
