C51 COMPILER V9.60.7.0   PIC                                                               05/27/2025 11:05:25 PAGE 1   


C51 COMPILER V9.60.7.0, COMPILATION OF MODULE PIC
OBJECT MODULE PLACED IN Pic.OBJ
COMPILER INVOKED BY: D:\KEIL_STM32\C51\BIN\C51.EXE Pic.c LARGE OPTIMIZE(8,SPEED) BROWSE DEBUG OBJECTEXTEND

line level    source

   1          #define uchar unsigned char
   2          #define uint unsigned int
   3          
   4          
   5          
   6          uchar code guang[32]= 
   7          {/*-- ID:0,字符:"广",ASCII编码:B9E3,对应字:宽x高=16x16,画布:宽W=16 高H=16,共32字节*/
   8          0x00,0x00,0xff,0x05,0x05,0xf5,0x5d,0x55,0x55,0x55,0x55,0x55,0xf5,0x05,0x05,0x00,
   9          0x40,0x30,0x0f,0x80,0xa0,0x97,0xbd,0x55,0x55,0x55,0xb5,0x95,0x87,0x80,0x80,0x00,};
  10          
  11          uchar code dong[32]= 
  12          {/*-- ID:1,字符:"东",ASCII编码:B6AB,对应字:宽x高=16x16,画布:宽W=16 高H=16,共32字节*/
  13          0x00,0xfc,0x01,0x02,0x06,0x00,0x02,0x02,0x02,0x02,0x02,0x02,0x02,0xff,0x02,0x00,
  14          0x00,0xff,0x00,0x00,0x00,0x00,0x00,0x00,0x00,0x00,0x00,0x40,0x80,0x7f,0x00,0x00,};
  15          
  16          uchar code ye[32]= 
  17          {/*-- ID:2,字符:"烨",ASCII编码:ECC7,对应字:宽x高=16x16,画布:宽W=16 高H=16,共32字节*/
  18          0x10,0x10,0x10,0xff,0x90,0x50,0x04,0xe4,0x9c,0x84,0x84,0x84,0x84,0xc6,0x84,0x00,
  19          0x02,0x42,0x81,0x7f,0x04,0x02,0x01,0xff,0x40,0x40,0x40,0x40,0x40,0xff,0x00,0x00,};
  20          
  21          uchar code hui[32]= 
  22          {/*-- ID:3,字符:"辉",ASCII编码:BBD4,对应字:宽x高=16x16,画布:宽W=16 高H=16,共32字节*/
  23          0x80,0x84,0x44,0x44,0x24,0x54,0x4c,0xf7,0x4c,0x54,0x24,0x24,0x46,0xc4,0x40,0x00,
  24          0x00,0x04,0x84,0x44,0x3f,0x04,0x04,0x05,0x04,0x04,0xff,0x04,0x06,0x04,0x00,0x00,};
  25          
  26          uchar code ke[32]= 
  27          {/*-- ID:4,字符:"科",ASCII编码:BFC6,对应字:宽x高=16x16,画布:宽W=16 高H=16,共32字节*/
  28          0x24,0x24,0x24,0xa4,0xfe,0xa3,0x22,0x00,0x24,0x48,0x00,0xff,0x00,0x80,0x00,0x00,
  29          0x10,0x08,0x06,0x01,0xff,0x00,0x01,0x02,0x02,0x02,0x02,0xff,0x01,0x01,0x01,0x00,};
  30          
  31          uchar code ji[32]= 
  32          {/*-- ID:5,字符:"技",ASCII编码:BCBC,对应字:宽x高=16x16,画布:宽W=16 高H=16,共32字节*/
  33          0x10,0x10,0x10,0xff,0x10,0x10,0x88,0x88,0x88,0xff,0x88,0x88,0x8c,0x08,0x00,0x00,
  34          0x04,0x44,0x82,0x7f,0x01,0x80,0x81,0x46,0x28,0x10,0x28,0x26,0x41,0xc0,0x40,0x00,};
  35          
  36          uchar code you[32]= 
  37          {/*-- ID:6,字符:"有",ASCII编码:D3D0,对应字:宽x高=16x16,画布:宽W=16 高H=16,共32字节*/
  38          0x04,0x04,0x04,0x84,0xe4,0x3c,0x27,0x24,0x24,0x24,0x24,0xf4,0x24,0x06,0x04,0x00,
  39          0x04,0x02,0x01,0x00,0xff,0x09,0x09,0x09,0x09,0x49,0x89,0x7f,0x00,0x00,0x00,0x00,};
  40          
  41          uchar code xian[32]= 
  42          {/*-- ID:7,字符:"限",ASCII编码:CFDE,对应字:宽x高=16x16,画布:宽W=16 高H=16,共32字节*/
  43          0x00,0xfe,0x02,0x22,0xda,0x06,0x00,0xfe,0x92,0x92,0x92,0x92,0xff,0x02,0x00,0x00,
  44          0x00,0xff,0x08,0x10,0x08,0x07,0x00,0xff,0x42,0x24,0x08,0x14,0x22,0x61,0x20,0x00,};
  45          
  46          uchar code gong[32]= 
  47          {/*-- ID:8,字符:"公",ASCII编码:B9AB,对应字:宽x高=16x16,画布:宽W=16 高H=16,共32字节*/
  48          0x00,0x00,0x80,0x40,0x30,0x0c,0x00,0xc0,0x06,0x18,0x20,0x40,0x80,0x80,0x80,0x00,
  49          0x01,0x01,0x00,0x30,0x28,0x24,0x23,0x20,0x20,0x28,0x30,0x60,0x00,0x01,0x00,0x00,};
  50          
  51          uchar code si[32]= 
  52          {/*-- ID:9,字符:"司",ASCII编码:CBBE,对应字:宽x高=16x16,画布:宽W=16 高H=16,共32字节*/
  53          0x10,0x10,0x92,0x92,0x92,0x92,0x92,0x92,0xd2,0x9a,0x12,0x02,0xff,0x02,0x00,0x00,
  54          0x00,0x00,0x3f,0x10,0x10,0x10,0x10,0x10,0x3f,0x00,0x40,0x80,0x7f,0x00,0x00,0x00};
  55          
C51 COMPILER V9.60.7.0   PIC                                                               05/27/2025 11:05:25 PAGE 2   

  56          
  57          
  58          
  59          //数字
  60          
  61          uchar code one[16]= 
  62          {
  63          /*-- ID:4,字符:"1",ASCII编码:31,对应字:宽x高=8x16,画布:宽W=8 高H=16,共16字节*/
  64          0x00,0x00,0x08,0x08,0xfc,0x00,0x00,0x00,0x00,0x00,0x10,0x10,0x1f,0x10,0x10,0x00,
  65          };
  66          
  67          uchar code two[16]= 
  68          {
  69          /*-- ID:5,字符:"2",ASCII编码:32,对应字:宽x高=8x16,画布:宽W=8 高H=16,共16字节*/
  70          0x00,0x38,0x04,0x04,0x04,0x84,0x78,0x00,0x00,0x18,0x14,0x12,0x11,0x10,0x18,0x00,
  71          };
  72          
  73          uchar code three[16]= 
  74          {
  75          /*-- ID:4,字符:"3",ASCII编码:33,对应字:宽x高=8x16,画布:宽W=8 高H=16,共16字节*/
  76          0x00,0x18,0x04,0x84,0x84,0x44,0x38,0x00,0x00,0x0c,0x10,0x10,0x10,0x11,0x0e,0x00,
  77          };
  78          
  79          uchar code four[16]= 
  80          {
  81          /*-- ID:8,字符:"4",ASCII编码:34,对应字:宽x高=8x16,画布:宽W=8 高H=16,共16字节*/
  82          0x00,0x00,0xc0,0x20,0x18,0xfc,0x00,0x00,0x00,0x03,0x02,0x12,0x12,0x1f,0x12,0x12
  83          };
  84          
  85          
  86          uchar code five[16]= 
  87          {
  88          /*-- ID:0,字符:"5",ASCII编码:35,对应字:宽x高=8x16,画布:宽W=8 高H=16,共16字节*/
  89          0x00,0xfc,0x44,0x44,0x44,0x84,0x04,0x00,0x00,0x0c,0x10,0x10,0x10,0x08,0x07,0x00
  90          };
  91          
  92          uchar code six[16]= 
  93          {
  94          /*-- ID:2,字符:"6",ASCII编码:36,对应字:宽x高=8x16,画布:宽W=8 高H=16,共16字节*/
  95          0x00,0xf0,0x88,0x44,0x44,0x48,0x80,0x00,0x00,0x07,0x08,0x10,0x10,0x10,0x0f,0x00,
  96          };
  97          
  98          uchar code seven[16]= 
  99          {
 100          /*-- ID:0,字符:"7",ASCII编码:37,对应字:宽x高=8x16,画布:宽W=8 高H=16,共16字节*/
 101          0x00,0x0c,0x04,0x04,0xc4,0x34,0x0c,0x00,0x00,0x00,0x00,0x1f,0x00,0x00,0x00,0x00
 102          };
 103          
 104          uchar code eight[16]= 
 105          {
 106          /*-- ID:0,字符:"8",ASCII编码:38,对应字:宽x高=8x16,画布:宽W=8 高H=16,共16字节*/
 107          0x00,0x38,0x44,0x84,0x84,0x44,0x38,0x00,0x00,0x0e,0x11,0x10,0x10,0x11,0x0e,0x00
 108          };
 109          
 110          uchar code nine[16]= 
 111          {
 112          /*-- ID:10,字符:"9",ASCII编码:39,对应字:宽x高=8x16,画布:宽W=8 高H=16,共16字节*/
 113          0x00,0xf8,0x04,0x04,0x04,0x88,0xf0,0x00,0x00,0x00,0x09,0x11,0x11,0x08,0x07,0x00,
 114          };
 115          
 116          
 117          uchar code xing[16]= 
C51 COMPILER V9.60.7.0   PIC                                                               05/27/2025 11:05:25 PAGE 3   

 118          {
 119          /*-- ID:6,字符:"*",ASCII编码:2A,对应字:宽x高=8x16,画布:宽W=8 高H=16,共16字节*/
 120          0x20,0x20,0xc0,0xf8,0xc0,0x20,0x20,0x00,0x01,0x01,0x00,0x07,0x00,0x01,0x01,0x00,
 121          };
 122          
 123          
 124          uchar code JIA[16]= 
 125          {
 126          /*-- ID:0,字符:"+",ASCII编码:2B,对应字:宽x高=8x16,画布:宽W=8 高H=16,共16字节*/
 127          0x00,0x80,0x80,0x80,0xf0,0x80,0x80,0x80,0x00,0x00,0x00,0x00,0x07,0x00,0x00,0x00,
 128          };
 129          
 130          
 131          //字母
 132          
 133          uchar code A[16]= 
 134          {
 135          /*-- ID:5,字符:"A",ASCII编码:41,对应字:宽x高=8x16,画布:宽W=8 高H=16,共16字节*/
 136          0x00,0x00,0xe0,0x1c,0x70,0x80,0x00,0x00,0x10,0x1e,0x11,0x01,0x01,0x13,0x1c,0x10,
 137          };
 138          uchar code aa[16]= 
 139          {
 140          /*-- ID:0,字符:"a",ASCII编码:61,对应字:宽x高=8x16,画布:宽W=8 高H=16,共16字节*/
 141          0x00,0x80,0x40,0x40,0x40,0x80,0x00,0x00,0x00,0x0c,0x12,0x12,0x09,0x1f,0x10,0x00
 142          };
 143          
 144          
 145          uchar code B[16]=
 146          {
 147          /*-- ID:0,字符:"B",ASCII编码:42,对应字:宽x高=8x16,画布:宽W=8 高H=16,共16字节*/
 148          0x04,0xfc,0x44,0x44,0x44,0xb8,0x00,0x00,0x10,0x1f,0x10,0x10,0x10,0x08,0x07,0x00
 149          };
 150          
 151          uchar code bb[16]=
 152          {
 153          /*-- ID:10,字符:"b",ASCII编码:62,对应字:宽x高=8x16,画布:宽W=8 高H=16,共16字节*/
 154          0x08,0xf8,0x80,0x40,0x40,0x80,0x00,0x00,0x00,0x1f,0x08,0x10,0x10,0x08,0x07,0x00,
 155          };
 156          
 157          uchar code C[16]= 
 158          {
 159          /*-- ID:1,字符:"C",ASCII编码:43,对应字:宽x高=8x16,画布:宽W=8 高H=16,共16字节*/
 160          0xe0,0x18,0x04,0x04,0x04,0x04,0x1c,0x00,0x03,0x0c,0x10,0x10,0x10,0x08,0x04,0x00,
 161          };
 162          
 163          uchar code D[16]= 
 164          {
 165          /*-- ID:33,字符:"D",ASCII编码:44,对应字:宽x高=8x16,画布:宽W=8 高H=16,共16字节*/
 166          0x04,0xfc,0x04,0x04,0x04,0x08,0xf0,0x00,0x10,0x1f,0x10,0x10,0x10,0x08,0x07,0x00,
 167          };
 168          
 169          uchar code E[16]= 
 170          {
 171          /*-- ID:16,字符:"E",ASCII编码:45,对应字:宽x高=8x16,画布:宽W=8 高H=16,共16字节*/
 172          0x04,0xfc,0x44,0x44,0xf4,0x04,0x08,0x00,0x10,0x1f,0x10,0x10,0x11,0x10,0x0c,0x00,
 173          };
 174          
 175          uchar code ee[16]= 
 176          {
 177          /*-- ID:4,字符:"e",ASCII编码:65,对应字:宽x高=8x16,画布:宽W=8 高H=16,共16字节*/
 178          0x00,0x80,0x40,0x40,0x40,0x40,0x80,0x00,0x00,0x0f,0x12,0x12,0x12,0x12,0x0b,0x00,
 179          
C51 COMPILER V9.60.7.0   PIC                                                               05/27/2025 11:05:25 PAGE 4   

 180          };
 181          
 182          uchar code F[16]= 
 183          {
 184          /*-- ID:0,字符:"F",ASCII编码:46,对应字:宽x高=8x16,画布:宽W=8 高H=16,共16字节*/
 185          0x04,0xfc,0x44,0x44,0xf4,0x04,0x08,0x00,0x10,0x1f,0x10,0x00,0x01,0x00,0x00,0x00
 186          };
 187          
 188          
 189          uchar code G[16]= 
 190          {
 191          /*-- ID:23,字符:"G",ASCII编码:47,对应字:宽x高=8x16,画布:宽W=8 高H=16,共16字节*/
 192          0xe0,0x18,0x04,0x04,0x04,0x1c,0x00,0x00,0x03,0x0c,0x10,0x10,0x11,0x0f,0x01,0x00,
 193          };
 194          
 195          uchar code gg[16]= 
 196          {
 197          /*-- ID:0,字符:"g",ASCII编码:67,对应字:宽x高=8x16,画布:宽W=8 高H=16,共16字节*/
 198          0x00,0x80,0x40,0x40,0x40,0xc0,0x40,0x00,0x00,0x35,0x4a,0x4a,0x4a,0x49,0x30,0x00
 199          };
 200          
 201          uchar code H[16]= 
 202          {
 203          /*-- ID:18,字符:"H",ASCII编码:48,对应字:宽x高=8x16,画布:宽W=8 高H=16,共16字节*/
 204          0x04,0xfc,0x84,0x80,0x80,0x84,0xfc,0x04,0x10,0x1f,0x10,0x00,0x00,0x10,0x1f,0x10,
 205          };
 206          
 207          uchar code hh[16]= 
 208          {
 209          /*-- ID:0,字符:"h",ASCII编码:68,对应字:宽x高=8x16,画布:宽W=8 高H=16,共16字节*/
 210          0x08,0xf8,0x80,0x40,0x40,0x40,0x80,0x00,0x10,0x1f,0x10,0x00,0x00,0x10,0x1f,0x10,
 211          };
 212          
 213          uchar code I[16]= 
 214          {
 215          /*-- ID:14,字符:"I",ASCII编码:49,对应字:宽x高=8x16,画布:宽W=8 高H=16,共16字节*/
 216          0x00,0x04,0x04,0xfc,0x04,0x04,0x00,0x00,0x00,0x10,0x10,0x1f,0x10,0x10,0x00,0x00,
 217          };
 218          
 219          uchar code ii[16]= 
 220          {
 221          /*-- ID:14,字符:"I",ASCII编码:49,对应字:宽x高=8x16,画布:宽W=8 高H=16,共16字节*/
 222          0x00,0x40,0x4c,0xcc,0x00,0x00,0x00,0x00,0x00,0x10,0x10,0x1f,0x10,0x10,0x00,0x00,
 223          };
 224          
 225          uchar code J[16]= 
 226          {
 227          /*-- ID:0,字符:"J",ASCII编码:4A,对应字:宽x高=8x16,画布:宽W=8 高H=16,共16字节*/
 228          0x00,0x00,0x04,0x04,0xfc,0x04,0x04,0x00,0x60,0x40,0x40,0x40,0x3f,0x00,0x00,0x00,
 229          };
 230          
 231          uchar code K[16]= 
 232          {
 233          /*-- ID:1,字符:"K",ASCII编码:4B,对应字:宽x高=8x16,画布:宽W=8 高H=16,共16字节*/
 234          0x04,0xfc,0x44,0xe0,0x14,0x0c,0x04,0x00,0x10,0x1f,0x10,0x00,0x13,0x1c,0x10,0x00
 235          };
 236          
 237          
 238          uchar code L[16]= 
 239          {
 240          /*-- ID:31,字符:"L",ASCII编码:4C,对应字:宽x高=8x16,画布:宽W=8 高H=16,共16字节*/
 241          0x04,0xfc,0x04,0x00,0x00,0x00,0x00,0x00,0x10,0x1f,0x10,0x10,0x10,0x10,0x18,0x00,
C51 COMPILER V9.60.7.0   PIC                                                               05/27/2025 11:05:25 PAGE 5   

 242          };
 243          
 244          uchar code ll[16]= 
 245          {
 246          /*-- ID:0,字符:"l",ASCII编码:6C,对应字:宽x高=8x16,画布:宽W=8 高H=16,共16字节*/
 247          0x00,0x08,0x08,0xfc,0x00,0x00,0x00,0x00,0x00,0x10,0x10,0x1f,0x10,0x10,0x00,0x00
 248          };
 249          
 250          uchar code M[16]= 
 251          {
 252          /*-- ID:2,字符:"M",ASCII编码:4D,对应字:宽x高=8x16,画布:宽W=8 高H=16,共16字节*/
 253          0x04,0xfc,0xfc,0x00,0xfc,0xfc,0x04,0x00,0x10,0x1f,0x00,0x1f,0x00,0x1f,0x10,0x00,
 254          };
 255          
 256          uchar code mm[16]= 
 257          {
 258          /*-- ID:3,字符:"m",ASCII编码:6D,对应字:宽x高=8x16,画布:宽W=8 高H=16,共16字节*/
 259          0x40,0xc0,0x40,0x40,0xc0,0x40,0x40,0x80,0x10,0x1f,0x10,0x00,0x1f,0x10,0x00,0x1f,
 260          };
 261          
 262          
 263          uchar code N[16]= 
 264          {
 265          /*-- ID:3,字符:"N",ASCII编码:4E,对应字:宽x高=8x16,画布:宽W=8 高H=16,共16字节*/
 266          0x04,0xfc,0x18,0x60,0x80,0x04,0xfc,0x04,0x10,0x1f,0x10,0x00,0x03,0x0c,0x1f,0x00,
 267          };
 268          
 269          uchar code nn[16]= 
 270          {
 271          /*-- ID:5,字符:"n",ASCII编码:6E,对应字:宽x高=8x16,画布:宽W=8 高H=16,共16字节*/
 272          0x40,0xc0,0x80,0x40,0x40,0x40,0x80,0x00,0x10,0x1f,0x10,0x00,0x00,0x10,0x1f,0x10,
 273          };
 274          
 275          uchar code O[16]= 
 276          {
 277          /*-- ID:6,字符:"O",ASCII编码:4F,对应字:宽x高=8x16,画布:宽W=8 高H=16,共16字节*/
 278          0xf0,0x08,0x04,0x04,0x04,0x08,0xf0,0x00,0x07,0x08,0x10,0x10,0x10,0x08,0x07,0x00,
 279          };
 280          
 281          uchar code oo[16]= 
 282          {
 283          /*-- ID:9,字符:"o",ASCII编码:6F,对应字:宽x高=8x16,画布:宽W=8 高H=16,共16字节*/
 284          0x00,0x80,0x40,0x40,0x40,0x40,0x80,0x00,0x00,0x0f,0x10,0x10,0x10,0x10,0x0f,0x00,
 285          };
 286          
 287          uchar code P[16]= 
 288          {
 289          /*-- ID:0,字符:"P",ASCII编码:50,对应字:宽x高=8x16,画布:宽W=8 高H=16,共16字节*/
 290          0x04,0xfc,0x84,0x84,0x84,0x84,0x78,0x00,0x10,0x1f,0x10,0x00,0x00,0x00,0x00,0x00
 291          };
 292          uchar code pp[16]= 
 293          {
 294          /*-- ID:6,字符:"p",ASCII编码:70,对应字:宽x高=8x16,画布:宽W=8 高H=16,共16字节*/
 295          0x40,0xc0,0x80,0x40,0x40,0x80,0x00,0x00,0x40,0x7f,0x48,0x10,0x10,0x08,0x07,0x00,
 296          };
 297          uchar code Q[16]= 
 298          {
 299          /*-- ID:0,字符:"Q",ASCII编码:51,对应字:宽x高=8x16,画布:宽W=8 高H=16,共16字节*/
 300          0xf0,0x08,0x04,0x04,0x04,0x08,0xf0,0x00,0x07,0x08,0x14,0x14,0x18,0x28,0x27,0x00,
 301          };
 302          
 303          uchar code R[16]= 
C51 COMPILER V9.60.7.0   PIC                                                               05/27/2025 11:05:25 PAGE 6   

 304          {
 305          /*-- ID:1,字符:"R",ASCII编码:52,对应字:宽x高=8x16,画布:宽W=8 高H=16,共16字节*/
 306          0x04,0xfc,0x44,0x44,0xc4,0x44,0x38,0x00,0x10,0x1f,0x10,0x00,0x01,0x06,0x18,0x10
 307          };
 308          
 309          uchar code S[16]= 
 310          {
 311          /*-- ID:0,字符:"S",ASCII编码:53,对应字:宽x高=8x16,画布:宽W=8 高H=16,共16字节*/
 312          0x00,0x38,0x44,0x84,0x84,0x04,0x1c,0x00,0x00,0x1c,0x10,0x10,0x10,0x11,0x0e,0x00
 313          };
 314          
 315          uchar code T[16]= 
 316          {
 317          /*-- ID:15,字符:"T",ASCII编码:54,对应字:宽x高=8x16,画布:宽W=8 高H=16,共16字节*/
 318          0x0c,0x04,0x04,0xfc,0x04,0x04,0x0c,0x00,0x00,0x00,0x10,0x1f,0x10,0x00,0x00,0x00,
 319          };
 320          uchar code tt[16]= 
 321          {
 322          /*-- ID:3,字符:"t",ASCII编码:74,对应字:宽x高=8x16,画布:宽W=8 高H=16,共16字节*/
 323          0x00,0x40,0x40,0xf0,0x40,0x40,0x00,0x00,0x00,0x00,0x00,0x0f,0x10,0x10,0x08,0x00,
 324          };
 325          
 326          uchar code U[16]= 
 327          {
 328          /*-- ID:13,字符:"U",ASCII编码:55,对应字:宽x高=8x16,画布:宽W=8 高H=16,共16字节*/
 329          0x04,0xfc,0x04,0x00,0x00,0x04,0xfc,0x04,0x00,0x0f,0x10,0x10,0x10,0x10,0x0f,0x00,
 330          };
 331          
 332          uchar code uu[16]= 
 333          {
 334          /*-- ID:8,字符:"u",ASCII编码:75,对应字:宽x高=8x16,画布:宽W=8 高H=16,共16字节*/
 335          0x40,0xc0,0x00,0x00,0x00,0x40,0xc0,0x00,0x00,0x0f,0x10,0x10,0x10,0x08,0x1f,0x10,
 336          };
 337          
 338          uchar code V[16]= 
 339          {
 340          /*-- ID:0,字符:"V",ASCII编码:56,对应字:宽x高=8x16,画布:宽W=8 高H=16,共16字节*/
 341          0x04,0x3c,0xc4,0x00,0x00,0xe4,0x1c,0x04,0x00,0x00,0x03,0x1c,0x07,0x00,0x00,0x00
 342          };
 343          
 344          
 345          uchar code W[16]= 
 346          {
 347          /*-- ID:0,字符:"W",ASCII编码:57,对应字:宽x高=8x16,画布:宽W=8 高H=16,共16字节*/
 348          0x04,0xfc,0x00,0xfc,0x00,0xfc,0x04,0x00,0x00,0x01,0x1f,0x00,0x1f,0x01,0x00,0x00,
 349          };
 350          
 351          
 352          uchar code X[16]= 
 353          {
 354          /*-- ID:0,字符:"X",ASCII编码:58,对应字:宽x高=8x16,画布:宽W=8 高H=16,共16字节*/
 355          0x04,0x0c,0x34,0xc0,0xc0,0x34,0x0c,0x04,0x10,0x18,0x16,0x01,0x01,0x16,0x18,0x10,
 356          };
 357          
 358          uchar code Y[16]= 
 359          {
 360          /*-- ID:10,字符:"Y",ASCII编码:59,对应字:宽x高=8x16,画布:宽W=8 高H=16,共16字节*/
 361          0x04,0x1c,0x64,0x80,0x64,0x1c,0x04,0x00,0x00,0x00,0x10,0x1f,0x10,0x00,0x00,0x00,
 362          };
 363          
 364          uchar code yy[16]= 
 365          {
C51 COMPILER V9.60.7.0   PIC                                                               05/27/2025 11:05:25 PAGE 7   

 366          /*-- ID:0,字符:"y",ASCII编码:79,对应字:宽x高=8x16,画布:宽W=8 高H=16,共16字节*/
 367          0x40,0xc0,0x40,0x00,0x00,0x40,0xc0,0x40,0x00,0x40,0x43,0x3c,0x0c,0x03,0x00,0x00
 368          };
 369          
 370          uchar code Z[16]= 
 371          {
 372          /*-- ID:1,字符:"Z",ASCII编码:5A,对应字:宽x高=8x16,画布:宽W=8 高H=16,共16字节*/
 373          0x08,0x04,0x04,0x84,0x64,0x1c,0x04,0x00,0x10,0x1c,0x13,0x10,0x10,0x10,0x0c,0x00
 374          };
 375          
 376          
 377          
 378          
 379          uchar code KG[16]= 
 380          {
 381          /*-- ID:30,字符:" ",ASCII编码:20,对应字:宽x高=8x16,画布:宽W=8 高H=16,共16字节*/
 382          0x00,0x00,0x00,0x00,0x00,0x00,0x00,0x00,0x00,0x00,0x00,0x00,0x00,0x00,0x00,0x00,
 383          };
 384          
 385          uchar code DH[16]= 
 386          {
 387          /*-- ID:29,字符:",",ASCII编码:2C,对应字:宽x高=8x16,画布:宽W=8 高H=16,共16字节*/
 388          0x00,0x00,0x00,0x00,0x00,0x00,0x00,0x00,0x00,0x48,0x38,0x00,0x00,0x00,0x00,0x00,
 389          };
 390          
 391          uchar code DIAN[16]= 
 392          {
 393          /*-- ID:34,字符:".",ASCII编码:2E,对应字:宽x高=8x16,画布:宽W=8 高H=16,共16字节*/
 394          0x00,0x00,0x00,0x00,0x00,0x00,0x00,0x00,0x00,0x18,0x18,0x00,0x00,0x00,0x00,0x00
 395          };
 396          
 397          unsigned char code num[][16]=
 398          {
 399          {0x00,0x07,0x08,0x10,0x10,0x08,0x07,0x00,
 400          0x00,0xF0,0x08,0x04,0x04,0x08,0xF0,0x00},/*"0",0*/
 401          
 402          {0x00,0x08,0x08,0x1F,0x00,0x00,0x00,0x00,
 403          0x00,0x04,0x04,0xFC,0x04,0x04,0x00,0x00},/*"1",1*/
 404          
 405          {0x00,0x0E,0x10,0x10,0x10,0x11,0x0E,0x00,
 406          0x00,0x0C,0x14,0x24,0x44,0x84,0x0C,0x00},/*"2",2*/
 407          
 408          {0x00,0x0C,0x10,0x11,0x11,0x12,0x0C,0x00,
 409          0x00,0x18,0x04,0x04,0x04,0x88,0x70,0x00},/*"3",3*/
 410          
 411          {0x00,0x00,0x03,0x04,0x08,0x1F,0x00,0x00,
 412          0x00,0xE0,0x20,0x24,0x24,0xFC,0x24,0x00},/*"4",4*/
 413          
 414          {0x00,0x1F,0x10,0x11,0x11,0x10,0x10,0x00,
 415          0x00,0x98,0x84,0x04,0x04,0x88,0x70,0x00},/*"5",5*/
 416          
 417          {0x00,0x07,0x08,0x11,0x11,0x18,0x00,0x00,
 418          0x00,0xF0,0x88,0x04,0x04,0x88,0x70,0x00},/*"6",6*/
 419          
 420          {0x00,0x1C,0x10,0x10,0x13,0x1C,0x10,0x00,
 421          0x00,0x00,0x00,0xFC,0x00,0x00,0x00,0x00},/*"7",7*/
 422          
 423          {0x00,0x0E,0x11,0x10,0x10,0x11,0x0E,0x00,
 424          0x00,0x38,0x44,0x84,0x84,0x44,0x38,0x00},/*"8",8*/
 425          
 426          {0x00,0x07,0x08,0x10,0x10,0x08,0x07,0x00,
 427          0x00,0x00,0x8C,0x44,0x44,0x88,0xF0,0x00},/*"9",9*/
C51 COMPILER V9.60.7.0   PIC                                                               05/27/2025 11:05:25 PAGE 8   

 428          };
 429          
 430          unsigned char code PIC_99[]=
 431          {
 432            /*-[数据排列]:从左到右从上到下 [取模方式]:纵向8点下高位 [正负反色]:否
 433          图像尺寸:132x64 画布尺寸:132x64，共1056个字节-*/
 434          0xff,0x01,0x01,0x01,0x01,0x01,0x01,0x01,0x01,0x01,0x01,0x01,0x01,0x01,0x01,0x01,
 435          0x01,0x01,0x01,0x01,0x01,0x01,0x01,0x01,0x01,0x01,0x01,0x01,0x01,0x01,0x01,0x01,
 436          0x01,0x01,0x01,0x01,0x01,0x01,0x01,0x01,0x01,0x01,0x01,0x01,0x01,0x01,0x01,0x01,
 437          0x01,0x01,0x01,0x01,0x01,0x01,0x01,0x01,0x01,0x01,0x01,0x01,0x01,0x01,0x01,0x01,
 438          0x01,0x01,0x01,0x01,0x01,0x01,0x01,0x01,0x01,0x01,0x01,0x01,0x01,0x01,0x01,0x01,
 439          0x01,0x01,0x01,0x01,0x01,0x01,0x01,0x01,0x01,0x01,0x01,0x01,0x01,0x01,0x01,0x01,
 440          0x01,0x01,0x01,0x01,0x01,0x01,0x01,0x01,0x01,0x01,0x01,0x01,0x01,0x01,0x01,0x01,
 441          0x01,0x01,0x01,0x01,0x01,0x01,0x01,0x01,0x01,0x01,0x01,0x01,0x01,0x01,0x01,0x01,
 442          0x01,0x01,0x01,0xff,0xff,0x00,0x00,0x00,0x00,0x00,0x00,0x00,0x00,0x00,0x00,0x00,
 443          0x00,0x00,0x00,0x00,0x00,0x00,0x00,0x00,0x00,0x00,0x00,0x00,0x00,0x00,0x00,0x00,
 444          0x00,0x00,0x00,0x00,0x00,0x00,0x00,0x00,0x00,0x00,0x00,0x00,0x00,0x00,0x00,0x00,
 445          0x00,0x00,0x00,0x00,0x00,0x00,0x00,0x00,0x00,0x00,0x00,0x00,0x00,0x00,0x00,0x00,
 446          0x00,0x00,0x00,0x00,0x00,0x00,0x00,0x00,0x00,0x00,0x00,0x00,0x00,0x00,0x00,0x00,
 447          0x00,0x00,0x00,0x00,0x00,0x00,0x00,0x00,0x00,0x00,0x00,0x00,0x00,0x00,0x00,0x00,
 448          0x00,0x00,0x00,0x00,0x00,0x00,0x00,0x00,0x00,0x00,0x00,0x00,0x00,0x00,0x00,0x00,
 449          0x00,0x00,0x00,0x00,0x00,0x00,0x00,0x00,0x00,0x00,0x00,0x00,0x00,0x00,0x00,0x00,
 450          0x00,0x00,0x00,0x00,0x00,0x00,0x00,0xff,0xff,0x00,0x00,0x00,0x00,0x00,0x00,0x00,
 451          0x00,0x00,0x00,0x00,0x00,0x00,0x00,0x00,0x00,0x00,0x00,0x00,0x00,0x00,0x00,0x00,
 452          0x00,0x00,0x00,0x00,0x00,0x00,0x00,0x00,0x00,0x00,0x00,0x00,0x00,0x00,0x00,0x00,
 453          0x00,0x00,0x00,0x00,0x00,0x00,0x00,0x00,0x00,0x00,0x00,0x00,0x00,0x00,0x00,0x00,
 454          0x00,0x00,0x00,0x00,0x00,0x00,0x00,0x00,0x00,0x00,0x00,0x00,0x00,0x00,0x00,0x00,
 455          0x00,0x00,0x00,0x00,0x00,0x00,0x00,0x00,0x00,0x00,0x00,0x00,0x00,0x00,0x00,0x00,
 456          0x00,0x00,0x00,0x00,0x00,0x00,0x00,0x00,0x00,0x00,0x00,0x00,0x00,0x00,0x00,0x00,
 457          0x00,0x00,0x00,0x00,0x00,0x00,0x00,0x00,0x00,0x00,0x00,0x00,0x00,0x00,0x00,0x00,
 458          0x00,0x00,0x00,0x00,0x00,0x00,0x00,0x00,0x00,0x00,0x00,0xff,0xff,0x00,0x00,0x00,
 459          0x00,0x00,0x00,0x00,0x00,0x00,0x00,0x00,0x00,0x00,0x00,0x00,0x00,0x00,0x00,0x00,
 460          0x00,0x00,0x00,0x00,0x00,0x00,0x00,0x00,0x00,0x00,0x00,0x00,0x00,0x00,0x00,0x00,
 461          0x00,0x00,0x00,0x00,0x00,0x00,0x00,0x00,0x00,0x00,0x00,0x00,0x00,0x00,0x00,0x00,
 462          0x00,0x00,0x00,0x00,0x00,0x00,0x00,0x00,0x00,0x00,0x00,0x00,0x00,0x00,0x00,0x00,
 463          0x00,0x00,0x00,0x00,0x00,0x00,0x00,0x00,0x00,0x00,0x00,0x00,0x00,0x00,0x00,0x00,
 464          0x00,0x00,0x00,0x00,0x00,0x00,0x00,0x00,0x00,0x00,0x00,0x00,0x00,0x00,0x00,0x00,
 465          0x00,0x00,0x00,0x00,0x00,0x00,0x00,0x00,0x00,0x00,0x00,0x00,0x00,0x00,0x00,0x00,
 466          0x00,0x00,0x00,0x00,0x00,0x00,0x00,0x00,0x00,0x00,0x00,0x00,0x00,0x00,0x00,0xff,
 467          0xff,0x00,0x00,0x00,0x00,0x00,0x00,0x00,0x00,0x00,0x00,0x00,0x00,0x00,0x00,0x00,
 468          0x00,0x00,0x00,0x00,0x00,0x00,0x00,0x00,0x00,0x00,0x00,0x00,0x00,0x00,0x00,0x00,
 469          0x00,0x00,0x00,0x00,0x00,0x00,0x00,0x00,0x00,0x00,0x00,0x00,0x00,0x00,0x00,0x00,
 470          0x00,0x00,0x00,0x00,0x00,0x00,0x00,0x00,0x00,0x00,0x00,0x00,0x00,0x00,0x00,0x00,
 471          0x00,0x00,0x00,0x00,0x00,0x00,0x00,0x00,0x00,0x00,0x00,0x00,0x00,0x00,0x00,0x00,
 472          0x00,0x00,0x00,0x00,0x00,0x00,0x00,0x00,0x00,0x00,0x00,0x00,0x00,0x00,0x00,0x00,
 473          0x00,0x00,0x00,0x00,0x00,0x00,0x00,0x00,0x00,0x00,0x00,0x00,0x00,0x00,0x00,0x00,
 474          0x00,0x00,0x00,0x00,0x00,0x00,0x00,0x00,0x00,0x00,0x00,0x00,0x00,0x00,0x00,0x00,
 475          0x00,0x00,0x00,0xff,0xff,0x00,0x00,0x00,0x00,0x00,0x00,0x00,0x00,0x00,0x00,0x00,
 476          0x00,0x00,0x00,0x00,0x00,0x00,0x00,0x00,0x00,0x00,0x00,0x00,0x00,0x00,0x00,0x00,
 477          0x00,0x00,0x00,0x00,0x00,0x00,0x00,0x00,0x00,0x00,0x00,0x00,0x00,0x00,0x00,0x00,
 478          0x00,0x00,0x00,0x00,0x00,0x00,0x00,0x00,0x00,0x00,0x00,0x00,0x00,0x00,0x00,0x00,
 479          0x00,0x00,0x00,0x00,0x00,0x00,0x00,0x00,0x00,0x00,0x00,0x00,0x00,0x00,0x00,0x00,
 480          0x00,0x00,0x00,0x00,0x00,0x00,0x00,0x00,0x00,0x00,0x00,0x00,0x00,0x00,0x00,0x00,
 481          0x00,0x00,0x00,0x00,0x00,0x00,0x00,0x00,0x00,0x00,0x00,0x00,0x00,0x00,0x00,0x00,
 482          0x00,0x00,0x00,0x00,0x00,0x00,0x00,0x00,0x00,0x00,0x00,0x00,0x00,0x00,0x00,0x00,
 483          0x00,0x00,0x00,0x00,0x00,0x00,0x00,0xff,0xff,0x00,0x00,0x00,0x00,0x00,0x00,0x00,
 484          0x00,0x00,0x00,0x00,0x00,0x00,0x00,0x00,0x00,0x00,0x00,0x00,0x00,0x00,0x00,0x00,
 485          0x00,0x00,0x00,0x00,0x00,0x00,0x00,0x00,0x00,0x00,0x00,0x00,0x00,0x00,0x00,0x00,
 486          0x00,0x00,0x00,0x00,0x00,0x00,0x00,0x00,0x00,0x00,0x00,0x00,0x00,0x00,0x00,0x00,
 487          0x00,0x00,0x00,0x00,0x00,0x00,0x00,0x00,0x00,0x00,0x00,0x00,0x00,0x00,0x00,0x00,
 488          0x00,0x00,0x00,0x00,0x00,0x00,0x00,0x00,0x00,0x00,0x00,0x00,0x00,0x00,0x00,0x00,
 489          0x00,0x00,0x00,0x00,0x00,0x00,0x00,0x00,0x00,0x00,0x00,0x00,0x00,0x00,0x00,0x00,
C51 COMPILER V9.60.7.0   PIC                                                               05/27/2025 11:05:25 PAGE 9   

 490          0x00,0x00,0x00,0x00,0x00,0x00,0x00,0x00,0x00,0x00,0x00,0x00,0x00,0x00,0x00,0x00,
 491          0x00,0x00,0x00,0x00,0x00,0x00,0x00,0x00,0x00,0x00,0x00,0xff,0xff,0x80,0x80,0x80,
 492          0x80,0x80,0x80,0x80,0x80,0x80,0x80,0x80,0x80,0x80,0x80,0x80,0x80,0x80,0x80,0x80,
 493          0x80,0x80,0x80,0x80,0x80,0x80,0x80,0x80,0x80,0x80,0x80,0x80,0x80,0x80,0x80,0x80,
 494          0x80,0x80,0x80,0x80,0x80,0x80,0x80,0x80,0x80,0x80,0x80,0x80,0x80,0x80,0x80,0x80,
 495          0x80,0x80,0x80,0x80,0x80,0x80,0x80,0x80,0x80,0x80,0x80,0x80,0x80,0x80,0x80,0x80,
 496          0x80,0x80,0x80,0x80,0x80,0x80,0x80,0x80,0x80,0x80,0x80,0x80,0x80,0x80,0x80,0x80,
 497          0x80,0x80,0x80,0x80,0x80,0x80,0x80,0x80,0x80,0x80,0x80,0x80,0x80,0x80,0x80,0x80,
 498          0x80,0x80,0x80,0x80,0x80,0x80,0x80,0x80,0x80,0x80,0x80,0x80,0x80,0x80,0x80,0x80,
 499          0x80,0x80,0x80,0x80,0x80,0x80,0x80,0x80,0x80,0x80,0x80,0x80,0x80,0x80,0x80,0xff
 500          };
 501          
 502          unsigned char code PIC_5[]=
 503          {
 504          /*-[数据排列]:从左到右从上到下 [取模方式]:纵向8点下高位 [正负反色]:否
 505          图像尺寸:132x64 画布尺寸:132x64，共1056个字节-*/
 506          0x00,0x00,0x00,0x00,0x00,0x00,0x00,0x00,0x00,0x00,0x00,0x00,0x00,0x00,0x00,0x00,
 507          0x00,0x00,0x00,0x00,0x00,0x00,0x00,0x00,0x00,0x00,0x00,0x00,0x00,0x00,0x00,0x00,
 508          0x00,0x00,0x00,0x00,0x00,0x00,0x00,0x80,0xc0,0xc0,0xe0,0xe0,0xf0,0xf0,0xf0,0xf8,
 509          0xf8,0xf8,0xfc,0xfc,0xfc,0xfe,0xfe,0xfe,0xfe,0xfe,0xfe,0xfe,0xfe,0xfe,0x7c,0x7c,
 510          0x38,0x00,0x00,0x00,0x00,0x00,0x00,0x00,0x00,0x80,0x00,0x00,0x40,0x40,0x00,0x00,
 511          0x00,0x00,0x20,0x20,0x00,0x00,0x00,0x00,0x00,0x00,0x00,0x10,0x10,0x10,0x10,0x10,
 512          0x10,0x10,0x10,0x10,0x10,0x10,0x00,0x10,0x00,0x00,0x00,0x00,0x00,0x00,0x20,0x20,
 513          0x20,0x00,0x00,0x00,0x40,0x40,0x00,0x00,0x80,0x00,0x00,0x00,0x00,0x00,0x00,0x00,
 514          0x00,0x00,0x00,0x00,0x00,0x00,0x00,0x00,0x00,0x00,0x00,0x00,0x00,0x00,0x00,0x00,
 515          0x00,0x00,0x00,0x00,0x00,0x00,0x00,0x00,0x00,0x00,0x00,0x00,0x00,0x00,0x00,0x00,
 516          0x00,0x80,0xc0,0xe0,0xf0,0xf8,0xfc,0xfe,0xfe,0xff,0xff,0xff,0xff,0xff,0xff,0xff,
 517          0xff,0xff,0xff,0x7f,0x7f,0x3f,0x1f,0x0f,0x0f,0x07,0x07,0x03,0x03,0x01,0x21,0x01,
 518          0x10,0x00,0x08,0x00,0x04,0x00,0x82,0x00,0x40,0x00,0x00,0x00,0x00,0x00,0x10,0x00,
 519          0x00,0x00,0x08,0x00,0x00,0x00,0x04,0x04,0x00,0x00,0x00,0x00,0x00,0x00,0x00,0x00,
 520          0x00,0x00,0x00,0x00,0x00,0x00,0x00,0x00,0x00,0x00,0x00,0x00,0x00,0x00,0x00,0x04,
 521          0x00,0x00,0x00,0x00,0x00,0x00,0x08,0x08,0x08,0x08,0x00,0x04,0x00,0x01,0x00,0x00,
 522          0x00,0x00,0x00,0x00,0x00,0x00,0x00,0x00,0x00,0x00,0x00,0xc0,0xf0,0xf0,0xf8,0xf8,
 523          0xfc,0xfc,0xfc,0xfc,0xfc,0xfc,0xfc,0xfc,0xf8,0xf8,0xf8,0xf8,0xf0,0xf0,0xe0,0x00,
 524          0x00,0x00,0xe0,0xfc,0xff,0xff,0xff,0xff,0xff,0xff,0xff,0xff,0xff,0xff,0xff,0xff,
 525          0xff,0x7f,0x1f,0x0f,0x03,0x01,0x00,0x00,0x00,0x00,0x00,0x00,0x04,0x02,0x01,0x00,
 526          0x00,0x00,0x00,0x08,0x00,0x00,0x00,0x00,0x01,0x00,0x00,0x00,0x00,0x30,0x30,0x30,
 527          0x30,0x30,0x30,0x30,0x30,0x30,0x30,0xf0,0xf0,0xf0,0xf0,0xf0,0xf0,0xf0,0xf0,0xf0,
 528          0xf0,0xf0,0x30,0x30,0x30,0x30,0x30,0x30,0x30,0x30,0x30,0x00,0x00,0x00,0x00,0x00,
 529          0xf0,0xf0,0xf0,0xf0,0xf0,0xf0,0xf0,0xf0,0xf0,0x30,0x30,0x30,0x30,0x30,0x30,0x30,
 530          0xf0,0xf0,0xf0,0xf0,0xf0,0xf0,0xf0,0xf0,0xe0,0xa0,0x00,0x00,0x00,0xf8,0xff,0xff,
 531          0xff,0xff,0xff,0xff,0xff,0xff,0xff,0xff,0xff,0xff,0xff,0xff,0xff,0xff,0xff,0xff,
 532          0xff,0xff,0x01,0x00,0x00,0x00,0x1f,0xff,0xff,0xff,0xff,0xff,0xff,0xff,0xff,0xff,
 533          0xff,0xff,0xff,0xff,0x03,0x00,0x00,0x00,0x00,0x00,0x00,0x00,0x20,0x00,0x00,0x00,
 534          0x00,0x00,0x00,0x00,0x00,0x00,0x00,0x00,0x00,0x00,0x00,0x00,0x00,0x00,0x00,0x00,
 535          0x00,0x00,0x00,0x00,0x00,0x00,0x00,0x00,0x00,0x00,0x00,0xff,0xff,0xff,0xff,0xff,
 536          0xff,0xff,0xff,0xff,0xff,0xff,0x00,0x00,0x00,0x00,0x00,0x00,0x00,0x00,0x00,0x00,
 537          0x00,0x00,0x00,0x00,0xff,0xff,0xff,0xff,0xff,0xff,0xff,0xff,0xff,0x40,0x40,0x40,
 538          0x40,0x40,0x40,0x40,0xff,0xff,0xff,0xff,0xff,0xff,0xff,0xbf,0x1f,0x0f,0x00,0x00,
 539          0x00,0x03,0x1f,0x7f,0xff,0xff,0xff,0xff,0xff,0xff,0xff,0xff,0xff,0xff,0xff,0xff,
 540          0xff,0xff,0xff,0xff,0xff,0xff,0xfc,0xe0,0xc0,0x00,0x00,0x01,0x03,0x0f,0x1f,0x3f,
 541          0x7f,0xff,0xff,0xff,0xff,0xff,0xff,0xff,0xff,0xfc,0xf0,0xc0,0x80,0x00,0x00,0x00,
 542          0x00,0x02,0x00,0x10,0x20,0x40,0x80,0x00,0x00,0x00,0x00,0x00,0x00,0x00,0x00,0x00,
 543          0x00,0x00,0x00,0x00,0x00,0x00,0x00,0x00,0x00,0x00,0x00,0x00,0x00,0x00,0x00,0xff,
 544          0xff,0xff,0xff,0xff,0xff,0xff,0xff,0xff,0xff,0xff,0x00,0x00,0x00,0x00,0x00,0x00,
 545          0x00,0x00,0x00,0x00,0x00,0x00,0x00,0x00,0xff,0xff,0xff,0xff,0xff,0xff,0xff,0xff,
 546          0xff,0x80,0x80,0x80,0x80,0x80,0x80,0x80,0xff,0xff,0xff,0xff,0xff,0xff,0xff,0xff,
 547          0xff,0x7f,0x00,0x00,0x00,0x00,0x00,0x00,0x00,0x03,0x07,0x0f,0x1f,0x3f,0x3f,0x7f,
 548          0xff,0xff,0xff,0xff,0xff,0xff,0xff,0xff,0xff,0xff,0xff,0xff,0xff,0xff,0xfe,0xfc,
 549          0xf8,0xf0,0xe0,0xe0,0xc0,0x80,0x81,0x01,0x03,0x07,0x07,0x0f,0x1f,0x1f,0x3f,0x3f,
 550          0x7f,0x7f,0xfe,0xfc,0xfc,0xf8,0xf0,0xf0,0xe0,0xc0,0xc0,0x81,0x80,0x00,0x00,0x00,
 551          0x00,0x00,0x00,0x00,0x00,0x00,0x00,0x00,0x00,0x00,0x00,0x00,0x00,0x00,0x00,0x00,
C51 COMPILER V9.60.7.0   PIC                                                               05/27/2025 11:05:25 PAGE 10  

 552          0x00,0x00,0x00,0x01,0x01,0x01,0x01,0x01,0x01,0x01,0x01,0x01,0x01,0x01,0x00,0x00,
 553          0x00,0x00,0x00,0x00,0x00,0x00,0x00,0x00,0x00,0x00,0x00,0x00,0x00,0x00,0x00,0x00,
 554          0x00,0x00,0x00,0x00,0x00,0x00,0x00,0x00,0x00,0x00,0x00,0x00,0x00,0x00,0x00,0x00,
 555          0x00,0x00,0x00,0x00,0x00,0x00,0x00,0x00,0x00,0x00,0x00,0x00,0x00,0x00,0x00,0x00,
 556          0x00,0x00,0x00,0x00,0x00,0x01,0x01,0x03,0x07,0x07,0x0f,0x0f,0x1f,0x1f,0x3f,0x3f,
 557          0x7f,0x7f,0x7f,0xff,0xff,0xff,0xff,0xff,0xff,0xff,0xff,0xff,0xfe,0xfe,0xfc,0xfc,
 558          0xf8,0xf8,0xf0,0xf0,0xe0,0xe0,0xe0,0xc0,0xc1,0xc1,0x81,0x83,0x83,0x03,0x07,0x07,
 559          0x07,0x07,0x0f,0x0e,0x0e,0x0e,0x0c,0x1c,0x1c,0x18,0x18,0x18,0x18,0x30,0x30,0x30,
 560          0x30,0x20,0x20,0x20,0x20,0x20,0x20,0x20,0x20,0x20,0x40,0x40,0x40,0x00,0x00,0x00,
 561          0x00,0x00,0x00,0x00,0x00,0x00,0x00,0x00,0x00,0x00,0x00,0x00,0x00,0x00,0x00,0x00,
 562          0x00,0x00,0x00,0x00,0x00,0x00,0x00,0x00,0x00,0x00,0x00,0x80,0x80,0x80,0x80,0xc0,
 563          0x40,0x40,0x60,0x20,0x20,0x10,0x10,0x08,0x08,0x00,0x00,0x00,0x00,0x00,0x00,0x00,
 564          0x00,0x00,0x00,0x00,0x00,0x00,0x00,0x00,0x00,0x00,0x00,0x00,0x00,0x00,0x00,0x00,
 565          0x00,0x00,0x00,0x00,0x00,0x00,0x00,0x00,0x00,0x01,0x01,0x01,0x03,0x03,0x03,0x07,
 566          0x07,0x07,0x07,0x0f,0x0f,0x0f,0x0f,0x1f,0x1f,0x1f,0x1f,0x1f,0x3f,0x3f,0x3f,0x3f,
 567          0x3f,0x3f,0x3f,0x7f,0x7f,0x7f,0x7e,0x7e,0x7e,0x7e,0x7e,0x7c,0x7c,0x7c,0x7c,0x7c,
 568          0x7c,0xfc,0xf8,0xf8,0xf8,0xf8,0xf8,0xf8,0x78,0x78,0x78,0x78,0x78,0x78,0x78,0x78,
 569          0x78,0x78,0x78,0x78,0x78,0x78,0x78,0x38,0x38,0x38,0x38,0x38,0x38,0x18,0x18,0x18,
 570          0x1c,0x1c,0x0c,0x0c,0x0c,0x0c,0x0c,0x06,0x06,0x06,0x06,0x03,0x03,0x03,0x01,0x01,
 571          0x01,0x00,0x00,0x00,0x00,0x00,0x00,0x00,0x00,0x00,0x00,0x00,0x00,0x00,0x00,0x00
 572          
 573          };
 574          
 575          
 576          //0~9,ASCII码数组
 577          unsigned char code ASC[10*16]=
 578          {
 579          0x00,0xE0,0x10,0x08,0x08,0x10,0xE0,0x00,0x00,0x07,0x08,0x10,0x10,0x08,0x07,0x00,/*"016"*/
 580          0x00,0x10,0x10,0xF8,0x00,0x00,0x00,0x00,0x00,0x10,0x10,0x1F,0x10,0x10,0x00,0x00,/*"117"*/
 581          0x00,0x30,0x08,0x08,0x08,0x88,0x70,0x00,0x00,0x18,0x14,0x12,0x11,0x10,0x18,0x00,/*"218"*/
 582          0x00,0x30,0x08,0x88,0x88,0x48,0x30,0x00,0x00,0x0C,0x10,0x10,0x10,0x11,0x0E,0x00,/*"319"*/
 583          0x00,0x80,0x40,0x20,0xF8,0x00,0x00,0x00,0x00,0x03,0x02,0x12,0x1F,0x12,0x12,0x00,/*"420"*/
 584          0x00,0xF8,0x88,0x48,0x48,0x48,0x88,0x00,0x00,0x0C,0x10,0x10,0x10,0x10,0x0F,0x00,/*"521"*/
 585          0x00,0xE0,0x10,0x88,0x88,0x98,0x00,0x00,0x00,0x0F,0x11,0x10,0x10,0x10,0x0F,0x00,/*"622"*/
 586          0x00,0x38,0x08,0x08,0xC8,0x38,0x08,0x00,0x00,0x00,0x00,0x1F,0x00,0x00,0x00,0x00,/*"723"*/
 587          0x00,0x70,0x88,0x88,0x88,0x88,0x70,0x00,0x00,0x0E,0x11,0x10,0x10,0x11,0x0E,0x00,/*"824"*/
 588          0x00,0xF0,0x08,0x08,0x08,0x90,0xE0,0x00,0x00,0x00,0x19,0x11,0x11,0x08,0x07,0x00,/*"925"*/
 589          };
 590          
 591          
 592          
 593          
 594          unsigned char code disp_vop[][16]=
 595          {
 596          {0x10,0x1E,0x11,0x00,0x00,0x13,0x1C,0x10,
 597          0x00,0x00,0xE0,0x1C,0x70,0x80,0x00,0x00},/*"V",0*/
 598          
 599          {0x07,0x08,0x10,0x10,0x10,0x08,0x07,0x00,
 600          0xF0,0x08,0x04,0x04,0x04,0x08,0xF0,0x00},/*"O",1*/
 601          
 602          {0x10,0x1F,0x10,0x10,0x10,0x10,0x0F,0x00,
 603          0x04,0xFC,0x84,0x80,0x80,0x80,0x00,0x00},/*"P",2*/
 604          
 605          {0x02,0x02,0x02,0x02,0x02,0x02,0x02,0x00,
 606          0x20,0x20,0x20,0x20,0x20,0x20,0x20,0x00},/*"=",3*/
 607          
 608          {0x00,0x00,0x00,0x00,0x00,0x00,0x00,0x00,
 609          0x00,0x0C,0x0C,0x00,0x00,0x00,0x00,0x00},/*".",4*/
 610          
 611          {0x10,0x1E,0x11,0x00,0x00,0x13,0x1C,0x10,
 612          0x00,0x00,0xE0,0x1C,0x70,0x80,0x00,0x00},/*"V",5*/
 613          
C51 COMPILER V9.60.7.0   PIC                                                               05/27/2025 11:05:25 PAGE 11  

 614          };


MODULE INFORMATION:   STATIC OVERLAYABLE
   CODE SIZE        =   ----    ----
   CONSTANT SIZE    =   3712    ----
   XDATA SIZE       =   ----    ----
   PDATA SIZE       =   ----    ----
   DATA SIZE        =   ----    ----
   IDATA SIZE       =   ----    ----
   BIT SIZE         =   ----    ----
END OF MODULE INFORMATION.


C51 COMPILATION COMPLETE.  0 WARNING(S),  0 ERROR(S)
