C51 COMPILER V7.50   ST24C02A                                                              08/06/2013 15:41:52 PAGE 1   


C51 COMPILER V7.50, COMPILATION OF MODULE ST24C02A
OBJECT MODULE PLACED IN ST24C02A.OBJ
COMPILER INVOKED BY: C:\Keil\C51\BIN\C51.EXE ST24C02A.c BROWSE DEBUG OBJECTEXTEND

line level    source

   1          #include<reg51.h>
   2          #include<st24c02a.h>
   3          
   4          
   5          /********** 24C02 读写程序 ************/
   6          //#define DELAY_TIME 1000 /*经实验，不要小于50！否则可能造成时序混乱*/
   7          #define DELAY_TIME 60 /*经实验，不要小于50！否则可能造成时序混乱*/
   8          #define TRUE 1
   9          #define FALSE 0
  10          sbit SCL=P2^6;/*假设由P2.7和P2.6控制*/
  11          sbit SDA=P2^7;
  12          sbit P3_5=P3^5;
  13          sbit P3_6=P3^6;
  14          
  15          void DELAY2(unsigned int t);
  16          void I2C_Start(void);
  17          void I2C_Stop(void);
  18          void SEND_0(void); /* SEND ACK */
  19          void SEND_1(void);
  20          bit Check_Acknowledge(void);
  21          void WriteI2CByte(char b)reentrant;
  22          char ReadI2CByte(void)reentrant;
  23          /*extern*/ void Write_One_Byte(char addr,char thedata);
  24          /*extern*/ char Read_One_Byte(char addr);
  25          
  26          
  27          /********** 24C02 读写程序 ************/
  28          /********** Function Definition　函数定义 ************/
  29          
  30          void DELAY2(unsigned int t) /*延时函数*/
  31          {
  32   1      while(t!=0)
  33   1      t--;
  34   1      }
  35          
  36          void I2C_Start(void)
  37          {
  38   1      /*启动I2C总线的函数，当SCL为高电平时使SDA产生一个负跳变*/
  39   1      SDA=1;
  40   1      SCL=1;
  41   1      DELAY2(DELAY_TIME);
  42   1      SDA=0;
  43   1      DELAY2(DELAY_TIME);
  44   1      SCL=0;
  45   1      DELAY2(DELAY_TIME);
  46   1      }
  47          
  48          void I2C_Stop(void)
  49          {
  50   1      /*终止I2C总线，当SCL为高电平时使SDA产生一个正跳变*/
  51   1      SDA=0;
  52   1      SCL=1;
  53   1      DELAY2(DELAY_TIME);
  54   1      SDA=1;
  55   1      DELAY2(DELAY_TIME);
C51 COMPILER V7.50   ST24C02A                                                              08/06/2013 15:41:52 PAGE 2   

  56   1      SCL=0;
  57   1      DELAY2(DELAY_TIME);
  58   1      }
  59          
  60          void SEND_0(void) /* SEND ACK */
  61          {
  62   1      /*发送0，在SCL为高电平时使SDA信号为低*/
  63   1      SDA=0;
  64   1      SCL=1;
  65   1      DELAY2(DELAY_TIME);
  66   1      SCL=0;
  67   1      DELAY2(DELAY_TIME);
  68   1      }
  69          
  70          void SEND_1(void)
  71          {
  72   1      /*发送1，在SCL为高电平时使SDA信号为高*/
  73   1      SDA=1;
  74   1      SCL=1;
  75   1      DELAY2(DELAY_TIME);
  76   1      SCL=0;
  77   1      DELAY2(DELAY_TIME);
  78   1      }
  79          
  80          bit Check_Acknowledge(void)
  81          {
  82   1      /*发送完一个字节后检验设备的应答信号*/
  83   1      SDA=1;
  84   1      SCL=1;
  85   1      DELAY2(DELAY_TIME/2);
  86   1      F0=SDA;
  87   1      DELAY2(DELAY_TIME/2);
  88   1      SCL=0;
  89   1      DELAY2(DELAY_TIME);
  90   1      if(F0==1)
  91   1      return FALSE;
  92   1      return TRUE;
  93   1      }
  94          
  95          void WriteI2CByte(char b)reentrant
  96          {
  97   1      /*向I2C总线写一个字节*/
  98   1      char i;
  99   1      for(i=0;i<8;i++)
 100   1      if((b<<i)&0x80)
 101   1      SEND_1();
 102   1      else
 103   1      SEND_0();
 104   1      }
 105          
 106          
 107          
 108          char ReadI2CByte(void)reentrant
 109          {
 110   1      /*从I2C总线读一个字节*/
 111   1      char b=0,i;
 112   1      for(i=0;i<8;i++)
 113   1      {
 114   2      SDA=1; /*释放总线*/
 115   2      SCL=1; /*接受数据*/
 116   2      DELAY2(DELAY_TIME/2);
 117   2      F0=SDA;
C51 COMPILER V7.50   ST24C02A                                                              08/06/2013 15:41:52 PAGE 3   

 118   2      DELAY2(DELAY_TIME/2);
 119   2      SCL=0;
 120   2      if(F0==1)
 121   2      {
 122   3      b=b<<1;
 123   3      b=b|0x01;
 124   3      }
 125   2      
 126   2      else
 127   2      b=b<<1;
 128   2      
 129   2      }
 130   1      
 131   1      return b;
 132   1      
 133   1      }
 134          
 135          
 136          
 137          /**********以下为读写24c02的函数**********/
 138          
 139          void Write_One_Byte(char addr,char thedata)
 140          {
 141   1      bit acktemp=1;
 142   1      /*write a byte to mem*/
 143   1      I2C_Start();
 144   1      WriteI2CByte(0xa0);
 145   1      acktemp=Check_Acknowledge();
 146   1      P3_5=~acktemp;
 147   1      //P3_6=1;
 148   1      WriteI2CByte(addr);/*address*/
 149   1      acktemp=Check_Acknowledge();
 150   1      //P3_5=1;
 151   1      //P3_6=acktemp;
 152   1      WriteI2CByte(thedata);/*thedata*/
 153   1      acktemp=Check_Acknowledge();
 154   1      I2C_Stop();
 155   1      }
 156          
 157          /*
 158          void Write_A_Page(char *buffer,char addr)
 159          {
 160          bit acktemp=1;
 161          //bit wrtmp;
 162          int i;
 163          //write a page to at24c02
 164          I2C_Start();
 165          WriteI2CByte(0xa0);
 166          acktemp=Check_Acknowledge();
 167          WriteI2CByte(addr);//address
 168          acktemp=Check_Acknowledge();
 169          for(i=0;i<7;i++)
 170          {
 171          WriteI2CByte(buffer[i]);
 172          if(!Check_Acknowledge())
 173          {
 174          I2C_Stop();
 175          }
 176          }
 177          
 178          I2C_Stop();
 179          
C51 COMPILER V7.50   ST24C02A                                                              08/06/2013 15:41:52 PAGE 4   

 180          }
 181          */
 182          
 183          
 184          char Read_One_Byte(char addr)
 185          { bit acktemp=1;
 186   1      char mydata;
 187   1      /*read a byte from mem*/
 188   1      I2C_Start();
 189   1      WriteI2CByte(0xa0);
 190   1      acktemp=Check_Acknowledge();
 191   1      WriteI2CByte(addr);/*address*/
 192   1      acktemp=Check_Acknowledge();
 193   1      I2C_Start();
 194   1      WriteI2CByte(0xa1);
 195   1      acktemp=Check_Acknowledge();
 196   1      P3_6=~acktemp; 
 197   1      mydata=ReadI2CByte();
 198   1      acktemp=Check_Acknowledge();
 199   1      return mydata;
 200   1      I2C_Stop();
 201   1      
 202   1      }
 203          /*
 204          void Read_N_Bytes(char *buffer,char n,char addr)
 205          {
 206          bit acktemp=1;
 207          int i=0;
 208          //read 8 bytes from mem
 209          I2C_Start();
 210          WriteI2CByte(0xa0);
 211          acktemp=Check_Acknowledge();
 212          WriteI2CByte(addr);//address
 213          acktemp=Check_Acknowledge();
 214          I2C_Start();
 215          WriteI2CByte(0xa1);
 216          acktemp=Check_Acknowledge();
 217          
 218          for(i=0;i<n;i++)
 219          {
 220          buffer[i]=ReadI2CByte();
 221          if(i!=n-1)
 222          SEND_0(); //发送应答
 223          else
 224          SEND_1(); //发送非应答
 225          }
 226          
 227          I2C_Stop();
 228          
 229          }
 230          */
 231          
 232          
 233          


MODULE INFORMATION:   STATIC OVERLAYABLE
   CODE SIZE        =    372    ----
   CONSTANT SIZE    =   ----    ----
   XDATA SIZE       =   ----    ----
   PDATA SIZE       =   ----    ----
   DATA SIZE        =   ----    ----
C51 COMPILER V7.50   ST24C02A                                                              08/06/2013 15:41:52 PAGE 5   

   IDATA SIZE       =   ----    ----
   BIT SIZE         =   ----       2
END OF MODULE INFORMATION.


C51 COMPILATION COMPLETE.  0 WARNING(S),  0 ERROR(S)
