BL51 BANKED LINKER/LOCATER V6.22.4.0                                                    09/03/2025  11:15:20  PAGE 1


BL51 BANKED LINKER/LOCATER V6.22.4.0, INVOKED BY:
D:\KEIL_STM32\C51\BIN\BL51.EXE STARTUP.obj, TPR-786696.obj, mian.obj, Pic.obj, LCM13264(COG).obj TO TPR-786696 RAMSIZE (
>> 256) DISABLEWARNING (16)


MEMORY MODEL: LARGE WITH FLOATING POINT ARITHMETIC


INPUT MODULES INCLUDED:
  STARTUP.obj (?C_STARTUP)
  TPR-786696.obj (TPR_786696)
  mian.obj (MIAN)
  Pic.obj (PIC)
  LCM13264(COG).obj (LCM13264_COG_)
  D:\KEIL_STM32\C51\LIB\C51FPL.LIB (?C?FPADD)
  D:\KEIL_STM32\C51\LIB\C51FPL.LIB (?C?FPMUL)
  D:\KEIL_STM32\C51\LIB\C51FPL.LIB (?C?FPDIV)
  D:\KEIL_STM32\C51\LIB\C51FPL.LIB (?C?FCAST)
  D:\KEIL_STM32\C51\LIB\C51FPL.LIB (?C?FPGETOPN)
  D:\KEIL_STM32\C51\LIB\C51L.LIB (?C_INIT)
  D:\KEIL_STM32\C51\LIB\C51L.LIB (?C?COPY)
  D:\KEIL_STM32\C51\LIB\C51L.LIB (?C?CLDOPTR)
  D:\KEIL_STM32\C51\LIB\C51L.LIB (?C?LNEG)
  D:\KEIL_STM32\C51\LIB\C51L.LIB (?C?LSTXDATA)
  D:\KEIL_STM32\C51\LIB\C51L.LIB (?C?LSTKXDATA)


LINK MAP OF MODULE:  TPR-786696 (?C_STARTUP)


            TYPE    BASE      LENGTH    RELOCATION   SEGMENT NAME
            -----------------------------------------------------

            * * * * * * *   D A T A   M E M O R Y   * * * * * * *
            REG     0000H     0008H     ABSOLUTE     "REG BANK 0"
            IDATA   0008H     0001H     UNIT         ?STACK

            * * * * * * *  X D A T A   M E M O R Y  * * * * * * *
            XDATA   0000H     006FH     UNIT         ?XD?YHLTD?LCM13264_COG_
            XDATA   006FH     0057H     UNIT         _XDATA_GROUP_
            XDATA   00C6H     0009H     UNIT         ?XD?LCM13264_COG_
            XDATA   00CFH     0008H     UNIT         ?XD?_HZ_DISPLAY16?LCM13264_COG_
            XDATA   00D7H     0008H     UNIT         ?XD?_HZ_DISPLAY8X16?LCM13264_COG_
            XDATA   00DFH     0007H     UNIT         ?XD?_DISPPIC1?LCM13264_COG_
            XDATA   00E6H     0007H     UNIT         ?XD?_DISP_CHAR?LCM13264_COG_

            * * * * * * *   C O D E   M E M O R Y   * * * * * * *
            CODE    0000H     0003H     ABSOLUTE     
            CODE    0003H     0E90H     UNIT         ?CO?PIC
            CODE    0E93H     0494H     UNIT         ?C?LIB_CODE
            CODE    1327H     0173H     UNIT         ?PR?YHLTD?LCM13264_COG_
            CODE    149AH     0109H     UNIT         ?PR?YEHUI_UI?LCM13264_COG_
            CODE    15A3H     00FFH     UNIT         ?PR?SETCONTRAST?LCM13264_COG_
            CODE    16A2H     00E4H     UNIT         ?PR?_DISPPIC?LCM13264_COG_
            CODE    1786H     00D9H     UNIT         ?PR?_DISPDOT?LCM13264_COG_
            CODE    185FH     00D9H     UNIT         ?PR?_DISPDOTS?LCM13264_COG_
            CODE    1938H     00BFH     UNIT         ?CO?LCM13264_COG_
            CODE    19F7H     009CH     UNIT         ?PR?_DISPPIC1?LCM13264_COG_
BL51 BANKED LINKER/LOCATER V6.22.4.0                                                  09/03/2025  11:15:20  PAGE 2


            CODE    1A93H     0095H     UNIT         ?PR?_DISPFRAM?LCM13264_COG_
            CODE    1B28H     0094H     UNIT         ?PR?INITST7567?LCM13264_COG_
            CODE    1BBCH     008CH     UNIT         ?C_C51STARTUP
            CODE    1C48H     008AH     UNIT         ?PR?_DISP_CHAR?LCM13264_COG_
            CODE    1CD2H     007CH     UNIT         ?PR?_HZ_DISPLAY8X8?LCM13264_COG_
            CODE    1D4EH     0077H     UNIT         ?PR?MAIN?MIAN
            CODE    1DC5H     006EH     UNIT         ?PR?_HZ_DISPLAY16?LCM13264_COG_
            CODE    1E33H     006EH     UNIT         ?PR?_HZ_DISPLAY8X16?LCM13264_COG_
            CODE    1EA1H     006EH     UNIT         ?PR?PAUSE?LCM13264_COG_
            CODE    1F0FH     0060H     UNIT         ?PR?_ST7567_WRITECOMD?LCM13264_COG_
            CODE    1F6FH     0054H     UNIT         ?PR?_ST7567_WRITEDATA1?LCM13264_COG_
            CODE    1FC3H     0051H     UNIT         ?PR?_ST7567_WRITEDATA?LCM13264_COG_
            CODE    2014H     0024H     UNIT         ?PR?_DELAY_XMS?LCM13264_COG_
            CODE    2038H     0019H     UNIT         ?PR?HOLD?LCM13264_COG_
            CODE    2051H     0019H     UNIT         ?PR?UP?LCM13264_COG_
            CODE    206AH     0019H     UNIT         ?PR?DN?LCM13264_COG_
            CODE    2083H     000FH     UNIT         ?PR?PUSH?LCM13264_COG_
            CODE    2092H     000CH     UNIT         ?PR?RESETCHIP?LCM13264_COG_
            CODE    209EH     0009H     UNIT         ?PR?INIT_CPU?LCM13264_COG_
            CODE    20A7H     0005H     UNIT         ?C_INITSEG



OVERLAY MAP OF MODULE:   TPR-786696 (?C_STARTUP)


SEGMENT                                        XDATA_GROUP
  +--> CALLED SEGMENT                        START    LENGTH
------------------------------------------------------------
?C_C51STARTUP                                -----    -----
  +--> ?PR?MAIN?MIAN
  +--> ?C_INITSEG

?PR?MAIN?MIAN                                006FH    0001H
  +--> ?PR?_DELAY_XMS?LCM13264_COG_
  +--> ?PR?INITST7567?LCM13264_COG_
  +--> ?PR?_DISPFRAM?LCM13264_COG_
  +--> ?PR?YEHUI_UI?LCM13264_COG_
  +--> ?PR?_DISPDOT?LCM13264_COG_
  +--> ?PR?_DISPDOTS?LCM13264_COG_

?PR?INITST7567?LCM13264_COG_                 -----    -----
  +--> ?PR?_DELAY_XMS?LCM13264_COG_
  +--> ?PR?_ST7567_WRITECOMD?LCM13264_COG_

?PR?_DISPFRAM?LCM13264_COG_                  0070H    0004H
  +--> ?PR?_ST7567_WRITECOMD?LCM13264_COG_
  +--> ?PR?_ST7567_WRITEDATA?LCM13264_COG_

?PR?YEHUI_UI?LCM13264_COG_                   0070H    004FH
  +--> ?CO?LCM13264_COG_
  +--> ?PR?_DISPPIC?LCM13264_COG_
  +--> ?PR?_HZ_DISPLAY8X8?LCM13264_COG_

?CO?LCM13264_COG_                            -----    -----
  +--> ?CO?PIC

BL51 BANKED LINKER/LOCATER V6.22.4.0                                                  09/03/2025  11:15:20  PAGE 3


?PR?_DISPPIC?LCM13264_COG_                   00BFH    0007H
  +--> ?CO?PIC
  +--> ?PR?_ST7567_WRITECOMD?LCM13264_COG_
  +--> ?PR?_ST7567_WRITEDATA?LCM13264_COG_

?PR?_HZ_DISPLAY8X8?LCM13264_COG_             00BFH    0007H
  +--> ?PR?_ST7567_WRITECOMD?LCM13264_COG_
  +--> ?PR?_ST7567_WRITEDATA?LCM13264_COG_

?PR?_DISPDOT?LCM13264_COG_                   0070H    0005H
  +--> ?PR?_ST7567_WRITECOMD?LCM13264_COG_
  +--> ?PR?_ST7567_WRITEDATA?LCM13264_COG_

?PR?_DISPDOTS?LCM13264_COG_                  0070H    0005H
  +--> ?PR?_ST7567_WRITECOMD?LCM13264_COG_
  +--> ?PR?_ST7567_WRITEDATA?LCM13264_COG_



SYMBOL TABLE OF MODULE:  TPR-786696 (?C_STARTUP)

  VALUE           TYPE          NAME
  ----------------------------------

  -------         MODULE        ?C_STARTUP
  C:1BBCH         SEGMENT       ?C_C51STARTUP
  I:0008H         SEGMENT       ?STACK
  C:0000H         PUBLIC        ?C_STARTUP
  D:00E0H         SYMBOL        ACC
  D:00F0H         SYMBOL        B
  D:0083H         SYMBOL        DPH
  D:0082H         SYMBOL        DPL
  N:0000H         SYMBOL        IBPSTACK
  N:0100H         SYMBOL        IBPSTACKTOP
  N:0080H         SYMBOL        IDATALEN
  C:1BBFH         SYMBOL        IDATALOOP
  N:0000H         SYMBOL        PBPSTACK
  N:0100H         SYMBOL        PBPSTACKTOP
  N:0000H         SYMBOL        PDATALEN
  N:0000H         SYMBOL        PDATASTART
  N:0000H         SYMBOL        PPAGE
  N:0000H         SYMBOL        PPAGEENABLE
  D:00A0H         SYMBOL        PPAGE_SFR
  D:0081H         SYMBOL        SP
  C:1BBCH         SYMBOL        STARTUP1
  N:0000H         SYMBOL        XBPSTACK
  N:0000H         SYMBOL        XBPSTACKTOP
  N:0000H         SYMBOL        XDATALEN
  N:0000H         SYMBOL        XDATASTART
  C:0000H         LINE#         126
  C:1BBCH         LINE#         133
  C:1BBEH         LINE#         134
  C:1BBFH         LINE#         135
  C:1BC0H         LINE#         136
  C:1BC2H         LINE#         185
  C:1BC5H         LINE#         196
  -------         ENDMOD        ?C_STARTUP
BL51 BANKED LINKER/LOCATER V6.22.4.0                                                  09/03/2025  11:15:20  PAGE 4



  -------         MODULE        TPR_786696
  C:0000H         SYMBOL        _ICE_DUMMY_
  -------         ENDMOD        TPR_786696

  -------         MODULE        MIAN
  C:0000H         SYMBOL        _ICE_DUMMY_
  D:0080H         PUBLIC        P0
  D:0090H         PUBLIC        P1
  D:00A0H         PUBLIC        P2
  D:00B0H         PUBLIC        P3
  C:1D4EH         PUBLIC        main
  -------         PROC          MAIN
  -------         DO            
  X:006FH         SYMBOL        mode
  -------         ENDDO         
  C:1D4EH         LINE#         4
  C:1D4EH         LINE#         5
  C:1D4EH         LINE#         8
  C:1D55H         LINE#         9
  C:1D58H         LINE#         10
  C:1D5EH         LINE#         30
  C:1D5EH         LINE#         31
  C:1D5EH         LINE#         33
  C:1D61H         LINE#         34
  C:1D68H         LINE#         37
  C:1D6FH         LINE#         40
  C:1D76H         LINE#         41
  C:1D7DH         LINE#         42
  C:1D84H         LINE#         43
  C:1D8BH         LINE#         44
  C:1D92H         LINE#         45
  C:1D99H         LINE#         46
  C:1DA0H         LINE#         47
  C:1DA7H         LINE#         48
  C:1DAEH         LINE#         49
  C:1DB5H         LINE#         50
  C:1DBCH         LINE#         51
  C:1DC3H         LINE#         288
  -------         ENDPROC       MAIN
  -------         ENDMOD        MIAN

  -------         MODULE        PIC
  C:0000H         SYMBOL        _ICE_DUMMY_
  C:0493H         PUBLIC        DH
  C:0483H         PUBLIC        KG
  C:01B3H         PUBLIC        eight
  C:0003H         PUBLIC        guang
  C:0163H         PUBLIC        three
  C:04A3H         PUBLIC        DIAN
  C:01A3H         PUBLIC        seven
  C:0023H         PUBLIC        dong
  C:01C3H         PUBLIC        nine
  C:0183H         PUBLIC        five
  C:0103H         PUBLIC        gong
  C:0553H         PUBLIC        PIC_99
  C:00E3H         PUBLIC        xian
BL51 BANKED LINKER/LOCATER V6.22.4.0                                                  09/03/2025  11:15:20  PAGE 5


  C:01D3H         PUBLIC        xing
  C:0173H         PUBLIC        four
  C:01F3H         PUBLIC        A
  C:0213H         PUBLIC        B
  C:0233H         PUBLIC        C
  C:0203H         PUBLIC        aa
  C:0243H         PUBLIC        D
  C:0143H         PUBLIC        one
  C:0263H         PUBLIC        E
  C:0223H         PUBLIC        bb
  C:0283H         PUBLIC        F
  C:0293H         PUBLIC        G
  C:02B3H         PUBLIC        H
  C:0063H         PUBLIC        hui
  C:02D3H         PUBLIC        I
  C:0253H         PUBLIC        dd
  C:02F3H         PUBLIC        J
  C:0303H         PUBLIC        K
  C:0273H         PUBLIC        ee
  C:0313H         PUBLIC        L
  C:0333H         PUBLIC        M
  C:0353H         PUBLIC        N
  C:0373H         PUBLIC        O
  C:02A3H         PUBLIC        gg
  C:0393H         PUBLIC        P
  C:03B3H         PUBLIC        Q
  C:02C3H         PUBLIC        hh
  C:0083H         PUBLIC        ke
  C:04B3H         PUBLIC        num
  C:03C3H         PUBLIC        R
  C:03D3H         PUBLIC        S
  C:02E3H         PUBLIC        ii
  C:03E3H         PUBLIC        T
  C:00A3H         PUBLIC        ji
  C:0403H         PUBLIC        U
  C:01E3H         PUBLIC        JIA
  C:0423H         PUBLIC        V
  C:0193H         PUBLIC        six
  C:0433H         PUBLIC        W
  C:0D93H         PUBLIC        ASC
  C:0443H         PUBLIC        X
  C:0453H         PUBLIC        Y
  C:0323H         PUBLIC        ll
  C:0473H         PUBLIC        Z
  C:0343H         PUBLIC        mm
  C:0153H         PUBLIC        two
  C:0363H         PUBLIC        nn
  C:0123H         PUBLIC        si
  C:0383H         PUBLIC        oo
  C:00C3H         PUBLIC        you
  C:0043H         PUBLIC        ye
  C:03A3H         PUBLIC        pp
  C:03F3H         PUBLIC        tt
  C:0E33H         PUBLIC        disp_vop
  C:0413H         PUBLIC        uu
  C:0973H         PUBLIC        PIC_5
  C:0463H         PUBLIC        yy
BL51 BANKED LINKER/LOCATER V6.22.4.0                                                  09/03/2025  11:15:20  PAGE 6


  -------         ENDMOD        PIC

  -------         MODULE        LCM13264_COG_
  C:0000H         SYMBOL        _ICE_DUMMY_
  D:0080H         PUBLIC        P0
  C:1EA1H         PUBLIC        Pause
  D:0090H         PUBLIC        P1
  C:15A3H         PUBLIC        SetContrast
  D:00A0H         PUBLIC        P2
  D:00B0H         PUBLIC        P3
  C:1327H         PUBLIC        YHLTD
  C:2018H         PUBLIC        _Delay_Xms
  C:2092H         PUBLIC        ResetChip
  D:00A8H         PUBLIC        IE
  C:206AH         PUBLIC        DN
  B:0090H.1       PUBLIC        CS
  C:1B28H         PUBLIC        InitST7567
  C:1A93H         PUBLIC        _DispFram
  C:1F89H         PUBLIC        _ST7567_WriteData1
  X:00C6H         PUBLIC        RR
  C:2051H         PUBLIC        UP
  B:0090H.2       PUBLIC        RS
  C:149AH         PUBLIC        yehui_UI
  C:1DC5H         PUBLIC        _hz_display16
  C:1CD9H         PUBLIC        _hz_display8x8
  C:2038H         PUBLIC        HOLD
  C:185FH         PUBLIC        _DispDots
  C:16B1H         PUBLIC        _DispPic
  C:1C48H         PUBLIC        _disp_char
  B:0080H.6       PUBLIC        DOWN
  C:1786H         PUBLIC        _DispDot
  B:0080H.5       PUBLIC        STEP
  C:2083H         PUBLIC        push
  C:1940H         SYMBOL        _?ix1000
  C:1961H         SYMBOL        _?ix1001
  C:1970H         SYMBOL        _?ix1002
  C:198BH         SYMBOL        _?ix1003
  C:19B5H         SYMBOL        _?ix1004
  C:19E2H         SYMBOL        _?ix1005
  B:0080H.4       PUBLIC        AOUTOB
  X:00CAH         PUBLIC        ADJUST
  C:1E33H         PUBLIC        _hz_display8x16
  B:00B0H.7       PUBLIC        SDA
  B:00A0H.5       PUBLIC        Key1
  B:00A0H.6       PUBLIC        Key2
  B:00A0H.7       PUBLIC        Key3
  C:209EH         PUBLIC        init_cpu
  C:19F7H         PUBLIC        _DispPic1
  B:00B0H.6       PUBLIC        SCK
  C:1938H         PUBLIC        e_char
  C:1FDAH         PUBLIC        _ST7567_WriteData
  X:00CBH         PUBLIC        VOP
  C:1F35H         PUBLIC        _ST7567_WriteComd
  B:0080H.7       PUBLIC        UPT
  B:0090H.0       PUBLIC        RST
  -------         PROC          HOLD
  C:2038H         LINE#         12
BL51 BANKED LINKER/LOCATER V6.22.4.0                                                  09/03/2025  11:15:20  PAGE 7


  C:2038H         LINE#         13
  C:2038H         LINE#         14
  C:203BH         LINE#         15
  C:203BH         LINE#         16
  C:2042H         LINE#         17
  C:2045H         LINE#         18
  C:2045H         LINE#         19
  C:2048H         LINE#         20
  C:204DH         LINE#         21
  C:204DH         LINE#         22
  C:204DH         LINE#         23
  C:2050H         LINE#         24
  -------         ENDPROC       HOLD
  -------         PROC          UP
  C:2051H         LINE#         27
  C:2051H         LINE#         28
  C:2051H         LINE#         29
  C:2054H         LINE#         30
  C:2054H         LINE#         31
  C:205BH         LINE#         32
  C:205EH         LINE#         33
  C:205EH         LINE#         34
  C:2061H         LINE#         35
  C:2066H         LINE#         36
  C:2066H         LINE#         37
  C:2066H         LINE#         38
  C:2069H         LINE#         39
  -------         ENDPROC       UP
  -------         PROC          DN
  C:206AH         LINE#         42
  C:206AH         LINE#         43
  C:206AH         LINE#         44
  C:206DH         LINE#         45
  C:206DH         LINE#         46
  C:2074H         LINE#         47
  C:2077H         LINE#         48
  C:2077H         LINE#         49
  C:207AH         LINE#         50
  C:207FH         LINE#         51
  C:207FH         LINE#         52
  C:207FH         LINE#         53
  C:2082H         LINE#         54
  -------         ENDPROC       DN
  -------         PROC          RESETCHIP
  C:2092H         LINE#         58
  C:2092H         LINE#         59
  C:2092H         LINE#         60
  C:2094H         LINE#         61
  C:209BH         LINE#         62
  C:209DH         LINE#         64
  -------         ENDPROC       RESETCHIP
  -------         PROC          PUSH
  C:2083H         LINE#         66
  C:2083H         LINE#         67
  C:2083H         LINE#         68
  C:2085H         LINE#         70
  C:2088H         LINE#         71
BL51 BANKED LINKER/LOCATER V6.22.4.0                                                  09/03/2025  11:15:20  PAGE 8


  C:2088H         LINE#         72
  C:208FH         LINE#         73
  C:2091H         LINE#         74
  -------         ENDPROC       PUSH
  C:2014H         SYMBOL        L?0206
  -------         PROC          L?0205
  -------         ENDPROC       L?0205
  C:2014H         SYMBOL        L?0206
  -------         PROC          _DELAY_XMS
  D:0006H         SYMBOL        Xms
  -------         DO            
  D:0004H         SYMBOL        i
  D:0002H         SYMBOL        j
  -------         ENDDO         
  C:2018H         LINE#         82
  C:2018H         LINE#         83
  C:2018H         LINE#         85
  C:2022H         LINE#         86
  C:2037H         LINE#         87
  -------         ENDPROC       _DELAY_XMS
  -------         PROC          INIT_CPU
  C:209EH         LINE#         89
  C:209EH         LINE#         90
  C:209EH         LINE#         91
  C:20A1H         LINE#         92
  -------         ENDPROC       INIT_CPU
  -------         PROC          INITST7567
  C:1B28H         LINE#         102
  C:1B28H         LINE#         103
  C:1B28H         LINE#         104
  C:1B2FH         LINE#         105
  C:1B31H         LINE#         106
  C:1B36H         LINE#         107
  C:1B38H         LINE#         108
  C:1B3DH         LINE#         110
  C:1B42H         LINE#         111
  C:1B49H         LINE#         112
  C:1B4EH         LINE#         113
  C:1B51H         LINE#         114
  C:1B56H         LINE#         115
  C:1B59H         LINE#         116
  C:1B5EH         LINE#         117
  C:1B61H         LINE#         118
  C:1B66H         LINE#         119
  C:1B69H         LINE#         120
  C:1B6EH         LINE#         121
  C:1B76H         LINE#         122
  C:1B79H         LINE#         123
  C:1B7EH         LINE#         124
  C:1B81H         LINE#         125
  C:1B86H         LINE#         126
  C:1B89H         LINE#         127
  C:1B8EH         LINE#         128
  C:1B91H         LINE#         129
  C:1B96H         LINE#         130
  C:1B99H         LINE#         131
  C:1B9DH         LINE#         132
BL51 BANKED LINKER/LOCATER V6.22.4.0                                                  09/03/2025  11:15:20  PAGE 9


  C:1BA0H         LINE#         133
  C:1BA5H         LINE#         134
  C:1BA8H         LINE#         135
  C:1BADH         LINE#         136
  C:1BB0H         LINE#         137
  C:1BB5H         LINE#         138
  -------         ENDPROC       INITST7567
  -------         PROC          L?0209
  -------         ENDPROC       L?0209
  -------         PROC          _DISPPIC
  X:00BFH         SYMBOL        dispdata
  -------         DO            
  X:00C2H         SYMBOL        i
  X:00C3H         SYMBOL        page
  X:00C4H         SYMBOL        j
  -------         ENDDO         
  C:16B1H         LINE#         193
  C:16BCH         LINE#         194
  C:16BCH         LINE#         196
  C:16C3H         LINE#         199
  C:16C9H         LINE#         200
  C:16D3H         LINE#         201
  C:16D3H         LINE#         202
  C:16D6H         LINE#         203
  C:16DBH         LINE#         204
  C:16E0H         LINE#         205
  C:16E5H         LINE#         206
  C:16E5H         LINE#         207
  C:1702H         LINE#         208
  C:1710H         LINE#         209
  C:171CH         LINE#         210
  C:1722H         LINE#         211
  C:1724H         LINE#         213
  C:172AH         LINE#         214
  C:1734H         LINE#         215
  C:1734H         LINE#         216
  C:1737H         LINE#         217
  C:173CH         LINE#         218
  C:1741H         LINE#         219
  C:1746H         LINE#         220
  C:1746H         LINE#         221
  C:1763H         LINE#         222
  C:1771H         LINE#         223
  C:177DH         LINE#         224
  C:1783H         LINE#         225
  C:1785H         LINE#         226
  -------         ENDPROC       _DISPPIC
  -------         PROC          _DISPPIC1
  X:00DFH         SYMBOL        dispdata
  -------         DO            
  X:00E2H         SYMBOL        i
  X:00E3H         SYMBOL        page
  X:00E4H         SYMBOL        j
  -------         ENDDO         
  C:19F7H         LINE#         228
  C:1A02H         LINE#         229
  C:1A02H         LINE#         231
BL51 BANKED LINKER/LOCATER V6.22.4.0                                                  09/03/2025  11:15:20  PAGE 10


  C:1A09H         LINE#         234
  C:1A0FH         LINE#         235
  C:1A19H         LINE#         236
  C:1A19H         LINE#         237
  C:1A1CH         LINE#         238
  C:1A21H         LINE#         240
  C:1A26H         LINE#         241
  C:1A26H         LINE#         242
  C:1A29H         LINE#         243
  C:1A37H         LINE#         244
  C:1A43H         LINE#         245
  C:1A49H         LINE#         246
  C:1A4BH         LINE#         248
  C:1A51H         LINE#         249
  C:1A5BH         LINE#         250
  C:1A5BH         LINE#         251
  C:1A5EH         LINE#         252
  C:1A63H         LINE#         253
  C:1A68H         LINE#         254
  C:1A6DH         LINE#         255
  C:1A6DH         LINE#         256
  C:1A70H         LINE#         257
  C:1A7EH         LINE#         258
  C:1A8AH         LINE#         259
  C:1A90H         LINE#         260
  C:1A92H         LINE#         261
  -------         ENDPROC       _DISPPIC1
  -------         PROC          _DISPFRAM
  X:0070H         SYMBOL        x
  X:0071H         SYMBOL        y
  -------         DO            
  X:0072H         SYMBOL        i
  X:0073H         SYMBOL        page
  -------         ENDDO         
  C:1A93H         LINE#         270
  C:1A9BH         LINE#         271
  C:1A9BH         LINE#         275
  C:1AA1H         LINE#         276
  C:1AABH         LINE#         277
  C:1AABH         LINE#         278
  C:1AAEH         LINE#         279
  C:1AB3H         LINE#         280
  C:1AB8H         LINE#         281
  C:1ABDH         LINE#         282
  C:1ABDH         LINE#         283
  C:1AC5H         LINE#         284
  C:1ACDH         LINE#         285
  C:1AD9H         LINE#         286
  C:1ADFH         LINE#         287
  C:1AE1H         LINE#         289
  C:1AE7H         LINE#         290
  C:1AF1H         LINE#         291
  C:1AF1H         LINE#         292
  C:1AF4H         LINE#         293
  C:1AF9H         LINE#         294
  C:1AFEH         LINE#         295
  C:1B03H         LINE#         296
BL51 BANKED LINKER/LOCATER V6.22.4.0                                                  09/03/2025  11:15:20  PAGE 11


  C:1B03H         LINE#         297
  C:1B0BH         LINE#         298
  C:1B13H         LINE#         299
  C:1B1FH         LINE#         300
  C:1B25H         LINE#         301
  C:1B27H         LINE#         302
  -------         ENDPROC       _DISPFRAM
  -------         PROC          _DISPDOT
  X:0070H         SYMBOL        x
  X:0071H         SYMBOL        y
  -------         DO            
  X:0072H         SYMBOL        i
  X:0073H         SYMBOL        j
  X:0074H         SYMBOL        page
  -------         ENDDO         
  C:1786H         LINE#         308
  C:178EH         LINE#         309
  C:178EH         LINE#         312
  C:1794H         LINE#         313
  C:179EH         LINE#         314
  C:179EH         LINE#         315
  C:17A1H         LINE#         316
  C:17A6H         LINE#         317
  C:17ABH         LINE#         318
  C:17B0H         LINE#         319
  C:17B0H         LINE#         320
  C:17B5H         LINE#         321
  C:17B5H         LINE#         322
  C:17BDH         LINE#         323
  C:17C9H         LINE#         324
  C:17CEH         LINE#         325
  C:17CEH         LINE#         326
  C:17D6H         LINE#         327
  C:17E2H         LINE#         328
  C:17EEH         LINE#         329
  C:17F4H         LINE#         330
  C:17F6H         LINE#         332
  C:17FCH         LINE#         333
  C:1806H         LINE#         334
  C:1806H         LINE#         335
  C:1809H         LINE#         336
  C:180EH         LINE#         337
  C:1813H         LINE#         338
  C:1818H         LINE#         339
  C:1818H         LINE#         340
  C:181DH         LINE#         341
  C:181DH         LINE#         342
  C:1825H         LINE#         343
  C:1831H         LINE#         344
  C:1836H         LINE#         345
  C:1836H         LINE#         346
  C:183EH         LINE#         347
  C:184AH         LINE#         348
  C:1856H         LINE#         349
  C:185CH         LINE#         350
  C:185EH         LINE#         351
  -------         ENDPROC       _DISPDOT
BL51 BANKED LINKER/LOCATER V6.22.4.0                                                  09/03/2025  11:15:20  PAGE 12


  -------         PROC          _DISPDOTS
  X:0070H         SYMBOL        x
  X:0071H         SYMBOL        y
  -------         DO            
  X:0072H         SYMBOL        i
  X:0073H         SYMBOL        j
  X:0074H         SYMBOL        page
  -------         ENDDO         
  C:185FH         LINE#         358
  C:1867H         LINE#         359
  C:1867H         LINE#         364
  C:186DH         LINE#         365
  C:1877H         LINE#         366
  C:1877H         LINE#         367
  C:187AH         LINE#         368
  C:187FH         LINE#         369
  C:1884H         LINE#         370
  C:1889H         LINE#         371
  C:1889H         LINE#         372
  C:188EH         LINE#         373
  C:188EH         LINE#         374
  C:1896H         LINE#         375
  C:18A2H         LINE#         376
  C:18A7H         LINE#         377
  C:18A7H         LINE#         378
  C:18AFH         LINE#         379
  C:18BBH         LINE#         380
  C:18C7H         LINE#         381
  C:18CDH         LINE#         382
  C:18CFH         LINE#         384
  C:18D5H         LINE#         385
  C:18DFH         LINE#         386
  C:18DFH         LINE#         387
  C:18E2H         LINE#         388
  C:18E7H         LINE#         389
  C:18ECH         LINE#         390
  C:18F1H         LINE#         391
  C:18F1H         LINE#         392
  C:18F6H         LINE#         393
  C:18F6H         LINE#         394
  C:18FEH         LINE#         395
  C:190AH         LINE#         396
  C:190FH         LINE#         397
  C:190FH         LINE#         398
  C:1917H         LINE#         399
  C:1923H         LINE#         400
  C:192FH         LINE#         401
  C:1935H         LINE#         402
  C:1937H         LINE#         403
  -------         ENDPROC       _DISPDOTS
  -------         PROC          _HZ_DISPLAY16
  X:00CFH         SYMBOL        pag
  X:00D0H         SYMBOL        col
  X:00D1H         SYMBOL        cok
  X:00D2H         SYMBOL        hzk
  -------         DO            
  X:00D4H         SYMBOL        a
BL51 BANKED LINKER/LOCATER V6.22.4.0                                                  09/03/2025  11:15:20  PAGE 13


  X:00D5H         SYMBOL        j
  X:00D6H         SYMBOL        i
  -------         ENDDO         
  C:1DC5H         LINE#         407
  C:1DD0H         LINE#         408
  C:1DD0H         LINE#         409
  C:1DD5H         LINE#         410
  C:1DD7H         LINE#         411
  C:1DD9H         LINE#         413
  C:1DE7H         LINE#         414
  C:1DE7H         LINE#         415
  C:1DF4H         LINE#         417
  C:1DFEH         LINE#         418
  C:1E06H         LINE#         420
  C:1E15H         LINE#         421
  C:1E2AH         LINE#         422
  C:1E32H         LINE#         423
  -------         ENDPROC       _HZ_DISPLAY16
  -------         PROC          _HZ_DISPLAY8X16
  X:00D7H         SYMBOL        pag
  X:00D8H         SYMBOL        col
  X:00D9H         SYMBOL        cok
  X:00DAH         SYMBOL        hzk
  -------         DO            
  X:00DCH         SYMBOL        a
  X:00DDH         SYMBOL        j
  X:00DEH         SYMBOL        i
  -------         ENDDO         
  C:1E33H         LINE#         426
  C:1E3EH         LINE#         427
  C:1E3EH         LINE#         428
  C:1E43H         LINE#         429
  C:1E45H         LINE#         430
  C:1E47H         LINE#         432
  C:1E55H         LINE#         433
  C:1E62H         LINE#         435
  C:1E6CH         LINE#         436
  C:1E74H         LINE#         438
  C:1E83H         LINE#         439
  C:1E90H         LINE#         440
  C:1E98H         LINE#         441
  C:1EA0H         LINE#         442
  -------         ENDPROC       _HZ_DISPLAY8X16
  -------         PROC          L?0210
  -------         ENDPROC       L?0210
  -------         PROC          _HZ_DISPLAY8X8
  X:00BFH         SYMBOL        pag
  X:00C0H         SYMBOL        col
  X:00C1H         SYMBOL        cok
  X:00C2H         SYMBOL        hzk
  -------         DO            
  X:00C4H         SYMBOL        j
  X:00C5H         SYMBOL        i
  -------         ENDDO         
  C:1CD9H         LINE#         449
  C:1CE4H         LINE#         450
  C:1CE4H         LINE#         452
BL51 BANKED LINKER/LOCATER V6.22.4.0                                                  09/03/2025  11:15:20  PAGE 14


  C:1CE9H         LINE#         453
  C:1CEBH         LINE#         455
  C:1CF9H         LINE#         456
  C:1CF9H         LINE#         457
  C:1D06H         LINE#         459
  C:1D10H         LINE#         460
  C:1D18H         LINE#         462
  C:1D27H         LINE#         463
  C:1D27H         LINE#         464
  C:1D3DH         LINE#         465
  C:1D45H         LINE#         466
  C:1D4DH         LINE#         467
  -------         ENDPROC       _HZ_DISPLAY8X8
  -------         PROC          L?0207
  -------         ENDPROC       L?0207
  -------         PROC          _ST7567_WRITECOMD
  D:0007H         SYMBOL        comd
  -------         DO            
  D:0006H         SYMBOL        i
  -------         ENDDO         
  C:1F35H         LINE#         478
  C:1F35H         LINE#         479
  C:1F35H         LINE#         481
  C:1F37H         LINE#         482
  C:1F39H         LINE#         483
  C:1F3BH         LINE#         484
  C:1F3DH         LINE#         485
  C:1F3DH         LINE#         486
  C:1F45H         LINE#         487
  C:1F47H         LINE#         488
  C:1F4BH         LINE#         489
  C:1F4FH         LINE#         490
  C:1F51H         LINE#         491
  C:1F55H         LINE#         492
  C:1F59H         LINE#         493
  C:1F5BH         LINE#         494
  C:1F5FH         LINE#         495
  C:1F63H         LINE#         496
  C:1F67H         LINE#         498
  C:1F6CH         LINE#         499
  C:1F6EH         LINE#         500
  -------         ENDPROC       _ST7567_WRITECOMD
  C:1FCCH         SYMBOL        L?0204
  -------         PROC          L?0203
  -------         ENDPROC       L?0203
  C:1FCCH         SYMBOL        L?0204
  -------         PROC          _ST7567_WRITEDATA
  D:0007H         SYMBOL        dat
  -------         DO            
  D:0006H         SYMBOL        i
  -------         ENDDO         
  C:1FDAH         LINE#         507
  C:1FDAH         LINE#         508
  C:1FDAH         LINE#         510
  C:1FDCH         LINE#         511
  C:1FDEH         LINE#         512
  C:1FE0H         LINE#         513
BL51 BANKED LINKER/LOCATER V6.22.4.0                                                  09/03/2025  11:15:20  PAGE 15


  C:1FE2H         LINE#         514
  C:1FE2H         LINE#         515
  C:1FEAH         LINE#         516
  C:1FECH         LINE#         517
  C:1FF0H         LINE#         518
  C:1FF4H         LINE#         519
  C:1FF6H         LINE#         520
  C:1FFAH         LINE#         521
  C:1FFEH         LINE#         522
  C:2000H         LINE#         523
  C:2004H         LINE#         524
  C:2008H         LINE#         525
  C:200CH         LINE#         526
  C:2011H         LINE#         527
  C:2013H         LINE#         528
  -------         ENDPROC       _ST7567_WRITEDATA
  -------         PROC          L?0208
  -------         ENDPROC       L?0208
  -------         PROC          _ST7567_WRITEDATA1
  D:0007H         SYMBOL        dat
  -------         DO            
  D:0006H         SYMBOL        i
  -------         ENDDO         
  C:1F89H         LINE#         530
  C:1F89H         LINE#         531
  C:1F89H         LINE#         533
  C:1F8BH         LINE#         534
  C:1F8DH         LINE#         535
  C:1F8FH         LINE#         536
  C:1F91H         LINE#         537
  C:1F91H         LINE#         538
  C:1F99H         LINE#         539
  C:1F9BH         LINE#         540
  C:1F9FH         LINE#         541
  C:1FA3H         LINE#         542
  C:1FA5H         LINE#         543
  C:1FA9H         LINE#         544
  C:1FADH         LINE#         545
  C:1FAFH         LINE#         546
  C:1FB3H         LINE#         547
  C:1FB7H         LINE#         548
  C:1FBBH         LINE#         549
  C:1FC0H         LINE#         550
  C:1FC2H         LINE#         551
  -------         ENDPROC       _ST7567_WRITEDATA1
  -------         PROC          _DISP_CHAR
  X:00E6H         SYMBOL        x
  X:00E8H         SYMBOL        y
  X:00EAH         SYMBOL        dat
  -------         DO            
  D:0005H         SYMBOL        j
  -------         ENDDO         
  C:1C48H         LINE#         731
  C:1C61H         LINE#         732
  C:1C61H         LINE#         734
  C:1C67H         LINE#         735
  C:1C75H         LINE#         736
BL51 BANKED LINKER/LOCATER V6.22.4.0                                                  09/03/2025  11:15:20  PAGE 16


  C:1C78H         LINE#         737
  C:1C7AH         LINE#         738
  C:1C7AH         LINE#         739
  C:1C91H         LINE#         740
  C:1C96H         LINE#         741
  C:1C96H         LINE#         742
  C:1C96H         LINE#         744
  C:1CA2H         LINE#         745
  C:1CB0H         LINE#         746
  C:1CB3H         LINE#         747
  C:1CB5H         LINE#         748
  C:1CB5H         LINE#         749
  C:1CCCH         LINE#         750
  C:1CD1H         LINE#         751
  -------         ENDPROC       _DISP_CHAR
  -------         PROC          SETCONTRAST
  -------         DO            
  D:0006H         SYMBOL        i
  -------         ENDDO         
  C:15A3H         LINE#         759
  C:15A3H         LINE#         760
  C:15A3H         LINE#         762
  C:15ADH         LINE#         764
  C:15B2H         LINE#         765
  C:15BAH         LINE#         767
  C:161BH         LINE#         768
  C:1625H         LINE#         769
  C:1645H         LINE#         771
  C:1655H         LINE#         772
  C:1675H         LINE#         774
  C:1681H         LINE#         775
  -------         ENDPROC       SETCONTRAST
  -------         PROC          PAUSE
  C:1EA1H         LINE#         894
  C:1EA1H         LINE#         895
  C:1EA1H         LINE#         896
  C:1EB7H         LINE#         897
  C:1EB7H         LINE#         898
  C:1EBAH         LINE#         899
  C:1EBAH         LINE#         900
  C:1EC1H         LINE#         901
  C:1EC1H         LINE#         902
  C:1EC6H         LINE#         903
  C:1ECEH         LINE#         904
  C:1ED1H         LINE#         905
  C:1ED4H         LINE#         906
  C:1ED4H         LINE#         907
  C:1ED4H         LINE#         909
  C:1ED7H         LINE#         910
  C:1ED7H         LINE#         911
  C:1EDEH         LINE#         912
  C:1EDEH         LINE#         913
  C:1EE3H         LINE#         914
  C:1EEBH         LINE#         915
  C:1EEEH         LINE#         916
  C:1EF1H         LINE#         917
  C:1EF1H         LINE#         918
BL51 BANKED LINKER/LOCATER V6.22.4.0                                                  09/03/2025  11:15:20  PAGE 17


  C:1EF1H         LINE#         920
  C:1EF3H         LINE#         922
  C:1EF6H         LINE#         923
  C:1EF6H         LINE#         924
  C:1EF8H         LINE#         925
  C:1EFBH         LINE#         926
  C:1EFBH         LINE#         927
  C:1F02H         LINE#         928
  C:1F04H         LINE#         929
  C:1F04H         LINE#         930
  C:1F07H         LINE#         931
  C:1F07H         LINE#         932
  C:1F0EH         LINE#         933
  C:1F0EH         LINE#         934
  -------         ENDPROC       PAUSE
  -------         PROC          YEHUI_UI
  -------         DO            
  X:0070H         SYMBOL        i
  X:0071H         SYMBOL        k
  X:0072H         SYMBOL        words1
  X:0093H         SYMBOL        words2
  X:00A2H         SYMBOL        words3
  -------         DO            
  X:00BDH         SYMBOL        col_start
  X:00BEH         SYMBOL        spacing
  X:00BDH         SYMBOL        col_start
  X:00BEH         SYMBOL        spacing
  -------         ENDDO         
  -------         DO            
  X:00BDH         SYMBOL        col_start
  X:00BEH         SYMBOL        spacing
  -------         ENDDO         
  -------         ENDDO         
  C:149AH         LINE#         940
  C:149AH         LINE#         941
  C:149AH         LINE#         943
  C:14ADH         LINE#         944
  C:14C0H         LINE#         945
  C:14CAH         LINE#         947
  C:14CDH         LINE#         953
  C:14D2H         LINE#         954
  C:14D2H         LINE#         955
  C:14D8H         LINE#         956
  C:14DCH         LINE#         957
  C:1528H         LINE#         958
  C:1534H         LINE#         959
  C:1539H         LINE#         960
  C:1539H         LINE#         961
  C:153FH         LINE#         962
  C:1543H         LINE#         963
  C:1596H         LINE#         964
  C:15A2H         LINE#         966
  -------         ENDPROC       YEHUI_UI
  -------         PROC          YHLTD
  -------         DO            
  X:0000H         SYMBOL        k
  X:0001H         SYMBOL        words6
BL51 BANKED LINKER/LOCATER V6.22.4.0                                                  09/03/2025  11:15:20  PAGE 18


  X:002BH         SYMBOL        words7
  X:0058H         SYMBOL        words8
  -------         DO            
  X:006DH         SYMBOL        col_start
  X:006EH         SYMBOL        spacing
  X:006DH         SYMBOL        col_start
  X:006EH         SYMBOL        spacing
  X:006DH         SYMBOL        col_start
  X:006EH         SYMBOL        spacing
  -------         ENDDO         
  -------         DO            
  X:006DH         SYMBOL        col_start
  X:006EH         SYMBOL        spacing
  X:006DH         SYMBOL        col_start
  X:006EH         SYMBOL        spacing
  -------         ENDDO         
  -------         DO            
  X:006DH         SYMBOL        col_start
  X:006EH         SYMBOL        spacing
  -------         ENDDO         
  -------         ENDDO         
  C:1327H         LINE#         994
  C:1327H         LINE#         995
  C:1327H         LINE#         997
  C:133AH         LINE#         998
  C:134DH         LINE#         999
  C:1357H         LINE#         1001
  C:135AH         LINE#         1002
  C:135FH         LINE#         1003
  C:135FH         LINE#         1004
  C:1365H         LINE#         1005
  C:1367H         LINE#         1006
  C:13B3H         LINE#         1007
  C:13BFH         LINE#         1009
  C:13C4H         LINE#         1010
  C:13C4H         LINE#         1011
  C:13CAH         LINE#         1012
  C:13CCH         LINE#         1013
  C:141FH         LINE#         1014
  C:142BH         LINE#         1016
  C:1430H         LINE#         1017
  C:1430H         LINE#         1018
  C:1436H         LINE#         1019
  C:143AH         LINE#         1020
  C:148DH         LINE#         1021
  C:1499H         LINE#         1023
  -------         ENDPROC       YHLTD
  -------         ENDMOD        LCM13264_COG_

  -------         MODULE        ?C?FPADD
  C:0E9AH         PUBLIC        ?C?FPADD
  C:0E96H         PUBLIC        ?C?FPSUB
  -------         ENDMOD        ?C?FPADD

  -------         MODULE        ?C?FPMUL
  C:0F8BH         PUBLIC        ?C?FPMUL
  -------         ENDMOD        ?C?FPMUL
BL51 BANKED LINKER/LOCATER V6.22.4.0                                                  09/03/2025  11:15:20  PAGE 19



  -------         MODULE        ?C?FPDIV
  C:1094H         PUBLIC        ?C?FPDIV
  -------         ENDMOD        ?C?FPDIV

  -------         MODULE        ?C?FCAST
  C:113BH         PUBLIC        ?C?FCASTC
  C:1136H         PUBLIC        ?C?FCASTI
  C:1131H         PUBLIC        ?C?FCASTL
  -------         ENDMOD        ?C?FCAST

  -------         MODULE        ?C?COPY
  C:1289H         PUBLIC        ?C?COPY
  -------         ENDMOD        ?C?COPY

  -------         MODULE        ?C?CLDOPTR
  C:12AFH         PUBLIC        ?C?CLDOPTR
  -------         ENDMOD        ?C?CLDOPTR

  -------         MODULE        ?C?LNEG
  C:12DCH         PUBLIC        ?C?LNEG
  -------         ENDMOD        ?C?LNEG

  -------         MODULE        ?C?LSTXDATA
  C:12EAH         PUBLIC        ?C?LSTXDATA
  -------         ENDMOD        ?C?LSTXDATA

  -------         MODULE        ?C?LSTKXDATA
  C:12F6H         PUBLIC        ?C?LSTKXDATA
  -------         ENDMOD        ?C?LSTKXDATA

Program Size: data=9.0 xdata=237 code=8364
LINK/LOCATE RUN COMPLETE.  0 WARNING(S),  0 ERROR(S)
