C51 COMPILER V9.60.7.0   LCD                                                               04/11/2025 13:55:58 PAGE 1   


C51 COMPILER V9.60.7.0, COMPILATION OF MODULE LCD
OBJECT MODULE PLACED IN ..\output\lcd.obj
COMPILER INVOKED BY: D:\KEIL_STM32\C51\BIN\C51.EXE ..\code\lcd.c OPTIMIZE(8,SPEED) BROWSE INCDIR(..\code) DEBUG OBJECTEX
                    -TEND PRINT(.\lcd.lst) OBJECT(..\output\lcd.obj)

line level    source

   1          #include "lcd.h"
   2          
   3          u8 LCD_POLARITY=0;
   4          u8 CGRAM[LCD_Max];
   5          
   6          //第一行的偶数
   7          code u8 leddata1[]={ 
   8                          0xEE,  //"0"
   9                          0x28,  //"1"
  10                          0xCD,  //"2"
  11                          0x6D,  //"3"
  12                          0x2B,  //"4"
  13                          0x67,  //"5"
  14                          0xE7,  //"6"
  15                          0x2C,  //"7"
  16                          0xEF,  //"8"
  17                          0x6F,  //"9"
  18                          0xAF,  //"A"
  19                          0xE3,  //"B"
  20                          0xC6,  //"C"
  21                          0xE9,  //"D"
  22                          0xC7,  //"E"
  23                          0x87,  //"F"
  24                          0xAB,  //"H"
  25                          0xC2,  //"L"
  26                          0xAE,  //"n"
  27                          0xEA,  //"u"
  28                          0x8F,  //"P"
  29                          0xE1,  //"o"
  30                          0x01,  //"-"
  31                          0x00,  //熄灭
  32                          0x00  //自定义
  33           
  34                                   };
  35          
  36          //第一行的奇数 
  37          code u8 leddata2[]={ 
  38           
  39                          0xEE,  //"0"
  40                          0x82,  //"1"
  41                          0xDC,  //"2"
  42                          0xD6,  //"3"
  43                          0xB2,  //"4"
  44                          0x76,  //"5"
  45                          0x7E,  //"6"
  46                          0xC2,  //"7"
  47                          0xFE,  //"8"
  48                          0xF6,  //"9"
  49                          0xFA,  //"A"
  50                          0x3E,  //"B"
  51                          0x6C,  //"C"
  52                          0x9E,  //"D"
  53                          0x7C,  //"E"
  54                          0x78,  //"F"
C51 COMPILER V9.60.7.0   LCD                                                               04/11/2025 13:55:58 PAGE 2   

  55                          0xBA,  //"H"
  56                          0x2C,  //"L"
  57                          0xEA,  //"n"
  58                          0xAE,  //"u"
  59                          0xF8,  //"P"
  60                          0x1E,  //"o"
  61                          0x10,  //"-"
  62                          0x00,  //熄灭
  63                          0x00  //自定义
  64           
  65                                   };
  66          //第二行后面
  67          code u8 leddata3[]={ 
  68           
  69                          0xBD,  //"0"
  70                          0x30,  //"1"
  71                          0x9B,  //"2"
  72                          0xBA,  //"3"
  73                          0x36,  //"4"
  74                          0xAE,  //"5"
  75                          0xAF,  //"6"
  76                          0x38,  //"7"
  77                          0xBF,  //"8"
  78                          0xBE,  //"9"
  79                          0x3F,  //"A"
  80                          0xA7,  //"B"
  81                          0x8D,  //"C"
  82                          0xB3,  //"D"
  83                          0x8F,  //"E"
  84                          0x0F,  //"F"
  85                          0x37,  //"H"
  86                          0x85,  //"L"
  87                          0x3D,  //"n"
  88                          0xB5,  //"u"
  89                          0x1F,  //"P"
  90                          0xA3,  //"o"
  91                          0x02,  //"-"
  92                          0x00,  //熄灭
  93                          0x00  //自定义
  94           
  95                                   };
  96                                   
  97           //第三行
  98          code u8 leddata4[]={ 
  99           
 100                          0xBE,  //"0"
 101                          0x0C,  //"1"
 102                          0x76,  //"2"
 103                          0x5E,  //"3"
 104                          0xCC,  //"4"
 105                          0xDA,  //"5"
 106                          0xFA,  //"6"
 107                          0x0E,  //"7"
 108                          0xFE,  //"8"
 109                          0xDE,  //"9"
 110                          0xEE,  //"A"
 111                          0xF8,  //"B"
 112                          0xB2,  //"C"
 113                          0x7C,  //"D"
 114                          0xF2,  //"E"
 115                          0xE2,  //"F"
 116                          0xEC,  //"H"
C51 COMPILER V9.60.7.0   LCD                                                               04/11/2025 13:55:58 PAGE 3   

 117                          0xB0,  //"L"
 118                          0xAE,  //"n"
 119                          0xBC,  //"u"
 120                          0xE6,  //"P"
 121                          0x78,  //"o"
 122                          0x40,  //"-"
 123                          0x00,  //熄灭
 124                          0x00  //自定义
 125           
 126                                   };
 127          
 128          
 129          code u8 leddata10[]={ 
 130           
 131          //                          0xFF,  
 132          //                0x3F,  //"0"
 133          //                0x06,  //"1"
 134          //                0x5B,  //"2"
 135          //                0x4F,  //"3"
 136          //                0x66,  //"4"
 137          //                0x6D,  //"5"
 138          //                0x7D,  //"6"
 139          //                0x07,  //"7"
 140          //                0x7F,  //"8"
 141          //                0x6F,  //"9"
 142          //                0x77,  //"A"
 143          //                0x7C,  //"B"
 144          //                0x39,  //"C"
 145          //                0x5E,  //"D"
 146          //                0x79,  //"E"
 147          //                0x71,  //"F"
 148          //                0x76,  //"H"
 149          //                0x38,  //"L"
 150          //                0x37,  //"n"
 151          //                0x3E,  //"u"
 152          //                0x73,  //"P"
 153          //                0x5C,  //"o"
 154          //                0x40,  //"-"
 155          //                0x00,  //熄灭
 156          
 157                                            0xBF, // 0：A B C D E F 点亮（G 不亮）+ DP = 1
 158                                            0x86, // 1：B C + DP
 159                                            0xDB, // 2：A B D E G + DP
 160                                            0xCF, // 3：A B C D G + DP
 161                                            0xE6, // 4：B C F G + DP
 162                                            0xED, // 5：A C D F G + DP
 163                                            0xFD, // 6：A C D E F G + DP
 164                                            0x87, // 7：A B C + DP
 165                                            0xFF, // 8：全亮（A~G + DP）
 166                                            0xEF  // 9：A B C D F G + DP
 167                                  
 168                                   };
 169          code u8 leddata20[]={ 
 170           
 171                          0xC0,  //"0"
 172                          0xF9,  //"1"
 173                          0xA4,  //"2"
 174                          0xB0,  //"3"
 175                          0x99,  //"4"
 176                          0x92,  //"5"
 177                          0x82,  //"6"
 178                          0xF8,  //"7"
C51 COMPILER V9.60.7.0   LCD                                                               04/11/2025 13:55:58 PAGE 4   

 179                          0x80,  //"8"
 180                          0x90,  //"9"
 181                          0x88,  //"A"
 182                          0x83,  //"B"
 183                          0xC6,  //"C"
 184                          0xA1,  //"D"
 185                          0x86,  //"E"
 186                          0x8E,  //"F"
 187                          0x89,  //"H"
 188                          0xC7,  //"L"
 189                          0xC8,  //"n"
 190                          0xC1,  //"u"
 191                          0x8C,  //"P"
 192                          0xA3,  //"o"
 193                          0xBF,  //"-"
 194                          0xFF,  //熄灭
 195                          0xFF  //自定义
 196           
 197                                   };
 198                                   
 199          
 200          u8 LCD_Get_LEDDATA(u8 pos,u8 dat)
 201          {
 202   1              u8 ret_dat=0;
 203   1              switch(pos)
 204   1              {
 205   2                      case 14:
 206   2                      case 15:
 207   2                      case 16:
 208   2                      {
 209   3                              ret_dat=leddata1[dat];
 210   3                      }break;
 211   2                      case 17:
 212   2                      case 18:
 213   2                      case 19:
 214   2                      case 13:
 215   2                      {
 216   3                              ret_dat=leddata2[dat];
 217   3                      }break;
 218   2                      case 10:
 219   2                      case 11:
 220   2                      case 12:
 221   2                      {
 222   3                              ret_dat=leddata3[dat];
 223   3                      }break;
 224   2                      case 0:
 225   2                      case 1:
 226   2                      case 2:
 227   2                      case 3:
 228   2                      case 4:
 229   2                      case 5:
 230   2                      case 6:
 231   2                      case 7:
 232   2                      case 8:
 233   2                      case 9:
 234   2                      {
 235   3                              ret_dat=leddata4[dat];
 236   3                      }break;
 237   2                      default:break;
 238   2              }
 239   1              return ret_dat;
 240   1      }
C51 COMPILER V9.60.7.0   LCD                                                               04/11/2025 13:55:58 PAGE 5   

 241          
 242          
 243          
 244          void LCD_Delay(u16 nops)
 245          {
 246   1              while(nops--);
 247   1      }
 248          
 249          
 250          void LCD_Port_Init(void)
 251          {
 252   1              SCK =1;
 253   1              SDI=1;
 254   1              RCK=1;
 255   1      }
 256          
 257          
 258          
 259          
 260          void LCD_Write_Byte(u8 dat)
 261          {
 262   1              u8 i;
 263   1              for(i=0;i<8;i++)
 264   1              {
 265   2                      SCK =0;
 266   2                      //LCD_Delay(1);
 267   2                      if(dat&0x80)
 268   2                              SDI=1;
 269   2                      else
 270   2                              SDI=0;
 271   2                      //LCD_Delay(1); 
 272   2                      SCK =1;
 273   2                      //LCD_Delay(1);
 274   2                      dat<<=1;
 275   2              }
 276   1      }
 277          
 278          
 279          //LCD_Set_All(1,LCD_Max,leddata10[index]);
 280          void LCD_Set_All(u8 start,u8 stop,u8 dat)
 281          {
 282   1              u8 i;
 283   1              for(i=start;i<stop;i++)
 284   1              {
 285   2                      CGRAM[i]=dat;
 286   2              }
 287   1      }
 288          
 289          void LCD_Display_All(void)
 290          {
 291   1              u8 i;
 292   1              for(i=0;i<LCD_Max;i++)
 293   1              {
 294   2                      CGRAM[i]=0xff;
 295   2              }
 296   1      }
 297          
 298          void LCD_Clear_All(void)
 299          {
 300   1              u8 i;
 301   1              for(i=0;i<LCD_Max;i++)
 302   1              {
C51 COMPILER V9.60.7.0   LCD                                                               04/11/2025 13:55:58 PAGE 6   

 303   2                      CGRAM[i]=0x00;
 304   2              }
 305   1      }
 306          
 307          void LCD_Update_CGRAM(u8 bit_state)
 308          {
 309   1              u8 i;
 310   1              RCK=0;
 311   1              if(bit_state==0)
 312   1              {
 313   2                      for(i=0;i<LCD_Max;i++)
 314   2                      {
 315   3                              LCD_Write_Byte(~CGRAM[i]);
 316   3                      }
 317   2              }
 318   1              else
 319   1              {
 320   2                      for(i=0;i<LCD_Max;i++)
 321   2                      {
 322   3                              LCD_Write_Byte(CGRAM[i]);
 323   3                      }
 324   2              }
 325   1              RCK=1;  //将数据更新到端口
 326   1      }


MODULE INFORMATION:   STATIC OVERLAYABLE
   CODE SIZE        =    227    ----
   CONSTANT SIZE    =    135    ----
   XDATA SIZE       =   ----    ----
   PDATA SIZE       =   ----    ----
   DATA SIZE        =     23    ----
   IDATA SIZE       =   ----    ----
   BIT SIZE         =   ----    ----
END OF MODULE INFORMATION.


C51 COMPILATION COMPLETE.  0 WARNING(S),  0 ERROR(S)
