<html>
<body>
<pre>
<h1>礦ision Build Log</h1>
<h2>Tool Versions:</h2>
IDE-Version: μVision V5.41.0.0
Copyright (C) 2024 ARM Ltd and ARM Germany GmbH. All rights reserved.
License Information: 168 168, 168, LIC=FYKYW-QIBM9-30RNC-756MX-WWZZZ-ES2WG
 
Tool Versions:
Toolchain:       MDK-ARM Plus  Version: 5.41.0.0
Toolchain Path:  D:\KEIL_STM32\ARM\ARMCC\Bin
C Compiler:      Armcc.exe V5.06 update 7 (build 960)
Assembler:       Armasm.exe V5.06 update 7 (build 960)
Linker/Locator:  ArmLink.exe V5.06 update 7 (build 960)
Library Manager: ArmAr.exe V5.06 update 7 (build 960)
Hex Converter:   FromElf.exe V5.06 update 7 (build 960)
CPU DLL:         SARMCM3.DLL V5.41.0.0
Dialog DLL:      DCM.DLL V1.17.5.0
Target DLL:      CMSIS_AGDI.dll V1.33.21.0
Dialog DLL:      TCM.DLL V1.56.4.0
 
<h2>Project:</h2>
D:\桌面\YH_Co.,Ltd\GitHub_LCD-Code\2.42OLED-IC-SSD1309\03-1.51OLED程序源码\中景园IIC接口显示屏例程\STM32例程\01-1.51OLED显示屏STM32F103C8T6_IIC例程\USER\OLED.uvprojx
Project File Date:  06/28/2025

<h2>Output:</h2>
*** Using Compiler 'V5.06 update 7 (build 960)', folder: 'D:\KEIL_STM32\ARM\ARMCC\Bin'
Build target 'Target 1'
compiling oled.c...
..\HARDWARE\OLED\oled.c(528): warning:  #1-D: last line of file ends without a newline
  }
..\HARDWARE\OLED\oled.c: 1 warning, 0 errors
linking...
Program Size: Code=3164 RO-data=8000 RW-data=32 ZI-data=2984  
FromELF: creating hex file...
"..\OBJ\OLED.axf" - 0 Error(s), 1 Warning(s).

<h2>Software Packages used:</h2>

Package Vendor: Keil
                https://www.keil.com/pack/Keil.STM32F1xx_DFP.2.4.1.pack
                Keil::STM32F1xx_DFP@2.4.1
                STMicroelectronics STM32F1 Series Device Support, Drivers and Examples

<h2>Collection of Component include folders:</h2>
  D:/KEIL_STM32/Packs/Keil/STM32F1xx_DFP/2.4.1/Device/Include

<h2>Collection of Component Files used:</h2>
Build Time Elapsed:  00:00:02
</pre>
</body>
</html>
