C51 COMPILER V9.60.7.0   MAIN                                                              08/30/2025 14:21:16 PAGE 1   


C51 COMPILER V9.60.7.0, COMPILATION OF MODULE MAIN
OBJECT MODULE PLACED IN .\Objects\main.obj
COMPILER INVOKED BY: D:\KEIL_STM32\C51\BIN\C51.EXE main.c OPTIMIZE(8,SPEED) BROWSE DEBUG OBJECTEXTEND PRINT(.\Listings\m
                    -ain.lst) OBJECT(.\Objects\main.obj)

line level    source

   1          #include <REGX52.H>
   2          #include "picture.h"
   3          #include "lcd12232.h"
   4          
   5          unsigned char mode;
   6          void main(void)
   7          {
   8   1      //    Initial();
   9   1      //      Delay(50);
  10   1      //      Display_dot(0x00,0x00);
  11   1      //      Delay(2000);
  12   1      //      Display_dot(0x55,0xAA);
  13   1      //      Delay(2000);
  14   1      //      Display_dot(0xaa,0x55);
  15   1      //      Delay(2000);
  16   1      //      Display_dot(0x00,0xff);
  17   1      //      Delay(2000);
  18   1      //      Display_dot(0xff,0x00);
  19   1      //      Delay(2000);
  20   1      //      Display_dot(0x55,0x55);
  21   1      //      Delay(2000);
  22   1      //      Display_dot(0xaa,0xaa);
  23   1      //      Delay(2000);
  24   1      //      Display_dot(0x00,0x00);
  25   1      //      show_chinese();
  26   1              while(1)
  27   1              {                       
  28   2              Initial();
  29   2              Delay(50);
  30   2              Display_dot(0x00,0x00);
  31   2      
  32   2      //      Delay(8000);
  33   2      //      show_chinese();
  34   2              DisplayLineEnglishEx(0, 1, 0, 13);
  35   2              Delay(8000);
  36   2              DisplayLineEnglishEx(2, 3, 13, 8);
  37   2              Delay(8000);
  38   2              Display_dot(0x55,0xAA);
  39   2              Delay(2000);
  40   2              Display_dot(0xaa,0x55);
  41   2              Delay(2000);
  42   2              Display_dot(0x00,0xff);
  43   2              Delay(2000);
  44   2              Display_dot(0xff,0x00);
  45   2              Delay(2000);
  46   2              Display_dot(0x55,0x55);
  47   2              Delay(2000);
  48   2              Display_dot(0xaa,0xaa);
  49   2              Delay(2000);
  50   2      
  51   2                      
  52   2                      
  53   2      //              if(ReadKey1())
  54   2      //              mode++;
C51 COMPILER V9.60.7.0   MAIN                                                              08/30/2025 14:21:16 PAGE 2   

  55   2      //              mode%=7;
  56   2      //              switch(mode){   
  57   2      //              case 0:Display_dot(0xAA,0x55);
  58   2      //              break;
  59   2      //              case 1:Display_dot(0x55,0xaa);
  60   2      //              break;
  61   2      //              case 2:Display_dot(0x55,0x55);
  62   2      //              break;
  63   2      //              case 3:Display_dot(0x00,0xff);
  64   2      //              break;
  65   2      //              case 4:Display_dot(0xaa,0xaa);
  66   2      //              break;
  67   2      //              case 5:Display_dot(0xff,0xff);
  68   2      //              break;
  69   2      //              case 6:show_chinese();
  70   2      //              break;
  71   2      //}
  72   2              }
  73   1      }
  74          
  75          
  76          //void main(void)   
  77          //{
  78          
  79          //      Initial(); 
  80          //      Delay(50);
  81          //      Display_dot(0x00,0x00);
  82          //      Delay(2000);
  83          
  84          //    while (1)  
  85          //    {
  86          //      
  87          //        if (ReadKey1()) 
  88          //        {
  89          //            HandleKey(); 
  90          //        } 
  91          //        else 
  92          //        {
  93          //          
  94          //            DisplayPatterns(); 
  95          //        }
  96          //    }   
  97          //}


MODULE INFORMATION:   STATIC OVERLAYABLE
   CODE SIZE        =    121    ----
   CONSTANT SIZE    =   ----    ----
   XDATA SIZE       =   ----    ----
   PDATA SIZE       =   ----    ----
   DATA SIZE        =      1    ----
   IDATA SIZE       =   ----    ----
   BIT SIZE         =   ----    ----
END OF MODULE INFORMATION.


C51 COMPILATION COMPLETE.  0 WARNING(S),  0 ERROR(S)
