C51 COMPILER V9.60.7.0   MAIN                                                              08/25/2025 19:25:01 PAGE 1   


C51 COMPILER V9.60.7.0, COMPILATION OF MODULE MAIN
OBJECT MODULE PLACED IN main.OBJ
COMPILER INVOKED BY: D:\KEIL_STM32\C51\BIN\C51.EXE main.c OPTIMIZE(8,SPEED) BROWSE INCDIR(.\SRC) DEBUG OBJECTEXTEND

line level    source

   1          #include "REG51.h"
   2          #include "oled.h"
   3          #include "bmp.h"
   4          
   5          int main(void)
   6          {
   7   1      
   8   1              while(1) 
   9   1              {
  10   2      
  11   2              u8 t=' ';
  12   2              OLED_Init();//初始化OLED
  13   2              OLED_ColorTurn(0);//0正常显示，1 反色显示
  14   2          OLED_DisplayTurn(0);//0正常显示 1 屏幕翻转显示                      
  15   2                      OLED_Clear();
  16   2                      OLED_Fill_Column(0x00, 0x00); 
  17   2      //              OLED_ShowChinese(18,0,0,16);// 
  18   2      //              OLED_ShowChinese(36,0,1,16);//
  19   2      //              OLED_ShowChinese(54,0,2,16);// 
  20   2      //              OLED_ShowChinese(72,0,3,16);//
  21   2      //              OLED_ShowChinese(90,0,4,16);//
  22   2                      OLED_ShowString(16,2,"Made in China",16);
  23   2                      OLED_ShowString(20,4,"2025/09/10",16);
  24   2                      OLED_ShowString(1,6,"ASCII:",16);  
  25   2                      OLED_ShowString(63,6,"CODE:",16);
  26   2                      OLED_ShowChar(48,6,t,16);
  27   2                      t++;
  28   2                      if(t>'~')t=' ';
  29   2                      OLED_ShowNum(103,6,t,3,16);
  30   2                      delay_ms(300);
  31   2                      OLED_Clear();
  32   2                      
  33   2              OLED_DrawBMP(0,0,128,64,BMP1);
  34   2              delay_ms(300);
  35   2              OLED_DrawBMP(0,0,128,64,BMP2);
  36   2      
  37   2      //      OLED_ShowChinese(18,1,0,16); 
  38   2      //      OLED_ShowChinese(36,1,1,16);
  39   2      //      OLED_ShowChinese(54,1,2,16);
  40   2      //      OLED_ShowChinese(72,1,3,16);
  41   2      //      OLED_ShowChinese(90,1,4,16);
  42   2      //      
  43   2      //      OLED_ShowChinese(18,3,5,16);
  44   2      //      OLED_ShowChinese(36,3,6,16);
  45   2      //      OLED_ShowChinese(54,3,7,16);
  46   2      //      OLED_ShowChinese(72,3,8,16);
  47   2      //      OLED_ShowChinese(90,3,9,16);
  48   2              OLED_ShowString(15,3,"0.96Inch_OLED",16);
  49   2              delay_ms(300);
  50   2              
  51   2              OLED_Fill_Row(0X55) ;
  52   2              delay_ms(100);
  53   2              
  54   2              OLED_Fill_Row(0XAA) ;
  55   2              delay_ms(100);
C51 COMPILER V9.60.7.0   MAIN                                                              08/25/2025 19:25:01 PAGE 2   

  56   2              
  57   2              OLED_Fill_Column(0xFF, 0x00); 
  58   2              delay_ms(100);
  59   2      
  60   2              OLED_Fill_Column(0x00, 0xFF); 
  61   2              delay_ms(100);
  62   2      
  63   2              OLED_Fill_Column(0x55, 0xAA); 
  64   2              delay_ms(100);
  65   2      
  66   2              OLED_Fill_Column(0xAA, 0x55); 
  67   2              delay_ms(100);
  68   2              OLED_Fill_Column(0x00, 0x00); 
  69   2              OLED_Clear();   
  70   2              OLED_ColorTurn(1);//0正常显示，1 反色显示
  71   2              
  72   2              OLED_DrawBMP(0,0,128,64,BMP1);
  73   2              delay_ms(100);
  74   2              OLED_DrawBMP(0,0,128,64,BMP2);
  75   2              
  76   2      //      OLED_ShowChinese(18,1,0,16); 
  77   2      //      OLED_ShowChinese(36,1,1,16);
  78   2      //      OLED_ShowChinese(54,1,2,16);
  79   2      //      OLED_ShowChinese(72,1,3,16);
  80   2      //      OLED_ShowChinese(90,1,4,16);
  81   2      //      
  82   2      //      OLED_ShowChinese(18,3,5,16);
  83   2      //      OLED_ShowChinese(36,3,6,16);
  84   2      //      OLED_ShowChinese(54,3,7,16);
  85   2      //      OLED_ShowChinese(72,3,8,16);
  86   2      //      OLED_ShowChinese(90,3,9,16);
  87   2              OLED_ShowString(15,3,"0.96Inch_OLED",16);
  88   2              delay_ms(100);  
  89   2              }         
  90   1              
  91   1      }
  92          
  93                  


MODULE INFORMATION:   STATIC OVERLAYABLE
   CODE SIZE        =    399    ----
   CONSTANT SIZE    =   2100    ----
   XDATA SIZE       =   ----    ----
   PDATA SIZE       =   ----    ----
   DATA SIZE        =   ----       1
   IDATA SIZE       =   ----    ----
   BIT SIZE         =   ----    ----
END OF MODULE INFORMATION.


C51 COMPILATION COMPLETE.  0 WARNING(S),  0 ERROR(S)
