C51 COMPILER V9.60.7.0   MAIN                                                              09/11/2025 15:56:11 PAGE 1   


C51 COMPILER V9.60.7.0, COMPILATION OF MODULE MAIN
OBJECT MODULE PLACED IN main.OBJ
COMPILER INVOKED BY: D:\KEIL_STM32\C51\BIN\C51.EXE main.c OPTIMIZE(8,SPEED) BROWSE INCDIR(.\SRC) DEBUG OBJECTEXTEND

line level    source

   1          #include "REG51.h"
   2          #include "oled.h"
   3          #include "bmp.h"
   4          
   5          int main(void)
   6          {       
   7   1              u32 k;
   8   1              while(1) 
   9   1              {
  10   2              u8 t=' ';
  11   2              OLED_Init();//初始化OLED
  12   2              OLED_ColorTurn(0);//0正常显示，1 反色显示
  13   2          OLED_DisplayTurn(0);//0正常显示 1 屏幕翻转显示
  14   2      
  15   2      //              OLED_ShowChinese(18,0,0,16);// 
  16   2      //              OLED_ShowChinese(36,0,1,16);//
  17   2      //              OLED_ShowChinese(54,0,2,16);// 
  18   2      //              OLED_ShowChinese(72,0,3,16);//
  19   2      //              OLED_ShowChinese(90,0,4,16);//
  20   2                      OLED_ShowString(16,2,"Made in China",16);
  21   2                      OLED_ShowString(20,5,"2025/09/10",16);
  22   2      //              OLED_ShowString(1,6,"ASCII:",16);  
  23   2      //              OLED_ShowString(63,6,"CODE:",16);
  24   2      //              OLED_ShowChar(48,6,t,16);
  25   2      //              t++;
  26   2      //              if(t>'~')t=' ';
  27   2      //              OLED_ShowNum(103,6,t,3,16);
  28   2                      delay_ms(100);
  29   2                      OLED_Clear();
  30   2                      
  31   2      //      OLED_DrawBMP(0,0,128,64,BMP1);
  32   2      //      delay_ms(100);
  33   2      //      OLED_DrawBMP(0,0,128,64,BMP2);
  34   2      
  35   2      //      OLED_ShowChinese(18,1,0,16); 
  36   2      //      OLED_ShowChinese(36,1,1,16);
  37   2      //      OLED_ShowChinese(54,1,2,16);
  38   2      //      OLED_ShowChinese(72,1,3,16);
  39   2      //      OLED_ShowChinese(90,1,4,16);
  40   2      //      
  41   2      //      OLED_ShowChinese(18,3,5,16);
  42   2      //      OLED_ShowChinese(36,3,6,16);
  43   2      //      OLED_ShowChinese(54,3,7,16);
  44   2      //      OLED_ShowChinese(72,3,8,16);
  45   2      //      OLED_ShowChinese(90,3,9,16);
  46   2              OLED_ShowString(16,3,"0.91Inch_OLED",16);
  47   2              delay_ms(100);
  48   2      
  49   2      OLED_Fill_Row(0xFF, 0x00); // 奇数行区间全亮，偶数行区间全灭
  50   2              delay_ms(100);
  51   2      OLED_Fill_Row(0x00, 0xff); // 奇数行区间全亮，偶数行区间全灭    
  52   2              delay_ms(100);
  53   2      OLED_Fill_Row(0xaa, 0x55); // 奇数行区间全亮，偶数行区间全灭    
  54   2              delay_ms(100);
  55   2      OLED_Fill_Row(0x55, 0xaa); // 奇数行区间全亮，偶数行区间全灭    
C51 COMPILER V9.60.7.0   MAIN                                                              09/11/2025 15:56:11 PAGE 2   

  56   2              delay_ms(100);
  57   2              OLED_Fill_Column(0xFF, 0x00); 
  58   2              delay_ms(100);
  59   2      
  60   2              OLED_Fill_Column(0x00, 0xFF); 
  61   2              delay_ms(100);
  62   2              
  63   2              OLED_ColorTurn(1);//0正常显示，1 反色显示
  64   2              
  65   2      //      OLED_DrawBMP(0,0,128,64,BMP1);
  66   2      //      delay_ms(100);
  67   2      //      OLED_DrawBMP(0,1,128,64,BMP2);
  68   2              
  69   2      //      OLED_ShowChinese(18,1,0,16); 
  70   2      //      OLED_ShowChinese(36,1,1,16);
  71   2      //      OLED_ShowChinese(54,1,2,16);
  72   2      //      OLED_ShowChinese(72,1,3,16);
  73   2      //      OLED_ShowChinese(90,1,4,16);
  74   2      //      
  75   2      //      OLED_ShowChinese(18,3,5,16);
  76   2      //      OLED_ShowChinese(36,3,6,16);
  77   2      //      OLED_ShowChinese(54,3,7,16);
  78   2      //      OLED_ShowChinese(72,3,8,16);
  79   2      //      OLED_ShowChinese(90,3,9,16);
  80   2              OLED_ShowString(16,3,"0.91Inch_OLED",16);
  81   2              delay_ms(100);  
  82   2              }         
  83   1              
  84   1      }
*** WARNING C280 IN LINE 7 OF main.c: 'k': unreferenced local variable
  85          
  86                  


MODULE INFORMATION:   STATIC OVERLAYABLE
   CODE SIZE        =    201    ----
   CONSTANT SIZE    =   2087    ----
   XDATA SIZE       =   ----    ----
   PDATA SIZE       =   ----    ----
   DATA SIZE        =   ----       3
   IDATA SIZE       =   ----    ----
   BIT SIZE         =   ----    ----
END OF MODULE INFORMATION.


C51 COMPILATION COMPLETE.  1 WARNING(S),  0 ERROR(S)
