C51 COMPILER V9.60.7.0   MAIN                                                              11/06/2024 16:39:49 PAGE 1   


C51 COMPILER V9.60.7.0, COMPILATION OF MODULE MAIN
OBJECT MODULE PLACED IN .\Objects\main.obj
COMPILER INVOKED BY: E:\Keil_v5\C51\BIN\C51.EXE main.c OPTIMIZE(8,SPEED) BROWSE DEBUG OBJECTEXTEND PRINT(.\Listings\main
                    -.lst) TABS(2) OBJECT(.\Objects\main.obj)

line level    source

   1          /********************金逸晨**************************
   2          *****************2.42‘   4PIN iic OLED FOR AT89S52/STC12*************
   3          *****AT89S52驱动**************************
   4          ***** P20----3  SCK   ,  P21----4  SDA   ,  
   5          ***** BY:GU 
   6          *********SSD1309
   7          
   8          ********************************************************/
   9          #include "reg51.h"
  10          
  11          #define set_0   0x01
  12          #define set_1   0x02
  13          #define set_2   0x04
  14          #define set_3   0x08    
  15          #define set_4   0x10
  16          #define set_5   0x20
  17          #define set_6   0x40
  18          #define set_7   0x80
  19          
  20          #define clr_0   0xFE
  21          #define clr_1   0xFD
  22          #define clr_2   0xFB
  23          #define clr_3   0xF7    
  24          #define clr_4   0xEF
  25          #define clr_5   0xDF
  26          #define clr_6   0xBF
  27          #define clr_7   0x7F
  28          /**********SPI引脚分配，连接oled屏，更具实际情况修改*********/
  29          
  30          #define IIC_SCK_0  P2 &=clr_0        //P2_0      
  31          #define IIC_SCK_1  P2|=set_0       
  32          #define IIC_SDA_0  P2&=clr_1        //P2_1        
  33          #define IIC_SDA_1  P2|=set_1
  34          
  35          
  36          
  37          #define OLED_COLUMN_NUMBER 128
  38          #define OLED_LINE_NUMBER 64
  39          #define OLED_PAGE_NUMBER (OLED_LINE_NUMBER/8)
  40          #define OLED_COLUMN_OFFSET 0
  41          #define OLED_LINE_OFFSET 0
  42          
  43          const unsigned char  *point;
  44          unsigned char ACK=0;
  45          
  46          code unsigned char  OLED_init_cmd[25]=
  47          {
  48                 0xAE,//关闭显示
  49            
  50                 0xD5,//设置时钟分频因子,震荡频率
  51                 0x80,  //[3:0],分频因子;[7:4],震荡频率
  52          
  53                 0xA8,//设置驱动路数
  54                 0X3F,//默认(1/64)
C51 COMPILER V9.60.7.0   MAIN                                                              11/06/2024 16:39:49 PAGE 2   

  55            
  56                 0xD3,//设置显示偏移
  57                 0X00,//默认为0
  58            
  59                 0x40,//设置显示开始行 [5:0],行数.
  60            
  61                 0x8D,//电荷泵设置
  62                 0x10,//bit2，开启/关闭
  63                 0x20,//设置内存地址模式
  64                 0x02,//[1:0],00，列地址模式;01，行地址模式;10,页地址模式;默认10;
  65                 0xA1,//段重定义设置,bit0:0,0->0;1,0->127;  A1
  66            
  67                 0xC8,//设置COM扫描方向;bit3:0,普通模式;1,重定义模式 COM[N-1]->COM0;N:驱动路数 (C0 翻转显示) C8
  68               
  69                 0xDA,//设置COM硬件引脚配置
  70                 0x12,//[5:4]配置  
  71               
  72                 0x81,//对比度设置
  73                 0xf0,//1~255;默认0X7F (亮度设置,越大越亮)
  74               
  75                 0xD9,//设置预充电周期
  76                 0x71,//[3:0],PHASE 1;[7:4],PHASE 2;
  77               
  78                 0xDB,//设置VCOMH 电压倍率
  79                 0x00,//[6:4] 000,0.65*vcc;001,0.77*vcc;011,0.83*vcc;
  80               
  81                 0xA4,//全局显示开启;bit0:1,开启;0,关闭;(白屏/黑屏)
  82               
  83                 0xA6,//设置显示方式;bit0:1,反相显示;0,正常显示 
  84                 
  85                 0xAF,//开启显示   
  86          };
  87          code unsigned char  picture_tab[]={
  88          //图片显示，列行式，低位在前，阴码
  89          0xFF,0xFF,0x03,0x03,0x03,0x03,0x03,0x03,0x03,0x03,0x03,0x03,0x03,0x03,0x03,0x03,
  90          0x03,0x03,0x03,0x03,0x03,0x03,0x03,0x03,0x03,0x03,0x03,0x03,0x03,0x03,0x03,0x03,
  91          0x03,0x03,0x03,0x03,0x03,0x03,0x03,0x03,0x03,0x03,0x03,0x03,0x03,0x03,0x03,0x03,
  92          0x03,0x03,0x03,0x03,0x03,0x03,0x03,0x03,0x03,0x03,0x03,0x03,0x03,0x03,0x03,0x03,
  93          0x03,0x03,0x03,0x03,0x03,0x03,0x03,0x03,0x03,0x03,0x03,0x03,0x03,0x03,0x03,0x03,
  94          0x03,0x03,0x03,0x03,0x03,0x03,0x03,0x03,0x03,0x03,0x03,0x03,0x03,0x03,0x03,0x03,
  95          0x03,0x03,0x03,0x03,0x03,0x03,0x03,0x03,0x03,0x03,0x03,0x03,0x03,0x03,0x03,0x03,
  96          0x03,0x03,0x03,0x03,0x03,0x03,0x03,0x03,0x03,0x03,0x03,0x03,0x03,0x03,0xFF,0xFF,
  97          0xFF,0xFF,0x00,0x00,0x00,0x00,0x00,0x78,0x00,0xFF,0x08,0x14,0x08,0xFC,0x23,0x90,
  98          0x7F,0x88,0x84,0xE2,0x00,0x24,0xE8,0x3F,0xE8,0x24,0x16,0xD2,0xB2,0x9E,0xD2,0x92,
  99          0x92,0x16,0x00,0x20,0x24,0xA4,0xFC,0x22,0x22,0x10,0x62,0x0C,0x00,0xFF,0x80,0x80,
 100          0x00,0x08,0x08,0xFF,0x88,0x00,0x48,0xC8,0x48,0x7F,0x48,0xC8,0x08,0x00,0x00,0x80,
 101          0x80,0x80,0x80,0x80,0x80,0x80,0xE0,0x10,0x08,0x08,0x08,0x38,0x00,0x08,0xF8,0x08,
 102          0x08,0x10,0xE0,0x00,0x40,0xC0,0x40,0x00,0x40,0xC0,0x40,0x00,0x80,0x40,0x40,0x40,
 103          0x80,0x00,0x04,0xFC,0x80,0x40,0x40,0x80,0x00,0x40,0xC0,0x00,0x00,0x40,0xC0,0x00,
 104          0x00,0x40,0x40,0xCC,0x00,0x00,0x00,0x00,0x00,0x00,0x00,0x00,0x00,0x00,0xFF,0xFF,
 105          0xFF,0xFF,0x00,0x00,0x00,0x00,0x00,0x20,0x1C,0x03,0x04,0x08,0x02,0x02,0x02,0x3F,
 106          0x02,0x02,0x02,0x02,0x00,0x20,0x1F,0x00,0x1F,0x08,0x04,0x04,0x04,0x04,0x3F,0x04,
 107          0x04,0x04,0x00,0x04,0x02,0x01,0x3F,0x01,0x02,0x01,0x01,0x01,0x01,0x3F,0x00,0x00,
 108          0x00,0x21,0x21,0x3F,0x00,0x20,0x20,0x11,0x0A,0x04,0x0A,0x11,0x20,0x20,0x00,0x00,
 109          0x00,0x00,0x00,0x00,0x00,0x00,0x03,0x04,0x08,0x08,0x09,0x07,0x01,0x08,0x0F,0x08,
 110          0x08,0x04,0x03,0x00,0x20,0x20,0x23,0x1C,0x03,0x00,0x00,0x00,0x07,0x09,0x09,0x09,
 111          0x05,0x00,0x08,0x0F,0x08,0x00,0x08,0x0F,0x08,0x00,0x07,0x08,0x08,0x04,0x0F,0x08,
 112          0x00,0x08,0x08,0x0F,0x08,0x08,0x00,0x00,0x00,0x00,0x00,0x00,0x00,0x00,0xFF,0xFF,
 113          0xFF,0xFF,0xC0,0xC0,0xC0,0xC0,0xC0,0xC0,0xC0,0xC0,0xC0,0xC0,0xC0,0xC0,0xC0,0xC0,
 114          0xC0,0xC0,0xC0,0xC0,0xC0,0xC0,0xC0,0xC0,0xC0,0xC0,0xC0,0xC0,0xC0,0xC0,0xC0,0xC0,
 115          0xC0,0xC0,0xC0,0xC0,0xC0,0xC0,0xC0,0xC0,0xC0,0xC0,0xC0,0xC0,0xC0,0xC0,0xC0,0xC0,
 116          0xC0,0xC0,0xC0,0xC0,0xC0,0xC0,0xC0,0xC0,0xC0,0xC0,0xC0,0xC0,0xC0,0xC0,0xC0,0xC0,
C51 COMPILER V9.60.7.0   MAIN                                                              11/06/2024 16:39:49 PAGE 3   

 117          0xC0,0xC0,0xC0,0xC0,0xC0,0xC0,0xC0,0xC0,0xC0,0xC0,0xC0,0xC0,0xC0,0xC0,0xC0,0xC0,
 118          0xC0,0xC0,0xC0,0xC0,0xC0,0xC0,0xC0,0xC0,0xC0,0xC0,0xC0,0xC0,0xC0,0xC0,0xC0,0xC0,
 119          0xC0,0xC0,0xC0,0xC0,0xC0,0xC0,0xC0,0xC0,0xC0,0xC0,0xC0,0xC0,0xC0,0xC0,0xC0,0xC0,
 120          0xC0,0xC0,0xC0,0xC0,0xC0,0xC0,0xC0,0xC0,0xC0,0xC0,0xC0,0xC0,0xC0,0xC0,0xFF,0xFF,
 121          0xFF,0xFF,0x00,0x00,0x00,0x00,0x00,0x00,0x00,0x00,0x00,0x00,0x00,0x00,0x00,0x00,
 122          0x00,0x00,0x00,0x00,0x00,0x00,0x00,0x00,0x00,0x00,0x00,0x00,0x00,0x00,0x00,0x00,
 123          0x00,0x00,0x00,0x00,0x00,0x00,0x00,0x00,0x00,0x00,0x00,0x00,0x00,0x00,0x00,0x00,
 124          0x00,0x00,0x00,0x00,0x00,0x00,0x00,0x00,0x00,0x00,0x00,0x00,0x00,0x00,0x00,0x00,
 125          0x00,0x00,0x00,0x00,0x00,0x00,0x00,0x00,0x00,0x00,0x00,0x00,0x00,0x00,0x00,0x00,
 126          0x00,0x00,0x00,0x00,0x00,0x00,0x00,0x00,0x00,0x00,0x00,0x00,0x00,0x00,0x00,0x00,
 127          0x00,0x00,0x00,0x00,0x00,0x00,0x00,0x00,0x00,0x00,0x00,0x00,0x00,0x00,0x00,0x00,
 128          0x00,0x00,0x00,0x00,0x00,0x00,0x00,0x00,0x00,0x00,0x00,0x00,0x00,0x00,0xFF,0xFF,
 129          0xFF,0xFF,0x00,0x00,0x00,0x00,0x00,0x00,0x00,0x00,0xE0,0x10,0x08,0x08,0x10,0xE0,
 130          0x00,0x08,0xF8,0x08,0x00,0x00,0x00,0x00,0x08,0xF8,0x88,0x88,0xC8,0x18,0x00,0x08,
 131          0xF8,0x08,0x08,0x10,0xE0,0x00,0x00,0x18,0x04,0x04,0xC4,0x38,0x00,0x00,0x00,0x00,
 132          0x00,0x00,0x00,0x00,0x00,0x80,0x60,0x10,0xFC,0x00,0x00,0x00,0x18,0x04,0x04,0xC4,
 133          0x38,0x00,0x80,0x80,0x80,0x80,0x80,0x80,0x80,0x00,0x08,0x08,0xFC,0x00,0x00,0x00,
 134          0x00,0x18,0x04,0x04,0xC4,0x38,0x00,0x38,0xC4,0x44,0x44,0xC4,0x38,0x00,0x00,0x90,
 135          0x60,0xF8,0x60,0x90,0x00,0xF0,0x48,0x24,0x24,0x28,0xC0,0x00,0x00,0x80,0x60,0x10,
 136          0xFC,0x00,0x00,0x00,0x00,0x00,0x00,0x00,0x00,0x00,0x00,0x00,0x00,0x00,0xFF,0xFF,
 137          0xFF,0xFF,0x00,0x00,0x00,0x00,0x00,0x00,0x00,0x00,0x03,0x04,0x08,0x08,0x04,0x03,
 138          0x00,0x08,0x0F,0x08,0x08,0x08,0x0C,0x00,0x08,0x0F,0x08,0x08,0x09,0x0C,0x00,0x08,
 139          0x0F,0x08,0x08,0x04,0x03,0x00,0x00,0x0C,0x0A,0x09,0x08,0x0C,0x00,0x00,0x0C,0x0C,
 140          0x00,0x00,0x00,0x00,0x00,0x01,0x01,0x09,0x0F,0x09,0x00,0x00,0x0C,0x0A,0x09,0x08,
 141          0x0C,0x00,0x00,0x00,0x00,0x00,0x00,0x00,0x00,0x00,0x08,0x08,0x0F,0x08,0x08,0x00,
 142          0x00,0x0C,0x0A,0x09,0x08,0x0C,0x00,0x07,0x08,0x08,0x08,0x08,0x07,0x00,0x00,0x00,
 143          0x00,0x01,0x00,0x00,0x00,0x03,0x04,0x08,0x08,0x08,0x07,0x00,0x00,0x01,0x01,0x09,
 144          0x0F,0x09,0x00,0x00,0x00,0x00,0x00,0x00,0x00,0x00,0x00,0x00,0x00,0x00,0xFF,0xFF,
 145          0xFF,0xFF,0xC0,0xC0,0xC0,0xC0,0xC0,0xC0,0xC0,0xC0,0xC0,0xC0,0xC0,0xC0,0xC0,0xC0,
 146          0xC0,0xC0,0xC0,0xC0,0xC0,0xC0,0xC0,0xC0,0xC0,0xC0,0xC0,0xC0,0xC0,0xC0,0xC0,0xC0,
 147          0xC0,0xC0,0xC0,0xC0,0xC0,0xC0,0xC0,0xC0,0xC0,0xC0,0xC0,0xC0,0xC0,0xC0,0xC0,0xC0,
 148          0xC0,0xC0,0xC0,0xC0,0xC0,0xC0,0xC0,0xC0,0xC0,0xC0,0xC0,0xC0,0xC0,0xC0,0xC0,0xC0,
 149          0xC0,0xC0,0xC0,0xC0,0xC0,0xC0,0xC0,0xC0,0xC0,0xC0,0xC0,0xC0,0xC0,0xC0,0xC0,0xC0,
 150          0xC0,0xC0,0xC0,0xC0,0xC0,0xC0,0xC0,0xC0,0xC0,0xC0,0xC0,0xC0,0xC0,0xC0,0xC0,0xC0,
 151          0xC0,0xC0,0xC0,0xC0,0xC0,0xC0,0xC0,0xC0,0xC0,0xC0,0xC0,0xC0,0xC0,0xC0,0xC0,0xC0,
 152          0xC0,0xC0,0xC0,0xC0,0xC0,0xC0,0xC0,0xC0,0xC0,0xC0,0xC0,0xC0,0xC0,0xC0,0xFF,0xFF,
 153          
 154          
 155          };
 156          
 157          void delay_us(unsigned int _us_time)
 158          {       
 159   1        unsigned char x=0;
 160   1        for(;_us_time>0;_us_time--)
 161   1        {
 162   2          x++;
 163   2        }
 164   1      }
 165          void delay_ms(unsigned int _ms_time)
 166            {
 167   1          unsigned int i,j;
 168   1          for(i=0;i<_ms_time;i++)
 169   1          {
 170   2          for(j=0;j<900;j++)
 171   2            {;}
 172   2          }
 173   1        }
 174          /**************************IIC模块发送函数************************************************
 175          
 176           *************************************************************************/
 177          //写入  最后将SDA拉高，以等待从设备产生应答
 178          void IIC_write(unsigned char date)
C51 COMPILER V9.60.7.0   MAIN                                                              11/06/2024 16:39:49 PAGE 4   

 179          {
 180   1        unsigned char i, temp;
 181   1        temp = date;
 182   1            
 183   1        for(i=0; i<8; i++)
 184   1        { IIC_SCK_0;
 185   2          
 186   2                      if ((temp&0x80)==0)
 187   2                        IIC_SDA_0;
 188   2                      else IIC_SDA_1;
 189   2          temp = temp << 1;
 190   2                    //最少250ns延时
 191   2          IIC_SCK_1;
 192   2          
 193   2        }
 194   1        IIC_SCK_0;
 195   1        
 196   1        IIC_SDA_1;
 197   1        
 198   1        IIC_SCK_1;
 199   1        
 200   1         ACK =0;
 201   1        IIC_SCK_0;
 202   1        
 203   1      
 204   1      }
 205          //启动信号
 206          //SCL在高电平期间，SDA由高电平向低电平的变化定义为启动信号
 207          void IIC_start()
 208          {
 209   1        IIC_SDA_1;
 210   1        
 211   1        IIC_SCK_1;
 212   1                   //所有操作结束释放SCL  
 213   1        IIC_SDA_0;
 214   1        
 215   1        IIC_SCK_0;
 216   1        
 217   1              IIC_write(0x78);
 218   1              
 219   1      }
 220          
 221          //停止信号
 222          //SCL在高电平期间，SDA由低电平向高电平的变化定义为停止信号
 223          void IIC_stop()
 224          {
 225   1        IIC_SDA_0;
 226   1        
 227   1        IIC_SCK_1;
 228   1        
 229   1        IIC_SDA_1;
 230   1        
 231   1      }
 232          
 233          void OLED_send_cmd(unsigned char o_command)
 234            {
 235   1          
 236   1          IIC_start();
 237   1          IIC_write(0x00); 
 238   1          IIC_write(o_command);
 239   1          IIC_stop();
 240   1          
C51 COMPILER V9.60.7.0   MAIN                                                              11/06/2024 16:39:49 PAGE 5   

 241   1        }
 242          void OLED_send_data(unsigned char o_data)
 243            { 
 244   1          IIC_start();
 245   1          IIC_write(0x40);
 246   1          IIC_write(o_data);
 247   1          IIC_stop();
 248   1         }
 249          void Column_set(unsigned char column)
 250            {
 251   1          column+=OLED_COLUMN_OFFSET;
 252   1          OLED_send_cmd(0x10|(column>>4));    //设置列地址高位
 253   1          OLED_send_cmd(0x00|(column&0x0f));   //设置列地址低位  
 254   1             
 255   1        }
 256          void Page_set(unsigned char page)
 257            {
 258   1          OLED_send_cmd(0xb0+page);
 259   1        }
 260          void OLED_clear(void)
 261            {
 262   1          unsigned char page,column;
 263   1          for(page=0;page<OLED_PAGE_NUMBER;page++)             //page loop
 264   1            { 
 265   2                Page_set(page);
 266   2                Column_set(0);    
 267   2                for(column=0;column<OLED_COLUMN_NUMBER;column++)  //column loop
 268   2                  {
 269   3                    OLED_send_data(0x00);
 270   3                  }
 271   2            }
 272   1        }
 273          void OLED_full(void)
 274            {
 275   1          unsigned char page,column;
 276   1          for(page=0;page<OLED_PAGE_NUMBER;page++)             //page loop
 277   1            { 
 278   2              Page_set(page);
 279   2              Column_set(0);    
 280   2        for(column=0;column<OLED_COLUMN_NUMBER;column++)  //column loop
 281   2                {
 282   3                  OLED_send_data(0xff);
 283   3                }
 284   2            }
 285   1        }
 286          void OLED_init(void)
 287            {
 288   1          unsigned char i;
 289   1          for(i=0;i<25;i++)
 290   1            {
 291   2              OLED_send_cmd(OLED_init_cmd[i]);
 292   2            }
 293   1        }
 294          
 295          void Picture_display(const unsigned char *ptr_pic)
 296            {
 297   1          unsigned char page,column;
 298   1          for(page=0;page<OLED_PAGE_NUMBER;page++)        //page loop
 299   1            { 
 300   2        Page_set(page);
 301   2        Column_set(0);    
 302   2        for(column=0;column<OLED_COLUMN_NUMBER;column++)  //column loop
C51 COMPILER V9.60.7.0   MAIN                                                              11/06/2024 16:39:49 PAGE 6   

 303   2                {
 304   3                  OLED_send_data(*ptr_pic++);
 305   3                }
 306   2            }
 307   1        }
 308          void Picture_ReverseDisplay(const unsigned char *ptr_pic)
 309          {
 310   1          unsigned char page,column,dis_data;
 311   1          for(page=0;page<OLED_PAGE_NUMBER;page++)        //page loop
 312   1            { 
 313   2        Page_set(page);
 314   2        Column_set(0);    
 315   2        for(column=0;column<OLED_COLUMN_NUMBER;column++)  //column loop
 316   2                {
 317   3                  dis_data=*ptr_pic++;
 318   3                  dis_data=~dis_data;
 319   3                  OLED_send_data(dis_data);
 320   3                }
 321   2            }
 322   1        }
 323          
 324          void IO_init(void)
 325          {
 326   1        P2|=0xFF;                        
 327   1        
 328   1      
 329   1      }
 330          
 331          int main()
 332          { 
 333   1          point= &picture_tab[0];
 334   1          IO_init();
 335   1      
 336   1          OLED_init();
 337   1          OLED_full();
 338   1          delay_ms(1000);
 339   1          OLED_clear();
 340   1          while(1)
 341   1          {
 342   2          point= &picture_tab[0];
 343   2          Picture_display(point);
 344   2          delay_ms(1000);
 345   2          
 346   2          Picture_ReverseDisplay(point);   
 347   2          delay_ms(1000);
 348   2          
 349   2          }
 350   1      }


MODULE INFORMATION:   STATIC OVERLAYABLE
   CODE SIZE        =    421    ----
   CONSTANT SIZE    =   1049    ----
   XDATA SIZE       =   ----    ----
   PDATA SIZE       =   ----    ----
   DATA SIZE        =      4       8
   IDATA SIZE       =   ----    ----
   BIT SIZE         =   ----    ----
END OF MODULE INFORMATION.


C51 COMPILATION COMPLETE.  0 WARNING(S),  0 ERROR(S)
