C51 COMPILER V9.60.7.0   MAIN                                                              07/28/2025 18:43:45 PAGE 1   


C51 COMPILER V9.60.7.0, COMPILATION OF MODULE MAIN
OBJECT MODULE PLACED IN .\Objects\main.obj
COMPILER INVOKED BY: D:\KEIL_STM32\C51\BIN\C51.EXE main.c OPTIMIZE(8,SPEED) BROWSE DEBUG OBJECTEXTEND PRINT(.\Listings\m
                    -ain.lst) OBJECT(.\Objects\main.obj)

line level    source

   1          #include <REGX52.H>
   2          #include "12864.h"
   3          #include "pic.h"
   4          extern unsigned char GXPOS;           
   5          extern unsigned char GYPOS;      
   6          void main(void)
   7          {  
   8   1              lcdreset(); 
   9   1          charlcdfill(' ');                   //显示清屏
  10   1          putimage(Img_SUNMAN_128x64);
  11   1          putstrxy(2,1,"广东烨辉科");   //在(0,3)位置开始显示字符串
  12   1              putstrxy(2,2,"技有限公司");   //在(0,3)位置开始显示字符串
  13   1          Delay(500);
  14   1              charlcdfill(' ');
  15   1              while(1)
  16   1          {  
  17   2              DisplayDots(0x55, 0xAA);  
  18   2              Delay(500);     
  19   2              DisplayDots(0xAA, 0x55);  
  20   2              Delay(500);     
  21   2              DisplayDots(0x00, 0xFF);  
  22   2              Delay(500);     
  23   2              DisplayDots(0xFF, 0x00);  
  24   2              Delay(500);     
  25   2              DisplayDots(0x55, 0x55);  
  26   2              Delay(500);     
  27   2              DisplayDots(0xaa, 0xaa);  
  28   2              Delay(500);     
  29   2              DisplayDots(0xFF, 0xFF);   
  30   2              Delay(500);
  31   2                                      
  32   2      
  33   2          }
  34   1      }


MODULE INFORMATION:   STATIC OVERLAYABLE
   CODE SIZE        =    137    ----
   CONSTANT SIZE    =     22    ----
   XDATA SIZE       =   ----    ----
   PDATA SIZE       =   ----    ----
   DATA SIZE        =   ----    ----
   IDATA SIZE       =   ----    ----
   BIT SIZE         =   ----    ----
END OF MODULE INFORMATION.


C51 COMPILATION COMPLETE.  0 WARNING(S),  0 ERROR(S)
