C51 COMPILER V9.60.7.0   MAIN                                                              11/29/2024 19:48:57 PAGE 1   


C51 COMPILER V9.60.7.0, COMPILATION OF MODULE MAIN
OBJECT MODULE PLACED IN .\Objects\main.obj
COMPILER INVOKED BY: E:\Keil_v5\C51\BIN\C51.EXE main.c OPTIMIZE(8,SPEED) BROWSE DEBUG OBJECTEXTEND PRINT(.\Listings\main
                    -.lst) TABS(2) OBJECT(.\Objects\main.obj)

line level    source

   1          //SMG12864ZK??????????????????[C51????][MCS51?????????]
   2          //????: SMG12864ZK SMG12864G2-ZK SMG12864G3-ZK???????????????
   3          //  ????????SMG12864ZK???????MCS51???????MCS51???????
   4          //??????????
   5          //  ???????ST7920?????MCS51?????????????,SMG12864??
   6          //??????????????????????,ST7920?????????????
   7          //??????,??SMG12864?????????????????????.
   8          //  ???????,?16?ASCII??(8???)X4??????????" SMG12864ZK ",
   9          //"????????","??????","?????SUNMAN",????0..9??????
  10          //??,????,??????????,???????,????????.
  11          //-------------------------------------------------------------------------------
  12          //????: 2009.10.29
  13          //????: VW For Windows
  14          //????: AT89C52 MCU,MCS-51?? MCU,etc.
  15          //???: ???(chujianjun@sunman.cn),??(tanchao@sunman.cn).
  16          //????: ??(0731-84167806,84167807),??(0731-84167807),??(www.sunman.cn)
  17          //????: ???????????????,???????.
  18          //????: http:/www.sunman.cn/lcm/product/SMG12864ZK.html
  19          //-------------------------------------------------------------------------------
  20          #include <reg51.h>
  21          #include <intrins.h>
  22          //????????????
  23          void exsample(void);                    //????
  24          void exdelay(void);                     //???????
  25          void putchar(unsigned int c);           //????????
  26          void putstr(unsigned char code *s);     //????????,????0???
  27          void putstrxy(unsigned char cx,unsigned char cy,unsigned char code *s);
  28          void setcharcgram(unsigned char cindex,unsigned char code *s);
  29                                                  //?????????
  30          void charcursornext(void);              //????????????????
  31          void putimage(unsigned char code *s);   //???????
  32          void putsizeimage(unsigned char XSIZE,unsigned char YSIZE,unsigned char code *s);
  33                                                  //????????????
  34          void charlcdfill(unsigned int c);       //????c??????????
  35          void glcdfill(unsigned char d);         //????d??????????
  36          void glcdpos(void);                     //????????RAM?????
  37          void charlcdpos(void);                  //??(CXPOS,CYPOS)??DDRAM??????
  38          void lcdreset(void);                    //?????????????
  39          void delay3ms(void);                    //??3MS???
  40          void lcdon(void);                       //LCD???????
  41          void lcdoff(void);                      //LCD???????
  42          void lcdgraphon(void);                  //???????????
  43          void lcdgraphoff(void);                 //???????????
  44          void lcdwd(unsigned char d);            //????????
  45          void lcdwc(unsigned char c);            //??????
  46          void transbyte(unsigned char d);        //?1???????????????
  47          void transbit(bit d);                   //?1??????????????
  48          //-------------------------------------------------------------------------------
  49          //SMG12864ZK???????????
  50          //PIN1: VSS  [???]-------------------VSS
  51          //PIN2: VDD  [????]-----------------VDD(+5V)
  52          //PIN3: NC   [??]
  53          //PIN4: CS   [??????]-------------P3.0
  54          //PIN5: STD  [??????]-------------P3.1
C51 COMPILER V9.60.7.0   MAIN                                                              11/29/2024 19:48:57 PAGE 2   

  55          //PIN6: SCLK [????????]---------P3.2
  56          //PIN7: D0   [Data I/O]-----------------P1.0
  57          //PIN8: D1   [Data I/O]-----------------P1.1
  58          //PIN9: D2   [Data I/O]-----------------P1.2
  59          //PIN10:D3   [Data I/O]-----------------P1.3
  60          //PIN11:D4   [Data I/O]-----------------P1.4
  61          //PIN12:D5   [Data I/O]-----------------P1.5
  62          //PIN13:D6   [Data I/O]-----------------P1.6
  63          //PIN15:PSB  [???????,??]
  64          //PIN16:NC   [??]
  65          //PIN17:RST  [???,?????]--------VDD
  66          //PIN18:NC   [??]
  67          //PIN19:BLA  [?????]---------------?20????+5V.
  68          //PIN20:BLK  [?????]---------------VSS
  69          //???http://download.sunman.cn/lcm/product/1/SMG12864ZK.pdf
  70          //?????http://download.sunman.cn/lcm/reference/ST7920_GB_CHARACTER_TABLE.pdf
  71          //??????http://download.sunman.cn/lcm/reference/ST7920.pdf
  72          //-------------------------------------------------------------------------------
  73          //???????????????????
  74          //??????????,????????????????
  75          sbit CSPIN   = P3^0;                    // CS???????
  76          sbit STDPIN  = P3^1;                    // STD???????
  77          sbit SCLKPIN = P3^2;                    // SCLK???????
  78          //-------------------------------------------------------------------------------
  79          //??CXPOS,CYPOS???????????????????
  80          unsigned char CXPOS;                    //???????(??charlcdpos???)
  81          unsigned char CYPOS;                    //???????(??charlcdpos???)
  82          unsigned char FCHARBUF;                 //??????ASCII??
  83          
  84          //-------------------------------------------------------------------------------
  85          //??GXPOS,GYPOS??????????RAM???????
  86          //??????????,??????????????????
  87          unsigned char GXPOS;                    //???????(??glcdpos???)
  88          unsigned char GYPOS;                    //???????(??glcdpos???)
  89          
  90          #define USERCHAR1CODE 0xffff            //?????1??
  91          #define USERCHAR2CODE 0xfffd            //?????2??
  92          #define USERCHAR3CODE 0xfffb            //?????3??
  93          #define USERCHAR4CODE 0xfff9            //?????4??
  94          
  95          unsigned char code CHAR1CGRAMTAB[]={
  96          0x00,0x0f,
  97          0x00,0x7f,
  98          0x01,0xf0,
  99          0x03,0xc0,
 100          0x07,0x0f,
 101          0x0e,0x3f,
 102          0x1c,0xfe,
 103          0x39,0xfc,
 104          0x33,0xfc,
 105          0x73,0xfe,
 106          0x67,0xff,
 107          0x67,0xe7,
 108          0xcf,0xe3,
 109          0xcf,0xe1,
 110          0xcf,0xe4,
 111          0xc0,0x06
 112          };
 113          unsigned char code CHAR2CGRAMTAB[]={
 114          0xf0,0x00,
 115          0xfe,0x00,
 116          0x0f,0x80,
C51 COMPILER V9.60.7.0   MAIN                                                              11/29/2024 19:48:57 PAGE 3   

 117          0x03,0xc0,
 118          0xf0,0xe0,
 119          0xfc,0x70,
 120          0x7f,0x38,
 121          0x3f,0x9c,
 122          0x3f,0xcc,
 123          0x7f,0xce,
 124          0xff,0xe6,
 125          0xe7,0xe6,
 126          0xc7,0xf3,
 127          0x87,0xff,
 128          0x27,0xff,
 129          0x60,0x03
 130          };
 131          unsigned char code CHAR3CGRAMTAB[]={
 132          0xc0,0x07,
 133          0xff,0xe7,
 134          0xff,0xe7,
 135          0xcf,0xe7,
 136          0x67,0xe7,
 137          0x67,0xff,
 138          0x73,0xff,
 139          0x33,0xff,
 140          0x39,0xff,
 141          0x1c,0xff,
 142          0x0e,0x3f,
 143          0x07,0x0f,
 144          0x03,0xc0,
 145          0x01,0xf0,
 146          0x00,0x7f,
 147          0x00,0x0f
 148          };
 149          unsigned char code CHAR4CGRAMTAB[]={
 150          0xe0,0x03,
 151          0xe7,0xf3,
 152          0xe7,0xf3,
 153          0xe7,0xf3,
 154          0xe7,0xe6,
 155          0xff,0xe6,
 156          0xff,0xce,
 157          0xff,0xcc,
 158          0xff,0x9c,
 159          0xff,0x38,
 160          0xfc,0x70,
 161          0xf0,0xe0,
 162          0x03,0xc0,
 163          0x0f,0x80,
 164          0xfe,0x00,
 165          0xf0,0x00
 166          };
 167          //-------------------------------------------------------------------------------
 168          //??????????
 169          //?????????SUNMAN?????????.EXE?????imagelib.c??????
 170          //??
 171          unsigned char code Img_YEHUI_128x64[]={128,64,       
 172          0X00,0X01,0XCC,0X00,0XF0,0X00,
 173          0X00,0X00,0X00,0X00,0X00,0X00,0X00,0X00,0X00,0X00,0X00,0X00,0X00,0X00,0X00,0X00,
 174          0X00,0X00,0X00,0X00,0X00,0X00,0X00,0X00,0X00,0X00,0X00,0X00,0X00,0X00,0X00,0X00, 
 175          0X00,0X00,0X00,0X00,0X00,0X00,0X00,0X00,0X00,0X00,0X00,0X00,0X00,0X00,0X00,0X00,
 176          0X00,0X00,0X00,0X00,0X00,0X00,0X00,0X00,0X00,0X00,0X00,0X00,0X00,0X00,0X00,0X00,
 177          0X00,0X00,0X00,0X00,0X00,0X00,0X00,0X00,0X00,0X00,0X00,0X00,0X00,0X00,0X00,0X00,
 178          0X00,0X00,0X00,0X00,0X00,0X00,0X00,0X00,0X00,0X00,0X00,0X00,0X00,0X00,0X00,0X00,
C51 COMPILER V9.60.7.0   MAIN                                                              11/29/2024 19:48:57 PAGE 4   

 179          0X00,0X00,0X00,0X00,0X00,0X00,0X00,0X00,0X30,0X00,0X00,0X00,0X00,0X1E,0X30,0X00,
 180          0X06,0X00,0X00,0X00,0X00,0X00,0X00,0X00,0X00,0X00,0X00,0X00,0X00,0X00,0X00,0X00,
 181          0X00,0X00,0X38,0X00,0X00,0X00,0X00,0X3F,0X38,0X00,0X07,0X00,0X00,0X00,0X00,0X00,
 182          0X00,0X00,0X00,0X00,0X00,0X00,0X00,0X00,0X00,0X00,0X00,0X00,0X38,0X00,0X00,0X00,
 183          0X00,0X3B,0XB8,0X00,0X07,0X00,0X00,0X00,0X00,0X00,0X00,0X00,0X00,0X00,0X00,0X00,
 184          0X00,0X00,0X00,0X00,0X00,0X00,0X3B,0XFE,0X1E,0X1F,0X1E,0X1B,0XB8,0X1E,0X3F,0X00,
 185          0X00,0X00,0X00,0X00,0X00,0X00,0X00,0X00,0X00,0X00,0X00,0X00,0X00,0X00,0X00,0X00,
 186          0X3B,0XFF,0X3F,0X3F,0XBF,0X07,0XB8,0X3F,0X7F,0X00,0X00,0X00,0X00,0X00,0X00,0X00,
 187          0X00,0X00,0X00,0X00,0X00,0X00,0X00,0X00,0X00,0X00,0X3B,0XBB,0X9F,0XBB,0XBF,0X8F,
 188          0X38,0X39,0XF7,0X00,0X00,0X10,0X00,0X40,0X00,0X00,0X00,0X00,0X00,0X00,0X00,0X00,
 189          0X00,0X00,0X00,0X00,0X3B,0XBB,0X9F,0XBB,0XBF,0X9E,0X38,0X38,0X77,0X00,0X00,0X00,
 190          0X00,0X00,0X00,0X00,0X00,0X00,0X00,0X00,0X00,0X00,0X00,0X00,0X00,0X00,0X3B,0XBB,
 191          0XBF,0XBB,0XB8,0X3C,0X38,0X38,0X77,0X00,0X10,0X01,0X40,0X15,0X9A,0XC0,0X00,0X00,
 192          0X00,0X00,0X00,0X00,0X00,0X00,0X00,0X00,0X3B,0XBB,0XBB,0XBB,0XBB,0X38,0X38,0X3B,
 193          0X77,0X00,0X68,0X00,0X00,0X1E,0X00,0X08,0X00,0X00,0X00,0X00,0X00,0X00,0X00,0X00,
 194          0X00,0X00,0X3B,0XBB,0X9F,0X9F,0X9F,0XBF,0X3F,0X9F,0XBF,0X00,0X00,0X00,0X00,0X00,
 195          0X00,0X00,0X00,0X00,0X00,0X00,0X00,0X00,0X00,0X00,0X00,0X00,0X19,0X99,0X8F,0X8F,
 196          0X8F,0X1F,0X9F,0XCF,0X1F,0X00,0X00,0X00,0X00,0X00,0X00,0X00,0X00,0X00,0X00,0X00,
 197          0X00,0X00,0X00,0X00,0X00,0X00,0X00,0X00,0X00,0X33,0X80,0X00,0X00,0X00,0X00,0X00,
 198          0X00,0X00,0X00,0X00,0X00,0X00,0X00,0X00,0X00,0X00,0X00,0X00,0X00,0X00,0X00,0X00,
 199          0X00,0X00,0X00,0X1F,0X80,0X00,0X00,0X00,0X01,0X00,0X00,0X10,0XC0,0X00,0X00,0X00,
 200          0X00,0X00,0X00,0X00,0X00,0X00,0X00,0X00,0X00,0X00,0X00,0X00,0X00,0X0F,0X00,0X00,
 201          0X00,0X00,0X00,0X40,0X07,0X2C,0X00,0X00,0X00,0X00,0X00,0X00,0X00,0X00,0X00,0X00,
 202          0X00,0X00,0X00,0X00,0X00,0X00,0X00,0X00,0X00,0X00,0X00,0X00,0X12,0XC6,0X10,0X60,
 203          0X00,0X00,0X00,0X00,0X00,0X00,0X00,0X00,0X00,0X00,0X00,0X00,0X00,0X00,0X00,0X00,
 204          0X00,0X00,0X00,0X00,0X00,0X00,0X45,0X13,0X00,0XC0,0X00,0X00,0X00,0X00,0X00,0X00,
 205          0X00,0X00,0X00,0X00,0X00,0X00,0X00,0X00,0X00,0X00,0X00,0X00,0X00,0X00,0X00,0X01,
 206          0X00,0X00,0X00,0X00,0X00,0X00,0X00,0X00,0X00,0X00,0X00,0X00,0X00,0X00,0X00,0X00,
 207          0X00,0X00,0X00,0X00,0X00,0X00,0X00,0X00,0X00,0X00,0X81,0X1F,0XE0,0X00,0X00,0X00,
 208          0X00,0X00,0X00,0X00,0X00,0X00,0X00,0X00,0X00,0X00,0X00,0X00,0X00,0X00,0X00,0X00,
 209          0X00,0X00,0X00,0X08,0X50,0X04,0X10,0X00,0X00,0X00,0X00,0X00,0X00,0X00,0X00,0X00,
 210          0X00,0X00,0X00,0X00,0X00,0X00,0X00,0X00,0X00,0X00,0X00,0X00,0X00,0X0A,0X07,0XC7,
 211          0X00,0X00,0X00,0X00,0X00,0X00,0X00,0X00,0X00,0X00,0X00,0X00,0X00,0X00,0X00,0X00,
 212          0X00,0X00,0X00,0X00,0X00,0X00,0X00,0X11,0X19,0X81,0X00,0X00,0X00,0X00,0X00,0X00,
 213          0X00,0X00,0X00,0X00,0X00,0X00,0X00,0X00,0X00,0X00,0X00,0X00,0X00,0X00,0X00,0X00,
 214          0X00,0X00,0X05,0X28,0X00,0X00,0X00,0X00,0X00,0X00,0X00,0X00,0X00,0X00,0X00,0X00,
 215          0X00,0X00,0X00,0X00,0X00,0X00,0X00,0X00,0X00,0X00,0X00,0X1F,0XC1,0X80,0X00,0X00,
 216          0X00,0X00,0X00,0X00,0X00,0X00,0X00,0X00,0X00,0X00,0X00,0X00,0X00,0X00,0X00,0X00,
 217          0X00,0X00,0X00,0X00,0X00,0X00,0X00,0X00,0X00,0X00,0X00,0X00,0X00,0X00,0X00,0X00,
 218          0X00,0X00,0X00,0X00,0X00,0X00,0X00,0X00,0X00,0X00,0X00,0X00,0X00,0X00,0X07,0XF1,
 219          0XE9,0X80,0X00,0X00,0X00,0X00,0X00,0X00,0X00,0X00,0X00,0X00,0X00,0X00,0X00,0X00,
 220          0X00,0X00,0X00,0X00,0X00,0X00,0X00,0X00,0X0A,0XF6,0X94,0X00,0X00,0X00,0X00,0X00,
 221          0X00,0X00,0X00,0X00,0X00,0X00,0X00,0X00,0X00,0X00,0X00,0X00,0X00,0X00,0X00,0X00,
 222          0X00,0X00,0X10,0X14,0XD8,0X00,0X00,0X00,0X00,0X00,0X00,0X00,0X00,0X00,0X00,0X00,
 223          0X00,0X00,0X00,0X00,0X00,0X00,0X00,0X00,0X00,0X00,0X00,0X00,0X26,0X9B,0X08,0X00,
 224          0X00,0X00,0X00,0X00,0X00,0X00,0X00,0X00,0X00,0X00,0X00,0X00,0X00,0X00,0X00,0X00,
 225          0X00,0X00,0X00,0X00,0X00,0X00,0X00,0X00,0X00,0X00,0X00,0X00,0X00,0X00,0X00,0X00,
 226          0X00,0X00,0X00,0X00,0X00,0X00,0X00,0X00,0X00,0X00,0X00,0X00,0X00,0X00,0X00,0X00,
 227          0X00,0X00,0X00,0X00,0X00,0X00,0X10,0X00,0X00,0X00,0X00,0X00,0X00,0X00,0X00,0X00,
 228          0X00,0X00,0X00,0X00,0X00,0X00,0X00,0X00,0X00,0X00,0X00,0X00,0X80,0X00,0X00,0X00,
 229          0X44,0X00,0X00,0X00,0X00,0X00,0X00,0X00,0X00,0X00,0X00,0X00,0X00,0X00,0X00,0X00,
 230          0X00,0X00,0X00,0X00,0X00,0X00,0X19,0X80,0X00,0X00,0X05,0X80,0X00,0X00,0X00,0X00,
 231          0X00,0X00,0X00,0X00,0X00,0X00,0X00,0X00,0X00,0X00,0X00,0X00,0X00,0X00,0X00,0X00,
 232          0X20,0X00,0X00,0X00,0X00,0X40,0X00,0X00,0X00,0X00,0X00,0X00,0X00,0X00,0X00,0X00,
 233          0X00,0X00,0X00,0X00,0X00,0X00,0X00,0X00,0X00,0X00,0X00,0X00,0X00,0X00,0X00,0X00,
 234          0X00,0X00,0X00,0X00,0X00,0X00,0X00,0X00,0X00,0X00,0X00,0X00,0X00,0X00,0X00,0X00,
 235          0X00,0X04,0X40,0X01,0X80,0X00,0X00,0X00,0X00,0X00,0X00,0X00,0X00,0X00,0X00,0X00,
 236          0X40,0X00,0X00,0X00,0X00,0X00,0X00,0X00,0X00,0X00,0X00,0X00,0X00,0X00,0X1D,0X80,
 237          0X00,0X00,0X00,0X08,0X00,0X00,0X00,0X00,0X00,0X00,0X40,0X00,0X00,0X00,0X00,0X00,
 238          0X00,0X00,0X00,0X00,0X00,0X00,0X00,0X10,0X10,0X00,0X02,0X01,0X96,0X60,0X00,0X00,
 239          0X00,0X00,0X00,0X00,0XC0,0X00,0X00,0X00,0X00,0X00,0X00,0X00,0X00,0X00,0X00,0X1B,
 240          0XFC,0X00,0X83,0X18,0X48,0X00,0X80,0X01,0X00,0X00,0X00,0X00,0X00,0X00,0XC0,0X00,
C51 COMPILER V9.60.7.0   MAIN                                                              11/29/2024 19:48:57 PAGE 5   

 241          0X00,0X00,0X00,0X00,0X00,0X00,0X00,0X00,0X00,0X10,0X08,0X07,0X00,0X80,0X04,0X66,
 242          0X9E,0X02,0X00,0X00,0X00,0X00,0X00,0X01,0XC0,0X00,0X00,0X00,0X00,0X00,0X00,0X00,
 243          0X00,0X00,0X00,0X00,0X00,0X00,0XE1,0X51,0X90,0XFE,0XDF,0XBF,0X40,0X00,0X00,0X00,
 244          0X00,0X03,0XC0,0X00,0X00,0X00,0X00,0X00,0X00,0X00,0X00,0X00,0X00,0X2D,0X2E,0XC1,
 245          0X9F,0XD4,0X00,0X00,0X10,0X20,0X00,0X00,0X00,0X00,0X00,0X03,0XC0,0X00,0X00,0X00,
 246          0X00,0X00,0X00,0X00,0X00,0X00,0X00,0XA0,0X08,0X10,0X00,0X1C,0X0F,0X00,0X88,0XFF,
 247          0XA0,0X00,0X00,0X00,0X00,0X07,0XC0,0X00,0X00,0X00,0X00,0X00,0X00,0X00,0X00,0X00,
 248          0X00,0X00,0X00,0X00,0X00,0X00,0X00,0X00,0X00,0X00,0X00,0X00,0X00,0X00,0X00,0X07,
 249          0XC0,0X00,0X00,0X00,0X00,0X00,0X00,0X00,0X00,0X00,0X01,0XDF,0XF0,0X08,0X01,0XE0,
 250          0X58,0X0B,0XE5,0X41,0X40,0X00,0X00,0X00,0X00,0X0F,0XC0,0X00,0X00,0X00,0X00,0X00,
 251          0X00,0X00,0X00,0X00,0X00,0X3F,0XE8,0XC1,0X80,0X01,0XE3,0XDC,0X03,0X00,0X00,0X00,
 252          0X00,0X00,0X00,0X1F,0XC0,0X00,0X00,0X00,0X00,0X00,0X00,0X00,0X00,0X00,0X04,0X00,
 253          0X01,0XC1,0X19,0X0E,0X50,0X00,0X04,0X00,0X00,0X00,0X00,0X00,0X00,0X1F,0XC0,0X00,
 254          0X00,0X00,0X00,0X00,0X00,0X00,0X00,0X00,0X00,0X00,0X00,0X00,0X00,0X00,0X00,0X00,
 255          0X00,0X00,0X00,0X00,0X00,0X00,0X00,0X3F,0XC0,0X00,0X00,0X00,0X00,0X00,0X00,0X00,
 256          0X00,0X00,0X08,0X00,0X00,0X00,0X00,0X00,0X10,0X00,0X00,0X00,0X04,0X00,0X00,0X00,
 257          0X00,0X7F,0XC0,0X00,0X00,0X00,0X00,0X00,0X00,0X00,0X00,0X00,0X08,0X94,0XC2,0X80,
 258          0X00,0X98,0X00,0X00,0X00,0X80,0X8C,0X00,0X00,0X00,0X00,0X7F,0XC0,0X00,0X00,0X00,
 259          0X00,0X00,0X00,0X00,0X00,0X00,0X0A,0X50,0X03,0X40,0X00,0X18,0X00,0X00,0X03,0X00,
 260          0X04,0X00,0X00,0X00,0X00,0XFF,0XC0,0X00,0X00,0X00,0X00,0X00,0X00,0X00,0X00,0X00,
 261          0X10,0X00,0X00,0X00,0X00,0X00,0X00,0X00,0X00,0X00,0X00,0X00,0X00,0X00,0X01,0XFF,
 262          0X80,0X00,0X00,0X00,0X00,0X00,0X00,0X00,0X00,0X00,0X10,0X00,0X00,0X00,0X00,0X00,
 263          0X00,0X00,0X00,0X00,0X02,0X00,0X00,0X00,0X01,0XFF,0X80,0X00,0X00,0X00,0X00,0X00,
 264          0X00,0X00,0X00,0X00,0X00,0X00,0X00,0X00,0X00,0X00,0X00,0X00,0X00,0X00,0X00,0X00,
 265          0X00,0X00,0X03,0XFF,0X80,0X00,0X00,0X00,0X00,0X00,0X00,0X00,0X00,0X00,0X20,0X02,
 266          0X00,0X78,0X0C,0X00,0X00,0X00,0X00,0X70,0X40,0X00,0X00,0X00,0X07,0XFF,0X80,0X00,
 267          0X00,0X00,0X00,0X00,0X00,0X00,0X00,0X00,0X00,0X00,0X00,0X00,0X10,0X00,0X00,0X00,
 268          0X00,0X00,0X00,0X00,0X00,0X00,0X07,0XFF,0X80,0X00,0X00,0X00,0X00,0X00,0X00,0X00,
 269          0X00,0X00,0X60,0X40,0X02,0X02,0X00,0X00,0X00,0X00,0X00,0X20,0X08,0X00,0X00,0X00,
 270          0X0F,0XFF,0X80,0X00,0X00,0X00,0X00,0X00,0X00,0X00,0X00,0X00,0X00,0X00,0X00,0X01,
 271          0X00,0X00,0X00,0X00,0X00,0X00,0X01,0X00,0X00,0X00,0X1F,0XFF,0X80,0X00,0X00,0X00,
 272          0X00,0X00,0X00,0X00,0X00,0X00,0X40,0X00,0X30,0X00,0X80,0X00,0X00,0X00,0X00,0X01,
 273          0X01,0X00,0X00,0X00,0X3F,0XFF,0X00,0X00,0X00,0X00,0X00,0X00,0X00,0X00,0X00,0X00,
 274          0X00,0X00,0X00,0X04,0X00,0X00,0X00,0X00,0X00,0X00,0X01,0X00,0X00,0X00,0X3F,0XFF,
 275          0X00,0X00,0X00,0X00,0X00,0X00,0X00,0X00,0X00,0X00,0X20,0X10,0X00,0X00,0X00,0X00,
 276          0X00,0X00,0X00,0X0B,0X02,0X00,0X00,0X00,0X7F,0XFF,0X00,0X00,0X00,0X00,0X00,0X00,
 277          0X00,0X00,0X00,0X00,0X80,0X10,0X00,0X00,0X00,0X00,0X00,0X00,0X00,0X01,0X00,0X00,
 278          0X00,0X00,0XFF,0XFF,0X00,0X00,0X00,0X00,0X00,0X00,0X00,0X00,0X00,0X00,0X00,0X00,
 279          0X00,0X00,0X00,0X00,0X00,0X00,0X00,0X00,0X00,0X00,0X00,0X00,0XFF,0XFF,0X00,0X00,
 280          0X00,0X00,0X00,0X00,0X00,0X00,0X00,0X00,0X2D,0X80,0X09,0X00,0X00,0X00,0X00,0X00,
 281          0X00,0X04,0XC4,0X00,0X00,0X01,0XFF,0XFE,0X00,0X00,0X00,0X00,0X00,0X00,0X00,0X00,
 282          0X00,0X00,0X80,0X00,0X01,0X00,0X00,0X00,0X00,0X00,0X00,0X00,0X00,0X00,0X00,0X03,
 283          0XFF,0XFE,0X00,0X00,0X00,0X00,0X00,0X00,0X00,0X00,0X00,0X00,0X08,0X02,0X00,0X00,
 284          0X00,0X00,0X00,0X00,0X00,0X04,0X32,0X00,0X00,0X07,0XFF,0XFE,0X00,0X00,0X00,0X00,
 285          0X00,0X00,0X00,0X00,0X00,0X00,0X00,0X00,0X0C,0X00,0X00,0X00,0X0C,0X00,0X00,0X00,
 286          0X00,0X00,0X00,0X0F,0XFF,0XFC,0X00,0X00,0X00,0X00,0X00,0X00,0X00,0X00,0X00,0X00,
 287          0X00,0X00,0X04,0X00,0X00,0X00,0X38,0X00,0X00,0X00,0X00,0X00,0X00,0X1F,0XFF,0XFC,
 288          0X00,0X00,0X00,0X00,0X00,0X00,0X00,0X00,0X00,0X01,0XD0,0X00,0X40,0X00,0X00,0X00,
 289          0XF0,0X00,0X00,0X04,0X0C,0X00,0X00,0X3F,0XFF,0XFC,0X00,0X00,0X00,0X00,0X00,0X00,
 290          0X00,0X00,0X00,0X00,0X00,0X00,0X08,0X00,0X00,0X01,0XE0,0X00,0X00,0X00,0X00,0X00,
 291          0X00,0X3F,0XFF,0XF8,0X00,0X00,0X00,0X00,0X00,0X00,0X00,0X00,0X00,0X00,0XC0,0X00,
 292          0X00,0X00,0X00,0X07,0XC0,0X00,0X00,0X0A,0X50,0X00,0X00,0X7F,0XFF,0XF8,0X00,0X00,
 293          0X00,0X00,0X00,0X00,0X00,0X00,0X00,0X03,0X00,0X01,0X00,0X00,0X00,0X0F,0X80,0X00,
 294          0X00,0X08,0X00,0X00,0X00,0XFF,0XFF,0XF8,0X00,0X00,0X00,0X00,0X00,0X00,0X00,0X00,
 295          0X00,0X00,0X00,0X00,0X00,0X00,0X00,0X3F,0X80,0X00,0X00,0X00,0X00,0X00,0X01,0XFF,
 296          0XFF,0XF0,0X00,0X01,0X00,0X00,0X00,0X00,0X00,0X00,0X00,0X00,0X00,0X00,0X60,0X00,
 297          0X00,0X7F,0X00,0X00,0X00,0X00,0X80,0X00,0X03,0XFF,0XFF,0XF0,0X00,0X01,0X00,0X00,
 298          0X00,0X00,0X00,0X00,0X00,0X01,0X40,0X05,0X80,0X00,0X00,0XFE,0X00,0X00,0X00,0X03,
 299          0XC0,0X00,0X07,0XFF,0XFF,0XF0,0X00,0X01,0X00,0X00,0X00,0X00,0X00,0X00,0X00,0X02,
 300          0XB0,0X06,0X80,0X00,0X01,0XFE,0X00,0X00,0X00,0X24,0X40,0X00,0X0F,0XFF,0XFF,0XE0,
 301          0X00,0X03,0X00,0X00,0X00,0X00,0X00,0X00,0X00,0X00,0X80,0X49,0X00,0X00,0X03,0XFC,
 302          0X00,0X00,0X00,0X00,0X00,0X00,0X1F,0XFF,0XFF,0XE0,0X00,0X03,0X00,0X00,0X00,0X00,
C51 COMPILER V9.60.7.0   MAIN                                                              11/29/2024 19:48:57 PAGE 6   

 303          0X00,0X00,0X00,0X00,0X01,0X0A,0X00,0X00,0X07,0XFC,0X00,0X00,0X00,0X03,0X00,0X00,
 304          0X3F,0XFF,0XFF,0XC0,0X00,0X07,0X00,0X00,0X00,0X00,0X00,0X00,0X00,0X00,0X00,0X0E,
 305          0X00,0X00,0X07,0XF8,0X00,0X00,0X00,0X44,0X00,0X00,0X7F,0XFF,0XFF,0XC0,0X00,0X07,
 306          0X00,0X00,0X00,0X00,0X00,0X00,0X00,0X00,0X00,0X00,0X00,0X00,0X00,0X08,0X00,0X00,
 307          0X00,0X00,0X00,0X00,0X80,0X00,0X00,0X00,0X00,0X01,0X00,0X00,0X00,0X00,0X00,0X00,
 308          0X00,0X00,0X00,0X00,0X00,0X00,0X1F,0XF8,0X00,0X00,0X00,0X00,0X00,0X03,0XFF,0XFF,
 309          0XFF,0X80,0X00,0X0F,0X00,0X00,0X00,0X00,0X00,0X00,0X00,0X00,0X14,0X48,0X00,0X00,
 310          0X1F,0XF8,0X00,0X00,0X01,0X80,0X00,0X07,0XFF,0XFF,0XFF,0X00,0X00,0X0F,0X00,0X00,
 311          0X00,0X00,0X00,0X00,0X00,0X00,0X00,0X00,0X00,0X00,0X3F,0XF8,0X00,0X00,0X00,0X00,
 312          0X00,0X0F,0XFF,0XFF,0XFE,0X00,0X00,0X1F,0X00,0X00,0X00,0X00,0X00,0X00,0X00,0X00,
 313          0X00,0X00,0X00,0X00,0X3F,0XF8,0X00,0X00,0X00,0X00,0X00,0X1F,0XFF,0XFF,0XFE,0X00,
 314          0X00,0X1F,0X00,0X00,0X00,0X00,0X00,0X00,0X00,0X01,0X80,0X20,0X00,0X00,0X3F,0XF8,
 315          0X00,0X00,0X0A,0X00,0X00,0X7F,0XFF,0XFF,0XFC,0X00,0X00,0X3F,0X00,0X00,0X00,0X00,
 316          0X00,0X00,0X00,0X00,0X98,0X40,0X00,0X00,0X7F,0XF8,0X00,0X00,0X08,0X00,0X00,0XFF,
 317          0XFF,0XFF,0XFC,0X00,0X00,0X3F,0X00,0X00,0X00,0X00,0X00,0X00,0X00,0X00,0X24,0X00,
 318          0X00,0X00,0X7F,0XF8,0X00,0X00,0X00,0X00,0X01,0XFF,0XFF,0XFF,0XF8,0X00,0X00,0X7E,
 319          0X00,0X00,0X00,0X00,0X00,0X00,0X00,0X00,0X2F,0X00,0X00,0X00,0X7F,0XFC,0X00,0X00,
 320          0X00,0X00,0X07,0XFF,0XFB,0XFF,0XF0,0X00,0X00,0X7E,0X00,0X00,0X00,0X00,0X00,0X00,
 321          0X00,0X01,0X40,0X80,0X00,0X00,0X7F,0X0C,0X00,0X00,0X00,0X00,0X0F,0XFF,0XF0,0X01,
 322          0XA0,0X00,0X00,0XF2,0X00,0X00,0X00,0X00,0X00,0X00,0X00,0X00,0X1D,0X00,0X00,0X00,
 323          0X7F,0XFE,0X00,0X00,0X00,0X00,0X3F,0XFF,0XFF,0XFF,0XE0,0X00,0X01,0XFE,0X00,0X00,
 324          0X00,0X00,0X00,0X00,0X00,0X01,0X00,0X00,0X00,0X00,0X7F,0XFE,0X00,0X00,0X00,0X00,
 325          0XFF,0XFF,0XFF,0XFF,0XC0,0X00,0X01,0XFE,0X00,0X00,0X00,0X00,0X00,0X00,0X00,0X00,
 326          0X43,0X00,0X00,0X00,0X7F,0XFD,0X00,0X00,0X00,0X03,0XFF,0XFF,0XFF,0XFF,0X80,0X00,
 327          0X03,0XDE,0X00,0X00,0X00,0X00,0X00,0X00,0X00,0X01,0X6A,0X00,0X00,0X00,0X7F,0XFF,
 328          0X80,0X00,0X00,0X0F,0XFF,0XFF,0XFF,0XFF,0X00,0X00,0X03,0XFE,0X00,0X00,0X00,0X00,
 329          0X00,0X00,0X00,0X00,0X15,0X00,0X00,0X00,0X7F,0XFF,0XE0,0X00,0X00,0X7F,0XFF,0XFF,
 330          0XFF,0XFE,0X00,0X00,0X07,0XFE,0X00,0X00,0X00,0X00,0X00,0X00,0X00,0X00,0X41,0X00,
 331          0X00,0X00,0X7F,0XFF,0XF8,0X00,0X03,0XFF,0XFF,0XFF,0XFF,0XFC,0X00,0X00,0X07,0XFC,
 332          0X00,0X00,0X00,0X00,0X00,0X00,0X00,0X00,0X84,0X00,0X00,0X00,0X7F,0X01,0XAF,0X00,
 333          0X3F,0XFD,0XE0,0X01,0XFF,0XF8,0X00,0X00,0X0E,0X9C,0X00,0X00,0X00,0X00,0X00,0X00,
 334          0X00,0X00,0X45,0X00,0X00,0X00,0X7F,0XFF,0XFF,0XFF,0XFF,0XFF,0XFF,0XFF,0XFF,0XFC,
 335          0X00,0X00,0X1F,0XFC,0X00,0X00,0X00,0X00,0X00,0X00,0X00,0X00,0XA4,0X00,0X00,0X00,
 336          0X7F,0XFF,0XFF,0XFF,0XFF,0XFF,0XFF,0XFF,0XFF,0XFC,0X00,0X00,0X1F,0XFC,0X00,0X00,
 337          0X00,0X00,0X00,0X00,0X00,0X00,0X04,0X00,0X00,0X00,0X3F,0XFF,0XFF,0XFF,0XFF,0XFF,
 338          0XFF,0XFF,0XFF,0XFE,0X00,0X00,0X3F,0XF8,0X00,0X00,0X00,0X00,0X00,0X00,0X00,0X00,
 339          0X54,0X00,0X00,0X00,0X3F,0XFF,0XFF,0XFF,0XFF,0XFF,0XFF,0XFF,0XFF,0XFE,0X00,0X00,
 340          0X7F,0XF8,0X00,0X00,0X00,0X00,0X00,0X00,0X00,0X00,0X18,0X00,0X00,0X00,0X1F,0XFF,
 341          0XFF,0XFF,0XFF,0XFF,0XFF,0XFF,0XFF,0XFF,0X00,0X00,0X7F,0XF8,0X00,0X00,0X00,0X00,
 342          0X00,0X00,0X00,0X00,0X08,0X00,0X00,0X00,0X1F,0XFF,0XFF,0XFF,0XFF,0XFF,0XFF,0XFF,
 343          0XFF,0XFF,0X80,0X00,0XFF,0XF0,0X00,0X00,0X00,0X00,0X00,0X00,0X00,0X00,0X2C,0X00,
 344          0X00,0X00,0X0F,0XFF,0XFF,0XFF,0XFF,0XFF,0XFF,0XFF,0XFF,0XFF,0X80,0X01,0XFF,0XF0,
 345          0X00,0X00,0X00,0X00,0X00,0X00,0X00,0X00,0X00,0X00,0X00,0X00,0X0F,0XFF,0XFF,0XFF,
 346          0XFF,0XFF,0XFF,0XFF,0XFF,0XFF,0XC0,0X03,0XFF,0XF0,0X00,0X00,0X00,0X00,0X00,0X00,
 347          0X00,0X00,0X08,0X00,0X00,0X00,0X03,0XFF,0XB0,0X00,0X00,0X01,0XFF,0XFF,0XFF,0XFF,
 348          0XC0,0X05,0X27,0X60,0X00,0X00,0X00,0X00,0X00,0X00,0X00,0X00,0X08,0X00,0X00,0X00,
 349          0X03,0XFF,0XFF,0XFF,0XFF,0XFF,0XFF,0XFF,0XFF,0XFF,0XC0,0X0F,0XFF,0XE0,0X00,0X00,
 350          0X00,0X00,0X00,0X00,0X00,0X00,0X00,0X00,0X00,0X00,0X03,0XFF,0XFF,0XFF,0XFF,0XFF,
 351          0XFF,0XFF,0XFF,0XFF,0XE0,0X1F,0XFF,0XC0,0X00,0X00,0X00,0X00,0X00,0X00,0X00,0X00,
 352          0X00,0X00,0X00,0X00,0X01,0XFF,0XFF,0XFF,0XFF,0XFF,0XFF,0XFF,0XFF,0XFF,0XF0,0X1F,
 353          0XFF,0XC0,0X00,0X00,0X00,0X00,0X00,0X00,0X00,0X00,0X08,0X00,0X00,0X00,0X00,0XFF,
 354          0XFF,0XFF,0XFF,0XFF,0XFF,0XFF,0XFF,0XFF,0XF0,0X7F,0XFF,0XC0,0X00,0X00,0X00,0X00,
 355          0X00,0X00,0X00,0X00,0X00,0X00,0X00,0X00,0X00,0X7F,0XFF,0XFF,0XFF,0XFF,0XFF,0XFF,
 356          0XFF,0XFF,0XF8,0XFF,0XFF,0X80,0X00,0X00,0X00,0X00,0X00,0X00,0X00,0X00,0X00,0X00,
 357          0X00,0X00,0X00,0X3F,0XFF,0XFF,0XFF,0XFF,0XFF,0XFF,0XFF,0XFF,0XF9,0XFF,0XFF,0X80,
 358          0X00,0X00,0X00,0X00,0X00,0X00,0X00,0X00,0X00,0X00,0X00,0X00,0X00,0X1F,0XFF,0XFF,
 359          0XFF,0XFF,0XFF,0XD9,0XFF,0XFF,0XFF,0XFF,0XFF,0X00,0X00,0X00,0X00,0X00,0X00,0X00,
 360          0X00,0X00,0X00,0X00,0X00,0X00,0X00,0X07,0XFF,0XFF,0XFF,0XFF,0XFF,0XFF,0XFF,0XFF,
 361          0XFF,0XFF,0XFF,0X00,0X00,0X00,0X00,0X00,0X00,0X00,0X00,0X00,0X00,0X00,0X00,0X00,
 362          0X00,0X03,0XFF,0XFF,0XFF,0XFF,0XFF,0XFF,0XFF,0XFF,0XFF,0XFF,0XFE,0X00,0X00,0X00,
 363          0X00,0X00,0X00,0X00,0X00,0X00,0X00,0X00,0X00,0X00,0X00,0X00,0XFF,0XFF,0XFF,0XFF,
 364          0XFF,0XFF,0XFF,0XFF,0XFF,0XFF,0XFE,0X00,0X00,0X00,0X00,0X00,0X00,0X00,0X00,0X00,
C51 COMPILER V9.60.7.0   MAIN                                                              11/29/2024 19:48:57 PAGE 7   

 365          0X00,0X00,0X00,0X00,0X00,0X00,0X3F,0XFF,0XFF,0XDF,0XFC,0X1F,0XFF,0XFF,0XFF,0XFF,
 366          0XFC,0X00,0X00,0X00,0X00,0X00,0X00,0X00,0X00,0X00,0X00,0X00,0X00,0X00,0X00,0X00,
 367          0X07,0XFF,0XFF,0X0F,0XFF,0XFF,0XFF,0XFF,0XFF,0XFF,0XFC,0X00,0X00,0X00,0X00,0X00,
 368          0X00,0X00,0X00,0X00,0X00,0X00,0X00,0X00,0X00,0X00,0X00,0XFF,0XF0,0X0F,0XFF,0XFF,
 369          0XFF,0XFF,0XFF,0XFF,0XF8,0X00,0X00,0X00,0X00,0X00,0X00,0X00,0X00,0X00,0X00,0X00,
 370          0X00,0X00,0X00,0X00,0X00,0X00,0X00,0X07,0XFF,0XFF,0XFF,0XFF,0XFF,0XFF,0XF0,0X00,
 371          0X00,0X00,0X00,0X00,0X00,0X00,0X00,0X00,0X00,0X00,0X00,0X00,0X00,0X00,0X00,0X00,
 372          0X00,0X07,0XFF,0XFF,0XFF,0XFF,0XFF,0XFF,0XF0,0X00,0X00,0X00,0X00,0X00,0X00,0X00,
 373          0X00,0X00,0X00,0X00,0X00,0X00,0X00,0X00,0X00,0X00,0X00,0X03,0XFF,0XFF,0XFF,0XFF,
 374          0XFF,0XFF,0XE0,0X00,0X00,0X00,0X00,0X00,0X00,0X00,0X00,0X00,0X00,0X00,0X00,0X00,
 375          0X00,0X00,0X00,0X00,0X00,0X03,0XFF,0XFF,0XFF,0XFF,0XFF,0XFF,0XC0,0X00,0X00,0X00,
 376          0X00,0X00,0X00,0X00,0X00,0X00,0X00,0X00,0X00,0X00,0X00,0X00,0X00,0X00,0X00,0X01,
 377          0XFF,0XFF,0XFF,0XFF,0XFF,0XFF,0XC0,0X00,0X00,0X00,0X00,0X00,0X00,0X00,0X00,0X00,
 378          0X00,0X00,0X00,0X00,0X00,0X00,0X00,0X00,0X00,0X01,0XFF,0XFF,0XFF,0XFF,0XFF,0XFF,
 379          0X80,0X00,0X00,0X00,0X00,0X00,0X00,0X00,0X00,0X00,0X00,0X00,0X00,0X00,0X00,0X00,
 380          0X00,0X00,0X00,0X00,0XFF,0XFF,0XFF,0XFF,0XFF,0XFF,0X00,0X00,0X00,0X00,0X00,0X00,
 381          0X00,0X00,0X00,0X00,0X00,0X00,0X00,0X00,0X00,0X00,0X00,0X00,0X00,0X00,0XFF,0XFF,
 382          0XFF,0XFF,0XFF,0XFE,0X00,0X00,0X00,0X00,0X00,0X00,0X00,0X00,0X00,0X00,0X00,0X00,
 383          0X00,0X00,0X00,0X00,0X00,0X00,0X00,0X00,0X7F,0XFF,0XFF,0XFF,0XFF,0XFC,0X00,0X00,
 384          0X00,0X00,0X00,0X00,0X00,0X00,0X00,0X00,0X00,0X00,0X00,0X00,0X00,0X00,0X00,0X00,
 385          0X00,0X00,0X7F,0XFF,0XFF,0XFF,0XFF,0XFC,0X00,0X00,0X00,0X00,0X00,0X00,0X00,0X00,
 386          0X00,0X00,0X00,0X00,0X00,0X00,0X00,0X00,0X00,0X00,0X00,0X00,0X3F,0XFF,0XFF,0XFF,
 387          0XFF,0XF8,0X00,0X00,0X00,0X00,0X00,0X00,0X00,0X00,0X00,0X00,0X00,0X00,0X00,0X00,
 388          0X00,0X00,0X00,0X00,0X00,0X00,0X3F,0XFF,0XFF,0XFF,0XFF,0XF0,0X00,0X00,0X00,0X00,
 389          0X00,0X00,0X00,0X00,0X00,0X00,0X00,0X00,0X00,0X00,0X00,0X00,0X00,0X00,0X00,0X00,
 390          0X1F,0XFF,0XFF,0XFF,0XFF,0XE0,0X00,0X00,0X00,0X00,0X00,0X00,0X00,0X00,0X00,0X00,
 391          0X00,0X00,0X00,0X00,0X00,0X00,0X00,0X00,0X00,0X00,0X1F,0XFF,0XFF,0XFF,0XFF,0XC0,
 392          0X00,0X00,0X00,0X00,0X00,0X00,0X00,0X00,0X00,0X00,0X00,0X00,0X00,0X00,0X00,0X00,
 393          0X00,0X00,0X00,0X00,0X0F,0XFF,0XFF,0XFF,0XFF,0X80,0X00,0X00,0X00,0X00,0X00,0X00,
 394          0X00,0X00,0X00,0X00,0X00,0X00,0X00,0X00,0X00,0X00,0X00,0X00,0X00,0X00,0X07,0XFF,
 395          0XFF,0XFF,0XFF,0X00,0X00,0X00,0X00,0X00,0X00,0X00,0X00,0X00,0X00,0X00,0X00,0X00,
 396          0X00,0X80,0X00,0X00,0X00,0X00,0X00,0X00,0X07,0XFF,0XFF,0XFF,0XFC,0X00,0X00,0X00,
 397          0X00,0X00,0X00,0X00,0X00,0X00,0X00,0X00,0X00,0X00,0X00,0X40,0X00,0X00,0X00,0X00,
 398          0X00,0X00,0X03,0XFF,0XFF,0XFF,0XF8,0X00,0X00,0X00,0X00,0X00,0X00,0X00,0X00,0X00,
 399          0X00,0X00,0X00,0X00,0X00,0X30,0X00,0X00,0X00,0X00,0X00,0X00,0X03,0XFF,0XFF,0XEE,
 400          0XB0,0X00,0X00,0X00,0X00,0X00,0X00,0X00,0X00,0X00,0X00,0X00,0X00,0X00,0X00,0X0C,
 401          0X00,0X00,0X00,0X00,0X00,0X00,0X01,0XF9,0XFE,0X7D,0X40,0X00,0X00,0X00,0X00,0X00,
 402          0X00,0X00,0X00,0X00,0X00,0X00,0X00,0X00,0X00,0X07,0X80,0X00,0X00,0X00,0X00,0X00,
 403          0X07,0XFF,0XFF,0XFF,0X80,0X00,0X00,0X00,0X00,0X00,0X00,0X00,0X00,0X00,0X00,0X00,
 404          0X00,0X00,0X00,0X03,0XF0,0X00,0X00,0X00,0X00,0X00,0X1F,0XFF,0XFF,0XFF,0X00,0X00,
 405          0X00,0X00,0X00,0X00,0X00,0X00,0X00,0X00,0X00,0X00,0X00,0X00,0X00,0X00,0XFE,0X00,
 406          0X00,0X00,0X00,0X00,0XFF,0XFF,0XFF,0XFC,0X00,0X00,0X00,0X00,0X00,0X00,0X00,0X00,
 407          0X00,0X00,0X00,0X00,0X00,0X00,0X00,0X00,0X3F,0XE0,0X00,0X00,0X00,0X0F,0XFF,0XFF,
 408          0XFF,0XF0,0X00,0X00,0X00,0X00,0X00,0X00,0X00,0X00,0X00,0X00,0X00,0X00,0X00,0X00,
 409          0X00,0X00,0X1C,0X07,0XC0,0X00,0X01,0XF8,0X00,0X01,0XFF,0XE0,0X00,0X00,0X00,0X00,
 410          0X00,0X00,0X00,0X00,0X00,0X00,0X00,0X00,0X00,0X00,0X00,0X00,0X07,0XFF,0XFF,0XFF,
 411          0XFF,0XFF,0XFF,0XFF,0XFF,0X80,0X00,0X00,0X00,0X00,0X00,0X00,0X00,0X00,0X00,0X00,
 412          0X00,0X00,0X00,0X00,0X00,0X00,0X01,0XFF,0XFF,0XFF,0XFF,0XFF,0XFF,0XFF,0XFE,0X00,
 413          0X00,0X00,0X00,0X00,0X00,0X00,0X00,0X00,0X00,0X00,0X00,0X00,0X00,0X00,0X00,0X00,
 414          0X00,0X7F,0XFF,0XFF,0XFF,0XFF,0XFF,0XFF,0XF0,0X00,0X00,0X00,0X00,0X00,0X00,0X00,
 415          0X00,0X00,0X00,0X00,0X00,0X00,0X00,0X00,0X00,0X00,0X00,0X0F,0XFF,0XFF,0XFF,0XFF,
 416          0XFF,0XFF,0XC0,0X00,0X00,0X00,0X00,0X00,0X00,0X00,0X00,0X00,0X00,0X00,0X00,0X00,
 417          0X00,0X00,0X00,0X00,0X00,0X01,0XFF,0XFF,0XFF,0XFF,0XFF,0XFE,0X00,0X00,0X00,0X00,
 418          0X00,0X00,0X00,0X00,0X00,0X00,0X00,0X00,0X00,0X00,0X00,0X00,0X00,0X00,0X00,0X00,
 419          0X1F,0XFF,0XFF,0XFF,0XFF,0XF0,0X00,0X00,0X00,0X00,0X00,0X00,0X00,0X00,0X00,0X00,
 420          0X00,0X00,0X00,0X00,0X00,0X00,0X00,0X00,0X00,0X00,0X01,0XFF,0XFF,0XFF,0XFF,0X00,
 421          0X00,0X00,0X00,0X00,0X00,0X00,0X00,0X00,0X00,0X00,0X00,0X00,0X00,0X00,0X00,0X00,
 422          0X00,0X00,0X00,0X00,0X00,0X0F,0XFF,0XFF,0XC0,0X00,0X00,0X00,0X00,0X00,0X00,0X00,
 423          0X00,0X00,0X00,0X00,0X00,0X00,0X00,0X00,0X00,0X00,0X00,0X00,0X00,0X00,0X00,0X00,
 424          0X00,0X00,0X00,0X00,0X00,0X00,0X00,0X00,0X00,0X00,0X00,0X00,0X00,0X00,0X00,0X00,
 425          0X00,0X00,0X00,0X00,0X00,0X00,0X00,0X00,0X00,0X00,0X00,0X00,0X00,0X00,0X00,0X00,
 426          0X00,0X00,0X00,0X00,0X00,0X00,0X00,0X00,0X00,0X00,0X00,0X00,0X00,0X00,0X00,0X00,
C51 COMPILER V9.60.7.0   MAIN                                                              11/29/2024 19:48:57 PAGE 8   

 427          0X00,0X00,0X00,0X00,0X00,0X00,0X00,0X00,0X00,0X00,0X00,0X00,0X00,0X00,0X00,0X00,
 428          0X00,0X00,0X00,0X00,0X00,0X00,0X00,0X00,0X00,0X00,0X00,0X00,0X00,0X00,0X00,0X00,
 429          0X00,0X00,0X00,0X00,0X00,0X00,0X00,0X00,0X00,0X00,0X00,0X00,0X00,0X00,0X00,0X00,
 430          0X00,0X00,0X00,0X00,0X00,0X00,0X00,0X00,0X00,0X00,0X00,0X00,0X00,0X00,0X00,0X00,
 431          0X00,0X00,0X00,0X00,0X00,0X00,0X00,0X00,0X00,0X00,0X00,0X00,0X00,0X00,0X00,0X00,
 432          0X00,0X00,0X00,0X00,0X00,0X00,0X00,0X00,0X00,0X00,0X00,0X00,0X00,0X00,0X00,0X00,
 433          0X00,0X00,0X00,0X00,0X00,0X00,0X00,0X00,0X00,0X00,0X00,0X00,0X00,0X00,0X00,0X00,
 434          0X00,0X00,0X00,0X00,0X00,0X00,0X00,0X00,0X00,0X00,0X00,0X00,0X00,0X00,0X00,0X00,
 435          0X00,0X00,0X00,0X00,0X00,0X00,0X00,0X00,0X00,0X00,0X00,0X00,0X00,0X00,0X00,0X00,
 436          0X00,0X00,0X00,0X00,0X00,0X00,0X00,0X00,0X00,0X00,0X00,0X00,0X00,0X00,0X00,0X00,
 437          0X00,0X00,0X00,0X00,0X00,0X00,0X00,0X00,0X00,0X00,0X00,0X00,0X00,0X00,0X00,0X00,
 438          0X00,0X00,0X00,0X00,0X00,0X00,0X00,0X00,0X00,0X00,0X00,0X00,0X00,0X00,0X00,0X00,
 439          0X00,0X00,0X00,0X00,0X00,0X00,0X00,0X00,0X00,0X00,0X00,0X00,0X00,0X00,0X00,0X00,
 440          0X00,0X00,0X00,0X00,0X00,0X00,0X00,0X00,0X00,0X00,0X00,0X00,0X00,0X00,0X00,0X00,
 441          0X00,0X00,0X00,0X00,0X00,0X00,0X00,0X00,0X00,0X00,0X00,0X00,0X00,0X00,0X00,0X00,
 442          0X00,0X00,0X00,0X00,0X00,0X00,0X00,0X00,0X00,0X00,0X00,0X00,0X00,0X00,0X00,0X00,
 443          0X00,0X00,0X00,0X00,0X00,0X00,0X00,0X00,0X00,0X00,0X00,0X00,0X00,0X00,0X00,0X00,
 444          0X00,0X00,0X00,0X00,0X00,0X00,0X00,0X00,0X00,0X00,0X00,0X00,0X00,0X00,0X00,0X00,
 445          0X00,0X00,0X00,0X00,0X00,0X00,0X00,0X00,0X00,0X00,0X00,0X00,0X00,0X00,0X00,0X00,
 446          0X00,0X00,0X00,0X00,0X00,0X00,0X00,0X00,0X00,0X00,0X00,0X00,0X00,0X00,0X00,0X00,
 447          0X00,0X00,0X00,0X00,0X00,0X00,0X00,0X00,0X00,0X00,0X00,0X00,0X00,0X00,0X00,0X00,
 448          0X00,0X00,0X00,0X00,0X00,0X00,0X00,0X00,0X00,0X00,0X00,0X00,0X00,0X00,0X00,0X0F,
 449          0X80,0X00,0X00,0X00,0X00,0X00,0X00,0X40,0X04,0X40,0X00,0X00,0X00,0X00,0X00,0X00,
 450          0X00,0X00,0X00,0X00,0X04,0X20,0X00,0X04,0X00,0X00,0X00,0X00,0X00,0X00,0X00,0X00,
 451          0X00,0X40,0X20,0X40,0X00,0X00,0X00,0X00,0X00,0X00,0X00,0X0F,0X81,0X00,0X04,0X20,
 452          0X00,0X00,0X00,0X00,0X00,0X00,0X00,0X00,0X00,0X00,0X00,0X40,0X02,0X40,0X10,0X00,
 453          0X00,0X00,0X00,0X00,0X00,0X80,0X01,0X00,0X04,0X20,0X00,0X00,0X00,0X00,0X00,0X00,
 454          0X00,0X00,0X00,0X00,0X00,0X40,0X40,0X40,0X00,0X00,0X00,0X80,0X00,0X00,0X00,0X00,
 455          0X00,0X08,0X04,0X20,0X00,0X00,0X00,0X00,0X00,0X00,0X00,0X00,0X00,0X00,0X00,0X40,
 456          0X00,0X40,0X80,0X12,0X00,0X00,0X00,0X00,0X00,0X00,0X00,0X10,0X04,0X20,0X00,0X00,
 457          0X00,0X00,0X00,0X00,0X00,0X00,0X00,0X00,0X00,0X40,0X80,0X41,0X00,0X00,0X00,0X00,
 458          0X80,0X00,0X00,0X00,0X10,0X20,0X84,0X20,0X00,0X04,0X00,0X00,0X00,0X00,0X00,0X00,
 459          0X00,0X00,0X00,0X48,0X08,0X40,0X08,0X00,0X01,0X20,0X0E,0X00,0X00,0X00,0X20,0X20,
 460          0X44,0X20,0X0F,0X83,0XC0,0X00,0X00,0X00,0X00,0X00,0X00,0X01,0X80,0X40,0X08,0X40,
 461          0X10,0X01,0X00,0X00,0X00,0X00,0X00,0X00,0X20,0X00,0X04,0X20,0X08,0X00,0X40,0X00,
 462          0X00,0X00,0X00,0X00,0X00,0X00,0X20,0X66,0X08,0X40,0X20,0X09,0X00,0X0F,0X01,0X03,
 463          0XC0,0X00,0X20,0X00,0X04,0X20,0X08,0X00,0X40,0X00,0X00,0X00,0X00,0X00,0X00,0X01,
 464          0X00,0X00,0X08,0X40,0X00,0X00,0X02,0X40,0X20,0X00,0X00,0X00,0X20,0X02,0X04,0X20,
 465          0X08,0X00,0X5F,0XF0,0X7F,0XE0,0X00,0X00,0X00,0X01,0X00,0X00,0X08,0X00,0X00,0X00,
 466          0X00,0X1F,0XC1,0XFF,0XE0,0X00,0X20,0X01,0X04,0X20,0X08,0X00,0X40,0X00,0X00,0X00,
 467          0X00,0X00,0X00,0X00,0X00,0X00,0X08,0X02,0X00,0X04,0X84,0X10,0X00,0X00,0X20,0X00,
 468          0X00,0X00,0X84,0X20,0X00,0X04,0X00,0X00,0X00,0X00,0X00,0X00,0X00,0X00,0X00,0X08,
 469          0X08,0X00,0X04,0X04,0X80,0X90,0X00,0X00,0X20,0X00,0X00,0X00,0X04,0X20,0X00,0X04,
 470          0X00,0X00,0X00,0X00,0X00,0X00,0X00,0X00,0X10,0X10,0X00,0X00,0X00,0X00,0X00,0X10,
 471          0X00,0X00,0X20,0X00,0X00,0X10,0X04,0X20,0X00,0X00,0X00,0X00,0X00,0X00,0X00,0X00,
 472          0X00,0X00,0X80,0X00,0X08,0X40,0X20,0X00,0X00,0X1F,0X0F,0XFF,0XE0,0X00,0X00,0X00,
 473          0X04,0X20,0X00,0X00,0X00,0X00,0X00,0X00,0X00,0X00,0X00,0X00,0X80,0X00,0X0D,0X40,
 474          0X22,0X00,0X04,0X01,0X00,0X00,0X00,0XFC,0X1F,0X02,0X04,0X20,0X00,0X00,0X00,0X00,
 475          0X00,0X40,0X00,0X00,0X00,0X00,0X00,0X00,0X08,0X40,0X02,0X10,0X00,0X00,0X10,0X20,
 476          0X00,0X00,0X20,0X81,0X04,0X20,0X00,0X00,0X00,0X00,0X00,0X40,0X00,0X00,0X00,0X00,
 477          0X00,0X00,0X08,0X40,0X00,0X10,0X00,0X00,0X00,0X20,0X00,0X00,0X20,0X40,0X04,0X20,
 478          0X00,0X00,0X00,0X00,0X00,0X40,0X00,0X00,0X00,0X00,0X40,0X00,0X08,0X00,0X00,0X10,
 479          0X00,0X00,0X20,0X20,0X00,0X08,0X20,0X00,0X24,0X20,0X00,0X00,0X00,0X00,0X00,0X40,
 480          0X00,0X00,0X00,0X00,0X08,0X00,0X08,0X00,0X04,0X10,0X00,0X00,0X00,0X20,0X00,0X00,
 481          0X20,0X00,0X04,0X20,0X00,0X00,0X08,0X00,0X00,0X40,0X00,0X00,0X00,0X00,0X08,0X00,
 482          0X08,0X00,0X08,0X02,0X00,0X00,0X00,0X00,0X40,0X10,0X02,0X04,0X04,0X20,0X00,0X00,
 483          0X00,0X40,0X10,0X00,0X00,0X00,0X00,0X00,0X08,0X00,0X08,0X00,0X00,0X00,0X00,0X00,
 484          0X00,0X00,0X00,0X00,0X01,0X02,0X04,0X20,0X00,0X00,0X00,0X00,0X00,0X80,0X00,0X00,
 485          0X00,0X00,0X00,0X00,0X00,0X00,0X00,0X00,0X00,0X00,0X00,0X00,0X00,0X20,0X00,0X00,
 486          0X04,0X20,0X00,0X00,0X00,0X20,0X20,0X00,0X00,0X00,0X00,0X00,0X00,0X00,0X00,0X00,
 487          0X00,0X00,0X00,0X00,0X00,0X00,0X00,0X00,0X30,0X80,0X04,0X20,0X00,0X00,0X00,0X00,
 488          0X01,0X00,0X00,0X00,0X00,0X00,0X00,0X00,0X00,0X00,0X00,0X00,0X00,0X00,0X00,0X20,
C51 COMPILER V9.60.7.0   MAIN                                                              11/29/2024 19:48:57 PAGE 9   

 489          0X00,0X04,0X29,0X00,0X04,0X20,0X00,0X00,0X02,0X00,0X00,0X00,0X00,0X00,0X00,0X00,
 490          0X10,0X20,0X00,0X00,0X00,0X00,0X00,0X00,0X00,0X20,0X00,0X80,0X20,0X00,0X04,0X20,
 491          0X00,0X04,0X00,0X00,0X00,0X00,0X00,0X00,0X00,0X00,0X10,0X3E,0XFB,0XCF,0X7D,0XFB,
 492          0XCF,0X7D,0XE7,0XDF,0X79,0XE7,0XBF,0X79,0XE7,0XBC,0XF9,0XE7,0X80,0X00,0X04,0X00,
 493          0X00,0X00,0X00,0X00,0X00,0X3E,0XFB,0XCF,0X7D,0XFB,0XCF,0X7D,0XE7,0XDF,0X79,0XE7,
 494          0XBF,0X79,0XE7,0XBC,0XF9,0XE7,0X80,0X80,0X08,0X00,0X00,0X00,0X00,0X00,0X01,0X3E,
 495          0XF3,0XCF,0X7D,0XF3,0XCF,0X79,0XE7,0XDF,0X79,0XE7,0XBF,0X79,0XE7,0XBC,0XF9,0XE7,
 496          0X80,0X40,0X10,0X00,0X00,0X00,0X00,0X00,0X20,0X3E,0XF3,0XCF,0X39,0XF3,0XCF,0X79,
 497          0XE7,0XDF,0X79,0XE7,0XBF,0X79,0XE7,0XBC,0XF9,0XE7,0X80,0X00,0X00,0X00,0X00,0X00,
 498          0X00,0X00,0X00,0X3C,0X01,0XD0,0X00,0X07,0X8F,0X60,0X03,0XE0,0X00,0X63,0XE0,0X00,
 499          0X07,0XC0,0X00,0X7C,0X00,0X00,0X20,0X00,0X00,0X00,0X00,0X00,0X42,0X42,0X00,0X00,
 500          0X00,0X00,0X00,0XA0,0X00,0X20,0X00,0X00,0X20,0X00,0X04,0X20,0X00,0X00,0X00,0X00,
 501          0X08,0X00,0X00,0X00,0X00,0X00,0X00,0X00,0X00,0X00,0X00,0X08,0X80,0X00,0X00,0X20,
 502          0X00,0X40,0X20,0X00,0X04,0X20,0X00,0X00,0X04,0X00,0X02,0X00,0X00,0X00,0X00,0X00,
 503          0X04,0X04,0X00,0X00,0X00,0X00,0X00,0X20,0X00,0X20,0X00,0X00,0X20,0X00,0X04,0X20,
 504          0X00,0X80,0X20,0X02,0X00,0X40,0X00,0X00,0X00,0X01,0X00,0X18,0X00,0X00,0X00,0X10,
 505          0X00,0X00,0X00,0X20,0X00,0X00,0X20,0X00,0X04,0X20,0X08,0X01,0X00,0X08,0X80,0X10,
 506          0X00,0X00,0X00,0X00,0X08,0X00,0X00,0X00,0X00,0X01,0X01,0X00,0X00,0X20,0X00,0X00,
 507          0X20,0X00,0X04,0X20,0X00,0X04,0X00,0X20,0X20,0X00,0X00,0X00,0X00,0X00,0X10,0X00,
 508          0X00,0X00,0X00,0X00,0X08,0X00,0X00,0X20,0X00,0X00,0X20,0X00,0X04,0X20,0X00,0X00,
 509          0X01,0X00,0X08,0X20,0X00,0X00,0X00,0X00,0X40,0X00,0X00,0X00,0X00,0X08,0X00,0X00,
 510          0X00,0X20,0X00,0X00,0X20,0X00,0X04,0X20,0X00,0X10,0X44,0X00,0X00,0X00,0X00,0X00,
 511          0X00,0X00,0X00,0X00,0X01,0XF0,0X00,0X04,0X00,0X00,0X03,0XE0,0X00,0X03,0XE0,0X00,
 512          0X07,0XC0,0X00,0X00,0X20,0X00,0X00,0X00,0X00,0X00,0X00,0X00,0X00,0X00,0X00,0X00,
 513          0X00,0X00,0X00,0X00,0X00,0X00,0X00,0X00,0X00,0X00,0X00,0X00,0X00,0X00,0X00,0X00,
 514          0X00,0X00,0X00,0X00,0X00,0X00,0X00,0X00,0X00,0X00,0X00,0X00,0X00,0X00,0X00,0X00,
 515          0X00,0X00,0X00,0X00,0X00,0X00,0X00,0X00,0X00,0X00,0X00,0X00,0X00,0X00,0X00,0X00,
 516          0X00,0X00,0X00,0X00,0X00,0X00,0X00,0X00,0X00,0X00,0X00,0X00,0X00,0X00,0X00,0X00,
 517          0X00,0X00,0X00,0X00,0X00,0X00,0X00,0X00,0X00,0X00,0X00,0X00,0X00,0X00,0X00,0X00,
 518          0X00,0X00,0X00,0X00,0X00,0X00,0X00,0X00,0X00,0X00,0X00,0X00,0X00,0X00,0X00,0X00,
 519          0X00,0X00,0X00,0X00,0X00,0X00,0X00,0X00,0X00,0X00,0X00,0X00,0X00,0X00,0X00,0X00,
 520          0X00,0X00,0X00,0X00,0X00,0X00,0X00,0X00,0X00,0X00,0X00,0X00,0X00,0X00,0X00,0X00,
 521          0X00,0X00,0X00,0X00,0X00,0X00,0X00,0X00,0X00,0X00,0X00,0X00,0X00,0X00,0X00,0X00,
 522          0X00,0X00,0X00,0X00,0X00,0X00,0X00,0X00,0X00,0X00,0X00,0X00,0X00,0X00,0X00,0X00,
 523          0X00,0X00,0X00,0X00,0X00,0X00,0X00,0X00,0X00,0X00,0X00,0X00,0X00,0X00,0X00,0X00,
 524          0X00,0X00,0X00,0X00,0X00,0X00,0X00,0X00,0X00,0X00,0X00,0X00,0X00,0X00,0X00,0X00,
 525          0X00,0X00,0X00,0X00,0X00,0X00,0X00,0X00,0X00,0X00,0X00,0X00,0X00,0X00,0X00,0X00,
 526          0X00,0X00,0X00,0X00,0X00,0X00,0X00,0X00,0X00,0X00,0X00,0X00,0X00,0X00,0X00,0X00,
 527          0X00,0X00,0X00,0X00,0X00,0X00,0X00,0X00,0X00,0X00,0X10,0X11,0X3C,0X08,0X00,0X04,
 528          0X00,0X00,0X48,0X90,0X9E,0X00,0X44,0X80,0X00,0X00,0X00,0X00,0X00,0X00,0X00,0X00,
 529          0X00,0X00,0X00,0X00,0X00,0X40,0X01,0X00,0X0A,0X00,0X0C,0X08,0X00,0X40,0X20,0X00,
 530          0X00,0X00,0X00,0X00,0X00,0X00,0X00,0X00,0X00,0X00,0X00,0X00,0X00,0X00,0X00,0X00,
 531          0X00,0X02,0X0A,0X00,0X0C,0X08,0X01,0X80,0X00,0X00,0X00,0X00,0X00,0X00,0X00,0X00,
 532          0X00,0X00,0X00,0X00,0X00,0X00,0X00,0X00,0X28,0X00,0X00,0X02,0X0A,0X00,0X0C,0X08,
 533          0X03,0X00,0X00,0X00,0X00,0X00,0X00,0X00,0X00,0X00,0X00,0X00,0X00,0X00,0X00,0X00,
 534          0X00,0X00,0X01,0X80,0X02,0X02,0X0A,0X00,0X0C,0X08,0X06,0X00,0X01,0X00,0X00,0X00,
 535          0X00,0X00,0X00,0X00,0X00,0X00,0X00,0X00,0X00,0X00,0X00,0X00,0X00,0X00,0X04,0X02,
 536          0X0A,0X00,0X0C,0X08,0X0C,0X00,0X02,0X00,0X00,0X00,0X00,0X00,0X00,0X00,0X00,0X00,
 537          0X00,0X00,0X00,0X00,0X00,0X00,0X0B,0X00,0X3C,0X03,0XFA,0X00,0X0C,0X08,0X02,0X00,
 538          0X3E,0X00,0X00,0X00,0X00,0X00,0X00,0X00,0X00,0X00,0X00,0X00,0X00,0X00,0X00,0X00,
 539          0X00,0X00,0X02,0X02,0X0A,0X00,0X0C,0X08,0X01,0X00,0X01,0X00,0X00,0X00,0X00,0X00,
 540          0X00,0X00,0X00,0X00,0X00,0X00,0X00,0X00,0X00,0X00,0X00,0X00,0X00,0X02,0X0A,0X10,
 541          0X08,0X08,0X00,0X80,0X00,0X00,0X00,0X00,0X00,0X00,0X00,0X00,0X00,0X00,0X00,0X00,
 542          0X00,0X00,0X00,0X00,0X00,0X00,0X00,0X02,0X0A,0X10,0X00,0X08,0X00,0X40,0X00,0X00,
 543          0X00,0X00,0X00,0X00,0X00,0X00,0X00,0X00,0X00,0X00,0X00,0X00,0X00,0X00,0X00,0X00,
 544          0X00,0X02,0X0A,0X04,0X00,0X08,0X00,0X20,0X00,0X08,0X00,0X00,0X00,0X00,0X00,0X00,
 545          0X00,0X00,0X00,0X00,0X00,0X00,0X00,0X00,0X00,0X00,0X01,0X82,0X0A,0X02,0X08,0X28,
 546          0X00,0X90,0X00,0XC0,0X80,0X00,0X00,0X00,0X00,0X00,0X00,0X00,0X00,0X00,0X00,0X00,
 547          0X00,0X00,0X11,0X82,0X00,0X11,0X91,0X04,0X00,0X46,0X8C,0X05,0X00,0X0B,0X08,0X40,
 548          0X00,0X00,0X00,0X00,0X00,0X00,0X00,0X00,0X00,0X00,0X00,0X00,0X00,0X00,0X00,0X00,
 549          0X00,0X00,0X00,0X00,0X00,0X00,0X00,0X00,0X00,0X00,0X00,0X00,0X00,0X00,0X00,0X00,
 550          0X00,0X00,0X00,0X00,0X00,0X00,0X00,0X00,0X00,0X00,0X00,0X00,0X00,0X00,0X00,0X00,
C51 COMPILER V9.60.7.0   MAIN                                                              11/29/2024 19:48:57 PAGE 10  

 551          0X00,0X00,0X00,0X00,0X00,0X00,0X00,0X00,0X00,0X00,0X00,0X00,0X00,0X00,0X00,0X00,
 552          0X00,0X00,0X00,0X00,0X00,0X00,0X00,0X00,0X00,0X00,0X00,0X00,0X00,0X00,0X00,0X00,
 553          0X00,0X00,0X00,0X00,0X00,0X00,0X00,0X00,0X00,0X00,0X00,0X00,0X00,0X00,0X00,0X00,
 554          0X00,0X00,0X00,0X00,0X00,0X00,0X00,0X00,0X00,0X00,0X00,0X00,0X00,0X00,0X00,0X00,
 555          0X00,0X00,0X00,0X00,0X00,0X00,0X00,0X00,0X00,0X00,0X00,0X00,0X00,0X00,0X00,0X00,
 556          0X00,0X00,0X00,0X00,0X00,0X00,0X00,0X00,0X00,0X00,0X00,0X00,0X00,0X00,0X00,0X00,
 557          0X00,0X00,0X00,0X00,0X00,0X00,0X00,0X00,0X00,0X00,0X00,0X00,0X00,0X00,0X00,0X00,
 558          0X00,0X00,0X00,0X00,0X00,0X00,0X00,0X00,0X00,0X00,0X00,0X00,0X00,0X00,0X00,0X00,
 559          0X00,0X00,0X00,0X00,0X00,0X00,0X00,0X00,0X00,0X00,0X00,0X00,0X00,0X00,0X00,0X00,
 560          0X00,0X00,0X00,0X00,0X00,0X00,0X00,0X00,0X00,0X00,0X00,0X00,0X00,0X00,0X00,0X00,
 561          0X00,0X00,0X00,0X00,0X00,0X00,0X00,0X00,0X00,0X00,0X00,0X00,0X00,0X00,0X00,0X00,
 562          0X00,0X00,0X00,0X00,0X00,0X00,0X00,0X00,0X00,0X00,0X00,0X00,0X00,0X00,0X00,0X00,
 563          };
 564          //-------------------------------------------------------------------------------
 565          
 566          void main(void)
 567          {   while(1)
 568   1          {   lcdreset();                     //??????????
 569   2              exsample();                     //????
 570   2          }
 571   1      }
 572          void exsample(void)                     //????
 573          {   unsigned char i;
 574   1      //0.??????,LCD??????????,???????
 575   1          lcdreset();                         //??????????
 576   1          charlcdfill(' ');                   //????
 577   1      
 578   1      //1.?????: ?(1,0)??????" LCM12864ZW "
 579   1          putstrxy(1,0,"  LCM12864ZW ");       //?(1,0)?????????
 580   1          exdelay();                          //???300mS
 581   1          exdelay();                          //???300mS
 582   1      
 583   1      //2.?????: ?(0,1)??????" 128*64/STN/FSTN/DFSTN "
 584   1          putstrxy(0,1," 128*64/STN/FSTN/DFSTN ");   //?(0,1)?????????
 585   1          exdelay();                          //???300mS
 586   1          exdelay();                          //???300mS
 587   1      
 588   1      //3.?????: ?(0,2)??????"Oriental-lcd.com"
 589   1          putstrxy(0,2,"ZHONGGUOKEJI/SHENZHENSHI");       //?(0,2)?????????
 590   1          exdelay();                          //???300mS
 591   1          exdelay();                          //???300mS
 592   1      
 593   1      //4.?????: ?(3,3)??????"LCM-DISPLAY"
 594   1          putstrxy(3,3,"LCM-DISPLAY");   //?(3,3)?????????
 595   1          exdelay();                          //???300mS
 596   1          exdelay();                          //???300mS
 597   1      
 598   1      //5.??????: ????0..9 ????
 599   1          for(i='0';i<'9'+1;i++)
 600   1          {   charlcdfill(i);                 //?????i??
 601   2              exdelay();                      //???300mS
 602   2          }
 603   1          charlcdfill(' ');                   //????
 604   1          exdelay();                          //???300mS
 605   1      
 606   1      //6.????: ????A..Z ??
 607   1          for(i='A';i<'Z'+1;i++)              //????A..Z??
 608   1          {   putchar(i);                     //???????i??
 609   2              exdelay();                      //???300mS
 610   2          }
 611   1      
 612   1      //7.???????: ????????????
C51 COMPILER V9.60.7.0   MAIN                                                              11/29/2024 19:48:57 PAGE 11  

 613   1          setcharcgram(0,CHAR1CGRAMTAB);      //???????????
 614   1          setcharcgram(1,CHAR2CGRAMTAB);
 615   1          setcharcgram(2,CHAR3CGRAMTAB);
 616   1          setcharcgram(3,CHAR4CGRAMTAB);      //???????????
 617   1      
 618   1      //8.???????:?(4,0)(5,0)(4,1)(5,1)???????????1,2,3,4
 619   1          CXPOS=4,CYPOS=0;
 620   1          putchar(USERCHAR1CODE);
 621   1          exdelay();                          //???300mS
 622   1          putchar(USERCHAR2CODE);
 623   1          exdelay();                          //???300mS
 624   1          CXPOS=4,CYPOS=1;
 625   1          putchar(USERCHAR3CODE);
 626   1          exdelay();                          //???300mS
 627   1          putchar(USERCHAR4CODE);
 628   1          exdelay();                          //???300mS
 629   1          exdelay();                          //???300mS
 630   1      
 631   1      //9.??????: ?(0,0)????????
 632   1          charlcdfill(' ');                   //????
 633   1          lcdgraphon();                       //?????
 634   1          GXPOS=0,GYPOS=0;
 635   1          putimage(Img_YEHUI_128x64);
 636   1          exdelay();                          //???300mS
 637   1          exdelay();                          //???300mS
 638   1          glcdfill(0);                        //??????
 639   1          lcdgraphoff();                      //?????
 640   1      }
 641          void exdelay(void)                      //???????
 642          { unsigned char i,j,k;                  //???300mS
 643   1        for(i=0;i<30;i++)
 644   1          for(j=0;j<64;j++)
 645   1            for(k=0;k<51;k++);
 646   1      }
 647          //-------------------------------------------------------------------------------
 648          //??putchar???????????,putstr???????????,getchinesecodepos,
 649          //getenglishcodepos???????????.
 650          //-------------------------------------------------------------------------------
 651          //?????:void charlcdfill(unsigned int c).
 652          //??:????A???ASCII??.
 653          //????:2009.10.29
 654          //???:chujianjun@sunman.cn,tanchao@sunman.cn
 655          //-------------------------------------------------------------------------------
 656          void charlcdfill(unsigned int c)        //????A???ASCII?????
 657          {   for(CXPOS=CYPOS=0;1;)
 658   1          {   putchar(c);                     //?????
 659   2              if((CXPOS==0) && (CYPOS==0)) break;
 660   2          }
 661   1      }
 662          //-------------------------------------------------------------------------------
 663          //?????:void putchar(unsigned int c).
 664          //??:?(XPOS,YPOS)?????????,?c>128 ???????,???????
 665          //????:2009.8.18
 666          //???:chujianjun@sunman.cn,tanchao@sunman.cn
 667          //-------------------------------------------------------------------------------
 668          void putchar(unsigned int c)            //????????
 669          {   if(c>128)                           //?????128?????
 670   1          {   if( (CXPOS&0x1)==1 )            //????,CXPOS?????????,?
 671   2              {   lcdwd(' ');                 //????????????????
 672   3                  charcursornext();           //?????????????
 673   3              }
 674   2              charlcdpos();
C51 COMPILER V9.60.7.0   MAIN                                                              11/29/2024 19:48:57 PAGE 12  

 675   2              if((c&0xff00)==0xff00)          //??????0FFH?????????
 676   2                  c=0xffff-c;                 //????ST7920????
 677   2              lcdwd(c/256);                   //?????
 678   2              charcursornext();
 679   2              lcdwd(c&0xff);                  //?????
 680   2              charcursornext();
 681   2          }
 682   1          else                                //?????128???ASCII??
 683   1          {   charlcdpos();
 684   2              if( (CXPOS&0x1)==1 )            //?ASCII???,CXPOS?????????,?
 685   2              {   lcdwd(FCHARBUF);            //????????????
 686   3                  lcdwd(c);
 687   3              }
 688   2              else
 689   2              {   lcdwd(c);                   //?ASCII???,CXPOS?????????,?
 690   3                  FCHARBUF=c;                 //????,????????????????
 691   3                  lcdwd(' ');                 //??????????.
 692   3              }
 693   2              charcursornext();               //?????????????
 694   2          }
 695   1      }
 696          //-------------------------------------------------------------------------------
 697          //?????:void putstr(unsigned char code *s).
 698          //??:??????,?*s=0 ???????.
 699          //????:2009.8.18
 700          //???:chujianjun@sunman.cn,tanchao@sunman.cn
 701          //-------------------------------------------------------------------------------
 702          void putstr(unsigned char code *s)      //????????,????0???
 703          {   unsigned int c;
 704   1          while(1)
 705   1          {   c=*s;
 706   2              s++;
 707   2              if(c==0) break;
 708   2              if(c<128)
 709   2                  putchar(c);
 710   2              else
 711   2              {   putchar(c*256+*s);
 712   3                  s++;
 713   3              }
 714   2          }
 715   1      }
 716          //-------------------------------------------------------------------------------
 717          //?????:void putstrxy(unsigned char cx,unsigned char cy,unsigned char *s).
 718          //??:?(cx,cy)????????.
 719          //????:2009.08.11
 720          //???:chujianjun@sunman.cn,tanchao@sunman.cn
 721          //-------------------------------------------------------------------------------
 722          void putstrxy(unsigned char cx,unsigned char cy,unsigned char code *s)
 723          {                                       //?(cx,cy)???????????
 724   1          CXPOS=cx;                           //???X???cx
 725   1          CYPOS=cy;                           //???Y???cy
 726   1          putstr(s);
 727   1      }
 728          //-------------------------------------------------------------------------------
 729          //?????:void setcharcgram(unsigned char cindex,unsigned char code *s).
 730          //??:?*s??32???????????cindex(0-3)?.
 731          //????:2009.10.29
 732          //???:chujianjun@sunman.cn,tanchao@sunman.cn
 733          //-------------------------------------------------------------------------------
 734          void setcharcgram(unsigned char cindex,unsigned char code *s)
 735          {   unsigned char i;
 736   1          lcdwc(0x34);                        //?????,??????
C51 COMPILER V9.60.7.0   MAIN                                                              11/29/2024 19:48:57 PAGE 13  

 737   1          lcdwc(0x02);                        //SR=0 ??CGRAM
 738   1          lcdwc(0x30);                        //????????
 739   1          lcdwc( ((cindex&0x3)<<4) | 0x40);   //??CGRAM??
 740   1          for(i=0;i<32;i++,s++)               //?????
 741   1              lcdwd(*s);
 742   1      }
 743          //-------------------------------------------------------------------------------
 744          //??putsizeimage???????????,putimage???????????
 745          //-------------------------------------------------------------------------------
 746          //?????:void putsizeimage(unsigned char XSIZE,unsigned YSIZE,
 747          //                             unsigned char code *s)
 748          //??:?(GXPOS,GYPOS)????XSIZE??YISZE??????*S(XSIZE??8???
 749          //     GXPOS??16???).
 750          //????:2009.10.29
 751          //???:chujianjun@sunman.cn,tanchao@sunman.cn
 752          //-------------------------------------------------------------------------------
 753          void putsizeimage(unsigned char XSIZE,unsigned char YSIZE,unsigned char code *s)
 754          {  unsigned char lx,ly,x;
 755   1         x=GXPOS;
 756   1         for(ly=0;ly<YSIZE;ly++,GYPOS++)
 757   1         {  for(GXPOS=x,lx=0;lx<XSIZE;)
 758   2            {  if((GXPOS&0x08)==0) glcdpos();
 759   3               lcdwd(*s);
 760   3               s++;
 761   3               lx+=8;
 762   3               GXPOS+=8;
 763   3            }
 764   2         }
 765   1         GXPOS=x;
 766   1      }
 767          //-------------------------------------------------------------------------------
 768          //?????:void putimage(unsigned char code *s).
 769          //??:?(XPOS,YPOS)????XSIZE[*s]??YISZE[*(s+1)]??????[*(s+2)].
 770          //????:2009.8.18
 771          //???:chujianjun@sunman.cn,tanchao@sunman.cn
 772          //-------------------------------------------------------------------------------
 773          void putimage(unsigned char code *s)    //???????
 774          {   unsigned char XSIZE,YSIZE;
 775   1          XSIZE=*s;
 776   1          s++;
 777   1          YSIZE=*s;
 778   1          s++;
 779   1          putsizeimage(XSIZE,YSIZE,s);
 780   1      }
 781          //-------------------------------------------------------------------------------
 782          //???charlcdpos,charcursornext,lcdreset?ST7920?????????????
 783          //16ASCII??X4??SMG12864??????????????????????.
 784          //-------------------------------------------------------------------------------
 785          //?????:void charlcdpos(void).
 786          //??:?????(CXPOS,CYPOS)???????RAM??.
 787          //????:2009.10.29
 788          //???:chujianjun@sunman.cn,tanchao@sunman.cn
 789          //-------------------------------------------------------------------------------
 790          void charlcdpos(void)                   //?????(CXPOS,CYPOS)??RAM??????
 791          {  unsigned char ddaddr;
 792   1         CXPOS&=0xf;                          //X????(0?15)
 793   1         ddaddr=CXPOS/2;
 794   1          if(CYPOS==0)                        //(???)X: ?0----15???
 795   1              lcdwc(ddaddr|0x80);             //    DDRAM:  80----87H
 796   1          else if(CYPOS==1)                   //(???)X: ?0----19???
 797   1              lcdwc(ddaddr|0x90);             //    DDRAM:  90----07H
 798   1          else if(CYPOS==2)                   //(???)X: ?0----19???
C51 COMPILER V9.60.7.0   MAIN                                                              11/29/2024 19:48:57 PAGE 14  

 799   1              lcdwc(ddaddr|0x88);             //    DDRAM:  88----8FH
 800   1          else                                //(???)X: ?0----19???
 801   1              lcdwc(ddaddr|0x98);             //    DDRAM:  98----9FH
 802   1      }
 803          //-------------------------------------------------------------------------------
 804          //?????:void charcursornext(void).
 805          //??:?????????????.
 806          //????:2009.10.29
 807          //???:chujianjun@sunman.cn,tanchao@sunman.cn
 808          //-------------------------------------------------------------------------------
 809          void charcursornext(void)               //????????????????
 810          {
 811   1          CXPOS++;                            //?????1
 812   1          CXPOS&=0x0f;                        //????CXPOS??????(0?15)
 813   1          if(CXPOS==0)                        //????CXPOS=0?????
 814   1          {   CYPOS++;                        //????1
 815   2              CYPOS&=0X3;                     //????CYPOS??????(0?3)
 816   2          }
 817   1      }
 818          //-------------------------------------------------------------------------------
 819          //?????:void lcdreset(void)
 820          //??:??????????
 821          //????:2009.08.31
 822          //???:chujianjun@sunman.cn,tanchao@sunman.cn
 823          //-------------------------------------------------------------------------------
 824          void lcdreset(void)                     //?????????????
 825          {   lcdwc(0x33);                        //??????
 826   1          delay3ms();                         //??3MS
 827   1          lcdwc(0x30);                        //?????
 828   1          delay3ms();                         //??3MS
 829   1          lcdwc(0x30);                        //????????
 830   1          delay3ms();                         //??3MS
 831   1          lcdwc(0x01);                        //?????
 832   1          delay3ms();                         //??3MS
 833   1          lcdon();                            //???
 834   1      }
 835          void delay3ms(void)                     //??3MS???
 836          { unsigned char i,j,k;
 837   1        for(i=0;i<3;i++)
 838   1          for(j=0;j<64;j++)
 839   1            for(k=0;k<51;k++);
 840   1      }
 841          //-------------------------------------------------------------------------------
 842          //?????:void glcdfill(unsigned char d).
 843          //??:????d???????.
 844          //????:2009.10.28
 845          //???:chujianjun@sunman.cn,tanchao@sunman.cn
 846          //-------------------------------------------------------------------------------
 847          void glcdfill(unsigned char d)          //????d?????????
 848          {   unsigned char i;
 849   1          GXPOS=0;
 850   1          GYPOS=0;
 851   1          while(GYPOS<64)
 852   1          {   glcdpos();
 853   2              for(i=0;i<16;i++)
 854   2                  lcdwd(d);
 855   2              GYPOS++;
 856   2          }
 857   1          GYPOS=0;
 858   1      }
 859          //-------------------------------------------------------------------------------
 860          //?????:void glcdpos(void)
C51 COMPILER V9.60.7.0   MAIN                                                              11/29/2024 19:48:57 PAGE 15  

 861          //??:??(GXPOS,GYPOS)????????RAM??.
 862          //????:2009.10.28
 863          //???:chujianjun@sunman.cn,tanchao@sunman.cn
 864          //-------------------------------------------------------------------------------
 865          void glcdpos(void)                      //????????RAM?????
 866          {   lcdwc(0x36);                        //?????
 867   1          lcdwc((GYPOS&0x1f)|0x80);           //??Y??
 868   1          if(GYPOS>=32)                       //??X??
 869   1              lcdwc((GXPOS/16+8)|0x80);
 870   1          else
 871   1              lcdwc((GXPOS/16)|0x80);
 872   1          lcdwc(0x30);                        //????????
 873   1      }
 874          //-------------------------------------------------------------------------------
 875          //?????:lcdon()
 876          //??:??LCD??
 877          //????:2009.10.28
 878          //???:chujianjun@sunman.cn,tanchao@sunman.cn
 879          //-------------------------------------------------------------------------------
 880          void lcdon(void)                        //LCD???????
 881          {   lcdwc(0x30);                        //????????
 882   1          lcdwc(0x0c);
 883   1      }
 884          //-------------------------------------------------------------------------------
 885          //?????:lcdoff()
 886          //??:??LCD??
 887          //????:2009.10.28
 888          //???:chujianjun@sunman.cn,tanchao@sunman.cn
 889          //-------------------------------------------------------------------------------
 890          void lcdoff(void)                       //LCD???????
 891          {   lcdwc(0x30);                        //????????
 892   1          lcdwc(0x08);
 893   1      }
 894          //-------------------------------------------------------------------------------
 895          //?????:lcdgraphon()
 896          //??:????????
 897          //????:2009.10.28
 898          //???:chujianjun@sunman.cn,tanchao@sunman.cn
 899          //-------------------------------------------------------------------------------
 900          void lcdgraphon(void)                  //???????????
 901          {   lcdwc(0x36);
 902   1          lcdwc(0x30);                        //????????
 903   1      }
 904          //-------------------------------------------------------------------------------
 905          //?????:lcdgraphoff()
 906          //??:????????
 907          //????:2009.10.28
 908          //???:chujianjun@sunman.cn,tanchao@sunman.cn
 909          //-------------------------------------------------------------------------------
 910          void lcdgraphoff(void)                  //???????????
 911          {   lcdwc(0x34);
 912   1          lcdwc(0x30);                        //????????
 913   1      }
 914          //-------------------------------------------------------------------------------
 915          //??lcdwc,lcdwd?ST7920?????MCS51???????????????,transbyte,
 916          //transbit??????.
 917          //-------------------------------------------------------------------------------
 918          //?????:void lcdwd(unsigned char d).
 919          //??:?????????????.
 920          //????:2009.10.29
 921          //???:chujianjun@sunman.cn,tanchao@sunman.cn
 922          //-------------------------------------------------------------------------------
C51 COMPILER V9.60.7.0   MAIN                                                              11/29/2024 19:48:57 PAGE 16  

 923          void lcdwd(unsigned char d)             //???????????
 924          {
 925   1         CSPIN=1;                             //????
 926   1         transbyte(0xfa);                     //SYNCODE=0F8H,RW=0,RS=1,D0=0
 927   1         transbyte(d&0xf0);                   //??????,?????
 928   1         transbyte((d&0x0f)<<4);              //??????
 929   1         CSPIN=0;                             //????
 930   1      }
 931          //-------------------------------------------------------------------------------
 932          //?????:lcdwc(unsigned char c).
 933          //??:???????????.
 934          //????:2009.10.29
 935          //???:chujianjun@sunman.cn,tanchao@sunman.cn
 936          //-------------------------------------------------------------------------------
 937          void lcdwc(unsigned char c)             //???????????
 938          {
 939   1         CSPIN=1;                             //????
 940   1         transbyte(0xf8);                     //SYNCODE=0F8H,RW=0,RS=0,D0=0
 941   1         transbyte(c&0xf0);                   //??????,?????
 942   1         transbyte((c&0x0f)<<4);              //??????
 943   1         CSPIN=0;                             //????
 944   1      }
 945          //-------------------------------------------------------------------------------
 946          //?????:void transbyte(unsigned char d).
 947          //??:?1????????????.
 948          //????:2009.10.10
 949          //???:chujianjun@sunman.cn,tanchao@sunman.cn
 950          //-------------------------------------------------------------------------------
 951          void transbyte(unsigned char d)         //?1???????????????
 952          {   unsigned char i;
 953   1          for(i=0;i<8;i++)
 954   1          {   if((d&0x80) == 0x80)
 955   2                  transbit(1);
 956   2              else
 957   2                  transbit(0);
 958   2              d<<=1;                          //???????????????????
 959   2          }
 960   1      }
 961          //-------------------------------------------------------------------------------
 962          //?????:void transbit(bit d).
 963          //??:?1???????????.
 964          //????:2009.10.29
 965          //???:chujianjun@sunman.cn,tanchao@sunman.cn
 966          //-------------------------------------------------------------------------------
 967          void transbit(bit d)                    //?1??????????????
 968          {  STDPIN = d;                          //?????????DI
 969   1         _nop_();
 970   1         SCLKPIN = 1;                         //????????????
 971   1         _nop_();
 972   1         SCLKPIN = 0;
 973   1         _nop_();
 974   1         SCLKPIN = 1;
 975   1      }


MODULE INFORMATION:   STATIC OVERLAYABLE
   CODE SIZE        =   1023    ----
   CONSTANT SIZE    =   6451    ----
   XDATA SIZE       =   ----    ----
   PDATA SIZE       =   ----    ----
   DATA SIZE        =      5      27
   IDATA SIZE       =   ----    ----
C51 COMPILER V9.60.7.0   MAIN                                                              11/29/2024 19:48:57 PAGE 17  

   BIT SIZE         =   ----       1
END OF MODULE INFORMATION.


C51 COMPILATION COMPLETE.  0 WARNING(S),  0 ERROR(S)
