BL51 BANKED LINKER/LOCATER V6.22.4.0                                                    08/10/2024  17:26:06  PAGE 1


BL51 BANKED LINKER/LOCATER V6.22.4.0, INVOKED BY:
E:\KEIL_V5\C51\BIN\BL51.EXE .\Objects\main.obj TO .\Objects\240128 PRINT (.\Listings\240128.m51) RAMSIZE (256)


MEMORY MODEL: SMALL


INPUT MODULES INCLUDED:
  .\Objects\main.obj (MAIN)
  E:\KEIL_V5\C51\LIB\C51S.LIB (?C_STARTUP)
  E:\KEIL_V5\C51\LIB\C51S.LIB (?C?IMUL)
  E:\KEIL_V5\C51\LIB\C51S.LIB (?C?UIDIV)


LINK MAP OF MODULE:  .\Objects\240128 (MAIN)


            TYPE    BASE      LENGTH    RELOCATION   SEGMENT NAME
            -----------------------------------------------------

            * * * * * * *   D A T A   M E M O R Y   * * * * * * *
            REG     0000H     0008H     ABSOLUTE     "REG BANK 0"
            DATA    0008H     0014H     UNIT         _DATA_GROUP_
            DATA    001CH     0002H     UNIT         ?DT?MAIN
                    001EH     0002H                  *** GAP ***
            BIT     0020H.0   0000H.3   UNIT         _BIT_GROUP_
            BIT     0020H.3   0000H.1   UNIT         ?BI?MAIN
                    0020H.4   0000H.4                *** GAP ***
            IDATA   0021H     0001H     UNIT         ?STACK

            * * * * * * *   C O D E   M E M O R Y   * * * * * * *
            CODE    0000H     0003H     ABSOLUTE     
            CODE    0003H     03CCH     UNIT         ?CO?MAIN
            CODE    03CFH     014BH     UNIT         ?PR?_PUTSIZEIMAGE?MAIN
            CODE    051AH     013EH     UNIT         ?PR?_LINE?MAIN
            CODE    0658H     00CEH     UNIT         ?PR?EXSAMPLE?MAIN
            CODE    0726H     00CBH     UNIT         ?PR?_GETCHINESECODEPOS?MAIN
            CODE    07F1H     008BH     UNIT         ?PR?_GETENGLISHCODEPOS?MAIN
            CODE    087CH     0067H     UNIT         ?C?LIB_CODE
            CODE    08E3H     0055H     UNIT         ?PR?_PUTSTR?MAIN
            CODE    0938H     0040H     UNIT         ?PR?_RECT?MAIN
            CODE    0978H     0038H     UNIT         ?PR?POINT?MAIN
            CODE    09B0H     002DH     UNIT         ?PR?_PUTCHAR?MAIN
            CODE    09DDH     0028H     UNIT         ?PR?_LCDFILL?MAIN
            CODE    0A05H     001FH     UNIT         ?PR?LCDPOS?MAIN
            CODE    0A24H     001EH     UNIT         ?PR?LCDWAITIDLE?MAIN
            CODE    0A42H     001BH     UNIT         ?PR?LCDRESET?MAIN
            CODE    0A5DH     0015H     UNIT         ?PR?_LCDWC3?MAIN
            CODE    0A72H     0014H     UNIT         ?PR?_LCDWC?MAIN
            CODE    0A86H     0014H     UNIT         ?PR?LCDRDATA?MAIN
            CODE    0A9AH     0014H     UNIT         ?PR?_LCDWDATA?MAIN
            CODE    0AAEH     0013H     UNIT         ?PR?EXDELAY?MAIN
            CODE    0AC1H     0013H     UNIT         ?PR?_PUTIMAGE?MAIN
            CODE    0AD4H     000FH     UNIT         ?PR?_LINETO?MAIN
            CODE    0AE3H     000EH     UNIT         ?PR?_LCDWC2?MAIN
            CODE    0AF1H     000CH     UNIT         ?C_C51STARTUP
            CODE    0AFDH     0008H     UNIT         ?PR?MAIN?MAIN
            CODE    0B05H     0008H     UNIT         ?PR?LCDRD?MAIN
BL51 BANKED LINKER/LOCATER V6.22.4.0                                                  08/10/2024  17:26:06  PAGE 2


            CODE    0B0DH     0007H     UNIT         ?PR?_LCDWD?MAIN



OVERLAY MAP OF MODULE:   .\Objects\240128 (MAIN)


SEGMENT                                BIT_GROUP          DATA_GROUP 
  +--> CALLED SEGMENT               START    LENGTH     START    LENGTH
-----------------------------------------------------------------------
?C_C51STARTUP                       -----    -----      -----    -----
  +--> ?PR?MAIN?MAIN

?PR?MAIN?MAIN                       -----    -----      -----    -----
  +--> ?PR?LCDRESET?MAIN
  +--> ?PR?EXSAMPLE?MAIN

?PR?LCDRESET?MAIN                   -----    -----      -----    -----
  +--> ?PR?_LCDWC?MAIN
  +--> ?PR?_LCDWC3?MAIN

?PR?_LCDWC?MAIN                     -----    -----      001BH    0001H
  +--> ?PR?LCDWAITIDLE?MAIN

?PR?_LCDWC3?MAIN                    -----    -----      0019H    0002H
  +--> ?PR?_LCDWDATA?MAIN
  +--> ?PR?_LCDWC?MAIN

?PR?_LCDWDATA?MAIN                  -----    -----      001BH    0001H
  +--> ?PR?LCDWAITIDLE?MAIN

?PR?EXSAMPLE?MAIN                   -----    -----      -----    -----
  +--> ?PR?_LCDFILL?MAIN
  +--> ?CO?MAIN
  +--> ?PR?_PUTIMAGE?MAIN
  +--> ?PR?EXDELAY?MAIN
  +--> ?PR?_PUTSTR?MAIN
  +--> ?PR?_RECT?MAIN
  +--> ?PR?POINT?MAIN
  +--> ?PR?_LINE?MAIN
  +--> ?PR?_LINETO?MAIN

?PR?_LCDFILL?MAIN                   -----    -----      0008H    0003H
  +--> ?PR?_LCDWC3?MAIN
  +--> ?PR?_LCDWD?MAIN

?PR?_LCDWD?MAIN                     -----    -----      -----    -----
  +--> ?PR?_LCDWC2?MAIN

?PR?_LCDWC2?MAIN                    -----    -----      0019H    0001H
  +--> ?PR?_LCDWDATA?MAIN
  +--> ?PR?_LCDWC?MAIN

?PR?_PUTIMAGE?MAIN                  -----    -----      -----    -----
  +--> ?PR?_PUTSIZEIMAGE?MAIN

?PR?_PUTSIZEIMAGE?MAIN              -----    -----      000EH    000BH
BL51 BANKED LINKER/LOCATER V6.22.4.0                                                  08/10/2024  17:26:06  PAGE 3


  +--> ?PR?LCDPOS?MAIN
  +--> ?PR?LCDRD?MAIN
  +--> ?PR?_LCDWD?MAIN

?PR?LCDPOS?MAIN                     -----    -----      -----    -----
  +--> ?PR?_LCDWC3?MAIN

?PR?LCDRD?MAIN                      -----    -----      -----    -----
  +--> ?PR?_LCDWC?MAIN
  +--> ?PR?LCDRDATA?MAIN

?PR?LCDRDATA?MAIN                   -----    -----      -----    -----
  +--> ?PR?LCDWAITIDLE?MAIN

?PR?_PUTSTR?MAIN                    -----    -----      0008H    0004H
  +--> ?PR?_PUTCHAR?MAIN

?PR?_PUTCHAR?MAIN                   -----    -----      000CH    0002H
  +--> ?PR?_GETCHINESECODEPOS?MAIN
  +--> ?PR?_GETENGLISHCODEPOS?MAIN
  +--> ?PR?_PUTSIZEIMAGE?MAIN

?PR?_GETCHINESECODEPOS?MAIN         -----    -----      000EH    0004H
  +--> ?CO?MAIN

?PR?_GETENGLISHCODEPOS?MAIN         -----    -----      000EH    0001H
  +--> ?CO?MAIN

?PR?_RECT?MAIN                      0020H.0  0000H.1    0008H    0004H
  +--> ?PR?_LINE?MAIN

?PR?_LINE?MAIN                      0020H.1  0000H.1    000CH    0008H
  +--> ?PR?POINT?MAIN

?PR?POINT?MAIN                      0020H.2  0000H.1    0014H    0002H
  +--> ?PR?LCDPOS?MAIN
  +--> ?PR?LCDRD?MAIN
  +--> ?PR?_LCDWD?MAIN

?PR?_LINETO?MAIN                    0020H.0  0000H.1    -----    -----
  +--> ?PR?_LINE?MAIN



SYMBOL TABLE OF MODULE:  .\Objects\240128 (MAIN)

  VALUE           TYPE          NAME
  ----------------------------------

  -------         MODULE        MAIN
  C:0000H         SYMBOL        _ICE_DUMMY_
  B:00B0H.2       PUBLIC        RDPIN
  D:0090H         PUBLIC        P1
  D:00B0H         PUBLIC        P3
  C:0A05H         PUBLIC        lcdpos
  C:0B05H         PUBLIC        lcdrd
  C:0A24H         PUBLIC        lcdwaitidle
BL51 BANKED LINKER/LOCATER V6.22.4.0                                                  08/10/2024  17:26:06  PAGE 4


  C:0AD4H         PUBLIC        _lineto
  C:0A72H         PUBLIC        _lcdwc
  C:0B0DH         PUBLIC        _lcdwd
  B:00B0H.1       PUBLIC        WRPIN
  C:0726H         PUBLIC        _getchinesecodepos
  C:03CFH         PUBLIC        _putsizeimage
  C:07F1H         PUBLIC        _getenglishcodepos
  C:0AFDH         PUBLIC        main
  C:051AH         PUBLIC        _line
  C:097CH         PUBLIC        point
  C:0938H         PUBLIC        _rect
  C:08E3H         PUBLIC        _putstr
  C:00ABH         PUBLIC        ChineseCode
  C:0AE3H         PUBLIC        _lcdwc2
  C:0A5DH         PUBLIC        _lcdwc3
  C:0A86H         PUBLIC        lcdrdata
  B:0020H.3       PUBLIC        CharImageReverse
  C:0A9AH         PUBLIC        _lcdwdata
  D:001CH         PUBLIC        XPOS
  C:005BH         PUBLIC        EnglishCode
  D:001DH         PUBLIC        YPOS
  C:034DH         PUBLIC        Img_sunman_32
  C:0A42H         PUBLIC        lcdreset
  C:09DDH         PUBLIC        _lcdfill
  C:0AC1H         PUBLIC        _putimage
  C:0658H         PUBLIC        exsample
  C:032DH         PUBLIC        ChineseCharDot
  B:00B0H.0       PUBLIC        CDPIN
  B:00B0H.3       PUBLIC        CEPIN
  C:0AAEH         PUBLIC        exdelay
  C:00ADH         PUBLIC        EnglishCharDot
  C:09B0H         PUBLIC        _putchar
  -------         PROC          MAIN
  C:0AFDH         LINE#         281
  C:0AFDH         LINE#         282
  C:0AFDH         LINE#         283
  C:0B00H         LINE#         284
  C:0B03H         LINE#         285
  -------         ENDPROC       MAIN
  -------         PROC          EXSAMPLE
  C:0658H         LINE#         287
  C:0658H         LINE#         288
  C:0658H         LINE#         290
  C:065AH         LINE#         291
  C:065FH         LINE#         294
  C:0662H         LINE#         295
  C:0665H         LINE#         296
  C:066CH         LINE#         297
  C:066FH         LINE#         300
  C:0672H         LINE#         301
  C:0675H         LINE#         302
  C:067CH         LINE#         303
  C:067FH         LINE#         306
  C:0682H         LINE#         307
  C:0685H         LINE#         308
  C:068CH         LINE#         309
  C:068FH         LINE#         312
BL51 BANKED LINKER/LOCATER V6.22.4.0                                                  08/10/2024  17:26:06  PAGE 5


  C:0692H         LINE#         313
  C:0695H         LINE#         314
  C:069CH         LINE#         315
  C:069FH         LINE#         318
  C:06A2H         LINE#         319
  C:06A5H         LINE#         320
  C:06A7H         LINE#         321
  C:06AEH         LINE#         322
  C:06B0H         LINE#         323
  C:06B3H         LINE#         326
  C:06B6H         LINE#         327
  C:06B9H         LINE#         328
  C:06C0H         LINE#         329
  C:06C3H         LINE#         332
  C:06C6H         LINE#         333
  C:06C9H         LINE#         334
  C:06CBH         LINE#         335
  C:06D2H         LINE#         336
  C:06D4H         LINE#         337
  C:06D7H         LINE#         340
  C:06E4H         LINE#         341
  C:06E7H         LINE#         344
  C:06EAH         LINE#         345
  C:06EDH         LINE#         346
  C:06F2H         LINE#         347
  C:06F5H         LINE#         350
  C:0703H         LINE#         351
  C:0706H         LINE#         354
  C:070FH         LINE#         355
  C:0712H         LINE#         358
  C:071BH         LINE#         359
  C:071EH         LINE#         362
  C:0723H         LINE#         363
  -------         ENDPROC       EXSAMPLE
  -------         PROC          EXDELAY
  -------         DO            
  D:0007H         SYMBOL        i
  D:0006H         SYMBOL        j
  D:0005H         SYMBOL        k
  -------         ENDDO         
  C:0AAEH         LINE#         366
  C:0AAEH         LINE#         367
  C:0AAEH         LINE#         368
  C:0AB0H         LINE#         369
  C:0AB2H         LINE#         370
  C:0AC0H         LINE#         371
  -------         ENDPROC       EXDELAY
  -------         PROC          _PUTCHAR
  D:000CH         SYMBOL        c
  C:09B0H         LINE#         381
  C:09B4H         LINE#         382
  C:09BFH         LINE#         383
  C:09CCH         LINE#         385
  C:09DCH         LINE#         386
  -------         ENDPROC       _PUTCHAR
  -------         PROC          _PUTSTR
  D:0008H         SYMBOL        s
BL51 BANKED LINKER/LOCATER V6.22.4.0                                                  08/10/2024  17:26:06  PAGE 6


  -------         DO            
  D:000AH         SYMBOL        c
  -------         ENDDO         
  C:08E3H         LINE#         393
  C:08E7H         LINE#         394
  C:08E7H         LINE#         395
  C:08E7H         LINE#         396
  C:08F4H         LINE#         397
  C:08FCH         LINE#         398
  C:0902H         LINE#         399
  C:090DH         LINE#         400
  C:0916H         LINE#         402
  C:092DH         LINE#         403
  C:0935H         LINE#         404
  C:0935H         LINE#         405
  C:0937H         LINE#         406
  -------         ENDPROC       _PUTSTR
  -------         PROC          _GETCHINESECODEPOS
  D:000EH         SYMBOL        ac
  -------         DO            
  D:0010H         SYMBOL        min
  D:0002H         SYMBOL        max
  D:0004H         SYMBOL        mid
  D:0006H         SYMBOL        midc
  -------         ENDDO         
  C:0726H         LINE#         413
  C:072AH         LINE#         414
  C:072AH         LINE#         415
  C:072FH         LINE#         416
  C:0731H         LINE#         417
  C:0731H         LINE#         418
  C:0743H         LINE#         419
  C:0761H         LINE#         420
  C:0767H         LINE#         421
  C:0783H         LINE#         422
  C:0789H         LINE#         424
  C:078CH         LINE#         425
  C:078EH         LINE#         426
  C:078EH         LINE#         427
  C:079BH         LINE#         428
  C:07B2H         LINE#         429
  C:07BBH         LINE#         430
  C:07BBH         LINE#         431
  C:07C5H         LINE#         432
  C:07CFH         LINE#         434
  C:07D7H         LINE#         435
  C:07DAH         LINE#         436
  C:07F0H         LINE#         437
  -------         ENDPROC       _GETCHINESECODEPOS
  -------         PROC          _GETENGLISHCODEPOS
  D:000EH         SYMBOL        ac
  -------         DO            
  D:0001H         SYMBOL        min
  D:0004H         SYMBOL        max
  D:0005H         SYMBOL        mid
  D:0007H         SYMBOL        midc
  -------         ENDDO         
BL51 BANKED LINKER/LOCATER V6.22.4.0                                                  08/10/2024  17:26:06  PAGE 7


  C:07F1H         LINE#         444
  C:07F3H         LINE#         445
  C:07F3H         LINE#         446
  C:07F5H         LINE#         447
  C:07F7H         LINE#         448
  C:07F7H         LINE#         449
  C:07FFH         LINE#         450
  C:081AH         LINE#         451
  C:081EH         LINE#         452
  C:0835H         LINE#         453
  C:0839H         LINE#         455
  C:083BH         LINE#         456
  C:083DH         LINE#         457
  C:083DH         LINE#         458
  C:0849H         LINE#         459
  C:0858H         LINE#         460
  C:085CH         LINE#         461
  C:085CH         LINE#         462
  C:0863H         LINE#         463
  C:0867H         LINE#         465
  C:0869H         LINE#         466
  C:086BH         LINE#         467
  C:087BH         LINE#         468
  -------         ENDPROC       _GETENGLISHCODEPOS
  -------         PROC          _PUTSIZEIMAGE
  D:000EH         SYMBOL        XSIZE
  D:000FH         SYMBOL        YSIZE
  D:0010H         SYMBOL        s
  -------         DO            
  D:0012H         SYMBOL        k
  D:0013H         SYMBOL        lx
  D:0014H         SYMBOL        ly
  D:0015H         SYMBOL        a1
  D:0016H         SYMBOL        a2
  D:0017H         SYMBOL        x
  D:0007H         SYMBOL        Lcd_Mask
  -------         DO            
  D:0018H         SYMBOL        p
  -------         ENDDO         
  -------         ENDDO         
  C:03CFH         LINE#         478
  C:03D7H         LINE#         479
  C:03D7H         LINE#         480
  C:03DDH         LINE#         481
  C:03E1H         LINE#         482
  C:03E4H         LINE#         483
  C:03ECH         LINE#         484
  C:03F9H         LINE#         485
  C:0409H         LINE#         486
  C:0409H         LINE#         487
  C:0413H         LINE#         488
  C:041BH         LINE#         489
  C:0424H         LINE#         490
  C:0427H         LINE#         491
  C:042AH         LINE#         492
  C:042DH         LINE#         493
  C:042DH         LINE#         494
BL51 BANKED LINKER/LOCATER V6.22.4.0                                                  08/10/2024  17:26:06  PAGE 8


  C:0437H         LINE#         495
  C:043DH         LINE#         496
  C:0442H         LINE#         497
  C:0448H         LINE#         498
  C:044EH         LINE#         499
  C:0452H         LINE#         500
  C:046BH         LINE#         501
  C:046EH         LINE#         502
  C:0474H         LINE#         503
  C:047AH         LINE#         504
  C:047CH         LINE#         506
  C:047FH         LINE#         507
  C:0484H         LINE#         508
  C:0487H         LINE#         509
  C:048DH         LINE#         510
  C:0493H         LINE#         511
  C:0495H         LINE#         512
  C:049BH         LINE#         513
  C:04A2H         LINE#         514
  C:04A5H         LINE#         515
  C:04A7H         LINE#         516
  C:04A9H         LINE#         517
  C:04ABH         LINE#         518
  C:04AEH         LINE#         519
  C:04B5H         LINE#         520
  C:04B7H         LINE#         521
  C:04B9H         LINE#         522
  C:04BFH         LINE#         523
  C:04C1H         LINE#         524
  C:04C5H         LINE#         525
  C:04C8H         LINE#         526
  C:04CDH         LINE#         527
  C:04CDH         LINE#         528
  C:04D2H         LINE#         529
  C:04D5H         LINE#         530
  C:04F8H         LINE#         531
  C:04FFH         LINE#         532
  C:050EH         LINE#         533
  C:0512H         LINE#         535
  C:0519H         LINE#         536
  -------         ENDPROC       _PUTSIZEIMAGE
  -------         PROC          _PUTIMAGE
  D:0082H         SYMBOL        s
  -------         DO            
  D:0007H         SYMBOL        XSIZE
  D:0005H         SYMBOL        YSIZE
  -------         ENDDO         
  C:0AC1H         LINE#         543
  C:0AC5H         LINE#         544
  C:0AC5H         LINE#         545
  C:0AC8H         LINE#         546
  C:0AC9H         LINE#         547
  C:0ACCH         LINE#         548
  C:0ACDH         LINE#         549
  -------         ENDPROC       _PUTIMAGE
  C:0978H         SYMBOL        L?0140
  -------         PROC          L?0139
BL51 BANKED LINKER/LOCATER V6.22.4.0                                                  08/10/2024  17:26:06  PAGE 9


  -------         ENDPROC       L?0139
  C:0978H         SYMBOL        L?0140
  -------         PROC          POINT
  B:0020H.2       SYMBOL        b
  -------         DO            
  D:0007H         SYMBOL        i
  D:0014H         SYMBOL        Lcd_Mask
  D:0015H         SYMBOL        j
  -------         ENDDO         
  C:097CH         LINE#         559
  C:097CH         LINE#         560
  C:097CH         LINE#         561
  C:097FH         LINE#         562
  C:0984H         LINE#         563
  C:098AH         LINE#         564
  C:098FH         LINE#         565
  C:0990H         LINE#         566
  C:0992H         LINE#         567
  C:0995H         LINE#         568
  C:099AH         LINE#         569
  C:099DH         LINE#         570
  C:09A0H         LINE#         571
  C:09A6H         LINE#         573
  C:09AFH         LINE#         574
  -------         ENDPROC       POINT
  -------         PROC          _LINE
  D:000CH         SYMBOL        x0
  D:000DH         SYMBOL        y0
  D:000EH         SYMBOL        x1
  D:000FH         SYMBOL        y1
  B:0020H.1       SYMBOL        b
  -------         DO            
  D:0010H         SYMBOL        dx
  D:0011H         SYMBOL        dy
  D:0012H         SYMBOL        dk
  -------         ENDDO         
  C:051AH         LINE#         581
  C:0520H         LINE#         582
  C:0520H         LINE#         584
  C:0523H         LINE#         585
  C:0526H         LINE#         586
  C:0529H         LINE#         587
  C:053FH         LINE#         588
  C:0555H         LINE#         589
  C:055BH         LINE#         590
  C:0564H         LINE#         591
  C:0571H         LINE#         592
  C:057EH         LINE#         593
  C:0581H         LINE#         594
  C:0583H         LINE#         595
  C:0583H         LINE#         596
  C:058AH         LINE#         597
  C:0590H         LINE#         598
  C:0593H         LINE#         599
  C:059CH         LINE#         600
  C:05A9H         LINE#         601
  C:05ABH         LINE#         602
BL51 BANKED LINKER/LOCATER V6.22.4.0                                                  08/10/2024  17:26:06  PAGE 10


  C:05EDH         LINE#         603
  C:05F0H         LINE#         604
  C:05F2H         LINE#         605
  C:05F2H         LINE#         607
  C:05F8H         LINE#         608
  C:05FBH         LINE#         609
  C:0601H         LINE#         610
  C:060EH         LINE#         611
  C:0610H         LINE#         612
  C:0652H         LINE#         613
  C:0655H         LINE#         614
  C:0657H         LINE#         615
  C:0657H         LINE#         616
  -------         ENDPROC       _LINE
  -------         PROC          _LINETO
  D:0003H         SYMBOL        x1
  D:0005H         SYMBOL        y1
  B:0020H.0       SYMBOL        b
  C:0AD4H         LINE#         623
  C:0AD6H         LINE#         624
  -------         ENDPROC       _LINETO
  -------         PROC          _RECT
  D:0008H         SYMBOL        x0
  D:0009H         SYMBOL        y0
  D:000AH         SYMBOL        x1
  D:000BH         SYMBOL        y1
  B:0020H.0       SYMBOL        b
  C:0938H         LINE#         632
  C:093EH         LINE#         633
  C:0948H         LINE#         634
  C:0958H         LINE#         635
  C:0968H         LINE#         636
  -------         ENDPROC       _RECT
  -------         PROC          _LCDFILL
  D:0008H         SYMBOL        d
  -------         DO            
  D:0009H         SYMBOL        i
  D:000AH         SYMBOL        j
  -------         ENDDO         
  C:09DDH         LINE#         646
  C:09DFH         LINE#         647
  C:09DFH         LINE#         648
  C:09E7H         LINE#         649
  C:09EAH         LINE#         650
  C:09EDH         LINE#         651
  C:0A04H         LINE#         652
  -------         ENDPROC       _LCDFILL
  -------         PROC          LCDPOS
  -------         DO            
  D:0006H         SYMBOL        CurrentAddress
  -------         ENDDO         
  C:0A05H         LINE#         659
  C:0A05H         LINE#         660
  C:0A05H         LINE#         661
  C:0A0EH         LINE#         662
  C:0A1AH         LINE#         663
  -------         ENDPROC       LCDPOS
BL51 BANKED LINKER/LOCATER V6.22.4.0                                                  08/10/2024  17:26:06  PAGE 11


  -------         PROC          LCDRESET
  C:0A42H         LINE#         671
  C:0A42H         LINE#         672
  C:0A47H         LINE#         673
  C:0A4CH         LINE#         674
  C:0A54H         LINE#         675
  -------         ENDPROC       LCDRESET
  -------         PROC          _LCDWD
  D:0005H         SYMBOL        d
  C:0B0DH         LINE#         686
  C:0B0FH         LINE#         687
  -------         ENDPROC       _LCDWD
  -------         PROC          LCDRD
  C:0B05H         LINE#         695
  C:0B05H         LINE#         696
  C:0B0AH         LINE#         697
  -------         ENDPROC       LCDRD
  -------         PROC          _LCDWC
  D:001BH         SYMBOL        c
  C:0A72H         LINE#         705
  C:0A74H         LINE#         706
  C:0A77H         LINE#         707
  C:0A7AH         LINE#         708
  C:0A7CH         LINE#         709
  C:0A7EH         LINE#         710
  C:0A80H         LINE#         711
  C:0A81H         LINE#         712
  C:0A83H         LINE#         713
  C:0A85H         LINE#         714
  -------         ENDPROC       _LCDWC
  -------         PROC          _LCDWC2
  D:0019H         SYMBOL        c
  D:0006H         SYMBOL        d
  C:0AE3H         LINE#         721
  C:0AE7H         LINE#         722
  C:0AECH         LINE#         723
  -------         ENDPROC       _LCDWC2
  -------         PROC          _LCDWC3
  D:0019H         SYMBOL        c
  D:0006H         SYMBOL        d1
  D:001AH         SYMBOL        d2
  C:0A5DH         LINE#         731
  C:0A63H         LINE#         732
  C:0A68H         LINE#         733
  C:0A6DH         LINE#         734
  -------         ENDPROC       _LCDWC3
  -------         PROC          LCDRDATA
  -------         DO            
  D:0007H         SYMBOL        d
  -------         ENDDO         
  C:0A86H         LINE#         742
  C:0A86H         LINE#         743
  C:0A86H         LINE#         744
  C:0A89H         LINE#         745
  C:0A8CH         LINE#         746
  C:0A8EH         LINE#         747
  C:0A90H         LINE#         748
BL51 BANKED LINKER/LOCATER V6.22.4.0                                                  08/10/2024  17:26:06  PAGE 12


  C:0A92H         LINE#         749
  C:0A93H         LINE#         750
  C:0A95H         LINE#         751
  C:0A97H         LINE#         752
  C:0A99H         LINE#         753
  C:0A99H         LINE#         754
  -------         ENDPROC       LCDRDATA
  -------         PROC          _LCDWDATA
  D:001BH         SYMBOL        d
  C:0A9AH         LINE#         761
  C:0A9CH         LINE#         762
  C:0A9FH         LINE#         763
  C:0AA2H         LINE#         764
  C:0AA4H         LINE#         765
  C:0AA6H         LINE#         766
  C:0AA8H         LINE#         767
  C:0AA9H         LINE#         768
  C:0AABH         LINE#         769
  C:0AADH         LINE#         770
  -------         ENDPROC       _LCDWDATA
  -------         PROC          LCDWAITIDLE
  -------         DO            
  D:0007H         SYMBOL        i
  D:0006H         SYMBOL        d
  -------         ENDDO         
  C:0A24H         LINE#         777
  C:0A24H         LINE#         778
  C:0A24H         LINE#         779
  C:0A27H         LINE#         780
  C:0A29H         LINE#         781
  C:0A2BH         LINE#         782
  C:0A2DH         LINE#         783
  C:0A2FH         LINE#         784
  C:0A30H         LINE#         785
  C:0A32H         LINE#         786
  C:0A34H         LINE#         787
  C:0A3BH         LINE#         788
  C:0A3FH         LINE#         789
  C:0A41H         LINE#         790
  -------         ENDPROC       LCDWAITIDLE
  -------         ENDMOD        MAIN

  -------         MODULE        ?C?IMUL
  C:087CH         PUBLIC        ?C?IMUL
  -------         ENDMOD        ?C?IMUL

  -------         MODULE        ?C?UIDIV
  C:088EH         PUBLIC        ?C?UIDIV
  -------         ENDMOD        ?C?UIDIV

Program Size: data=31.4 xdata=0 code=2836
LINK/LOCATE RUN COMPLETE.  0 WARNING(S),  0 ERROR(S)
