C51 COMPILER V9.60.7.0   MAIN                                                              09/14/2025 20:56:20 PAGE 1   


C51 COMPILER V9.60.7.0, COMPILATION OF MODULE MAIN
OBJECT MODULE PLACED IN .\Objects\main.obj
COMPILER INVOKED BY: D:\KEIL_STM32\C51\BIN\C51.EXE main.c OPTIMIZE(8,SPEED) BROWSE DEBUG OBJECTEXTEND PRINT(.\Listings\m
                    -ain.lst) OBJECT(.\Objects\main.obj)

line level    source

   1          //SMG240128A标准图形点阵型液晶显示模块的扩展演示程序[C51编程语言][MCS51模拟口线方式]
   2          //应用产品: SMG240128A标准图形点阵型液晶显示模块
   3          //  本演示程序适用于SMG240128A液晶显示模块与MCS51系列单片机采用MCS51模拟口线的
   4          //硬件连线方式。
   5          //  本演示程序包括T6963C兼容芯片的MCS51模拟口线方式子程序集,T6963C兼容芯片的240128
   6          //液晶显示模块的基本子程序,240128系列绘图子程序集,240128系列图形子程序集,240128系
   7          //列精简中英文字库子程序集,以及SMG240128系列标准图形点阵型液晶显示的扩展演示子程序.
   8          //  本演示的内容为,在240列X128行的点阵液晶显示屏上清屏,图片演示,英文字符串演示,中文
   9          //字符串演示,反白显示字符串,绘制矩形,写点,绘制直线,全屏显示.
  10          //-------------------------------------------------------------------------------
  11          //创建日期: 2009.08.17
  12          //软件环境: VW For Windows
  13          //硬件环境: AT89C52 MCU,MCS-51系列 MCU,etc.
  14          //创建人: 褚建军(chujianjun@sunman.cn),谭超(tanchao@sunman.cn).
  15          //技术支持: 电话(0731-84167806,84167807),传真(0731-84167807),网址(www.sunman.cn)
  16          //版权信息: 长沙太阳人电子有限公司版权所有,转载请指明出处.
  17          //参考网页: http:/www.sunman.cn/lcm/product/SMG240128A.html
  18          //-------------------------------------------------------------------------------
  19          #include <reg51.h>
  20          #include <intrins.h>
  21          //以下为演示程序的函数定义
  22          void exsample(void);                    //演示程序
  23          void exdelay(void);                     //演示延时子程序
  24          void putchar(unsigned int c);           //定位写字符子程序
  25          void putstr(unsigned char code *s);     //显示字符串子程序,字符码为0时退出
  26          unsigned char code *getchinesecodepos(unsigned int ac);
  27          unsigned char code *getenglishcodepos(unsigned char ac);
  28          void putimage(unsigned char code *s);   //显示图形子程序
  29          void putsizeimage(unsigned char XSIZE,unsigned char YSIZE,unsigned char code *s);
  30                                                  //显示指定大小的图形子程序
  31          void point(bit b);
  32          void line(unsigned char x0,unsigned char y0,unsigned char x1,unsigned char y1,bit b);
  33          void lineto(unsigned char x1,unsigned char y1,bit b);//绘制(XPOS,YPOS)-(X1,Y1)的直线
  34          void rect(unsigned char x0,unsigned char y0,unsigned char x1,unsigned char y1,bit b);
  35          void lcdfill(unsigned char d);          //整屏显示d代表的字节数据子程序
  36          void lcdpos(void);                      //设置坐标点(XPOS,YPOS)内部RAM地址的子程序
  37          void lcdreset(void);                    //液晶显示控制器初始化子程序
  38          void lcdwd(unsigned char d);            //送图形数据子程序
  39          unsigned char lcdrd(void);              //读图形数据子程序
  40          void lcdwc(unsigned char c);            //送指令子程序
  41          void lcdwc2(unsigned char c,unsigned char d);//送2字节指令子程序
  42          void lcdwc3(unsigned char c,unsigned char d1,unsigned char d2);//送3字节指令子程序
  43          unsigned char lcdrdata(void);           //读数据子程序
  44          void lcdwdata(unsigned char d);         //送数据子程序
  45          void lcdwaitidle(void);                 //忙检测子程序
  46          //-------------------------------------------------------------------------------
  47          //SMG240128A产品引脚说明及演示连线
  48          //PIN1: FG   [构造地]-------------------VSS
  49          //PIN2: VSS  [电源地]-------------------VSS
  50          //PIN3: VDD  [电源正极]-----------------VDD(+5V)
  51          //PIN4: Vo   [LCD 偏压输入]-------------接10K的可调电阻2K电阻到VSS及VEE
  52          //                                      Vo=VEE时为显示最深
  53          //PIN5: WR   [写信号 低有效]------------P3.1
  54          //PIN6: RD   [读信号 低有效]------------P3.2
C51 COMPILER V9.60.7.0   MAIN                                                              09/14/2025 20:56:20 PAGE 2   

  55          //PIN7: CE   [使能信号 低有效]----------P3.3
  56          //PIN8: CD   [数据/命令选择端（H/L）]---P3.0
  57          //PIN9: NC   [空脚]---------------------不连线
  58          //PIN10:RST  [复位端 低有效]------------VDD
  59          //PIN11:D0   [Data I/O]-----------------P1.0
  60          //PIN12:D1   [Data I/O]-----------------P1.1
  61          //PIN13:D2   [Data I/O]-----------------P1.2
  62          //PIN14:D3   [Data I/O]-----------------P1.3
  63          //PIN15:D4   [Data I/O]-----------------P1.4
  64          //PIN16:D5   [Data I/O]-----------------P1.5
  65          //PIN17:D6   [Data I/O]-----------------P1.6
  66          //PIN18:D7   [Data I/O]-----------------P1.7
  67          //PIN19:FS   [字体点阵]-----------------VSS
  68          //PIN20:VEE  [LCD负压输出]--------------提供液晶负电压.
  69          //PIN21:BLA  [背光源正极]---------------见使用说明书.
  70          //PIN22:BLK  [背光源负极]---------------VSS
  71          //注:8031的晶振频率为12MHz.
  72          //请参见http://download.sunman.cn/lcm/product/1/SMG240128A.pdf
  73          //-------------------------------------------------------------------------------
  74          //以下为产品接口引脚在演示程序中的预定义
  75          //用户在编写应用程序时,需按自己的实际硬件连线来重新定义
  76          sbit CDPIN=P3^0;                        // C/D对应单片机引脚
  77          sbit CEPIN=P3^3;                        // CE对应单片机引脚
  78          sbit WRPIN=P3^1;                        // WR对应单片机引脚
  79          sbit RDPIN=P3^2;                        // RD对应单片机引脚
  80          //-------------------------------------------------------------------------------
  81          //以下XPOS,YPOS变量用于指示当前操作点的位置的预定义
  82          //用户在编写应用程序时,需按自己的实际软件程序需要来重新定义
  83          unsigned char XPOS;                     //列方向LCD点阵位置指针
  84          unsigned char YPOS;                     //行方向LCD点阵位置指针
  85          bit CharImageReverse;                   //字符及图形的反显控制,0(正常显示),1(反显)
  86          
  87          #define XDOTS   240                     //图形空间X方向大小
  88          #define YDOTS   128                     //图形空间X方向大小
  89          //-------------------------------------------------------------------------------
  90          //以下为精简版中英文字库
  91          //实际使用时请包含由Sunman精简版中英文字符库代码生成器.exe自动生成的charlib.c文
  92          //文件来替换该部分
  93          //精简版中英文字符库文件
  94          //本文件由Sunman精简版中英文字符库代码生成器.exe自动生成
  95          //字节方向:[水平] 字位顺序:[从高到低]
  96          //中文字体:[宋体] 英文字体:[宋体] 字体大小:[16]
  97          
  98          #define ENGLISHCHARNUMBER  41      //精简版英文字符库中的英文字符的个数
  99          #define CHINESECHARNUMBER  1       //精简版中文字符库中的中文字符的个数
 100          #define ENGLISHCHARSIZE    8       //英文字符X方向显示点的个数
 101          #define CHINESECHARSIZE    16      //中文字符X方向及中英文字符Y方向显示点的个数
 102          #define ENGLISHCHARDOTSIZE 16      //单个英文字符点阵的字节数
 103          #define CHINESECHARDOTSIZE 32      //单个中文字符点阵的字节数
 104          
 105          unsigned int code EnglishCode[]={
 106          0x20,    //字符001:[ ]
 107          0x2a,    //字符002:[*]
 108          0x2d,    //字符003:[-]
 109          0x2e,    //字符004:[.]
 110          0x30,    //字符005:[0]
 111          0x31,    //字符006:[1]
 112          0x32,    //字符007:[2]
 113          0x34,    //字符008:[4]
 114          0x38,    //字符009:[8]
 115          0x3a,    //字符010:[:]
 116          0x41,    //字符011:[A]
C51 COMPILER V9.60.7.0   MAIN                                                              09/14/2025 20:56:20 PAGE 3   

 117          0x42,    //字符012:[B]
 118          0x43,    //字符013:[C]
 119          0x44,    //字符014:[D]
 120          0x45,    //字符015:[E]
 121          0x46,    //字符016:[F]
 122          0x49,    //字符017:[I]
 123          0x4c,    //字符018:[L]
 124          0x4d,    //字符019:[M]
 125          0x4e,    //字符020:[N]
 126          0x4f,    //字符021:[O]
 127          0x52,    //字符022:[R]
 128          0x53,    //字符023:[S]
 129          0x54,    //字符024:[T]
 130          0x57,    //字符025:[W]
 131          0x5a,    //字符026:[Z]
 132          0x61,    //字符027:[a]
 133          0x63,    //字符028:[c]
 134          0x64,    //字符028:[c]
 135          0x65,    //字符029:[e]
 136          0x67,    //字符030:[g]
 137          0x68,    //字符031:[h]
 138          0x69,    //字符032:[i]
 139          0x6c,    //字符033:[l]
 140          0x6e,    //字符034:[n]
 141          0x6f,    //字符035:[o]
 142          0x70,    //字符036:[p]
 143          0x72,    //字符037:[r]
 144          0x73,    //字符038:[s]
 145          0x74,    //字符039:[t]
 146          0x79     //字符040:[y]
 147          };
 148          
 149          unsigned int code ChineseCode[]={
 150          0xa1a1   //字符001:[　]
 151          };
 152          
 153          unsigned char code EnglishCharDot[]={
 154          0x00,0x00,0x00,0x00,0x00,0x00,0x00,0x00,   //字符001:[ ]
 155          0x00,0x00,0x00,0x00,0x00,0x00,0x00,0x00,
 156          0x00,0x00,0x00,0x00,0x10,0x10,0xd6,0x38,   //字符002:[*]
 157          0x38,0xd6,0x10,0x10,0x00,0x00,0x00,0x00,
 158          0x00,0x00,0x00,0x00,0x00,0x00,0x00,0x00,   //字符003:[-]
 159          0x7e,0x00,0x00,0x00,0x00,0x00,0x00,0x00,
 160          0x00,0x00,0x00,0x00,0x00,0x00,0x00,0x00,   //字符004:[.]
 161          0x00,0x00,0x00,0x00,0x60,0x60,0x00,0x00,
 162          0x00,0x00,0x00,0x18,0x24,0x42,0x42,0x42,   //字符005:[0]
 163          0x42,0x42,0x42,0x42,0x24,0x18,0x00,0x00,
 164          0x00,0x00,0x00,0x08,0x38,0x08,0x08,0x08,   //字符006:[1]
 165          0x08,0x08,0x08,0x08,0x08,0x3e,0x00,0x00,
 166          0x00,0x00,0x00,0x3c,0x42,0x42,0x42,0x02,   //字符007:[2]
 167          0x04,0x08,0x10,0x20,0x42,0x7e,0x00,0x00,
 168          0x00,0x00,0x00,0x04,0x0c,0x0c,0x14,0x24,   //字符008:[4]
 169          0x24,0x44,0x7f,0x04,0x04,0x1f,0x00,0x00,
 170          0x00,0x00,0x00,0x3c,0x42,0x42,0x42,0x24,   //字符009:[8]
 171          0x18,0x24,0x42,0x42,0x42,0x3c,0x00,0x00,
 172          0x00,0x00,0x00,0x00,0x00,0x00,0x18,0x18,   //字符010:[:]
 173          0x00,0x00,0x00,0x00,0x18,0x18,0x00,0x00,
 174          0x00,0x00,0x00,0x10,0x10,0x18,0x28,0x28,   //字符011:[A]
 175          0x24,0x3c,0x44,0x42,0x42,0xe7,0x00,0x00,
 176          0x00,0x00,0x00,0xf8,0x44,0x44,0x44,0x78,   //字符012:[B]
 177          0x44,0x42,0x42,0x42,0x44,0xf8,0x00,0x00,
 178          0x00,0x00,0x00,0x3e,0x42,0x42,0x80,0x80,   //字符013:[C]
C51 COMPILER V9.60.7.0   MAIN                                                              09/14/2025 20:56:20 PAGE 4   

 179          0x80,0x80,0x80,0x42,0x44,0x38,0x00,0x00,
 180          0x00,0x00,0x00,0xf8,0x44,0x42,0x42,0x42,   //字符014:[D]
 181          0x42,0x42,0x42,0x42,0x44,0xf8,0x00,0x00,
 182          0x00,0x00,0x00,0xfc,0x42,0x48,0x48,0x78,   //字符015:[E]
 183          0x48,0x48,0x40,0x42,0x42,0xfc,0x00,0x00,
 184          0x00,0x00,0x00,0xfc,0x42,0x48,0x48,0x78,   //字符016:[F]
 185          0x48,0x48,0x40,0x40,0x40,0xe0,0x00,0x00,
 186          0x00,0x00,0x00,0x7c,0x10,0x10,0x10,0x10,   //字符017:[I]
 187          0x10,0x10,0x10,0x10,0x10,0x7c,0x00,0x00,
 188          0x00,0x00,0x00,0xe0,0x40,0x40,0x40,0x40,   //字符018:[L]
 189          0x40,0x40,0x40,0x40,0x42,0xfe,0x00,0x00,
 190          0x00,0x00,0x00,0xee,0x6c,0x6c,0x6c,0x6c,   //字符019:[M]
 191          0x6c,0x54,0x54,0x54,0x54,0xd6,0x00,0x00,
 192          0x00,0x00,0x00,0xc7,0x62,0x62,0x52,0x52,   //字符020:[N]
 193          0x4a,0x4a,0x4a,0x46,0x46,0xe2,0x00,0x00,
 194          0x00,0x00,0x00,0x38,0x44,0x82,0x82,0x82,   //字符021:[O]
 195          0x82,0x82,0x82,0x82,0x44,0x38,0x00,0x00,
 196          0x00,0x00,0x00,0xfc,0x42,0x42,0x42,0x7c,   //字符022:[R]
 197          0x48,0x48,0x44,0x44,0x42,0xe3,0x00,0x00,
 198          0x00,0x00,0x00,0x3e,0x42,0x42,0x40,0x20,   //字符023:[S]
 199          0x18,0x04,0x02,0x42,0x42,0x7c,0x00,0x00,
 200          0x00,0x00,0x00,0xfe,0x92,0x10,0x10,0x10,   //字符024:[T]
 201          0x10,0x10,0x10,0x10,0x10,0x38,0x00,0x00,
 202          0x00,0x00,0x00,0xd6,0x54,0x54,0x54,0x54,   //字符025:[W]
 203          0x54,0x6c,0x28,0x28,0x28,0x28,0x00,0x00,
 204          0x00,0x00,0x00,0x7e,0x84,0x04,0x08,0x08,   //字符026:[Z]
 205          0x10,0x20,0x20,0x42,0x42,0xfc,0x00,0x00,
 206          0x00,0x00,0x00,0x00,0x00,0x00,0x00,0x38,   //字符027:[a]
 207          0x44,0x0c,0x34,0x44,0x4c,0x36,0x00,0x00,
 208          0x00,0x00,0x00,0x00,0x00,0x00,0x00,0x1c,   //字符028:[c]
 209          0x22,0x40,0x40,0x40,0x22,0x1c,0x00,0x00,
 210          
 211          /*-- ID:0,字符:"d",ASCII编码:64,对应字:宽x高=8x16,画布:宽W=8 高H=16,共16字节*/
 212          0x00,0x00,0x00,0x06,0x02,0x02,0x3E,0x42,0x42,0x42,0x42,0x46,0x3B,0x00,0x00,0x00,
 213          
 214          0x00,0x00,0x00,0x00,0x00,0x00,0x00,0x3c,   //字符029:[e]
 215          0x42,0x42,0x7e,0x40,0x42,0x3c,0x00,0x00,
 216          0x00,0x00,0x00,0x00,0x00,0x00,0x00,0x3e,   //字符030:[g]
 217          0x44,0x44,0x38,0x40,0x3c,0x42,0x42,0x3c,
 218          0x00,0x00,0x00,0x00,0xc0,0x40,0x40,0x5c,   //字符031:[h]
 219          0x62,0x42,0x42,0x42,0x42,0xe7,0x00,0x00,
 220          0x00,0x00,0x00,0x30,0x30,0x00,0x00,0x70,   //字符032:[i]
 221          0x10,0x10,0x10,0x10,0x10,0x7c,0x00,0x00,
 222          0x00,0x00,0x00,0x10,0x70,0x10,0x10,0x10,   //字符033:[l]
 223          0x10,0x10,0x10,0x10,0x10,0x7c,0x00,0x00,
 224          0x00,0x00,0x00,0x00,0x00,0x00,0x00,0xdc,   //字符034:[n]
 225          0x62,0x42,0x42,0x42,0x42,0xe7,0x00,0x00,
 226          0x00,0x00,0x00,0x00,0x00,0x00,0x00,0x3c,   //字符035:[o]
 227          0x42,0x42,0x42,0x42,0x42,0x3c,0x00,0x00,
 228          0x00,0x00,0x00,0x00,0x00,0x00,0x00,0xd8,   //字符036:[p]
 229          0x64,0x42,0x42,0x42,0x64,0x58,0x40,0xe0,
 230          0x00,0x00,0x00,0x00,0x00,0x00,0x00,0xee,   //字符037:[r]
 231          0x32,0x20,0x20,0x20,0x20,0xf8,0x00,0x00,
 232          0x00,0x00,0x00,0x00,0x00,0x00,0x00,0x3e,   //字符038:[s]
 233          0x42,0x40,0x3c,0x02,0x42,0x7c,0x00,0x00,
 234          0x00,0x00,0x00,0x00,0x00,0x10,0x10,0x7c,   //字符039:[t]
 235          0x10,0x10,0x10,0x10,0x12,0x0c,0x00,0x00,
 236          0x00,0x00,0x00,0x00,0x00,0x00,0x00,0xe7,   //字符040:[y]
 237          0x42,0x24,0x24,0x18,0x18,0x10,0x10,0x60
 238          };
 239          
 240          unsigned char code ChineseCharDot[]={
C51 COMPILER V9.60.7.0   MAIN                                                              09/14/2025 20:56:20 PAGE 5   

 241          0x00,0x00,0x00,0x00,0x00,0x00,0x00,0x00,   //字符001:[　]
 242          0x00,0x00,0x00,0x00,0x00,0x00,0x00,0x00,
 243          0x00,0x00,0x00,0x00,0x00,0x00,0x00,0x00,
 244          0x00,0x00,0x00,0x00,0x00,0x00,0x00,0x00
 245          };
 246          //-------------------------------------------------------------------------------
 247          //以下为图片库点阵代码
 248          //实际使用时请包含由SUNMAN图形点阵代码生成器.EXE自动生成的imagelib.c文件来替换该
 249          //部分
 250          unsigned char code Img_sunman_32[]={32,32,
 251          0x00,0x0f,0xf0,0x00,
 252          0x00,0x7f,0xfe,0x00,
 253          0x01,0xf0,0x0f,0x80,
 254          0x03,0xc0,0x03,0xc0,
 255          0x07,0x0f,0xf0,0xe0,
 256          0x0e,0x3f,0xfc,0x70,
 257          0x1c,0xfe,0x7f,0x38,
 258          0x39,0xfc,0x3f,0x9c,
 259          0x33,0xfc,0x3f,0xcc,
 260          0x73,0xfe,0x7f,0xce,
 261          0x67,0xff,0xff,0xe6,
 262          0x67,0xe7,0xe7,0xe6,
 263          0xcf,0xe3,0xc7,0xf3,
 264          0xcf,0xe1,0x87,0xff,
 265          0xcf,0xe4,0x27,0xff,
 266          0xc0,0x06,0x60,0x03,
 267          0xc0,0x07,0xe0,0x03,
 268          0xff,0xe7,0xe7,0xf3,
 269          0xff,0xe7,0xe7,0xf3,
 270          0xcf,0xe7,0xe7,0xf3,
 271          0x67,0xe7,0xe7,0xe6,
 272          0x67,0xff,0xff,0xe6,
 273          0x73,0xff,0xff,0xce,
 274          0x33,0xff,0xff,0xcc,
 275          0x39,0xff,0xff,0x9c,
 276          0x1c,0xff,0xff,0x38,
 277          0x0e,0x3f,0xfc,0x70,
 278          0x07,0x0f,0xf0,0xe0,
 279          0x03,0xc0,0x03,0xc0,
 280          0x01,0xf0,0x0f,0x80,
 281          0x00,0x7f,0xfe,0x00,
 282          0x00,0x0f,0xf0,0x00
 283          };
 284          //-------------------------------------------------------------------------------
 285          
 286          void main(void)
 287          {   while(1)
 288   1          {   lcdreset();                     //初始化液晶显示控制器
 289   2              exsample();                     //演示程序
 290   2          }
 291   1      }
 292          void exsample(void)                     //演示程序
 293          {
 294   1      //0.演示前的准备,将LCD液晶显示全部清空
 295   1          CharImageReverse=0;                 //反显关闭
 296   1          lcdfill(0);                         //清屏
 297   1      
 298   1      //1.图片测试: 在(1,1)位置显示32点阵YEHUI图标
 299   1      //    XPOS=1;
 300   1      //    YPOS=1;
 301   1      //    putimage(Img_sunman_32);            //写数据到当前LCDRAM地址中
 302   1      //    exdelay();                          //延时约600mS
C51 COMPILER V9.60.7.0   MAIN                                                              09/14/2025 20:56:20 PAGE 6   

 303   1      
 304   1      //2.字符串测试: 在(88,6)位置显示"LCM240128B"字符串.
 305   1          XPOS=88;
 306   1          YPOS=6;
 307   1          putstr("LCM240128B");
 308   1          exdelay();                          //延时约600mS
 309   1      
 310   1      //3.字符串测试: 在(12,32)位置显示"ShenZhen Oriental Technology"字符串.
 311   1          XPOS=50;
 312   1          YPOS=32;
 313   1          putstr(" Made in China");    
 314   1              
 315   1      //      XPOS=12;
 316   1      //    YPOS=48;
 317   1      //    putstr(" Co.,LtD.");
 318   1      //    exdelay();                          //延时约600mS
 319   1      
 320   1      //4.字符串测试: 在(40,52)位置显示"WWW.ORIENTAL-LCD.COM"字符串.
 321   1      //    XPOS=40;
 322   1      //    YPOS=52;
 323   1      //    putstr("https://wisetip.com.tw/");
 324   1      //    exdelay();                          //延时约600mS
 325   1      
 326   1      ////5.反显测试: 在(40,52)位置反显"WWW.ORIENTAL-LCD.COM"字符串.
 327   1      //    XPOS=40;
 328   1      //    YPOS=52;
 329   1      //    CharImageReverse=1;
 330   1      //    putstr("https://wisetip.com.tw/");
 331   1      //    CharImageReverse=0;
 332   1      //    exdelay();                          //延时约600mS
 333   1      
 334   1      //6.字符串测试: 在(16,72)位置显示"DFSTN:240*128 DOTS Display"字符串.
 335   1          XPOS=16;
 336   1          YPOS=72;
 337   1          putstr("DFSTN:240*128 DOTS Display");
 338   1          exdelay();                          //延时约600mS
 339   1      
 340   1      //7.反显测试: 在(16,72)位置反显"DFSTN:240*128 DOTS Display"字符串.
 341   1          XPOS=16;
 342   1          YPOS=72;
 343   1          CharImageReverse=1;
 344   1          putstr("DFSTN:240*128 DOTS Display");
 345   1          CharImageReverse=0;
 346   1          exdelay();                          //延时约600mS
 347   1      
 348   1      //8.绘图测试: RECT(15,47)-(239,127),画矩形.
 349   1          rect(0,0,239,127,1);
 350   1          exdelay();                          //延时约600mS
 351   1      
 352   1      //9.绘图测试: point(15,92),画点.
 353   1          XPOS=15;
 354   1          YPOS=92;
 355   1          point(1);
 356   1          exdelay();                          //延时约600mS
 357   1      
 358   1      //10.绘图测试: line(15,92)-(119,125),画线.
 359   1          line(15,92,119,125,1);
 360   1          exdelay();                          //延时约600mS
 361   1      
 362   1      //11.绘图测试: lineto(224,92),画线.
 363   1          lineto(224,92,1);
 364   1          exdelay();                          //延时约600mS
C51 COMPILER V9.60.7.0   MAIN                                                              09/14/2025 20:56:20 PAGE 7   

 365   1      
 366   1      //12.绘图测试: lineto(15,92),画线.
 367   1          lineto(15,92,1);
 368   1          exdelay();                          //延时约600mS
 369   1      
 370   1      //13.全屏测试: 所有坐标点全部显示.
 371   1          lcdfill(0);                        //全显
 372   1          exdelay();                          //延时约600mS
 373   1      lcdfill(0x55)  ;exdelay();exdelay();
 374   1      lcdfill(0xaa) ;exdelay();exdelay(); 
 375   1      }
 376          void exdelay(void)                      //演示延时子程序
 377          { unsigned char i,j,k;                  //延时约600mS
 378   1        for(i=0;i<60;i++)
 379   1          for(j=0;j<64;j++)
 380   1            for(k=0;k<51;k++);
 381   1      }
 382          //-------------------------------------------------------------------------------
 383          //以下putchar为字符对象的基本子程序,putstr为字符对象的扩充子程序,getchinesecodepos,
 384          //getenglishcodepos为字符对象的辅助子程序.
 385          //-------------------------------------------------------------------------------
 386          //子程序名称:void putchar(unsigned int c).
 387          //功能:在(XPOS,YPOS)位置写单个字符点阵,若c>128 表示为中文字符,否则为西文字符
 388          //修改日期:2009.8.18
 389          //修改人:chujianjun@sunman.cn,tanchao@sunman.cn
 390          //-------------------------------------------------------------------------------
 391          void putchar(unsigned int c)            //定位写字符子程序
 392          {   if(c>128)
 393   1              putsizeimage(CHINESECHARSIZE,CHINESECHARSIZE,getchinesecodepos(c));
 394   1          else
 395   1              putsizeimage(ENGLISHCHARSIZE,CHINESECHARSIZE,getenglishcodepos(c));
 396   1      }
 397          //-------------------------------------------------------------------------------
 398          //子程序名称:void putstr(unsigned char code *s).
 399          //功能:写字符串点阵,若*s=0 表示字符串结束.
 400          //修改日期:2009.8.18
 401          //修改人:chujianjun@sunman.cn,tanchao@sunman.cn
 402          //-------------------------------------------------------------------------------
 403          void putstr(unsigned char code *s)      //显示字符串子程序,字符码为0时退出
 404          {   unsigned int c;
 405   1          while(1)
 406   1          {   c=*s;
 407   2              s++;
 408   2              if(c==0) break;
 409   2              if(c<128)
 410   2                  putchar(c);
 411   2              else
 412   2              {   putchar(c*256+*s);
 413   3                  s++;
 414   3              }
 415   2          }
 416   1      }
 417          //-------------------------------------------------------------------------------
 418          //子程序名称:unsigned char code *getchinesecodepos(unsigned char ac).
 419          //功能:根据当前中文字符码查表后计算得到当前中文字符码的字库点阵位置.
 420          //修改日期:2009.8.18
 421          //修改人:chujianjun@sunman.cn,tanchao@sunman.cn
 422          //-------------------------------------------------------------------------------
 423          unsigned char code *getchinesecodepos(unsigned int ac)
 424          {   unsigned int min,max,mid,midc;
 425   1          min=0;
 426   1          max=CHINESECHARNUMBER-1;
C51 COMPILER V9.60.7.0   MAIN                                                              09/14/2025 20:56:20 PAGE 8   

 427   1          while(1)
 428   1          {   if(max-min<2)
 429   2              {   if(ChineseCode[min]==ac)
 430   3                      mid=min;
 431   3                  else if(ChineseCode[max]==ac)
 432   3                      mid=max;
 433   3                  else
 434   3                      mid=0;
 435   3                  break;
 436   3              }
 437   2              mid=(max+min)/2;
 438   2              midc=ChineseCode[mid];
 439   2              if(midc==ac)
 440   2                  break;
 441   2              else if(midc>ac)
 442   2                  max=mid-1;
 443   2              else
 444   2                  min=mid+1;
 445   2          }
 446   1          return ChineseCharDot+mid*CHINESECHARDOTSIZE;
 447   1      }
 448          //-------------------------------------------------------------------------------
 449          //子程序名称:unsigned char code *getenglishcodepos(unsigned char ac).
 450          //功能:根据当前ASCII字符码查表后计算得到当前ASCII字符码的字库点阵位置.
 451          //修改日期:2009.8.18
 452          //修改人:chujianjun@sunman.cn,tanchao@sunman.cn
 453          //-------------------------------------------------------------------------------
 454          unsigned char code *getenglishcodepos(unsigned char ac)
 455          {   unsigned char min,max,mid,midc;
 456   1          min=0;
 457   1          max=ENGLISHCHARNUMBER-1;
 458   1          while(1)
 459   1          {   if(max-min<2)
 460   2              {   if(EnglishCode[min]==ac)
 461   3                      mid=min;
 462   3                  else if(EnglishCode[max]==ac)
 463   3                      mid=max;
 464   3                  else
 465   3                      mid=0;
 466   3                  break;
 467   3              }
 468   2              mid=(max+min)/2;
 469   2              midc=EnglishCode[mid];
 470   2              if(midc==ac)
 471   2                  break;
 472   2              else if(midc>ac)
 473   2                  max=mid-1;
 474   2              else
 475   2                  min=mid+1;
 476   2          }
 477   1          return EnglishCharDot+mid*ENGLISHCHARDOTSIZE;
 478   1      }
 479          //-------------------------------------------------------------------------------
 480          //以下putsizeimage为图形对象的基本子程序,putimage为图形对象的扩充子程序
 481          //-------------------------------------------------------------------------------
 482          //子程序名称:void putsizeimage(unsigned char XSIZE,unsigned YSIZE,
 483          //                             unsigned char code *s)
 484          //功能:在(XPOS,YPOS)位置绘制XSIZE列及YISZE行点阵的图形*S.
 485          //修改日期:2009.8.17
 486          //修改人:chujianjun@sunman.cn,tanchao@sunman.cn
 487          //-------------------------------------------------------------------------------
 488          void putsizeimage(unsigned char XSIZE,unsigned char YSIZE,unsigned char code *s)
C51 COMPILER V9.60.7.0   MAIN                                                              09/14/2025 20:56:20 PAGE 9   

 489          {  unsigned char k,lx,ly,a1,a2,x,Lcd_Mask;
 490   1         k=XPOS&0x7;
 491   1         XSIZE+=k;
 492   1         x=XPOS;
 493   1         s--;
 494   1         for(ly=0;ly<YSIZE;ly++,YPOS++)
 495   1         {  for(XPOS=x,lx=k;lx<XSIZE;)
 496   2            {  unsigned char p;
 497   3               a1=*s;
 498   3               s++;
 499   3               a2=*s;
 500   3               if(CharImageReverse)
 501   3               {   a1=~a1;
 502   4                   a2=~a2;
 503   4               }
 504   3               for(p=0;p<k;p++)
 505   3               {  a2>>=1;
 506   4                  if((a1&0x1)==1)
 507   4                     a2+=0x80;
 508   4                  a1>>=1;
 509   4               }
 510   3               if((k==0) && (XSIZE<lx+8))
 511   3               {   lcdpos();
 512   4                   lx+=8;
 513   4                   XPOS+=8;
 514   4               }
 515   3               else
 516   3               {   lcdpos();
 517   4                   a1=lcdrd();
 518   4                   lcdpos();
 519   4                   lx+=8;
 520   4                   XPOS+=8;
 521   4                   Lcd_Mask=0xff;
 522   4                   p=XSIZE&0x7;
 523   4                   while(p>0)
 524   4                   {   Lcd_Mask>>=1;
 525   5                       XPOS--;
 526   5                       p--;
 527   5                   }
 528   4                   p=0xff;
 529   4                   while(XSIZE<lx)
 530   4                   {   lx--;
 531   5                       XPOS--;
 532   5                       p<<=1;
 533   5                   }
 534   4                   Lcd_Mask&=p;
 535   4                   a2&=Lcd_Mask;
 536   4                   a2|=a1&(~Lcd_Mask);
 537   4               }
 538   3               lcdwd(a2);
 539   3            }
 540   2            if((k!=0) && (XSIZE&0x7 != 0) && (k >= XSIZE&0x7)) s--;
 541   2         }
 542   1         if(XDOTS-x < XSIZE-k)
 543   1             XPOS=0;
 544   1         else
 545   1             YPOS-=YSIZE;
 546   1      }
 547          //-------------------------------------------------------------------------------
 548          //子程序名称:void putimage(unsigned char code *s).
 549          //功能:在(XPOS,YPOS)位置绘制XSIZE[*s]列及YISZE[*(s+1)]行点阵的图形[*(s+2)].
 550          //修改日期:2009.8.18
C51 COMPILER V9.60.7.0   MAIN                                                              09/14/2025 20:56:20 PAGE 10  

 551          //修改人:chujianjun@sunman.cn,tanchao@sunman.cn
 552          //-------------------------------------------------------------------------------
 553          void putimage(unsigned char code *s)    //显示图形子程序
 554          {   unsigned char XSIZE,YSIZE;
 555   1          XSIZE=*s;
 556   1          s++;
 557   1          YSIZE=*s;
 558   1          s++;
 559   1          putsizeimage(XSIZE,YSIZE,s);
 560   1      }
 561          //-------------------------------------------------------------------------------
 562          //以下point为绘图操作的基本子程序,line,lineto,rect为绘图操作的扩充子程序.
 563          //-------------------------------------------------------------------------------
 564          //子程序名称:void point(bit b).
 565          //功能:按b的数据在(XPOS,YPOS)位置绘制点.
 566          //修改日期:2009.8.18
 567          //修改人:chujianjun@sunman.cn,tanchao@sunman.cn
 568          //-------------------------------------------------------------------------------
 569          void point(bit b)
 570          {   unsigned char i,Lcd_Mask,j;
 571   1          Lcd_Mask=0x80;
 572   1          i=XPOS&0x7;
 573   1          while(i>0)
 574   1          {   Lcd_Mask>>=1;
 575   2              i--;
 576   2          }
 577   1          lcdpos();
 578   1          j=lcdrd();
 579   1          lcdpos();
 580   1          if(b)
 581   1              lcdwd(j|Lcd_Mask);
 582   1          else
 583   1              lcdwd(j&(~Lcd_Mask));
 584   1      }
 585          //-------------------------------------------------------------------------------
 586          //子程序名称:void line(unsigned char x0,unsigned char y0,unsigned char x1,unsigned char y1,bit b)
 587          //功能:按b的数据绘制(x0,y0)-(x1,y1)的直线
 588          //修改日期:2009.8.18
 589          //修改人:chujianjun@sunman.cn,tanchao@sunman.cn
 590          //-------------------------------------------------------------------------------
 591          void line(unsigned char x0,unsigned char y0,unsigned char x1,unsigned char y1,bit b)
 592          {   unsigned char dx,dy;
 593   1          unsigned int dk;
 594   1          XPOS=x0;
 595   1          YPOS=y0;
 596   1          point(b);
 597   1          dx=(x1>=x0)?x1-x0:x0-x1;
 598   1          dy=(y1>=y0)?y1-y0:y0-y1;
 599   1          if(dx==dy)
 600   1          {   while(XPOS!=x1)
 601   2              {   if(x1>x0) XPOS++;else XPOS--;
 602   3                  if(y1>y0) YPOS++;else YPOS--;
 603   3                  point(b);
 604   3              }
 605   2          }
 606   1          else if (dx>dy)
 607   1          {   dk=dy;
 608   2              dy=0;
 609   2              while(XPOS!=x1)
 610   2              {   if(x1>x0) XPOS++;else XPOS--;
 611   3                  dy++;
 612   3                  if(y1>y0) YPOS=y0+(dk*dy+dx/2)/dx;else YPOS=y0-(dk*dy+dx/2)/dx;
C51 COMPILER V9.60.7.0   MAIN                                                              09/14/2025 20:56:20 PAGE 11  

 613   3                  point(b);
 614   3              }
 615   2          }
 616   1          else
 617   1          {   dk=dx;
 618   2              dx=0;
 619   2              while(YPOS!=y1)
 620   2              {   if(y1>y0) YPOS++;else YPOS--;
 621   3                  dx++;
 622   3                  if(x1>x0) XPOS=x0+(dk*dx+dy/2)/dy;else XPOS=x0-(dk*dx+dy/2)/dy;
 623   3                  point(b);
 624   3              }
 625   2          }
 626   1      }
 627          //-------------------------------------------------------------------------------
 628          //子程序名称:void lineto(unsigned char x1,unsigned char y1,bit b)
 629          //功能:按b的数据绘制(XPOS,YPOS)-(x1,y1)的直线
 630          //修改日期:2009.8.18
 631          //修改人:chujianjun@sunman.cn,tanchao@sunman.cn
 632          //-------------------------------------------------------------------------------
 633          void lineto(unsigned char x1,unsigned char y1,bit b)//绘制(XPOS,YPOS)-(X1,Y1)的直线
 634          {   line(XPOS,YPOS,x1,y1,b);
 635   1      }
 636          //-------------------------------------------------------------------------------
 637          //子程序名称:void rect(unsigned char x0,unsigned char y0,unsigned char x1,unsigned char y1,bit b)
 638          //功能:按b的数据绘制(x0,y0)-(x1,y1)的矩形
 639          //修改日期:2009.8.18
 640          //修改人:chujianjun@sunman.cn,tanchao@sunman.cn
 641          //-------------------------------------------------------------------------------
 642          void rect(unsigned char x0,unsigned char y0,unsigned char x1,unsigned char y1,bit b)
 643          {   line(x0,y0,x1,y0,b);
 644   1          line(x1,y0,x1,y1,b);
 645   1          line(x1,y1,x0,y1,b);
 646   1          line(x0,y1,x0,y0,b);
 647   1      }
 648          //-------------------------------------------------------------------------------
 649          //以下lcdfill,lcdpos,lcdreset为T6963型硬件接口的240128液晶显示模块的基本子程序
 650          //-------------------------------------------------------------------------------
 651          //子程序名称:void lcdfill(unsigned char d).
 652          //功能:整屏显示d表示的字节数据.
 653          //修改日期:2009.08.07
 654          //修改人:chujianjun@sunman.cn,tanchao@sunman.cn
 655          //-------------------------------------------------------------------------------
 656          void lcdfill(unsigned char d)           //整屏显示d代表的字节数据子程序
 657          {   unsigned char i,j;
 658   1          lcdwc3(0x24,0,0);                   //设置内部RAM地址为0
 659   1          for(i=0;i<128;i++)    //128行
 660   1              for(j=0;j<30;j++)               //30个字节数据共240列
 661   1                  lcdwd(d);                   //送图形数据
 662   1      }
 663          //-------------------------------------------------------------------------------
 664          //子程序名称:void lcdpos(void).
 665          //功能:设置坐标点(XPOS,YPOS)位置对应的内部RAM地址.
 666          //修改日期:2009.08.07
 667          //修改人:chujianjun@sunman.cn,tanchao@sunman.cn
 668          //-------------------------------------------------------------------------------
 669          void lcdpos(void)                       //设置坐标点(XPOS,YPOS)内部RAM地址的子程序
 670          {  unsigned int CurrentAddress;
 671   1         CurrentAddress=YPOS*30;              //LCDRAM地址=30*YPOS+(XPOS/8)
 672   1         CurrentAddress+=XPOS/8;
 673   1         lcdwc3(0x24,CurrentAddress&0xff,CurrentAddress/256);
 674   1      }
C51 COMPILER V9.60.7.0   MAIN                                                              09/14/2025 20:56:20 PAGE 12  

 675          //-------------------------------------------------------------------------------
 676          //子程序名称:void lcdreset(void)
 677          //功能:液晶显示控制器初始化
 678          //修改日期:2009.08.07
 679          //修改人:chujianjun@sunman.cn,tanchao@sunman.cn
 680          //-------------------------------------------------------------------------------
 681          void lcdreset(void)                     //液晶显示控制器初始化子程序
 682          {   lcdwc(0x80);                        //OR MODE
 683   1          lcdwc(0x98);                        //图形模式开
 684   1          lcdwc3(0x42,0,0);                   //设置图形显示区首地址为0
 685   1          lcdwc3(0x43,30,0);                  //设置图形显示区宽度为30字节共240点
 686   1      }
 687          //-------------------------------------------------------------------------------
 688          //以下lcdwd,lcdrd,lcdwc,lcdwc2,lcdwc3为T6963C型硬件接口[MCS51模拟口线接口方式]的
 689          //    基本子程序;lcdwdata,lcdrdata,lcdwaitidle为内部子程序.
 690          //-------------------------------------------------------------------------------
 691          //子程序名称:void lcdwd(unsigned char d).
 692          //功能:向液晶显示控制器写图形数据.
 693          //修改日期:2009.08.07
 694          //修改人:chujianjun@sunman.cn,tanchao@sunman.cn
 695          //-------------------------------------------------------------------------------
 696          void lcdwd(unsigned char d)             //送图形数据子程序
 697          {   lcdwc2(0xc0,d);
 698   1      }
 699          //-------------------------------------------------------------------------------
 700          //子程序名称:unsigned char lcdrd(void).
 701          //功能:从液晶显示控制器中读图形数据.
 702          //修改日期:2009.08.07
 703          //修改人:chujianjun@sunman.cn,tanchao@sunman.cn
 704          //-------------------------------------------------------------------------------
 705          unsigned char lcdrd(void)               //读图形数据子程序
 706          {   lcdwc(0xc1);                        //送读图形数据指令
 707   1          return lcdrdata();                  //读数据
 708   1      }
 709          //-------------------------------------------------------------------------------
 710          //子程序名称:lcdwc(unsigned char c).
 711          //功能:向液晶显示控制器送指令.
 712          //修改日期:2009.08.07
 713          //修改人:chujianjun@sunman.cn,tanchao@sunman.cn
 714          //-------------------------------------------------------------------------------
 715          void lcdwc(unsigned char c)             //送指令子程序
 716          {   lcdwaitidle();                      //检测液晶显示控制器是否空闲
 717   1          P1=c;
 718   1          CDPIN=1;                            //CD=1 CE=0 WR=0
 719   1          CEPIN=0;
 720   1          WRPIN=0;
 721   1          _nop_();
 722   1          WRPIN=1;
 723   1          CEPIN=1;
 724   1      }
 725          //-------------------------------------------------------------------------------
 726          //子程序名称:lcdwc2(unsigned char c,unsigned char d).
 727          //功能:向液晶显示控制器送2字节指令.
 728          //修改日期:2009.08.07
 729          //修改人:chujianjun@sunman.cn,tanchao@sunman.cn
 730          //-------------------------------------------------------------------------------
 731          void lcdwc2(unsigned char c,unsigned char d) //送2字节指令子程序
 732          {   lcdwdata(d);                        //送指令参数
 733   1          lcdwc(c);                           //送指令码
 734   1      }
 735          //-------------------------------------------------------------------------------
 736          //子程序名称:lcdwc3(unsigned char c,unsigned char d1,unsigned char d2).
C51 COMPILER V9.60.7.0   MAIN                                                              09/14/2025 20:56:20 PAGE 13  

 737          //功能:向液晶显示控制器送3字节指令.
 738          //修改日期:2009.08.07
 739          //修改人:chujianjun@sunman.cn,tanchao@sunman.cn
 740          //-------------------------------------------------------------------------------
 741          void lcdwc3(unsigned char c,unsigned char d1,unsigned char d2) //送3字节指令子程序
 742          {   lcdwdata(d1);                        //送指令参数1
 743   1          lcdwdata(d2);                        //送指令参数2
 744   1          lcdwc(c);                            //送指令码
 745   1      }
 746          //-------------------------------------------------------------------------------
 747          //子程序名称:unsigned char lcdrdata(void).
 748          //功能:从液晶显示控制器中读数据.
 749          //修改日期:2009.08.07
 750          //修改人:chujianjun@sunman.cn,tanchao@sunman.cn
 751          //-------------------------------------------------------------------------------
 752          unsigned char lcdrdata(void)            //读数据子程序
 753          {   unsigned char d;
 754   1          lcdwaitidle();                      //检测液晶显示控制器是否空闲
 755   1          P1=0xff;
 756   1          CDPIN=0;                            //CD=0 CE=0 RD=0
 757   1          CEPIN=0;
 758   1          RDPIN=0;
 759   1          _nop_();
 760   1          d=P1;
 761   1          RDPIN=1;
 762   1          CEPIN=1;
 763   1          return d;
 764   1      }
 765          //-------------------------------------------------------------------------------
 766          //子程序名称:void lcdwdata(unsigned char d).
 767          //功能:向液晶显示控制器送数据.
 768          //修改日期:2009.08.07
 769          //修改人:chujianjun@sunman.cn,tanchao@sunman.cn
 770          //-------------------------------------------------------------------------------
 771          void lcdwdata(unsigned char d)          //送数据子程序
 772          {   lcdwaitidle();                      //检测液晶显示控制器是否空闲
 773   1          P1=d;
 774   1          CDPIN=0;                            //CD=0 CE=0 WR=0
 775   1          CEPIN=0;
 776   1          WRPIN=0;
 777   1          _nop_();
 778   1          WRPIN=1;
 779   1          CEPIN=1;
 780   1      }
 781          //-------------------------------------------------------------------------------
 782          //子程序名称:voidlcdwaitidle(void).
 783          //功能:忙检测,在对液晶显示控制器操作的每一条指令之前,需检测液晶显示器是否空闲.
 784          //修改日期:2009.08.07
 785          //修改人:chujianjun@sunman.cn,tanchao@sunman.cn
 786          //-------------------------------------------------------------------------------
 787          void lcdwaitidle(void)                  //忙检测子程序
 788          {   unsigned char i,d;
 789   1          P1=0xff;
 790   1          CDPIN=1;                            //CD=1 CE=0 RD=0
 791   1          CEPIN=0;
 792   1          for(i=0;i<20;i++)                   //
 793   1          {   RDPIN=0;
 794   2              _nop_();
 795   2              d=P1;
 796   2              RDPIN=1;
 797   2              if( (d&0x3) == 0x3 ) break;     //D0D1=11 空闲退出
 798   2          }
C51 COMPILER V9.60.7.0   MAIN                                                              09/14/2025 20:56:20 PAGE 14  

 799   1          CEPIN=1;
 800   1      }


MODULE INFORMATION:   STATIC OVERLAYABLE
   CODE SIZE        =   1713    ----
   CONSTANT SIZE    =    955    ----
   XDATA SIZE       =   ----    ----
   PDATA SIZE       =   ----    ----
   DATA SIZE        =      2      44
   IDATA SIZE       =   ----    ----
   BIT SIZE         =      1       4
END OF MODULE INFORMATION.


C51 COMPILATION COMPLETE.  0 WARNING(S),  0 ERROR(S)
