C51 COMPILER V9.60.7.0   12864                                                             11/14/2025 14:31:36 PAGE 1   


C51 COMPILER V9.60.7.0, COMPILATION OF MODULE 12864
OBJECT MODULE PLACED IN 12864.OBJ
COMPILER INVOKED BY: D:\KEIL_STM32\C51\BIN\C51.EXE 12864.c OPTIMIZE(8,SPEED) BROWSE DEBUG OBJECTEXTEND

line level    source

   1          #include <REGX52.H>
   2          #include <INTRINS.H>  
   3          #include "int/ascii0816x.c"
   4          #include "int/ascii0508x.c"
   5          #include "12864.h"
   6          #include "int/hanzi1616.c"
   7          
   8          // Delay microsecond less than 255us
   9          void delayUs(uint Tus)
  10          {
  11   1              // If Tus >= 18, the delay is precise, otherwise not!
  12   1              if (Tus > 17)
  13   1              {
  14   2                      Tus = Tus/2 - 9;
  15   2                      if (Tus != 0)
  16   2                              while(--Tus != 0);
  17   2              }
  18   1      }
  19          
  20          // Delay Tms ms
  21          void delayMs(uint Tms)
  22          {
  23   1              uint i;
  24   1              while(Tms-- != 0)
  25   1              {
  26   2                      i = 4;
  27   2                      while(i-- != 0)
  28   2                      delayUs(250);
  29   2              }
  30   1      }
  31           
  32             
  33          /****************************reset IC for start****************************/   
  34          void LCD_Reset()   
  35          {   
  36   1       IE  =  0x00;   
  37   1       rst =  0;   
  38   1       delayMs(5);   
  39   1       rst =  1;   
  40   1       delayMs(5);   
  41   1      }    
  42          //-----------------写指令或者数据--------------------      
  43          void write_cmd_dat(uchar cmda,uchar com)   
  44          {    
  45   1       uchar i; 
  46   1       cs=0;   
  47   1       di=cmda; // 确定是写指令还是数据
  48   1       sclk=0;  //时钟低
  49   1       for(i=0;i<8;i++)
  50   1       {
  51   2        sid=(com&0x80);
  52   2        delayUs(5);
  53   2        sclk=1;
  54   2        delayUs(5);
  55   2        com<<=1;
C51 COMPILER V9.60.7.0   12864                                                             11/14/2025 14:31:36 PAGE 2   

  56   2        sclk=0;
  57   2        }
  58   1      } 
  59          
  60          
  61          // set Column address
  62          void SetCA(uchar Caddr)
  63          { 
  64   1         write_cmd_dat(0,Caddr & 0x0F);          // Lower 4-bit
  65   1         write_cmd_dat(0,(Caddr >> 4) | 0x10);   // Higher 4-bit
  66   1      }
  67          
  68          // set page address
  69          void SetPA(uchar Paddr)
  70          {
  71   1         write_cmd_dat(0,0xb0+Paddr);
  72   1      }
  73          
  74          //--------------向某页某列写数据----------------------------
  75          void write_data(uint com,uchar page,uchar clum)
  76          {
  77   1        SetPA(page);
  78   1        SetCA(clum);
  79   1        write_cmd_dat(1,com);
  80   1      }
  81          
  82          // Display data RAM page and column address
  83          void GotoXY(uchar Paddr, uchar Caddr)
  84          {
  85   1         SetPA(Paddr);
  86   1         SetCA(Caddr);
  87   1      }
  88          
  89          //----------------------组装测试-------------------------
  90          void display_test(uchar fst,uchar snd) 
  91          { 
  92   1        uchar i,j;
  93   1       for(j=0;j<8;j++)
  94   1       {      
  95   2        GotoXY(j,0);
  96   2      //   for(i=0;i<128/2;i++)
  97   2               for(i=0;i<128;i++)
  98   2        {
  99   3         write_cmd_dat(1,fst);
 100   3         write_cmd_dat(1,snd);
 101   3        }
 102   2       }
 103   1      }
 104           // Clear LCD screen
 105          void Clear(void)
 106          {
 107   1              display_test(0x00,0x00);
 108   1              delayUs(4);
 109   1      }  
 110          // Wait some time and clear the screen
 111          void wait_and_clear(void)
 112          {
 113   1              delayMs(200);
 114   1              Clear();
 115   1      }
 116            
 117          void lcd_test()
C51 COMPILER V9.60.7.0   12864                                                             11/14/2025 14:31:36 PAGE 3   

 118          {
 119   1        uchar i;
 120   1        uchar code tdata[][2]=
 121   1        {
 122   1              {0xff,0xff},    // All
 123   1              {0x00,0xFF},    // Virtical 
 124   1              {0xff,0x00},    // Virtical
 125   1              {0xAA,0xAA},    // Horizontal 
 126   1              {0x55,0x55},    // Horizontal 
 127   1              {0xAA,0x55},    // Stars 
 128   1              {0x55,0xaa},    // Stars 
 129   1        };
 130   1        for(i=0;i<7;i++)
 131   1        {
 132   2         display_test(tdata[i][0],tdata[i][1]);
 133   2         delayMs(800);
 134   2         wait_and_clear();
 135   2        }
 136   1      }    
 137           //------------------显示方框-----------------------
 138          void lcd_kuang(void)
 139          {
 140   1       uchar i,j;
 141   1        for(i=0;i<8;i++) // 外循环：共8页（8个水平带）
 142   1         {     
 143   2          for(j=0;j<128;j++) // 内循环：每页128列
 144   2               { 
 145   3                if((j==0)||(j==127)) { GotoXY(i,j); write_cmd_dat(1,0xff);}//竖线部分
 146   3                if(i==0)
 147   3                 { 
 148   4                  if((j>0)&&(j<127)) { GotoXY(i,j); write_cmd_dat(1,0x01);}}//顶部横线
 149   3                if(i==7)
 150   3                 { 
 151   4                  if((j>0)&&(j<127)) { GotoXY(i,j); write_cmd_dat(1,0x80);}}//底部横线
 152   3               }
 153   2         }
 154   1      }
 155          
 156          void lcd_nested_frames(void)
 157          {
 158   1          uchar top = 0;
 159   1          uchar bottom = 7;
 160   1          uchar left = 0;
 161   1          uchar right = 127;
 162   1          uchar i, j;
 163   1      
 164   1          while (top <= bottom && left <= right)
 165   1          {
 166   2              // 上边
 167   2              for(j = left; j <= right; j++)
 168   2              {
 169   3                  GotoXY(top, j);
 170   3                  write_cmd_dat(1, 0xFF);
 171   3              }
 172   2      
 173   2              // 下边
 174   2              for(j = left; j <= right; j++)
 175   2              {
 176   3                  GotoXY(bottom, j);
 177   3                  write_cmd_dat(1, 0xFF);
 178   3              }
 179   2      
C51 COMPILER V9.60.7.0   12864                                                             11/14/2025 14:31:36 PAGE 4   

 180   2              // 左边
 181   2              for(i = top; i <= bottom; i++)
 182   2              {
 183   3                  GotoXY(i, left);
 184   3                  write_cmd_dat(1, 0xFF);
 185   3              }
 186   2      
 187   2              // 右边
 188   2              for(i = top; i <= bottom; i++)
 189   2              {
 190   3                  GotoXY(i, right);
 191   3                  write_cmd_dat(1, 0xFF);
 192   3              }
 193   2      
 194   2              // 缩小一圈
 195   2              top++;
 196   2              bottom--;
 197   2              left += 2;
 198   2              right -= 2;
 199   2          }
 200   1      }
 201          
 202          //------------------显示8X16点阵字符串-------------------------         
 203           void disp_ascii0816(uchar *ptrAscii, uchar startP, uchar startC)
 204          {
 205   1      
 206   1                      uchar i,xclum;
 207   1                      uint index;
 208   1                      GotoXY(startP,startC);
 209   1                      while((*ptrAscii) != '\0')
 210   1                      {
 211   2                              index = ((*ptrAscii)-0x20)*16; 
 212   2                        
 213   2                              for(i=0;i<16;i++)
 214   2                              {
 215   3                               if(i%8==0)
 216   3                                {
 217   4                                xclum=startC;
 218   4                                }
 219   3                               write_data(AsciiDot0816[index++],startP+i/8,xclum++);                   
 220   3                              }
 221   2                              startC+=8;
 222   2                         ptrAscii++;                            
 223   2                      //      if((128-xclum)<8)
 224   2              //      {
 225   2                      // startP+=2;
 226   2                      //       startC=0;
 227   2                               //if(startP<8)
 228   2                      //       {Gotoxy(startP,startC);}
 229   2                      //      }
 230   2              }
 231   1      }
 232          
 233          
 234          
 235          //------------------显示5X8点阵字库串-------------------------
 236          void disp_ascii0508(uchar *ptrAscii, uchar startP, uchar startC)
 237          {
 238   1      
 239   1                      uchar i;
 240   1                      uint index;
 241   1                      GotoXY(startP,startC);
C51 COMPILER V9.60.7.0   12864                                                             11/14/2025 14:31:36 PAGE 5   

 242   1                      while((*ptrAscii) != '\0')
 243   1                      {
 244   2                              index = ((*ptrAscii) - 0x20)*5;
 245   2                              for (i=0;i<5;i++)       
 246   2                              {
 247   3                               write_data(AsciiDot0508[index++],startP,startC++);             
 248   3                              }
 249   2                         ptrAscii++;                            
 250   2                              if((128-startC)<6)
 251   2                              {
 252   3                               startP++;
 253   3                               startC=0;
 254   3                               if(startP<8)
 255   3                               {GotoXY(startP,startC);}
 256   3                              }
 257   2              }
 258   1      }
 259          //------------------显示一个汉字-------------------------
 260          void display_hanzi(uchar *p,uchar startP, uchar startC)
 261          {
 262   1      
 263   1         uchar i,j;
 264   1               for(i=0;i<2;i++)
 265   1                 {
 266   2               GotoXY(startP+i,startC);
 267   2                                for(j=0;j<16;j++)
 268   2                                  {write_cmd_dat(1,*p++);}//发送数据
 269   2           }
 270   1      }
 271          
 272          //------------------显示一个反白汉字-------------------------
 273          void display_hanzi_fan(uchar *p,uchar startP, uchar startC)
 274          {
 275   1      
 276   1         uchar i,j;
 277   1               for(i=0;i<2;i++)
 278   1                 {
 279   2               GotoXY(startP+i,startC);
 280   2                                for(j=0;j<16;j++)
 281   2                                  {write_cmd_dat(1,~*p++);}//发送数据
 282   2           }
 283   1      }
 284          
 285          //-------------显示一副取反的128X64点阵的图片------------------------------
 286          void display_photo(uchar *p,uchar startP,uchar startC)   
 287          {
 288   1         uchar i,j;
 289   1         GotoXY(startP,startC);
 290   1         for(i=0;i<8;i++)
 291   1          {
 292   2                for(j=0;j<128;j++)
 293   2                {
 294   3                 write_data(~*p++, startP+i, startC+j);// ~取反
 295   3                }
 296   2              }
 297   1      }
 298          
 299          
 300          
 301          void Init_IC()   
 302          {   
 303   1       cs  =  0;   
C51 COMPILER V9.60.7.0   12864                                                             11/14/2025 14:31:36 PAGE 6   

 304   1       P1  =  0xFF;   
 305   1       LCD_Reset(); 
 306   1       write_cmd_dat(0,0xE2);   //initialize interal function
 307   1       write_cmd_dat(0,0xA2); //LCD Bias selection(1/65 Duty,1/9Bias) 
 308   1       write_cmd_dat(0,0xC8);  //SHL selection(COM64->COM0) //改变COM扫描方向         
 309   1       write_cmd_dat(0,0xA0);  //ADC selection(SEG0->SEG128) //改变SEG扫描方向 
 310   1       write_cmd_dat(0,0x2F);  //power control(VB,VR,VF=1,1,1)
 311   1       write_cmd_dat(0,0x26); //Regulator resistor select 110 内部电位器调节
 312   1       write_cmd_dat(0,0x81); //set reference voltage mode
 313   1       write_cmd_dat(0,0x15); //set reference voltage //改变此值可以改变效果  
 314   1       write_cmd_dat(0,0x40); //Initial Display Line 0x40 0x60
 315   1       write_cmd_dat(0,0xAF); //Display on 
 316   1       Clear();
 317   1      }   
 318          
 319          
 320          void Yehui_UI()
 321          {
 322   1              
 323   1              uchar i; 
 324   1              const unsigned char* hanzi_array[]  = {guang, don, ye, hui, ke};
 325   1              const unsigned char* hanzi_array2[] = {ji, you, xian, gong, si};
 326   1              lcd_kuang();
 327   1      
 328   1              for ( i = 0; i < 5; i++) {
 329   2                      display_hanzi_fan(hanzi_array[i], 1, 20 + i * 16);
 330   2              }
 331   1      
 332   1              for ( i = 0; i < 5; i++) {
 333   2                      display_hanzi_fan(hanzi_array2[i], 3, 20 + i * 16);
 334   2              }
 335   1                  
 336   1              disp_ascii0816("COG128*64 Dots", 5,11);
 337   1      
 338   1              
 339   1      }
 340          
 341          void WhatsApp()
 342          {
 343   1              lcd_kuang();
 344   1              disp_ascii0816("WhatsApp:",       2,2);
 345   1              disp_ascii0816("+86136 2249 6694",4,1);
 346   1      }       


MODULE INFORMATION:   STATIC OVERLAYABLE
   CODE SIZE        =   1201    ----
   CONSTANT SIZE    =   2422    ----
   XDATA SIZE       =   ----    ----
   PDATA SIZE       =   ----    ----
   DATA SIZE        =   ----      70
   IDATA SIZE       =   ----    ----
   BIT SIZE         =   ----    ----
END OF MODULE INFORMATION.


C51 COMPILATION COMPLETE.  0 WARNING(S),  0 ERROR(S)
