C51 COMPILER V9.60.7.0   MAIN                                                              08/10/2024 18:21:41 PAGE 1   


C51 COMPILER V9.60.7.0, COMPILATION OF MODULE MAIN
OBJECT MODULE PLACED IN .\Objects\main.obj
COMPILER INVOKED BY: E:\Keil_v5\C51\BIN\C51.EXE main.c OPTIMIZE(8,SPEED) BROWSE DEBUG OBJECTEXTEND PRINT(.\Listings\main
                    -.lst) TABS(2) OBJECT(.\Objects\main.obj)

line level    source

   1          //LCM160128A标准图形点阵型液晶显示模块的扩展演示程序[C51编程语言][MCS51模拟口线方式]
   2          //应用产品: LCM160128A标准图形点阵型液晶显示模块
   3          //  本演示程序适用于LCM160128A液晶显示模块与MCS51系列单片机采用MCS51模拟口线的
   4          //硬件连线方式。
   5          //  本演示程序包括T6963C兼容芯片的MCS51模拟口线方式子程序集,T6963C兼容芯片的160128
   6          //液晶显示模块的基本子程序,240128系列绘图子程序集,240128系列图形子程序集,240128系
   7          //列精简中英文字库子程序集,以及LCM160128系列标准图形点阵型液晶显示的扩展演示子程序.
   8          //  本演示的内容为,在240列X128行的点阵液晶显示屏上清屏,图片演示,英文字符串演示,中文
   9          //字符串演示,反白显示字符串,绘制矩形,写点,绘制直线,全屏显示.
  10          //-------------------------------------------------------------------------------
  11          //创建日期: 2009.08.17
  12          //软件环境: VW For Windows
  13          //硬件环境: AT89C52 MCU,MCS-51系列 MCU,etc.
  14          //创建人: XIEJIANREN.
  15          //技术支持: 电话(0731-84167806,84167807),传真(0731-84167807),网址(www.sunman.cn)
  16          //版权信息: 广东烨辉科技有限公司版权所有,转载请指明出处.
  17          //参考网页: http:/www.sunman.cn/lcm/product/SMG240128A.html
  18          //-------------------------------------------------------------------------------
  19          #include <reg51.h>
  20          #include <intrins.h>
  21          //以下为演示程序的函数定义
  22          void exsample(void);                    //演示程序
  23          void exdelay(void);                     //演示延时子程序
  24          void putchar(unsigned int c);           //定位写字符子程序
  25          void putstr(unsigned char code *s);     //显示字符串子程序,字符码为0时退出
  26          unsigned char code *getchinesecodepos(unsigned int ac);
  27          unsigned char code *getenglishcodepos(unsigned char ac);
  28          void putimage(unsigned char code *s);   //显示图形子程序
  29          void putsizeimage(unsigned char XSIZE,unsigned char YSIZE,unsigned char code *s);
  30                                                  //显示指定大小的图形子程序
  31          void point(bit b);
  32          void line(unsigned char x0,unsigned char y0,unsigned char x1,unsigned char y1,bit b);
  33          void lineto(unsigned char x1,unsigned char y1,bit b);//绘制(XPOS,YPOS)-(X1,Y1)的直线
  34          void rect(unsigned char x0,unsigned char y0,unsigned char x1,unsigned char y1,bit b);
  35          void lcdfill(unsigned char d);          //整屏显示d代表的字节数据子程序
  36          void lcdpos(void);                      //设置坐标点(XPOS,YPOS)内部RAM地址的子程序
  37          void lcdreset(void);                    //液晶显示控制器初始化子程序
  38          void lcdwd(unsigned char d);            //送图形数据子程序
  39          unsigned char lcdrd(void);              //读图形数据子程序
  40          void lcdwc(unsigned char c);            //送指令子程序
  41          void lcdwc2(unsigned char c,unsigned char d);//送2字节指令子程序
  42          void lcdwc3(unsigned char c,unsigned char d1,unsigned char d2);//送3字节指令子程序
  43          unsigned char lcdrdata(void);           //读数据子程序
  44          void lcdwdata(unsigned char d);         //送数据子程序
  45          void lcdwaitidle(void);                 //忙检测子程序
  46          //-------------------------------------------------------------------------------
  47          //LCM160128A产品引脚说明及演示连线
  48          //PIN1: FG   [构造地]-------------------VSS
  49          //PIN2: VSS  [电源地]-------------------VSS
  50          //PIN3: VDD  [电源正极]-----------------VDD(+5V)
  51          //PIN4: Vo   [LCD 偏压输入]-------------接10K的可调电阻2K电阻到VSS及VEE
  52          //                                      Vo=VEE时为显示最深
  53          //PIN5: WR   [写信号 低有效]------------P3.1
  54          //PIN6: RD   [读信号 低有效]------------P3.2
C51 COMPILER V9.60.7.0   MAIN                                                              08/10/2024 18:21:41 PAGE 2   

  55          //PIN7: CE   [使能信号 低有效]----------P3.3
  56          //PIN8: CD   [数据/命令选择端（H/L）]---P3.0
  57          //PIN9: NC   [空脚]---------------------不连线
  58          //PIN10:RST  [复位端 低有效]------------VDD
  59          //PIN11:D0   [Data I/O]-----------------P1.0
  60          //PIN12:D1   [Data I/O]-----------------P1.1
  61          //PIN13:D2   [Data I/O]-----------------P1.2
  62          //PIN14:D3   [Data I/O]-----------------P1.3
  63          //PIN15:D4   [Data I/O]-----------------P1.4
  64          //PIN16:D5   [Data I/O]-----------------P1.5
  65          //PIN17:D6   [Data I/O]-----------------P1.6
  66          //PIN18:D7   [Data I/O]-----------------P1.7
  67          //PIN19:FS   [字体点阵]-----------------VSS
  68          //PIN20:VEE  [LCD负压输出]--------------提供液晶负电压.
  69          //PIN21:BLA  [背光源正极]---------------见使用说明书.
  70          //PIN22:BLK  [背光源负极]---------------VSS
  71          //注:8031的晶振频率为12MHz.
  72          //请参见http://download.sunman.cn/lcm/product/1/SMG240128A.pdf
  73          //-------------------------------------------------------------------------------
  74          //以下为产品接口引脚在演示程序中的预定义
  75          //用户在编写应用程序时,需按自己的实际硬件连线来重新定义
  76          sbit CDPIN=P3^0;                        // C/D对应单片机引脚
  77          sbit CEPIN=P3^3;                        // CE对应单片机引脚
  78          sbit WRPIN=P3^1;                        // WR对应单片机引脚
  79          sbit RDPIN=P3^2;                        // RD对应单片机引脚
  80          //-------------------------------------------------------------------------------
  81          //以下XPOS,YPOS变量用于指示当前操作点的位置的预定义
  82          //用户在编写应用程序时,需按自己的实际软件程序需要来重新定义
  83          unsigned char XPOS;                     //列方向LCD点阵位置指针
  84          unsigned char YPOS;                     //行方向LCD点阵位置指针
  85          bit CharImageReverse;                   //字符及图形的反显控制,0(正常显示),1(反显)
  86          
  87          #define XDOTS   160                     //图形空间X方向大小
  88          #define YDOTS   128                     //图形空间X方向大小
  89          //-------------------------------------------------------------------------------
  90          //以下为精简版中英文字库
  91          //实际使用时请包含由Sunman精简版中英文字符库代码生成器.exe自动生成的charlib.c文
  92          //文件来替换该部分
  93          //精简版中英文字符库文件
  94          //本文件由Sunman精简版中英文字符库代码生成器.exe自动生成
  95          //字节方向:[水平] 字位顺序:[从高到低]
  96          //中文字体:[宋体] 英文字体:[宋体] 字体大小:[16]
  97          
  98          #define ENGLISHCHARNUMBER  40      //精简版英文字符库中的英文字符的个数
  99          #define CHINESECHARNUMBER  1       //精简版中文字符库中的中文字符的个数
 100          #define ENGLISHCHARSIZE    8       //英文字符X方向显示点的个数
 101          #define CHINESECHARSIZE    16      //中文字符X方向及中英文字符Y方向显示点的个数
 102          #define ENGLISHCHARDOTSIZE 16      //单个英文字符点阵的字节数
 103          #define CHINESECHARDOTSIZE 32      //单个中文字符点阵的字节数
 104          
 105          unsigned int code EnglishCode[]={
 106          0x20,    //字符001:[ ]
 107          0x2a,    //字符002:[*]
 108          0x2d,    //字符003:[-]
 109          0x2e,    //字符004:[.]
 110          0x30,    //字符005:[0]
 111          0x31,    //字符006:[1]
 112          0x32,    //字符007:[2]
 113          0x36,    //字符008:[6]
 114          0x38,    //字符009:[8]
 115          0x3a,    //字符010:[:]
 116          0x41,    //字符011:[A]
C51 COMPILER V9.60.7.0   MAIN                                                              08/10/2024 18:21:41 PAGE 3   

 117          0x42,    //字符012:[B]
 118          0x43,    //字符013:[C]
 119          0x44,    //字符014:[D]
 120          0x45,    //字符015:[E]
 121          0x46,    //字符016:[F]
 122          0x49,    //字符017:[I]
 123          0x4c,    //字符018:[L]
 124          0x4d,    //字符019:[M]
 125          0x4e,    //字符020:[N]
 126          0x4f,    //字符021:[O]
 127          0x52,    //字符022:[R]
 128          0x53,    //字符023:[S]
 129          0x54,    //字符024:[T]
 130          0x57,    //字符025:[W]
 131          0x5a,    //字符026:[Z]
 132          0x61,    //字符027:[a]
 133          0x63,    //字符028:[c]
 134          0x65,    //字符029:[e]
 135          0x67,    //字符030:[g]
 136          0x68,    //字符031:[h]
 137          0x69,    //字符032:[i]
 138          0x6c,    //字符033:[l]
 139          0x6e,    //字符034:[n]
 140          0x6f,    //字符035:[o]
 141          0x70,    //字符036:[p]
 142          0x72,    //字符037:[r]
 143          0x73,    //字符038:[s]
 144          0x74,    //字符039:[t]
 145          0x79     //字符040:[y]
 146          };
 147          
 148          unsigned int code ChineseCode[]={
 149          0xa1a1   //字符001:[　]
 150          };
 151          
 152          unsigned char code EnglishCharDot[]={
 153          0x00,0x00,0x00,0x00,0x00,0x00,0x00,0x00,   //字符001:[ ]
 154          0x00,0x00,0x00,0x00,0x00,0x00,0x00,0x00,
 155          0x00,0x00,0x00,0x00,0x10,0x10,0xd6,0x38,   //字符002:[*]
 156          0x38,0xd6,0x10,0x10,0x00,0x00,0x00,0x00,
 157          0x00,0x00,0x00,0x00,0x00,0x00,0x00,0x00,   //字符003:[-]
 158          0x7e,0x00,0x00,0x00,0x00,0x00,0x00,0x00,
 159          0x00,0x00,0x00,0x00,0x00,0x00,0x00,0x00,   //字符004:[.]
 160          0x00,0x00,0x00,0x00,0x60,0x60,0x00,0x00,
 161          0x00,0x00,0x00,0x18,0x24,0x42,0x42,0x42,   //字符005:[0]
 162          0x42,0x42,0x42,0x42,0x24,0x18,0x00,0x00,
 163          0x00,0x00,0x00,0x08,0x38,0x08,0x08,0x08,   //字符006:[1]
 164          0x08,0x08,0x08,0x08,0x08,0x3e,0x00,0x00,
 165          0x00,0x00,0x00,0x3c,0x42,0x42,0x42,0x02,   //字符007:[2]
 166          0x04,0x08,0x10,0x20,0x42,0x7e,0x00,0x00,
 167          0x00,0x00,0x00,0x18,0x24,0x40,0x40,0x5c,   //字符008:[6]
 168          0x62,0x42,0x42,0x42,0x22,0x1c,0x00,0x00,
 169          0x00,0x00,0x00,0x3c,0x42,0x42,0x42,0x24,   //字符009:[8]
 170          0x18,0x24,0x42,0x42,0x42,0x3c,0x00,0x00,
 171          0x00,0x00,0x00,0x00,0x00,0x00,0x18,0x18,   //字符010:[:]
 172          0x00,0x00,0x00,0x00,0x18,0x18,0x00,0x00,
 173          0x00,0x00,0x00,0x10,0x10,0x18,0x28,0x28,   //字符011:[A]
 174          0x24,0x3c,0x44,0x42,0x42,0xe7,0x00,0x00,
 175          0x00,0x00,0x00,0xf8,0x44,0x44,0x44,0x78,   //字符012:[B]
 176          0x44,0x42,0x42,0x42,0x44,0xf8,0x00,0x00,
 177          0x00,0x00,0x00,0x3e,0x42,0x42,0x80,0x80,   //字符013:[C]
 178          0x80,0x80,0x80,0x42,0x44,0x38,0x00,0x00,
C51 COMPILER V9.60.7.0   MAIN                                                              08/10/2024 18:21:41 PAGE 4   

 179          0x00,0x00,0x00,0xf8,0x44,0x42,0x42,0x42,   //字符014:[D]
 180          0x42,0x42,0x42,0x42,0x44,0xf8,0x00,0x00,
 181          0x00,0x00,0x00,0xfc,0x42,0x48,0x48,0x78,   //字符015:[E]
 182          0x48,0x48,0x40,0x42,0x42,0xfc,0x00,0x00,
 183          0x00,0x00,0x00,0xfc,0x42,0x48,0x48,0x78,   //字符016:[F]
 184          0x48,0x48,0x40,0x40,0x40,0xe0,0x00,0x00,
 185          0x00,0x00,0x00,0x7c,0x10,0x10,0x10,0x10,   //字符017:[I]
 186          0x10,0x10,0x10,0x10,0x10,0x7c,0x00,0x00,
 187          0x00,0x00,0x00,0xe0,0x40,0x40,0x40,0x40,   //字符018:[L]
 188          0x40,0x40,0x40,0x40,0x42,0xfe,0x00,0x00,
 189          0x00,0x00,0x00,0xee,0x6c,0x6c,0x6c,0x6c,   //字符019:[M]
 190          0x6c,0x54,0x54,0x54,0x54,0xd6,0x00,0x00,
 191          0x00,0x00,0x00,0xc7,0x62,0x62,0x52,0x52,   //字符020:[N]
 192          0x4a,0x4a,0x4a,0x46,0x46,0xe2,0x00,0x00,
 193          0x00,0x00,0x00,0x38,0x44,0x82,0x82,0x82,   //字符021:[O]
 194          0x82,0x82,0x82,0x82,0x44,0x38,0x00,0x00,
 195          0x00,0x00,0x00,0xfc,0x42,0x42,0x42,0x7c,   //字符022:[R]
 196          0x48,0x48,0x44,0x44,0x42,0xe3,0x00,0x00,
 197          0x00,0x00,0x00,0x3e,0x42,0x42,0x40,0x20,   //字符023:[S]
 198          0x18,0x04,0x02,0x42,0x42,0x7c,0x00,0x00,
 199          0x00,0x00,0x00,0xfe,0x92,0x10,0x10,0x10,   //字符024:[T]
 200          0x10,0x10,0x10,0x10,0x10,0x38,0x00,0x00,
 201          0x00,0x00,0x00,0xd6,0x54,0x54,0x54,0x54,   //字符025:[W]
 202          0x54,0x6c,0x28,0x28,0x28,0x28,0x00,0x00,
 203          0x00,0x00,0x00,0x7e,0x84,0x04,0x08,0x08,   //字符026:[Z]
 204          0x10,0x20,0x20,0x42,0x42,0xfc,0x00,0x00,
 205          0x00,0x00,0x00,0x00,0x00,0x00,0x00,0x38,   //字符027:[a]
 206          0x44,0x0c,0x34,0x44,0x4c,0x36,0x00,0x00,
 207          0x00,0x00,0x00,0x00,0x00,0x00,0x00,0x1c,   //字符028:[c]
 208          0x22,0x40,0x40,0x40,0x22,0x1c,0x00,0x00,
 209          0x00,0x00,0x00,0x00,0x00,0x00,0x00,0x3c,   //字符029:[e]
 210          0x42,0x42,0x7e,0x40,0x42,0x3c,0x00,0x00,
 211          0x00,0x00,0x00,0x00,0x00,0x00,0x00,0x3e,   //字符030:[g]
 212          0x44,0x44,0x38,0x40,0x3c,0x42,0x42,0x3c,
 213          0x00,0x00,0x00,0x00,0xc0,0x40,0x40,0x5c,   //字符031:[h]
 214          0x62,0x42,0x42,0x42,0x42,0xe7,0x00,0x00,
 215          0x00,0x00,0x00,0x30,0x30,0x00,0x00,0x70,   //字符032:[i]
 216          0x10,0x10,0x10,0x10,0x10,0x7c,0x00,0x00,
 217          0x00,0x00,0x00,0x10,0x70,0x10,0x10,0x10,   //字符033:[l]
 218          0x10,0x10,0x10,0x10,0x10,0x7c,0x00,0x00,
 219          0x00,0x00,0x00,0x00,0x00,0x00,0x00,0xdc,   //字符034:[n]
 220          0x62,0x42,0x42,0x42,0x42,0xe7,0x00,0x00,
 221          0x00,0x00,0x00,0x00,0x00,0x00,0x00,0x3c,   //字符035:[o]
 222          0x42,0x42,0x42,0x42,0x42,0x3c,0x00,0x00,
 223          0x00,0x00,0x00,0x00,0x00,0x00,0x00,0xd8,   //字符036:[p]
 224          0x64,0x42,0x42,0x42,0x64,0x58,0x40,0xe0,
 225          0x00,0x00,0x00,0x00,0x00,0x00,0x00,0xee,   //字符037:[r]
 226          0x32,0x20,0x20,0x20,0x20,0xf8,0x00,0x00,
 227          0x00,0x00,0x00,0x00,0x00,0x00,0x00,0x3e,   //字符038:[s]
 228          0x42,0x40,0x3c,0x02,0x42,0x7c,0x00,0x00,
 229          0x00,0x00,0x00,0x00,0x00,0x10,0x10,0x7c,   //字符039:[t]
 230          0x10,0x10,0x10,0x10,0x12,0x0c,0x00,0x00,
 231          0x00,0x00,0x00,0x00,0x00,0x00,0x00,0xe7,   //字符040:[y]
 232          0x42,0x24,0x24,0x18,0x18,0x10,0x10,0x60
 233          };
 234          
 235          unsigned char code ChineseCharDot[]={
 236          0x00,0x00,0x00,0x00,0x00,0x00,0x00,0x00,   //字符001:[　]
 237          0x00,0x00,0x00,0x00,0x00,0x00,0x00,0x00,
 238          0x00,0x00,0x00,0x00,0x00,0x00,0x00,0x00,
 239          0x00,0x00,0x00,0x00,0x00,0x00,0x00,0x00
 240          };
C51 COMPILER V9.60.7.0   MAIN                                                              08/10/2024 18:21:41 PAGE 5   

 241          //-------------------------------------------------------------------------------
 242          //以下为图片库点阵代码
 243          //实际使用时请包含由SUNMAN图形点阵代码生成器.EXE自动生成的imagelib.c文件来替换该
 244          //部分
 245          unsigned char code Img_sunman_32[]={32,32,
 246          0x00,0x0f,0xf0,0x00,
 247          0x00,0x7f,0xfe,0x00,
 248          0x01,0xf0,0x0f,0x80,
 249          0x03,0xc0,0x03,0xc0,
 250          0x07,0x0f,0xf0,0xe0,
 251          0x0e,0x3f,0xfc,0x70,
 252          0x1c,0xfe,0x7f,0x38,
 253          0x39,0xfc,0x3f,0x9c,
 254          0x33,0xfc,0x3f,0xcc,
 255          0x73,0xfe,0x7f,0xce,
 256          0x67,0xff,0xff,0xe6,
 257          0x67,0xe7,0xe7,0xe6,
 258          0xcf,0xe3,0xc7,0xf3,
 259          0xcf,0xe1,0x87,0xff,
 260          0xcf,0xe4,0x27,0xff,
 261          0xc0,0x06,0x60,0x03,
 262          0xc0,0x07,0xe0,0x03,
 263          0xff,0xe7,0xe7,0xf3,
 264          0xff,0xe7,0xe7,0xf3,
 265          0xcf,0xe7,0xe7,0xf3,
 266          0x67,0xe7,0xe7,0xe6,
 267          0x67,0xff,0xff,0xe6,
 268          0x73,0xff,0xff,0xce,
 269          0x33,0xff,0xff,0xcc,
 270          0x39,0xff,0xff,0x9c,
 271          0x1c,0xff,0xff,0x38,
 272          0x0e,0x3f,0xfc,0x70,
 273          0x07,0x0f,0xf0,0xe0,
 274          0x03,0xc0,0x03,0xc0,
 275          0x01,0xf0,0x0f,0x80,
 276          0x00,0x7f,0xfe,0x00,
 277          0x00,0x0f,0xf0,0x00
 278          };
 279          //-------------------------------------------------------------------------------
 280          
 281          void main(void)
 282          {   while(1)
 283   1          {   lcdreset();                     //初始化液晶显示控制器
 284   2              exsample();                     //演示程序
 285   2          }
 286   1      }
 287          void exsample(void)                     //演示程序
 288          {
 289   1      //0.演示前的准备,将LCD液晶显示全部清空
 290   1          CharImageReverse=0;                 //反显关闭
 291   1          lcdfill(0);                         //清屏
 292   1      
 293   1      //1.图片测试: 在(1,1)位置显示32点阵YEHUI图标
 294   1          XPOS=1;
 295   1          YPOS=1;
 296   1          putimage(Img_sunman_32);            //写数据到当前LCDRAM地址中
 297   1          exdelay();                          //延时约600mS
 298   1      
 299   1      //2.字符串测试: 在(40,10)位置显示"LCM160128B"字符串.
 300   1          XPOS=40;
 301   1          YPOS=10;
 302   1          putstr("LCM160128B");
C51 COMPILER V9.60.7.0   MAIN                                                              08/10/2024 18:21:41 PAGE 6   

 303   1          exdelay();                          //延时约600mS
 304   1      
 305   1      //3.字符串测试: 在(6,35)位置显示"Oriental Technology"字符串.
 306   1          XPOS=6;
 307   1          YPOS=35;
 308   1          putstr("Oriental Technology");
 309   1          exdelay();                          //延时约600mS
 310   1      
 311   1      //4.字符串测试: 在(1,52)位置显示"WWW.ORIENTAL-LCD.COM"字符串.
 312   1          XPOS=1;
 313   1          YPOS=52;
 314   1          putstr("WWW.ORIENTAL-LCD.COM");
 315   1          exdelay();                          //延时约600mS
 316   1      
 317   1      //5.反显测试: 在(1,52)位置反显"WWW.ORIENTAL-LCD.COM"字符串.
 318   1          XPOS=1;
 319   1          YPOS=52;
 320   1          CharImageReverse=1;
 321   1          putstr("WWW.ORIENTAL-LCD.COM");
 322   1          CharImageReverse=0;
 323   1          exdelay();                          //延时约600mS
 324   1      
 325   1      //6.字符串测试: 在(10,72)位置显示"DFSTN:160*128 DOTS"字符串.
 326   1          XPOS=10;
 327   1          YPOS=72;
 328   1          putstr("DFSTN:160*128 DOTS");
 329   1          exdelay();                          //延时约600mS
 330   1      
 331   1      //7.反显测试: 在(10,72)位置反显"DFSTN:160*128 DOTS"字符串.
 332   1          XPOS=10;
 333   1          YPOS=72;
 334   1          CharImageReverse=1;
 335   1          putstr("DFSTN:160*128 DOTS");
 336   1          CharImageReverse=0;
 337   1          exdelay();                          //延时约600mS
 338   1      
 339   1      //8.绘图测试: RECT(0,0)-(159,127),画矩形.
 340   1          rect(0,0,159,127,1);
 341   1          exdelay();                          //延时约600mS
 342   1      
 343   1      //9.绘图测试: point(5,92),画点.
 344   1          XPOS=5;
 345   1          YPOS=92;
 346   1          point(1);
 347   1          exdelay();                          //延时约600mS
 348   1      
 349   1      //10.绘图测试: line(5,92)-(79,125),画线.
 350   1          line(5,92,79,125,1);
 351   1          exdelay();                          //延时约600mS
 352   1      
 353   1      //11.绘图测试: lineto(158,92),画线.
 354   1          lineto(158,92,1);
 355   1          exdelay();                          //延时约600mS
 356   1      
 357   1      //12.绘图测试: lineto(5,92),画线.
 358   1          lineto(5,92,1);
 359   1          exdelay();                          //延时约600mS
 360   1      
 361   1      //13.全屏测试: 所有坐标点全部显示.
 362   1          lcdfill(0);                        //全显
 363   1          exdelay();                          //延时约600mS
 364   1      
C51 COMPILER V9.60.7.0   MAIN                                                              08/10/2024 18:21:41 PAGE 7   

 365   1      }
 366          void exdelay(void)                      //演示延时子程序
 367          { unsigned char i,j,k;                  //延时约600mS
 368   1        for(i=0;i<60;i++)
 369   1          for(j=0;j<64;j++)
 370   1            for(k=0;k<51;k++);
 371   1      }
 372          //-------------------------------------------------------------------------------
 373          //以下putchar为字符对象的基本子程序,putstr为字符对象的扩充子程序,getchinesecodepos,
 374          //getenglishcodepos为字符对象的辅助子程序.
 375          //-------------------------------------------------------------------------------
 376          //子程序名称:void putchar(unsigned int c).
 377          //功能:在(XPOS,YPOS)位置写单个字符点阵,若c>128 表示为中文字符,否则为西文字符
 378          //修改日期:2009.8.18
 379          //修改人:chujianjun@sunman.cn,tanchao@sunman.cn
 380          //-------------------------------------------------------------------------------
 381          void putchar(unsigned int c)            //定位写字符子程序
 382          {   if(c>128)
 383   1              putsizeimage(CHINESECHARSIZE,CHINESECHARSIZE,getchinesecodepos(c));
 384   1          else
 385   1              putsizeimage(ENGLISHCHARSIZE,CHINESECHARSIZE,getenglishcodepos(c));
 386   1      }
 387          //-------------------------------------------------------------------------------
 388          //子程序名称:void putstr(unsigned char code *s).
 389          //功能:写字符串点阵,若*s=0 表示字符串结束.
 390          //修改日期:2009.8.18
 391          //修改人:chujianjun@sunman.cn,tanchao@sunman.cn
 392          //-------------------------------------------------------------------------------
 393          void putstr(unsigned char code *s)      //显示字符串子程序,字符码为0时退出
 394          {   unsigned int c;
 395   1          while(1)
 396   1          {   c=*s;
 397   2              s++;
 398   2              if(c==0) break;
 399   2              if(c<128)
 400   2                  putchar(c);
 401   2              else
 402   2              {   putchar(c*256+*s);
 403   3                  s++;
 404   3              }
 405   2          }
 406   1      }
 407          //-------------------------------------------------------------------------------
 408          //子程序名称:unsigned char code *getchinesecodepos(unsigned char ac).
 409          //功能:根据当前中文字符码查表后计算得到当前中文字符码的字库点阵位置.
 410          //修改日期:2009.8.18
 411          //修改人:chujianjun@sunman.cn,tanchao@sunman.cn
 412          //-------------------------------------------------------------------------------
 413          unsigned char code *getchinesecodepos(unsigned int ac)
 414          {   unsigned int min,max,mid,midc;
 415   1          min=0;
 416   1          max=CHINESECHARNUMBER-1;
 417   1          while(1)
 418   1          {   if(max-min<2)
 419   2              {   if(ChineseCode[min]==ac)
 420   3                      mid=min;
 421   3                  else if(ChineseCode[max]==ac)
 422   3                      mid=max;
 423   3                  else
 424   3                      mid=0;
 425   3                  break;
 426   3              }
C51 COMPILER V9.60.7.0   MAIN                                                              08/10/2024 18:21:41 PAGE 8   

 427   2              mid=(max+min)/2;
 428   2              midc=ChineseCode[mid];
 429   2              if(midc==ac)
 430   2                  break;
 431   2              else if(midc>ac)
 432   2                  max=mid-1;
 433   2              else
 434   2                  min=mid+1;
 435   2          }
 436   1          return ChineseCharDot+mid*CHINESECHARDOTSIZE;
 437   1      }
 438          //-------------------------------------------------------------------------------
 439          //子程序名称:unsigned char code *getenglishcodepos(unsigned char ac).
 440          //功能:根据当前ASCII字符码查表后计算得到当前ASCII字符码的字库点阵位置.
 441          //修改日期:2009.8.18
 442          //修改人:chujianjun@sunman.cn,tanchao@sunman.cn
 443          //-------------------------------------------------------------------------------
 444          unsigned char code *getenglishcodepos(unsigned char ac)
 445          {   unsigned char min,max,mid,midc;
 446   1          min=0;
 447   1          max=ENGLISHCHARNUMBER-1;
 448   1          while(1)
 449   1          {   if(max-min<2)
 450   2              {   if(EnglishCode[min]==ac)
 451   3                      mid=min;
 452   3                  else if(EnglishCode[max]==ac)
 453   3                      mid=max;
 454   3                  else
 455   3                      mid=0;
 456   3                  break;
 457   3              }
 458   2              mid=(max+min)/2;
 459   2              midc=EnglishCode[mid];
 460   2              if(midc==ac)
 461   2                  break;
 462   2              else if(midc>ac)
 463   2                  max=mid-1;
 464   2              else
 465   2                  min=mid+1;
 466   2          }
 467   1          return EnglishCharDot+mid*ENGLISHCHARDOTSIZE;
 468   1      }
 469          //-------------------------------------------------------------------------------
 470          //以下putsizeimage为图形对象的基本子程序,putimage为图形对象的扩充子程序
 471          //-------------------------------------------------------------------------------
 472          //子程序名称:void putsizeimage(unsigned char XSIZE,unsigned YSIZE,
 473          //                             unsigned char code *s)
 474          //功能:在(XPOS,YPOS)位置绘制XSIZE列及YISZE行点阵的图形*S.
 475          //修改日期:2009.8.17
 476          //修改人:chujianjun@sunman.cn,tanchao@sunman.cn
 477          //-------------------------------------------------------------------------------
 478          void putsizeimage(unsigned char XSIZE,unsigned char YSIZE,unsigned char code *s)
 479          {  unsigned char k,lx,ly,a1,a2,x,Lcd_Mask;
 480   1         k=XPOS&0x7;
 481   1         XSIZE+=k;
 482   1         x=XPOS;
 483   1         s--;
 484   1         for(ly=0;ly<YSIZE;ly++,YPOS++)
 485   1         {  for(XPOS=x,lx=k;lx<XSIZE;)
 486   2            {  unsigned char p;
 487   3               a1=*s;
 488   3               s++;
C51 COMPILER V9.60.7.0   MAIN                                                              08/10/2024 18:21:41 PAGE 9   

 489   3               a2=*s;
 490   3               if(CharImageReverse)
 491   3               {   a1=~a1;
 492   4                   a2=~a2;
 493   4               }
 494   3               for(p=0;p<k;p++)
 495   3               {  a2>>=1;
 496   4                  if((a1&0x1)==1)
 497   4                     a2+=0x80;
 498   4                  a1>>=1;
 499   4               }
 500   3               if((k==0) && (XSIZE<lx+8))
 501   3               {   lcdpos();
 502   4                   lx+=8;
 503   4                   XPOS+=8;
 504   4               }
 505   3               else
 506   3               {   lcdpos();
 507   4                   a1=lcdrd();
 508   4                   lcdpos();
 509   4                   lx+=8;
 510   4                   XPOS+=8;
 511   4                   Lcd_Mask=0xff;
 512   4                   p=XSIZE&0x7;
 513   4                   while(p>0)
 514   4                   {   Lcd_Mask>>=1;
 515   5                       XPOS--;
 516   5                       p--;
 517   5                   }
 518   4                   p=0xff;
 519   4                   while(XSIZE<lx)
 520   4                   {   lx--;
 521   5                       XPOS--;
 522   5                       p<<=1;
 523   5                   }
 524   4                   Lcd_Mask&=p;
 525   4                   a2&=Lcd_Mask;
 526   4                   a2|=a1&(~Lcd_Mask);
 527   4               }
 528   3               lcdwd(a2);
 529   3            }
 530   2            if((k!=0) && (XSIZE&0x7 != 0) && (k >= XSIZE&0x7)) s--;
 531   2         }
 532   1         if(XDOTS-x < XSIZE-k)
 533   1             XPOS=0;
 534   1         else
 535   1             YPOS-=YSIZE;
 536   1      }
 537          //-------------------------------------------------------------------------------
 538          //子程序名称:void putimage(unsigned char code *s).
 539          //功能:在(XPOS,YPOS)位置绘制XSIZE[*s]列及YISZE[*(s+1)]行点阵的图形[*(s+2)].
 540          //修改日期:2009.8.18
 541          //修改人:chujianjun@sunman.cn,tanchao@sunman.cn
 542          //-------------------------------------------------------------------------------
 543          void putimage(unsigned char code *s)    //显示图形子程序
 544          {   unsigned char XSIZE,YSIZE;
 545   1          XSIZE=*s;
 546   1          s++;
 547   1          YSIZE=*s;
 548   1          s++;
 549   1          putsizeimage(XSIZE,YSIZE,s);
 550   1      }
C51 COMPILER V9.60.7.0   MAIN                                                              08/10/2024 18:21:41 PAGE 10  

 551          //-------------------------------------------------------------------------------
 552          //以下point为绘图操作的基本子程序,line,lineto,rect为绘图操作的扩充子程序.
 553          //-------------------------------------------------------------------------------
 554          //子程序名称:void point(bit b).
 555          //功能:按b的数据在(XPOS,YPOS)位置绘制点.
 556          //修改日期:2009.8.18
 557          //修改人:chujianjun@sunman.cn,tanchao@sunman.cn
 558          //-------------------------------------------------------------------------------
 559          void point(bit b)
 560          {   unsigned char i,Lcd_Mask,j;
 561   1          Lcd_Mask=0x80;
 562   1          i=XPOS&0x7;
 563   1          while(i>0)
 564   1          {   Lcd_Mask>>=1;
 565   2              i--;
 566   2          }
 567   1          lcdpos();
 568   1          j=lcdrd();
 569   1          lcdpos();
 570   1          if(b)
 571   1              lcdwd(j|Lcd_Mask);
 572   1          else
 573   1              lcdwd(j&(~Lcd_Mask));
 574   1      }
 575          //-------------------------------------------------------------------------------
 576          //子程序名称:void line(unsigned char x0,unsigned char y0,unsigned char x1,unsigned char y1,bit b)
 577          //功能:按b的数据绘制(x0,y0)-(x1,y1)的直线
 578          //修改日期:2009.8.18
 579          //修改人:chujianjun@sunman.cn,tanchao@sunman.cn
 580          //-------------------------------------------------------------------------------
 581          void line(unsigned char x0,unsigned char y0,unsigned char x1,unsigned char y1,bit b)
 582          {   unsigned char dx,dy;
 583   1          unsigned int dk;
 584   1          XPOS=x0;
 585   1          YPOS=y0;
 586   1          point(b);
 587   1          dx=(x1>=x0)?x1-x0:x0-x1;
 588   1          dy=(y1>=y0)?y1-y0:y0-y1;
 589   1          if(dx==dy)
 590   1          {   while(XPOS!=x1)
 591   2              {   if(x1>x0) XPOS++;else XPOS--;
 592   3                  if(y1>y0) YPOS++;else YPOS--;
 593   3                  point(b);
 594   3              }
 595   2          }
 596   1          else if (dx>dy)
 597   1          {   dk=dy;
 598   2              dy=0;
 599   2              while(XPOS!=x1)
 600   2              {   if(x1>x0) XPOS++;else XPOS--;
 601   3                  dy++;
 602   3                  if(y1>y0) YPOS=y0+(dk*dy+dx/2)/dx;else YPOS=y0-(dk*dy+dx/2)/dx;
 603   3                  point(b);
 604   3              }
 605   2          }
 606   1          else
 607   1          {   dk=dx;
 608   2              dx=0;
 609   2              while(YPOS!=y1)
 610   2              {   if(y1>y0) YPOS++;else YPOS--;
 611   3                  dx++;
 612   3                  if(x1>x0) XPOS=x0+(dk*dx+dy/2)/dy;else XPOS=x0-(dk*dx+dy/2)/dy;
C51 COMPILER V9.60.7.0   MAIN                                                              08/10/2024 18:21:41 PAGE 11  

 613   3                  point(b);
 614   3              }
 615   2          }
 616   1      }
 617          //-------------------------------------------------------------------------------
 618          //子程序名称:void lineto(unsigned char x1,unsigned char y1,bit b)
 619          //功能:按b的数据绘制(XPOS,YPOS)-(x1,y1)的直线
 620          //修改日期:2009.8.18
 621          //修改人:chujianjun@sunman.cn,tanchao@sunman.cn
 622          //-------------------------------------------------------------------------------
 623          void lineto(unsigned char x1,unsigned char y1,bit b)//绘制(XPOS,YPOS)-(X1,Y1)的直线
 624          {   line(XPOS,YPOS,x1,y1,b);
 625   1      }
 626          //-------------------------------------------------------------------------------
 627          //子程序名称:void rect(unsigned char x0,unsigned char y0,unsigned char x1,unsigned char y1,bit b)
 628          //功能:按b的数据绘制(x0,y0)-(x1,y1)的矩形
 629          //修改日期:2009.8.18
 630          //修改人:chujianjun@sunman.cn,tanchao@sunman.cn
 631          //-------------------------------------------------------------------------------
 632          void rect(unsigned char x0,unsigned char y0,unsigned char x1,unsigned char y1,bit b)
 633          {   line(x0,y0,x1,y0,b);
 634   1          line(x1,y0,x1,y1,b);
 635   1          line(x1,y1,x0,y1,b);
 636   1          line(x0,y1,x0,y0,b);
 637   1      }
 638          //-------------------------------------------------------------------------------
 639          //以下lcdfill,lcdpos,lcdreset为T6963型硬件接口的240128液晶显示模块的基本子程序
 640          //-------------------------------------------------------------------------------
 641          //子程序名称:void lcdfill(unsigned char d).
 642          //功能:整屏显示d表示的字节数据.
 643          //修改日期:2009.08.07
 644          //修改人:chujianjun@sunman.cn,tanchao@sunman.cn
 645          //-------------------------------------------------------------------------------
 646          void lcdfill(unsigned char d)           //整屏显示d代表的字节数据子程序
 647          {   unsigned char i,j;
 648   1          lcdwc3(0x24,0,0);                   //设置内部RAM地址为0
 649   1          for(i=0;i<128;i++)    //128行
 650   1              for(j=0;j<30;j++)               //30个字节数据共240列
 651   1                  lcdwd(d);                   //送图形数据
 652   1      }
 653          //-------------------------------------------------------------------------------
 654          //子程序名称:void lcdpos(void).
 655          //功能:设置坐标点(XPOS,YPOS)位置对应的内部RAM地址.
 656          //修改日期:2009.08.07
 657          //修改人:chujianjun@sunman.cn,tanchao@sunman.cn
 658          //-------------------------------------------------------------------------------
 659          void lcdpos(void)                       //设置坐标点(XPOS,YPOS)内部RAM地址的子程序
 660          {  unsigned int CurrentAddress;
 661   1         CurrentAddress=YPOS*30;              //LCDRAM地址=30*YPOS+(XPOS/8)
 662   1         CurrentAddress+=XPOS/8;
 663   1         lcdwc3(0x24,CurrentAddress&0xff,CurrentAddress/256);
 664   1      }
 665          //-------------------------------------------------------------------------------
 666          //子程序名称:void lcdreset(void)
 667          //功能:液晶显示控制器初始化
 668          //修改日期:2009.08.07
 669          //修改人:chujianjun@sunman.cn,tanchao@sunman.cn
 670          //-------------------------------------------------------------------------------
 671          void lcdreset(void)                     //液晶显示控制器初始化子程序
 672          {   lcdwc(0x80);                        //OR MODE
 673   1          lcdwc(0x98);                        //图形模式开
 674   1          lcdwc3(0x42,0,0);                   //设置图形显示区首地址为0
C51 COMPILER V9.60.7.0   MAIN                                                              08/10/2024 18:21:41 PAGE 12  

 675   1          lcdwc3(0x43,30,0);                  //设置图形显示区宽度为30字节共240点
 676   1      }
 677          //-------------------------------------------------------------------------------
 678          //以下lcdwd,lcdrd,lcdwc,lcdwc2,lcdwc3为T6963C型硬件接口[MCS51模拟口线接口方式]的
 679          //    基本子程序;lcdwdata,lcdrdata,lcdwaitidle为内部子程序.
 680          //-------------------------------------------------------------------------------
 681          //子程序名称:void lcdwd(unsigned char d).
 682          //功能:向液晶显示控制器写图形数据.
 683          //修改日期:2009.08.07
 684          //修改人:chujianjun@sunman.cn,tanchao@sunman.cn
 685          //-------------------------------------------------------------------------------
 686          void lcdwd(unsigned char d)             //送图形数据子程序
 687          {   lcdwc2(0xc0,d);
 688   1      }
 689          //-------------------------------------------------------------------------------
 690          //子程序名称:unsigned char lcdrd(void).
 691          //功能:从液晶显示控制器中读图形数据.
 692          //修改日期:2009.08.07
 693          //修改人:chujianjun@sunman.cn,tanchao@sunman.cn
 694          //-------------------------------------------------------------------------------
 695          unsigned char lcdrd(void)               //读图形数据子程序
 696          {   lcdwc(0xc1);                        //送读图形数据指令
 697   1          return lcdrdata();                  //读数据
 698   1      }
 699          //-------------------------------------------------------------------------------
 700          //子程序名称:lcdwc(unsigned char c).
 701          //功能:向液晶显示控制器送指令.
 702          //修改日期:2009.08.07
 703          //修改人:chujianjun@sunman.cn,tanchao@sunman.cn
 704          //-------------------------------------------------------------------------------
 705          void lcdwc(unsigned char c)             //送指令子程序
 706          {   lcdwaitidle();                      //检测液晶显示控制器是否空闲
 707   1          P1=c;
 708   1          CDPIN=1;                            //CD=1 CE=0 WR=0
 709   1          CEPIN=0;
 710   1          WRPIN=0;
 711   1          _nop_();
 712   1          WRPIN=1;
 713   1          CEPIN=1;
 714   1      }
 715          //-------------------------------------------------------------------------------
 716          //子程序名称:lcdwc2(unsigned char c,unsigned char d).
 717          //功能:向液晶显示控制器送2字节指令.
 718          //修改日期:2009.08.07
 719          //修改人:chujianjun@sunman.cn,tanchao@sunman.cn
 720          //-------------------------------------------------------------------------------
 721          void lcdwc2(unsigned char c,unsigned char d) //送2字节指令子程序
 722          {   lcdwdata(d);                        //送指令参数
 723   1          lcdwc(c);                           //送指令码
 724   1      }
 725          //-------------------------------------------------------------------------------
 726          //子程序名称:lcdwc3(unsigned char c,unsigned char d1,unsigned char d2).
 727          //功能:向液晶显示控制器送3字节指令.
 728          //修改日期:2009.08.07
 729          //修改人:chujianjun@sunman.cn,tanchao@sunman.cn
 730          //-------------------------------------------------------------------------------
 731          void lcdwc3(unsigned char c,unsigned char d1,unsigned char d2) //送3字节指令子程序
 732          {   lcdwdata(d1);                        //送指令参数1
 733   1          lcdwdata(d2);                        //送指令参数2
 734   1          lcdwc(c);                            //送指令码
 735   1      }
 736          //-------------------------------------------------------------------------------
C51 COMPILER V9.60.7.0   MAIN                                                              08/10/2024 18:21:41 PAGE 13  

 737          //子程序名称:unsigned char lcdrdata(void).
 738          //功能:从液晶显示控制器中读数据.
 739          //修改日期:2009.08.07
 740          //修改人:chujianjun@sunman.cn,tanchao@sunman.cn
 741          //-------------------------------------------------------------------------------
 742          unsigned char lcdrdata(void)            //读数据子程序
 743          {   unsigned char d;
 744   1          lcdwaitidle();                      //检测液晶显示控制器是否空闲
 745   1          P1=0xff;
 746   1          CDPIN=0;                            //CD=0 CE=0 RD=0
 747   1          CEPIN=0;
 748   1          RDPIN=0;
 749   1          _nop_();
 750   1          d=P1;
 751   1          RDPIN=1;
 752   1          CEPIN=1;
 753   1          return d;
 754   1      }
 755          //-------------------------------------------------------------------------------
 756          //子程序名称:void lcdwdata(unsigned char d).
 757          //功能:向液晶显示控制器送数据.
 758          //修改日期:2009.08.07
 759          //修改人:chujianjun@sunman.cn,tanchao@sunman.cn
 760          //-------------------------------------------------------------------------------
 761          void lcdwdata(unsigned char d)          //送数据子程序
 762          {   lcdwaitidle();                      //检测液晶显示控制器是否空闲
 763   1          P1=d;
 764   1          CDPIN=0;                            //CD=0 CE=0 WR=0
 765   1          CEPIN=0;
 766   1          WRPIN=0;
 767   1          _nop_();
 768   1          WRPIN=1;
 769   1          CEPIN=1;
 770   1      }
 771          //-------------------------------------------------------------------------------
 772          //子程序名称:voidlcdwaitidle(void).
 773          //功能:忙检测,在对液晶显示控制器操作的每一条指令之前,需检测液晶显示器是否空闲.
 774          //修改日期:2009.08.07
 775          //修改人:chujianjun@sunman.cn,tanchao@sunman.cn
 776          //-------------------------------------------------------------------------------
 777          void lcdwaitidle(void)                  //忙检测子程序
 778          {   unsigned char i,d;
 779   1          P1=0xff;
 780   1          CDPIN=1;                            //CD=1 CE=0 RD=0
 781   1          CEPIN=0;
 782   1          for(i=0;i<20;i++)                   //
 783   1          {   RDPIN=0;
 784   2              _nop_();
 785   2              d=P1;
 786   2              RDPIN=1;
 787   2              if( (d&0x3) == 0x3 ) break;     //D0D1=11 空闲退出
 788   2          }
 789   1          CEPIN=1;
 790   1      }


MODULE INFORMATION:   STATIC OVERLAYABLE
   CODE SIZE        =   1746    ----
   CONSTANT SIZE    =    955    ----
   XDATA SIZE       =   ----    ----
   PDATA SIZE       =   ----    ----
   DATA SIZE        =      2      44
C51 COMPILER V9.60.7.0   MAIN                                                              08/10/2024 18:21:41 PAGE 14  

   IDATA SIZE       =   ----    ----
   BIT SIZE         =      1       4
END OF MODULE INFORMATION.


C51 COMPILATION COMPLETE.  0 WARNING(S),  0 ERROR(S)
