C51 COMPILER V9.60.7.0   MIAN                                                              06/21/2025 10:29:16 PAGE 1   


C51 COMPILER V9.60.7.0, COMPILATION OF MODULE MIAN
OBJECT MODULE PLACED IN mian.OBJ
COMPILER INVOKED BY: D:\KEIL_STM32\C51\BIN\C51.EXE mian.c LARGE OPTIMIZE(8,SPEED) BROWSE DEBUG OBJECTEXTEND

line level    source

   1          #include "LCM13264(cog).h"
   2          #include "pic.h"
   3          
   4          void main(void)
   5          {
   6   1              unsigned char mode;
   7   1              init_cpu();
   8   1              Delay_Xms(50);
   9   1              InitST7567();   //一开始初始化控制器
  10   1              DispFram(0x00,0x00);
  11   1              
  12   1              yehui_UI();
  13   1              Delay_Xms(3000);
  14   1              
  15   1      //      WhatsApp();
  16   1      //      Delay_Xms(3000);
  17   1              
  18   1      //      YHLTD();
  19   1      //      Delay_Xms(3000);
  20   1              
  21   1      //      DispPic( PIC_5 );
  22   1      //      Delay_Xms(3000);
  23   1              
  24   1              yehui_UI();         
  25   1              Delay_Xms(3000);
  26   1              
  27   1              DispDot(0xf0,0x0f);
  28   1              Delay_Xms(3000);        
  29   1              
  30   1              DispDots( 0x33,0xcc);
  31   1              Delay_Xms(3000);        
  32   1              
  33   1              DispFram(0x55,0xaa);
  34   1              Delay_Xms(3000);        
  35   1                      
  36   1              DispFram(0xaa,0x55);    
  37   1              Delay_Xms(3000);
  38   1              
  39   1              DispFram(0xff,0x00);     
  40   1              Delay_Xms(3000);        
  41   1              
  42   1              DispFram(0x00,0xff);    
  43   1              Delay_Xms(3000);
  44   1      
  45   1              DispFram(0xaa,0xaa);     
  46   1              Delay_Xms(3000);        
  47   1              
  48   1              DispFram(0x55,0x55);    
  49   1              Delay_Xms(3000);
  50   1      
  51   1      //      while(1)  
  52   1      //      {
  53   1      //     Start:   //跳转标号      
  54   1      //if (HOLD()) {  
  55   1      //    mode++;           // 先增加 mode
C51 COMPILER V9.60.7.0   MIAN                                                              06/21/2025 10:29:16 PAGE 2   

  56   1      //    mode %= 8;        // 让 mode 保持在 0~7 之间
  57   1      
  58   1      //    switch (mode) {
  59   1      //        case 0:  
  60   1      //            DispPic( PIC_5 );
  61   1      //            break;
  62   1      //        case 1:            
  63   1      //            yehui_UI();               
  64   1      //            break;
  65   1      //        case 2:
  66   1      //            DispDots(0x33, 0xcc);  // 小棋盘  
  67   1      //            break;
  68   1      //        case 3:
  69   1      //            DispFram(0x55, 0xaa);     
  70   1      //            break;
  71   1      //        case 4:
  72   1      //            DispDot(0xf0, 0x0f);  // 大棋盘
  73   1      //            break;
  74   1      //        case 5:
  75   1      //            DispFram(0x55, 0x55);             
  76   1      //            break;
  77   1      //        case 6:
  78   1      //            DispFram(0xff, 0x00);      
  79   1      //            break;
  80   1      //        case 7:
  81   1      //            DispFram(0xff, 0xff);     
  82   1      //            break;
  83   1      //        default:
  84   1      //            mode = 0;  // 防止异常情况
  85   1      //            break;
  86   1      //    }
  87   1      //}
  88   1      
  89   1        
  90   1      //       if (UP()) 
  91   1      //        {  
  92   1      //                while(1)
  93   1      //               {
  94   1      //                      DispDot(0xf0,0x0f);
  95   1      //                      Delay_Xms(2000);                         
  96   1      //            DispDots( 0x33,0xcc);
  97   1      //                      Delay_Xms(2000);                                 
  98   1      //            DispFram(0x55,0xaa);
  99   1      //                      Delay_Xms(2000);                                 
 100   1      //            yehui_UI();
 101   1      //                      Delay_Xms(2000);                                 
 102   1      //            DispFram(0x55,0x55);      
 103   1      //                      Delay_Xms(2000);                                 
 104   1      //            DispFram(0xff,0x00);       
 105   1      //                      Delay_Xms(2000);                                 
 106   1      //                      DispFram(0x00,0xff);    
 107   1      //                      Delay_Xms(2000);
 108   1      //                      WhatsApp();
 109   1      //                      Delay_Xms(2000);        
 110   1      //                }     
 111   1      //      }
 112   1                              
 113   1      
 114   1      //       if (DN()) 
 115   1      //        {  
 116   1      //              RST = 0;    // 先拉低复位引脚
 117   1      //              Delay_Xms(10);  // 等待 10ms，确保复位信号有效
C51 COMPILER V9.60.7.0   MIAN                                                              06/21/2025 10:29:16 PAGE 3   

 118   1      //              RST = 1;    // 再拉高，完成复位 
 119   1      //        }
 120   1      //            DispPic( PIC_5 );
 121   1      //                      Delay_Xms(5000);
 122   1      //            yehui_UI();       //     
 123   1      //                      Delay_Xms(5000);
 124   1      //                      DispDot(0xf0,0x0f);
 125   1      //                      Delay_Xms(5000);                         
 126   1      //            DispDots( 0x33,0xcc);
 127   1      //                      Delay_Xms(5000);                                 
 128   1      //            DispFram(0x55,0xaa);
 129   1      //                      Delay_Xms(5000);                                 
 130   1      //            yehui_UI();
 131   1      //                      Delay_Xms(5000);                                 
 132   1      //            DispFram(0x55,0x55);      
 133   1      //                      Delay_Xms(5000);                                 
 134   1      //            DispFram(0xff,0x00);       
 135   1      //                      Delay_Xms(5000);                                 
 136   1      //                      DispFram(0x00,0xff);    
 137   1      //                      Delay_Xms(5000);
 138   1              
 139   1      //              -------------------------------------------------------------------------               
 140   1      //              hz_display16(0,0,0,jin); 
 141   1      //              Delay_Xms(1000);
 142   1      
 143   1      //              hz_display16(0,0,18,se); 
 144   1      //              Delay_Xms(1000);
 145   1      
 146   1      //              DispFram( 0xff,0xff );                           //全显
 147   1      //              Delay_Xms(2800);
 148   1      //              if( Change(70)==1 ) goto Start; //暂停键有动作跳转到程序的最头上
 149   1      //              push();
 150   1      //              Pause();
 151   1      
 152   1      //              DispFram( 0x00,0x00 );                     //无显
 153   1      //              Delay_Xms(2800);
 154   1      //              if( Change(70)==1 ) goto Start; //暂停键有动作跳转到程序的最头上
 155   1      //              Pause();
 156   1      
 157   1      //              ------------------------------------------------------------------      
 158   1      //              DispDot( 0xf0,0x0f );                    //大棋盘
 159   1      //              Delay_Xms(2800);
 160   1      //              if( Change(70)==1 ) goto Start; //暂停键有动作跳转到程序的最头上
 161   1      //              push();
 162   1      //              Pause();
 163   1      //              ------------------------------------------------------------------
 164   1      
 165   1      //              DispDots( 0x33,0xcc );                    //小棋盘
 166   1      //              Delay_Xms(2800);
 167   1      //              if( Change(70)==1 ) goto Start; //暂停键有动作跳转到程序的最头上
 168   1      //              push();
 169   1      //              Pause();
 170   1      //              ------------------------------------------------------------------      
 171   1      //              DispFram( 0x55,0xaa );                            //花点                
 172   1      //              Delay_Xms(2800);
 173   1      //              if( Change(70)==1 ) goto Start; //暂停键有动作跳转到程序的最头上
 174   1      //              push();
 175   1      //              Pause();
 176   1      
 177   1      //              DispFram( 0x55,0x55 );                                   //      横线
 178   1      //              Delay_Xms(2800);
 179   1      //              if( Change(70)==1 ) goto Start; //暂停键有动作跳转到程序的最头上
C51 COMPILER V9.60.7.0   MIAN                                                              06/21/2025 10:29:16 PAGE 4   

 180   1      //              push();
 181   1      //              Pause();
 182   1      
 183   1      //              DispFram( 0xaa,0xaa );                               // 横线
 184   1      //              Delay_Xms(1000);
 185   1      //              if( Change(300)==1 ) goto Start;        //暂停键有动作跳转到程序的最头上
 186   1      //              //push();
 187   1      //              Pause();
 188   1      //              -------------------------------------------------------------------------               
 189   1      //              DispFram( 0xff,0x00 );                                   //竖线 
 190   1      //              Delay_Xms(500);
 191   1      //              if( Change(70)==1 ) goto Start; //暂停键有动作跳转到程序的最头上
 192   1      //              // push();
 193   1      //              Pause();
 194   1      
 195   1      //              DispFram( 0x00,0xff );
 196   1      //              Delay_Xms(1000);
 197   1      //              if( Change(300)==1 ) goto Start;        //暂停键有动作跳转到程序的最头上
 198   1      //              push();
 199   1      //              Pause();
 200   1      //              ----------------------------------------------------------------------------     
 201   1      
 202   1      //              DispPic( PIC_1 );
 203   1      //              Delay_Xms(1000);
 204   1      //              if( Change(300)==1 ) goto Start;        //暂停键有动作跳转到程序的最头上
 205   1      //              push();
 206   1      //              Pause();        
 207   1      
 208   1      //              ST7567_WriteComd(0xa7);
 209   1      //              Delay_Xms(1000);
 210   1      //              if( Change(300)==1 ) goto Start;        //暂停键有动作跳转到程序的最头上
 211   1      //              Pause();
 212   1      
 213   1      //              ST7567_WriteComd(0xa6);
 214   1      //              Delay_Xms(1000);
 215   1      //              if( Change(300)==1 ) goto Start;        //暂停键有动作跳转到程序的最头上
 216   1      //              Pause();
 217   1      
 218   1      //              DispPic( pic12864_KH8 );
 219   1      //              Delay_Xms(500);
 220   1      //              if( Change(300)==1 ) goto Start;        //暂停键有动作跳转到程序的最头上
 221   1      //              Pause();
 222   1      
 223   1      //              DispPic1( PIC_CS );
 224   1      //              Delay_Xms(500);
 225   1      //              if( Change(50)==1 ) goto Start; //暂停键有动作跳转到程序的最头上          
 226   1      //              Pause();
 227   1      
 228   1      
 229   1      //              DispPic( PIC_5 );
 230   1      //              Delay_Xms(2800);
 231   1      //              if( Change(70)==1 ) goto Start; //暂停键有动作跳转到程序的最头上
 232   1      //              Pause();
 233   1      
 234   1      //              DispPic1( PIC_4 );
 235   1      //              Delay_Xms(600);
 236   1      //              if( Change(50)==1 ) goto Start; //暂停键有动作跳转到程序的最头上          
 237   1      
 238   1      
 239   1      //              DispPic( PIC_5 );
 240   1      //              Delay_Xms(2800);
 241   1      //              if( Change(50)==1 ) goto Start; //暂停键有动作跳转到程序的最头上        
C51 COMPILER V9.60.7.0   MIAN                                                              06/21/2025 10:29:16 PAGE 5   

 242   1      
 243   1      //              DispPic( PIC_6 );
 244   1      //              Delay_Xms(2500);
 245   1      //              if( Change(50)==1 ) goto Start; //暂停键有动作跳转到程序的最头上        
 246   1      
 247   1      //              DispPic( PIC_7 );
 248   1      //              Delay_Xms(600);
 249   1      //              if( Change(50)==1 ) goto Start; //暂停键有动作跳转到程序的最头上        
 250   1      
 251   1      //              DispPic( PIC_8 );
 252   1      //              Delay_Xms(600);
 253   1      //              if( Change(50)==1 ) goto Start; //暂停键有动作跳转到程序的最头上        
 254   1      //              /*      
 255   1      
 256   1      //              ST7567_WriteComd(0x81); //The Electronic Volume (Double Byte Command)数字电位器调节VO输出电压(也就是对
             -比度)两字节                                 0x81原来的数值
 257   1      //              ST7567_WriteComd(55);    //vop 设置
 258   1      //              DispPic( PIC_9 );       //中值
 259   1      //              Delay_Xms(600);
 260   1      //              if( Change(50)==1 ) goto Start; //暂停键有动作跳转到程序的最头上        
 261   1      //              push();
 262   1      
 263   1      //              ST7567_WriteComd(0x81); //The Electronic Volume (Double Byte Command)数字电位器调节VO输出电压(也就是对
             -比度)两字节                                 0x81原来的数值
 264   1      //              ST7567_WriteComd(57);    //vop 设置     
 265   1      //              DispPic( PIC_10 );         //上限
 266   1      //              Delay_Xms(600);
 267   1      //              if( Change(50)==1 ) goto Start; //暂停键有动作跳转到程序的最头上        
 268   1      //              push();
 269   1      
 270   1      //              ST7567_WriteComd(0x81); //The Electronic Volume (Double Byte Command)数字电位器调节VO输出电压(也就是对
             -比度)两字节                                 0x81原来的数值
 271   1      //              ST7567_WriteComd(52);    //vop 设置
 272   1      //              DispPic( PIC_11 );                //下限
 273   1      //              Delay_Xms(600);
 274   1      //              if( Change(50)==1 ) goto Start; //暂停键有动作跳转到程序的最头上        
 275   1      //              push();
 276   1      //              */
 277   1      //              DispPic( PIC_12 );
 278   1      //              Delay_Xms(600);
 279   1      //              if( Change(50)==1 ) goto Start; //暂停键有动作跳转到程序的最头上        
 280   1      
 281   1      
 282   1      //      }
 283   1      
 284   1      }
*** WARNING C280 IN LINE 6 OF mian.c: 'mode': unreferenced local variable


MODULE INFORMATION:   STATIC OVERLAYABLE
   CODE SIZE        =    151    ----
   CONSTANT SIZE    =   ----    ----
   XDATA SIZE       =   ----       1
   PDATA SIZE       =   ----    ----
   DATA SIZE        =   ----    ----
   IDATA SIZE       =   ----    ----
   BIT SIZE         =   ----    ----
END OF MODULE INFORMATION.


C51 COMPILATION COMPLETE.  1 WARNING(S),  0 ERROR(S)
