<html>
<body>
<pre>
<h1>µVision Build Log</h1>
<h2>Tool Versions:</h2>
IDE-Version: ¦ÌVision V5.41.0.0
Copyright (C) 2024 ARM Ltd and ARM Germany GmbH. All rights reserved.
License Information: 168 168, 168, LIC=FYKYW-QIBM9-30RNC-756MX-WWZZZ-ES2WG
 
Tool Versions:
Toolchain:       MDK-ARM Plus  Version: 5.41.0.0
Toolchain Path:  D:\KEIL_STM32\ARM\ARMCC\Bin
C Compiler:      Armcc.exe V5.06 update 7 (build 960)
Assembler:       Armasm.exe V5.06 update 7 (build 960)
Linker/Locator:  ArmLink.exe V5.06 update 7 (build 960)
Library Manager: ArmAr.exe V5.06 update 7 (build 960)
Hex Converter:   FromElf.exe V5.06 update 7 (build 960)
CPU DLL:         SARMCM3.DLL V5.41.0.0
Dialog DLL:      DARMCM1.DLL V1.19.6.0
Target DLL:      NULink\Nu_Link.dll V3.15
Dialog DLL:      TARMCM1.DLL V1.14.6.0
 
<h2>Project:</h2>
D:\×ÀÃæ\YHKJ¹«Ë¾\VK2C22_TESTCODE\project\VK2C22_FUNC\Keil\project.uvprojx
Project File Date:  11/02/2024

<h2>Output:</h2>
*** Using Compiler 'V5.06 update 7 (build 960)', folder: 'D:\KEIL_STM32\ARM\ARMCC\Bin'
Build target 'project'
creating preprocessor file for main.c...
creating preprocessor file for system_M451Series.c...
creating preprocessor file for timer.c...
creating preprocessor file for i2c.c...
creating preprocessor file for VK2C22_IO_I2C_QUASI.c...
creating preprocessor file for pwm.c...
creating preprocessor file for board.c...
creating preprocessor file for sys.c...
creating preprocessor file for clk.c...
creating preprocessor file for retarget.c...
creating preprocessor file for gpio.c...
linking...
Program Size: Code=6742 RO-data=394 RW-data=108 ZI-data=2740  
FromELF: creating hex file...
After Build - User command #1: fromelf --bin ".\obj\test_lcdic_v10.axf" --output ".\obj\test_lcdic_v10.bin"
After Build - User command #2: fromelf --text -c ".\obj\test_lcdic_v10.axf" --output ".\obj\test_lcdic_v10.txt"
".\obj\test_lcdic_v10.axf" - 0 Error(s), 0 Warning(s).

<h2>Software Packages used:</h2>

Package Vendor: ARM
                https://www.keil.com/pack/ARM.CMSIS.6.1.0.pack
                ARM::CMSIS@6.1.0
                CMSIS (Common Microcontroller Software Interface Standard)
   * Component: CORE Version: 6.1.0

<h2>Collection of Component include folders:</h2>
  ./RTE/_project
  D:/KEIL_STM32/Packs/ARM/CMSIS/6.1.0/CMSIS/Core/Include

<h2>Collection of Component Files used:</h2>

   * Component: ARM::CMSIS:CORE@6.1.0
Build Time Elapsed:  00:00:03
</pre>
</body>
</html>
