C51 COMPILER V9.60.7.0   MAIN                                                              04/09/2025 09:49:53 PAGE 1   


C51 COMPILER V9.60.7.0, COMPILATION OF MODULE MAIN
OBJECT MODULE PLACED IN .\Objects\main.obj
COMPILER INVOKED BY: D:\KEIL_STM32\C51\BIN\C51.EXE main.c OPTIMIZE(8,SPEED) BROWSE DEBUG OBJECTEXTEND PRINT(.\Listings\m
                    -ain.lst) OBJECT(.\Objects\main.obj)

line level    source

   1          #include "lcd24388.h"
   2          unsigned char seg,com,i,j;
   3          unsigned char mode=0;
   4          unsigned char vk2c22_segi,vk2c22_comi;
   5          unsigned char vk2c22_maxcom;
   6          
   7          void main(void)
   8          {       
   9   1      //      Vk2c22_Init();
  10   1      //      
  11   1      //      Vk2c22_DisAll(0x00);
  12   1      
  13   1      
  14   1      //      for ( i = 0; i <= 15; i++) 
  15   1      //      {
  16   1      //              for ( j = 0; j <= 6; j++) 
  17   1      //              {  
  18   1      //                      
  19   1              
  20   1      //                      DisplayDigitOrChar(j, i);
  21   1      //              }
  22   1      //                      for ( j = 7; j <= 20; j++) 
  23   1      //              {   while (DN());
  24   1      //                      DisplayDigitOrChar2(j, i);
  25   1      //              }
  26   1      //      }
  27   1      
  28   1              while(1)
  29   1              {
  30   2                      
  31   2                      
  32   2                      
  33   2              Vk2c22_Init();
  34   2              
  35   2              Vk2c22_DisAll(0x00);
  36   2      
  37   2      
  38   2              for ( i = 0; i <= 15; i++) 
  39   2              {
  40   3                      for ( j = 0; j <= 6; j++) 
  41   3                      {  
  42   4                              while (DN());
  43   4                              DisplayDigitOrChar(j, i);
  44   4                              
  45   4                      }
  46   3                              for ( j = 7; j <= 20; j++) 
  47   3                      {   while (DN());
  48   4                              DisplayDigitOrChar2(j, i);
  49   4                      }
  50   3              }
  51   2              delay_nms(30);
  52   2                      
  53   2                      
  54   2      //              if (HOLD()) 
C51 COMPILER V9.60.7.0   MAIN                                                              04/09/2025 09:49:53 PAGE 2   

  55   2      //              {
  56   2      //               mode++;
  57   2      //               mode%=2;       
  58   2      //                      switch (mode) 
  59   2      //               {                       
  60   2      //                      case 0:
  61   2      //                      for ( seg = 0; seg < 42; seg++)
  62   2      //                      {
  63   2      //                      
  64   2      //                              Vk2c22_DisSegComOn(seg, 0); 
  65   2      //                              Vk2c22_DisSegComOn(seg, 2);
  66   2      //                      }
  67   2      //                      for ( seg = 0; seg < 42; seg++)
  68   2      //                      {
  69   2      //                      
  70   2      //                              Vk2c22_DisSegComOff(seg,1);
  71   2      //                              Vk2c22_DisSegComOff(seg,3);     
  72   2      //                      }
  73   2      //                      
  74   2      //                      break;
  75   2      //                      case 1: 
  76   2      //                      for ( seg = 0; seg < 42; seg++)
  77   2      //                      {   
  78   2      //                              Vk2c22_DisSegComOn(seg, 1);
  79   2      //                              Vk2c22_DisSegComOn(seg, 3); 
  80   2      //                      }               
  81   2      //                      for ( seg = 0; seg < 42; seg++)
  82   2      //                      {   
  83   2      //                              Vk2c22_DisSegComOff(seg,0);
  84   2      //                              Vk2c22_DisSegComOff(seg,2);
  85   2      //                      }
  86   2      
  87   2      
  88   2      /*
  89   2                              break;
  90   2                              case 2:
  91   2                              Vk2c22_Init();
  92   2                              Vk2c22_DisAll(0x00);    
  93   2                              for ( seg = 0; seg < 42; seg++)
  94   2                              {
  95   2                                      Vk2c22_DisSegComOn(seg, 0); 
  96   2      
  97   2                              }
  98   2                              break;
  99   2                              case 3:
 100   2                              Vk2c22_Init();
 101   2                              Vk2c22_DisAll(0x00);    
 102   2                              for ( seg = 0; seg < 42; seg++)
 103   2                              {
 104   2                                      Vk2c22_DisSegComOn(seg, 1); 
 105   2      
 106   2                              }
 107   2      
 108   2                              break;
 109   2                              case 4:
 110   2                              Vk2c22_Init();
 111   2                              Vk2c22_DisAll(0x00);    
 112   2                              for ( seg = 0; seg < 42; seg++)
 113   2                              {
 114   2                                      Vk2c22_DisSegComOn(seg, 2); 
 115   2      
 116   2                              }
C51 COMPILER V9.60.7.0   MAIN                                                              04/09/2025 09:49:53 PAGE 3   

 117   2      
 118   2                              break;
 119   2                              case 5:
 120   2                              Vk2c22_Init();
 121   2                              Vk2c22_DisAll(0x00);    
 122   2                              for ( seg = 0; seg < 42; seg++)
 123   2                              {
 124   2                                      Vk2c22_DisSegComOn(seg, 3); 
 125   2      
 126   2                              }
 127   2      
 128   2                              break;
 129   2      */
 130   2                       }
 131   1                      }               
 132                          
 133          //      }
 134          //}
 135          
 136          
 137          


MODULE INFORMATION:   STATIC OVERLAYABLE
   CODE SIZE        =     85    ----
   CONSTANT SIZE    =   ----    ----
   XDATA SIZE       =   ----    ----
   PDATA SIZE       =   ----    ----
   DATA SIZE        =      8    ----
   IDATA SIZE       =   ----    ----
   BIT SIZE         =   ----    ----
END OF MODULE INFORMATION.


C51 COMPILATION COMPLETE.  0 WARNING(S),  0 ERROR(S)
