BL51 BANKED LINKER/LOCATER V6.22.4.0                                                    06/24/2025  13:36:28  PAGE 1


BL51 BANKED LINKER/LOCATER V6.22.4.0, INVOKED BY:
D:\KEIL_STM32\C51\BIN\BL51.EXE .\Objects\main.obj, .\Objects\320240.obj, .\Objects\pic.obj TO .\Objects\320240 PRINT (.\
>> Listings\320240.m51) RAMSIZE (256) DISABLEWARNING (16)


MEMORY MODEL: LARGE WITH FLOATING POINT ARITHMETIC


INPUT MODULES INCLUDED:
  .\Objects\main.obj (MAIN)
  .\Objects\320240.obj (320240)
  .\Objects\pic.obj (PIC)
  D:\KEIL_STM32\C51\LIB\C51FPL.LIB (?C?FPADD)
  D:\KEIL_STM32\C51\LIB\C51FPL.LIB (?C?FPMUL)
  D:\KEIL_STM32\C51\LIB\C51FPL.LIB (?C?FCAST)
  D:\KEIL_STM32\C51\LIB\C51FPL.LIB (?C?CASTF)
  D:\KEIL_STM32\C51\LIB\C51FPL.LIB (SIN)
  D:\KEIL_STM32\C51\LIB\C51FPL.LIB (?C?FPGETOPN)
  D:\KEIL_STM32\C51\LIB\C51FPL.LIB (?C?FPDIV)
  D:\KEIL_STM32\C51\LIB\C51FPL.LIB (?C?FPSERIES)
  D:\KEIL_STM32\C51\LIB\C51L.LIB (?C_STARTUP)
  D:\KEIL_STM32\C51\LIB\C51L.LIB (?C?CLDPTR)
  D:\KEIL_STM32\C51\LIB\C51L.LIB (?C?IMUL)
  D:\KEIL_STM32\C51\LIB\C51L.LIB (?C?IILDX)
  D:\KEIL_STM32\C51\LIB\C51L.LIB (?C?ILDIX)
  D:\KEIL_STM32\C51\LIB\C51L.LIB (?C?LNEG)
  D:\KEIL_STM32\C51\LIB\C51L.LIB (?C?LLDCODE)
  D:\KEIL_STM32\C51\LIB\C51L.LIB (?C?LLDXDATA0)
  D:\KEIL_STM32\C51\LIB\C51L.LIB (?C?LLDCODE0)
  D:\KEIL_STM32\C51\LIB\C51L.LIB (?C?LSTXDATA)


LINK MAP OF MODULE:  .\Objects\320240 (MAIN)


            TYPE    BASE      LENGTH    RELOCATION   SEGMENT NAME
            -----------------------------------------------------

            * * * * * * *   D A T A   M E M O R Y   * * * * * * *
            REG     0000H     0008H     ABSOLUTE     "REG BANK 0"
                    0008H     0018H                  *** GAP ***
            BIT     0020H.0   0000H.2   UNIT         ?BI?_ROLL_H?320240
            BIT     0020H.2   0000H.2   UNIT         ?BI?_ROLL_V?320240
            BIT     0020H.4   0000H.1   UNIT         ?BI?_SHOW_HZG?320240
            BIT     0020H.5   0000H.1   UNIT         ?BI?_LOAD_CGRAM?320240
            BIT     0020H.6   0000H.1   UNIT         ?BI?_SHOW_PIXEL?320240
            BIT     0020H.7   0000H.1   UNIT         ?BI?_SHOW_LINE?320240
            BIT     0021H.0   0000H.1   UNIT         ?BI?_SHOW_RECTANGLE?320240
            BIT     0021H.1   0000H.1   UNIT         ?BI?_SHOW_CIRCLE?320240
            BIT     0021H.2   0000H.1   UNIT         ?BI?_SHOW_SINE?320240
            BIT     0021H.3   0000H.1   UNIT         ?BI?SIN?SIN
            BIT     0021H.4   0000H.1   UNIT         _BIT_GROUP_
                    0021H.5   0000H.3                *** GAP ***
            IDATA   0022H     0001H     UNIT         ?STACK

            * * * * * * *  X D A T A   M E M O R Y  * * * * * * *
            XDATA   0000H     0014H     UNIT         ?XD?_SHOW_LINE?320240
            XDATA   0014H     000FH     UNIT         ?XD?DEMO_GAME?320240
BL51 BANKED LINKER/LOCATER V6.22.4.0                                                  06/24/2025  13:36:28  PAGE 2


            XDATA   0023H     000AH     UNIT         _XDATA_GROUP_
            XDATA   002DH     0009H     UNIT         ?XD?_SHOW_HZG?320240
            XDATA   0036H     0009H     UNIT         ?XD?_SHOW_SINE?320240
            XDATA   003FH     0006H     UNIT         ?XD?_SHOW_RECTANGLE?320240
            XDATA   0045H     0006H     UNIT         ?XD?_SHOW_CIRCLE?320240
            XDATA   004BH     0005H     UNIT         ?XD?_ROLL_H?320240
            XDATA   0050H     0005H     UNIT         ?XD?_SHOW_PIXEL?320240
            XDATA   0055H     0005H     UNIT         ?XD?DEMO_PIXEL?320240
            XDATA   005AH     0004H     UNIT         ?XD?_ROLL_V?320240
            XDATA   005EH     0004H     UNIT         ?XD?SIN?SIN
            XDATA   0062H     0003H     UNIT         ?XD?_LOAD_CGRAM?320240
            XDATA   0065H     0003H     UNIT         ?XD?_SHOW_HZT?320240
            XDATA   0068H     0002H     UNIT         ?XD?_SET_ADDR1?320240
            XDATA   006AH     0002H     UNIT         ?XD?_SET_ADDR2?320240
            XDATA   006CH     0002H     UNIT         ?XD?DEMO_CIRCLE?320240
            XDATA   006EH     0001H     UNIT         ?XD?MAIN
            XDATA   006FH     0001H     UNIT         ?XD?DEMO_RECTANGLE?320240
            XDATA   0070H     0001H     UNIT         ?XD?DEMO_SINE?320240

            * * * * * * *   C O D E   M E M O R Y   * * * * * * *
            CODE    0000H     0003H     ABSOLUTE     
            CODE    0003H     4CC0H     UNIT         ?CO?PIC
            CODE    4CC3H     0447H     UNIT         ?C?LIB_CODE
            CODE    510AH     0321H     UNIT         ?PR?DEMO_PIXEL?320240
            CODE    542BH     01B9H     UNIT         ?PR?_SHOW_LINE?320240
            CODE    55E4H     0188H     UNIT         ?PR?SIN?SIN
            CODE    576CH     0166H     UNIT         ?PR?DEMO_GAME?320240
            CODE    58D2H     0143H     UNIT         ?PR?_SHOW_CIRCLE?320240
            CODE    5A15H     0127H     UNIT         ?CO?320240
            CODE    5B3CH     0101H     UNIT         ?PR?_LOAD_CGRAM?320240
            CODE    5C3DH     00F3H     UNIT         ?PR?_SHOW_SINE?320240
            CODE    5D30H     00B7H     UNIT         ?PR?MAIN?MAIN
            CODE    5DE7H     00B5H     UNIT         ?PR?DEMO_CIRCLE?320240
            CODE    5E9CH     00B4H     UNIT         ?PR?DISPLAYFULLCGROM?320240
            CODE    5F50H     00A6H     UNIT         ?PR?DEMO_LINE?320240
            CODE    5FF6H     00A0H     UNIT         ?PR?_ROLL_H?320240
            CODE    6096H     009BH     UNIT         ?PR?_SHOW_HZG?320240
            CODE    6131H     007EH     UNIT         ?PR?_SHOW_PIC?320240
            CODE    61AFH     007EH     UNIT         ?PR?DEMO_ROLL?320240
            CODE    622DH     007BH     UNIT         ?PR?_SHOW_PIXEL?320240
            CODE    62A8H     0077H     UNIT         ?PR?_ROLL_V?320240
            CODE    631FH     0072H     UNIT         ?PR?DEMO_RECTANGLE?320240
            CODE    6391H     006CH     UNIT         ?PR?_LCD_CLS?320240
            CODE    63FDH     0068H     UNIT         ?PR?_DISPLAYDOTS?320240
            CODE    6465H     005FH     UNIT         ?PR?LCD_INIT?320240
            CODE    64C4H     005CH     UNIT         ?PR?_SHOW_RECTANGLE?320240
            CODE    6520H     0058H     UNIT         ?PR?_SHOW_CHAR?320240
            CODE    6578H     0054H     UNIT         ?PR?DEMO_HZ?320240
            CODE    65CCH     0050H     UNIT         ?PR?_SHOW_HZT?320240
            CODE    661CH     0044H     UNIT         ?PR?_SET_ADDR2?320240
            CODE    6660H     003DH     UNIT         ?PR?_LOCATE_XY2?320240
            CODE    669DH     0031H     UNIT         ?PR?_LOCATE_XY22?320240
            CODE    66CEH     0030H     UNIT         ?PR?DEMO_SINE?320240
            CODE    66FEH     002CH     UNIT         ?PR?_DELAY?320240
            CODE    672AH     002AH     UNIT         ?PR?_LOCATE_XY1?320240
            CODE    6754H     0020H     UNIT         ?PR?_WRITE_DAT?320240
            CODE    6774H     001EH     UNIT         ?PR?_SET_ADDR1?320240
BL51 BANKED LINKER/LOCATER V6.22.4.0                                                  06/24/2025  13:36:28  PAGE 3


            CODE    6792H     0019H     UNIT         ?PR?READKEY1?320240
            CODE    67ABH     0018H     UNIT         ?PR?_WRITE_CMD?320240
            CODE    67C3H     0014H     UNIT         ?PR?READ_DAT?320240
            CODE    67D7H     0013H     UNIT         ?PR?DEMO_PICTURE?320240
            CODE    67EAH     0012H     UNIT         ?PR?LCD_CMDREAD?320240
            CODE    67FCH     000CH     UNIT         ?C_C51STARTUP
            CODE    6808H     000AH     UNIT         ?PR?SHOW_ON?320240
            CODE    6812H     0009H     UNIT         ?PR?CHKBUSY?320240
            CODE    681BH     0009H     UNIT         ?PR?SHOW_OFF?320240



OVERLAY MAP OF MODULE:   .\Objects\320240 (MAIN)


SEGMENT                                BIT_GROUP          XDATA_GROUP
  +--> CALLED SEGMENT               START    LENGTH     START    LENGTH
-----------------------------------------------------------------------
?C_C51STARTUP                       -----    -----      -----    -----
  +--> ?PR?MAIN?MAIN

?PR?MAIN?MAIN                       -----    -----      -----    -----
  +--> ?PR?_DELAY?320240
  +--> ?PR?LCD_INIT?320240
  +--> ?PR?_DISPLAYDOTS?320240
  +--> ?PR?DEMO_PICTURE?320240
  +--> ?PR?_LCD_CLS?320240
  +--> ?PR?DISPLAYFULLCGROM?320240

?PR?LCD_INIT?320240                 -----    -----      0023H    0001H
  +--> ?PR?_WRITE_CMD?320240
  +--> ?CO?320240
  +--> ?PR?_WRITE_DAT?320240
  +--> ?PR?SHOW_OFF?320240
  +--> ?PR?_LCD_CLS?320240
  +--> ?PR?SHOW_ON?320240

?PR?_WRITE_DAT?320240               -----    -----      002CH    0001H
  +--> ?PR?_WRITE_CMD?320240
  +--> ?PR?CHKBUSY?320240

?PR?CHKBUSY?320240                  -----    -----      -----    -----
  +--> ?PR?LCD_CMDREAD?320240

?PR?SHOW_OFF?320240                 -----    -----      -----    -----
  +--> ?PR?_WRITE_CMD?320240
  +--> ?PR?_WRITE_DAT?320240

?PR?_LCD_CLS?320240                 -----    -----      0024H    0003H
  +--> ?PR?_WRITE_CMD?320240
  +--> ?PR?_WRITE_DAT?320240

?PR?SHOW_ON?320240                  -----    -----      -----    -----
  +--> ?PR?_WRITE_CMD?320240
  +--> ?PR?_WRITE_DAT?320240

?PR?_DISPLAYDOTS?320240             -----    -----      0023H    0007H
BL51 BANKED LINKER/LOCATER V6.22.4.0                                                  06/24/2025  13:36:28  PAGE 4


  +--> ?PR?_LOCATE_XY2?320240
  +--> ?PR?_WRITE_CMD?320240
  +--> ?PR?_WRITE_DAT?320240

?PR?_LOCATE_XY2?320240              -----    -----      002AH    0002H
  +--> ?CO?320240
  +--> ?PR?_WRITE_CMD?320240
  +--> ?PR?_WRITE_DAT?320240

?PR?DEMO_PICTURE?320240             -----    -----      -----    -----
  +--> ?PR?_LCD_CLS?320240
  +--> ?CO?PIC
  +--> ?PR?_SHOW_PIC?320240

?PR?_SHOW_PIC?320240                0021H.4  0000H.1    0023H    0007H
  +--> ?PR?_DELAY?320240
  +--> ?PR?_WRITE_CMD?320240
  +--> ?PR?_LOCATE_XY22?320240
  +--> ?PR?_WRITE_DAT?320240

?PR?_LOCATE_XY22?320240             -----    -----      002AH    0002H
  +--> ?CO?320240
  +--> ?PR?_WRITE_CMD?320240
  +--> ?PR?_WRITE_DAT?320240

?PR?DISPLAYFULLCGROM?320240         -----    -----      0023H    0003H
  +--> ?PR?_LOCATE_XY1?320240
  +--> ?PR?_WRITE_CMD?320240
  +--> ?PR?_WRITE_DAT?320240
  +--> ?CO?320240
  +--> ?PR?_SHOW_CHAR?320240

?PR?_LOCATE_XY1?320240              -----    -----      0029H    0002H
  +--> ?CO?320240
  +--> ?PR?_WRITE_CMD?320240
  +--> ?PR?_WRITE_DAT?320240

?PR?_SHOW_CHAR?320240               -----    -----      0026H    0003H
  +--> ?CO?320240
  +--> ?PR?_LOCATE_XY1?320240
  +--> ?PR?_WRITE_CMD?320240
  +--> ?PR?_WRITE_DAT?320240



SYMBOL TABLE OF MODULE:  .\Objects\320240 (MAIN)

  VALUE           TYPE          NAME
  ----------------------------------

  -------         MODULE        MAIN
  C:0000H         SYMBOL        _ICE_DUMMY_
  D:0080H         PUBLIC        P0
  D:0090H         PUBLIC        P1
  D:00A0H         PUBLIC        P2
  D:00B0H         PUBLIC        P3
  B:00B0H.2       PUBLIC        reset
BL51 BANKED LINKER/LOCATER V6.22.4.0                                                  06/24/2025  13:36:28  PAGE 5


  C:5D30H         PUBLIC        main
  X:006EH         PUBLIC        mode
  -------         PROC          MAIN
  C:5D30H         LINE#         4
  C:5D30H         LINE#         5
  C:5D30H         LINE#         6
  C:5D3CH         LINE#         7
  C:5D43H         LINE#         8
  C:5D45H         LINE#         9
  C:5D4CH         LINE#         10
  C:5D4EH         LINE#         11
  C:5D55H         LINE#         12
  C:5D58H         LINE#         13
  C:5D5FH         LINE#         15
  C:5D5FH         LINE#         16
  C:5D5FH         LINE#         50
  C:5D6AH         LINE#         51
  C:5D71H         LINE#         52
  C:5D7CH         LINE#         53
  C:5D83H         LINE#         54
  C:5D8EH         LINE#         55
  C:5D95H         LINE#         56
  C:5DA0H         LINE#         57
  C:5DA7H         LINE#         58
  C:5DB0H         LINE#         59
  C:5DB7H         LINE#         60
  C:5DC1H         LINE#         61
  C:5DC8H         LINE#         62
  C:5DCBH         LINE#         63
  C:5DD2H         LINE#         64
  C:5DD7H         LINE#         65
  C:5DDAH         LINE#         66
  C:5DE1H         LINE#         67
  C:5DE4H         LINE#         69
  -------         ENDPROC       MAIN
  -------         ENDMOD        MAIN

  -------         MODULE        320240
  C:0000H         SYMBOL        _ICE_DUMMY_
  C:672AH         PUBLIC        _locate_xy1
  C:6660H         PUBLIC        _locate_xy2
  D:0090H         PUBLIC        P1
  C:6808H         PUBLIC        show_on
  D:00A0H         PUBLIC        P2
  D:00B0H         PUBLIC        P3
  C:5FFCH         PUBLIC        _roll_h
  B:00B0H.3       PUBLIC        CD
  C:67D7H         PUBLIC        demo_picture
  B:00B0H.1       PUBLIC        _WR
  C:5B3CH         PUBLIC        _load_cgram
  C:670AH         PUBLIC        _delay
  C:62A8H         PUBLIC        _roll_v
  B:00B0H.5       PUBLIC        CS
  C:58DAH         PUBLIC        _show_circle
  B:00A0H.0       PUBLIC        LCD_KEY
  C:576CH         PUBLIC        demo_game
  C:5B2AH         PUBLIC        scroll_P10
BL51 BANKED LINKER/LOCATER V6.22.4.0                                                  06/24/2025  13:36:28  PAGE 6


  C:510AH         PUBLIC        demo_pixel
  C:5F50H         PUBLIC        demo_line
  C:669DH         PUBLIC        _locate_xy22
  C:66CEH         PUBLIC        demo_sine
  C:67C3H         PUBLIC        read_dat
  C:61AFH         PUBLIC        demo_roll
  C:631FH         PUBLIC        demo_rectangle
  C:6526H         PUBLIC        _show_char
  C:67B4H         PUBLIC        _write_cmd
  C:623EH         PUBLIC        _show_pixel
  C:6759H         PUBLIC        _write_dat
  C:6465H         PUBLIC        lcd_init
  C:543DH         PUBLIC        _show_line
  C:5C43H         PUBLIC        _show_sine
  C:6391H         PUBLIC        _lcd_cls
  C:6792H         PUBLIC        ReadKey1
  C:64C4H         PUBLIC        _show_rectangle
  C:5B34H         PUBLIC        systemset_P8
  C:681BH         PUBLIC        show_off
  C:6131H         PUBLIC        _show_pic
  C:67EAH         PUBLIC        lcd_cmdread
  C:6578H         PUBLIC        demo_hz
  C:5E9CH         PUBLIC        DisplayFullCGROM
  C:6096H         PUBLIC        _show_hzg
  B:00B0H.0       PUBLIC        _RD
  C:63FDH         PUBLIC        _DisplayDots
  C:65CCH         PUBLIC        _show_hzt
  C:6774H         PUBLIC        _set_addr1
  C:5DE7H         PUBLIC        demo_circle
  C:661CH         PUBLIC        _set_addr2
  C:6812H         PUBLIC        chkbusy
  C:67AEH         SYMBOL        L?0254
  -------         PROC          L?0253
  -------         ENDPROC       L?0253
  C:67AEH         SYMBOL        L?0254
  -------         PROC          _WRITE_CMD
  D:0007H         SYMBOL        cmd
  C:67B4H         LINE#         13
  C:67B4H         LINE#         14
  C:67B4H         LINE#         15
  C:67B6H         LINE#         16
  C:67B8H         LINE#         17
  C:67BAH         LINE#         18
  C:67BCH         LINE#         19
  C:67BEH         LINE#         20
  C:67C0H         LINE#         21
  C:67C2H         LINE#         22
  -------         ENDPROC       _WRITE_CMD
  C:6754H         SYMBOL        L?0256
  -------         PROC          L?0255
  -------         ENDPROC       L?0255
  C:6754H         SYMBOL        L?0256
  -------         PROC          _WRITE_DAT
  X:002CH         SYMBOL        dat
  C:6759H         LINE#         26
  C:675EH         LINE#         27
  C:6761H         LINE#         28
BL51 BANKED LINKER/LOCATER V6.22.4.0                                                  06/24/2025  13:36:28  PAGE 7


  C:6763H         LINE#         29
  C:6765H         LINE#         30
  C:676BH         LINE#         31
  C:676DH         LINE#         32
  C:676FH         LINE#         33
  C:6771H         LINE#         34
  C:6773H         LINE#         35
  -------         ENDPROC       _WRITE_DAT
  -------         PROC          READ_DAT
  -------         DO            
  D:0007H         SYMBOL        temp
  -------         ENDDO         
  C:67C3H         LINE#         39
  C:67C3H         LINE#         40
  C:67C5H         LINE#         41
  C:67C8H         LINE#         42
  C:67CAH         LINE#         43
  C:67CCH         LINE#         44
  C:67CEH         LINE#         45
  C:67D0H         LINE#         46
  C:67D2H         LINE#         47
  C:67D4H         LINE#         48
  C:67D6H         LINE#         49
  C:67D6H         LINE#         50
  -------         ENDPROC       READ_DAT
  -------         PROC          CHKBUSY
  -------         DO            
  D:0007H         SYMBOL        b
  -------         ENDDO         
  C:6812H         LINE#         55
  C:6812H         LINE#         56
  C:6812H         LINE#         58
  C:6814H         LINE#         59
  C:6817H         LINE#         60
  C:6817H         LINE#         61
  C:681AH         LINE#         62
  C:681AH         LINE#         63
  C:681AH         LINE#         65
  -------         ENDPROC       CHKBUSY
  -------         PROC          LCD_CMDREAD
  -------         DO            
  D:0007H         SYMBOL        address_cmd
  -------         ENDDO         
  C:67EAH         LINE#         70
  C:67EAH         LINE#         71
  C:67EAH         LINE#         73
  C:67EDH         LINE#         74
  C:67EFH         LINE#         75
  C:67F1H         LINE#         76
  C:67F3H         LINE#         77
  C:67F5H         LINE#         78
  C:67F7H         LINE#         79
  C:67F9H         LINE#         80
  C:67FBH         LINE#         81
  C:67FBH         LINE#         82
  -------         ENDPROC       LCD_CMDREAD
  -------         PROC          L?0249
BL51 BANKED LINKER/LOCATER V6.22.4.0                                                  06/24/2025  13:36:28  PAGE 8


  -------         ENDPROC       L?0249
  -------         PROC          _DELAY
  D:0006H         SYMBOL        ms
  -------         DO            
  D:0004H         SYMBOL        i
  D:0002H         SYMBOL        j
  -------         ENDDO         
  C:670AH         LINE#         88
  C:670AH         LINE#         89
  C:670AH         LINE#         91
  C:6714H         LINE#         92
  C:6729H         LINE#         93
  -------         ENDPROC       _DELAY
  -------         PROC          LCD_INIT
  -------         DO            
  X:0023H         SYMBOL        i
  -------         ENDDO         
  C:6465H         LINE#         100
  C:6465H         LINE#         101
  C:6465H         LINE#         104
  C:646AH         LINE#         105
  C:6479H         LINE#         106
  C:648AH         LINE#         107
  C:648FH         LINE#         108
  C:649EH         LINE#         109
  C:64AFH         LINE#         110
  C:64B1H         LINE#         111
  C:64B4H         LINE#         112
  C:64B6H         LINE#         113
  C:64B9H         LINE#         114
  C:64BCH         LINE#         115
  C:64C1H         LINE#         116
  -------         ENDPROC       LCD_INIT
  -------         PROC          _LCD_CLS
  X:0024H         SYMBOL        part
  -------         DO            
  X:0025H         SYMBOL        i
  -------         ENDDO         
  C:6391H         LINE#         126
  C:6396H         LINE#         127
  C:6396H         LINE#         128
  C:639DH         LINE#         129
  C:63A2H         LINE#         130
  C:63A6H         LINE#         131
  C:63B0H         LINE#         132
  C:63BBH         LINE#         133
  C:63C6H         LINE#         134
  C:63D0H         LINE#         135
  C:63DDH         LINE#         136
  C:63E2H         LINE#         137
  C:63E7H         LINE#         138
  C:63FCH         LINE#         139
  -------         ENDPROC       _LCD_CLS
  -------         PROC          SHOW_ON
  C:6808H         LINE#         143
  C:6808H         LINE#         144
  C:6808H         LINE#         145
BL51 BANKED LINKER/LOCATER V6.22.4.0                                                  06/24/2025  13:36:28  PAGE 9


  C:680DH         LINE#         146
  -------         ENDPROC       SHOW_ON
  -------         PROC          SHOW_OFF
  C:681BH         LINE#         151
  C:681BH         LINE#         152
  C:681BH         LINE#         153
  C:6820H         LINE#         154
  -------         ENDPROC       SHOW_OFF
  -------         PROC          _LOCATE_XY1
  D:0003H         SYMBOL        x
  D:0005H         SYMBOL        y
  -------         DO            
  X:0029H         SYMBOL        addr
  -------         ENDDO         
  C:672AH         LINE#         163
  C:672CH         LINE#         164
  C:672CH         LINE#         166
  C:6740H         LINE#         167
  C:6743H         LINE#         168
  C:674CH         LINE#         169
  -------         ENDPROC       _LOCATE_XY1
  -------         PROC          _LOCATE_XY2
  D:0002H         SYMBOL        x
  D:0005H         SYMBOL        y
  -------         DO            
  X:002AH         SYMBOL        addr
  -------         ENDDO         
  C:6660H         LINE#         178
  C:6664H         LINE#         179
  C:6664H         LINE#         181
  C:6687H         LINE#         182
  C:668AH         LINE#         183
  C:6693H         LINE#         184
  -------         ENDPROC       _LOCATE_XY2
  -------         PROC          _LOCATE_XY22
  D:0002H         SYMBOL        x
  D:0005H         SYMBOL        y
  -------         DO            
  X:002AH         SYMBOL        addr
  -------         ENDDO         
  C:669DH         LINE#         192
  C:66A1H         LINE#         193
  C:66A1H         LINE#         195
  C:66B8H         LINE#         196
  C:66BBH         LINE#         197
  C:66C4H         LINE#         198
  -------         ENDPROC       _LOCATE_XY22
  -------         PROC          _SET_ADDR1
  X:0068H         SYMBOL        addr
  C:6774H         LINE#         203
  C:677CH         LINE#         204
  C:677CH         LINE#         205
  C:677CH         LINE#         206
  C:6781H         LINE#         207
  C:678AH         LINE#         208
  -------         ENDPROC       _SET_ADDR1
  -------         PROC          _SET_ADDR2
BL51 BANKED LINKER/LOCATER V6.22.4.0                                                  06/24/2025  13:36:28  PAGE 10


  X:006AH         SYMBOL        addr
  C:661CH         LINE#         213
  C:6624H         LINE#         214
  C:6624H         LINE#         215
  C:662FH         LINE#         216
  C:6634H         LINE#         217
  C:663DH         LINE#         218
  C:6646H         LINE#         219
  C:664FH         LINE#         220
  C:6658H         LINE#         221
  -------         ENDPROC       _SET_ADDR2
  -------         PROC          L?0260
  -------         ENDPROC       L?0260
  -------         PROC          _ROLL_H
  X:004BH         SYMBOL        x
  B:0020H.0       SYMBOL        dir
  B:0020H.1       SYMBOL        part
  -------         DO            
  X:004DH         SYMBOL        i
  X:004EH         SYMBOL        addr
  -------         ENDDO         
  C:5FFCH         LINE#         229
  C:6004H         LINE#         230
  C:6004H         LINE#         233
  C:6018H         LINE#         234
  C:601FH         LINE#         235
  C:602DH         LINE#         236
  C:602DH         LINE#         237
  C:6032H         LINE#         238
  C:6032H         LINE#         239
  C:6037H         LINE#         240
  C:6046H         LINE#         241
  C:6049H         LINE#         242
  C:6050H         LINE#         243
  C:6053H         LINE#         244
  C:605FH         LINE#         245
  C:6072H         LINE#         246
  C:6080H         LINE#         247
  C:6090H         LINE#         248
  C:6093H         LINE#         249
  C:6095H         LINE#         250
  -------         ENDPROC       _ROLL_H
  -------         PROC          _ROLL_V
  X:005AH         SYMBOL        x
  B:0020H.2       SYMBOL        dir
  B:0020H.3       SYMBOL        part
  -------         DO            
  X:005BH         SYMBOL        i
  X:005CH         SYMBOL        addr
  -------         ENDDO         
  C:62A8H         LINE#         257
  C:62ADH         LINE#         258
  C:62ADH         LINE#         260
  C:62B4H         LINE#         261
  C:62C4H         LINE#         262
  C:62C4H         LINE#         263
  C:62E2H         LINE#         264
BL51 BANKED LINKER/LOCATER V6.22.4.0                                                  06/24/2025  13:36:28  PAGE 11


  C:62F9H         LINE#         265
  C:6309H         LINE#         266
  C:630CH         LINE#         267
  C:6313H         LINE#         268
  C:6316H         LINE#         269
  C:631EH         LINE#         270
  -------         ENDPROC       _ROLL_V
  -------         PROC          L?0252
  -------         ENDPROC       L?0252
  -------         PROC          _SHOW_CHAR
  D:0007H         SYMBOL        x
  D:0005H         SYMBOL        y
  X:0026H         SYMBOL        string
  C:6526H         LINE#         277
  C:6531H         LINE#         278
  C:6531H         LINE#         279
  C:6534H         LINE#         280
  C:6539H         LINE#         281
  C:653EH         LINE#         282
  C:6543H         LINE#         283
  C:6548H         LINE#         284
  C:654DH         LINE#         285
  C:6552H         LINE#         286
  C:6557H         LINE#         287
  C:6568H         LINE#         288
  C:6568H         LINE#         289
  C:656BH         LINE#         290
  C:6575H         LINE#         291
  C:6577H         LINE#         292
  -------         ENDPROC       _SHOW_CHAR
  -------         PROC          _SHOW_HZG
  X:002DH         SYMBOL        x
  X:002EH         SYMBOL        y
  X:002FH         SYMBOL        string
  B:0020H.4       SYMBOL        inverse
  -------         DO            
  X:0032H         SYMBOL        i
  X:0033H         SYMBOL        j
  X:0034H         SYMBOL        k
  X:0035H         SYMBOL        adr
  -------         ENDDO         
  C:6096H         LINE#         298
  C:60A7H         LINE#         299
  C:60A7H         LINE#         300
  C:60ACH         LINE#         301
  C:60B1H         LINE#         302
  C:60BEH         LINE#         303
  C:60BEH         LINE#         304
  C:60CBH         LINE#         305
  C:60DEH         LINE#         306
  C:60E3H         LINE#         307
  C:60E8H         LINE#         308
  C:60E8H         LINE#         309
  C:60FCH         LINE#         310
  C:6103H         LINE#         311
  C:610DH         LINE#         312
  C:6119H         LINE#         313
BL51 BANKED LINKER/LOCATER V6.22.4.0                                                  06/24/2025  13:36:28  PAGE 12


  C:6121H         LINE#         314
  C:6128H         LINE#         315
  C:6130H         LINE#         316
  -------         ENDPROC       _SHOW_HZG
  -------         PROC          _LOAD_CGRAM
  X:0062H         SYMBOL        m
  B:0020H.5       SYMBOL        inverse
  -------         DO            
  X:0063H         SYMBOL        i
  X:0064H         SYMBOL        j
  -------         ENDDO         
  C:5B3CH         LINE#         320
  C:5B41H         LINE#         321
  C:5B41H         LINE#         323
  C:5B43H         LINE#         324
  C:5B46H         LINE#         325
  C:5B4BH         LINE#         326
  C:5B50H         LINE#         327
  C:5B52H         LINE#         328
  C:5B55H         LINE#         329
  C:5B5AH         LINE#         330
  C:5B5FH         LINE#         331
  C:5B74H         LINE#         332
  C:5B74H         LINE#         333
  C:5B83H         LINE#         334
  C:5B83H         LINE#         335
  C:5BA5H         LINE#         336
  C:5BCAH         LINE#         338
  C:5BD3H         LINE#         339
  C:5BE3H         LINE#         340
  C:5BE3H         LINE#         341
  C:5C05H         LINE#         342
  C:5C2AH         LINE#         344
  C:5C33H         LINE#         345
  C:5C3CH         LINE#         346
  -------         ENDPROC       _LOAD_CGRAM
  -------         PROC          _SHOW_HZT
  X:0065H         SYMBOL        x
  X:0066H         SYMBOL        y
  X:0067H         SYMBOL        n_4
  C:65CCH         LINE#         352
  C:65D9H         LINE#         353
  C:65D9H         LINE#         354
  C:65DCH         LINE#         355
  C:65E1H         LINE#         356
  C:65E6H         LINE#         357
  C:65EEH         LINE#         358
  C:65F7H         LINE#         359
  C:6603H         LINE#         360
  C:6608H         LINE#         361
  C:6612H         LINE#         362
  -------         ENDPROC       _SHOW_HZT
  C:6230H         SYMBOL        L?0246
  C:6231H         SYMBOL        L?0247
  C:6239H         SYMBOL        L?0248
  -------         PROC          L?0245
  -------         ENDPROC       L?0245
BL51 BANKED LINKER/LOCATER V6.22.4.0                                                  06/24/2025  13:36:28  PAGE 13


  C:6230H         SYMBOL        L?0246
  C:6231H         SYMBOL        L?0247
  C:6239H         SYMBOL        L?0248
  -------         PROC          _SHOW_PIXEL
  X:0050H         SYMBOL        x
  X:0052H         SYMBOL        y
  B:0020H.6       SYMBOL        attr
  -------         DO            
  X:0053H         SYMBOL        temp
  X:0054H         SYMBOL        tempd
  -------         ENDDO         
  C:623EH         LINE#         370
  C:6249H         LINE#         371
  C:6249H         LINE#         373
  C:6262H         LINE#         374
  C:6265H         LINE#         375
  C:626AH         LINE#         376
  C:6272H         LINE#         377
  C:627FH         LINE#         378
  C:628DH         LINE#         379
  C:629BH         LINE#         380
  C:62A0H         LINE#         381
  -------         ENDPROC       _SHOW_PIXEL
  C:5438H         SYMBOL        L?0251
  -------         PROC          L?0250
  -------         ENDPROC       L?0250
  C:5438H         SYMBOL        L?0251
  -------         PROC          _SHOW_LINE
  X:0000H         SYMBOL        x1
  X:0002H         SYMBOL        y1
  D:0002H         SYMBOL        x2
  X:0005H         SYMBOL        y2
  B:0020H.7       SYMBOL        attr
  -------         DO            
  X:0006H         SYMBOL        dx
  X:0008H         SYMBOL        dy
  X:000AH         SYMBOL        inc_x
  X:000BH         SYMBOL        inc_y
  X:000CH         SYMBOL        xerr
  X:000EH         SYMBOL        yerr
  X:0010H         SYMBOL        i
  X:0012H         SYMBOL        ds
  -------         ENDDO         
  C:543DH         LINE#         389
  C:5449H         LINE#         390
  C:5449H         LINE#         393
  C:5454H         LINE#         395
  C:546BH         LINE#         396
  C:547EH         LINE#         397
  C:548FH         LINE#         399
  C:548FH         LINE#         400
  C:54A0H         LINE#         401
  C:54B0H         LINE#         402
  C:54B0H         LINE#         403
  C:54CAH         LINE#         405
  C:54CAH         LINE#         406
  C:54D4H         LINE#         407
BL51 BANKED LINKER/LOCATER V6.22.4.0                                                  06/24/2025  13:36:28  PAGE 14


  C:54E4H         LINE#         408
  C:54E4H         LINE#         409
  C:550AH         LINE#         410
  C:550FH         LINE#         411
  C:5534H         LINE#         412
  C:5534H         LINE#         413
  C:5546H         LINE#         414
  C:555AH         LINE#         415
  C:556EH         LINE#         416
  C:5584H         LINE#         417
  C:5584H         LINE#         418
  C:5590H         LINE#         419
  C:55A5H         LINE#         420
  C:55A5H         LINE#         421
  C:55BBH         LINE#         422
  C:55BBH         LINE#         423
  C:55C7H         LINE#         424
  C:55D2H         LINE#         425
  C:55D2H         LINE#         426
  C:55E3H         LINE#         427
  -------         ENDPROC       _SHOW_LINE
  -------         PROC          _SHOW_RECTANGLE
  X:003FH         SYMBOL        x1
  X:0041H         SYMBOL        y1
  X:0042H         SYMBOL        x2
  X:0044H         SYMBOL        y2
  B:0021H.0       SYMBOL        attr
  C:64C4H         LINE#         434
  C:64D7H         LINE#         435
  C:64D7H         LINE#         436
  C:64E7H         LINE#         437
  C:64F2H         LINE#         438
  C:64FFH         LINE#         439
  -------         ENDPROC       _SHOW_RECTANGLE
  C:58D4H         SYMBOL        L?0258
  -------         PROC          L?0257
  -------         ENDPROC       L?0257
  C:58D4H         SYMBOL        L?0258
  -------         PROC          _SHOW_CIRCLE
  X:0045H         SYMBOL        x
  X:0047H         SYMBOL        y
  X:0048H         SYMBOL        r
  B:0021H.1       SYMBOL        attr
  -------         DO            
  X:0049H         SYMBOL        dx
  X:004AH         SYMBOL        dy
  -------         ENDDO         
  C:58DAH         LINE#         448
  C:58E8H         LINE#         449
  C:58E8H         LINE#         450
  C:58ECH         LINE#         451
  C:58FFH         LINE#         452
  C:58FFH         LINE#         453
  C:5934H         LINE#         454
  C:5948H         LINE#         455
  C:595DH         LINE#         456
  C:597DH         LINE#         457
BL51 BANKED LINKER/LOCATER V6.22.4.0                                                  06/24/2025  13:36:28  PAGE 15


  C:599CH         LINE#         458
  C:59B3H         LINE#         459
  C:59CCH         LINE#         460
  C:59ECH         LINE#         461
  C:5A0BH         LINE#         462
  C:5A14H         LINE#         463
  -------         ENDPROC       _SHOW_CIRCLE
  -------         PROC          _SHOW_PIC
  X:0023H         SYMBOL        x
  X:0024H         SYMBOL        y
  X:0025H         SYMBOL        string
  B:0021H.4       SYMBOL        inverse
  -------         DO            
  X:0028H         SYMBOL        i
  X:0029H         SYMBOL        j
  -------         ENDDO         
  C:6131H         LINE#         469
  C:6142H         LINE#         470
  C:6142H         LINE#         473
  C:6149H         LINE#         474
  C:614EH         LINE#         475
  C:615DH         LINE#         476
  C:615DH         LINE#         477
  C:616BH         LINE#         478
  C:6170H         LINE#         479
  C:6175H         LINE#         480
  C:6175H         LINE#         481
  C:6189H         LINE#         482
  C:6190H         LINE#         483
  C:619AH         LINE#         484
  C:61A6H         LINE#         485
  C:61AEH         LINE#         486
  -------         ENDPROC       _SHOW_PIC
  -------         PROC          L?0259
  -------         ENDPROC       L?0259
  -------         PROC          _SHOW_SINE
  X:0036H         SYMBOL        y
  X:0037H         SYMBOL        a
  X:0038H         SYMBOL        n
  B:0021H.2       SYMBOL        attr
  -------         DO            
  X:0039H         SYMBOL        x1
  X:003BH         SYMBOL        x2
  X:003DH         SYMBOL        y1
  X:003EH         SYMBOL        y2
  -------         ENDDO         
  C:5C43H         LINE#         492
  C:5C4EH         LINE#         493
  C:5C4EH         LINE#         494
  C:5C53H         LINE#         495
  C:5C59H         LINE#         496
  C:5C60H         LINE#         497
  C:5C60H         LINE#         498
  C:5CD7H         LINE#         499
  C:5CF8H         LINE#         500
  C:5D07H         LINE#         501
  C:5D0FH         LINE#         502
BL51 BANKED LINKER/LOCATER V6.22.4.0                                                  06/24/2025  13:36:28  PAGE 16


  C:5D2FH         LINE#         503
  -------         ENDPROC       _SHOW_SINE
  -------         PROC          DEMO_PIXEL
  -------         DO            
  X:0055H         SYMBOL        i
  X:0057H         SYMBOL        j
  X:0059H         SYMBOL        n
  -------         ENDDO         
  C:510AH         LINE#         509
  C:510AH         LINE#         510
  C:510AH         LINE#         514
  C:510FH         LINE#         515
  C:5115H         LINE#         516
  C:5130H         LINE#         517
  C:5130H         LINE#         518
  C:5176H         LINE#         519
  C:51C2H         LINE#         520
  C:5216H         LINE#         521
  C:5272H         LINE#         522
  C:5287H         LINE#         523
  C:52A3H         LINE#         524
  C:52A3H         LINE#         525
  C:52F6H         LINE#         526
  C:534DH         LINE#         527
  C:53B2H         LINE#         528
  C:5415H         LINE#         529
  C:542AH         LINE#         530
  -------         ENDPROC       DEMO_PIXEL
  -------         PROC          DEMO_LINE
  C:5F50H         LINE#         534
  C:5F50H         LINE#         535
  C:5F50H         LINE#         537
  C:5F55H         LINE#         541
  C:5F66H         LINE#         542
  C:5F77H         LINE#         543
  C:5F8AH         LINE#         544
  C:5F9FH         LINE#         546
  C:5FB1H         LINE#         547
  C:5FC6H         LINE#         548
  C:5FDAH         LINE#         549
  C:5FEFH         LINE#         554
  -------         ENDPROC       DEMO_LINE
  -------         PROC          DEMO_RECTANGLE
  -------         DO            
  X:006FH         SYMBOL        i
  -------         ENDDO         
  C:631FH         LINE#         560
  C:631FH         LINE#         561
  C:631FH         LINE#         564
  C:6324H         LINE#         565
  C:6333H         LINE#         566
  C:6357H         LINE#         567
  C:6366H         LINE#         568
  C:638AH         LINE#         569
  -------         ENDPROC       DEMO_RECTANGLE
  -------         PROC          DEMO_CIRCLE
  -------         DO            
BL51 BANKED LINKER/LOCATER V6.22.4.0                                                  06/24/2025  13:36:28  PAGE 17


  X:006CH         SYMBOL        i
  X:006DH         SYMBOL        j
  -------         ENDDO         
  C:5DE7H         LINE#         574
  C:5DE7H         LINE#         575
  C:5DE7H         LINE#         578
  C:5DECH         LINE#         579
  C:5DF9H         LINE#         580
  C:5E06H         LINE#         581
  C:5E13H         LINE#         582
  C:5E20H         LINE#         583
  C:5E30H         LINE#         584
  C:5E30H         LINE#         585
  C:5E33H         LINE#         586
  C:5E3AH         LINE#         587
  C:5E43H         LINE#         588
  C:5E49H         LINE#         589
  C:5E53H         LINE#         590
  C:5E53H         LINE#         591
  C:5E63H         LINE#         592
  C:5E63H         LINE#         593
  C:5E68H         LINE#         594
  C:5E6FH         LINE#         595
  C:5E78H         LINE#         596
  C:5E88H         LINE#         597
  C:5E88H         LINE#         598
  C:5E8BH         LINE#         599
  C:5E92H         LINE#         600
  C:5E9BH         LINE#         601
  C:5E9BH         LINE#         602
  -------         ENDPROC       DEMO_CIRCLE
  -------         PROC          DEMO_PICTURE
  C:67D7H         LINE#         606
  C:67D7H         LINE#         607
  C:67D7H         LINE#         609
  C:67DCH         LINE#         613
  -------         ENDPROC       DEMO_PICTURE
  -------         PROC          DEMO_SINE
  -------         DO            
  X:0070H         SYMBOL        i
  -------         ENDDO         
  C:66CEH         LINE#         622
  C:66CEH         LINE#         623
  C:66CEH         LINE#         626
  C:66D3H         LINE#         627
  C:66D9H         LINE#         628
  C:66E3H         LINE#         629
  C:66E3H         LINE#         630
  C:66E8H         LINE#         631
  C:66EFH         LINE#         632
  C:66F4H         LINE#         633
  C:66FBH         LINE#         634
  C:66FDH         LINE#         635
  -------         ENDPROC       DEMO_SINE
  -------         PROC          DEMO_ROLL
  C:61AFH         LINE#         639
  C:61AFH         LINE#         640
BL51 BANKED LINKER/LOCATER V6.22.4.0                                                  06/24/2025  13:36:28  PAGE 18


  C:61AFH         LINE#         642
  C:61B4H         LINE#         643
  C:61C0H         LINE#         644
  C:61CDH         LINE#         645
  C:61DAH         LINE#         646
  C:61E7H         LINE#         647
  C:61F4H         LINE#         648
  C:61F9H         LINE#         649
  C:61FEH         LINE#         650
  C:6207H         LINE#         651
  C:6210H         LINE#         652
  C:621DH         LINE#         653
  C:6221H         LINE#         654
  C:6221H         LINE#         655
  C:6221H         LINE#         656
  C:6221H         LINE#         657
  C:6224H         LINE#         658
  C:6227H         LINE#         659
  C:6227H         LINE#         660
  C:6227H         LINE#         661
  C:6227H         LINE#         662
  C:6227H         LINE#         663
  C:622AH         LINE#         664
  -------         ENDPROC       DEMO_ROLL
  -------         PROC          DEMO_HZ
  C:6578H         LINE#         670
  C:6578H         LINE#         671
  C:6578H         LINE#         673
  C:657DH         LINE#         674
  C:658BH         LINE#         675
  C:659AH         LINE#         676
  C:65A1H         LINE#         677
  C:65AAH         LINE#         678
  C:65B3H         LINE#         679
  C:65BCH         LINE#         680
  C:65C5H         LINE#         681
  -------         ENDPROC       DEMO_HZ
  -------         PROC          DEMO_GAME
  -------         DO            
  X:0014H         SYMBOL        cs
  X:0015H         SYMBOL        r
  X:0016H         SYMBOL        i
  X:0017H         SYMBOL        x
  X:0019H         SYMBOL        y
  X:001BH         SYMBOL        dx
  X:001DH         SYMBOL        dy
  X:001FH         SYMBOL        x1
  X:0021H         SYMBOL        y1
  -------         ENDDO         
  C:576CH         LINE#         686
  C:576CH         LINE#         687
  C:5772H         LINE#         688
  C:5776H         LINE#         689
  C:577AH         LINE#         690
  C:5788H         LINE#         691
  C:579DH         LINE#         695
  C:57A2H         LINE#         696
BL51 BANKED LINKER/LOCATER V6.22.4.0                                                  06/24/2025  13:36:28  PAGE 19


  C:57AFH         LINE#         697
  C:57AFH         LINE#         698
  C:57C5H         LINE#         699
  C:57E4H         LINE#         700
  C:5803H         LINE#         701
  C:582CH         LINE#         702
  C:5850H         LINE#         703
  C:5873H         LINE#         704
  C:5887H         LINE#         705
  C:589BH         LINE#         706
  C:58A2H         LINE#         707
  C:58B8H         LINE#         708
  C:58CEH         LINE#         709
  C:58D1H         LINE#         710
  -------         ENDPROC       DEMO_GAME
  -------         PROC          _DISPLAYDOTS
  X:0023H         SYMBOL        num1
  X:0025H         SYMBOL        num2
  -------         DO            
  X:0027H         SYMBOL        y
  X:0028H         SYMBOL        i
  -------         ENDDO         
  C:63FDH         LINE#         713
  C:640BH         LINE#         714
  C:640BH         LINE#         718
  C:6418H         LINE#         719
  C:6418H         LINE#         720
  C:641EH         LINE#         722
  C:6423H         LINE#         724
  C:642AH         LINE#         725
  C:642AH         LINE#         726
  C:6431H         LINE#         727
  C:6436H         LINE#         729
  C:643FH         LINE#         730
  C:645CH         LINE#         731
  C:6464H         LINE#         732
  -------         ENDPROC       _DISPLAYDOTS
  -------         PROC          READKEY1
  C:6792H         LINE#         735
  C:6792H         LINE#         736
  C:6792H         LINE#         737
  C:6795H         LINE#         738
  C:6795H         LINE#         739
  C:679CH         LINE#         740
  C:679FH         LINE#         741
  C:679FH         LINE#         742
  C:67A2H         LINE#         743
  C:67A7H         LINE#         744
  C:67A7H         LINE#         745
  C:67A7H         LINE#         746
  C:67AAH         LINE#         747
  -------         ENDPROC       READKEY1
  -------         PROC          DISPLAYFULLCGROM
  -------         DO            
  X:0023H         SYMBOL        x
  X:0024H         SYMBOL        y
  X:0025H         SYMBOL        charCode
BL51 BANKED LINKER/LOCATER V6.22.4.0                                                  06/24/2025  13:36:28  PAGE 20


  -------         ENDDO         
  C:5E9CH         LINE#         749
  C:5E9CH         LINE#         750
  C:5E9CH         LINE#         752
  C:5EA2H         LINE#         754
  C:5EA7H         LINE#         755
  C:5EA7H         LINE#         756
  C:5EB6H         LINE#         757
  C:5EB6H         LINE#         758
  C:5EBCH         LINE#         759
  C:5EC1H         LINE#         760
  C:5EC9H         LINE#         762
  C:5ECFH         LINE#         763
  C:5ED2H         LINE#         764
  C:5ED4H         LINE#         765
  C:5EDCH         LINE#         766
  C:5EE8H         LINE#         768
  C:5EF4H         LINE#         769
  C:5F01H         LINE#         770
  C:5F0EH         LINE#         771
  C:5F15H         LINE#         772
  C:5F1CH         LINE#         773
  C:5F29H         LINE#         774
  C:5F36H         LINE#         775
  C:5F43H         LINE#         776
  -------         ENDPROC       DISPLAYFULLCGROM
  -------         ENDMOD        320240

  -------         MODULE        PIC
  C:0000H         SYMBOL        _ICE_DUMMY_
  C:4B03H         PUBLIC        cgtab
  C:4B83H         PUBLIC        tab
  C:0003H         PUBLIC        tab1
  C:2583H         PUBLIC        tab2
  -------         ENDMOD        PIC

  -------         MODULE        ?C?FPADD
  C:4CCAH         PUBLIC        ?C?FPADD
  C:4CC6H         PUBLIC        ?C?FPSUB
  -------         ENDMOD        ?C?FPADD

  -------         MODULE        ?C?FPMUL
  C:4DBBH         PUBLIC        ?C?FPMUL
  -------         ENDMOD        ?C?FPMUL

  -------         MODULE        ?C?FCAST
  C:4ECBH         PUBLIC        ?C?FCASTC
  C:4EC6H         PUBLIC        ?C?FCASTI
  C:4EC1H         PUBLIC        ?C?FCASTL
  -------         ENDMOD        ?C?FCAST

  -------         MODULE        ?C?CASTF
  C:4EFFH         PUBLIC        ?C?CASTF
  -------         ENDMOD        ?C?CASTF

  -------         MODULE        SIN
  C:562CH         PUBLIC        _COS
BL51 BANKED LINKER/LOCATER V6.22.4.0                                                  06/24/2025  13:36:28  PAGE 21


  C:5642H         PUBLIC        _SIN
  C:567EH         PUBLIC        _TAN
  -------         ENDMOD        SIN

  -------         MODULE        ?C?FPDIV
  C:4F83H         PUBLIC        ?C?FPDIV
  -------         ENDMOD        ?C?FPDIV

  -------         MODULE        ?C?CLDPTR
  C:506DH         PUBLIC        ?C?CLDPTR
  -------         ENDMOD        ?C?CLDPTR

  -------         MODULE        ?C?IMUL
  C:5086H         PUBLIC        ?C?IMUL
  -------         ENDMOD        ?C?IMUL

  -------         MODULE        ?C?IILDX
  C:5098H         PUBLIC        ?C?IILDX
  -------         ENDMOD        ?C?IILDX

  -------         MODULE        ?C?ILDIX
  C:50AEH         PUBLIC        ?C?ILDIX
  -------         ENDMOD        ?C?ILDIX

  -------         MODULE        ?C?LNEG
  C:50C4H         PUBLIC        ?C?LNEG
  -------         ENDMOD        ?C?LNEG

  -------         MODULE        ?C?LLDCODE
  C:50D2H         PUBLIC        ?C?LLDCODE
  -------         ENDMOD        ?C?LLDCODE

  -------         MODULE        ?C?LLDXDATA0
  C:50E2H         PUBLIC        ?C?LLDXDATA0
  -------         ENDMOD        ?C?LLDXDATA0

  -------         MODULE        ?C?LLDCODE0
  C:50EEH         PUBLIC        ?C?LLDCODE0
  -------         ENDMOD        ?C?LLDCODE0

  -------         MODULE        ?C?LSTXDATA
  C:50FEH         PUBLIC        ?C?LSTXDATA
  -------         ENDMOD        ?C?LSTXDATA

Program Size: data=10.5 xdata=113 code=26660
LINK/LOCATE RUN COMPLETE.  0 WARNING(S),  0 ERROR(S)
