C51 COMPILER V9.60.7.0   MAIN                                                              06/28/2025 13:43:06 PAGE 1   


C51 COMPILER V9.60.7.0, COMPILATION OF MODULE MAIN
OBJECT MODULE PLACED IN .\Objects\main.obj
COMPILER INVOKED BY: D:\KEIL_STM32\C51\BIN\C51.EXE main.c LARGE OPTIMIZE(8,SPEED) BROWSE DEBUG OBJECTEXTEND PRINT(.\List
                    -ings\main.lst) OBJECT(.\Objects\main.obj)

line level    source

   1          #include "320240.h"
   2          #include "PIC.h"
   3          unsigned char mode;
   4          void main(void)
   5          {
   6   1               P0=P1=P2=P3=0xff;
   7   1               delay(10);
   8   1               reset=0;
   9   1               delay(10);
  10   1               reset=1;
  11   1               delay(500);
  12   1               lcd_init();
  13   1               delay(500);
  14   1                              lcd_init();
  15   1                      DisplayDots(0xAA, 0xAA);
  16   1                      delay(5000);
  17   1                      DisplayDots(0x55, 0x55);
  18   1                      delay(5000);
  19   1                      DisplayDots(0xAA, 0x55);
  20   1                      delay(5000);
  21   1                      DisplayDots(0x55, 0xAA);
  22   1                      delay(5000);
  23   1                      DisplayDots(0xff, 0x00);
  24   1                      delay(5000);
  25   1                      DisplayDots(0x00, 0xff);
  26   1                      delay(5000);
  27   1                      demo_picture();
  28   1                      delay(5000);
  29   1                      lcd_cls(0);
  30   1                      DisplayFullCGROM();
  31   1                      delay(5000);
  32   1      lcd_init();
  33   1       while(1)
  34   1              {
  35   2      //              if(ReadKey1())
  36   2      //              mode++;
  37   2      //              mode%=7;
  38   2      //              DisplayDots(0x00,0x00);
  39   2      //              switch(mode)
  40   2      //              {       
  41   2      //              case 0:DisplayDots(0xff,0x00);
  42   2      //              break;
  43   2      //              case 1:DisplayDots(0x00,0xFF);
  44   2      //              break;
  45   2      //              case 2:DisplayDots(0x55,0x55);
  46   2      //              break;
  47   2      //              case 3:DisplayDots(0xAA,0xAA);
  48   2      //              break;
  49   2      //              case 4:DisplayDots(0xaa,0x55);
  50   2      //              break;
  51   2      //              case 5:DisplayDots(0x55,0xAA);
  52   2      //              break;
  53   2      //              case 6:DisplayDots(0xFF,0xFF);
  54   2      //              break;
C51 COMPILER V9.60.7.0   MAIN                                                              06/28/2025 13:43:06 PAGE 2   

  55   2      //              case 7:demo_picture();  
  56   2      //              break;
  57   2      //              }
  58   2               demo_picture();   //show picture
  59   2               demo_pixel();     //drawing pixels
  60   2               demo_line();      //drawing line
  61   2               demo_rectangle(); //painted square demo function
  62   2               demo_circle();    //drawing circle
  63   2               demo_sine();      //sine presentation function 
  64   2               demo_hz();        //show chinese 
  65   2               demo_roll();      //display scroll 
  66   2               demo_game();     //show moving circle 
  67   2               
  68   2      
  69   2                 
  70   2              }
  71   1      }


MODULE INFORMATION:   STATIC OVERLAYABLE
   CODE SIZE        =    212    ----
   CONSTANT SIZE    =   ----    ----
   XDATA SIZE       =      1    ----
   PDATA SIZE       =   ----    ----
   DATA SIZE        =   ----    ----
   IDATA SIZE       =   ----    ----
   BIT SIZE         =   ----    ----
END OF MODULE INFORMATION.


C51 COMPILATION COMPLETE.  0 WARNING(S),  0 ERROR(S)
