C51 COMPILER V9.60.7.0   MAIN                                                              08/25/2025 20:49:32 PAGE 1   


C51 COMPILER V9.60.7.0, COMPILATION OF MODULE MAIN
OBJECT MODULE PLACED IN main.OBJ
COMPILER INVOKED BY: D:\KEIL_STM32\C51\BIN\C51.EXE main.c OPTIMIZE(8,SPEED) BROWSE INCDIR(.\SRC) DEBUG OBJECTEXTEND

line level    source

   1          #include "REG51.h"
   2          #include "oled.h"
   3          #include "bmp.h"
   4          
   5          int main(void)
   6          {       
   7   1              
   8   1                      u8 t=' ';
   9   1              OLED_Init();//初始化OLED
  10   1              OLED_ColorTurn(0);//0正常显示，1 反色显示
  11   1          OLED_DisplayTurn(0);//0正常显示 1 屏幕翻转显示
  12   1                      OLED_Clear();
  13   1              OLED_Fill_Column(0x00, 0x00);
  14   1                  OLED_ShowString(100,2,"Made in China",16);
  15   1                      OLED_ShowString(0,4,"2025/09/10",16);
  16   1              while(1) 
  17   1              {
  18   2      //      u8 t=' ';
  19   2      //      OLED_Init();//初始化OLED
  20   2      //      OLED_ColorTurn(0);//0正常显示，1 反色显示
  21   2      //    OLED_DisplayTurn(0);//0正常显示 1 屏幕翻转显示
  22   2                      
  23   2      //              OLED_DrawBMP(0,0,128,64,BMP1);
  24   2      //              delay_ms(10);
  25   2      //              OLED_Clear();
  26   2      
  27   2      //              OLED_ShowChinese(18,0,0,16);// 
  28   2      //              OLED_ShowChinese(36,0,1,16);//
  29   2      //              OLED_ShowChinese(54,0,2,16);// 
  30   2      //              OLED_ShowChinese(72,0,3,16);//
  31   2      //              OLED_ShowChinese(90,0,4,16);//
  32   2      //              OLED_ShowString(128,2,"Made in China",16);
  33   2      //              OLED_ShowString(0,4,"2025/09/10",16);
  34   2      //              OLED_ShowString(1,6,"ASCII:",16);  
  35   2      //              OLED_ShowString(63,6,"CODE:",16);
  36   2      //              OLED_ShowChar(48,6,t,16);
  37   2      //              t++;
  38   2      //              if(t>'~')t=' ';
  39   2      //              OLED_ShowNum(103,6,t,3,16);
  40   2      //              delay_ms(1);
  41   2      //              OLED_Clear();
  42   2                      
  43   2      //      OLED_DrawBMP(0,0,128,64,BMP1);
  44   2      //      delay_ms(100);
  45   2      //      OLED_DrawBMP(0,0,128,64,BMP2);
  46   2      
  47   2      //      OLED_ShowChinese(18,1,0,16); 
  48   2      //      OLED_ShowChinese(36,1,1,16);
  49   2      //      OLED_ShowChinese(54,1,2,16);
  50   2      //      OLED_ShowChinese(72,1,3,16);
  51   2      //      OLED_ShowChinese(90,1,4,16);
  52   2              
  53   2      //      OLED_ShowChinese(18,3,5,16);
  54   2      //      OLED_ShowChinese(36,3,6,16);
  55   2      //      OLED_ShowChinese(54,3,7,16);
C51 COMPILER V9.60.7.0   MAIN                                                              08/25/2025 20:49:32 PAGE 2   

  56   2      //      OLED_ShowChinese(72,3,8,16);
  57   2      //      OLED_ShowChinese(90,3,9,16);
  58   2      //      OLED_ShowString(0,6,"1.54Inch_OLED",16);
  59   2      //      delay_ms(100);
  60   2      //      
  61   2      //      OLED_Fill_Row(0X55) ;
  62   2      //      delay_ms(100);
  63   2      //      
  64   2      //      OLED_Fill_Row(0XAA) ;
  65   2      //      delay_ms(100);
  66   2      //      
  67   2      //      OLED_Fill_Column(0xFF, 0x00); 
  68   2      //      delay_ms(100);
  69   2      
  70   2      //      OLED_Fill_Column(0x00, 0xFF); 
  71   2      //      delay_ms(100);
  72   2      
  73   2      //      OLED_Fill_Column(0x55, 0xAA); 
  74   2      //      delay_ms(100);
  75   2      
  76   2      //      OLED_Fill_Column(0xAA, 0x55); 
  77   2      //      delay_ms(100);
  78   2      //      OLED_Fill_Column(0x00, 0x00); 
  79   2      //      OLED_Clear();   
  80   2      //      OLED_ColorTurn(1);//0正常显示，1 反色显示
  81   2              
  82   2      //      OLED_DrawBMP(0,0,128,64,BMP1);
  83   2      //      delay_ms(100);
  84   2      //      OLED_DrawBMP(0,0,128,64,BMP2);
  85   2              
  86   2      //      OLED_ShowChinese(18,1,0,16); 
  87   2      //      OLED_ShowChinese(36,1,1,16);
  88   2      //      OLED_ShowChinese(54,1,2,16);
  89   2      //      OLED_ShowChinese(72,1,3,16);
  90   2      //      OLED_ShowChinese(90,1,4,16);
  91   2      //      
  92   2      //      OLED_ShowChinese(18,3,5,16);
  93   2      //      OLED_ShowChinese(36,3,6,16);
  94   2      //      OLED_ShowChinese(54,3,7,16);
  95   2      //      OLED_ShowChinese(72,3,8,16);
  96   2      //      OLED_ShowChinese(90,3,9,16);
  97   2      //      OLED_ShowString(0,6,"1.54Inch_OLED",16);
  98   2      //      delay_ms(100);  
  99   2              }               
 100   1      }


MODULE INFORMATION:   STATIC OVERLAYABLE
   CODE SIZE        =     61    ----
   CONSTANT SIZE    =   2073    ----
   XDATA SIZE       =   ----    ----
   PDATA SIZE       =   ----    ----
   DATA SIZE        =   ----       1
   IDATA SIZE       =   ----    ----
   BIT SIZE         =   ----    ----
END OF MODULE INFORMATION.


C51 COMPILATION COMPLETE.  0 WARNING(S),  0 ERROR(S)
