C51 COMPILER V9.60.7.0   MAIN                                                              04/21/2025 18:42:26 PAGE 1   


C51 COMPILER V9.60.7.0, COMPILATION OF MODULE MAIN
OBJECT MODULE PLACED IN .\Objects\main.obj
COMPILER INVOKED BY: D:\KEIL_STM32\C51\BIN\C51.EXE main.c OPTIMIZE(8,SPEED) BROWSE DEBUG OBJECTEXTEND PRINT(.\Listings\m
                    -ain.lst) OBJECT(.\Objects\main.obj)

line level    source

   1          //SMC1604A??????????????????[ASM51????][MCS51??????]
   2          //????: LCM1604A?????????????
   3          //  ????????LCM1604A???????MCS51???????MCS51?????
   4          //???????
   5          //  ???????HD44780?????MCS51??????????,LCM1604??????
   6          //????????????????,HD44780???????????????????,
   7          //??SMC1604???????????????????.
   8          //  ???????,?16?ASCII??X4??????????"LCM1604A",
   9          //"ORIENTAL-LCD.COM","ShenZhenOriental","***Technology***"????0..9??????
  10          //??,????,??????????,???????1???LCD??.
  11          //-------------------------------------------------------------------------------
  12          //????: 2009.08.11
  13          //????: VW For Windows
  14          //????: AT89C52 MCU,MCS-51?? MCU,etc.
  15          //???: ???
  16          //????: ??(0762-2898988),??(0762-2898818),??(WWW.YEHUIDISPLAY.COM)
  17          //????: ??????????????,???????.
  18          //????: http:/www.yehuidisplay.com/lcm/product/1/LCM2002A.pdf
  19          //-------------------------------------------------------------------------------
  20          #include <reg51.h>
  21          #include <intrins.h>
  22          //????????????
  23          void exsample(void);                    //????
  24          void exdelay(void);                     //???????
  25          void charfill(unsigned char c);         //????A???ASCII?????
  26          void putstrxy(unsigned char cx,unsigned char cy,unsigned char code *s);
  27                                                  //?(cx,cy)???????????
  28          void putstr(unsigned char code *s);     //?????????
  29          void putchar(unsigned char c);          //?(CXPOS,CYPOS)??????????
  30          unsigned char getchar(void);            //?(CXPOS,CYPOS)??????????
  31          void charlcdpos(void);                  //??(CXPOS,CYPOS)?????DDRAM??
  32          void charcursornext(void);              //????????????????
  33          void lcdreset(void);                    //SMC1604???????????????
  34          void delay3ms(void);                    //??3MS???
  35          void lcdwc(unsigned char c);            //???????????????
  36          void lcdwd(unsigned char d);            //???????????????
  37          unsigned char lcdrd(void);              //??????
  38          void lcdwaitidle(void);                 //??????
  39          //-------------------------------------------------------------------------------
  40          //LCM1604A???????????
  41          //PIN1: VSS  [???]-------------------VSS
  42          //PIN2: VDD  [????]-----------------VDD
  43          //PIN3: Vo   [LCD ????]-------------?10K??????VSS,0?????
  44          //PIN4: RS   [??/???????]------P3.0
  45          //PIN5: RW   [????????]---------P3.1
  46          //PIN6: E    [??????]-------------P3.2
  47          //PIN7: D0   [Data I/O]-----------------P1.0
  48          //PIN8: D1   [Data I/O]-----------------P1.1
  49          //PIN9: D2   [Data I/O]-----------------P1.2
  50          //PIN10:D3   [Data I/O]-----------------P1.3
  51          //PIN11:D4   [Data I/O]-----------------P1.4
  52          //PIN12:D5   [Data I/O]-----------------P1.5
  53          //PIN13:D6   [Data I/O]-----------------P1.6
  54          //PIN14:D7   [Data I/O]-----------------P1.7
C51 COMPILER V9.60.7.0   MAIN                                                              04/21/2025 18:42:26 PAGE 2   

  55          //PIN15:BLA  [?????]---------------?10????+5V.
  56          //PIN16:BLK  [?????]---------------VSS
  57          //???http:/www.yehuidisplay.com/lcm/product/1/LCM2002A.pdf
  58          //?????http://www.yehuidisplay.com/lcm/reference/HD44780_CHARACTER_TABLE.pdf
  59          //-------------------------------------------------------------------------------
  60          //???????????????????
  61          //??????????,????????????????
  62          sbit RSPIN   = P3^0;                    //RS???????
  63          sbit RWPIN   = P3^1;                    //RW???????
  64          sbit EPIN    = P3^2;                    //E???????
  65          //-------------------------------------------------------------------------------
  66          //??CXPOS,CYPOS???????????????????
  67          unsigned char data CXPOS;               //???????(??CHARLCDPOS???)
  68          unsigned char data CYPOS;               //???????(??CHARLCDPOS???)
  69          //-------------------------------------------------------------------------------
  70          void main(void)                         //???
  71          {
  72   1        while(1)
  73   1        {
  74   2          exsample();                         //??????
  75   2        }
  76   1      }
  77          void exsample(void)                     //????
  78          {   unsigned char i;
  79   1      //0.??????,LCD??????????,???????
  80   1          lcdreset();                         //??????????
  81   1          charfill(' ');                      //????
  82   1      
  83   1      //1.?????: ?(4,0)??????"LCM1604A"
  84   1          putstrxy(4,0,"LCM1604A");           //?(4,0)?????????
  85   1          exdelay();                          //???300mS
  86   1          exdelay();                          //???300mS
  87   1      
  88   1      //2.?????: ?(0,1)??????"ORIENTAL-LCD.COM"
  89   1      //    putstrxy(0,1,"ORIENTAL-LCD.COM");      //?(2,1)?????????
  90   1      //    exdelay();                          //???300mS
  91   1      //    exdelay();                          //???300mS
  92   1      
  93   1      //3.?????: ?(0,2)??????"ShenZhenOriental"
  94   1      //    putstrxy(0,2,"ShenZhenOriental");   //?(0,2)?????????
  95   1      //    exdelay();                          //???300mS
  96   1      //    exdelay();                          //???300mS
  97   1      
  98   1      //4.?????: ?(0,3)??????"***Technology***"
  99   1      //
 100   1      //???300mS
 101   1      
 102   1      //5.??????: ????0..9 ????
 103   1          for(i='0';i<'9'+1;i++)
 104   1          {   charfill(i);                    //?????i??
 105   2              exdelay();                      //???300mS
 106   2          }
 107   1          charfill(' ');                      //????
 108   1          exdelay();                          //???300mS
 109   1      
 110   1      //6.????: ????A..Z ??
 111   1          for(i='A';i<'Z'+1;i++)              //????A..Z??
 112   1          {   putchar(i);                     //???????i??
 113   2              charcursornext();               //?????????????
 114   2              exdelay();                      //???300mS
 115   2          }
 116   1      
C51 COMPILER V9.60.7.0   MAIN                                                              04/21/2025 18:42:26 PAGE 3   

 117   1      //7.????: ???????1???LCD??.
 118   1          for(CXPOS=0,CYPOS=0,i=0;i<32;i++)   //????(0,0)
 119   1          {   putchar(getchar()+1);           //?????????1???LCD??
 120   2              charcursornext();               //?????????????
 121   2              exdelay();                      //???300mS
 122   2          }
 123   1      }
 124          void exdelay(void)                      //???????
 125          { unsigned char i,j,k;                  //???300mS
 126   1        for(i=0;i<30;i++)
 127   1          for(j=0;j<64;j++)
 128   1            for(k=0;k<51;k++);
 129   1      }
 130          //-------------------------------------------------------------------------------
 131          //??charfill,putstr,putchar,getchar?HD44780??????????????????
 132          //-------------------------------------------------------------------------------
 133          //?????:void charfill(unsigned char c).
 134          //??:????A???ASCII??.
 135          //????:2009.08.11
 136          //???:???
 137          //-------------------------------------------------------------------------------
 138          void charfill(unsigned char c)          //????A???ASCII?????
 139          {   for(CXPOS=CYPOS=0;1;)
 140   1          {   putchar(c);                     //?????
 141   2              charcursornext();               //?????????????
 142   2              if((CXPOS==0) && (CYPOS==0)) break;
 143   2          }
 144   1      }
 145          //-------------------------------------------------------------------------------
 146          //?????:void putstrxy(unsigned char cx,unsigned char cy,unsigned char *s).
 147          //??:?(cx,cy)????????.
 148          //????:2009.08.11
 149          //???:???
 150          //-------------------------------------------------------------------------------
 151          void putstrxy(unsigned char cx,unsigned char cy,unsigned char code *s)
 152          {                                       //?(cx,cy)???????????
 153   1          CXPOS=cx;                           //???X???cx
 154   1          CYPOS=cy;                           //???Y???cy
 155   1          for(;*s!=0;s++)                     //?????????,??
 156   1          {   putchar(*s);                    //?1???
 157   2              charcursornext();               //?????????
 158   2          }
 159   1      }
 160          //-------------------------------------------------------------------------------
 161          //?????:void putstr(unsigned char *s).
 162          //??:?(CXPOS,CYPOS)????????.
 163          //????:2009.08.11
 164          //???:???
 165          //-------------------------------------------------------------------------------
 166          void putstr(unsigned char code *s)      //?????????
 167          {   for(;*s!=0;s++)                     //?????????,??
 168   1          {   putchar(*s);                    //?1???
 169   2              charcursornext();               //?????????
 170   2          }
 171   1      }
 172          //-------------------------------------------------------------------------------
 173          //?????:void putchar(unsigned char c).
 174          //??:?(CXPOS,CYPOS)???????.
 175          //????:2009.08.11
 176          //???:???
 177          //-------------------------------------------------------------------------------
 178          void putchar(unsigned char c)           //?(CXPOS,CYPOS)??????????
C51 COMPILER V9.60.7.0   MAIN                                                              04/21/2025 18:42:26 PAGE 4   

 179          {
 180   1          charlcdpos();                       //??(CXPOS,CYPOS)?????DDRAM??
 181   1          lcdwd(c);                           //???
 182   1      }
 183          //-------------------------------------------------------------------------------
 184          //?????:unsigned char getchar(void).
 185          //??:?(CXPOS,CYPOS)???????.
 186          //????:2009.08.12
 187          //???:???
 188          //-------------------------------------------------------------------------------
 189          unsigned char getchar(void)             //?(CXPOS,CYPOS)??????????
 190          {
 191   1          charlcdpos();                       //??(CXPOS,CYPOS)?????DDRAM??
 192   1          return lcdrd();                     //???
 193   1      }
 194          //-------------------------------------------------------------------------------
 195          //??charlcdpos,charcursornext,lcdreset?HD44780?????????????
 196          //16??X4??SMC1604????????????????????.
 197          //-------------------------------------------------------------------------------
 198          //?????:void charlcdpos(void).
 199          //??:??(CXPOS,CYPOS)?????DDRAM??.
 200          //????:2009.08.11
 201          //???:???
 202          //-------------------------------------------------------------------------------
 203          void charlcdpos(void)                   //??(CXPOS,CYPOS)?????DDRAM??
 204          {
 205   1          CXPOS&=0X0f;                        //X????(0?15)
 206   1          CYPOS&=0X03;                        //Y????(0?1)
 207   1          if(CYPOS==0)                        //(???)X: ?0----15???
 208   1              lcdwc(CXPOS|0x80);              //    DDRAM:   0----0FH
 209   1          else if (CYPOS==1)                  //(???)X: ?0----15???
 210   1              lcdwc(CXPOS|0xC0);              //    DDRAM:  40----4FH
 211   1          else if (CYPOS==2)                  //(???)X: ?0----15???
 212   1              lcdwc(CXPOS|0x90);              //    DDRAM:  10----1FH
 213   1          else                                //(???)X: ?0----15???
 214   1              lcdwc(CXPOS|0xD0);              //    DDRAM:  50----5FH
 215   1      }
 216          //-------------------------------------------------------------------------------
 217          //?????:void charcursornext(void).
 218          //??:?????????????.
 219          //????:2009.08.11
 220          //???:???
 221          //-------------------------------------------------------------------------------
 222          void charcursornext(void)               //????????????????
 223          {
 224   1          CXPOS++;                            //?????1
 225   1          if(CXPOS>15)                        //????CXPOS>15?????
 226   1          {   CXPOS=0;                        //????????
 227   2              CYPOS++;                        //????1
 228   2              CYPOS&=0X3;                     //????CYPOS??????(0?3)
 229   2          }
 230   1      }
 231          //-------------------------------------------------------------------------------
 232          //?????:void lcdreset(void).
 233          //??:??????????.
 234          //????:2009.08.11
 235          //???:???
 236          //-------------------------------------------------------------------------------
 237          void lcdreset(void)                     //SMC1604???????????????
 238          {                                       //1604???????0x38
 239   1          lcdwc(0x38);                        //?????????
 240   1          delay3ms();                         //??3MS
C51 COMPILER V9.60.7.0   MAIN                                                              04/21/2025 18:42:26 PAGE 5   

 241   1          lcdwc(0x38);                        //?????????
 242   1          delay3ms();                         //??3MS
 243   1          lcdwc(0x38);                        //?????????
 244   1          delay3ms();                         //??3MS
 245   1          lcdwc(0x38);                        //?????????
 246   1          delay3ms();                         //??3MS
 247   1          lcdwc(0x08);                        //????
 248   1          lcdwc(0x01);                        //??
 249   1          delay3ms();                         //??3MS
 250   1          lcdwc(0x06);                        //????????
 251   1          lcdwc(0x0C);                        //????????
 252   1      }
 253          void delay3ms(void)                     //??3MS???
 254          { unsigned char i,j,k;
 255   1        for(i=0;i<3;i++)
 256   1          for(j=0;j<64;j++)
 257   1            for(k=0;k<51;k++);
 258   1      }
 259          //-------------------------------------------------------------------------------
 260          //??lcdwc,lcdwd,lcdrd?HD44780?????MCS51????????????,
 261          //lcdwaitidle??????.
 262          //-------------------------------------------------------------------------------
 263          //?????:void lcdwc(unsigned char c).
 264          //??:????????????.
 265          //????:2009.08.08
 266          //???:???
 267          //-------------------------------------------------------------------------------
 268          void lcdwc(unsigned char c)             //???????????????
 269          {
 270   1          lcdwaitidle();                       //HD44780??????????
 271   1          RSPIN=0;                             //RS=0 RW=0 E=???
 272   1          RWPIN=0;
 273   1          P1=c;
 274   1          EPIN=1;
 275   1          _nop_();
 276   1          EPIN=0;
 277   1      }
 278          //-------------------------------------------------------------------------------
 279          //?????:void lcdwd(unsigned char d).
 280          //??:???????????.
 281          //????:2009.08.12
 282          //???:???
 283          //-------------------------------------------------------------------------------
 284          void lcdwd(unsigned char d)             //???????????????
 285          {
 286   1          lcdwaitidle();                       //HD44780??????????
 287   1          RSPIN=1;                             //RS=1 RW=0 E=???
 288   1          RWPIN=0;
 289   1          P1=d;
 290   1          EPIN=1;
 291   1          _nop_();
 292   1          EPIN=0;
 293   1      }
 294          //-------------------------------------------------------------------------------
 295          //?????:unsigned char lcdrd(void).
 296          //??:???????????.
 297          //????:2009.08.12
 298          //???:???
 299          //-------------------------------------------------------------------------------
 300          unsigned char lcdrd(void)               //??????
 301          {   unsigned char d;
 302   1          lcdwaitidle();                       //HD44780??????????
C51 COMPILER V9.60.7.0   MAIN                                                              04/21/2025 18:42:26 PAGE 6   

 303   1          P1=0xff;
 304   1          RSPIN=1;                             //RS=1 RW=1 E=???
 305   1          RWPIN=1;
 306   1          EPIN=1;
 307   1          _nop_();
 308   1          d=P1;
 309   1          EPIN=0;
 310   1          return d;
 311   1      }
 312          //-------------------------------------------------------------------------------
 313          //?????:void lcdwaitidle(void).
 314          //??:???.
 315          //????:2009.08.12
 316          //???:???
 317          //-------------------------------------------------------------------------------
 318          void lcdwaitidle(void)                  //??????
 319          {   unsigned char i;
 320   1          P1=0xff;
 321   1          RSPIN=0;                            //RS=0 RW=1 E=???
 322   1          RWPIN=1;
 323   1          EPIN=1;
 324   1          for(i=0;i<20;i++)
 325   1              if((P1&0x80) == 0) break;       //D7=0 ??LCD?????,?????
 326   1          EPIN=0;
 327   1      }


MODULE INFORMATION:   STATIC OVERLAYABLE
   CODE SIZE        =    456    ----
   CONSTANT SIZE    =      9    ----
   XDATA SIZE       =   ----    ----
   PDATA SIZE       =   ----    ----
   DATA SIZE        =      2       9
   IDATA SIZE       =   ----    ----
   BIT SIZE         =   ----    ----
END OF MODULE INFORMATION.


C51 COMPILATION COMPLETE.  0 WARNING(S),  0 ERROR(S)
