C51 COMPILER V9.60.7.0   MAIN                                                              11/22/2024 22:10:20 PAGE 1   


C51 COMPILER V9.60.7.0, COMPILATION OF MODULE MAIN
OBJECT MODULE PLACED IN .\Objects\main.obj
COMPILER INVOKED BY: D:\KEIL_STM32\C51\BIN\C51.EXE main.c LARGE OPTIMIZE(8,SPEED) BROWSE DEBUG OBJECTEXTEND PRINT(.\List
                    -ings\main.lst) OBJECT(.\Objects\main.obj)

line level    source

   1           #include <REG52.H>       
   2          #include "lcd12864.h"   
   3          #include "picture.h" 
   4          unsigned char mode;
   5          sbit int0=P2^0; 
   6             
   7          void main( void )   
   8          {      
   9   1       Delay(20);  
  10   1       IE=0x81;
  11   1       IP=0x01;
  12   1       TCON=0x01;
  13   1       int0=1;  
  14   1       LcmInit();   
  15   1       LcmClear(); 
  16   1      LcmPutDots(0x55,0xaa);
  17   1       Delay(600); 
  18   1        LcmPutDots(0xaa,0x55);
  19   1        Delay(600);
  20   1        
  21   1       LcmPutDots(0x55,0x55);
  22   1       Delay(600); 
  23   1        LcmPutDots(0xaa,0xaa);
  24   1        Delay(600); 
  25   1      
  26   1        LcmPutDots(0xff,0x00);
  27   1        Delay(600); 
  28   1        LcmPutDots(0x00,0xff);
  29   1        Delay(600); 
  30   1      
  31   1      Display_Chinese();
  32   1        Delay(500); 
  33   1       // Display_character();        
  34   1       while(1)   
  35   1       {
  36   2               if(key())
  37   2               {
  38   3                       mode++;
  39   3                       if(mode>9)mode=1;
  40   3                       switch(mode)
  41   3                       {
  42   4                               case 1:LcmPutDots(0x55,0xaa);
  43   4                               break;
  44   4                               case 2:LcmPutDots(0xaa,0x55);
  45   4                               break;
  46   4                               case 3:LcmPutDots(0xaa,0xaa);
  47   4                               break;
  48   4                               case 4:LcmPutDots(0x55,0x55);
  49   4                               break;
  50   4                               case 5:LcmPutDots(0x00,0xff);
  51   4                               break; 
  52   4                               case 6:LcmPutDots(0xff,0x00);
  53   4                               break; 
  54   4                               case 7:LcmPutDots(0xff,0xff);
C51 COMPILER V9.60.7.0   MAIN                                                              11/22/2024 22:10:20 PAGE 2   

  55   4                               break; 
  56   4                               case 8:Display_character();
  57   4                               break;
  58   4                               case 9:Display_Chinese();
  59   4                               break;                          
  60   4                       }
  61   3                               
  62   3               }
  63   2      
  64   2       }   
  65   1      }   
  66            


MODULE INFORMATION:   STATIC OVERLAYABLE
   CODE SIZE        =    241    ----
   CONSTANT SIZE    =   ----    ----
   XDATA SIZE       =      1    ----
   PDATA SIZE       =   ----    ----
   DATA SIZE        =   ----    ----
   IDATA SIZE       =   ----    ----
   BIT SIZE         =   ----    ----
END OF MODULE INFORMATION.


C51 COMPILATION COMPLETE.  0 WARNING(S),  0 ERROR(S)
