C51 COMPILER V9.60.7.0   PICTURE                                                           09/19/2025 14:58:44 PAGE 1   


C51 COMPILER V9.60.7.0, COMPILATION OF MODULE PICTURE
OBJECT MODULE PLACED IN .\Objects\picture.obj
COMPILER INVOKED BY: D:\KEIL_STM32\C51\BIN\C51.EXE picture.c LARGE OPTIMIZE(8,SPEED) BROWSE DEBUG OBJECTEXTEND PRINT(.\L
                    -istings\picture.lst) OBJECT(.\Objects\picture.obj)

line level    source

   1          unsigned char code character[]=
   2          {
   3              0x00, 0x00, 0x66, 0x99, 0x81, 0x81, 0x42, 0x3C, // 心形
   4              0x00, 0x00, 0x7E, 0x42, 0x42, 0x7E, 0x00, 0x00, // 方块
   5              0x00, 0x18, 0x24, 0x42, 0x42, 0x24, 0x18, 0x00, // 菱形
   6          };              
   7                  
   8                   
   9                   
  10          unsigned char code font[]=
  11          {
  12          
  13          ///*-- ID:0,字符:"广",ASCII编码:B9E3,对应字:宽x高=16x16,画布:宽W=16 高H=16,共32字节*/
  14          //0x00,0x00,0xfc,0x04,0x04,0x04,0x04,0x05,0x06,0x04,0x04,0x04,0x04,0x04,0x04,0x00,
  15          //0x40,0x30,0x0f,0x00,0x00,0x00,0x00,0x00,0x00,0x00,0x00,0x00,0x00,0x00,0x00,0x00,
  16          
  17          ///*-- ID:1,字符:"东",ASCII编码:B6AB,对应字:宽x高=16x16,画布:宽W=16 高H=16,共32字节*/
  18          //0x00,0x08,0x08,0x88,0x68,0x18,0x0f,0xe8,0x08,0x08,0x08,0x08,0x08,0x00,0x00,0x00,
  19          //0x00,0x40,0x21,0x11,0x0d,0x41,0x81,0x7f,0x01,0x0d,0x11,0x21,0x41,0x00,0x00,0x00,
  20          
  21          ///*-- ID:2,字符:"烨",ASCII编码:ECC7,对应字:宽x高=16x16,画布:宽W=16 高H=16,共32字节*/
  22          //0x80,0x70,0x00,0xff,0x20,0x98,0x40,0xf8,0x07,0x40,0x7f,0xa0,0x90,0xc8,0x00,0x00,
  23          //0x80,0x60,0x18,0x07,0x08,0x34,0x04,0x05,0x04,0xff,0x04,0x04,0x04,0x04,0x04,0x00,
  24          
  25          ///*-- ID:3,字符:"辉",ASCII编码:BBD4,对应字:宽x高=16x16,画布:宽W=16 高H=16,共32字节*/
  26          //0x44,0x48,0xd0,0x7f,0xd0,0x4c,0x40,0xa6,0x62,0x3a,0xa2,0x22,0x22,0x22,0x06,0x00,
  27          //0x40,0x30,0x0f,0x00,0x3f,0x10,0x08,0x09,0x09,0x09,0xff,0x09,0x09,0x09,0x08,0x00,
  28          
  29          ///*-- ID:4,字符:"科",ASCII编码:BFC6,对应字:宽x高=16x16,画布:宽W=16 高H=16,共32字节*/
  30          //0x24,0x24,0x24,0xa4,0xfe,0xa3,0x22,0x00,0x24,0x48,0x00,0xff,0x00,0x00,0x00,0x00,
  31          //0x10,0x08,0x06,0x01,0xff,0x00,0x01,0x02,0x02,0x02,0x02,0xff,0x02,0x02,0x02,0x00,
  32          
  33          ///*-- ID:5,字符:"技",ASCII编码:BCBC,对应字:宽x高=16x16,画布:宽W=16 高H=16,共32字节*/
  34          //0x10,0x10,0x10,0xff,0x10,0x10,0x88,0x88,0x88,0xff,0x88,0x88,0x88,0x08,0x00,0x00,
  35          //0x04,0x44,0x82,0x7f,0x01,0x80,0x81,0x46,0x28,0x10,0x28,0x46,0x81,0x80,0x00,0x00,
  36          
  37          ///*-- ID:6,字符:"有",ASCII编码:D3D0,对应字:宽x高=16x16,画布:宽W=16 高H=16,共32字节*/
  38          //0x04,0x04,0x04,0x84,0xe4,0x3c,0x27,0x24,0x24,0x24,0x24,0xe4,0x04,0x04,0x04,0x00,
  39          //0x04,0x02,0x01,0x00,0xff,0x09,0x09,0x09,0x09,0x49,0x89,0x7f,0x00,0x00,0x00,0x00,
  40          
  41          ///*-- ID:7,字符:"限",ASCII编码:CFDE,对应字:宽x高=16x16,画布:宽W=16 高H=16,共32字节*/
  42          //0x00,0xfe,0x02,0x22,0xda,0x06,0x00,0xfe,0x92,0x92,0x92,0x92,0xfe,0x00,0x00,0x00,
  43          //0x00,0xff,0x08,0x10,0x08,0x07,0x00,0xff,0x42,0x24,0x08,0x14,0x22,0x20,0x20,0x00,
  44          
  45          ///*-- ID:8,字符:"公",ASCII编码:B9AB,对应字:宽x高=16x16,画布:宽W=16 高H=16,共32字节*/
  46          //0x00,0x00,0x80,0x40,0x30,0x0c,0x00,0xc0,0x06,0x18,0x20,0x40,0x80,0x80,0x80,0x00,
  47          //0x01,0x01,0x00,0x30,0x28,0x24,0x23,0x20,0x20,0x28,0x30,0x60,0x00,0x01,0x00,0x00,
  48          
  49          ///*-- ID:9,字符:"司",ASCII编码:CBBE,对应字:宽x高=16x16,画布:宽W=16 高H=16,共32字节*/
  50          //0x10,0x10,0x92,0x92,0x92,0x92,0x92,0x92,0x92,0x92,0x92,0x92,0xfe,0x00,0x00,0x00,
  51          //0x00,0x00,0x3f,0x10,0x10,0x10,0x10,0x10,0x3f,0x00,0x40,0x80,0x7f,0x00,0x00,0x00,
  52          
  53          
  54          
C51 COMPILER V9.60.7.0   PICTURE                                                           09/19/2025 14:58:44 PAGE 2   

  55          
  56          
  57          
  58          /* [字库]：[HZK1616宋体] [数据排列]:从左到右从上到下 [取模方式]:纵向8点下高位 [正负反色]:否 [去掉重复后]共
             -6个字符
  59          [总字符库]："中国制造广东"*/
  60          
  61          /*-- ID:0,字符:"中",ASCII编码:D6D0,对应字:宽x高=16x16,画布:宽W=16 高H=16,共32字节*/
  62          0x00,0xf8,0x08,0x08,0x08,0x08,0x08,0xff,0x08,0x08,0x08,0x08,0x08,0xfc,0x08,0x00,
  63          0x00,0x03,0x01,0x01,0x01,0x01,0x01,0xff,0x01,0x01,0x01,0x01,0x01,0x03,0x00,0x00,
  64          
  65          /*-- ID:1,字符:"国",ASCII编码:B9FA,对应字:宽x高=16x16,画布:宽W=16 高H=16,共32字节*/
  66          0x00,0xfe,0x02,0x0a,0x8a,0x8a,0x8a,0xfa,0x8a,0xca,0x8e,0x0a,0x02,0xff,0x02,0x00,
  67          0x00,0xff,0x40,0x50,0x50,0x50,0x50,0x5f,0x50,0x52,0x54,0x50,0x40,0xff,0x00,0x00,
  68          
  69          /*-- ID:2,字符:"制",ASCII编码:D6C6,对应字:宽x高=16x16,画布:宽W=16 高H=16,共32字节*/
  70          0x40,0x60,0x5e,0x48,0x48,0xff,0x48,0x4c,0x68,0x40,0xf8,0x00,0x00,0xff,0x00,0x00,
  71          0x00,0x00,0x3f,0x01,0x01,0xff,0x11,0x21,0x1f,0x00,0x07,0x40,0x80,0x7f,0x00,0x00,
  72          
  73          /*-- ID:3,字符:"造",ASCII编码:D4EC,对应字:宽x高=16x16,画布:宽W=16 高H=16,共32字节*/
  74          0x40,0x42,0x44,0xcc,0x00,0x50,0x4e,0x48,0x48,0x7f,0x48,0x4c,0xc8,0x60,0x40,0x00,
  75          0x00,0x40,0x20,0x1f,0x20,0x40,0x5f,0x51,0x51,0x51,0x51,0x51,0x5f,0x61,0x20,0x00,
  76          
  77          
  78          
  79          /*-- ID:0,字符:"Ｌ",ASCII编码:A3CC,对应字:宽x高=16x16,画布:宽W=16 高H=16,共32字节*/
  80          0x00,0x00,0x00,0x04,0xfc,0xfc,0x04,0x00,0x00,0x00,0x00,0x00,0x00,0x00,0x00,0x00,
  81          0x00,0x00,0x00,0x20,0x3f,0x3f,0x20,0x20,0x20,0x20,0x20,0x30,0x38,0x00,0x00,0x00,
  82          
  83          /*-- ID:1,字符:"Ｃ",ASCII编码:A3C3,对应字:宽x高=16x16,画布:宽W=16 高H=16,共32字节*/
  84          0x00,0x00,0x00,0xe0,0xf0,0x18,0x0c,0x04,0x04,0x04,0x0c,0x18,0x18,0x00,0x00,0x00,
  85          0x00,0x00,0x00,0x07,0x0f,0x18,0x30,0x20,0x20,0x20,0x30,0x10,0x08,0x00,0x00,0x00,
  86          
  87          /*-- ID:2,字符:"Ｍ",ASCII编码:A3CD,对应字:宽x高=16x16,画布:宽W=16 高H=16,共32字节*/
  88          0x00,0x00,0x04,0xfc,0x1c,0x70,0xe0,0x80,0x00,0x80,0xe0,0x10,0xfc,0xfc,0x04,0x00,
  89          0x00,0x00,0x20,0x3f,0x20,0x00,0x01,0x07,0x1c,0x07,0x00,0x20,0x3f,0x3f,0x20,0x00,
  90          
  91          /*-- ID:3,字符:"１",ASCII编码:A3B1,对应字:宽x高=16x16,画布:宽W=16 高H=16,共32字节*/
  92          0x00,0x00,0x00,0x00,0x00,0x00,0x08,0xf8,0xfc,0x00,0x00,0x00,0x00,0x00,0x00,0x00,
  93          0x00,0x00,0x00,0x00,0x00,0x00,0x20,0x3f,0x3f,0x20,0x00,0x00,0x00,0x00,0x00,0x00,
  94          
  95          /*-- ID:4,字符:"２",ASCII编码:A3B2,对应字:宽x高=16x16,画布:宽W=16 高H=16,共32字节*/
  96          0x00,0x00,0x00,0x00,0x30,0x38,0x0c,0x04,0x04,0x0c,0xf8,0xf0,0x00,0x00,0x00,0x00,
  97          0x00,0x00,0x00,0x00,0x20,0x30,0x38,0x2c,0x26,0x23,0x21,0x38,0x00,0x00,0x00,0x00,
  98          
  99          /*-- ID:5,字符:"８",ASCII编码:A3B8,对应字:宽x高=16x16,画布:宽W=16 高H=16,共32字节*/
 100          0x00,0x00,0x00,0x00,0x30,0x78,0xcc,0x84,0x84,0xcc,0x78,0x30,0x00,0x00,0x00,0x00,
 101          0x00,0x00,0x00,0x00,0x0e,0x1f,0x31,0x20,0x20,0x31,0x1f,0x0e,0x00,0x00,0x00,0x00,
 102          
 103          /*-- ID:6,字符:"６",ASCII编码:A3B6,对应字:宽x高=16x16,画布:宽W=16 高H=16,共32字节*/
 104          0x00,0x00,0x00,0x00,0xf0,0xf8,0x8c,0x44,0x44,0xcc,0x98,0x10,0x00,0x00,0x00,0x00,
 105          0x00,0x00,0x00,0x00,0x0f,0x1f,0x30,0x20,0x20,0x30,0x1f,0x0f,0x00,0x00,0x00,0x00,
 106          
 107          /*-- ID:7,字符:"４",ASCII编码:A3B4,对应字:宽x高=16x16,画布:宽W=16 高H=16,共32字节*/
 108          0x00,0x00,0x00,0x00,0x80,0xc0,0x70,0x18,0xfc,0xfe,0x00,0x00,0x00,0x00,0x00,0x00,
 109          0x00,0x00,0x00,0x06,0x07,0x05,0x04,0x24,0x3f,0x3f,0x24,0x04,0x00,0x00,0x00,0x00,
 110          
 111          /*-- ID:8,字符:"Ａ",ASCII编码:A3C1,对应字:宽x高=16x16,画布:宽W=16 高H=16,共32字节*/
 112          0x00,0x00,0x00,0x00,0x00,0x80,0x60,0x18,0x0c,0x78,0xe0,0x80,0x00,0x00,0x00,0x00,
 113          0x00,0x00,0x00,0x20,0x3c,0x27,0x02,0x02,0x02,0x02,0x27,0x3f,0x3c,0x20,0x00,0x00
 114          
 115          
C51 COMPILER V9.60.7.0   PICTURE                                                           09/19/2025 14:58:44 PAGE 3   

 116          
 117          };
 118          
 119          
 120          unsigned char code BMP0[]={
 121          /*-[数据排列]:从左到右从上到下 [取模方式]:纵向8点下高位 [正负反色]:否
 122          图像尺寸:128x64 画布尺寸:128x64，共1024个字节-*/
 123          0x3f,0x3f,0x03,0x03,0x03,0x03,0x00,0x00,0x00,0x00,0x00,0x00,0x00,0x00,0x00,0x00,
 124          0x00,0x00,0x00,0x00,0x00,0x00,0x00,0x00,0x00,0x00,0x00,0x00,0x00,0x00,0x00,0x00,
 125          0x00,0x00,0x00,0x00,0x00,0x00,0x00,0x00,0x00,0x00,0x00,0x00,0x00,0x00,0x00,0x00,
 126          0x00,0x00,0x00,0x00,0x00,0x00,0x00,0x00,0x00,0x00,0x00,0x00,0x00,0x00,0x00,0x00,
 127          0x00,0x00,0x00,0x00,0x00,0x00,0x00,0x00,0x00,0x00,0x00,0x00,0x00,0x00,0x00,0x00,
 128          0x00,0x00,0x00,0x00,0x00,0x00,0x00,0x00,0x00,0x00,0x00,0x00,0x00,0x00,0x00,0x00,
 129          0x00,0x00,0x00,0x00,0x00,0x00,0x00,0x00,0x00,0x00,0x00,0x00,0x00,0x00,0x00,0x00,
 130          0x00,0x00,0x00,0x00,0x00,0x00,0x00,0x00,0x00,0x00,0x03,0x03,0x03,0x03,0x3f,0x3f,
 131          0x00,0x00,0x00,0x00,0x00,0x00,0x00,0x00,0x00,0x00,0x00,0x00,0x00,0x00,0x00,0x00,
 132          0x00,0x00,0x00,0x00,0x00,0x00,0x00,0x00,0x00,0x00,0x00,0x00,0x00,0x00,0x00,0x00,
 133          0x00,0x00,0x00,0x00,0x00,0x00,0x00,0x00,0x00,0x00,0x00,0x00,0x00,0x00,0x00,0x00,
 134          0x00,0x00,0x00,0x00,0x00,0x00,0x00,0x00,0x00,0x00,0x00,0x00,0x00,0x00,0x00,0x00,
 135          0x00,0x00,0x00,0x00,0x00,0x00,0x00,0x00,0x00,0x00,0x00,0x00,0x00,0x00,0x00,0x00,
 136          0x00,0x00,0x00,0x00,0x00,0x00,0x00,0x00,0x00,0x00,0x00,0x00,0x00,0x00,0x00,0x00,
 137          0x00,0x00,0x00,0x00,0x00,0x00,0x00,0x00,0x00,0x00,0x00,0x00,0x00,0x00,0x00,0x00,
 138          0x00,0x00,0x00,0x00,0x00,0x00,0x00,0x00,0x00,0x00,0x00,0x00,0x00,0x00,0x00,0x00,
 139          0x00,0x00,0x00,0x00,0x00,0x00,0x00,0x00,0x00,0x00,0x00,0x00,0x00,0x00,0x00,0x00,
 140          0x00,0x00,0x00,0x00,0x00,0x00,0x00,0x00,0x00,0x00,0x00,0x00,0x00,0x00,0x00,0x00,
 141          0x00,0x00,0x00,0x00,0x00,0x00,0x00,0x00,0x00,0x00,0x00,0x00,0x00,0x00,0x00,0x00,
 142          0x00,0x00,0x00,0x00,0x00,0x00,0x00,0x00,0x00,0x00,0x00,0x00,0x00,0x00,0x00,0x00,
 143          0x00,0x00,0x00,0x00,0x00,0x00,0x00,0x00,0x00,0x00,0x00,0x00,0x00,0x00,0x00,0x00,
 144          0x00,0x00,0x00,0x00,0x00,0x00,0x00,0x00,0x00,0x00,0x00,0x00,0x00,0x00,0x00,0x00,
 145          0x00,0x00,0x00,0x00,0x00,0x00,0x00,0x00,0x00,0x00,0x00,0x00,0x00,0x00,0x00,0x00,
 146          0x00,0x00,0x00,0x00,0x00,0x00,0x00,0x00,0x00,0x00,0x00,0x00,0x00,0x00,0x00,0x00,
 147          0x00,0x00,0x00,0x00,0x00,0x00,0x00,0x00,0x00,0x00,0x00,0x00,0x00,0x00,0x00,0x00,
 148          0x00,0x00,0x00,0x00,0x00,0x00,0x00,0x00,0x00,0x00,0x00,0x00,0x00,0x00,0x00,0x00,
 149          0x00,0x00,0x00,0x00,0x00,0x00,0x00,0x00,0x00,0x00,0x00,0x00,0x00,0x00,0x00,0x00,
 150          0x00,0x00,0x00,0x00,0x00,0x00,0x00,0x00,0x00,0x00,0x00,0x00,0x00,0x00,0x00,0x00,
 151          0x00,0x00,0x00,0x00,0x00,0x00,0x00,0x00,0x00,0x00,0x00,0x00,0x00,0x00,0x00,0x00,
 152          0x00,0x00,0x00,0x00,0x00,0x00,0x00,0x00,0x00,0x00,0x00,0x00,0x00,0x00,0x00,0x00,
 153          0x00,0x00,0x00,0x00,0x00,0x00,0x00,0x00,0x00,0x00,0x00,0x00,0x00,0x00,0x00,0x00,
 154          0x00,0x00,0x00,0x00,0x00,0x00,0x00,0x00,0x00,0x00,0x00,0x00,0x00,0x00,0x00,0x00,
 155          0x00,0x00,0x00,0x00,0x00,0x00,0x00,0x00,0x00,0x00,0x00,0x00,0x00,0x00,0x00,0x00,
 156          0x00,0x00,0x00,0x00,0x00,0x00,0x00,0x00,0x00,0x00,0x00,0x00,0x00,0x00,0x00,0x00,
 157          0x00,0x00,0x00,0x00,0x00,0x00,0x00,0x00,0x00,0x00,0x00,0x00,0x00,0x00,0x00,0x00,
 158          0x00,0x00,0x00,0x00,0x00,0x00,0x00,0x00,0x00,0x00,0x00,0x00,0x00,0x00,0x00,0x00,
 159          0x00,0x00,0x00,0x00,0x00,0x00,0x00,0x00,0x00,0x00,0x00,0x00,0x00,0x00,0x00,0x00,
 160          0x00,0x00,0x00,0x00,0x00,0x00,0x00,0x00,0x00,0x00,0x00,0x00,0x00,0x00,0x00,0x00,
 161          0x00,0x00,0x00,0x00,0x00,0x00,0x00,0x00,0x00,0x00,0x00,0x00,0x00,0x00,0x00,0x00,
 162          0x00,0x00,0x00,0x00,0x00,0x00,0x00,0x00,0x00,0x00,0x00,0x00,0x00,0x00,0x00,0x00,
 163          0x00,0x00,0x00,0x00,0x00,0x00,0x00,0x00,0x00,0x00,0x00,0x00,0x00,0x00,0x00,0x00,
 164          0x00,0x00,0x00,0x00,0x00,0x00,0x00,0x00,0x00,0x00,0x00,0x00,0x00,0x00,0x00,0x00,
 165          0x00,0x00,0x00,0x00,0x00,0x00,0x00,0x00,0x00,0x00,0x00,0x00,0x00,0x00,0x00,0x00,
 166          0x00,0x00,0x00,0x00,0x00,0x00,0x00,0x00,0x00,0x00,0x00,0x00,0x00,0x00,0x00,0x00,
 167          0x00,0x00,0x00,0x00,0x00,0x00,0x00,0x00,0x00,0x00,0x00,0x00,0x00,0x00,0x00,0x00,
 168          0x00,0x00,0x00,0x00,0x00,0x00,0x00,0x00,0x00,0x00,0x00,0x00,0x00,0x00,0x00,0x00,
 169          0x00,0x00,0x00,0x00,0x00,0x00,0x00,0x00,0x00,0x00,0x00,0x00,0x00,0x00,0x00,0x00,
 170          0x00,0x00,0x00,0x00,0x00,0x00,0x00,0x00,0x00,0x00,0x00,0x00,0x00,0x00,0x00,0x00,
 171          0x00,0x00,0x00,0x00,0x00,0x00,0x00,0x00,0x00,0x00,0x00,0x00,0x00,0x00,0x00,0x00,
 172          0x00,0x00,0x00,0x00,0x00,0x00,0x00,0x00,0x00,0x00,0x00,0x00,0x00,0x00,0x00,0x00,
 173          0x00,0x00,0x00,0x00,0x00,0x00,0x00,0x00,0x00,0x00,0x00,0x00,0x00,0x00,0x00,0x00,
 174          0x00,0x00,0x00,0x00,0x00,0x00,0x00,0x00,0x00,0x00,0x00,0x00,0x00,0x00,0x00,0x00,
 175          0x00,0x00,0x00,0x00,0x00,0x00,0x00,0x00,0x00,0x00,0x00,0x00,0x00,0x00,0x00,0x00,
 176          0x00,0x00,0x00,0x00,0x00,0x00,0x00,0x00,0x00,0x00,0x00,0x00,0x00,0x00,0x00,0x00,
 177          0x00,0x00,0x00,0x00,0x00,0x00,0x00,0x00,0x00,0x00,0x00,0x00,0x00,0x00,0x00,0x00,
C51 COMPILER V9.60.7.0   PICTURE                                                           09/19/2025 14:58:44 PAGE 4   

 178          0x00,0x00,0x00,0x00,0x00,0x00,0x00,0x00,0x00,0x00,0x00,0x00,0x00,0x00,0x00,0x00,
 179          0xfc,0xfc,0xc0,0xc0,0xc0,0xc0,0x00,0x00,0x00,0x00,0x00,0x00,0x00,0x00,0x00,0x00,
 180          0x00,0x00,0x00,0x00,0x00,0x00,0x00,0x00,0x00,0x00,0x00,0x00,0x00,0x00,0x00,0x00,
 181          0x00,0x00,0x00,0x00,0x00,0x00,0x00,0x00,0x00,0x00,0x00,0x00,0x00,0x00,0x00,0x00,
 182          0x00,0x00,0x00,0x00,0x00,0x00,0x00,0x00,0x00,0x00,0x00,0x00,0x00,0x00,0x00,0x00,
 183          0x00,0x00,0x00,0x00,0x00,0x00,0x00,0x00,0x00,0x00,0x00,0x00,0x00,0x00,0x00,0x00,
 184          0x00,0x00,0x00,0x00,0x00,0x00,0x00,0x00,0x00,0x00,0x00,0x00,0x00,0x00,0x00,0x00,
 185          0x00,0x00,0x00,0x00,0x00,0x00,0x00,0x00,0x00,0x00,0x00,0x00,0x00,0x00,0x00,0x00,
 186          0x00,0x00,0x00,0x00,0x00,0x00,0x00,0x00,0x00,0x00,0xc0,0xc0,0xc0,0xc0,0xfc,0xfc
 187          
 188          };
 189           
 190          unsigned char code BMP1[]={    
 191          /*--  LxH=128x64  --*/
 192          0xFF,0x01,0x01,0x01,0x01,0x01,0x01,0xC1,0xF1,0xFD,0xFD,0x81,0x01,0x01,0x01,0x01,
 193          0x01,0x01,0x01,0x01,0xC1,0xE1,0xF1,0xF9,0xF9,0xFD,0xFD,0xF9,0xF9,0x61,0xF1,0x51,
 194          0x01,0x09,0x0D,0x0D,0x05,0x09,0x09,0x09,0x09,0x09,0x09,0x99,0xB9,0xC1,0x01,0x01,
 195          0x01,0x81,0x81,0xC1,0xC1,0x81,0x01,0x01,0x01,0x01,0x01,0x01,0x01,0x01,0x01,0x01,
 196          0xFF,0x01,0x01,0x01,0x01,0x01,0x01,0x01,0x01,0x01,0x01,0x01,0x01,0x01,0x01,0x01,
 197          0x01,0x01,0x01,0x01,0x01,0x01,0x01,0x01,0x01,0x01,0x01,0x01,0xE1,0xF1,0xF1,0xF1,
 198          0xE1,0xC1,0x01,0x01,0x01,0x01,0x01,0x01,0x01,0x01,0xF1,0x01,0x01,0x01,0x01,0x01,
 199          0x01,0x01,0x01,0x01,0x01,0x01,0x01,0x01,0x01,0x01,0x01,0x01,0x01,0x01,0x01,0xFF,
 200          0xFF,0x00,0x30,0x30,0x78,0x7C,0x7F,0x71,0x66,0x60,0x71,0x7F,0x7C,0x80,0x00,0x00,
 201          0x00,0x00,0x00,0x00,0x07,0x8F,0x7F,0x1F,0x1F,0x3F,0x7F,0xFE,0xFE,0xFA,0xF3,0xF6,
 202          0xF6,0xC4,0x48,0x18,0x18,0x78,0xF8,0xF8,0xF8,0xFC,0xF4,0xF4,0xEF,0xE8,0x99,0x71,
 203          0x06,0x1F,0xFF,0xFF,0xFF,0xFF,0x7F,0x3E,0x00,0x00,0x00,0x00,0x00,0x00,0x00,0x00,
 204          0xFF,0x00,0x00,0x00,0x00,0x00,0x00,0x00,0x00,0x00,0x00,0x00,0xE0,0xFC,0xFE,0xFE,
 205          0xFC,0x78,0x20,0x20,0x10,0x10,0x08,0x08,0x08,0x0C,0x04,0x04,0x07,0x07,0x0F,0x0F,
 206          0x0F,0x0F,0x1F,0x10,0x10,0x20,0x20,0x40,0xC0,0x80,0xFF,0x00,0x00,0x00,0x00,0x00,
 207          0x00,0x00,0x00,0x00,0x00,0x00,0x00,0x00,0x00,0x00,0x00,0x00,0x00,0x00,0x00,0xFF,
 208          0xFF,0x00,0x00,0x00,0x00,0x00,0x00,0x00,0x00,0x00,0x00,0x00,0xC0,0x23,0x7C,0x48,
 209          0x48,0x88,0x78,0x30,0x0C,0xE3,0xF0,0xF8,0xFC,0x1E,0x4E,0x4E,0x6F,0xDF,0x7D,0x31,
 210          0x01,0x00,0x00,0x00,0xC0,0xB0,0x98,0x99,0x39,0xF9,0xF9,0xF9,0xF1,0xE1,0xC0,0x00,
 211          0x00,0x00,0x00,0xFF,0x00,0x00,0x00,0x00,0x00,0x00,0x00,0x00,0x00,0x00,0x00,0x00,
 212          0xFF,0x00,0x00,0x00,0x00,0x00,0x00,0x00,0x00,0x00,0xC0,0x70,0x08,0x07,0x03,0x01,
 213          0x00,0x80,0x80,0x84,0x84,0x00,0x08,0x00,0x00,0x00,0x02,0x01,0xC0,0xF0,0xF8,0xFC,
 214          0xFE,0xFE,0xFF,0xFF,0xFF,0xFF,0xFF,0xFF,0xFF,0xFF,0xFF,0x7E,0x7C,0x7C,0x30,0x60,
 215          0xC0,0x00,0x00,0x00,0x00,0x00,0x00,0x00,0x00,0x00,0x00,0x00,0x00,0x00,0x00,0xFF,
 216          0xFF,0x00,0x00,0x00,0x00,0x00,0x00,0x00,0x00,0x00,0x00,0x00,0x07,0x08,0x18,0x10,
 217          0x10,0x3F,0xF8,0x60,0xC0,0x83,0x07,0x0F,0x0F,0x0E,0x0C,0x04,0x0E,0x8C,0x88,0x00,
 218          0x80,0x00,0x00,0x00,0x00,0x04,0x0C,0x1D,0x1D,0x3F,0x3F,0x3F,0x3F,0x1F,0x0F,0x00,
 219          0x00,0x80,0xE0,0x3F,0x00,0x00,0x00,0x00,0x00,0x00,0x00,0x00,0x00,0x00,0x00,0x00,
 220          0xFF,0x00,0x00,0x00,0x00,0x00,0x00,0x00,0xE0,0xFE,0xF1,0xFC,0xFC,0xFE,0xFF,0xFF,
 221          0xFF,0xFF,0xFF,0xFF,0xFF,0xFF,0xFF,0x7E,0x7E,0x7C,0x38,0x20,0x1F,0x3F,0xFF,0xFF,
 222          0xCF,0xC7,0xE7,0xE3,0xF3,0xF3,0xF1,0xF9,0xF9,0xFC,0xFC,0xFC,0xFE,0x7E,0x3F,0x00,
 223          0x01,0x1F,0xF0,0x00,0x00,0x00,0x00,0x00,0x00,0x00,0x00,0x00,0x00,0x00,0x00,0xFF,
 224          0xFF,0x00,0x00,0x00,0x00,0x00,0x00,0x00,0x00,0x00,0x00,0x00,0x00,0x00,0x00,0x00,
 225          0x00,0x00,0x01,0x03,0x1C,0x71,0x83,0x02,0xE4,0xFC,0x78,0x39,0x11,0x10,0x10,0x10,
 226          0x20,0x20,0x20,0x20,0x20,0xE0,0xE0,0xE0,0x70,0x30,0x30,0x78,0xF8,0xFC,0xE4,0x02,
 227          0x01,0x01,0x00,0x00,0x00,0x00,0x00,0x00,0x00,0x00,0x00,0x00,0x00,0x00,0x00,0x00,
 228          0xFF,0x00,0x00,0x00,0x00,0x00,0x00,0x00,0x3F,0xCF,0x3F,0xFF,0xFF,0xC7,0xE7,0xE3,
 229          0xF3,0xF3,0xF1,0xF9,0xF8,0xFC,0xFC,0xFC,0xFE,0xFE,0x7F,0x1F,0x03,0x00,0x00,0x01,
 230          0x03,0x03,0x07,0x07,0x07,0x07,0x07,0x07,0x07,0x07,0x03,0x01,0x01,0x80,0x40,0x20,
 231          0x18,0x0F,0x01,0x00,0x00,0x00,0x00,0x00,0x00,0x00,0x00,0x00,0x00,0x00,0x00,0xFF,
 232          0xFF,0x00,0x00,0x00,0x00,0x00,0x00,0x00,0x00,0x00,0x00,0x00,0x00,0x00,0x00,0x00,
 233          0x00,0x00,0x00,0x00,0x00,0x00,0xF1,0x1F,0x01,0x00,0x00,0x00,0x00,0x00,0x00,0x00,
 234          0x00,0x00,0x00,0x00,0x00,0x01,0x03,0x01,0x04,0x10,0x60,0x00,0x00,0x03,0x07,0x18,
 235          0xE0,0x00,0x00,0x00,0x00,0x00,0x00,0x00,0x00,0x00,0x00,0x00,0x00,0x00,0x00,0x00,
 236          0xFF,0x00,0x00,0x00,0x00,0x00,0x00,0x00,0x00,0x01,0x06,0x08,0x11,0x31,0x23,0x43,
 237          0x47,0xC7,0x87,0x87,0x87,0x83,0x03,0x03,0x01,0x00,0x00,0x04,0x04,0x84,0xA0,0x80,
 238          0x80,0xC0,0xC0,0x20,0x20,0x10,0x10,0x08,0x08,0x04,0xFE,0xC2,0xC1,0xE0,0xF0,0x70,
 239          0x00,0x00,0x00,0x00,0x00,0x00,0x00,0x00,0x00,0x00,0x00,0x00,0x00,0x00,0x00,0xFF,
C51 COMPILER V9.60.7.0   PICTURE                                                           09/19/2025 14:58:44 PAGE 5   

 240          0xFF,0x00,0x00,0x00,0x00,0x00,0x00,0x00,0x00,0x00,0x00,0x00,0x00,0x00,0x00,0x00,
 241          0x00,0x00,0x00,0x00,0x00,0x00,0xFF,0x80,0x00,0x00,0x00,0x00,0x00,0x00,0x00,0x00,
 242          0x00,0x00,0x00,0x00,0x00,0x00,0xE0,0xE0,0x80,0x80,0x83,0x0E,0x0E,0x8C,0x84,0x00,
 243          0x00,0x80,0x80,0x80,0x80,0x00,0x00,0x00,0x80,0x80,0x00,0x80,0x80,0x80,0xE0,0xE0,
 244          0x0F,0xA0,0xA0,0x00,0x00,0x80,0x80,0x80,0x80,0x00,0x00,0x80,0x80,0x80,0x80,0x80,
 245          0x00,0x00,0xE0,0xE0,0x00,0x01,0x81,0x81,0x81,0x07,0x87,0x83,0x03,0x07,0x07,0x87,
 246          0x87,0x07,0x07,0x07,0x07,0x87,0x87,0x87,0x07,0x07,0x07,0x87,0x87,0x83,0x81,0x00,
 247          0x00,0x80,0x80,0x80,0x80,0x80,0x80,0x80,0x80,0x80,0x00,0x00,0x00,0x00,0x00,0xFF,
 248          0xFF,0x80,0x80,0x80,0x80,0x80,0x80,0x80,0x80,0x80,0x80,0x80,0x80,0x80,0x80,0x80,
 249          0x80,0x80,0x80,0x80,0x80,0x80,0x80,0x87,0x90,0xA0,0xA0,0xC0,0xC1,0xC2,0xC2,0xA6,
 250          0xB6,0xA2,0xC0,0xC0,0xC0,0x80,0x9F,0x9F,0x90,0x90,0x9F,0x8F,0x80,0x8F,0x9F,0x90,
 251          0x90,0x9F,0x9F,0xC0,0xC7,0xFF,0xB8,0x9F,0x87,0x80,0x8F,0x9F,0x90,0x90,0x9F,0x9F,
 252          0x80,0x9F,0x9F,0x80,0x8B,0x9B,0x96,0x96,0x9D,0x8D,0x80,0xFF,0xFF,0x90,0x90,0x9F,
 253          0x8F,0x80,0x9F,0x9F,0x80,0x8D,0x9E,0x92,0x9F,0x9F,0xC0,0xC7,0xFF,0xB8,0x9F,0x87,
 254          0x80,0x98,0x98,0x80,0x8F,0x9F,0x90,0x99,0x89,0x80,0x8F,0x9F,0x90,0x90,0x9F,0x8F,
 255          0x80,0x9F,0x9F,0x80,0x80,0x9F,0x9F,0x80,0x80,0x9F,0x9F,0x80,0x80,0x80,0x80,0xFF,
 256          
 257          };   
 258          
 259          unsigned char code BMP2[]={    
 260          /*--  LxH=128x64  --*/
 261          0xFF,0x01,0x01,0x01,0x01,0x01,0x01,0x01,0x01,0x01,0x01,0x01,0x01,0x01,0x01,0x01,
 262          0x01,0x01,0x01,0x01,0x01,0x81,0xC1,0xF1,0xF9,0xFD,0xF1,0x01,0x81,0xC1,0x81,0x81,
 263          0x81,0x81,0x01,0x01,0x01,0x01,0x01,0x01,0x01,0x01,0x01,0x01,0x01,0x01,0x01,0x01,
 264          0x01,0x01,0x01,0x01,0x01,0x01,0x01,0x01,0x01,0x01,0x01,0x01,0x01,0x01,0x01,0x01,
 265          0x01,0x01,0x01,0x01,0x01,0x01,0x01,0x01,0x01,0x01,0x81,0xF1,0xF9,0xFF,0xFD,0xC1,
 266          0x01,0x01,0x01,0x01,0x01,0x01,0x01,0x01,0xC1,0xE1,0xF1,0xF9,0xF9,0xFD,0xFD,0xF9,
 267          0xF1,0xE1,0xE1,0xB1,0x11,0x19,0x1D,0x1D,0x0D,0x09,0x19,0x19,0x19,0x09,0x09,0x39,
 268          0xF9,0xD9,0x81,0x01,0x01,0x01,0x01,0x81,0x81,0x81,0x81,0x01,0x01,0x01,0x01,0xFF,
 269          0xFF,0x00,0x00,0x00,0x00,0x00,0x00,0x00,0x00,0x00,0x00,0x00,0x00,0x00,0x00,0x00,
 270          0x00,0x00,0x00,0x00,0x03,0x3F,0xFF,0xFF,0xFF,0xFF,0xFF,0xE0,0x01,0xFF,0xFF,0xFF,
 271          0x03,0x03,0x07,0x07,0x07,0x0F,0x0F,0x0E,0x1E,0x1E,0x1E,0x3C,0x3C,0x3C,0x7C,0x78,
 272          0x78,0xF8,0xF8,0xF8,0xF0,0xF0,0xF0,0x00,0x00,0x00,0x00,0x00,0x00,0x00,0x00,0x00,
 273          0x00,0x00,0x00,0x00,0x00,0x60,0x60,0x70,0x78,0x7E,0x7B,0x6F,0x4D,0x7B,0x73,0xFF,
 274          0xF0,0x00,0x00,0x00,0x00,0x00,0x00,0x07,0x1F,0x3F,0xFF,0x3F,0x1F,0xFF,0xFF,0xFF,
 275          0xFF,0xF7,0xF7,0xF6,0xEC,0xDC,0xF8,0x30,0x30,0xF0,0xF8,0xF8,0xF8,0xF8,0xE8,0xEC,
 276          0xEF,0xFB,0xFB,0xF3,0x0E,0x3F,0x7F,0xFF,0xFF,0xFF,0xFF,0xFF,0x3C,0x00,0x00,0xFF,
 277          0xFF,0x00,0x00,0x00,0x00,0x00,0x00,0x00,0x0C,0x3C,0xF8,0xF8,0xF8,0xF0,0xF0,0xF0,
 278          0xE0,0xE0,0xC0,0xC0,0xC0,0x80,0x81,0x0F,0xFF,0xFF,0xFF,0xFF,0x80,0x00,0x7F,0xFF,
 279          0xFC,0x00,0x00,0x00,0x00,0x00,0x00,0x00,0x00,0x00,0x00,0x00,0x00,0x00,0x00,0x00,
 280          0x00,0x00,0xF8,0xFF,0xFF,0x1F,0x00,0x00,0x00,0x00,0x00,0x00,0x00,0x00,0x00,0x00,
 281          0x00,0x00,0x00,0x00,0x00,0x00,0x00,0x00,0x00,0x00,0x00,0x00,0x00,0x00,0x00,0x80,
 282          0xC3,0x7F,0xF8,0xD0,0x90,0x90,0xF0,0x78,0xDE,0xE3,0xF0,0xF8,0xF8,0xFC,0xBC,0xDF,
 283          0x5F,0xFF,0xFF,0x7B,0x01,0x01,0x00,0x00,0xC0,0xF0,0xF1,0x7B,0x7B,0xFB,0xF7,0xF7,
 284          0xE3,0xE3,0xC3,0x01,0x00,0x00,0x00,0xFF,0xF9,0x01,0x01,0x00,0x00,0x00,0x00,0xFF,
 285          0xFF,0x00,0x00,0x00,0x00,0x00,0x00,0x00,0x00,0x00,0x00,0x07,0x1F,0x7F,0xF8,0xC1,
 286          0x01,0x01,0x03,0x03,0x03,0x07,0x07,0x07,0x00,0x07,0x3F,0xFF,0xFF,0x00,0x00,0x3F,
 287          0xFF,0xF0,0x00,0x00,0x00,0x00,0x00,0x00,0x00,0x00,0x00,0x00,0x00,0x00,0x00,0x00,
 288          0xC0,0xFF,0xFF,0x1F,0x01,0x00,0x00,0x00,0x00,0x00,0x00,0x00,0x00,0x00,0x00,0x00,
 289          0x00,0x00,0x00,0x00,0x00,0x00,0x00,0x00,0x00,0x00,0x00,0x00,0x00,0x00,0x00,0x07,
 290          0x1C,0x38,0x30,0x23,0x77,0xFF,0xFF,0xC0,0x87,0x0F,0x1F,0x1F,0x1F,0x1F,0x1D,0x0C,
 291          0x1E,0x39,0x19,0x00,0x00,0x00,0x00,0x00,0x03,0x19,0x19,0x3B,0x38,0x7F,0x7F,0x7F,
 292          0x3F,0x3F,0x1F,0x02,0x00,0x80,0xC0,0xFF,0x3E,0x00,0x00,0x00,0x00,0x00,0x00,0xFF,
 293          0xFF,0x00,0x00,0x00,0x00,0x80,0x80,0x80,0x80,0x80,0x80,0x00,0x00,0x00,0x01,0x07,
 294          0x1E,0x00,0x00,0x00,0x00,0x00,0x00,0x00,0x00,0x00,0x00,0x03,0x1F,0x3F,0x80,0x00,
 295          0x0F,0x0F,0x8E,0x8E,0x8E,0x8E,0x8E,0x8E,0x0E,0x0E,0x0E,0x0E,0x8E,0x8E,0x0E,0x0E,
 296          0x0F,0x0F,0x01,0x00,0x00,0x00,0x00,0x00,0x80,0x80,0x00,0x00,0x00,0x00,0x00,0x00,
 297          0x00,0x00,0x00,0x00,0x00,0x00,0x00,0x00,0x00,0x00,0x00,0x00,0x00,0x00,0x00,0x00,
 298          0x00,0x00,0x00,0x00,0x00,0x00,0x07,0x1E,0x79,0xE3,0x86,0x0C,0xC8,0xF8,0xF1,0x73,
 299          0x23,0x23,0x23,0x63,0x61,0x60,0x40,0x40,0x40,0x60,0xE0,0xE0,0xE0,0x60,0xE0,0xF0,
 300          0xF0,0xF8,0xCC,0x0C,0x06,0x03,0x01,0x00,0x00,0x00,0x00,0x00,0x00,0x00,0x00,0xFF,
 301          0xFF,0x00,0x00,0x00,0x00,0xFF,0xFF,0x88,0x88,0x88,0x88,0x00,0x00,0x64,0xF2,0x9A,
C51 COMPILER V9.60.7.0   PICTURE                                                           09/19/2025 14:58:44 PAGE 6   

 302          0x8A,0xFE,0xFC,0x00,0x00,0x4C,0xDE,0x9A,0xB2,0xF6,0x64,0x00,0x02,0x7F,0xFF,0x82,
 303          0x00,0x00,0xFF,0xFF,0x08,0x08,0x18,0x7F,0xE7,0x80,0x00,0x00,0xFE,0xFE,0x00,0x00,
 304          0x4C,0xDE,0x9A,0xB2,0xF6,0x64,0x00,0x00,0xFE,0xFE,0x00,0x00,0xFE,0xFE,0x04,0x02,
 305          0xFE,0xFC,0x00,0x00,0x7C,0xFE,0x82,0x44,0xFE,0xFE,0x00,0x00,0x00,0x00,0x00,0x00,
 306          0x00,0x00,0x00,0x00,0x00,0x00,0x00,0x00,0x00,0x00,0xFB,0x3F,0x03,0x00,0x00,0x00,
 307          0x00,0x00,0x00,0x00,0x00,0x00,0x00,0x00,0x00,0x00,0x07,0x07,0x0C,0x38,0xE0,0x40,
 308          0x01,0x03,0x0F,0x38,0xF0,0x40,0x00,0x00,0x00,0x00,0x00,0x00,0x00,0x00,0x00,0xFF,
 309          0xFF,0x00,0x0C,0xEC,0x8C,0x8C,0x8C,0x0C,0x0C,0x8C,0x0C,0x0C,0x0C,0x8C,0x0C,0x8C,
 310          0x0C,0x0C,0x0C,0x8C,0x0C,0x0C,0x8C,0x8C,0x8C,0xEC,0x0C,0xAC,0x0C,0x0C,0x0C,0x8C,
 311          0x8C,0x8C,0x0C,0x8C,0x8C,0x8C,0x8C,0x0C,0x0C,0xEC,0x0C,0x0C,0x8C,0x8C,0x8C,0x0C,
 312          0x0C,0x8C,0x0C,0x0C,0x0C,0x8C,0x0C,0x0C,0x0C,0x0C,0x8C,0x8C,0x0C,0x0C,0x0C,0x8C,
 313          0x8C,0x8C,0x0C,0x0C,0x8D,0x8E,0x8E,0x0E,0x8F,0x8D,0x0C,0x0C,0x00,0x00,0x00,0x00,
 314          0x00,0x00,0x00,0x00,0x00,0x00,0x00,0x00,0x00,0x00,0xFF,0xC0,0x00,0x00,0x00,0x00,
 315          0x00,0x00,0x00,0x00,0x00,0x00,0x00,0x00,0x00,0x00,0x00,0x00,0x00,0x00,0xC3,0xFE,
 316          0x3E,0x1C,0x0C,0x06,0x03,0x00,0x00,0x00,0x00,0x00,0x00,0x00,0x00,0x00,0x00,0xFF,
 317          0xFF,0x80,0x80,0x8F,0x88,0x88,0x88,0x87,0x80,0x87,0x88,0x88,0x88,0x8F,0x80,0xA0,
 318          0xA7,0x98,0x87,0x80,0x80,0x87,0x88,0x88,0x88,0x8F,0x80,0x8F,0x80,0x80,0x89,0x8A,
 319          0x8A,0x84,0x80,0xBF,0x88,0x88,0x88,0x87,0x80,0x8F,0x80,0x80,0x84,0x8A,0x8A,0x8F,
 320          0x80,0xA0,0xA7,0x98,0x87,0x80,0x80,0x88,0x80,0x87,0x88,0x88,0x85,0x80,0x87,0x88,
 321          0x88,0x88,0x87,0x80,0x8F,0x80,0x80,0x8F,0x80,0x80,0x8F,0x80,0x80,0x80,0x80,0x80,
 322          0x80,0x80,0x80,0x80,0x80,0x80,0x80,0x80,0x80,0x80,0x81,0x9F,0xB8,0xE0,0xC0,0xC0,
 323          0xC2,0xC2,0xC6,0xE6,0xFE,0xC6,0xC0,0xC0,0x80,0x80,0xC0,0xC0,0xE0,0xFC,0x9F,0x80,
 324          0x80,0x80,0x80,0x80,0x80,0x80,0x80,0x80,0x80,0x80,0x80,0x80,0x80,0x80,0x80,0xFF,
 325          
 326          }; 
 327             
 328          unsigned char code BMP3[]={  
 329          /*-- LxH=128x64  --*/
 330          0x00,0x00,0x00,0x00,0x00,0xC0,0x00,0xE0,0x00,0xF0,0x00,0xFC,0x00,0x00,0x00,0x00,
 331          0x04,0x06,0x12,0x12,0xFE,0xEC,0x00,0xF8,0xFC,0x06,0x02,0x22,0xE6,0xE4,0x00,0x00,
 332          0x00,0x00,0x00,0x00,0x00,0x00,0xF0,0x90,0x9C,0x04,0xF4,0x04,0xF4,0xF4,0x04,0xF4,
 333          0xF4,0x04,0x04,0xFC,0x00,0x00,0x00,0x00,0x00,0x00,0x00,0x00,0x00,0x00,0x00,0x00,
 334          0x00,0x00,0x00,0x00,0x00,0x00,0x00,0x00,0x00,0x00,0x00,0x00,0x00,0x00,0x00,0x00,
 335          0x00,0x00,0x00,0x00,0x00,0x00,0x00,0x00,0x00,0x00,0x00,0x00,0x00,0x00,0x00,0x00,
 336          0x00,0x00,0x00,0x00,0x00,0x00,0x00,0x00,0x00,0x00,0x00,0x00,0x00,0x00,0x00,0x00,
 337          0x00,0x00,0x00,0x00,0x00,0x00,0x00,0x00,0x00,0x00,0x00,0x00,0x00,0x00,0x00,0x00,
 338          0x00,0x00,0x00,0x03,0x00,0x03,0x00,0x03,0x00,0x03,0x00,0x03,0x00,0x00,0x00,0x00,
 339          0x01,0x03,0x02,0x02,0x03,0x01,0x00,0x00,0x01,0x03,0x02,0x02,0x03,0x01,0x00,0x00,
 340          0x00,0x00,0x00,0x00,0x00,0x00,0x00,0x00,0x03,0x02,0x02,0x02,0x02,0x02,0x02,0x02,
 341          0x02,0x02,0x02,0x03,0x00,0x00,0x00,0x00,0x00,0x00,0x00,0x00,0x00,0x00,0x00,0x00,
 342          0x00,0x00,0x00,0x00,0x00,0x00,0x00,0x00,0x00,0x00,0x00,0x00,0x00,0x00,0x00,0x00,
 343          0x00,0x00,0x00,0x00,0x00,0x00,0x00,0x00,0x00,0x00,0x00,0x00,0x00,0x00,0x00,0x00,
 344          0x00,0x00,0x00,0x00,0x00,0x00,0x00,0x00,0x00,0x00,0x00,0x00,0x00,0x00,0x00,0x00,
 345          0x00,0x00,0x00,0x00,0x00,0x00,0x00,0x00,0x00,0x00,0x00,0x00,0x00,0x00,0x00,0x00,
 346          0x00,0x00,0x00,0x00,0x00,0x00,0x00,0x00,0x00,0x80,0x80,0xC0,0xC0,0xE0,0xF0,0xF8,
 347          0xFE,0xFF,0xFF,0xFF,0xFF,0xFF,0x00,0x00,0x00,0x00,0x00,0x00,0x00,0x00,0x00,0x00,
 348          0x80,0xF0,0xF8,0xFC,0xFE,0xFE,0x7F,0x3F,0x1F,0x1F,0x1F,0x3F,0x7F,0xFE,0xFE,0xFC,
 349          0xFC,0xF0,0xE0,0x00,0x00,0x00,0x00,0x00,0x00,0x00,0x00,0x00,0x00,0x00,0x00,0x00,
 350          0x00,0x00,0x00,0x00,0x00,0x00,0xC0,0xF0,0xF8,0xFC,0xFE,0xFE,0x7F,0x3F,0x1F,0x1F,
 351          0x1F,0x3F,0xFE,0xFE,0xFC,0xFC,0xF0,0xE0,0x00,0x00,0x00,0x00,0x00,0x00,0x00,0x00,
 352          0x00,0x00,0x00,0x00,0x80,0xE0,0xF0,0xFC,0xFF,0xFF,0xFF,0xFF,0xFF,0xFF,0x00,0x00,
 353          0x00,0x00,0x00,0x00,0x00,0x00,0x00,0x00,0x00,0x00,0x00,0x00,0x00,0x00,0x00,0x00,
 354          0x00,0x00,0x00,0x00,0x00,0x00,0x00,0x00,0x1F,0x1F,0x0F,0x0F,0x07,0x07,0x03,0x01,
 355          0xFF,0xFF,0xFF,0xFF,0xFF,0xFF,0x00,0x00,0x00,0x00,0x00,0x00,0x00,0x00,0x00,0x00,
 356          0x01,0x03,0x03,0x03,0x03,0x03,0x00,0x00,0x00,0x80,0xC0,0xE0,0xF8,0xFF,0xFF,0xFF,
 357          0xFF,0x3F,0x0F,0x00,0x00,0x00,0x00,0x00,0x00,0x3F,0x3F,0x3F,0x3F,0x3F,0x3F,0x00,
 358          0x00,0x00,0x00,0x00,0x00,0x00,0x00,0x00,0x00,0x01,0x01,0x01,0x00,0xE0,0xF0,0xF0,
 359          0xF8,0xFC,0xFF,0xFF,0xBF,0x9F,0x0F,0x03,0x00,0x00,0x00,0x00,0x00,0x00,0x00,0x80,
 360          0xE0,0xF8,0xFC,0xFF,0xFF,0x3F,0x1F,0x07,0xFF,0xFF,0xFF,0xFF,0xFF,0xFF,0x00,0x00,
 361          0x00,0x00,0x00,0x00,0x00,0x00,0x00,0x00,0x00,0x00,0x00,0x00,0x00,0x00,0x00,0x00,
 362          0x00,0x00,0x00,0x00,0x00,0x00,0x00,0x00,0x00,0x00,0x00,0x00,0x00,0x00,0x00,0x00,
 363          0xFF,0xFF,0xFF,0xFF,0xFF,0xFF,0x00,0x00,0x00,0x00,0x00,0x00,0x00,0x00,0x00,0x00,
C51 COMPILER V9.60.7.0   PICTURE                                                           09/19/2025 14:58:44 PAGE 7   

 364          0x00,0x00,0x80,0xC0,0xE0,0xF8,0xFC,0xFE,0xFF,0x3F,0x3F,0x1F,0x0F,0x07,0x03,0x01,
 365          0x00,0x00,0x00,0x00,0x00,0x00,0x00,0x00,0x00,0x00,0x00,0x00,0x00,0x00,0x00,0x00,
 366          0x00,0x00,0x00,0x00,0x00,0xC0,0xC0,0xE0,0xE0,0xE0,0xE0,0x80,0x00,0x01,0x01,0x01,
 367          0x01,0x03,0x07,0xFF,0xFF,0xFF,0xFF,0xFE,0xF8,0x00,0x00,0x00,0xF8,0xFC,0xFF,0xFF,
 368          0xFF,0xFF,0xF7,0xF1,0xF0,0xF0,0xF0,0xF0,0xFF,0xFF,0xFF,0xFF,0xFF,0xFF,0xF0,0xF0,
 369          0xF0,0xF0,0x00,0x00,0x00,0x00,0x00,0x00,0x00,0x00,0x00,0x00,0x00,0x00,0x00,0x00,
 370          0x00,0x00,0x00,0x00,0x00,0x00,0x00,0x00,0x00,0x00,0x00,0x00,0x00,0x00,0x00,0x00,
 371          0x7F,0x7F,0x7F,0x7F,0x7F,0x7F,0x00,0x00,0x00,0x00,0x00,0x00,0x00,0x00,0x00,0x70,
 372          0x7C,0x7F,0x7F,0x7F,0x7F,0x7F,0x7F,0x7F,0x7E,0x7E,0x7E,0x7E,0x7E,0x7E,0x7E,0x7E,
 373          0x7E,0x7E,0x7E,0x00,0x00,0x00,0x00,0x00,0x00,0x7E,0x7E,0x7E,0x7E,0x7E,0x7E,0x00,
 374          0x00,0x00,0x00,0x00,0x00,0x00,0x03,0x0F,0x1F,0x3F,0x3F,0x3F,0x7E,0x7C,0x7C,0x7C,
 375          0x7C,0x7E,0x3F,0x3F,0x1F,0x1F,0x0F,0x07,0x01,0x00,0x00,0x00,0x01,0x01,0x01,0x01,
 376          0x01,0x01,0x01,0x01,0x01,0x01,0x01,0x01,0x7F,0x7F,0x7F,0x7F,0x7F,0x7F,0x01,0x01,
 377          0x01,0x01,0x00,0x00,0x00,0x00,0x00,0x00,0x00,0x00,0x00,0x00,0x00,0x00,0x00,0x00,
 378          0x00,0x00,0x00,0x00,0x00,0x00,0x00,0x00,0x00,0x00,0x00,0x00,0x00,0x00,0x00,0x00,
 379          0x00,0x00,0x00,0x00,0x40,0x60,0x20,0x20,0xE0,0xC0,0x00,0x80,0xE0,0x60,0x20,0x20,
 380          0x20,0x00,0x00,0x00,0x00,0xC0,0xE0,0x20,0x20,0xE0,0xC0,0x00,0x80,0xC0,0x20,0x20,
 381          0x60,0x40,0x00,0x00,0x00,0x00,0x40,0x60,0x20,0x20,0xE0,0xC0,0x00,0xC0,0xE0,0x20,
 382          0x20,0xE0,0xC0,0x00,0x00,0x80,0xC0,0xE0,0xE0,0x00,0x00,0x00,0x80,0xC0,0xE0,0xE0,
 383          0x00,0x00,0x00,0x00,0x00,0xC0,0xE0,0x20,0x20,0x20,0x60,0x40,0x00,0x00,0x80,0x80,
 384          0x80,0x80,0x00,0x80,0xC0,0xE0,0x80,0x00,0x00,0x00,0x00,0x00,0x00,0x00,0x00,0x00,
 385          0x00,0x00,0x00,0x00,0x00,0x00,0x00,0x00,0x00,0x00,0x00,0x00,0x00,0x00,0x00,0x00,
 386          0x00,0x00,0x00,0x00,0x00,0x00,0x00,0x00,0x00,0x00,0x00,0x00,0x00,0x00,0x00,0x00,
 387          0x00,0x00,0x00,0x00,0x30,0x38,0x2C,0x26,0x23,0x21,0x00,0x13,0x33,0x21,0x21,0x3F,
 388          0x1E,0x00,0x30,0x30,0x00,0x1F,0x3F,0x20,0x20,0x3F,0x1F,0x00,0x1F,0x3F,0x21,0x21,
 389          0x3F,0x1E,0x00,0x30,0x30,0x00,0x30,0x38,0x2C,0x26,0x23,0x21,0x00,0x1F,0x3F,0x20,
 390          0x20,0x3F,0x1F,0x00,0x00,0x01,0x00,0x3F,0x3F,0x00,0x00,0x00,0x01,0x00,0x3F,0x3F,
 391          0x00,0x00,0x00,0x00,0x00,0x11,0x33,0x23,0x27,0x26,0x3E,0x1C,0x00,0x19,0x3C,0x26,
 392          0x22,0x3F,0x3F,0x00,0x1F,0x3F,0x20,0x00,0x00,0x00,0x00,0x00,0x00,0x00,0x00,0x00,
 393          0x00,0x00,0x00,0x00,0x00,0x00,0x00,0x00,0x00,0x00,0x00,0x00,0x00,0x00,0x00,0x00,
 394          
 395          };       
 396                   


MODULE INFORMATION:   STATIC OVERLAYABLE
   CODE SIZE        =   ----    ----
   CONSTANT SIZE    =   4536    ----
   XDATA SIZE       =   ----    ----
   PDATA SIZE       =   ----    ----
   DATA SIZE        =   ----    ----
   IDATA SIZE       =   ----    ----
   BIT SIZE         =   ----    ----
END OF MODULE INFORMATION.


C51 COMPILATION COMPLETE.  0 WARNING(S),  0 ERROR(S)
