C51 COMPILER V9.60.7.0   MAIN                                                              09/14/2025 21:01:04 PAGE 1   


C51 COMPILER V9.60.7.0, COMPILATION OF MODULE MAIN
OBJECT MODULE PLACED IN .\Objects\main.obj
COMPILER INVOKED BY: D:\KEIL_STM32\C51\BIN\C51.EXE main.c OPTIMIZE(8,SPEED) BROWSE DEBUG OBJECTEXTEND PRINT(.\Listings\m
                    -ain.lst) OBJECT(.\Objects\main.obj)

line level    source

   1          //SMG24064B??????????????????[C51????][MCS51??????]
   2          //????: SMG24064B?????????????
   3          //  ????????SMG24064B???????MCS51???????MCS51?????
   4          //??????,????SMG240128A?????????,?????????240128A???.
   5          //  ???????T6963C?????MCS51??????????,T6963C?????24064
   6          //????????????,24064????????,24064????????,24064?
   7          //????????????,??SMG24064?????????????????????.
   8          //  ???????,?240?X64????????????,????,???????,??
   9          //?????,???????,????,??,????,????.
  10          //-------------------------------------------------------------------------------
  11          //????: 2009.09.28
  12          //????: VW For Windows
  13          //????: AT89C52 MCU,MCS-51?? MCU,etc.
  14          //???: ???(chujianjun@sunman.cn),??(tanchao@sunman.cn).
  15          //????: ??(0731-84167806,84167807),??(0731-84167807),??(www.sunman.cn)
  16          //????: ???????????????,???????.
  17          //????: http:/www.sunman.cn/lcm/product/SMG24064B.html
  18          //-------------------------------------------------------------------------------
  19          #include <reg51.h>
  20          #include <intrins.h>
  21          //????????????
  22          void exsample(void);                    //????
  23          void exdelay(void);                     //???????
  24          void putchar(unsigned int c);           //????????
  25          void putstr(unsigned char code *s);     //????????,????0???
  26          unsigned char code *getchinesecodepos(unsigned int ac);
  27          unsigned char code *getenglishcodepos(unsigned char ac);
  28          void putimage(unsigned char code *s);   //???????
  29          void putsizeimage(unsigned char XSIZE,unsigned char YSIZE,unsigned char code *s);
  30                                                  //????????????
  31          void point(bit b);
  32          void line(unsigned char x0,unsigned char y0,unsigned char x1,unsigned char y1,bit b);
  33          void lineto(unsigned char x1,unsigned char y1,bit b);//??(XPOS,YPOS)-(X1,Y1)???
  34          void rect(unsigned char x0,unsigned char y0,unsigned char x1,unsigned char y1,bit b);
  35          void lcdfill(unsigned char d);          //????d??????????
  36          void lcdpos(void);                      //?????(XPOS,YPOS)??RAM??????
  37          void lcdreset(void);                    //?????????????
  38          void lcdwd(unsigned char d);            //????????
  39          unsigned char lcdrd(void);              //????????
  40          void lcdwc(unsigned char c);            //??????
  41          void lcdwc2(unsigned char c,unsigned char d);//?2???????
  42          void lcdwc3(unsigned char c,unsigned char d1,unsigned char d2);//?3???????
  43          unsigned char lcdrdata(void);           //??????
  44          void lcdwdata(unsigned char d);         //??????
  45          void lcdwaitidle(void);                 //??????
  46          //-------------------------------------------------------------------------------
  47          //SMG24064B???????????
  48          //PIN1: FG   [???]-------------------VSS
  49          //PIN2: VSS  [???]-------------------VSS
  50          //PIN3: VDD  [????]-----------------VDD(+5V)
  51          //PIN4: Vo   [LCD ????]-------------?10K?????2K???VSS?VEE
  52          //                                      Vo=VEE??????
  53          //PIN5: WR   [??? ???]------------P3.1
  54          //PIN6: RD   [??? ???]------------P3.2
C51 COMPILER V9.60.7.0   MAIN                                                              09/14/2025 21:01:04 PAGE 2   

  55          //PIN7: CE   [???? ???]----------P3.3
  56          //PIN8: CD   [??/?????(H/L)]---P3.0
  57          //PIN9: NC   [??]---------------------???
  58          //PIN10:RST  [??? ???]------------VDD
  59          //PIN11:D0   [Data I/O]-----------------P1.0
  60          //PIN12:D1   [Data I/O]-----------------P1.1
  61          //PIN13:D2   [Data I/O]-----------------P1.2
  62          //PIN14:D3   [Data I/O]-----------------P1.3
  63          //PIN15:D4   [Data I/O]-----------------P1.4
  64          //PIN16:D5   [Data I/O]-----------------P1.5
  65          //PIN17:D6   [Data I/O]-----------------P1.6
  66          //PIN18:D7   [Data I/O]-----------------P1.7
  67          //PIN19:FS   [????]-----------------VSS
  68          //PIN20:VEE  [LCD????]--------------???????.
  69          //PIN21:BLA  [?????]---------------??????.
  70          //PIN22:BLK  [?????]---------------VSS
  71          //?:8031??????12MHz.
  72          //???http://download.sunman.cn/lcm/product/1/SMG24064B.pdf
  73          //-------------------------------------------------------------------------------
  74          //???????????????????
  75          //??????????,????????????????
  76          sbit CDPIN=P3^0;                        // C/D???????
  77          sbit CEPIN=P3^3;                        // CE???????
  78          sbit WRPIN=P3^1;                        // WR???????
  79          sbit RDPIN=P3^2;                        // RD???????
  80          //-------------------------------------------------------------------------------
  81          //??XPOS,YPOS??????????????????
  82          //??????????,??????????????????
  83          unsigned char XPOS;                     //???LCD??????
  84          unsigned char YPOS;                     //???LCD??????
  85          bit CharImageReverse;                   //??????????,0(????),1(??)
  86          
  87          #define XDOTS   240                     //????X????
  88          #define YDOTS   64                      //????X????
  89          //-------------------------------------------------------------------------------
  90          //???????????
  91          //?????????Sunman??????????????.exe?????charlib.c?
  92          //????????
  93          //???????????
  94          //????Sunman??????????????.exe????
  95          //????:[??] ????:[????]
  96          //????:[??] ????:[??] ????:[16]
  97          
  98          #define ENGLISHCHARNUMBER  35      //?????????????????
  99          #define CHINESECHARNUMBER  1       //?????????????????
 100          #define ENGLISHCHARSIZE    8       //????X????????
 101          #define CHINESECHARSIZE    16      //????X????????Y????????
 102          #define ENGLISHCHARDOTSIZE 16      //????????????
 103          #define CHINESECHARDOTSIZE 32      //????????????
 104          
 105          unsigned int code EnglishCode[]={
 106          0x20,    //??001:[ ]
 107          0x2d,    //??002:[-]
 108          0x2e,    //??003:[.]
 109          0x30,    //??004:[0]
 110          0x32,    //??005:[2]
 111          0x34,    //??006:[4]
 112          0x36,    //??007:[6]
 113          0x41,    //??008:[A]
 114          0x42,    //??009:[B]
 115          0x43,    //??010:[C]
 116          0x44,    //??011:[D]
C51 COMPILER V9.60.7.0   MAIN                                                              09/14/2025 21:01:04 PAGE 3   

 117          0x45,    //??012:[E]
 118          0x49,    //??013:[I]
 119          0x4c,    //??014:[L]
 120          0x4d,    //??015:[M]
 121          0x4e,    //??016:[N]
 122          0x4f,    //??017:[O]
 123          0x52,    //??018:[R]
 124          0x53,    //??019:[S]
 125          0x54,    //??020:[T]
 126          0x57,    //??021:[W]
 127          0x5a,    //??022:[Z]
 128          0x61,    //??023:[a]
 129          0x63,    //??024:[c]
 130          0x64,    //??024:[d]
 131          0x65,    //??025:[e]
 132          0x67,    //??026:[g]
 133          0x68,    //??027:[h]
 134          0x69,    //??028:[i]
 135          0x6c,    //??029:[l]
 136          0x6e,    //??030:[n]
 137          0x6f,    //??031:[o]
 138          0x72,    //??032:[r]
 139          0x74,    //??033:[t]
 140          0x79     //??034:[y]
 141          };
 142          
 143          unsigned int code ChineseCode[]={
 144          0xa1a1   //??001:[ ]
 145          };
 146          
 147          unsigned char code EnglishCharDot[]={
 148          0x00,0x00,0x00,0x00,0x00,0x00,0x00,0x00,   //??001:[ ]
 149          0x00,0x00,0x00,0x00,0x00,0x00,0x00,0x00,
 150          0x00,0x00,0x00,0x00,0x00,0x00,0x00,0x00,   //??002:[-]
 151          0x7e,0x00,0x00,0x00,0x00,0x00,0x00,0x00,
 152          0x00,0x00,0x00,0x00,0x00,0x00,0x00,0x00,   //??003:[.]
 153          0x00,0x00,0x00,0x00,0x60,0x60,0x00,0x00,
 154          0x00,0x00,0x00,0x18,0x24,0x42,0x42,0x42,   //??004:[0]
 155          0x42,0x42,0x42,0x42,0x24,0x18,0x00,0x00,
 156          0x00,0x00,0x00,0x3c,0x42,0x42,0x42,0x02,   //??005:[2]
 157          0x04,0x08,0x10,0x20,0x42,0x7e,0x00,0x00,
 158          0x00,0x00,0x00,0x04,0x0c,0x0c,0x14,0x24,   //??006:[4]
 159          0x24,0x44,0x7f,0x04,0x04,0x1f,0x00,0x00,
 160          0x00,0x00,0x00,0x18,0x24,0x40,0x40,0x5c,   //??007:[6]
 161          0x62,0x42,0x42,0x42,0x22,0x1c,0x00,0x00,
 162          0x00,0x00,0x00,0x10,0x10,0x18,0x28,0x28,   //??008:[A]
 163          0x24,0x3c,0x44,0x42,0x42,0xe7,0x00,0x00,
 164          0x00,0x00,0x00,0xf8,0x44,0x44,0x44,0x78,   //??009:[B]
 165          0x44,0x42,0x42,0x42,0x44,0xf8,0x00,0x00,
 166          0x00,0x00,0x00,0x3e,0x42,0x42,0x80,0x80,   //??010:[C]
 167          0x80,0x80,0x80,0x42,0x44,0x38,0x00,0x00,
 168          0x00,0x00,0x00,0xf8,0x44,0x42,0x42,0x42,   //??011:[D]
 169          0x42,0x42,0x42,0x42,0x44,0xf8,0x00,0x00,
 170          0x00,0x00,0x00,0xfc,0x42,0x48,0x48,0x78,   //??012:[E]
 171          0x48,0x48,0x40,0x42,0x42,0xfc,0x00,0x00,
 172          0x00,0x00,0x00,0x7c,0x10,0x10,0x10,0x10,   //??013:[I]
 173          0x10,0x10,0x10,0x10,0x10,0x7c,0x00,0x00,
 174          0x00,0x00,0x00,0xe0,0x40,0x40,0x40,0x40,   //??014:[L]
 175          0x40,0x40,0x40,0x40,0x42,0xfe,0x00,0x00,
 176          0x00,0x00,0x00,0xee,0x6c,0x6c,0x6c,0x6c,   //??015:[M]
 177          0x6c,0x54,0x54,0x54,0x54,0xd6,0x00,0x00,
 178          0x00,0x00,0x00,0xc7,0x62,0x62,0x52,0x52,   //??016:[N]
C51 COMPILER V9.60.7.0   MAIN                                                              09/14/2025 21:01:04 PAGE 4   

 179          0x4a,0x4a,0x4a,0x46,0x46,0xe2,0x00,0x00,
 180          0x00,0x00,0x00,0x38,0x44,0x82,0x82,0x82,   //??017:[O]
 181          0x82,0x82,0x82,0x82,0x44,0x38,0x00,0x00,
 182          0x00,0x00,0x00,0xfc,0x42,0x42,0x42,0x7c,   //??018:[R]
 183          0x48,0x48,0x44,0x44,0x42,0xe3,0x00,0x00,
 184          0x00,0x00,0x00,0x3e,0x42,0x42,0x40,0x20,   //??019:[S]
 185          0x18,0x04,0x02,0x42,0x42,0x7c,0x00,0x00,
 186          0x00,0x00,0x00,0xfe,0x92,0x10,0x10,0x10,   //??020:[T]
 187          0x10,0x10,0x10,0x10,0x10,0x38,0x00,0x00,
 188          0x00,0x00,0x00,0xd6,0x54,0x54,0x54,0x54,   //??021:[W]
 189          0x54,0x6c,0x28,0x28,0x28,0x28,0x00,0x00,
 190          0x00,0x00,0x00,0x7e,0x84,0x04,0x08,0x08,   //??022:[Z]
 191          0x10,0x20,0x20,0x42,0x42,0xfc,0x00,0x00,
 192          0x00,0x00,0x00,0x00,0x00,0x00,0x00,0x38,   //??023:[a]
 193          0x44,0x0c,0x34,0x44,0x4c,0x36,0x00,0x00,
 194          0x00,0x00,0x00,0x00,0x00,0x00,0x00,0x1c,   //??024:[c]
 195          0x22,0x40,0x40,0x40,0x22,0x1c,0x00,0x00,
 196          
 197          /*-- ID:0,字符:"d",ASCII编码:64,对应字:宽x高=8x16,画布:宽W=8 高H=16,共16字节*/
 198          0x00,0x00,0x00,0x06,0x02,0x02,0x3E,0x42,
 199          0x42,0x42,0x42,0x46,0x3B,0x00,0x00,0x00,
 200          
 201          0x00,0x00,0x00,0x00,0x00,0x00,0x00,0x3c,   //??025:[e]
 202          0x42,0x42,0x7e,0x40,0x42,0x3c,0x00,0x00,
 203          0x00,0x00,0x00,0x00,0x00,0x00,0x00,0x3e,   //??026:[g]
 204          0x44,0x44,0x38,0x40,0x3c,0x42,0x42,0x3c,
 205          0x00,0x00,0x00,0x00,0xc0,0x40,0x40,0x5c,   //??027:[h]
 206          0x62,0x42,0x42,0x42,0x42,0xe7,0x00,0x00,
 207          0x00,0x00,0x00,0x30,0x30,0x00,0x00,0x70,   //??028:[i]
 208          0x10,0x10,0x10,0x10,0x10,0x7c,0x00,0x00,
 209          0x00,0x00,0x00,0x10,0x70,0x10,0x10,0x10,   //??029:[l]
 210          0x10,0x10,0x10,0x10,0x10,0x7c,0x00,0x00,
 211          0x00,0x00,0x00,0x00,0x00,0x00,0x00,0xdc,   //??030:[n]
 212          0x62,0x42,0x42,0x42,0x42,0xe7,0x00,0x00,
 213          0x00,0x00,0x00,0x00,0x00,0x00,0x00,0x3c,   //??031:[o]
 214          0x42,0x42,0x42,0x42,0x42,0x3c,0x00,0x00,
 215          0x00,0x00,0x00,0x00,0x00,0x00,0x00,0xee,   //??032:[r]
 216          0x32,0x20,0x20,0x20,0x20,0xf8,0x00,0x00,
 217          0x00,0x00,0x00,0x00,0x00,0x10,0x10,0x7c,   //??033:[t]
 218          0x10,0x10,0x10,0x10,0x12,0x0c,0x00,0x00,
 219          0x00,0x00,0x00,0x00,0x00,0x00,0x00,0xe7,   //??034:[y]
 220          0x42,0x24,0x24,0x18,0x18,0x10,0x10,0x60
 221          };
 222          
 223          unsigned char code ChineseCharDot[]={
 224          0x00,0x00,0x00,0x00,0x00,0x00,0x00,0x00,   //??001:[ ]
 225          0x00,0x00,0x00,0x00,0x00,0x00,0x00,0x00,
 226          0x00,0x00,0x00,0x00,0x00,0x00,0x00,0x00,
 227          0x00,0x00,0x00,0x00,0x00,0x00,0x00,0x00
 228          };
 229          //-------------------------------------------------------------------------------
 230          //??????????
 231          //?????????SUNMAN?????????.EXE?????imagelib.c??????
 232          //??
 233          unsigned char code Img_sunman_32[]={32,32,
 234          0x00,0x0f,0xf0,0x00,
 235          0x00,0x7f,0xfe,0x00,
 236          0x01,0xf0,0x0f,0x80,
 237          0x03,0xc0,0x03,0xc0,
 238          0x07,0x0f,0xf0,0xe0,
 239          0x0e,0x3f,0xfc,0x70,
 240          0x1c,0xfe,0x7f,0x38,
C51 COMPILER V9.60.7.0   MAIN                                                              09/14/2025 21:01:04 PAGE 5   

 241          0x39,0xfc,0x3f,0x9c,
 242          0x33,0xfc,0x3f,0xcc,
 243          0x73,0xfe,0x7f,0xce,
 244          0x67,0xff,0xff,0xe6,
 245          0x67,0xe7,0xe7,0xe6,
 246          0xcf,0xe3,0xc7,0xf3,
 247          0xcf,0xe1,0x87,0xff,
 248          0xcf,0xe4,0x27,0xff,
 249          0xc0,0x06,0x60,0x03,
 250          0xc0,0x07,0xe0,0x03,
 251          0xff,0xe7,0xe7,0xf3,
 252          0xff,0xe7,0xe7,0xf3,
 253          0xcf,0xe7,0xe7,0xf3,
 254          0x67,0xe7,0xe7,0xe6,
 255          0x67,0xff,0xff,0xe6,
 256          0x73,0xff,0xff,0xce,
 257          0x33,0xff,0xff,0xcc,
 258          0x39,0xff,0xff,0x9c,
 259          0x1c,0xff,0xff,0x38,
 260          0x0e,0x3f,0xfc,0x70,
 261          0x07,0x0f,0xf0,0xe0,
 262          0x03,0xc0,0x03,0xc0,
 263          0x01,0xf0,0x0f,0x80,
 264          0x00,0x7f,0xfe,0x00,
 265          0x00,0x0f,0xf0,0x00
 266          };
 267          //-------------------------------------------------------------------------------
 268          
 269          void main(void)
 270          {   while(1)
 271   1          {   lcdreset();                     //??????????
 272   2              exsample();                     //????
 273   2          }
 274   1      }
 275          void exsample(void)                     //????
 276          {
 277   1      //0.??????,?LCD????????
 278   1          CharImageReverse=0;                 //????
 279   1          lcdfill(0);                         //??
 280   1      
 281   1      //1.????: ?(1,19)????32??SUNMAN??
 282   1      //    XPOS=1;
 283   1      //    YPOS=19;
 284   1      //    putimage(Img_sunman_32);            //??????LCDRAM???
 285   1      //    exdelay();                          //???600mS
 286   1       lcdfill(0x55) ;exdelay(); exdelay(); 
 287   1       lcdfill(0xaa) ;exdelay();exdelay();  
 288   1       lcdfill(0x00) ;
 289   1              
 290   1      //2.?????: ?(6,3)????"LCM24064B Oriental Technology"???.
 291   1          XPOS=60;
 292   1          YPOS=8;
 293   1          putstr(" L C M 24064B ");
 294   1          exdelay();    exdelay();                       //???600mS
 295   1      
 296   1      //3.?????: ?(40,32)????"WWW.ORIENTAL-LCD.COM"???.
 297   1          XPOS=50;
 298   1          YPOS=26;
 299   1          putstr(" Made in China");
 300   1          exdelay(); exdelay(); exdelay();                          //???600mS
 301   1      
 302   1      //4.????: ?(40,32)????"WWW.ORIENTAL-LCD.COM"???.
C51 COMPILER V9.60.7.0   MAIN                                                              09/14/2025 21:01:04 PAGE 6   

 303   1                               //???600mS
 304   1      
 305   1      
 306   1      
 307   1      
 308   1      //5.????: RECT(0,0)-(239,63),???.
 309   1          rect(0,0,239,63,1);
 310   1          exdelay();                          //???600mS
 311   1      
 312   1      //6.????: point(14,52),??.
 313   1          XPOS=14;
 314   1          YPOS=52;
 315   1          point(1);
 316   1          exdelay();                          //???600mS
 317   1      
 318   1      //7.????: line(14,85)-(119,63),??.
 319   1          line(14,52,119,63,1);
 320   1          exdelay();                          //???600mS
 321   1      
 322   1      //8.????: lineto(225,52),??.
 323   1          lineto(225,52,1);
 324   1          exdelay();                          //???600mS
 325   1      
 326   1      //9.????: lineto(14,52),??.
 327   1          lineto(14,52,1);
 328   1          exdelay();                          //???600mS
 329   1      
 330   1      //10.????: ?????????.
 331   1          lcdfill(0);                        //??
 332   1          exdelay();       exdelay();                    //???600mS
 333   1      }
 334          void exdelay(void)                      //???????
 335          { unsigned char i,j,k;                  //???600mS
 336   1        for(i=0;i<60;i++)
 337   1          for(j=0;j<64;j++)
 338   1            for(k=0;k<51;k++);
 339   1      }
 340          //-------------------------------------------------------------------------------
 341          //??putchar???????????,putstr???????????,getchinesecodepos,
 342          //getenglishcodepos???????????.
 343          //-------------------------------------------------------------------------------
 344          //?????:void putchar(unsigned int c).
 345          //??:?(XPOS,YPOS)?????????,?c>128 ???????,???????
 346          //????:2009.8.18
 347          //???:chujianjun@sunman.cn,tanchao@sunman.cn
 348          //-------------------------------------------------------------------------------
 349          void putchar(unsigned int c)            //????????
 350          {   if(c>128)
 351   1              putsizeimage(CHINESECHARSIZE,CHINESECHARSIZE,getchinesecodepos(c));
 352   1          else
 353   1              putsizeimage(ENGLISHCHARSIZE,CHINESECHARSIZE,getenglishcodepos(c));
 354   1      }
 355          //-------------------------------------------------------------------------------
 356          //?????:void putstr(unsigned char code *s).
 357          //??:??????,?*s=0 ???????.
 358          //????:2009.8.18
 359          //???:chujianjun@sunman.cn,tanchao@sunman.cn
 360          //-------------------------------------------------------------------------------
 361          void putstr(unsigned char code *s)      //????????,????0???
 362          {   unsigned int c;
 363   1          while(1)
 364   1          {   c=*s;
C51 COMPILER V9.60.7.0   MAIN                                                              09/14/2025 21:01:04 PAGE 7   

 365   2              s++;
 366   2              if(c==0) break;
 367   2              if(c<128)
 368   2                  putchar(c);
 369   2              else
 370   2              {   putchar(c*256+*s);
 371   3                  s++;
 372   3              }
 373   2          }
 374   1      }
 375          //-------------------------------------------------------------------------------
 376          //?????:unsigned char code *getchinesecodepos(unsigned char ac).
 377          //??:??????????????????????????????.
 378          //????:2009.8.18
 379          //???:chujianjun@sunman.cn,tanchao@sunman.cn
 380          //-------------------------------------------------------------------------------
 381          unsigned char code *getchinesecodepos(unsigned int ac)
 382          {   unsigned int min,max,mid,midc;
 383   1          min=0;
 384   1          max=CHINESECHARNUMBER-1;
 385   1          while(1)
 386   1          {   if(max-min<2)
 387   2              {   if(ChineseCode[min]==ac)
 388   3                      mid=min;
 389   3                  else if(ChineseCode[max]==ac)
 390   3                      mid=max;
 391   3                  else
 392   3                      mid=0;
 393   3                  break;
 394   3              }
 395   2              mid=(max+min)/2;
 396   2              midc=ChineseCode[mid];
 397   2              if(midc==ac)
 398   2                  break;
 399   2              else if(midc>ac)
 400   2                  max=mid-1;
 401   2              else
 402   2                  min=mid+1;
 403   2          }
 404   1          return ChineseCharDot+mid*CHINESECHARDOTSIZE;
 405   1      }
 406          //-------------------------------------------------------------------------------
 407          //?????:unsigned char code *getenglishcodepos(unsigned char ac).
 408          //??:????ASCII????????????ASCII??????????.
 409          //????:2009.8.18
 410          //???:chujianjun@sunman.cn,tanchao@sunman.cn
 411          //-------------------------------------------------------------------------------
 412          unsigned char code *getenglishcodepos(unsigned char ac)
 413          {   unsigned char min,max,mid,midc;
 414   1          min=0;
 415   1          max=ENGLISHCHARNUMBER-1;
 416   1          while(1)
 417   1          {   if(max-min<2)
 418   2              {   if(EnglishCode[min]==ac)
 419   3                      mid=min;
 420   3                  else if(EnglishCode[max]==ac)
 421   3                      mid=max;
 422   3                  else
 423   3                      mid=0;
 424   3                  break;
 425   3              }
 426   2              mid=(max+min)/2;
C51 COMPILER V9.60.7.0   MAIN                                                              09/14/2025 21:01:04 PAGE 8   

 427   2              midc=EnglishCode[mid];
 428   2              if(midc==ac)
 429   2                  break;
 430   2              else if(midc>ac)
 431   2                  max=mid-1;
 432   2              else
 433   2                  min=mid+1;
 434   2          }
 435   1          return EnglishCharDot+mid*ENGLISHCHARDOTSIZE;
 436   1      }
 437          //-------------------------------------------------------------------------------
 438          //??putsizeimage???????????,putimage???????????
 439          //-------------------------------------------------------------------------------
 440          //?????:void putsizeimage(unsigned char XSIZE,unsigned YSIZE,
 441          //                             unsigned char code *s)
 442          //??:?(XPOS,YPOS)????XSIZE??YISZE??????*S.
 443          //????:2009.8.17
 444          //???:chujianjun@sunman.cn,tanchao@sunman.cn
 445          //-------------------------------------------------------------------------------
 446          void putsizeimage(unsigned char XSIZE,unsigned char YSIZE,unsigned char code *s)
 447          {  unsigned char k,lx,ly,a1,a2,x,Lcd_Mask;
 448   1         k=XPOS&0x7;
 449   1         XSIZE+=k;
 450   1         x=XPOS;
 451   1         s--;
 452   1         for(ly=0;ly<YSIZE;ly++,YPOS++)
 453   1         {  for(XPOS=x,lx=k;lx<XSIZE;)
 454   2            {  unsigned char p;
 455   3               a1=*s;
 456   3               s++;
 457   3               a2=*s;
 458   3               if(CharImageReverse)
 459   3               {   a1=~a1;
 460   4                   a2=~a2;
 461   4               }
 462   3               for(p=0;p<k;p++)
 463   3               {  a2>>=1;
 464   4                  if((a1&0x1)==1)
 465   4                     a2+=0x80;
 466   4                  a1>>=1;
 467   4               }
 468   3               if((k==0) && (XSIZE<lx+8))
 469   3               {   lcdpos();
 470   4                   lx+=8;
 471   4                   XPOS+=8;
 472   4               }
 473   3               else
 474   3               {   lcdpos();
 475   4                   a1=lcdrd();
 476   4                   lcdpos();
 477   4                   lx+=8;
 478   4                   XPOS+=8;
 479   4                   Lcd_Mask=0xff;
 480   4                   p=XSIZE&0x7;
 481   4                   while(p>0)
 482   4                   {   Lcd_Mask>>=1;
 483   5                       XPOS--;
 484   5                       p--;
 485   5                   }
 486   4                   p=0xff;
 487   4                   while(XSIZE<lx)
 488   4                   {   lx--;
C51 COMPILER V9.60.7.0   MAIN                                                              09/14/2025 21:01:04 PAGE 9   

 489   5                       XPOS--;
 490   5                       p<<=1;
 491   5                   }
 492   4                   Lcd_Mask&=p;
 493   4                   a2&=Lcd_Mask;
 494   4                   a2|=a1&(~Lcd_Mask);
 495   4               }
 496   3               lcdwd(a2);
 497   3            }
 498   2            if((k!=0) && (XSIZE&0x7 != 0) && (k >= XSIZE&0x7)) s--;
 499   2         }
 500   1         if(XDOTS-x < XSIZE-k)
 501   1             XPOS=0;
 502   1         else
 503   1             YPOS-=YSIZE;
 504   1      }
 505          //-------------------------------------------------------------------------------
 506          //?????:void putimage(unsigned char code *s).
 507          //??:?(XPOS,YPOS)????XSIZE[*s]??YISZE[*(s+1)]??????[*(s+2)].
 508          //????:2009.8.18
 509          //???:chujianjun@sunman.cn,tanchao@sunman.cn
 510          //-------------------------------------------------------------------------------
 511          void putimage(unsigned char code *s)    //???????
 512          {   unsigned char XSIZE,YSIZE;
 513   1          XSIZE=*s;
 514   1          s++;
 515   1          YSIZE=*s;
 516   1          s++;
 517   1          putsizeimage(XSIZE,YSIZE,s);
 518   1      }
 519          //-------------------------------------------------------------------------------
 520          //??point???????????,line,lineto,rect???????????.
 521          //-------------------------------------------------------------------------------
 522          //?????:void point(bit b).
 523          //??:?b????(XPOS,YPOS)?????.
 524          //????:2009.8.18
 525          //???:chujianjun@sunman.cn,tanchao@sunman.cn
 526          //-------------------------------------------------------------------------------
 527          void point(bit b)
 528          {   unsigned char i,Lcd_Mask,j;
 529   1          Lcd_Mask=0x80;
 530   1          i=XPOS&0x7;
 531   1          while(i>0)
 532   1          {   Lcd_Mask>>=1;
 533   2              i--;
 534   2          }
 535   1          lcdpos();
 536   1          j=lcdrd();
 537   1          lcdpos();
 538   1          if(b)
 539   1              lcdwd(j|Lcd_Mask);
 540   1          else
 541   1              lcdwd(j&(~Lcd_Mask));
 542   1      }
 543          //-------------------------------------------------------------------------------
 544          //?????:void line(unsigned char x0,unsigned char y0,unsigned char x1,unsigned char y1,bit b)
 545          //??:?b?????(x0,y0)-(x1,y1)???
 546          //????:2009.8.18
 547          //???:chujianjun@sunman.cn,tanchao@sunman.cn
 548          //-------------------------------------------------------------------------------
 549          void line(unsigned char x0,unsigned char y0,unsigned char x1,unsigned char y1,bit b)
 550          {   unsigned char dx,dy;
C51 COMPILER V9.60.7.0   MAIN                                                              09/14/2025 21:01:04 PAGE 10  

 551   1          unsigned int dk;
 552   1          XPOS=x0;
 553   1          YPOS=y0;
 554   1          point(b);
 555   1          dx=(x1>=x0)?x1-x0:x0-x1;
 556   1          dy=(y1>=y0)?y1-y0:y0-y1;
 557   1          if(dx==dy)
 558   1          {   while(XPOS!=x1)
 559   2              {   if(x1>x0) XPOS++;else XPOS--;
 560   3                  if(y1>y0) YPOS++;else YPOS--;
 561   3                  point(b);
 562   3              }
 563   2          }
 564   1          else if (dx>dy)
 565   1          {   dk=dy;
 566   2              dy=0;
 567   2              while(XPOS!=x1)
 568   2              {   if(x1>x0) XPOS++;else XPOS--;
 569   3                  dy++;
 570   3                  if(y1>y0) YPOS=y0+(dk*dy+dx/2)/dx;else YPOS=y0-(dk*dy+dx/2)/dx;
 571   3                  point(b);
 572   3              }
 573   2          }
 574   1          else
 575   1          {   dk=dx;
 576   2              dx=0;
 577   2              while(YPOS!=y1)
 578   2              {   if(y1>y0) YPOS++;else YPOS--;
 579   3                  dx++;
 580   3                  if(x1>x0) XPOS=x0+(dk*dx+dy/2)/dy;else XPOS=x0-(dk*dx+dy/2)/dy;
 581   3                  point(b);
 582   3              }
 583   2          }
 584   1      }
 585          //-------------------------------------------------------------------------------
 586          //?????:void lineto(unsigned char x1,unsigned char y1,bit b)
 587          //??:?b?????(XPOS,YPOS)-(x1,y1)???
 588          //????:2009.8.18
 589          //???:chujianjun@sunman.cn,tanchao@sunman.cn
 590          //-------------------------------------------------------------------------------
 591          void lineto(unsigned char x1,unsigned char y1,bit b)//??(XPOS,YPOS)-(X1,Y1)???
 592          {   line(XPOS,YPOS,x1,y1,b);
 593   1      }
 594          //-------------------------------------------------------------------------------
 595          //?????:void rect(unsigned char x0,unsigned char y0,unsigned char x1,unsigned char y1,bit b)
 596          //??:?b?????(x0,y0)-(x1,y1)???
 597          //????:2009.8.18
 598          //???:chujianjun@sunman.cn,tanchao@sunman.cn
 599          //-------------------------------------------------------------------------------
 600          void rect(unsigned char x0,unsigned char y0,unsigned char x1,unsigned char y1,bit b)
 601          {   line(x0,y0,x1,y0,b);
 602   1          line(x1,y0,x1,y1,b);
 603   1          line(x1,y1,x0,y1,b);
 604   1          line(x0,y1,x0,y0,b);
 605   1      }
 606          //-------------------------------------------------------------------------------
 607          //??lcdfill,lcdpos,lcdreset?T6963??????24064????????????
 608          //-------------------------------------------------------------------------------
 609          //?????:void lcdfill(unsigned char d).
 610          //??:????d???????.
 611          //????:2009.09.28
 612          //???:chujianjun@sunman.cn,tanchao@sunman.cn
C51 COMPILER V9.60.7.0   MAIN                                                              09/14/2025 21:01:04 PAGE 11  

 613          //-------------------------------------------------------------------------------
 614          void lcdfill(unsigned char d)           //????d??????????
 615          {   unsigned char i,j;
 616   1          lcdwc3(0x24,0,0);                   //????RAM???0
 617   1          for(i=0;i<YDOTS;i++)                //??
 618   1              for(j=0;j<30;j++)               //30??????240?
 619   1                  lcdwd(d);                   //?????
 620   1      }
 621          //-------------------------------------------------------------------------------
 622          //?????:void lcdpos(void).
 623          //??:?????(XPOS,YPOS)???????RAM??.
 624          //????:2009.08.07
 625          //???:chujianjun@sunman.cn,tanchao@sunman.cn
 626          //-------------------------------------------------------------------------------
 627          void lcdpos(void)                       //?????(XPOS,YPOS)??RAM??????
 628          {  unsigned int CurrentAddress;
 629   1         CurrentAddress=YPOS*30;              //LCDRAM??=30*YPOS+(XPOS/8)
 630   1         CurrentAddress+=XPOS/8;
 631   1         lcdwc3(0x24,CurrentAddress&0xff,CurrentAddress/256);
 632   1      }
 633          //-------------------------------------------------------------------------------
 634          //?????:void lcdreset(void)
 635          //??:??????????
 636          //????:2009.08.07
 637          //???:chujianjun@sunman.cn,tanchao@sunman.cn
 638          //-------------------------------------------------------------------------------
 639          void lcdreset(void)                     //?????????????
 640          {   lcdwc(0x80);                        //OR MODE
 641   1          lcdwc(0x98);                        //?????
 642   1          lcdwc3(0x42,0,0);                   //???????????0
 643   1          lcdwc3(0x43,30,0);                  //??????????30???240?
 644   1      }
 645          //-------------------------------------------------------------------------------
 646          //??lcdwd,lcdrd,lcdwc,lcdwc2,lcdwc3?T6963C?????[MCS51????????]?
 647          //    ?????;lcdwdata,lcdrdata,lcdwaitidle??????.
 648          //-------------------------------------------------------------------------------
 649          //?????:void lcdwd(unsigned char d).
 650          //??:?????????????.
 651          //????:2009.08.07
 652          //???:chujianjun@sunman.cn,tanchao@sunman.cn
 653          //-------------------------------------------------------------------------------
 654          void lcdwd(unsigned char d)             //????????
 655          {   lcdwc2(0xc0,d);
 656   1      }
 657          //-------------------------------------------------------------------------------
 658          //?????:unsigned char lcdrd(void).
 659          //??:??????????????.
 660          //????:2009.08.07
 661          //???:chujianjun@sunman.cn,tanchao@sunman.cn
 662          //-------------------------------------------------------------------------------
 663          unsigned char lcdrd(void)               //????????
 664          {   lcdwc(0xc1);                        //????????
 665   1          return lcdrdata();                  //???
 666   1      }
 667          //-------------------------------------------------------------------------------
 668          //?????:lcdwc(unsigned char c).
 669          //??:???????????.
 670          //????:2009.08.07
 671          //???:chujianjun@sunman.cn,tanchao@sunman.cn
 672          //-------------------------------------------------------------------------------
 673          void lcdwc(unsigned char c)             //??????
 674          {   lcdwaitidle();                      //?????????????
C51 COMPILER V9.60.7.0   MAIN                                                              09/14/2025 21:01:04 PAGE 12  

 675   1          P1=c;
 676   1          CDPIN=1;                            //CD=1 CE=0 WR=0
 677   1          CEPIN=0;
 678   1          WRPIN=0;
 679   1          _nop_();
 680   1          WRPIN=1;
 681   1          CEPIN=1;
 682   1      }
 683          //-------------------------------------------------------------------------------
 684          //?????:lcdwc2(unsigned char c,unsigned char d).
 685          //??:?????????2????.
 686          //????:2009.08.07
 687          //???:chujianjun@sunman.cn,tanchao@sunman.cn
 688          //-------------------------------------------------------------------------------
 689          void lcdwc2(unsigned char c,unsigned char d) //?2???????
 690          {   lcdwdata(d);                        //?????
 691   1          lcdwc(c);                           //????
 692   1      }
 693          //-------------------------------------------------------------------------------
 694          //?????:lcdwc3(unsigned char c,unsigned char d1,unsigned char d2).
 695          //??:?????????3????.
 696          //????:2009.08.07
 697          //???:chujianjun@sunman.cn,tanchao@sunman.cn
 698          //-------------------------------------------------------------------------------
 699          void lcdwc3(unsigned char c,unsigned char d1,unsigned char d2) //?3???????
 700          {   lcdwdata(d1);                        //?????1
 701   1          lcdwdata(d2);                        //?????2
 702   1          lcdwc(c);                            //????
 703   1      }
 704          //-------------------------------------------------------------------------------
 705          //?????:unsigned char lcdrdata(void).
 706          //??:????????????.
 707          //????:2009.08.07
 708          //???:chujianjun@sunman.cn,tanchao@sunman.cn
 709          //-------------------------------------------------------------------------------
 710          unsigned char lcdrdata(void)            //??????
 711          {   unsigned char d;
 712   1          lcdwaitidle();                      //?????????????
 713   1          P1=0xff;
 714   1          CDPIN=0;                            //CD=0 CE=0 RD=0
 715   1          CEPIN=0;
 716   1          RDPIN=0;
 717   1          _nop_();
 718   1          d=P1;
 719   1          RDPIN=1;
 720   1          CEPIN=1;
 721   1          return d;
 722   1      }
 723          //-------------------------------------------------------------------------------
 724          //?????:void lcdwdata(unsigned char d).
 725          //??:???????????.
 726          //????:2009.08.07
 727          //???:chujianjun@sunman.cn,tanchao@sunman.cn
 728          //-------------------------------------------------------------------------------
 729          void lcdwdata(unsigned char d)          //??????
 730          {   lcdwaitidle();                      //?????????????
 731   1          P1=d;
 732   1          CDPIN=0;                            //CD=0 CE=0 WR=0
 733   1          CEPIN=0;
 734   1          WRPIN=0;
 735   1          _nop_();
 736   1          WRPIN=1;
C51 COMPILER V9.60.7.0   MAIN                                                              09/14/2025 21:01:04 PAGE 13  

 737   1          CEPIN=1;
 738   1      }
 739          //-------------------------------------------------------------------------------
 740          //?????:voidlcdwaitidle(void).
 741          //??:???,???????????????????,????????????.
 742          //????:2009.08.07
 743          //???:chujianjun@sunman.cn,tanchao@sunman.cn
 744          //-------------------------------------------------------------------------------
 745          void lcdwaitidle(void)                  //??????
 746          {   unsigned char i,d;
 747   1          P1=0xff;
 748   1          CDPIN=1;                            //CD=1 CE=0 RD=0
 749   1          CEPIN=0;
 750   1          for(i=0;i<20;i++)                   //
 751   1          {   RDPIN=0;
 752   2              _nop_();
 753   2              d=P1;
 754   2              RDPIN=1;
 755   2              if( (d&0x3) == 0x3 ) break;     //D0D1=11 ????
 756   2          }
 757   1          CEPIN=1;
 758   1      }


MODULE INFORMATION:   STATIC OVERLAYABLE
   CODE SIZE        =   1697    ----
   CONSTANT SIZE    =    824    ----
   XDATA SIZE       =   ----    ----
   PDATA SIZE       =   ----    ----
   DATA SIZE        =      2      44
   IDATA SIZE       =   ----    ----
   BIT SIZE         =      1       4
END OF MODULE INFORMATION.


C51 COMPILATION COMPLETE.  0 WARNING(S),  0 ERROR(S)
