C51 COMPILER V9.60.7.0   MAIN                                                              06/26/2025 15:50:12 PAGE 1   


C51 COMPILER V9.60.7.0, COMPILATION OF MODULE MAIN
OBJECT MODULE PLACED IN main.OBJ
COMPILER INVOKED BY: D:\KEIL_STM32\C51\BIN\C51.EXE main.c OPTIMIZE(8,SPEED) BROWSE INCDIR(.\SRC) DEBUG OBJECTEXTEND

line level    source

   1          //////////////////////////////////////////////////////////////////////////////////       
   2          //本程序只供学习使用，未经作者许可，不得用于其它任何用途
   3          //中景园电子
   4          //店铺地址：http://shop73023976.taobao.com/?spm=2013.1.0.0.M4PqC2
   5          //
   6          //  文 件 名   : main.c
   7          //  版 本 号   : v2.0
   8          //  作    者   : HuangKai
   9          //  生成日期   : 2014-0101
  10          //  最近修改   : 
  11          //  功能描述   : OLED 4接口演示例程(51系列)
  12          //              说明: 
  13          //              ----------------------------------------------------------------
  14          //              GND    电源地
  15          //              VCC  接5V或3.3v电源
  16          //              SCL  P17（SCL）
  17          //              SDA  P16（SDA）
  18          //              RES  P15
  19          //              DC   P14
  20          //              CS   P13 
  21          //              ----------------------------------------------------------------
  22          // 修改历史   :
  23          // 日    期   : 
  24          // 作    者   : HuangKai
  25          // 修改内容   : 创建文件
  26          //版权所有，盗版必究。
  27          //Copyright(C) 中景园电子2014/3/16
  28          //All rights reserved
  29          //******************************************************************************/
  30          #include "REG51.h"
  31          #include "oled.h"
  32          #include "bmp.h"
  33          
  34          int main(void)
  35          {       
  36   1              u8 t=' ';
  37   1              OLED_Init();//初始化OLED
  38   1              OLED_ColorTurn(0);//0正常显示，1 反色显示
  39   1          OLED_DisplayTurn(0);//0正常显示 1 屏幕翻转显示
  40   1              while(1) 
  41   1              {               
  42   2                      OLED_DrawBMP(0,0,128,64,BMP1);
  43   2                      delay_ms(500);
  44   2                      OLED_Clear();
  45   2                      OLED_ShowChinese(18,0,0, 16);//
  46   2                      OLED_ShowChinese(36,0,1,16);//
  47   2                      OLED_ShowChinese(54,0,2,16);//
  48   2                      OLED_ShowChinese(72,0,3,16);//
  49   2                      OLED_ShowChinese(90,0,4,16);//
  50   2                      
  51   2                      OLED_ShowChinese(18,2,5,16);//          
  52   2                      OLED_ShowChinese(36,2,6,16);//  
  53   2                      OLED_ShowChinese(54,2,7,16);//
  54   2                      OLED_ShowChinese(72,2,8,16);//
  55   2                      OLED_ShowChinese(90,2,9,16);//
C51 COMPILER V9.60.7.0   MAIN                                                              06/26/2025 15:50:12 PAGE 2   

  56   2                              
  57   2                      
  58   2      //              OLED_ShowString(8,2,"ZHONGJINGYUAN",16);
  59   2      //              OLED_ShowString(20,4,"2025/06/21",16);
  60   2                      OLED_ShowString(0,6,"ASCII:",16);  
  61   2                      OLED_ShowString(63,6,"CODE:",16);
  62   2                      OLED_ShowChar(48,6,t,16);
  63   2                      t++;
  64   2                      if(t>'~')t=' ';
  65   2                      OLED_ShowNum(103,6,t,3,16);
  66   2                      delay_ms(500);
  67   2                      OLED_Clear();
  68   2              }
  69   1      }
  70          
  71                  


MODULE INFORMATION:   STATIC OVERLAYABLE
   CODE SIZE        =    252    ----
   CONSTANT SIZE    =   1037    ----
   XDATA SIZE       =   ----    ----
   PDATA SIZE       =   ----    ----
   DATA SIZE        =   ----       1
   IDATA SIZE       =   ----    ----
   BIT SIZE         =   ----    ----
END OF MODULE INFORMATION.


C51 COMPILATION COMPLETE.  0 WARNING(S),  0 ERROR(S)
