C51 COMPILER V9.60.7.0   LCD2002                                                           09/10/2025 16:02:35 PAGE 1   


C51 COMPILER V9.60.7.0, COMPILATION OF MODULE LCD2002
OBJECT MODULE PLACED IN .\Objects\lcd2002.obj
COMPILER INVOKED BY: D:\KEIL_STM32\C51\BIN\C51.EXE lcd2002.c OPTIMIZE(8,SPEED) BROWSE DEBUG OBJECTEXTEND PRINT(.\Listing
                    -s\lcd2002.lst) OBJECT(.\Objects\lcd2002.obj)

line level    source

   1          #include "LCD2002.h"
   2          #include <REGX52.H>
   3          
   4          sbit LCD_RS = P3^0; 
   5          sbit LCD_RW = P3^1;
   6          sbit LCD_EN = P3^2;
   7          sbit   KEY1  =P2^0;     
   8          
   9          unsigned int ReadKey1() // 按键检测函数
  10          {
  11   1          if (KEY1 == 0) 
  12   1              {  // 按键被按下
  13   2              Delay(1);  // 简单的去抖动处理
  14   2              if (KEY1 == 0) 
  15   2                      {  // 检查按键是否仍然按下
  16   3                  while (KEY1 == 0);  // 等待按键释放
  17   3                  return 1;  // 返回按键被按下
  18   3              }
  19   2          }
  20   1          return 0;  // 按键没有被按下
  21   1      }
  22          
  23          
  24          void  Delay(xms)        //@12.000MHz
  25          {
  26   1      while(xms--){
  27   2              unsigned char data i, j;
  28   2      
  29   2              i = 12;
  30   2              j = 169;
  31   2              do
  32   2              {
  33   3                      while (--j);
  34   3              } while (--i);
  35   2      }
  36   1              }
  37          
  38          
  39          //判断忙不忙
  40          void Busy()
  41          {
  42   1              unsigned char temp;
  43   1              LCD_DataPort=0xff;
  44   1              LCD_RS=0;//RW=1,RS=0读状态
  45   1              LCD_RW=1;
  46   1              do{
  47   2                      LCD_EN=1;
  48   2                      temp=LCD_DataPort;
  49   2                      LCD_EN=0;
  50   2              }while(temp&0x80);}/*对控制器每次进行读写操作之前， 
  51                                                    都必须进行读写检测，确保STA7为0*/
  52          
  53          
  54          
C51 COMPILER V9.60.7.0   LCD2002                                                           09/10/2025 16:02:35 PAGE 2   

  55          /**
  56            * @brief  LCD2002写命令
  57            * @param  Command 要写入的命令
  58            * @retval 无
  59            */
  60          void LCD_WriteCommand(unsigned char Command) 
  61          {
  62   1              Busy();
  63   1          LCD_RS = 0; // 选择为指令，1为数据，0为指令
  64   1          LCD_RW = 0; // 选择为写， 1为读，0为写
  65   1          LCD_DataPort = Command; // 写入指令的内容
  66   1          LCD_EN = 1;   // 使能脚E先上升沿写入
  67   1          Delay(0.1);
  68   1          LCD_EN = 0;   // 使能脚E后负跳变完成写入
  69   1      }
  70          
  71          /**
  72            * @brief  LCD2002写数据
  73            * @param  Data 要写入的数据,搭配LCD_SetCursor()光标使用。
  74            * @retval 无
  75            */
  76          void LCD_WriteData(unsigned char Data) 
  77          {
  78   1              Busy();
  79   1          LCD_RS = 1; // 选择为数据，1为数据，0为指令
  80   1          LCD_RW = 0; // 选择为写， 1为读，0为写
  81   1          LCD_DataPort = Data; // 写入指数据的内容
  82   1          LCD_EN = 1;   // 使能脚E先上升沿写入
  83   1          Delay(0.1);
  84   1          LCD_EN = 0;   // 使能脚E后负跳变完成写入
  85   1        
  86   1      }
  87          
  88          /**
  89            * @brief  LCD2002读数据
  90            * @param  Data 要写入的数据,搭配LCD_SetCursor()光标使用。
  91            * @retval 无
  92            */
  93          void LCD_ReadData(unsigned char Data) 
  94          {
  95   1              Busy();
  96   1          LCD_RS = 1; // 选择为数据，1为数据，0为指令
  97   1          LCD_RW = 1; // 选择为写， 1为读，0为写
  98   1              LCD_EN = 1;   // 使能脚E先上升沿写入
  99   1              Delay(0.1);
 100   1          LCD_DataPort = Data; // 写入指数据的内容
 101   1          LCD_EN = 0;   // 使能脚E后负跳变完成写入
 102   1      }
 103          
 104          /**
 105            * @brief  LCD2002初始化函数
 106            * @param  无
 107            * @retval 无
 108            */
 109          void LCD_Init() 
 110          {
 111   1          LCD_WriteCommand(0x38); // 设置20×4显示,5X7点阵,8位数据接口 
 112   1          LCD_WriteCommand(0x0c); // 显示开,光标关,闪烁关
 113   1      //      LCD_WriteCommand(0x0f);//显示开,光标开.闪烁开
 114   1          LCD_WriteCommand(0x06); // 当读或写一个字符后地址指针加一,不移动
 115   1          LCD_WriteCommand(0x01); // 光标复位，清屏
 116   1              Delay(0.1); 
C51 COMPILER V9.60.7.0   LCD2002                                                           09/10/2025 16:02:35 PAGE 3   

 117   1      }
 118          
 119          /**
 120            * @brief  LCD2002清屏
 121            * @param  无
 122            * @retval 无
 123            */
 124          void LCD_Clear() 
 125          {
 126   1          Busy();
 127   1          LCD_WriteCommand(0x01);
 128   1              Delay(0.1);           // 等待清屏完成
 129   1      }
 130          
 131          /**
 132            * @brief  LCD2002设置光标位置
 133            * @param  Line 行位置，范围：1~2
 134            * @param  Column 列位置，范围：1~20
 135            * @retval 无
 136            */
 137          void LCD_SetCursor(unsigned int Line, unsigned int Column) 
 138          {
 139   1          // 确保列值在0-19之间
 140   1          if (Column >= 20) Column = 0;
 141   1          // 确保行值在0-2之间
 142   1          Line &= 0x01;  // 限制 Y 位置在 0 到 3 之间         
 143   1          if (Line == 0) 
 144   1          {
 145   2              LCD_WriteCommand(0x80 | Column);  // 第一行
 146   2          } 
 147   1          else  
 148   1          {
 149   2              LCD_WriteCommand(0xC0 | Column);  // 第二行
 150   2          } 
 151   1      
 152   1      }
 153                  
 154          
 155          unsigned char LCD_Readdata(void)               //读数据子程序
 156          {   unsigned char d;
 157   1          Busy();                       //HD44780液晶显示控制器忙检测
 158   1          LCD_DataPort=0xff;
 159   1          LCD_RS=1;                             //RS=1 RW=1 E=高电平
 160   1          LCD_RW=1;
 161   1          LCD_EN=1;
 162   1          Delay(0.005);
 163   1          d=LCD_DataPort;
 164   1          LCD_EN=0;
 165   1          return d;
 166   1      }
 167          
 168          // 
 169          /**
 170           * @brief  显示字符函数
 171           * @param  Line0-3行 Column 0-19列 i字符
 172           * @retval
 173           */
 174          void LCD_USER_ShowString(unsigned char Line, unsigned char Column, unsigned char  i) 
 175          {                       
 176   1              LCD_SetCursor(Line, Column); // 光标
 177   1              LCD_WriteData(i);
 178   1      }
C51 COMPILER V9.60.7.0   LCD2002                                                           09/10/2025 16:02:35 PAGE 4   

 179          
 180          
 181          /**
 182           * @brief LCD2002显示字符串
 183           * @param Line 0-2行 Column 0-19列 *String 输入字符""
 184           * @retval 无
 185           */
 186          void LCD_ShowString(unsigned char Line, unsigned char Column, char *String) 
 187          {       unsigned char i;                
 188   1              LCD_SetCursor(Line, Column);
 189   1          for (i = 0; String[i] != '\0'; i++) 
 190   1              {
 191   2            LCD_WriteData(String[i]);
 192   2          }
 193   1      }
 194          
 195          
 196          //每次写入的字符 a 是递增的
 197          void write_CGROM(unsigned char a)
 198          {
 199   1          unsigned char j;
 200   1          LCD_WriteCommand(0x02);  // 光标归位命令 (光标位置回到初始位置，通常是DDRAM的起始地址)
 201   1          Delay(1);                // 延时一段时间，确保命令有效
 202   1          LCD_WriteCommand(0x80);  // 设置光标到第1行的起始地址 (0x80对应DDRAM的第1行起始地址)
 203   1          
 204   1          // 向第1行写入40个字符数据
 205   1          for (j = 0; j < 40; j++) 
 206   1          {
 207   2              LCD_WriteData(a);    // 向LCD写入数据 'a'
 208   2              a += 1;              // 自增'a'，以便下一个字符是'a'的下一个值
 209   2          }
 210   1      
 211   1          LCD_WriteCommand(0xC0);  // 设置光标到第2行的起始地址 (0xC0对应DDRAM的第2行起始地址)
 212   1          
 213   1          // 向第2行写入40个字符数据
 214   1          for (j = 1; j < 40; j++) 
 215   1          {
 216   2              LCD_WriteData(a);    // 向LCD写入数据 'a'
 217   2              a += 1;              // 自增'a'，同样依次写入下一个字符
 218   2          }
 219   1          
 220   1          Delay(1);                // 再次延时，确保数据全部写入
 221   1      }
 222          
 223          /**
 224           * @brief  全屏显示HD44780 内置字符
 225           * @param  Line 0-3  Column 0-19  输入16进制0X...
 226           * @retval 无
 227           */
 228          void Write_DDRAM(unsigned char a)
 229          {
 230   1          unsigned char j;
 231   1          
 232   1          LCD_WriteCommand(0x02);  // 光标归位命令 (光标位置回到初始位置，通常是DDRAM的起始地址)
 233   1          Delay(1);               // 延时10个单位 (比之前的延时长)
 234   1      
 235   1          LCD_WriteCommand(0x80);  // 设置光标到第1行的起始地址 (0x80对应DDRAM的第1行起始地址)
 236   1          
 237   1          // 向第1行写入20个相同的字符   
 238   1          for (j = 0; j < 20; j++) 
 239   1          {
 240   2              LCD_WriteData(a);    // 将字符 'a' 写入 LCD 显示数据存储器
C51 COMPILER V9.60.7.0   LCD2002                                                           09/10/2025 16:02:35 PAGE 5   

 241   2          }
 242   1      
 243   1          LCD_WriteCommand(0xC0);  // 设置光标到第2行的起始地址 (0xC0对应DDRAM的第2行起始地址)
 244   1          
 245   1          // 向第2行写入20个相同的字符
 246   1          for (j = 0; j < 20; j++) 
 247   1          {
 248   2              LCD_WriteData(a);    // 将字符 'a' 写入 LCD 显示数据存储器
 249   2          }  
 250   1          Delay(1);                // 延时，确保数据完全写入
 251   1      }
 252          
 253          
 254          // 向 LCD 的 CGRAM 写入自定义字符数据
 255          void Write_CGRAM(unsigned char a[])
 256          {
 257   1          unsigned char k;
 258   1          
 259   1          // 发送命令 0x40，选择 CGRAM 地址
 260   1          LCD_WriteCommand(0x40); 
 261   1          
 262   1          // 将自定义字符数据写入 CGRAM
 263   1          for(k = 0; k < 64; k++)
 264   1          {
 265   2              LCD_WriteData(a[k]);  // 写入字符数据
 266   2          }
 267   1      }
 268          
 269          
 270          void displayCustomCharacter1(const unsigned char pattern[8]) 
 271          {
 272   1          unsigned char row, col;
 273   1      
 274   1          // 将自定义字符数组写入CGRAM
 275   1          Write_CGRAM(pattern);
 276   1      
 277   1          // 遍历LCD的每一行和每一列，显示自定义字符
 278   1          for (row = 0; row < 2; row++) 
 279   1          {
 280   2              for (col = 0; col < 20; col++) 
 281   2              {
 282   3                  // 针对LCD2002的行起始地址做出修正
 283   3                  unsigned char position;
 284   3                  if (row == 0) 
 285   3                                      {
 286   4                      position = 0x80 + col;   // 第1行地址 0x80 起始
 287   4                                      } else //if (row == 1) {
 288   3                      position = 0xC0 + col;   // 第2行地址 0xC0 起始
 289   3      
 290   3                  // 设置光标位置并显示自定义字符
 291   3                  LCD_WriteCommand(position);
 292   3                  LCD_WriteData(0x00);  // 显示存储在CGRAM中的第一个自定义字符
 293   3              }
 294   2          }
 295   1      }
 296          
 297          //unsigned char data pattern1[8] = {0x15, 0x0A, 0x15, 0x0A, 0x15, 0x0A, 0x15}; 
 298          //unsigned char data pattern2[8] = {0x0A, 0x15, 0x0A, 0x15, 0x0A, 0x15, 0x0A};  
 299          //unsigned char data pattern3[8] = {0x15, 0x15, 0x15, 0x15, 0x15, 0x15, 0x15, 0x15}; 
 300          //unsigned char data pattern4[8] = {0x0A, 0x0A, 0x0A, 0x0A, 0x0A, 0x0A, 0x0A, 0x0A}; 
 301          //unsigned char data pattern5[8] = {0x1F, 0x00, 0x1F, 0x00, 0x1F, 0x00, 0x1F, 0x00}; 
 302          //unsigned char data pattern6[8] = {0x00, 0x1F, 0x00, 0x1F, 0x00, 0x1F, 0x00, 0x1F};    
C51 COMPILER V9.60.7.0   LCD2002                                                           09/10/2025 16:02:35 PAGE 6   

 303          //unsigned char data pattern7[8] = {0x00, 0x15, 0x00, 0x15, 0x00, 0x15, 0x00, 0x15}; 
 304          //void HandleKey() 
 305          //{
 306          //      unsigned char mode;
 307          //      
 308          //              if (ReadKey1()) 
 309          //        {  
 310          //              LCD_Clear();
 311          //              mode++;
 312          //              mode %= 10;                     
 313          //              switch (mode) 
 314          //        {
 315          //        case 0:            
 316          //                      displayCustomCharacter1(pattern1); 
 317          //            break;
 318          //        case 1:
 319          //            displayCustomCharacter1(pattern2);  
 320          //            break;
 321          //        case 2:
 322          //            displayCustomCharacter1(pattern3); 
 323          //            break;
 324          //        case 3:
 325          //           displayCustomCharacter1(pattern4);  
 326          //            break;
 327          //        case 4:
 328          //            displayCustomCharacter1(pattern5);  
 329          //            break;
 330          //        case 5:
 331          //            displayCustomCharacter1(pattern6);  
 332          //            break;
 333          //              case 6:
 334          //                      displayCustomCharacter1(pattern7);
 335          //                      break;
 336          //              case 7:
 337          //                      write_CGROM(0x21); 
 338          //                 break;
 339          //              case 8:
 340          //                      write_CGROM(0xA1); 
 341          //                 break;
 342          //              case 9:
 343          //                      Write_DDRAM(0xFF); 
 344          //                 break;  
 345          //              }
 346          //      }
 347          //}
 348          
 349          //void DisplayPatterns() 
 350          //{
 351          //    static int step = 0; // 当前显示图案步骤
 352          //    switch (step) 
 353          //    {
 354          //        case 0: displayCustomCharacter1(pattern1);  Delay(80); break;
 355          //        case 1: displayCustomCharacter1(pattern2);  Delay(80); break;
 356          //        case 2: displayCustomCharacter1(pattern3);  Delay(80); break;
 357          //        case 3: displayCustomCharacter1(pattern4);  Delay(80); break;
 358          //        case 4: displayCustomCharacter1(pattern5);  Delay(80); break;
 359          //        case 5: displayCustomCharacter1(pattern6);  Delay(80); break;
 360          //        case 6: displayCustomCharacter1(pattern7);  Delay(80); break;
 361          //        case 7: write_CGROM(0x21); Delay(80); break;
 362          //        case 8: Write_DDRAM(0xCE); Delay(80); break;
 363          //        case 9:       LCD_Clear();LCD_ShowString(1,6,"LCM2002_4");LCD_ShowString(0,2,"YeHuiDisplay.com");Delay
             -(80); break;
C51 COMPILER V9.60.7.0   LCD2002                                                           09/10/2025 16:02:35 PAGE 7   

 364          //    }
 365          //    step++;
 366          //    if (step > 9) step = 0; // 循环
 367          //}


MODULE INFORMATION:   STATIC OVERLAYABLE
   CODE SIZE        =    447    ----
   CONSTANT SIZE    =   ----    ----
   XDATA SIZE       =   ----    ----
   PDATA SIZE       =   ----    ----
   DATA SIZE        =   ----       9
   IDATA SIZE       =   ----    ----
   BIT SIZE         =   ----    ----
END OF MODULE INFORMATION.


C51 COMPILATION COMPLETE.  0 WARNING(S),  0 ERROR(S)
