C51 COMPILER V9.60.7.0   MAIN                                                              09/10/2025 16:02:34 PAGE 1   


C51 COMPILER V9.60.7.0, COMPILATION OF MODULE MAIN
OBJECT MODULE PLACED IN .\Objects\main.obj
COMPILER INVOKED BY: D:\KEIL_STM32\C51\BIN\C51.EXE main.c OPTIMIZE(8,SPEED) BROWSE DEBUG OBJECTEXTEND PRINT(.\Listings\m
                    -ain.lst) OBJECT(.\Objects\main.obj)

line level    source

   1          #include <REGX52.H>
   2          #include "LCD2002.h"
   3                  unsigned char mode;
   4                  unsigned char data pattern1[8] = {0x15, 0x0A, 0x15, 0x0A, 0x15, 0x0A, 0x15}; // 棋盘
   5                  unsigned char data pattern2[8] = {0x0A, 0x15, 0x0A, 0x15, 0x0A, 0x15, 0x0A};    
   6                  unsigned char data pattern3[8] = {0x15, 0x15, 0x15, 0x15, 0x15, 0x15, 0x15, 0x15}; //竖线
   7              unsigned char data pattern4[8] = {0x0A, 0x0A, 0x0A, 0x0A, 0x0A, 0x0A, 0x0A, 0x0A}; 
   8              unsigned char data pattern5[8] = {0x1F, 0x00, 0x1F, 0x00, 0x1F, 0x00, 0x1F, 0x00};//横线 
   9                  unsigned char data pattern6[8] = {0x00, 0x1F, 0x00, 0x1F, 0x00, 0x1F, 0x00, 0x1F};      
  10                  unsigned char data pattern7[8] = {0x00, 0x15, 0x00, 0x15, 0x00, 0x15, 0x00, 0x15}; //麻点
  11          int main() 
  12          {
  13   1      //      LCD_Init(); 
  14   1      //      LCD_Clear();
  15   1      //      displayCustomCharacter1(pattern1); // 显示棋盘
  16   1      //      Delay(80); 
  17   1      //      displayCustomCharacter1(pattern2); 
  18   1      //      Delay(80); 
  19   1      //      displayCustomCharacter1(pattern3); // 显示竖线
  20   1      //      Delay(80); 
  21   1      //      displayCustomCharacter1(pattern4); 
  22   1      //      Delay(80); 
  23   1      //      displayCustomCharacter1(pattern5); // 显示横线
  24   1      //      Delay(80); 
  25   1      //      displayCustomCharacter1(pattern6); 
  26   1      //      Delay(80); 
  27   1      //      displayCustomCharacter1(pattern7); // 显示麻点
  28   1      //      Delay(80); 
  29   1      //      write_CGROM(0x21);//内置
  30   1      //      Delay(80);
  31   1      //      write_CGROM(0xA1);//内置
  32   1      //      Delay(80);
  33   1      //      Write_DDRAM(0xCE);//内置字符
  34   1      //      Delay(80);
  35   1      //      LCD_Clear();
  36   1      //      LCD_ShowString(1,6,"LCM2002_4");
  37   1      //      LCD_ShowString(0,2,"YeHuiDisplay.com");
  38   1                              
  39   1      while (1) 
  40   1      {
  41   2      
  42   2              
  43   2              
  44   2                      LCD_Init(); 
  45   2              LCD_Clear();
  46   2              displayCustomCharacter1(pattern1); // 显示棋盘
  47   2              Delay(80); 
  48   2              displayCustomCharacter1(pattern2); 
  49   2              Delay(80); 
  50   2              displayCustomCharacter1(pattern3); // 显示竖线
  51   2              Delay(80); 
  52   2              displayCustomCharacter1(pattern4); 
  53   2              Delay(80); 
  54   2              displayCustomCharacter1(pattern5); // 显示横线
C51 COMPILER V9.60.7.0   MAIN                                                              09/10/2025 16:02:34 PAGE 2   

  55   2              Delay(80); 
  56   2              displayCustomCharacter1(pattern6); 
  57   2              Delay(80); 
  58   2              displayCustomCharacter1(pattern7); // 显示麻点
  59   2              Delay(80); 
  60   2              write_CGROM(0x21);//内置
  61   2              Delay(80);
  62   2              write_CGROM(0xA1);//内置
  63   2              Delay(80);
  64   2              Write_DDRAM(0xCE);//内置字符
  65   2              Delay(80);
  66   2              LCD_Clear();
  67   2              LCD_ShowString(0,6,"LCM2002_4");
  68   2              LCD_ShowString(1,4,"Made in China");
  69   2              Delay(150);
  70   2      //              if (ReadKey1()) 
  71   2      //        {  
  72   2      //              LCD_Clear();
  73   2      //              mode++;
  74   2      //              mode %= 10;                     
  75   2      //              switch (mode) 
  76   2      //        {
  77   2      //        case 0:            
  78   2      //                      displayCustomCharacter1(pattern1); 
  79   2      //            break;
  80   2      //        case 1:
  81   2      //            displayCustomCharacter1(pattern2);  
  82   2      //            break;
  83   2      //        case 2:
  84   2      //            displayCustomCharacter1(pattern3); 
  85   2      //            break;
  86   2      //        case 3:
  87   2      //           displayCustomCharacter1(pattern4);  
  88   2      //            break;
  89   2      //        case 4:
  90   2      //            displayCustomCharacter1(pattern5);  
  91   2      //            break;
  92   2      //        case 5:
  93   2      //            displayCustomCharacter1(pattern6);  
  94   2      //            break;
  95   2      //              case 6:
  96   2      //                      displayCustomCharacter1(pattern7);
  97   2      //                      break;
  98   2      //              case 7:
  99   2      //                      write_CGROM(0x21); 
 100   2      //                 break;
 101   2      //              case 8:
 102   2      //                      write_CGROM(0xA1); 
 103   2      //                 break;
 104   2      //              case 9:
 105   2      //                      Write_DDRAM(0xFF); 
 106   2      //                 break;
 107   2      //              }
 108   2      //      }                       
 109   2      }
 110   1      
 111   1              }
 112          
 113          
 114          
 115          //void main(void)   
 116          //{
C51 COMPILER V9.60.7.0   MAIN                                                              09/10/2025 16:02:34 PAGE 3   

 117          
 118          //      LCD_Init(); 
 119          //      LCD_Clear();
 120          
 121          //    while (1)  
 122          //    {
 123          //      
 124          //        if (ReadKey1()) 
 125          //        {
 126          //            HandleKey(); 
 127          //        } 
 128          //        else 
 129          //        {
 130          //          
 131          //            DisplayPatterns(); 
 132          //        }
 133          //    }   
 134          //}


MODULE INFORMATION:   STATIC OVERLAYABLE
   CODE SIZE        =    193    ----
   CONSTANT SIZE    =     24    ----
   XDATA SIZE       =   ----    ----
   PDATA SIZE       =   ----    ----
   DATA SIZE        =     57    ----
   IDATA SIZE       =   ----    ----
   BIT SIZE         =   ----    ----
END OF MODULE INFORMATION.


C51 COMPILATION COMPLETE.  0 WARNING(S),  0 ERROR(S)
