BL51 BANKED LINKER/LOCATER V6.22.4.0                                                    09/10/2025  16:02:35  PAGE 1


BL51 BANKED LINKER/LOCATER V6.22.4.0, INVOKED BY:
D:\KEIL_STM32\C51\BIN\BL51.EXE .\Objects\main.obj, .\Objects\lcd2002.obj TO .\Objects\project PRINT (.\Listings\project.
>> m51) RAMSIZE (256) DISABLEWARNING (16)


MEMORY MODEL: SMALL


INPUT MODULES INCLUDED:
  .\Objects\main.obj (MAIN)
  .\Objects\lcd2002.obj (LCD2002)
  D:\KEIL_STM32\C51\LIB\C51S.LIB (?C_STARTUP)
  D:\KEIL_STM32\C51\LIB\C51S.LIB (?C?CLDOPTR)
  D:\KEIL_STM32\C51\LIB\C51S.LIB (?C_INIT)


LINK MAP OF MODULE:  .\Objects\project (MAIN)


            TYPE    BASE      LENGTH    RELOCATION   SEGMENT NAME
            -----------------------------------------------------

            * * * * * * *   D A T A   M E M O R Y   * * * * * * *
            REG     0000H     0008H     ABSOLUTE     "REG BANK 0"
            DATA    0008H     0039H     UNIT         ?DT?MAIN
            DATA    0041H     0006H     UNIT         _DATA_GROUP_
            IDATA   0047H     0001H     UNIT         ?STACK

            * * * * * * *   C O D E   M E M O R Y   * * * * * * *
            CODE    0000H     0003H     ABSOLUTE     
            CODE    0003H     00C1H     UNIT         ?PR?MAIN?MAIN
            CODE    00C4H     008CH     UNIT         ?C_C51STARTUP
            CODE    0150H     0047H     UNIT         ?C_INITSEG
            CODE    0197H     0037H     UNIT         ?PR?_WRITE_CGROM?LCD2002
            CODE    01CEH     0035H     UNIT         ?PR?_WRITE_DDRAM?LCD2002
            CODE    0203H     002DH     UNIT         ?C?LIB_CODE
            CODE    0230H     0029H     UNIT         ?PR?_DISPLAYCUSTOMCHARACTER1?LCD2002
            CODE    0259H     0027H     UNIT         ?PR?_LCD_SHOWSTRING?LCD2002
            CODE    0280H     0024H     UNIT         ?PR?_WRITE_CGRAM?LCD2002
            CODE    02A4H     0022H     UNIT         ?PR?_DELAY?LCD2002
            CODE    02C6H     0021H     UNIT         ?PR?_LCD_SETCURSOR?LCD2002
            CODE    02E7H     001AH     UNIT         ?PR?LCD_INIT?LCD2002
            CODE    0301H     0019H     UNIT         ?PR?READKEY1?LCD2002
            CODE    031AH     0018H     UNIT         ?CO?MAIN
            CODE    0332H     0012H     UNIT         ?PR?BUSY?LCD2002
            CODE    0344H     0012H     UNIT         ?PR?LCD_READDATA?LCD2002
            CODE    0356H     0011H     UNIT         ?PR?_LCD_READDATA?LCD2002
            CODE    0367H     000EH     UNIT         ?PR?LCD_CLEAR?LCD2002
            CODE    0375H     000DH     UNIT         ?PR?_LCD_WRITECOMMAND?LCD2002
            CODE    0382H     000DH     UNIT         ?PR?_LCD_WRITEDATA?LCD2002
            CODE    038FH     000CH     UNIT         ?PR?_LCD_USER_SHOWSTRING?LCD2002



OVERLAY MAP OF MODULE:   .\Objects\project (MAIN)


SEGMENT                                        DATA_GROUP 
BL51 BANKED LINKER/LOCATER V6.22.4.0                                                  09/10/2025  16:02:35  PAGE 2


  +--> CALLED SEGMENT                        START    LENGTH
------------------------------------------------------------
?C_C51STARTUP                                -----    -----
  +--> ?PR?MAIN?MAIN
  +--> ?C_INITSEG

?PR?MAIN?MAIN                                -----    -----
  +--> ?PR?LCD_INIT?LCD2002
  +--> ?PR?LCD_CLEAR?LCD2002
  +--> ?PR?_DISPLAYCUSTOMCHARACTER1?LCD2002
  +--> ?PR?_DELAY?LCD2002
  +--> ?PR?_WRITE_CGROM?LCD2002
  +--> ?PR?_WRITE_DDRAM?LCD2002
  +--> ?CO?MAIN
  +--> ?PR?_LCD_SHOWSTRING?LCD2002

?PR?LCD_INIT?LCD2002                         -----    -----
  +--> ?PR?_LCD_WRITECOMMAND?LCD2002
  +--> ?PR?_DELAY?LCD2002

?PR?_LCD_WRITECOMMAND?LCD2002                -----    -----
  +--> ?PR?BUSY?LCD2002
  +--> ?PR?_DELAY?LCD2002

?PR?_DELAY?LCD2002                           0045H    0002H

?PR?LCD_CLEAR?LCD2002                        -----    -----
  +--> ?PR?BUSY?LCD2002
  +--> ?PR?_LCD_WRITECOMMAND?LCD2002
  +--> ?PR?_DELAY?LCD2002

?PR?_DISPLAYCUSTOMCHARACTER1?LCD2002         0041H    0001H
  +--> ?PR?_WRITE_CGRAM?LCD2002
  +--> ?PR?_LCD_WRITECOMMAND?LCD2002
  +--> ?PR?_LCD_WRITEDATA?LCD2002

?PR?_WRITE_CGRAM?LCD2002                     0042H    0003H
  +--> ?PR?_LCD_WRITECOMMAND?LCD2002
  +--> ?PR?_LCD_WRITEDATA?LCD2002

?PR?_LCD_WRITEDATA?LCD2002                   -----    -----
  +--> ?PR?BUSY?LCD2002
  +--> ?PR?_DELAY?LCD2002

?PR?_WRITE_CGROM?LCD2002                     -----    -----
  +--> ?PR?_LCD_WRITECOMMAND?LCD2002
  +--> ?PR?_DELAY?LCD2002
  +--> ?PR?_LCD_WRITEDATA?LCD2002

?PR?_WRITE_DDRAM?LCD2002                     -----    -----
  +--> ?PR?_LCD_WRITECOMMAND?LCD2002
  +--> ?PR?_DELAY?LCD2002
  +--> ?PR?_LCD_WRITEDATA?LCD2002

?PR?_LCD_SHOWSTRING?LCD2002                  0041H    0003H
  +--> ?PR?_LCD_SETCURSOR?LCD2002
  +--> ?PR?_LCD_WRITEDATA?LCD2002
BL51 BANKED LINKER/LOCATER V6.22.4.0                                                  09/10/2025  16:02:35  PAGE 3



?PR?_LCD_SETCURSOR?LCD2002                   -----    -----
  +--> ?PR?_LCD_WRITECOMMAND?LCD2002



SYMBOL TABLE OF MODULE:  .\Objects\project (MAIN)

  VALUE           TYPE          NAME
  ----------------------------------

  -------         MODULE        MAIN
  C:0000H         SYMBOL        _ICE_DUMMY_
  C:0003H         PUBLIC        main
  D:0008H         PUBLIC        mode
  D:0009H         PUBLIC        pattern1
  D:0011H         PUBLIC        pattern2
  D:0019H         PUBLIC        pattern3
  D:0021H         PUBLIC        pattern4
  D:0029H         PUBLIC        pattern5
  D:0031H         PUBLIC        pattern6
  D:0039H         PUBLIC        pattern7
  -------         PROC          MAIN
  C:0003H         LINE#         11
  C:0003H         LINE#         12
  C:0003H         LINE#         39
  C:0003H         LINE#         40
  C:0003H         LINE#         44
  C:0006H         LINE#         45
  C:0009H         LINE#         46
  C:0012H         LINE#         47
  C:0019H         LINE#         48
  C:0022H         LINE#         49
  C:0029H         LINE#         50
  C:0032H         LINE#         51
  C:0039H         LINE#         52
  C:0042H         LINE#         53
  C:0049H         LINE#         54
  C:0052H         LINE#         55
  C:0059H         LINE#         56
  C:0062H         LINE#         57
  C:0069H         LINE#         58
  C:0072H         LINE#         59
  C:0079H         LINE#         60
  C:007EH         LINE#         61
  C:0085H         LINE#         62
  C:008AH         LINE#         63
  C:0091H         LINE#         64
  C:0096H         LINE#         65
  C:009DH         LINE#         66
  C:00A0H         LINE#         67
  C:00ADH         LINE#         68
  C:00BAH         LINE#         69
  C:00C1H         LINE#         109
  -------         ENDPROC       MAIN
  -------         ENDMOD        MAIN

BL51 BANKED LINKER/LOCATER V6.22.4.0                                                  09/10/2025  16:02:35  PAGE 4


  -------         MODULE        LCD2002
  C:0000H         SYMBOL        _ICE_DUMMY_
  D:0090H         PUBLIC        P1
  D:00A0H         PUBLIC        P2
  D:00B0H         PUBLIC        P3
  C:0375H         PUBLIC        _LCD_WriteCommand
  C:0197H         PUBLIC        _write_CGROM
  B:00A0H.0       PUBLIC        KEY1
  C:0367H         PUBLIC        LCD_Clear
  C:0332H         PUBLIC        Busy
  C:0356H         PUBLIC        _LCD_ReadData
  C:0382H         PUBLIC        _LCD_WriteData
  C:0230H         PUBLIC        _displayCustomCharacter1
  B:00B0H.2       PUBLIC        LCD_EN
  C:02E7H         PUBLIC        LCD_Init
  C:0344H         PUBLIC        LCD_Readdata
  C:0259H         PUBLIC        _LCD_ShowString
  C:01CEH         PUBLIC        _Write_DDRAM
  B:00B0H.0       PUBLIC        LCD_RS
  C:0280H         PUBLIC        _Write_CGRAM
  C:0301H         PUBLIC        ReadKey1
  B:00B0H.1       PUBLIC        LCD_RW
  C:02C6H         PUBLIC        _LCD_SetCursor
  C:02ADH         PUBLIC        _Delay
  C:038FH         PUBLIC        _LCD_USER_ShowString
  -------         PROC          READKEY1
  C:0301H         LINE#         9
  C:0301H         LINE#         10
  C:0301H         LINE#         11
  C:0304H         LINE#         12
  C:0304H         LINE#         13
  C:030BH         LINE#         14
  C:030EH         LINE#         15
  C:030EH         LINE#         16
  C:0311H         LINE#         17
  C:0316H         LINE#         18
  C:0316H         LINE#         19
  C:0316H         LINE#         20
  C:0319H         LINE#         21
  -------         ENDPROC       READKEY1
  C:02A8H         SYMBOL        L?0063
  -------         PROC          L?0062
  -------         ENDPROC       L?0062
  C:02A8H         SYMBOL        L?0063
  -------         PROC          _DELAY
  D:0006H         SYMBOL        xms
  -------         DO            
  D:0045H         SYMBOL        i
  D:0046H         SYMBOL        j
  -------         ENDDO         
  C:02ADH         LINE#         24
  C:02ADH         LINE#         25
  C:02ADH         LINE#         26
  C:02B7H         LINE#         29
  C:02BAH         LINE#         30
  C:02BDH         LINE#         32
  C:02BDH         LINE#         33
BL51 BANKED LINKER/LOCATER V6.22.4.0                                                  09/10/2025  16:02:35  PAGE 5


  C:02C0H         LINE#         34
  C:02C3H         LINE#         35
  C:02C5H         LINE#         36
  -------         ENDPROC       _DELAY
  -------         PROC          BUSY
  -------         DO            
  D:0007H         SYMBOL        temp
  -------         ENDDO         
  C:0332H         LINE#         40
  C:0332H         LINE#         41
  C:0332H         LINE#         43
  C:0335H         LINE#         44
  C:0337H         LINE#         45
  C:0339H         LINE#         46
  C:0339H         LINE#         47
  C:033BH         LINE#         48
  C:033DH         LINE#         49
  C:033FH         LINE#         50
  -------         ENDPROC       BUSY
  -------         PROC          _LCD_WRITECOMMAND
  D:0006H         SYMBOL        Command
  C:0375H         LINE#         60
  C:0377H         LINE#         61
  C:0377H         LINE#         62
  C:037AH         LINE#         63
  C:037CH         LINE#         64
  C:037CH         LINE#         65
  C:037CH         LINE#         66
  C:037CH         LINE#         67
  C:037FH         LINE#         68
  C:0381H         LINE#         69
  -------         ENDPROC       _LCD_WRITECOMMAND
  -------         PROC          _LCD_WRITEDATA
  D:0006H         SYMBOL        Data
  C:0382H         LINE#         76
  C:0384H         LINE#         77
  C:0384H         LINE#         78
  C:0387H         LINE#         79
  C:0389H         LINE#         80
  C:0389H         LINE#         81
  C:0389H         LINE#         82
  C:0389H         LINE#         83
  C:038CH         LINE#         84
  C:038EH         LINE#         86
  -------         ENDPROC       _LCD_WRITEDATA
  -------         PROC          _LCD_READDATA
  D:0005H         SYMBOL        Data
  C:0356H         LINE#         93
  C:0358H         LINE#         94
  C:0358H         LINE#         95
  C:035BH         LINE#         96
  C:035DH         LINE#         97
  C:035FH         LINE#         98
  C:035FH         LINE#         99
  C:0362H         LINE#         100
  C:0364H         LINE#         101
  C:0366H         LINE#         102
BL51 BANKED LINKER/LOCATER V6.22.4.0                                                  09/10/2025  16:02:35  PAGE 6


  -------         ENDPROC       _LCD_READDATA
  -------         PROC          LCD_INIT
  C:02E7H         LINE#         109
  C:02E7H         LINE#         110
  C:02E7H         LINE#         111
  C:02ECH         LINE#         112
  C:02F1H         LINE#         114
  C:02F6H         LINE#         115
  C:02FBH         LINE#         116
  -------         ENDPROC       LCD_INIT
  -------         PROC          LCD_CLEAR
  C:0367H         LINE#         124
  C:0367H         LINE#         125
  C:0367H         LINE#         126
  C:036AH         LINE#         127
  C:036FH         LINE#         128
  -------         ENDPROC       LCD_CLEAR
  -------         PROC          _LCD_SETCURSOR
  D:0006H         SYMBOL        Line
  D:0004H         SYMBOL        Column
  C:02C6H         LINE#         137
  C:02C6H         LINE#         138
  C:02C6H         LINE#         140
  C:02D2H         LINE#         142
  C:02D7H         LINE#         143
  C:02DAH         LINE#         144
  C:02DAH         LINE#         145
  C:02DDH         LINE#         146
  C:02DFH         LINE#         148
  C:02DFH         LINE#         149
  C:02E6H         LINE#         150
  C:02E6H         LINE#         152
  -------         ENDPROC       _LCD_SETCURSOR
  -------         PROC          LCD_READDATA
  -------         DO            
  D:0007H         SYMBOL        d
  -------         ENDDO         
  C:0344H         LINE#         155
  C:0344H         LINE#         156
  C:0344H         LINE#         157
  C:0347H         LINE#         158
  C:034AH         LINE#         159
  C:034CH         LINE#         160
  C:034EH         LINE#         161
  C:034EH         LINE#         162
  C:0351H         LINE#         163
  C:0353H         LINE#         164
  C:0355H         LINE#         165
  C:0355H         LINE#         166
  -------         ENDPROC       LCD_READDATA
  -------         PROC          _LCD_USER_SHOWSTRING
  D:0006H         SYMBOL        Line
  D:0005H         SYMBOL        Column
  D:0003H         SYMBOL        i
  C:038FH         LINE#         174
  C:038FH         LINE#         175
  C:038FH         LINE#         176
BL51 BANKED LINKER/LOCATER V6.22.4.0                                                  09/10/2025  16:02:35  PAGE 7


  C:0396H         LINE#         177
  -------         ENDPROC       _LCD_USER_SHOWSTRING
  -------         PROC          _LCD_SHOWSTRING
  D:0007H         SYMBOL        Line
  D:0005H         SYMBOL        Column
  D:0041H         SYMBOL        String
  -------         DO            
  D:0005H         SYMBOL        i
  -------         ENDDO         
  C:0259H         LINE#         186
  C:025FH         LINE#         187
  C:025FH         LINE#         188
  C:0266H         LINE#         189
  C:0279H         LINE#         190
  C:0279H         LINE#         191
  C:027CH         LINE#         192
  C:027FH         LINE#         193
  -------         ENDPROC       _LCD_SHOWSTRING
  -------         PROC          _WRITE_CGROM
  D:0005H         SYMBOL        a
  -------         DO            
  D:0003H         SYMBOL        j
  -------         ENDDO         
  C:0197H         LINE#         197
  C:0199H         LINE#         198
  C:0199H         LINE#         200
  C:019EH         LINE#         201
  C:01A5H         LINE#         202
  C:01AAH         LINE#         205
  C:01ACH         LINE#         206
  C:01ACH         LINE#         207
  C:01B1H         LINE#         208
  C:01B2H         LINE#         209
  C:01B6H         LINE#         211
  C:01BBH         LINE#         214
  C:01BDH         LINE#         215
  C:01BDH         LINE#         216
  C:01C2H         LINE#         217
  C:01C3H         LINE#         218
  C:01C7H         LINE#         220
  -------         ENDPROC       _WRITE_CGROM
  -------         PROC          _WRITE_DDRAM
  D:0005H         SYMBOL        a
  -------         DO            
  D:0003H         SYMBOL        j
  -------         ENDDO         
  C:01CEH         LINE#         228
  C:01D0H         LINE#         229
  C:01D0H         LINE#         232
  C:01D5H         LINE#         233
  C:01DCH         LINE#         235
  C:01E1H         LINE#         238
  C:01E3H         LINE#         239
  C:01E3H         LINE#         240
  C:01E8H         LINE#         241
  C:01ECH         LINE#         243
  C:01F1H         LINE#         246
BL51 BANKED LINKER/LOCATER V6.22.4.0                                                  09/10/2025  16:02:35  PAGE 8


  C:01F3H         LINE#         247
  C:01F3H         LINE#         248
  C:01F8H         LINE#         249
  C:01FCH         LINE#         250
  -------         ENDPROC       _WRITE_DDRAM
  -------         PROC          _WRITE_CGRAM
  D:0042H         SYMBOL        a
  -------         DO            
  D:0005H         SYMBOL        k
  -------         ENDDO         
  C:0280H         LINE#         255
  C:0286H         LINE#         256
  C:0286H         LINE#         260
  C:028BH         LINE#         263
  C:028DH         LINE#         264
  C:028DH         LINE#         265
  C:029FH         LINE#         266
  C:02A3H         LINE#         267
  -------         ENDPROC       _WRITE_CGRAM
  -------         PROC          _DISPLAYCUSTOMCHARACTER1
  D:0001H         SYMBOL        pattern
  -------         DO            
  D:0005H         SYMBOL        row
  D:0003H         SYMBOL        col
  -------         DO            
  D:0041H         SYMBOL        position
  -------         ENDDO         
  -------         ENDDO         
  C:0230H         LINE#         270
  C:0230H         LINE#         271
  C:0230H         LINE#         275
  C:0233H         LINE#         278
  C:0235H         LINE#         279
  C:0235H         LINE#         280
  C:0237H         LINE#         281
  C:0237H         LINE#         284
  C:023AH         LINE#         285
  C:023AH         LINE#         286
  C:023FH         LINE#         287
  C:0241H         LINE#         288
  C:0246H         LINE#         291
  C:024BH         LINE#         292
  C:0250H         LINE#         293
  C:0254H         LINE#         294
  C:0258H         LINE#         295
  -------         ENDPROC       _DISPLAYCUSTOMCHARACTER1
  -------         ENDMOD        LCD2002

  -------         MODULE        ?C?CLDOPTR
  C:0203H         PUBLIC        ?C?CLDOPTR
  -------         ENDMOD        ?C?CLDOPTR

Program Size: data=72.0 xdata=0 code=923
LINK/LOCATE RUN COMPLETE.  0 WARNING(S),  0 ERROR(S)
