C51 COMPILER V9.60.7.0   MAIN                                                              08/25/2025 15:41:08 PAGE 1   


C51 COMPILER V9.60.7.0, COMPILATION OF MODULE MAIN
OBJECT MODULE PLACED IN .\Objects\main.obj
COMPILER INVOKED BY: D:\KEIL_STM32\C51\BIN\C51.EXE main.c OPTIMIZE(8,SPEED) BROWSE DEBUG OBJECTEXTEND PRINT(.\Listings\m
                    -ain.lst) OBJECT(.\Objects\main.obj)

line level    source

   1          //Modle :0.96 
   2          //Driver IC:
   3          //Interfaces:SPI-4
   4          #include<reg51.h>
   5          #include<intrins.h>
   6          //#define DATAPORT P1
   7          
   8          sbit _CS=P3^4;
   9          //sbit _CS1=P2^1;
  10          sbit RES=P3^3;
  11          sbit RS=P3^2;
  12          sbit SCL=P3^0;/*serial clock input(D6)*/
  13          sbit SI=P3^1;/*serial data input(D7)*/
  14          
  15          unsigned char code initial_tab[23]={
  16          0xae,
  17          0x40,
  18          0x20,
  19          0x02,
  20          0x81,
  21          0xff,
  22          0xa1,
  23          0xa4,
  24          0xA6,
  25          0xc8,
  26          0xa8,
  27          0x3F,
  28          0xd5,
  29          0x80,
  30          0xd3,
  31          0x00,
  32          0x8d,
  33          0x14,
  34          0xdb,
  35          0x40,
  36          0xd9,
  37          0xf1,
  38          0xAF,
  39                   };
  40          
  41          unsigned char code test_tab[16]={
  42                                         0xff,0xff,0x00,0x00,
  43                                         0xaa,0xaa,0x55,0x55,
  44                                                         0xff,0x00,0x00,0xff,
  45                                                         0xaa,0x55,0x55,0xaa};
  46          
  47          unsigned char code picture_tab[]={
  48          /*------------------------------------------------------------------------------
  49          ;  源文件 / 文字 : C:\Documents and Settings\Administrator\桌面\新建文件夹 (2)\logo.bmp字模
  50          ;  宽×高（像素）: 128×64
  51          ------------------------------------------------------------------------------*/
  52          //0x80,0x40,0x10,//宽的像素数,高的像素数，宽的字节数，参数设置可选
  53                  0x00,0x03,0x05,0x09,0x11,0xFF,0x11,0x89,0x05,0xC3,0x00,0xE0,0x00,0xF0,0x00,0xF8,
  54                  0x00,0x00,0x00,0x00,0x00,0x00,0x00,0x44,0x28,0xFF,0x11,0xAA,0x44,0x00,0x00,0x00,
C51 COMPILER V9.60.7.0   MAIN                                                              08/25/2025 15:41:08 PAGE 2   

  55                  0x00,0x00,0x00,0x00,0x00,0x00,0x00,0x00,0x00,0x00,0x00,0x00,0x00,0x00,0x00,0x00,
  56                  0x00,0x00,0x00,0x00,0x00,0x00,0x00,0x00,0x00,0x00,0x00,0x00,0x00,0x00,0x00,0x00,
  57                  0x00,0x00,0x00,0x00,0x00,0x00,0x00,0x00,0x00,0x00,0x00,0x00,0x00,0x00,0x00,0x00,
  58                  0x00,0x00,0x00,0x00,0x00,0x00,0x00,0x00,0x00,0x00,0x83,0x01,0x38,0x44,0x82,0x92,
  59                  0x92,0x74,0x01,0x83,0x00,0x00,0x00,0x00,0x00,0x00,0x00,0x7C,0x44,0xFF,0x01,0x7D,
  60                  0x7D,0x7D,0x01,0x7D,0x7D,0x7D,0x7D,0x01,0x7D,0x7D,0x7D,0x7D,0x7D,0x01,0xFF,0x00,
  61                  0x00,0x00,0x00,0x00,0x00,0x01,0x00,0x01,0x00,0x01,0x00,0x01,0x00,0x01,0x00,0x01,
  62                  0x00,0x00,0x00,0x00,0x00,0x00,0x00,0x00,0x00,0x01,0x01,0x00,0x00,0x00,0x00,0x00,
  63                  0x00,0x00,0x00,0x00,0x00,0x00,0x00,0x00,0x00,0x00,0x00,0x00,0x00,0x00,0x00,0x00,
  64                  0x00,0x00,0x00,0x00,0x00,0x00,0x00,0x00,0x00,0x00,0x00,0x00,0x00,0x00,0x00,0x00,
  65                  0x00,0x00,0x00,0x00,0x00,0x00,0x00,0x00,0x00,0x00,0x00,0x00,0x00,0x00,0x00,0x00,
  66                  0x00,0x00,0x00,0x00,0x00,0x00,0x00,0x00,0x00,0x00,0x01,0x01,0x00,0x00,0x00,0x00,
  67                  0x00,0x00,0x01,0x01,0x00,0x00,0x00,0x00,0x00,0x00,0x00,0x00,0x00,0x01,0x01,0x01,
  68                  0x01,0x01,0x01,0x01,0x01,0x01,0x01,0x01,0x01,0x01,0x01,0x01,0x01,0x01,0x01,0x00,
  69                  0x00,0x00,0x00,0x00,0x00,0x00,0x00,0x00,0x00,0x00,0x00,0x00,0x00,0x00,0x00,0x00,
  70                  0x00,0x00,0x00,0x00,0x00,0x00,0x00,0x00,0x00,0x00,0x00,0x00,0x3F,0x3F,0x03,0x03,
  71                  0xF3,0x13,0x11,0x11,0x11,0x11,0x11,0x11,0x01,0xF1,0x11,0x61,0x81,0x01,0x01,0x01,
  72                  0x81,0x61,0x11,0xF1,0x01,0x01,0x01,0x01,0x41,0x41,0xF1,0x01,0x01,0x01,0x01,0x01,
  73                  0xC1,0x21,0x11,0x11,0x11,0x11,0x21,0xC1,0x01,0x01,0x01,0x01,0x41,0x41,0xF1,0x01,
  74                  0x01,0x01,0x01,0x01,0x01,0x01,0x01,0x01,0x01,0x11,0x11,0x11,0x11,0x11,0xD3,0x33,
  75                  0x03,0x03,0x3F,0x3F,0x00,0x00,0x00,0x00,0x00,0x00,0x00,0x00,0x00,0x00,0x00,0x00,
  76                  0x00,0x00,0x00,0x00,0x00,0x00,0x00,0x00,0x00,0x00,0x00,0x00,0x00,0x00,0x00,0x00,
  77                  0x00,0x00,0x00,0x00,0x00,0x00,0x00,0x00,0x00,0x00,0x00,0x00,0x00,0x00,0x00,0x00,
  78                  0x00,0x00,0x00,0x00,0x00,0x00,0x00,0x00,0x00,0x00,0x00,0x00,0xE0,0xE0,0x00,0x00,
  79                  0x7F,0x01,0x01,0x01,0x01,0x01,0x01,0x00,0x00,0x7F,0x00,0x00,0x01,0x06,0x18,0x06,
  80                  0x01,0x00,0x00,0x7F,0x00,0x00,0x00,0x00,0x40,0x40,0x7F,0x40,0x40,0x00,0x00,0x00,
  81                  0x1F,0x20,0x40,0x40,0x40,0x40,0x20,0x1F,0x00,0x00,0x00,0x00,0x40,0x40,0x7F,0x40,
  82                  0x40,0x00,0x00,0x00,0x00,0x60,0x00,0x00,0x00,0x00,0x40,0x30,0x0C,0x03,0x00,0x00,
  83                  0x00,0x00,0xE0,0xE0,0x00,0x00,0x00,0x00,0x00,0x00,0x00,0x00,0x00,0x00,0x00,0x00,
  84                  0x00,0x00,0x00,0x00,0x00,0x00,0x00,0x00,0x00,0x00,0x00,0x00,0x00,0x00,0x00,0x00,
  85                  0x00,0x00,0x00,0x00,0x00,0x00,0x00,0x00,0x00,0x00,0x00,0x00,0x00,0x00,0x00,0x00,
  86                  0x00,0x00,0x00,0x00,0x00,0x00,0x00,0x00,0x00,0x00,0x00,0x00,0x07,0x07,0x06,0x06,
  87                  0x06,0x06,0x04,0x04,0x04,0x84,0x44,0x44,0x44,0x84,0x04,0x04,0x84,0x44,0x44,0x44,
  88                  0x84,0x04,0x04,0x04,0x84,0xC4,0x04,0x04,0x04,0x04,0x84,0x44,0x44,0x44,0x84,0x04,
  89                  0x04,0x04,0x04,0x04,0x84,0x44,0x44,0x44,0x84,0x04,0x04,0x04,0x04,0x04,0x84,0x44,
  90                  0x44,0x44,0x84,0x04,0x04,0x84,0x44,0x44,0x44,0x84,0x04,0x04,0x04,0x04,0x06,0x06,
  91                  0x06,0x06,0x07,0x07,0x00,0x00,0x00,0x00,0x00,0x00,0x00,0x00,0x00,0x00,0x00,0x00,
  92                  0x00,0x00,0x00,0x00,0x00,0x00,0x00,0x00,0x00,0x00,0x00,0x00,0x00,0x00,0x00,0x00,
  93                  0x00,0x00,0x00,0x00,0x00,0x00,0x00,0x00,0x00,0x00,0x00,0x00,0x00,0x00,0x00,0x00,
  94                  0x00,0x00,0x00,0x00,0x00,0x00,0x00,0x00,0x00,0x00,0x00,0x00,0x00,0x00,0x00,0x00,
  95                  0x00,0x00,0x00,0x00,0x00,0x10,0x18,0x14,0x12,0x11,0x00,0x00,0x0F,0x10,0x10,0x10,
  96                  0x0F,0x00,0x00,0x00,0x10,0x1F,0x10,0x00,0x00,0x00,0x08,0x10,0x12,0x12,0x0D,0x00,
  97                  0x00,0x18,0x00,0x00,0x0D,0x12,0x12,0x12,0x0D,0x00,0x00,0x18,0x00,0x00,0x10,0x18,
  98                  0x14,0x12,0x11,0x00,0x00,0x10,0x18,0x14,0x12,0x11,0x00,0x00,0x00,0x00,0x00,0x00,
  99                  0x00,0x00,0x00,0x00,0x00,0x00,0x00,0x00,0x00,0x00,0x00,0x00,0x00,0x00,0x00,0x00,
 100                  0x00,0x00,0x00,0x00,0x00,0x00,0x00,0x00,0x00,0x00,0x00,0x00,0x00,0x00,0x00,0x00,
 101                  0x00,0x00,0x00,0x00,0x00,0x00,0x00,0x00,0x00,0x00,0x00,0x00,0x00,0x00,0x00,0x00,
 102                  0x00,0x00,0x00,0x00,0x00,0x00,0x00,0x00,0x00,0x00,0x00,0x00,0x00,0x00,0x00,0x00,
 103                  0x00,0x00,0x00,0x00,0x00,0x00,0x00,0x00,0x00,0x00,0x00,0x00,0x00,0x00,0x00,0x00,
 104                  0x00,0x00,0x00,0x00,0x00,0x00,0x00,0x00,0x00,0x00,0x00,0x00,0x80,0x80,0x80,0x80,
 105                  0x80,0x80,0x80,0x80,0x00,0x00,0x00,0x00,0x00,0x00,0x00,0x00,0x00,0x00,0x00,0x00,
 106                  0x00,0x00,0x00,0x00,0x00,0x00,0x00,0x00,0x00,0x00,0x00,0x00,0x00,0x00,0x00,0x00,
 107                  0x00,0x00,0x00,0x00,0x00,0x00,0x00,0x00,0x00,0x00,0x00,0x00,0x00,0x00,0x00,0x00,
 108                  0x00,0x00,0x00,0x00,0x00,0x00,0x00,0x00,0x00,0x00,0x00,0x00,0x00,0x00,0x00,0x00,
 109                  0x00,0x7F,0x03,0x0C,0x30,0x0C,0x03,0x7F,0x00,0x00,0x38,0x54,0x54,0x58,0x00,0x00,
 110                  0x7C,0x04,0x04,0x78,0x00,0x00,0x3C,0x40,0x40,0x7C,0x00,0x00,0x00,0x00,0x00,0x00,
 111                  0x00,0x00,0x00,0x00,0x00,0x00,0x00,0x00,0x00,0x00,0x00,0x00,0x00,0x00,0x00,0x00,
 112                  0x00,0x00,0x00,0x00,0x00,0x00,0x00,0x00,0x00,0x00,0x00,0x00,0xFF,0xAA,0xAA,0xAA,
 113                  0x28,0x08,0x00,0xFF,0x00,0x00,0x00,0x00,0x00,0x00,0x00,0x00,0x00,0x00,0x00,0x00,
 114                  0x00,0x00,0x00,0x00,0x00,0x00,0x00,0x00,0x00,0x00,0x00,0x00,0x00,0x00,0x00,0x00,
 115                  0x00,0x00,0x00,0x00,0x00,0x00,0x00,0x00,0x00,0x7F,0x03,0x0C,0x30,0x0C,0x03,0x7F,
 116                  0x00,0x00,0x26,0x49,0x49,0x49,0x32,0x00,0x00,0x7F,0x02,0x04,0x08,0x10,0x7F,0x00,
C51 COMPILER V9.60.7.0   MAIN                                                              08/25/2025 15:41:08 PAGE 3   

 117          };
 118          
 119          
 120          void Delay(unsigned int time)
 121                  {
 122   1                        unsigned int i,j;
 123   1                        for(i=0;i<time;i++)
 124   1                           for(j=0;j<20000;j++)
 125   1                                     {;}
 126   1                      }
 127          void Ins_trans(unsigned char command)
 128            { 
 129   1          unsigned char counter;
 130   1                _CS=0;
 131   1                RS=0;
 132   1          for(counter=0;counter<8;counter++)
 133   1             { 
 134   2                   SCL=0;
 135   2               SI=(command&0x80)>>7;
 136   2               command=command<<1;
 137   2                     _nop_();
 138   2                           SCL=1;
 139   2                   //  _nop_();
 140   2                           _nop_();
 141   2                           SCL=0;
 142   2              }
 143   1              RS=1;
 144   1         _CS=1;
 145   1        }
 146          void Data_trans(unsigned char command)
 147            { 
 148   1          unsigned char counter;
 149   1                _CS=0;
 150   1                RS=1;
 151   1          for(counter=0;counter<8;counter++)
 152   1             {
 153   2               SCL=0;
 154   2                   SI=(command&0x80)>>7;
 155   2                       command=command<<1;   
 156   2                     _nop_();
 157   2                           SCL=1;
 158   2                    // _nop_();
 159   2                           _nop_();
 160   2                           SCL=0;
 161   2             }
 162   1              RS=1;
 163   1         _CS=1;
 164   1         }
 165          void Column_set(unsigned char column)
 166                    {
 167   1                           Ins_trans(0x10|(column>>4));
 168   1                           Ins_trans(0x00|(column&0x0f));      
 169   1                        }
 170          void Page_set(unsigned char page)
 171                    {
 172   1                          Ins_trans(0xb0+page);
 173   1                        }
 174          void Screen_clear()
 175                 {
 176   1                   unsigned char page,column;
 177   1                        for(page=0;page<8;page++)             //page loop
 178   1                           { 
C51 COMPILER V9.60.7.0   MAIN                                                              08/25/2025 15:41:08 PAGE 4   

 179   2                                 Page_set(page);
 180   2                                 Column_set(0);         
 181   2                                 for(column=0;column<128;column++)    //column loop
 182   2                                    {
 183   3                                           Data_trans(0x00);
 184   3                                          }
 185   2                                 }
 186   1                   }
 187          void Screen_check()
 188                 {
 189   1                   unsigned char page,column;
 190   1                        for(page=0;page<8;page++)             //page loop
 191   1                           { 
 192   2                                 Page_set(page);
 193   2                                 Column_set(0);         
 194   2                                 for(column=0;column<128;column++)    //column loop
 195   2                                    {
 196   3                                           Data_trans(0xff);
 197   3                                          }
 198   2                                 }
 199   1                   }
 200          void Initial()
 201                    {
 202   1                          unsigned char i;
 203   1                              for(i=0;i<23;i++)
 204   1                                 {
 205   2                                   Ins_trans(initial_tab[i]);
 206   2                                 }
 207   1                        }
 208          
 209          void Picture_display(unsigned char *ptr_pic)
 210                  {
 211   1                        unsigned char page,column;
 212   1                        //Ins_trans(0x81);
 213   1                        //Ins_trans(0x1F);
 214   1                        for(page=0;page<(64/8);page++)        //page loop
 215   1                           { 
 216   2                                 Page_set(page);
 217   2                                 Column_set(0);         
 218   2                                 for(column=0;column<128;column++)    //column loop
 219   2                                    {
 220   3                                           Data_trans(*ptr_pic++);
 221   3                                        }
 222   2                               }
 223   1                        Delay(15);
 224   1                      }
 225          
 226          void main()
 227               { 
 228   1                        RES=0;
 229   1                        Delay(10);
 230   1                        RES=1;
 231   1                        Initial();
 232   1                        while(1)
 233   1                           {
 234   2                      Screen_clear();
 235   2                                      Screen_check();
 236   2                      Delay(10);
 237   2                                  Picture_display(picture_tab);
 238   2      
 239   2      
 240   2                               }
C51 COMPILER V9.60.7.0   MAIN                                                              08/25/2025 15:41:08 PAGE 5   

 241   1               }
 242          
 243          


MODULE INFORMATION:   STATIC OVERLAYABLE
   CODE SIZE        =    298    ----
   CONSTANT SIZE    =   1063    ----
   XDATA SIZE       =   ----    ----
   PDATA SIZE       =   ----    ----
   DATA SIZE        =   ----       4
   IDATA SIZE       =   ----    ----
   BIT SIZE         =   ----    ----
END OF MODULE INFORMATION.


C51 COMPILATION COMPLETE.  0 WARNING(S),  0 ERROR(S)
