C51 COMPILER V9.60.7.0   MAIN                                                              09/20/2025 14:16:10 PAGE 1   


C51 COMPILER V9.60.7.0, COMPILATION OF MODULE MAIN
OBJECT MODULE PLACED IN ..\output\main.obj
COMPILER INVOKED BY: D:\KEIL_STM32\C51\BIN\C51.EXE ..\code\main.c OPTIMIZE(8,SPEED) BROWSE INCDIR(..\code) DEBUG OBJECTE
                    -XTEND PRINT(.\main.lst) OBJECT(..\output\main.obj)

line level    source

   1          /*------------------------------------------------------------------*/
   2          /* --- STC MCU Limited ---------------------------------------------*/
   3          /* --- STC89-90xx Series 16-bit Timer Demo -------------------------*/
   4          /* --- Mobile: (86)13922805190 -------------------------------------*/
   5          /* --- Fax: 86-0513-55012956,55012947,55012969 ---------------------*/
   6          /* --- Tel: 86-0513-55012928,55012929,55012966----------------------*/
   7          /* --- Web: www.STCMCU.com -----------------------------------------*/
   8          /* --- Web: www.GXWMCU.com -----------------------------------------*/
   9          /* If you want to use the program or the program referenced in the  */
  10          /* article, please specify in which data and procedures from STC    */
  11          /*------------------------------------------------------------------*/
  12          
  13          
  14          #include "reg51.h"
  15          #include "main.h"
  16          #include "lcd.h"
  17          
  18          //-----------------------------------------------
  19          #define NONE_PARITY     0   //None parity
  20          #define ODD_PARITY      1   //Odd parity
  21          #define EVEN_PARITY     2   //Even parity
  22          #define MARK_PARITY     3   //Mark parity
  23          #define SPACE_PARITY    4   //Space parity
  24          //-----------------------------------------------
  25          
  26          #define FOSC 11059200L                  //晶振频率定义
  27          #define BAUD 9600              //串口波特率设定
  28          #define T1MS 0xFC66   //定时1ms中断一次
  29          #define T2MS 0xF8CD   //定时2ms中断一次
  30          #define T5MS 0xEE00   //定时5ms中断一次
  31          #define T10MS 0xDC00  //定时10ms中断一次
  32          
  33          
  34          #define KEY_UP          1               //按键定义
  35          #define KEY_DOWN        2
  36          #define KEY_RESET   3           //按键定义
  37          #define KEY_FULL        4
  38          
  39          sbit KEY0 = P0^4;                       //按键0
  40          sbit KEY1 = P0^5;                       //按键1
  41          sbit KEY2 = P0^6;                       //按键2
  42          sbit KEY3 = P0^7;                       //按键3
  43          
  44          //-----------------------------------------------
  45          static u8 Freq=50,Cycle=5,Count_time=5; //控制刷新频率
  46          u16 time_dely;
  47          u8 i,j;
  48          u8 rev_mod=0;
  49          //-----------------------------------------------
  50          void timer0_isr() interrupt 1   //定时器0中断函数
  51          {
  52   1              
  53   1          TL0 = T1MS;                     //reload timer0 low byte
  54   1          TH0 = T1MS >> 8;                //reload timer0 high byte
C51 COMPILER V9.60.7.0   MAIN                                                              09/20/2025 14:16:10 PAGE 2   

  55   1      
  56   1          if(time_dely)time_dely--;
  57   1      
  58   1          if(Count_time)
  59   1          {
  60   2                  Count_time--;
  61   2                  if(Count_time==0)
  62   2                  {
  63   3                      Count_time=Cycle;
  64   3                      
  65   3                                      if(LCD_POLARITY==1)     //极性反转
  66   3                                              LCD_POLARITY=1;
  67   3                                      else
  68   3                                              LCD_POLARITY=0;
  69   3                                      
  70   3                                      if(LCD_POLARITY==0)     //极性判断
  71   3                                      {
  72   4                                              LCD_Update_CGRAM(1);    //正输出
  73   4                                              LCD_Delay(1);
  74   4                                              ST_CP=1;                //com口输出
  75   4                                      }
  76   3                                      else
  77   3                                      {
  78   4                                              LCD_Update_CGRAM(0);    //反向输出
  79   4                                              LCD_Delay(1);
  80   4                                              ST_CP=0;                //com口输出
  81   4                                      }
  82   3                              }
  83   2                      }
  84   1                      
  85   1      }
  86          //-----------------------------------------------
  87          
  88          void Uart_Int_Isr() interrupt 4
  89          {
  90   1              if (RI)
  91   1              {
  92   2                      RI = 0;             //Clear receive interrupt flag
  93   2                      rev_mod = SBUF;          //P0 show UART data
  94   2                      //LCD_Set_All(0,LCD_Max,rev_mod);
  95   2              }
  96   1      }
  97          //-----------------------------------------------
  98          void delay_us(u16 dely)
  99          {
 100   1              while(dely--);  
 101   1      }
 102          //-----------------------------------------------
 103          void delay_ms(u16 dely)
 104          {
 105   1              while(dely--)
 106   1              {
 107   2                      delay_us(66);
 108   2              }
 109   1      }
 110          //-----------------------------------------------
 111          code u8 DBHEX[]={'0','1','2','3','4','5','6','7','8','9','A','B','C','D','E','F'};
 112          
 113          
 114          void Uart_Init(void)    //串口初始化
 115          {
 116   1          SCON = 0x50;            //8-bit variable UART
C51 COMPILER V9.60.7.0   MAIN                                                              09/20/2025 14:16:10 PAGE 3   

 117   1          TMOD |= 0x20;            //Set Timer1 as 8-bit auto reload mode
 118   1          TH1 = TL1 = -(FOSC/12/32/BAUD); //Set auto-reload vaule
 119   1          TR1 = 1;                //Timer1 start run
 120   1          ES = 1;                 //Enable UART interrupt
 121   1      }
 122          
 123          //-----------------------------------------------
 124          void Uart_Send_Byte(u8 dat)
 125          {
 126   1              SBUF = dat;
 127   1              while(TI==0);
 128   1              TI=0;   
 129   1      }
 130          
 131          void Uart_Send_Hex(u8 Byte_HEX)
 132          {
 133   1              Uart_Send_Byte(DBHEX[Byte_HEX/16]);
 134   1              Uart_Send_Byte(DBHEX[Byte_HEX%16]);
 135   1      }
 136          
 137          
 138          void Uart_Send_IntHex(u16 Byte_HEX)
 139          {
 140   1              Uart_Send_Byte(DBHEX[(Byte_HEX>>8)/16]);
 141   1              Uart_Send_Byte(DBHEX[(Byte_HEX>>8)%16]);
 142   1              Uart_Send_Byte(DBHEX[(Byte_HEX&0xff)/16]);
 143   1              Uart_Send_Byte(DBHEX[(Byte_HEX&0xff)%16]);
 144   1      }
 145          
 146          
 147          void Uart_Send_Dec(u8 Byte_Dec)
 148          {
 149   1              Uart_Send_Byte(DBHEX[(Byte_Dec/100)%10]);
 150   1              Uart_Send_Byte(DBHEX[(Byte_Dec/10)%10]);
 151   1              Uart_Send_Byte(DBHEX[(Byte_Dec/1)%10]);
 152   1      }
 153          
 154          
 155          void Uart_Send_IntDec(u16 Int_dec)
 156          {
 157   1              Uart_Send_Byte(DBHEX[(Int_dec/10000)%10]);
 158   1              Uart_Send_Byte(DBHEX[(Int_dec/1000)%10]);
 159   1              Uart_Send_Byte(DBHEX[(Int_dec/100)%10]);
 160   1              Uart_Send_Byte(DBHEX[(Int_dec/10)%10]);
 161   1              Uart_Send_Byte(DBHEX[(Int_dec/1)%10]);
 162   1      }
 163          
 164          
 165          
 166          void Uart_dbg_print(char *str)
 167          {
 168   1              while(*str)
 169   1              {
 170   2                      Uart_Send_Byte(*str++);
 171   2              }
 172   1      }
 173          
 174          //-----------------------------------------------
 175          void Timer_Init(void)   //定时器初始化
 176          {
 177   1                TMOD |= 0x01;                    //set timer0 as mode1 (16-bit)
 178   1          TL0 = T1MS;                     //initial timer0 low byte
C51 COMPILER V9.60.7.0   MAIN                                                              09/20/2025 14:16:10 PAGE 4   

 179   1          TH0 = T1MS >> 8;                //initial timer0 high byte
 180   1          TR0 = 1;                        //timer0 start running
 181   1          ET0 = 1;                        //enable timer0 interrupt
 182   1      }
 183          //-----------------------------------------------
 184          void KEY_Init(void)             //按键初始化
 185          { 
 186   1              KEY0 = 1;
 187   1              KEY1 = 1;
 188   1              KEY2 = 1;
 189   1              KEY3 = 1;
 190   1      
 191   1      }
 192          //-----------------------------------------------
 193          
 194          u8 KEY_Scan(u8 mode)            //按键扫描函数
 195          {        
 196   1              static u8 key_up=1;
 197   1              if(mode)key_up=1;  
 198   1              if(key_up&&(KEY0==0||KEY1==0||KEY2==0||KEY3==0))
 199   1              {
 200   2                      delay_ms(10);
 201   2                      key_up=0;
 202   2                      if(KEY0==0)return KEY_UP;
 203   2                      else if(KEY1==0)return KEY_DOWN;
 204   2                      else if(KEY2==0)return KEY_RESET;
 205   2                      else if(KEY3==0)return KEY_FULL;
 206   2              }else if(KEY0==1&&KEY1==1&&KEY2==1&&KEY3==1)key_up=1;       
 207   1              return 0;
 208   1      }
 209          //-------------------------------------------------
 210          void Soft_Init(void)
 211          {
 212   1              Freq=60;
 213   1              Cycle = 14000/Freq;
 214   1              Count_time=Cycle;       //控制刷新频率
 215   1      }
 216          //-----------------------------------------------
 217          
 218          void Hard_Init(void)
 219          {
 220   1              KEY_Init();
 221   1              LCD_Port_Init();
 222   1              
 223   1      }
 224          
 225          //-----------------------------------------------
 226          //void main(void)       //主函数
 227          //{
 228          //      static u8 key,index=0;
 229          //      EA = 0;                         //上电关闭中断
 230          //      delay_ms(10);
 231          //      Hard_Init();    //IO初始化
 232          ////    Uart_Init();
 233          //      Timer_Init();   //定时器初始化
 234          //      Soft_Init();    //变量初始化
 235          //      Uart_dbg_print("system is init!\r\n");  //向串口打印信息
 236          //    EA = 1;                           //打开中断
 237          
 238          //  while (1)
 239          //      {
 240          //              //---按键扫描和处理------------------------------------------
C51 COMPILER V9.60.7.0   MAIN                                                              09/20/2025 14:16:10 PAGE 5   

 241          //              key = KEY_Scan(0);
 242          //              if(key==KEY_UP)
 243          //              {
 244          //                      if(Freq<200) Freq++;
 245          //                      Cycle = 500/Freq;
 246          //                      Uart_dbg_print("[KEY_UP] Freq= ");Uart_Send_Dec(Freq);
 247          //                      Uart_dbg_print(" Cycle= ");Uart_Send_Dec(Cycle);
 248          //                      Uart_dbg_print("\r\n");
 249          //              }
 250          //              else if(key==KEY_DOWN)
 251          //              {
 252          //                      if(Freq>20) Freq--;
 253          //                      Cycle = 500/Freq;
 254          //                      Uart_dbg_print("[KEY_DN] Freq= ");Uart_Send_Dec(Freq);
 255          //                      Uart_dbg_print(" Cycle= ");Uart_Send_Dec(Cycle);
 256          //                      Uart_dbg_print("\r\n");
 257          //              }
 258          //              else if(key==KEY_RESET)
 259          //              {
 260          //                      Freq=50;
 261          //                      Cycle = 500/Freq;
 262          //                      Uart_dbg_print("[KEY_RESET] Freq= ");Uart_Send_Dec(Freq);
 263          //                      Uart_dbg_print(" Cycle= ");Uart_Send_Dec(Cycle);
 264          //                      Uart_dbg_print("\r\n");
 265          //              }
 266          //              else if(key==KEY_FULL)
 267          //              {
 268          //                      Freq=150;
 269          //                      Cycle = 500/Freq;
 270          //                      Uart_dbg_print("[KEY_FULL] Freq= ");Uart_Send_Dec(Freq);
 271          //                      Uart_dbg_print(" Cycle= ");Uart_Send_Dec(Cycle);
 272          //                      Uart_dbg_print("\r\n");
 273          //              }               
 274          
 275          //              if(time_dely==0)        //定时变化数据
 276          //              {
 277          //                      time_dely=1000;
 278          //                      
 279          //                      index++;
 280          //                      if(index>22)
 281          //                      {
 282          //                              LCD_Clear_All();//显示一轮后要全显
 283          //                              index = 0;                              
 284          //                      } 
 285          //                      else
 286          //                      {
 287          //                              //留三个位来显示频率
 288          //                              CGRAM[2]=leddata10[(Freq/100)%10];
 289          //                              CGRAM[1]=leddata10[(Freq/10)%10];
 290          //                              CGRAM[0]=leddata10[Freq%10];
 291          //                              //其余均按顺序显示
 292          //                              LCD_Set_All(1,LCD_Max,leddata10[index]);
 293          //                      }
 294          //              }
 295          //      }
 296          //}
 297          
 298          
 299          
 300          
 301          void main(void) // 主函数
 302          {
C51 COMPILER V9.60.7.0   MAIN                                                              09/20/2025 14:16:10 PAGE 6   

 303   1              static u8 index=0;
 304   1              EA = 0;                   //上电关闭中断
 305   1              delay_ms(10);
 306   1              Hard_Init();      //IO初始化
 307   1      //      Uart_Init();
 308   1              Timer_Init();     //定时器初始化
 309   1              Soft_Init();      //变量初始化
 310   1              EA = 1;                   //打开中断
 311   1              while (1)
 312   1              {
 313   2                      delay_ms(5000); 
 314   2      
 315   2                      // 在 LCD 上显示当前数字
 316   2                      LCD_Set_All(0,LCD_Max,leddata10[index]);
 317   2      
 318   2                      // 数字 1-10 循环
 319   2                      index++;
 320   2                      if(index > 10) index = 0;
 321   2                      
 322   2              }
 323   1      }


MODULE INFORMATION:   STATIC OVERLAYABLE
   CODE SIZE        =    663    ----
   CONSTANT SIZE    =     16    ----
   XDATA SIZE       =   ----    ----
   PDATA SIZE       =   ----    ----
   DATA SIZE        =     10       3
   IDATA SIZE       =   ----    ----
   BIT SIZE         =   ----    ----
END OF MODULE INFORMATION.


C51 COMPILATION COMPLETE.  0 WARNING(S),  0 ERROR(S)
