C51 COMPILER V9.60.7.0   MAIN                                                              06/20/2025 16:54:01 PAGE 1   


C51 COMPILER V9.60.7.0, COMPILATION OF MODULE MAIN
OBJECT MODULE PLACED IN .\Objects\main.obj
COMPILER INVOKED BY: D:\KEIL_STM32\C51\BIN\C51.EXE main.c OPTIMIZE(8,SPEED) BROWSE DEBUG OBJECTEXTEND PRINT(.\Listings\m
                    -ain.lst) OBJECT(.\Objects\main.obj)

line level    source

   1          ////Modle :2.4" module
   2          ////Driver IC:SSD1309
   3          ////Interfaces:SPI-4
   4          //#include<reg51.h>
   5          //#include<intrins.h>
   6          
   7          
   8          //sbit _CS=P3^3;
   9          //sbit RES=P3^4;
  10          //sbit DC=P3^0;
  11          //sbit SCLK=P3^1;//serial clock input
  12          //sbit SDA=P3^2;//serial data input
  13          //unsigned char code picture_tab[]={
  14          ////宽×高（像素）: 128×64图像logo"金.../GM...",纵向取模
  15          //      0x00,0x03,0x05,0x09,0x11,0xFF,0x11,0x89,0x05,0xC3,0x00,0xE0,0x00,0xF0,0x00,0xF8,
  16          //      0x00,0x00,0x00,0x00,0x00,0x00,0x00,0x44,0x28,0xFF,0x11,0xAA,0x44,0x00,0x00,0x00,
  17          //      0x00,0x00,0x00,0x00,0x00,0x00,0x00,0x00,0x00,0x00,0x00,0x00,0x00,0x00,0x00,0x00,
  18          //      0x00,0x00,0x00,0x00,0x00,0x00,0x00,0x00,0x00,0x00,0x00,0x00,0x00,0x00,0x00,0x00,
  19          //      0x00,0x00,0x00,0x00,0x00,0x00,0x00,0x00,0x00,0x00,0x00,0x00,0x00,0x00,0x00,0x00,
  20          //      0x00,0x00,0x00,0x00,0x00,0x00,0x00,0x00,0x00,0x00,0x83,0x01,0x38,0x44,0x82,0x92,
  21          //      0x92,0x74,0x01,0x83,0x00,0x00,0x00,0x00,0x00,0x00,0x00,0x7C,0x44,0xFF,0x01,0x7D,
  22          //      0x7D,0x7D,0x01,0x7D,0x7D,0x7D,0x7D,0x01,0x7D,0x7D,0x7D,0x7D,0x7D,0x01,0xFF,0x00,
  23          //      0x00,0x00,0x00,0x00,0x00,0x01,0x00,0x01,0x00,0x01,0x00,0x01,0x00,0x01,0x00,0x01,
  24          //      0x00,0x00,0x00,0x00,0x00,0x00,0x00,0x00,0x00,0x01,0x01,0x00,0x00,0x00,0x00,0x00,
  25          //      0x00,0x00,0x00,0x00,0x00,0x00,0x00,0x00,0x00,0x00,0x00,0x00,0x00,0x00,0x00,0x00,
  26          //      0x00,0x00,0x00,0x00,0x00,0x00,0x00,0x00,0x00,0x00,0x00,0x00,0x00,0x00,0x00,0x00,
  27          //      0x00,0x00,0x00,0x00,0x00,0x00,0x00,0x00,0x00,0x00,0x00,0x00,0x00,0x00,0x00,0x00,
  28          //      0x00,0x00,0x00,0x00,0x00,0x00,0x00,0x00,0x00,0x00,0x01,0x01,0x00,0x00,0x00,0x00,
  29          //      0x00,0x00,0x01,0x01,0x00,0x00,0x00,0x00,0x00,0x00,0x00,0x00,0x00,0x01,0x01,0x01,
  30          //      0x01,0x01,0x01,0x01,0x01,0x01,0x01,0x01,0x01,0x01,0x01,0x01,0x01,0x01,0x01,0x00,
  31          //      0x00,0x00,0x00,0x00,0x00,0x00,0x00,0x00,0x00,0x00,0x00,0x00,0x00,0x00,0x00,0x00,
  32          //      0x00,0x00,0x00,0x00,0x00,0x00,0x00,0x00,0x00,0x00,0x00,0x00,0x3F,0x3F,0x03,0x03,
  33          //      0xF3,0x13,0x11,0x11,0x11,0x11,0x11,0x11,0x01,0xF1,0x11,0x61,0x81,0x01,0x01,0x01,
  34          //      0x81,0x61,0x11,0xF1,0x01,0x01,0x01,0x01,0x41,0x41,0xF1,0x01,0x01,0x01,0x01,0x01,
  35          //      0xC1,0x21,0x11,0x11,0x11,0x11,0x21,0xC1,0x01,0x01,0x01,0x01,0x41,0x41,0xF1,0x01,
  36          //      0x01,0x01,0x01,0x01,0x01,0x01,0x01,0x01,0x01,0x11,0x11,0x11,0x11,0x11,0xD3,0x33,
  37          //      0x03,0x03,0x3F,0x3F,0x00,0x00,0x00,0x00,0x00,0x00,0x00,0x00,0x00,0x00,0x00,0x00,
  38          //      0x00,0x00,0x00,0x00,0x00,0x00,0x00,0x00,0x00,0x00,0x00,0x00,0x00,0x00,0x00,0x00,
  39          //      0x00,0x00,0x00,0x00,0x00,0x00,0x00,0x00,0x00,0x00,0x00,0x00,0x00,0x00,0x00,0x00,
  40          //      0x00,0x00,0x00,0x00,0x00,0x00,0x00,0x00,0x00,0x00,0x00,0x00,0xE0,0xE0,0x00,0x00,
  41          //      0x7F,0x01,0x01,0x01,0x01,0x01,0x01,0x00,0x00,0x7F,0x00,0x00,0x01,0x06,0x18,0x06,
  42          //      0x01,0x00,0x00,0x7F,0x00,0x00,0x00,0x00,0x40,0x40,0x7F,0x40,0x40,0x00,0x00,0x00,
  43          //      0x1F,0x20,0x40,0x40,0x40,0x40,0x20,0x1F,0x00,0x00,0x00,0x00,0x40,0x40,0x7F,0x40,
  44          //      0x40,0x00,0x00,0x00,0x00,0x60,0x00,0x00,0x00,0x00,0x40,0x30,0x0C,0x03,0x00,0x00,
  45          //      0x00,0x00,0xE0,0xE0,0x00,0x00,0x00,0x00,0x00,0x00,0x00,0x00,0x00,0x00,0x00,0x00,
  46          //      0x00,0x00,0x00,0x00,0x00,0x00,0x00,0x00,0x00,0x00,0x00,0x00,0x00,0x00,0x00,0x00,
  47          //      0x00,0x00,0x00,0x00,0x00,0x00,0x00,0x00,0x00,0x00,0x00,0x00,0x00,0x00,0x00,0x00,
  48          //      0x00,0x00,0x00,0x00,0x00,0x00,0x00,0x00,0x00,0x00,0x00,0x00,0x07,0x07,0x06,0x06,
  49          //      0x06,0x06,0x04,0x04,0x04,0x84,0x44,0x44,0x44,0x84,0x04,0x04,0x84,0x44,0x44,0x44,
  50          //      0x84,0x04,0x04,0x04,0x84,0xC4,0x04,0x04,0x04,0x04,0x84,0x44,0x44,0x44,0x84,0x04,
  51          //      0x04,0x04,0x04,0x04,0x84,0x44,0x44,0x44,0x84,0x04,0x04,0x04,0x04,0x04,0x84,0x44,
  52          //      0x44,0x44,0x84,0x04,0x04,0x84,0x44,0x44,0x44,0x84,0x04,0x04,0x04,0x04,0x06,0x06,
  53          //      0x06,0x06,0x07,0x07,0x00,0x00,0x00,0x00,0x00,0x00,0x00,0x00,0x00,0x00,0x00,0x00,
  54          //      0x00,0x00,0x00,0x00,0x00,0x00,0x00,0x00,0x00,0x00,0x00,0x00,0x00,0x00,0x00,0x00,
C51 COMPILER V9.60.7.0   MAIN                                                              06/20/2025 16:54:01 PAGE 2   

  55          //      0x00,0x00,0x00,0x00,0x00,0x00,0x00,0x00,0x00,0x00,0x00,0x00,0x00,0x00,0x00,0x00,
  56          //      0x00,0x00,0x00,0x00,0x00,0x00,0x00,0x00,0x00,0x00,0x00,0x00,0x00,0x00,0x00,0x00,
  57          //      0x00,0x00,0x00,0x00,0x00,0x10,0x18,0x14,0x12,0x11,0x00,0x00,0x0F,0x10,0x10,0x10,
  58          //      0x0F,0x00,0x00,0x00,0x10,0x1F,0x10,0x00,0x00,0x00,0x08,0x10,0x12,0x12,0x0D,0x00,
  59          //      0x00,0x18,0x00,0x00,0x0D,0x12,0x12,0x12,0x0D,0x00,0x00,0x18,0x00,0x00,0x10,0x18,
  60          //      0x14,0x12,0x11,0x00,0x00,0x10,0x18,0x14,0x12,0x11,0x00,0x00,0x00,0x00,0x00,0x00,
  61          //      0x00,0x00,0x00,0x00,0x00,0x00,0x00,0x00,0x00,0x00,0x00,0x00,0x00,0x00,0x00,0x00,
  62          //      0x00,0x00,0x00,0x00,0x00,0x00,0x00,0x00,0x00,0x00,0x00,0x00,0x00,0x00,0x00,0x00,
  63          //      0x00,0x00,0x00,0x00,0x00,0x00,0x00,0x00,0x00,0x00,0x00,0x00,0x00,0x00,0x00,0x00,
  64          //      0x00,0x00,0x00,0x00,0x00,0x00,0x00,0x00,0x00,0x00,0x00,0x00,0x00,0x00,0x00,0x00,
  65          //      0x00,0x00,0x00,0x00,0x00,0x00,0x00,0x00,0x00,0x00,0x00,0x00,0x00,0x00,0x00,0x00,
  66          //      0x00,0x00,0x00,0x00,0x00,0x00,0x00,0x00,0x00,0x00,0x00,0x00,0x80,0x80,0x80,0x80,
  67          //      0x80,0x80,0x80,0x80,0x00,0x00,0x00,0x00,0x00,0x00,0x00,0x00,0x00,0x00,0x00,0x00,
  68          //      0x00,0x00,0x00,0x00,0x00,0x00,0x00,0x00,0x00,0x00,0x00,0x00,0x00,0x00,0x00,0x00,
  69          //      0x00,0x00,0x00,0x00,0x00,0x00,0x00,0x00,0x00,0x00,0x00,0x00,0x00,0x00,0x00,0x00,
  70          //      0x00,0x00,0x00,0x00,0x00,0x00,0x00,0x00,0x00,0x00,0x00,0x00,0x00,0x00,0x00,0x00,
  71          //      0x00,0x7F,0x03,0x0C,0x30,0x0C,0x03,0x7F,0x00,0x00,0x38,0x54,0x54,0x58,0x00,0x00,
  72          //      0x7C,0x04,0x04,0x78,0x00,0x00,0x3C,0x40,0x40,0x7C,0x00,0x00,0x00,0x00,0x00,0x00,
  73          //      0x00,0x00,0x00,0x00,0x00,0x00,0x00,0x00,0x00,0x00,0x00,0x00,0x00,0x00,0x00,0x00,
  74          //      0x00,0x00,0x00,0x00,0x00,0x00,0x00,0x00,0x00,0x00,0x00,0x00,0xFF,0xAA,0xAA,0xAA,
  75          //      0x28,0x08,0x00,0xFF,0x00,0x00,0x00,0x00,0x00,0x00,0x00,0x00,0x00,0x00,0x00,0x00,
  76          //      0x00,0x00,0x00,0x00,0x00,0x00,0x00,0x00,0x00,0x00,0x00,0x00,0x00,0x00,0x00,0x00,
  77          //      0x00,0x00,0x00,0x00,0x00,0x00,0x00,0x00,0x00,0x7F,0x03,0x0C,0x30,0x0C,0x03,0x7F,
  78          //      0x00,0x00,0x26,0x49,0x49,0x49,0x32,0x00,0x00,0x7F,0x02,0x04,0x08,0x10,0x7F,0x00,
  79          //};
  80          
  81          //void Delay(unsigned int time)
  82          //{
  83          //      unsigned int i,j;
  84          //      for(i=0;i<time;i++)
  85          //      for(j=0;j<20000;j++)
  86          //      {;}
  87          //}
  88          
  89          //void Ins_trans(unsigned char command)
  90          //{
  91          //      unsigned char counter;
  92          //      _CS=0;
  93          //      DC=0;
  94          //      for(counter=0;counter<8;counter++)
  95          //      {
  96          //              SCLK=0;
  97          //              SDA=(command&0x80)>>7;
  98          //              command=command<<1;
  99          //              _nop_();
 100          //              SCLK=1;
 101          //              //  _nop_();
 102          //              _nop_();
 103          //              SCLK=0;
 104          //      }
 105          //      DC=1;
 106          //      _CS=1;
 107          //}
 108          
 109          //void Data_trans(unsigned char command)
 110          //{
 111          //      unsigned char counter;
 112          //      _CS=0;
 113          //      DC=1;
 114          //      for(counter=0;counter<8;counter++)
 115          //      {
 116          //              SCLK=0;
C51 COMPILER V9.60.7.0   MAIN                                                              06/20/2025 16:54:01 PAGE 3   

 117          //              SDA=(command&0x80)>>7;
 118          //              command=command<<1;
 119          //              _nop_();
 120          //              SCLK=1;
 121          //              // _nop_();
 122          //              _nop_();
 123          //              SCLK=0;
 124          //      }
 125          //      DC=1;
 126          //      _CS=1;
 127          //}
 128          
 129          //void Column_set(unsigned char column)
 130          //{
 131          //Ins_trans(0x10|(column>>4));
 132          //Ins_trans(0x00|(column&0x0f));
 133          //}
 134          
 135          //void Page_set(unsigned char page)
 136          //{
 137          //Ins_trans(0xb0+page);
 138          //}
 139          
 140          //void Screen_clearfill(unsigned char dat)
 141          //{
 142          //unsigned char page,column;
 143          //for(page=0;page<8;page++)             //page loop
 144          //      { 
 145          //              Page_set(page);
 146          //              Column_set(0);    
 147          //              for(column=0;column<128;column++)       //column loop
 148          //              {
 149          //              Data_trans(dat);
 150          //              }
 151          //      }
 152          // }
 153          
 154          //void Initial()
 155          //{
 156          //Ins_trans(0xFD);//Set Command Lock
 157          //Ins_trans(0x12);//Unlock(0x12)
 158          
 159          //Ins_trans(0xAE);//Turn off oled panel(0xae)
 160          
 161          //Ins_trans(0x20);//Set Memory Addressing Mode
 162          //Ins_trans(0x02);//10b, Page Addressing Mode (0x02,RESET)
 163          
 164          //Ins_trans(0x40);//Set start line address(0x40)
 165          
 166          //Ins_trans(0x81);//(Set contrast control register)
 167          //Ins_trans(0xFF);//0xFF is Max.(0x7F)
 168          
 169          //Ins_trans(0xA1);//set segment re-map 127 to 0   (0xA0):0 to seg127
 170          //Ins_trans(0xC8);//set com(N-1)to com0  (0xC0):com0 to com(N-1)
 171          
 172          //Ins_trans(0xA4);//Set Entire Display On/(Off)
 173          //Ins_trans(0xA6);//Set (normal) display
 174          
 175          //Ins_trans(0xA8);//Set multiples ratio(1to64)
 176          //Ins_trans(0x3F);//1/64 duty
 177          
 178          //Ins_trans(0xD3);//Set display offset
C51 COMPILER V9.60.7.0   MAIN                                                              06/20/2025 16:54:01 PAGE 4   

 179          //Ins_trans(0x00);//Not offset(0x00)
 180          
 181          //Ins_trans(0xD5);//Set display clock divide ratio/oscillator frequency
 182          //Ins_trans(0x80);//Set divide ratio(0x70)
 183          
 184          //Ins_trans(0xD9);//Set pre-charge period
 185          //Ins_trans(0xF1);//(0X22)
 186          
 187          //Ins_trans(0xDA);//(Set com pins hardware configuration)
 188          //Ins_trans(0x12);//(0X12)
 189          
 190          //Ins_trans(0xDB);//Set vcomh
 191          //Ins_trans(0x40);//(0x34,0.78*Vcc)
 192          
 193          //Ins_trans(0xAF);//Turn on oled panel
 194          //}
 195          
 196          //void Picture_display(unsigned char *ptr_pic)
 197          //{
 198          //      unsigned char page,column;
 199          //      for(page=0;page<8;page++)        //page loop
 200          //      {
 201          //              Page_set(page);
 202          //              Column_set(0);
 203          //              for(column=0;column<128;column++)       //column loop
 204          //              {
 205          //              Data_trans(*ptr_pic++);
 206          //              }
 207          //      }
 208          //      Delay(15);
 209          //}
 210          
 211          //void disA5()
 212          //{
 213          //      unsigned char i,j;
 214          //      for(j=0;j<8;j++)
 215          //      {
 216          //              Page_set(j);
 217          //              Column_set(0);
 218          //              for(i=0;i<64;i++)
 219          //              {
 220          //              Data_trans(0xAA);
 221          //              Data_trans(0x55);
 222          //              }
 223          //      }
 224          //}
 225          
 226          //void main()
 227          //{ 
 228          //      RES=0;
 229          //      Delay(3);
 230          //      RES=1;
 231          //      Initial();
 232          //      while(1)
 233          //      {
 234          //      Screen_clearfill(0xff);//全显
 235          //      Delay(5);
 236          
 237          //      disA5();
 238          //      Delay(5);
 239          //      Picture_display(picture_tab);
 240          //      }
C51 COMPILER V9.60.7.0   MAIN                                                              06/20/2025 16:54:01 PAGE 5   

 241          //}
 242          
 243          
 244          #include <REGX52.H>
 245          
 246          //----------------------------------------------------------------------
 247          //EASTRISING TECHNOLOGY CO,.LTD.//
 248          // Module    : ER-OLEDM024-2 Series  2.4"128x64 Dots OLED Display with Breakout Board
 249          // Lanuage   : C51 Code
 250          // Web Site  : www.buydisplay.com
 251          // Create    : JAVEN
 252          // Date      : Feb-06-2018
 253          // Drive IC  : SSD1309
 254          // Interface : 4-wire Serial Interface
 255          // MCU       : STC89LE52RC
 256          // VDD       : 3V-5V
 257          //----------------------------------------------------------------------
 258          
 259          //#include <AT89X52.H>
 260          #include <intrins.h>
 261          
 262          //-=-=-=-=-=-=-=-=-=-=-=-=-=-=-=-=-=-=-=-=-=-=-=-=-=-=-=-=-=-=-=-=-=-=-=
 263          //  Pin Definition
 264          //-=-=-=-=-=-=-=-=-=-=-=-=-=-=-=-=-=-=-=-=-=-=-=-=-=-=-=-=-=-=-=-=-=-=-=
 265          
 266          #define SCLK    P3_1                            // Serial Clock Input
 267          #define SDIN    P3_2                            // Serial Data Input
 268          
 269          #define RST     P3_4                            // Reset
 270          #define CS      P3_3                            // Chip Select
 271          #define DC      P3_0                            // Data/Command Control    A0 OR RS
 272          
 273          //sbit _CS=P3^3;
 274          //sbit RES=P3^4;
 275          //sbit DC=P3^0;
 276          //sbit SCLK=P3^1;//serial clock input
 277          //sbit SDA=P3^2;//serial data input
 278          
 279          #define uint unsigned int
 280          #define uchar unsigned char
 281          
 282          
 283          sbit    int0=P3^2;
 284          sbit key_add=P0^1;
 285          sbit key_dec=P0^2;
 286          sbit module_type=P0^0;
 287          
 288          uchar Contrast_level=0x32;
 289          bit log=0;
 290          
 291          
 292          
 293          #define Start_column    0x00
 294          #define Start_page              0x00
 295          #define StartLine_set   0x00
 296          
 297          void Delay1(uint n);
 298          void Write_number(uchar code *n,uchar k,uchar station_dot);
 299          void display_Contrast_level(uchar number);
 300          void adj_Contrast(void);
 301          void Delay(uint n);
 302          void Write_Data(unsigned char dat);
C51 COMPILER V9.60.7.0   MAIN                                                              06/20/2025 16:54:01 PAGE 6   

 303          void Write_Instruction(unsigned char cmd);
 304          void Set_Page_Address(unsigned char add);
 305          void Set_Column_Address(unsigned char add);
 306          void Set_Contrast_Control_Register(unsigned char mod);
 307          void Initial(void);
 308          void Display_Chess(unsigned char value);
 309          void Display_Chinese(unsigned char ft[]);
 310          void Display_Chinese_Column(unsigned char ft[]);
 311          void Display_Picture(unsigned char pic[]);
 312          
 313          
 314          uchar code          num[]={0x00,0xF8,0xFC,0x04,0x04,0xFC,0xF8,0x00,0x00,0x03,0x07,0x04,0x04,0x07,0x03,0x00,      
             -  /*--  ????:  0~9  --*/
 315          0x00,0x00,0x08,0xFC,0xFC,0x00,0x00,0x00,0x00,0x00,0x04,0x07,0x07,0x04,0x00,0x00,  
 316          0x00,0x18,0x1C,0x84,0xC4,0x7C,0x38,0x00,0x00,0x06,0x07,0x05,0x04,0x04,0x04,0x00,
 317          0x00,0x08,0x0C,0x24,0x24,0xFC,0xD8,0x00,0x00,0x02,0x06,0x04,0x04,0x07,0x03,0x00,
 318          0x80,0xE0,0x70,0x18,0xFC,0xFC,0x00,0x00,0x00,0x01,0x01,0x05,0x07,0x07,0x04,0x00,
 319          0x00,0x7C,0x7C,0x24,0x24,0xE4,0xC4,0x00,0x00,0x03,0x07,0x04,0x04,0x07,0x03,0x00,
 320          0x00,0xF0,0xF8,0x6C,0x24,0xEC,0xCC,0x00,0x00,0x03,0x07,0x04,0x04,0x07,0x03,0x00,
 321          0x00,0x0C,0x0C,0xC4,0xFC,0x3C,0x04,0x00,0x00,0x00,0x00,0x07,0x07,0x00,0x00,0x00,
 322          0x00,0x98,0xFC,0x64,0x64,0xFC,0x98,0x00,0x00,0x03,0x07,0x04,0x04,0x07,0x03,0x00,
 323          0x00,0x78,0xFC,0x84,0xC4,0xFC,0xF8,0x00,0x00,0x06,0x06,0x04,0x06,0x03,0x01,0x00};
 324          
 325          
 326          
 327          unsigned char code font[]=
 328          {
 329          
 330          /*--  ????:  ??  --*/
 331          /*--  ????12;  ????????????????????x??=16x16   --*/
 332          0x10,0x61,0x06,0xE0,0x00,0x26,0x22,0x1A,0x02,0xC2,0x0A,0x12,0x32,0x06,0x02,0x00,
 333          0x04,0xFC,0x03,0x20,0x20,0x11,0x11,0x09,0x05,0xFF,0x05,0x09,0x19,0x31,0x10,0x00,
 334          
 335          /*--  ????:  ??  --*/
 336          /*--  ????12;  ????????????????????x??=16x16   --*/
 337          0x10,0x10,0x10,0xFE,0x10,0x10,0xFE,0x00,0x00,0xFC,0x00,0x00,0x00,0xFE,0x00,0x00,
 338          0x08,0x08,0x04,0x47,0x24,0x18,0x07,0x00,0x00,0x1F,0x00,0x00,0x00,0x7F,0x00,0x00,
 339          
 340          /*--  ????:  ??  --*/
 341          /*--  ????12;  ????????????????????x??=16x16   --*/
 342          0x10,0x10,0x10,0xFF,0x10,0xF0,0x00,0x00,0xFE,0x22,0x22,0x22,0x22,0xFE,0x00,0x00,
 343          0x40,0x30,0x0E,0x01,0x00,0x3F,0x40,0x40,0x47,0x44,0x44,0x44,0x44,0x47,0x70,0x00,
 344          
 345          /*--  ????:  ??  --*/
 346          /*--  ????12;  ????????????????????x??=16x16   --*/
 347          0x00,0x00,0x00,0xFE,0x42,0x42,0x42,0x42,0x42,0x42,0x42,0xFE,0x00,0x00,0x00,0x00,
 348          0x00,0x00,0x00,0x3F,0x10,0x10,0x10,0x10,0x10,0x10,0x10,0x3F,0x00,0x00,0x00,0x00,
 349          
 350          /*--  ????:  ??  --*/
 351          /*--  ????12;  ????????????????????x??=16x16   --*/
 352          0x00,0x04,0x04,0xC4,0xB4,0x8C,0x87,0x84,0xF4,0x84,0x84,0x84,0x84,0x04,0x00,0x00,
 353          0x00,0x00,0x20,0x18,0x0E,0x04,0x20,0x40,0xFF,0x00,0x02,0x04,0x18,0x30,0x00,0x00,
 354          
 355          /*--  ????:  ??  --*/
 356          /*--  ????12;  ????????????????????x??=16x16   --*/
 357          0x08,0x08,0x08,0x08,0x08,0x08,0xF9,0x4A,0x4C,0x48,0x48,0xC8,0x08,0x08,0x08,0x00,
 358          0x40,0x40,0x20,0x10,0x0C,0x03,0x00,0x00,0x20,0x40,0x40,0x3F,0x00,0x00,0x00,0x00,
 359          
 360          /*--  ????:  ??  --*/
 361          /*--  ????12;  ????????????????????x??=16x16   --*/
 362          0x10,0x12,0x92,0x72,0xFE,0x51,0x91,0x00,0x22,0xCC,0x00,0x00,0xFF,0x00,0x00,0x00,
 363          0x04,0x02,0x01,0x00,0xFF,0x00,0x04,0x04,0x04,0x02,0x02,0x02,0xFF,0x01,0x01,0x00,
C51 COMPILER V9.60.7.0   MAIN                                                              06/20/2025 16:54:01 PAGE 7   

 364          
 365          /*--  ????:  ??  --*/
 366          /*--  ????12;  ????????????????????x??=16x16   --*/
 367          0x08,0x08,0x88,0xFF,0x48,0x28,0x00,0xC8,0x48,0x48,0x7F,0x48,0xC8,0x48,0x08,0x00,
 368          0x01,0x41,0x80,0x7F,0x00,0x40,0x40,0x20,0x13,0x0C,0x0C,0x12,0x21,0x60,0x20,0x00,
 369          
 370          /*--  ????:  ??  --*/
 371          /*--  ????12;  ????????????????????x??=16x16   --*/
 372          0x00,0x00,0xF8,0x48,0x48,0x48,0xC8,0x08,0xFF,0x08,0x09,0x0A,0xC8,0x88,0x08,0x00,
 373          0x40,0x30,0x0F,0x00,0x08,0x50,0x4F,0x20,0x10,0x0B,0x0C,0x12,0x21,0x40,0xF0,0x00,
 374          
 375          /*--  ????:  ??  --*/
 376          /*--  ????12;  ????????????????????x??=16x16   --*/
 377          0x00,0x10,0x10,0x90,0x10,0x10,0x11,0x16,0x10,0x10,0xF0,0x50,0x10,0x10,0x00,0x00,
 378          0x40,0x40,0x40,0x40,0x43,0x4E,0x40,0x60,0x58,0x47,0x40,0x40,0x40,0x60,0x40,0x00,
 379          
 380          /*--  ????:  ??  --*/
 381          /*--  ????12;  ????????????????????x??=16x16   --*/
 382          0x40,0x40,0x42,0x42,0x42,0x42,0x42,0xFE,0x42,0x42,0x42,0x42,0x42,0x42,0x40,0x00,
 383          0x00,0x00,0x00,0x00,0x20,0x40,0x80,0x7F,0x00,0x00,0x00,0x00,0x00,0x00,0x00,0x00,
 384          
 385          /*--  ????:  ??  --*/
 386          /*--  ????12;  ????????????????????x??=16x16   --*/
 387          0x00,0x00,0x04,0x04,0x04,0x04,0x04,0x04,0x04,0x04,0x04,0x06,0x04,0x00,0x00,0x00,
 388          0x00,0x10,0x10,0x10,0x10,0x10,0x10,0x10,0x10,0x10,0x10,0x10,0x10,0x18,0x10,0x00,
 389          
 390          /*--  ????:  ??  --*/
 391          /*--  ????12;  ????????????????????x??=16x16   --*/
 392          0x00,0x0C,0x04,0x55,0x55,0x55,0x85,0x7F,0x85,0x55,0x55,0x55,0x05,0x0C,0x04,0x00,
 393          0x04,0x04,0x04,0x0A,0x0A,0x09,0x2A,0xCC,0x28,0x19,0x09,0x02,0x06,0x02,0x02,0x00,
 394          
 395          /*--  ????:  ??  --*/
 396          /*--  ????12;  ????????????????????x??=16x16   --*/
 397          0x00,0x0C,0x04,0x55,0x55,0x55,0x85,0x7F,0x85,0x55,0x55,0x55,0x05,0x0C,0x04,0x00,
 398          0x04,0x04,0x04,0x0A,0x0A,0x09,0x2A,0xCC,0x28,0x19,0x09,0x02,0x06,0x02,0x02,0x00,
 399          
 400          /*--  ????:  ??  --*/
 401          /*--  ????12;  ????????????????????x??=16x16   --*/
 402          0x00,0x00,0x04,0x04,0x04,0x04,0x04,0x04,0x04,0x04,0x04,0x06,0x04,0x00,0x00,0x00,
 403          0x00,0x10,0x10,0x10,0x10,0x10,0x10,0x10,0x10,0x10,0x10,0x10,0x10,0x18,0x10,0x00,
 404          
 405          /*--  ????:  ??  --*/
 406          /*--  ????12;  ????????????????????x??=16x16   --*/
 407          0x40,0x20,0x10,0x0C,0xE3,0x22,0x22,0x22,0xFE,0x22,0x22,0x22,0x22,0x02,0x00,0x00,
 408          0x04,0x04,0x04,0x04,0x07,0x04,0x04,0x04,0xFF,0x04,0x04,0x04,0x04,0x04,0x04,0x00,
 409          
 410          /*--  ????:  ??  --*/
 411          /*--  ????12;  ????????????????????x??=16x16   --*/
 412          0x00,0x04,0xFF,0x54,0x54,0x54,0xFF,0x04,0x00,0xFE,0x22,0x22,0x22,0xFE,0x00,0x00,
 413          0x42,0x22,0x1B,0x02,0x02,0x0A,0x33,0x62,0x18,0x07,0x02,0x22,0x42,0x3F,0x00,0x00,
 414          
 415          /*--  ????:  ??  --*/
 416          /*--  ????12;  ????????????????????x??=16x16   --*/
 417          0x20,0x10,0x08,0xC7,0x3A,0x50,0x44,0x44,0x44,0x7F,0x44,0xC4,0x44,0x44,0x40,0x00,
 418          0x00,0x02,0x01,0xFF,0x00,0x02,0x02,0x1A,0x02,0x42,0x82,0x7F,0x02,0x02,0x02,0x00,
 419          
 420          /*--  ????:  ??  --*/
 421          /*--  ????12;  ????????????????????x??=16x16   --*/
 422          0x00,0x44,0x54,0x54,0x55,0x56,0xD4,0x7C,0x54,0x54,0x56,0x55,0x54,0x44,0x44,0x00,
 423          0x08,0x08,0x04,0x04,0x02,0xFF,0x55,0x55,0x55,0x55,0x55,0x55,0xFF,0x00,0x00,0x00,
 424          
 425          /*--  ????:  ??  --*/
C51 COMPILER V9.60.7.0   MAIN                                                              06/20/2025 16:54:01 PAGE 8   

 426          /*--  ????12;  ????????????????????x??=16x16   --*/
 427          0x80,0x40,0x30,0xFC,0x03,0x90,0x68,0x06,0x04,0xF4,0x04,0x24,0x44,0x8C,0x04,0x00,
 428          0x00,0x20,0x38,0x03,0x38,0x40,0x40,0x49,0x52,0x41,0x40,0x70,0x00,0x09,0x30,0x00,
 429          
 430          /*--  ????:  ??  --*/
 431          /*--  ????12;  ????????????????????x??=16x16   --*/
 432          0x00,0x80,0x84,0x84,0x94,0xA4,0xC4,0xFF,0x84,0xC4,0xB4,0x94,0x84,0x84,0x80,0x00,
 433          0x20,0x20,0x10,0x10,0x08,0x04,0x02,0xFF,0x01,0x02,0x04,0x08,0x18,0x30,0x10,0x00,
 434          
 435          /*--  ????:  ??  --*/
 436          /*--  ????12;  ????????????????????x??=16x16   --*/
 437          0x00,0x00,0xF8,0x48,0x48,0x48,0x48,0xFF,0x48,0x48,0x48,0x48,0xF8,0x00,0x00,0x00,
 438          0x00,0x00,0x0F,0x04,0x04,0x04,0x04,0x3F,0x44,0x44,0x44,0x44,0x4F,0x40,0x70,0x00,
 439          
 440          /*--  ????:  ??  --*/
 441          /*--  ????12;  ????????????????????x??=16x16   --*/
 442          0x00,0x80,0x84,0x84,0x94,0xA4,0xC4,0xFF,0x84,0xC4,0xB4,0x94,0x84,0x84,0x80,0x00,
 443          0x20,0x20,0x10,0x10,0x08,0x04,0x02,0xFF,0x01,0x02,0x04,0x08,0x18,0x30,0x10,0x00,
 444          
 445          /*--  ????:  ??  --*/
 446          /*--  ????12;  ????????????????????x??=16x16   --*/
 447          0x00,0xE0,0x02,0x12,0xE2,0x42,0x02,0xF2,0x12,0x8A,0x66,0x47,0x02,0xE0,0x00,0x00,
 448          0x00,0x7F,0x20,0x24,0x24,0x2A,0x31,0x2F,0x21,0x22,0x24,0x2C,0x20,0x7F,0x00,0x00,
 449          
 450          /*--  ????:  ??  --*/
 451          /*--  ????12;  ????????????????????x??=16x16   --*/
 452          0x20,0x20,0x22,0x22,0xFE,0x21,0x21,0x20,0x20,0xFF,0x20,0x22,0xAC,0x20,0x20,0x00,
 453          0x04,0x04,0x42,0x82,0x7F,0x01,0x01,0x10,0x10,0x08,0x07,0x1A,0x21,0x40,0xF0,0x00,
 454          
 455          /*--  ????:  ??  --*/
 456          /*--  ????12;  ????????????????????x??=16x16   --*/
 457          0x80,0x40,0xF0,0x1C,0x03,0xF0,0x01,0x0E,0x04,0x00,0x04,0x04,0x04,0xFC,0x00,0x00,
 458          0x00,0x00,0x7F,0x00,0x00,0x7F,0x00,0x00,0x00,0x00,0x00,0x20,0x40,0x3F,0x00,0x00,
 459          
 460          /*--  ????:  ??  --*/
 461          /*--  ????12;  ????????????????????x??=16x16   --*/
 462          0x00,0x04,0x04,0x04,0xF4,0x54,0x5C,0x57,0x54,0x54,0x54,0xF4,0x04,0x06,0x04,0x00,
 463          0x10,0x90,0x90,0x50,0x5F,0x35,0x15,0x15,0x15,0x35,0x55,0x5F,0x90,0x90,0x10,0x00,
 464          
 465          /*--  ????:  ??  --*/
 466          /*--  ????12;  ????????????????????x??=16x16   --*/
 467          0x20,0x21,0xE6,0x02,0x08,0xF8,0x88,0x88,0x88,0x08,0xFF,0x08,0x0A,0xCC,0x88,0x00,
 468          0x00,0x00,0x3F,0x90,0x68,0x1F,0x20,0x40,0x3F,0x20,0x10,0x0F,0x14,0x23,0x78,0x00,
 469          
 470          /*--  ????:  ?  --*/
 471          /*--  ????12;  ????????????????????x??=16x16   --*/
 472          0x00,0x10,0x10,0x12,0x14,0x1C,0x10,0xF0,0x9F,0x10,0x10,0x10,0x10,0xF8,0x10,0x00,
 473          0x00,0x00,0x40,0x20,0x10,0x08,0x06,0x01,0x00,0x11,0x26,0x40,0x20,0x1F,0x00,0x00,
 474          
 475          /*--  ????:  ??  --*/
 476          /*--  ????12;  ????????????????????x??=16x16   --*/
 477          0x80,0x40,0x30,0xFC,0x03,0x90,0x68,0x06,0x04,0xF4,0x04,0x24,0x44,0x8C,0x04,0x00,
 478          0x00,0x20,0x38,0x03,0x38,0x40,0x40,0x49,0x52,0x41,0x40,0x70,0x00,0x09,0x30,0x00,
 479          
 480          /*--  ????:  ??  --*/
 481          /*--  ????12;  ????????????????????x??=16x16   --*/
 482          0x00,0x00,0xFF,0x91,0x91,0xFF,0x00,0x00,0xFF,0xC1,0x41,0x49,0x51,0xCF,0x00,0x00,
 483          0x40,0x30,0x0F,0x20,0x40,0x3F,0x00,0x00,0x7F,0x21,0x16,0x08,0x36,0x61,0x20,0x00,
 484          
 485          /*--  ????:  ??  --*/
 486          /*--  ????12;  ????????????????????x??=16x16   --*/
 487          0x20,0x10,0x10,0x88,0x84,0x4F,0x52,0xA2,0x22,0x52,0x4A,0x86,0x80,0x80,0x80,0x00,
C51 COMPILER V9.60.7.0   MAIN                                                              06/20/2025 16:54:01 PAGE 9   

 488          0x80,0x81,0x41,0x42,0x22,0x12,0x0E,0x03,0x02,0x42,0x82,0x7E,0x00,0x01,0x00,0x00
 489          
 490          };
 491          
 492          
 493          unsigned char code pic[]=
 494          {/*--ER-OLED024-2.bmp  --*/
 495          /*-128x64  --*/
 496          0xFF,0x01,0x01,0x01,0xFD,0x25,0x25,0x25,0x25,0x01,0xE1,0x59,0x45,0x59,0xE1,0x01,
 497          0x99,0x25,0x25,0xC9,0x01,0x05,0x05,0xFD,0x05,0x05,0x01,0xFD,0x25,0x25,0x65,0x99,
 498          0x01,0x01,0xFD,0x01,0x01,0x99,0x25,0x25,0xC9,0x01,0x01,0xFD,0x01,0x01,0xFD,0x19,
 499          0x21,0xC1,0xFD,0x01,0x01,0xF9,0x05,0x05,0x25,0xE9,0x01,0x01,0x01,0x01,0x05,0x05,
 500          0xFD,0x05,0x05,0x01,0xFD,0x25,0x25,0x25,0x25,0x01,0xF9,0x05,0x05,0x05,0x89,0x01,
 501          0x01,0xFD,0x21,0x21,0x21,0xFD,0x01,0x01,0x01,0x01,0x01,0xF9,0x05,0x05,0x05,0x89,
 502          0x01,0x01,0xF9,0x05,0x05,0x05,0xF9,0x01,0x01,0x01,0x01,0x01,0x01,0x01,0x01,0xFD,
 503          0x01,0x01,0x01,0x05,0x05,0xFD,0x05,0x05,0x01,0xFD,0x05,0x05,0x05,0xF9,0x01,0xFF,
 504          0xFF,0x00,0x00,0x00,0x01,0x01,0x01,0x01,0x01,0x01,0x00,0x00,0x00,0x00,0x00,0x01,
 505          0x00,0x01,0x01,0x00,0x00,0x00,0x00,0x01,0x00,0x00,0x00,0x01,0x00,0x80,0xF0,0x81,
 506          0x80,0x00,0xE1,0x20,0x20,0x20,0xE1,0x01,0x00,0x00,0x00,0xF1,0x10,0x10,0x11,0x10,
 507          0x10,0x10,0xF1,0x00,0x00,0x20,0x21,0x21,0xA1,0x60,0xB0,0x20,0x20,0x20,0x20,0x20,
 508          0x01,0x40,0x40,0x40,0x41,0xC1,0x51,0x61,0x41,0x40,0x60,0x41,0x01,0xA1,0xA0,0xE0,
 509          0x90,0x91,0x00,0x20,0x40,0x01,0xF0,0x00,0x01,0x40,0x40,0xF0,0x41,0x01,0x41,0x40,
 510          0xF0,0x40,0x40,0x41,0x01,0x01,0x00,0x00,0x00,0x01,0x00,0x00,0x03,0x00,0x00,0x01,
 511          0x01,0x01,0x01,0x00,0x00,0x01,0x00,0x00,0x00,0x01,0x01,0x01,0x01,0x00,0x00,0xFF,
 512          0xFF,0x00,0x00,0x00,0x00,0x00,0x00,0x00,0x00,0x00,0x00,0x00,0x00,0x00,0x00,0x00,
 513          0x00,0x00,0x00,0x00,0x00,0x00,0x00,0x00,0x00,0x00,0x00,0x00,0x00,0x60,0x1F,0x00,
 514          0x7F,0x40,0x5F,0x49,0x49,0x49,0x5F,0x60,0x00,0x00,0x00,0x7F,0x21,0x21,0x21,0x21,
 515          0x21,0x21,0x7F,0x00,0x00,0x20,0x22,0x13,0x0A,0x42,0x7F,0x02,0x06,0x0A,0x12,0x20,
 516          0x00,0x40,0x40,0x20,0x18,0x07,0x41,0x41,0x41,0x3F,0x00,0x00,0x00,0x18,0x06,0x7F,
 517          0x02,0x04,0x08,0x09,0x0A,0x08,0x7F,0x04,0x00,0x44,0x44,0x7F,0x02,0x40,0x46,0x2A,
 518          0x13,0x2A,0x46,0x40,0x00,0x00,0x00,0x00,0x00,0x00,0x00,0x00,0x00,0x00,0x00,0x00,
 519          0x00,0x00,0x00,0x00,0x00,0x00,0x00,0x00,0x00,0x00,0x00,0x00,0x00,0x00,0x00,0xFF,
 520          0xFF,0x00,0x00,0x00,0x00,0x00,0x00,0x00,0x00,0x00,0x00,0x00,0x00,0x00,0x00,0x00,
 521          0x00,0x80,0x60,0x10,0x08,0x08,0x04,0xF4,0xF4,0x14,0x14,0x14,0x14,0x04,0xF4,0xF4,
 522          0x14,0x14,0x14,0xF4,0xE4,0x04,0x04,0x04,0x04,0x04,0xC4,0xE4,0x34,0x14,0x14,0x34,
 523          0xE4,0xC4,0x04,0xF4,0xF4,0x04,0x04,0x04,0x04,0x04,0xF4,0xF4,0x14,0x14,0x14,0x14,
 524          0x04,0xF4,0xF4,0x14,0x14,0x34,0xE4,0xC4,0x04,0xE4,0xF4,0x14,0x14,0xF4,0xE4,0x04,
 525          0x24,0x34,0x14,0x14,0xF4,0xE4,0x04,0x04,0x84,0x64,0xF4,0xF4,0x04,0x04,0x04,0x04,
 526          0x04,0x04,0x24,0x34,0x94,0x94,0xF4,0x64,0x08,0x08,0x10,0x60,0x80,0x00,0x40,0x20,
 527          0x20,0xC0,0x00,0x00,0x00,0x00,0x00,0x80,0x40,0xE0,0x00,0x60,0x00,0x60,0x00,0xFF,
 528          0xFF,0x00,0x00,0x00,0x00,0x00,0x00,0x00,0x00,0x00,0x00,0x00,0x00,0x00,0x00,0x00,
 529          0x00,0x03,0x0C,0x10,0x20,0x20,0x40,0x5F,0x5F,0x51,0x51,0x51,0x51,0x40,0x5F,0x5F,
 530          0x41,0x41,0x43,0x4F,0x5C,0x50,0x44,0x44,0x44,0x40,0x47,0x4F,0x58,0x50,0x50,0x58,
 531          0x4F,0x47,0x40,0x5F,0x5F,0x50,0x50,0x50,0x50,0x40,0x5F,0x5F,0x51,0x51,0x51,0x51,
 532          0x40,0x5F,0x5F,0x50,0x50,0x58,0x4F,0x47,0x40,0x4F,0x5F,0x50,0x50,0x5F,0x4F,0x40,
 533          0x58,0x5C,0x56,0x53,0x51,0x50,0x40,0x46,0x45,0x44,0x5F,0x5F,0x44,0x40,0x44,0x44,
 534          0x44,0x40,0x48,0x58,0x50,0x50,0x5F,0x4F,0x20,0x20,0x10,0x0C,0x03,0x00,0x08,0x0C,
 535          0x0B,0x08,0x00,0x00,0x08,0x00,0x03,0x02,0x02,0x0F,0x02,0x00,0x00,0x00,0x00,0xFF,
 536          0xFF,0x00,0x00,0x00,0x00,0x00,0x08,0x04,0xFE,0x00,0x00,0x00,0x04,0x82,0x42,0x22,
 537          0x1C,0x00,0xEC,0x12,0x12,0x12,0xEC,0x00,0x08,0x90,0x60,0x90,0x08,0x00,0xFC,0x12,
 538          0x12,0x12,0xE4,0x00,0x60,0x58,0x44,0xFE,0x40,0x00,0x00,0x00,0x00,0xF0,0x08,0x08,
 539          0x90,0xFE,0x00,0xF0,0x08,0x08,0x08,0xF0,0x08,0xFE,0x08,0x00,0x90,0x28,0x28,0x48,
 540          0x90,0x00,0x00,0x00,0x00,0x00,0x00,0xF0,0x08,0x08,0x08,0xF0,0x00,0xFE,0x00,0xF0,
 541          0x28,0x28,0x28,0xB0,0x00,0xF0,0x08,0x08,0x90,0xFE,0x00,0x00,0x00,0xFC,0x02,0x01,
 542          0x00,0xFF,0x89,0x89,0x89,0x89,0x7E,0x00,0xFF,0x00,0x7C,0x80,0x80,0x40,0xFC,0x00,
 543          0x78,0x94,0x94,0x94,0x58,0x00,0x01,0x02,0xFC,0x00,0x00,0x00,0x00,0x00,0x00,0xFF,
 544          0xFF,0x00,0x00,0x00,0x00,0xC0,0xC0,0x00,0x81,0xC0,0x80,0x00,0xC1,0xC1,0x01,0xC1,
 545          0xC1,0x00,0x80,0xC1,0x81,0x01,0xC0,0xC0,0x01,0xC0,0xC0,0x00,0x81,0xC0,0x80,0x01,
 546          0xC1,0xC1,0x00,0x00,0x00,0x00,0xF0,0xF1,0x40,0x40,0xC0,0x80,0x00,0xC0,0xC1,0x01,
 547          0x00,0xC1,0xC0,0x40,0xC1,0x81,0x01,0x80,0xC0,0x41,0x01,0x80,0xC0,0x41,0x41,0xF1,
 548          0xF0,0x00,0xD0,0xD0,0x00,0x80,0xC0,0x40,0x41,0xC1,0x81,0x00,0xC0,0xC1,0x40,0x40,
 549          0xC1,0x81,0x01,0xF0,0xF0,0x00,0x81,0x41,0x40,0xC1,0x80,0x40,0xC0,0x80,0x01,0x82,
C51 COMPILER V9.60.7.0   MAIN                                                              06/20/2025 16:54:01 PAGE 10  

 550          0xC0,0x40,0x00,0x00,0x00,0x80,0xC0,0x40,0xC0,0x80,0x00,0x80,0xC0,0x40,0x40,0xC0,
 551          0x80,0x00,0xC0,0xC0,0x40,0x40,0xC2,0xC1,0x40,0x40,0xC0,0x80,0x00,0x00,0x00,0xFF,
 552          0xFF,0x80,0x80,0x80,0x80,0x81,0x8F,0x8E,0x87,0x81,0x87,0x8E,0x8F,0x81,0x80,0x81,
 553          0x8F,0x8E,0x87,0x81,0x87,0x8E,0x8F,0x81,0x80,0x81,0x8F,0x8E,0x87,0x81,0x87,0x8E,
 554          0x8F,0x81,0x80,0x8C,0x8C,0x80,0x8F,0x8F,0x88,0x88,0x8F,0x87,0x80,0x87,0x8F,0x88,
 555          0x88,0x8F,0x8F,0xA0,0xA3,0xBF,0x9C,0x8F,0x83,0x80,0x80,0x87,0x8F,0x88,0x88,0x8F,
 556          0x8F,0x80,0x8F,0x8F,0x80,0x85,0x8D,0x8B,0x8B,0x8E,0x86,0x80,0xBF,0xBF,0x88,0x88,
 557          0x8F,0x87,0x80,0x8F,0x8F,0x80,0x86,0x8F,0x89,0x8F,0x8F,0xA0,0xA3,0xBF,0x9C,0x8F,
 558          0x83,0x80,0x8C,0x8C,0x80,0x87,0x8F,0x88,0x8C,0x84,0x80,0x87,0x8F,0x88,0x88,0x8F,
 559          0x87,0x80,0x8F,0x8F,0x80,0x80,0x8F,0x8F,0x80,0x80,0x8F,0x8F,0x80,0x80,0x80,0xFF,
 560          
 561          };
 562          
 563          unsigned char code pic1[]=
 564          {/*--  128x64  --*/
 565          0xFF,0x01,0x01,0x01,0x01,0x01,0x01,0x01,0x01,0x01,0x01,0x01,0x01,0x01,0x01,0x01,
 566          0x01,0x01,0x01,0x01,0x01,0x81,0xC1,0xF1,0xF9,0xFD,0xF1,0x01,0x81,0xC1,0x81,0x81,
 567          0x81,0x81,0x01,0x01,0x01,0x01,0x01,0x01,0x01,0x01,0x01,0x01,0x01,0x01,0x01,0x01,
 568          0x01,0x01,0x01,0x01,0x01,0x01,0x01,0x01,0x01,0x01,0x01,0x01,0x01,0x01,0x01,0x01,
 569          0x01,0x01,0x01,0x01,0x01,0x01,0x01,0x01,0x01,0x01,0x81,0xF1,0xF9,0xFF,0xFD,0xC1,
 570          0x01,0x01,0x01,0x01,0x01,0x01,0x01,0x01,0xC1,0xE1,0xF1,0xF9,0xF9,0xFD,0xFD,0xF9,
 571          0xF1,0xE1,0xE1,0xB1,0x11,0x19,0x1D,0x1D,0x0D,0x09,0x19,0x19,0x19,0x09,0x09,0x39,
 572          0xF9,0xD9,0x81,0x01,0x01,0x01,0x01,0x81,0x81,0x81,0x81,0x01,0x01,0x01,0x01,0xFF,
 573          0xFF,0x00,0x00,0x00,0x00,0x00,0x00,0x00,0x00,0x00,0x00,0x00,0x00,0x00,0x00,0x00,
 574          0x00,0x00,0x00,0x00,0x03,0x3F,0xFF,0xFF,0xFF,0xFF,0xFF,0xE0,0x01,0xFF,0xFF,0xFF,
 575          0x03,0x03,0x07,0x07,0x07,0x0F,0x0F,0x0E,0x1E,0x1E,0x1E,0x3C,0x3C,0x3C,0x7C,0x78,
 576          0x78,0xF8,0xF8,0xF8,0xF0,0xF0,0xF0,0x00,0x00,0x00,0x00,0x00,0x00,0x00,0x00,0x00,
 577          0x00,0x00,0x00,0x00,0x00,0x60,0x60,0x70,0x78,0x7E,0x7B,0x6F,0x4D,0x7B,0x73,0xFF,
 578          0xF0,0x00,0x00,0x00,0x00,0x00,0x00,0x07,0x1F,0x3F,0xFF,0x3F,0x1F,0xFF,0xFF,0xFF,
 579          0xFF,0xF7,0xF7,0xF6,0xEC,0xDC,0xF8,0x30,0x30,0xF0,0xF8,0xF8,0xF8,0xF8,0xE8,0xEC,
 580          0xEF,0xFB,0xFB,0xF3,0x0E,0x3F,0x7F,0xFF,0xFF,0xFF,0xFF,0xFF,0x3C,0x00,0x00,0xFF,
 581          0xFF,0x00,0x00,0x00,0x00,0x00,0x00,0x00,0x0C,0x3C,0xF8,0xF8,0xF8,0xF0,0xF0,0xF0,
 582          0xE0,0xE0,0xC0,0xC0,0xC0,0x80,0x81,0x0F,0xFF,0xFF,0xFF,0xFF,0x80,0x00,0x7F,0xFF,
 583          0xFC,0x00,0x00,0x00,0x00,0x00,0x00,0x00,0x00,0x00,0x00,0x00,0x00,0x00,0x00,0x00,
 584          0x00,0x00,0xF8,0xFF,0xFF,0x1F,0x00,0x00,0x00,0x00,0x00,0x00,0x00,0x00,0x00,0x00,
 585          0x00,0x00,0x00,0x00,0x00,0x00,0x00,0x00,0x00,0x00,0x00,0x00,0x00,0x00,0x00,0x80,
 586          0xC3,0x7F,0xF8,0xD0,0x90,0x90,0xF0,0x78,0xDE,0xE3,0xF0,0xF8,0xF8,0xFC,0xBC,0xDF,
 587          0x5F,0xFF,0xFF,0x7B,0x01,0x01,0x00,0x00,0xC0,0xF0,0xF1,0x7B,0x7B,0xFB,0xF7,0xF7,
 588          0xE3,0xE3,0xC3,0x01,0x00,0x00,0x00,0xFF,0xF9,0x01,0x01,0x00,0x00,0x00,0x00,0xFF,
 589          0xFF,0x00,0x00,0x00,0x00,0x00,0x00,0x00,0x00,0x00,0x00,0x07,0x1F,0x7F,0xF8,0xC1,
 590          0x01,0x01,0x03,0x03,0x03,0x07,0x07,0x07,0x00,0x07,0x3F,0xFF,0xFF,0x00,0x00,0x3F,
 591          0xFF,0xF0,0x00,0x00,0x00,0x00,0x00,0x00,0x00,0x00,0x00,0x00,0x00,0x00,0x00,0x00,
 592          0xC0,0xFF,0xFF,0x1F,0x01,0x00,0x00,0x00,0x00,0x00,0x00,0x00,0x00,0x00,0x00,0x00,
 593          0x00,0x00,0x00,0x00,0x00,0x00,0x00,0x00,0x00,0x00,0x00,0x00,0x00,0x00,0x00,0x07,
 594          0x1C,0x38,0x30,0x23,0x77,0xFF,0xFF,0xC0,0x87,0x0F,0x1F,0x1F,0x1F,0x1F,0x1D,0x0C,
 595          0x1E,0x39,0x19,0x00,0x00,0x00,0x00,0x00,0x03,0x19,0x19,0x3B,0x38,0x7F,0x7F,0x7F,
 596          0x3F,0x3F,0x1F,0x02,0x00,0x80,0xC0,0xFF,0x3E,0x00,0x00,0x00,0x00,0x00,0x00,0xFF,
 597          0xFF,0x00,0x00,0x00,0x00,0x80,0x80,0x80,0x80,0x80,0x80,0x00,0x00,0x00,0x01,0x07,
 598          0x1E,0x00,0x00,0x00,0x00,0x00,0x00,0x00,0x00,0x00,0x00,0x03,0x1F,0x3F,0x80,0x00,
 599          0x0F,0x0F,0x8E,0x8E,0x8E,0x8E,0x8E,0x8E,0x0E,0x0E,0x0E,0x0E,0x8E,0x8E,0x0E,0x0E,
 600          0x0F,0x0F,0x01,0x00,0x00,0x00,0x00,0x00,0x80,0x80,0x00,0x00,0x00,0x00,0x00,0x00,
 601          0x00,0x00,0x00,0x00,0x00,0x00,0x00,0x00,0x00,0x00,0x00,0x00,0x00,0x00,0x00,0x00,
 602          0x00,0x00,0x00,0x00,0x00,0x00,0x07,0x1E,0x79,0xE3,0x86,0x0C,0xC8,0xF8,0xF1,0x73,
 603          0x23,0x23,0x23,0x63,0x61,0x60,0x40,0x40,0x40,0x60,0xE0,0xE0,0xE0,0x60,0xE0,0xF0,
 604          0xF0,0xF8,0xCC,0x0C,0x06,0x03,0x01,0x00,0x00,0x00,0x00,0x00,0x00,0x00,0x00,0xFF,
 605          0xFF,0x00,0x00,0x00,0x00,0xFF,0xFF,0x88,0x88,0x88,0x88,0x00,0x00,0x64,0xF2,0x9A,
 606          0x8A,0xFE,0xFC,0x00,0x00,0x4C,0xDE,0x9A,0xB2,0xF6,0x64,0x00,0x02,0x7F,0xFF,0x82,
 607          0x00,0x00,0xFF,0xFF,0x08,0x08,0x18,0x7F,0xE7,0x80,0x00,0x00,0xFE,0xFE,0x00,0x00,
 608          0x4C,0xDE,0x9A,0xB2,0xF6,0x64,0x00,0x00,0xFE,0xFE,0x00,0x00,0xFE,0xFE,0x04,0x02,
 609          0xFE,0xFC,0x00,0x00,0x7C,0xFE,0x82,0x44,0xFE,0xFE,0x00,0x00,0x00,0x00,0x00,0x00,
 610          0x00,0x00,0x00,0x00,0x00,0x00,0x00,0x00,0x00,0x00,0xFB,0x3F,0x03,0x00,0x00,0x00,
 611          0x00,0x00,0x00,0x00,0x00,0x00,0x00,0x00,0x00,0x00,0x07,0x07,0x0C,0x38,0xE0,0x40,
C51 COMPILER V9.60.7.0   MAIN                                                              06/20/2025 16:54:01 PAGE 11  

 612          0x01,0x03,0x0F,0x38,0xF0,0x40,0x00,0x00,0x00,0x00,0x00,0x00,0x00,0x00,0x00,0xFF,
 613          0xFF,0x00,0xEC,0x8C,0x8C,0x8C,0x0C,0x0C,0x8C,0x0C,0x0C,0x0C,0x8C,0x0C,0x8C,0x0C,
 614          0x0C,0x0C,0x8C,0x0C,0x0C,0x0C,0x0C,0x8C,0x8C,0x8C,0xEC,0x0C,0xAC,0x0C,0x0C,0x0C,
 615          0x8C,0x8C,0x8C,0x0C,0x8C,0x8C,0x8C,0x8C,0x0C,0x0C,0xEC,0x0C,0x0C,0x8C,0x8C,0x8C,
 616          0x0C,0x0C,0x8C,0x0C,0x0C,0x0C,0x8C,0x0C,0x0C,0x0C,0x0C,0x8C,0x8C,0x0C,0x0C,0x0C,
 617          0x8C,0x8C,0x8C,0x0C,0x0D,0x8E,0x8E,0x8E,0x0F,0x8D,0x8C,0x0C,0x00,0x00,0x00,0x00,
 618          0x00,0x00,0x00,0x00,0x00,0x00,0x00,0x00,0x00,0x00,0xFF,0xC0,0x00,0x00,0x00,0x00,
 619          0x00,0x00,0x00,0x00,0x00,0x00,0x00,0x00,0x00,0x00,0x00,0x00,0x00,0x00,0xC3,0xFE,
 620          0x3E,0x1C,0x0C,0x06,0x03,0x00,0x00,0x00,0x00,0x00,0x00,0x00,0x00,0x00,0x00,0xFF,
 621          0xFF,0x80,0x8F,0x88,0x88,0x88,0x87,0x80,0x87,0x88,0x88,0x88,0x8F,0x80,0xA0,0xA7,
 622          0x98,0x87,0x80,0x82,0x82,0x80,0x87,0x88,0x88,0x88,0x8F,0x80,0x8F,0x80,0x80,0x89,
 623          0x8A,0x8A,0x84,0x80,0xBF,0x88,0x88,0x88,0x87,0x80,0x8F,0x80,0x80,0x84,0x8A,0x8A,
 624          0x8F,0x80,0xA0,0xA7,0x98,0x87,0x80,0x80,0x88,0x80,0x87,0x88,0x88,0x85,0x80,0x87,
 625          0x88,0x88,0x88,0x87,0x80,0x8F,0x80,0x80,0x8F,0x80,0x80,0x8F,0x80,0x80,0x80,0x80,
 626          0x80,0x80,0x80,0x80,0x80,0x80,0x80,0x80,0x80,0x80,0x81,0x9F,0xB8,0xE0,0xC0,0xC0,
 627          0xC2,0xC2,0xC6,0xE6,0xFE,0xC6,0xC0,0xC0,0x80,0x80,0xC0,0xC0,0xE0,0xFC,0x9F,0x80,
 628          0x80,0x80,0x80,0x80,0x80,0x80,0x80,0x80,0x80,0x80,0x80,0x80,0x80,0x80,0x80,0xFF,
 629          
 630          };
 631          
 632          unsigned char code pic2[]=
 633          {
 634          
 635          /*--  128x64  --*/
 636          0xFF,0x01,0x01,0x01,0x01,0x01,0x01,0xC1,0xF1,0xFD,0xFD,0x81,0x01,0x01,0x01,0x01,
 637          0x01,0x01,0x01,0x01,0xC1,0xE1,0xF1,0xF9,0xF9,0xFD,0xFD,0xF9,0xF9,0x61,0xF1,0x51,
 638          0x01,0x09,0x0D,0x0D,0x05,0x09,0x09,0x09,0x09,0x09,0x09,0x99,0xB9,0xC1,0x01,0x01,
 639          0x01,0x81,0x81,0xC1,0xC1,0x81,0x01,0x01,0x01,0x01,0x01,0x01,0x01,0x01,0x01,0x01,
 640          0xFF,0x01,0x01,0x01,0x01,0x01,0x01,0x01,0x01,0x01,0x01,0x01,0x01,0x01,0x01,0x01,
 641          0x01,0x01,0x01,0x01,0x01,0x01,0x01,0x01,0x01,0x01,0x01,0x01,0xE1,0xF1,0xF1,0xF1,
 642          0xE1,0xC1,0x01,0x01,0x01,0x01,0x01,0x01,0x01,0x01,0xF1,0x01,0x01,0x01,0x01,0x01,
 643          0x01,0x01,0x01,0x01,0x01,0x01,0x01,0x01,0x01,0x01,0x01,0x01,0x01,0x01,0x01,0xFF,
 644          0xFF,0x00,0x30,0x30,0x78,0x7C,0x7F,0x71,0x66,0x60,0x71,0x7F,0x7C,0x80,0x00,0x00,
 645          0x00,0x00,0x00,0x00,0x07,0x8F,0x7F,0x1F,0x1F,0x3F,0x7F,0xFE,0xFE,0xFA,0xF3,0xF6,
 646          0xF6,0xC4,0x48,0x18,0x18,0x78,0xF8,0xF8,0xF8,0xFC,0xF4,0xF4,0xEF,0xE8,0x99,0x71,
 647          0x06,0x1F,0xFF,0xFF,0xFF,0xFF,0x7F,0x3E,0x00,0x00,0x00,0x00,0x00,0x00,0x00,0x00,
 648          0xFF,0x00,0x00,0x00,0x00,0x00,0x00,0x00,0x00,0x00,0x00,0x00,0xE0,0xFC,0xFE,0xFE,
 649          0xFC,0x78,0x20,0x20,0x10,0x10,0x08,0x08,0x08,0x0C,0x04,0x04,0x07,0x07,0x0F,0x0F,
 650          0x0F,0x0F,0x1F,0x10,0x10,0x20,0x20,0x40,0xC0,0x80,0xFF,0x00,0x00,0x00,0x00,0x00,
 651          0x00,0x00,0x00,0x00,0x00,0x00,0x00,0x00,0x00,0x00,0x00,0x00,0x00,0x00,0x00,0xFF,
 652          0xFF,0x00,0x00,0x00,0x00,0x00,0x00,0x00,0x00,0x00,0x00,0x00,0xC0,0x23,0x7C,0x48,
 653          0x48,0x88,0x78,0x30,0x0C,0xE3,0xF0,0xF8,0xFC,0x1E,0x4E,0x4E,0x6F,0xDF,0x7D,0x31,
 654          0x01,0x00,0x00,0x00,0xC0,0xB0,0x98,0x99,0x39,0xF9,0xF9,0xF9,0xF1,0xE1,0xC0,0x00,
 655          0x00,0x00,0x00,0xFF,0x00,0x00,0x00,0x00,0x00,0x00,0x00,0x00,0x00,0x00,0x00,0x00,
 656          0xFF,0x00,0x00,0x00,0x00,0x00,0x00,0x00,0x00,0x00,0xC0,0x70,0x08,0x07,0x03,0x01,
 657          0x00,0x80,0x80,0x84,0x84,0x00,0x08,0x00,0x00,0x00,0x02,0x01,0xC0,0xF0,0xF8,0xFC,
 658          0xFE,0xFE,0xFF,0xFF,0xFF,0xFF,0xFF,0xFF,0xFF,0xFF,0xFF,0x7E,0x7C,0x7C,0x30,0x60,
 659          0xC0,0x00,0x00,0x00,0x00,0x00,0x00,0x00,0x00,0x00,0x00,0x00,0x00,0x00,0x00,0xFF,
 660          0xFF,0x00,0x00,0x00,0x00,0x00,0x00,0x00,0x00,0x00,0x00,0x00,0x07,0x08,0x18,0x10,
 661          0x10,0x3F,0xF8,0x60,0xC0,0x83,0x07,0x0F,0x0F,0x0E,0x0C,0x04,0x0E,0x8C,0x88,0x00,
 662          0x80,0x00,0x00,0x00,0x00,0x04,0x0C,0x1D,0x1D,0x3F,0x3F,0x3F,0x3F,0x1F,0x0F,0x00,
 663          0x00,0x80,0xE0,0x3F,0x00,0x00,0x00,0x00,0x00,0x00,0x00,0x00,0x00,0x00,0x00,0x00,
 664          0xFF,0x00,0x00,0x00,0x00,0x00,0x00,0x00,0xE0,0xFE,0xF1,0xFC,0xFC,0xFE,0xFF,0xFF,
 665          0xFF,0xFF,0xFF,0xFF,0xFF,0xFF,0xFF,0x7E,0x7E,0x7C,0x38,0x20,0x1F,0x3F,0xFF,0xFF,
 666          0xCF,0xC7,0xE7,0xE3,0xF3,0xF3,0xF1,0xF9,0xF9,0xFC,0xFC,0xFC,0xFE,0x7E,0x3F,0x00,
 667          0x01,0x1F,0xF0,0x00,0x00,0x00,0x00,0x00,0x00,0x00,0x00,0x00,0x00,0x00,0x00,0xFF,
 668          0xFF,0x00,0x00,0x00,0x00,0x00,0x00,0x00,0x00,0x00,0x00,0x00,0x00,0x00,0x00,0x00,
 669          0x00,0x00,0x01,0x03,0x1C,0x71,0x83,0x02,0xE4,0xFC,0x78,0x39,0x11,0x10,0x10,0x10,
 670          0x20,0x20,0x20,0x20,0x20,0xE0,0xE0,0xE0,0x70,0x30,0x30,0x78,0xF8,0xFC,0xE4,0x02,
 671          0x01,0x01,0x00,0x00,0x00,0x00,0x00,0x00,0x00,0x00,0x00,0x00,0x00,0x00,0x00,0x00,
 672          0xFF,0x00,0x00,0x00,0x00,0x00,0x00,0x00,0x3F,0xCF,0x3F,0xFF,0xFF,0xC7,0xE7,0xE3,
 673          0xF3,0xF3,0xF1,0xF9,0xF8,0xFC,0xFC,0xFC,0xFE,0xFE,0x7F,0x1F,0x03,0x00,0x00,0x01,
C51 COMPILER V9.60.7.0   MAIN                                                              06/20/2025 16:54:01 PAGE 12  

 674          0x03,0x03,0x07,0x07,0x07,0x07,0x07,0x07,0x07,0x07,0x03,0x01,0x01,0x80,0x40,0x20,
 675          0x18,0x0F,0x01,0x00,0x00,0x00,0x00,0x00,0x00,0x00,0x00,0x00,0x00,0x00,0x00,0xFF,
 676          0xFF,0x00,0x00,0x00,0x00,0x00,0x00,0x00,0x00,0x00,0x00,0x00,0x00,0x00,0x00,0x00,
 677          0x00,0x00,0x00,0x00,0x00,0x00,0xF1,0x1F,0x01,0x00,0x00,0x00,0x00,0x00,0x00,0x00,
 678          0x00,0x00,0x00,0x00,0x00,0x01,0x03,0x01,0x04,0x10,0x60,0x00,0x00,0x03,0x07,0x18,
 679          0xE0,0x00,0x00,0x00,0x00,0x00,0x00,0x00,0x00,0x00,0x00,0x00,0x00,0x00,0x00,0x00,
 680          0xFF,0x00,0x00,0x00,0x00,0x00,0x00,0x00,0x00,0x01,0x06,0x08,0x11,0x31,0x23,0x43,
 681          0x47,0xC7,0x87,0x87,0x87,0x83,0x03,0x03,0x01,0x00,0x00,0x04,0x04,0x84,0xA0,0x80,
 682          0x80,0xC0,0xC0,0x20,0x20,0x10,0x10,0x08,0x08,0x04,0xFE,0xC2,0xC1,0xE0,0xF0,0x70,
 683          0x00,0x00,0x00,0x00,0x00,0x00,0x00,0x00,0x00,0x00,0x00,0x00,0x00,0x00,0x00,0xFF,
 684          0xFF,0x00,0x00,0x00,0x00,0x00,0x00,0x00,0x00,0x00,0x00,0x00,0x00,0x00,0x00,0x00,
 685          0x00,0x00,0x00,0x00,0x00,0x00,0xFF,0x80,0x00,0x00,0x00,0x00,0x00,0x00,0x00,0x00,
 686          0x00,0x00,0x00,0x00,0x00,0x00,0xE0,0xE0,0x80,0x80,0x83,0x0E,0x0E,0x8C,0x84,0x00,
 687          0x00,0x80,0x80,0x80,0x80,0x00,0x00,0x00,0x80,0x80,0x00,0x00,0x00,0x00,0x00,0x80,
 688          0x8F,0x80,0xE0,0xE0,0x00,0xA0,0xA0,0x00,0x00,0x80,0x80,0x80,0x80,0x00,0x00,0x80,
 689          0x80,0x80,0x80,0x80,0x00,0x01,0xE1,0xE1,0x01,0x07,0x87,0x83,0x83,0x07,0x87,0x87,
 690          0x07,0x07,0x07,0x87,0x87,0x07,0x07,0x07,0x07,0x87,0x87,0x87,0x07,0x03,0x01,0x80,
 691          0x80,0x80,0x80,0x00,0x00,0x80,0x80,0x80,0x80,0x80,0x80,0x80,0x80,0x80,0x00,0xFF,
 692          0xFF,0x80,0x80,0x80,0x80,0x80,0x80,0x80,0x80,0x80,0x80,0x80,0x80,0x80,0x80,0x80,
 693          0x80,0x80,0x80,0x80,0x80,0x80,0x80,0x87,0x90,0xA0,0xA0,0xC0,0xC1,0xC2,0xC2,0xA6,
 694          0xB6,0xA2,0xC0,0xC0,0xC0,0x80,0x9F,0x9F,0x90,0x90,0x9F,0x8F,0x80,0x8F,0x9F,0x90,
 695          0x90,0x9F,0x9F,0xC0,0xC7,0xFF,0xB8,0x9F,0x87,0x80,0x84,0x84,0x84,0x80,0x8F,0x9F,
 696          0x90,0x90,0x9F,0x9F,0x80,0x9F,0x9F,0x80,0x8B,0x9B,0x96,0x96,0x9D,0x8D,0x80,0xFF,
 697          0xFF,0x90,0x90,0x9F,0x8F,0x80,0x9F,0x9F,0x80,0x8D,0x9E,0x92,0x9F,0x9F,0xC0,0xC7,
 698          0xFF,0xB8,0x9F,0x87,0x80,0x98,0x98,0x80,0x8F,0x9F,0x90,0x99,0x89,0x80,0x8F,0x9F,
 699          0x90,0x90,0x9F,0x8F,0x80,0x9F,0x9F,0x80,0x80,0x9F,0x9F,0x80,0x80,0x9F,0x9F,0xFF,
 700          };
 701          
 702          
 703          unsigned char code pic3[]=
 704          {
 705          /*--  ????????????E:\???????\12864XM.bmp  --*/
 706          /*--  ????x???=128x64  --*/
 707          0x07,0x01,0x01,0x00,0x00,0x00,0x00,0x00,0x00,0x00,0x20,0xE0,0xF0,0x30,0x10,0x18,
 708          0x18,0x18,0x10,0x30,0x18,0x0C,0x84,0x8F,0xCC,0xCC,0xDC,0xFC,0x70,0x40,0xC0,0xF0,
 709          0xF8,0xF8,0xF8,0xF8,0xF0,0xF0,0xF0,0xF0,0xF0,0xF0,0x00,0x00,0x00,0x00,0x00,0x00,
 710          0x00,0x00,0x00,0x00,0x00,0xC0,0xF8,0xFC,0xFF,0xFE,0xE0,0x00,0x00,0x00,0x00,0x00,
 711          0x00,0x00,0x80,0xE0,0xF0,0xF8,0xFC,0xFC,0xFE,0xFE,0xFC,0xF8,0xF0,0xF0,0x58,0x08,
 712          0x0C,0x0E,0x0E,0x06,0x04,0x0C,0x0C,0x0C,0x04,0x04,0x1C,0xFC,0xEC,0xC0,0x80,0x00,
 713          0x80,0x80,0xC0,0xC0,0xC0,0xC0,0x80,0x00,0x00,0x00,0x00,0x00,0x00,0x00,0x00,0x00,
 714          0x00,0x00,0x00,0x00,0x00,0x00,0x00,0x00,0x00,0x00,0x00,0x00,0x00,0x01,0xF9,0xFF,
 715          0xE0,0xE0,0xF8,0xF8,0xF8,0xF8,0xF8,0xF0,0xF0,0x78,0x1C,0x3F,0x3F,0xBE,0xBF,0xFF,
 716          0xDF,0xDD,0x8F,0x87,0x03,0x03,0x07,0x87,0xEF,0xEF,0x7F,0x7F,0xF7,0xF2,0xF3,0xE7,
 717          0xEF,0xDF,0xFF,0xFF,0xFF,0xFF,0xFF,0xFF,0xFF,0xFF,0xFF,0xFE,0x38,0x10,0x00,0x00,
 718          0x30,0x30,0x38,0x3C,0x3F,0x3D,0x37,0x26,0x3D,0x39,0x7F,0xF8,0x80,0x00,0x00,0x00,
 719          0x00,0x00,0x03,0x0F,0x9F,0x7F,0x1F,0x0F,0x7F,0x7F,0xFF,0xFF,0xFB,0xFB,0xFB,0xF6,
 720          0xEE,0x7C,0x18,0x18,0x78,0xFC,0xFC,0xFC,0xFC,0xF4,0xF6,0xF7,0xFD,0xFD,0xF9,0x07,
 721          0x1F,0x3F,0xFF,0xFF,0xFF,0xFF,0x7F,0x1E,0x00,0x00,0x00,0x00,0x00,0x00,0x00,0x00,
 722          0x00,0x00,0x00,0x00,0x00,0x00,0x00,0x80,0xC0,0x40,0xE0,0xF0,0x3C,0x1E,0x9B,0xD9,
 723          0x07,0x07,0x0F,0x1F,0x1F,0x1F,0xFF,0xFF,0x01,0x00,0xF8,0xFE,0xFF,0xFF,0x0F,0x03,
 724          0x73,0x11,0x11,0xB3,0x0F,0x00,0x00,0x0F,0x03,0x18,0x04,0x0C,0xC8,0xC0,0xE3,0xFF,
 725          0xFF,0xFF,0x7F,0x3F,0xFF,0xFF,0xFF,0xFF,0xFF,0xFF,0x03,0x00,0x00,0x00,0x00,0x00,
 726          0x00,0x00,0x00,0x00,0x00,0x00,0x00,0x00,0x00,0x00,0xC0,0x61,0x3F,0x7C,0xE8,0xC8,
 727          0xC8,0xF8,0x3C,0xEF,0xF1,0xF8,0xFC,0xFC,0xFE,0xDE,0x6F,0x2F,0xFF,0xFF,0x3D,0x00,
 728          0x00,0x00,0x00,0xE0,0xF8,0xF8,0xBD,0x3D,0xFD,0xFB,0xFB,0xF1,0xF1,0xE1,0x00,0x00,
 729          0x00,0x00,0xFF,0x7C,0x00,0x00,0x00,0x00,0x00,0x00,0x00,0x00,0x00,0x00,0x00,0x00,
 730          0x00,0x00,0x00,0xF0,0xFC,0x06,0x03,0x61,0xC0,0x00,0x03,0x07,0x04,0x9A,0x1B,0x1B,
 731          0x00,0x00,0x00,0x00,0x00,0x00,0xFF,0xFF,0x00,0x00,0x07,0x0F,0x0F,0x0F,0x0F,0x0E,
 732          0x0E,0x06,0x03,0x01,0x30,0x32,0x33,0x1F,0x1B,0x10,0x10,0x1C,0x0C,0x00,0x00,0x00,
 733          0x00,0x00,0x00,0x80,0xFF,0xFF,0xFF,0xFF,0xFF,0xFF,0x00,0x00,0x00,0x00,0x00,0x00,
 734          0x00,0x00,0x00,0x00,0x00,0x00,0x00,0x00,0x00,0x00,0x03,0x0E,0x1C,0x18,0x11,0x3B,
 735          0x7F,0xFF,0x60,0xC3,0x87,0x0F,0x0F,0x0F,0x0F,0x8E,0x86,0x8F,0x9C,0x8C,0x80,0x80,
C51 COMPILER V9.60.7.0   MAIN                                                              06/20/2025 16:54:01 PAGE 13  

 736          0x00,0x00,0x00,0x01,0x0C,0x0C,0x1D,0x1C,0x3F,0x3F,0x3F,0x1F,0x1F,0x0F,0x01,0x00,
 737          0xC0,0xE0,0x7F,0x1F,0x00,0x00,0x00,0x00,0x00,0xC0,0xE0,0xF0,0xF8,0xFC,0xFE,0xFC,
 738          0xF8,0xE0,0xE0,0xE1,0xC7,0xDC,0xB0,0xE0,0x80,0x01,0x03,0x03,0x01,0x01,0x07,0x0C,
 739          0x00,0x00,0x00,0x00,0x00,0x00,0x03,0x0F,0x1C,0x38,0x30,0x20,0x60,0x60,0x40,0x40,
 740          0xC0,0xC0,0xC0,0xC0,0xC0,0xC0,0xC0,0xC0,0x40,0x40,0x00,0x00,0x20,0x20,0x10,0x18,
 741          0x08,0x0C,0x1E,0x1F,0x3F,0x3F,0xFF,0xFF,0x7F,0x03,0x00,0x00,0x00,0x00,0x00,0x00,
 742          0x00,0x00,0x00,0x00,0x00,0x00,0x00,0x00,0x00,0x00,0x00,0x00,0x00,0x00,0x00,0x00,
 743          0x00,0x03,0x0F,0x3C,0xF1,0xC3,0x06,0xE4,0xFC,0x78,0x39,0x11,0x11,0x11,0x31,0x30,
 744          0x30,0x20,0x20,0x20,0x30,0xF0,0xF0,0x70,0x30,0x70,0xF8,0xF8,0xFC,0xE6,0x06,0x03,
 745          0x01,0x00,0x00,0x00,0x00,0x00,0x00,0x00,0xC0,0xF1,0xFF,0x7F,0xDF,0x87,0xC3,0x7E,
 746          0x9E,0xE1,0xFF,0xFF,0xFF,0xFF,0xFF,0xFF,0xFF,0xFF,0xFF,0xFE,0xFE,0xFC,0xF8,0xF8,
 747          0x00,0x00,0x00,0x00,0x00,0x00,0x00,0x00,0x00,0x00,0x00,0x00,0x00,0x00,0xF0,0xFC,
 748          0xFE,0xFF,0xFF,0xFF,0xFF,0x63,0x00,0x00,0x00,0x00,0x00,0x00,0x00,0x00,0x00,0x00,
 749          0x00,0x00,0x00,0x00,0x00,0x00,0x00,0x1F,0xFC,0x00,0x00,0x00,0x00,0x00,0x00,0x00,
 750          0x00,0x00,0x00,0x00,0x00,0x00,0x00,0x00,0x00,0x00,0x00,0x00,0x00,0x00,0x00,0x00,
 751          0x00,0x00,0x00,0x00,0x00,0xFB,0x3F,0x03,0x00,0x00,0x00,0x00,0x00,0x00,0x00,0x00,
 752          0x00,0x00,0x00,0x00,0x00,0x07,0x07,0x0C,0x38,0xE0,0x40,0x01,0x03,0x0F,0x38,0xF0,
 753          0x40,0x00,0x00,0x00,0x00,0x00,0x07,0x07,0x0F,0x1F,0x3F,0x3F,0x7E,0x7E,0x7E,0xFF,
 754          0xFF,0xE3,0xC9,0x88,0x9A,0xB1,0xC1,0xFF,0xFF,0xFF,0xFF,0xFF,0x7F,0x1F,0x1F,0x3F,
 755          0x00,0x00,0x00,0x00,0x00,0x00,0x00,0x00,0x00,0x00,0x00,0x00,0x00,0x00,0x00,0x03,
 756          0x07,0xEF,0xFF,0x0F,0x07,0x00,0x00,0x00,0x00,0x00,0x00,0x00,0x00,0x00,0x00,0x00,
 757          0x00,0x00,0x00,0x00,0x00,0x00,0x00,0x00,0xFF,0x7C,0x00,0x00,0x00,0x00,0xE0,0x00,
 758          0x80,0x80,0x00,0x00,0x80,0x00,0x00,0x00,0x80,0x00,0x80,0x00,0x00,0x00,0x80,0x00,
 759          0x00,0x00,0x00,0x00,0x00,0x9F,0x80,0x00,0xE0,0x00,0xA0,0x00,0x00,0x80,0x80,0x80,
 760          0x00,0x00,0x80,0x00,0x80,0x80,0x00,0x00,0xE0,0x03,0x1E,0x9E,0x9C,0x8C,0x06,0x03,
 761          0x80,0x00,0x00,0x00,0x80,0x00,0x00,0x00,0x00,0x00,0x80,0x80,0x80,0x00,0x00,0x00,
 762          0x80,0x87,0x9F,0x03,0x03,0x83,0x07,0x87,0x87,0x87,0x83,0x01,0x00,0x00,0x00,0x00,
 763          0xE0,0x80,0x80,0x00,0x00,0x00,0x00,0x00,0x00,0x00,0x00,0x00,0x00,0x00,0x00,0x00,
 764          0x80,0xBF,0xE1,0xC0,0x80,0x80,0x80,0x80,0x80,0x80,0xE4,0xBC,0x88,0x88,0xF8,0xC8,
 765          0x80,0x80,0x80,0x80,0x80,0xC0,0xC0,0xF8,0xCF,0xC0,0x00,0x00,0x00,0x00,0x1F,0x09,
 766          0x10,0x10,0x0F,0x00,0x0F,0x10,0x10,0x08,0x1F,0x00,0x01,0x46,0x38,0x06,0x01,0x00,
 767          0x04,0x04,0x04,0x00,0x0F,0x10,0x10,0x09,0x1F,0x00,0x1F,0x00,0x09,0x12,0x12,0x14,
 768          0x09,0x00,0x7F,0x09,0x10,0x10,0x0F,0x00,0x1F,0x00,0x0D,0x12,0x12,0x0A,0x1F,0x00,
 769          0x01,0x46,0x38,0x06,0x01,0x00,0x00,0x10,0x00,0x0F,0x10,0x10,0x10,0x09,0x00,0x0F,
 770          0x10,0x10,0x10,0x0F,0x00,0x1F,0x01,0x00,0x1F,0x00,0x00,0x1F,0x00,0x80,0x80,0xE0,
 771          };
 772          
 773          
 774          
 775          
 776          void Step(void) interrupt 0 using 0
 777          {
 778   1              Delay1(300);
 779   1              if(int0==0)
 780   1       // {   while(IE0);
 781   1              log=!log;
 782   1       // }
 783   1         while(!int0);
 784   1        return;
 785   1      
 786   1      }
 787          
 788          
 789          
 790          
 791          void Delay1(uint n)
 792          {while(n--);
 793   1       
 794   1         
 795   1              return;
 796   1      }
 797          
C51 COMPILER V9.60.7.0   MAIN                                                              06/20/2025 16:54:01 PAGE 14  

 798          
 799          void Write_number(uchar code *n,uchar k,uchar station_dot)
 800          {uchar i; 
 801   1                              for(i=0;i<8;i++)
 802   1                                      {
 803   2                                      Write_Data(*(n+16*k+i));
 804   2                                      }
 805   1                                      
 806   1              Set_Page_Address(Start_page+1)  ;
 807   1          Set_Column_Address(Start_column+station_dot*8);     
 808   1                              for(i=8;i<16;i++)
 809   1                                      {
 810   2                                      Write_Data(*(n+16*k+i));
 811   2                                      }
 812   1      }
 813          
 814          
 815          
 816          void display_Contrast_level(uchar number)
 817          {       uchar number1,number2,number3;
 818   1              number1=number/100;number2=number%100/10;number3=number%100%10;
 819   1              Set_Column_Address(Start_column+0*8);
 820   1              Set_Page_Address(Start_page);
 821   1          Write_number(num,number1,0);
 822   1              Set_Column_Address(Start_column+1*8);
 823   1              Set_Page_Address(Start_page);
 824   1              Write_number(num,number2,1);
 825   1              Set_Column_Address(Start_column+2*8);
 826   1              Set_Page_Address(Start_page);
 827   1              Write_number(num,number3,2);
 828   1      
 829   1      }
 830          
 831          
 832          void adj_Contrast(void)
 833          {       Delay1(300);
 834   1               if((key_add==0)||(key_dec==0))
 835   1                      {               
 836   2                       if     (key_add==0) 
 837   2                              {Contrast_level+=1;
 838   3                              Set_Contrast_Control_Register(Contrast_level);  
 839   3                              display_Contrast_level(Contrast_level);
 840   3                              Delay1(18000);
 841   3                              if(key_add==0)
 842   3                                      {Delay1(18000);
 843   4                                              if(key_add==0)                  
 844   4                                                      {Delay1(18000);
 845   5                                                              if(key_add==0)
 846   5                                                                      {Delay1(18000);
 847   6                                                                              if(key_add==0)
 848   6      
 849   6                                                                                      {while(key_add==0)
 850   7                                                                                              {Contrast_level+=1; 
 851   8                                                                                                      Set_Contrast_Control_Register(Contrast_level);  
 852   8                                                                                                      display_Contrast_level(Contrast_level);
 853   8                                                                                                      Delay1(20000); 
 854   8                                                                                              }
 855   7                                                                                      }
 856   6                                                                      }                               
 857   5                                                      }                                               
 858   4                                      }                                                                                               
 859   3                              }
C51 COMPILER V9.60.7.0   MAIN                                                              06/20/2025 16:54:01 PAGE 15  

 860   2              
 861   2      
 862   2      
 863   2                        
 864   2              
 865   2                       if     (key_dec==0) 
 866   2                              {Contrast_level-=1; 
 867   3                              Set_Contrast_Control_Register(Contrast_level);  
 868   3                              display_Contrast_level(Contrast_level);
 869   3                              Delay1(18000);
 870   3                              if(key_dec==0)
 871   3                                      {Delay1(18000);
 872   4                                              if(key_dec==0)                  
 873   4                                                      {Delay1(18000);
 874   5                                                              if(key_dec==0)
 875   5                                                                      {Delay1(18000);
 876   6                                                                              if(key_dec==0)
 877   6      
 878   6                                                                                      {while(key_dec==0)
 879   7                                                                                              {Contrast_level-=1; 
 880   8                                                                                                      Set_Contrast_Control_Register(Contrast_level);  
 881   8                                                                                                      display_Contrast_level(Contrast_level);
 882   8                                                                                                      Delay1(20000); 
 883   8                                                                                              }
 884   7                                                                                      }
 885   6                                                                      }                               
 886   5                                                      }                                               
 887   4                                      }                                                                                               
 888   3                              }
 889   2      
 890   2                      }
 891   1      }
 892          
 893          
 894          void Delay(uint n)
 895          {while(n)
 896   1       {    if((key_add==0)||(key_dec==0)) adj_Contrast();
 897   2                n--;
 898   2       }
 899   1              for(;log==1;)
 900   1              {
 901   2               if((key_add==0)||(key_dec==0)) adj_Contrast();
 902   2              }
 903   1      
 904   1              return;
 905   1      }
 906          
 907          
 908          
 909          // 4-wire SPI
 910          void Write_Instruction(unsigned char Data)
 911          {
 912   1      unsigned char i;
 913   1      
 914   1              CS=0;
 915   1              DC=0;
 916   1              for (i=0; i<8; i++)
 917   1              {
 918   2                      SCLK=0;
 919   2                      SDIN=(Data&0x80)>>7;
 920   2                      Data = Data << 1;
 921   2      //              uDelay(1);
C51 COMPILER V9.60.7.0   MAIN                                                              06/20/2025 16:54:01 PAGE 16  

 922   2                      SCLK=1;
 923   2      //              uDelay(1);
 924   2              }
 925   1      //      SCLK=0;
 926   1              DC=1;
 927   1              CS=1;
 928   1      }
 929          
 930          
 931          void Write_Data(unsigned char Data)
 932          {
 933   1      unsigned char i;
 934   1      
 935   1              CS=0;
 936   1              DC=1;
 937   1              for (i=0; i<8; i++)
 938   1              {
 939   2                      SCLK=0;
 940   2                      SDIN=(Data&0x80)>>7;
 941   2                      Data = Data << 1;
 942   2      //              uDelay(1);
 943   2                      SCLK=1;
 944   2      //              uDelay(1);
 945   2              }
 946   1      //      SCLK=0;
 947   1              DC=1;
 948   1              CS=1;
 949   1      }
 950          
 951          
 952          
 953          
 954          
 955          // Set page address 0~8
 956          void Set_Page_Address(unsigned char add)
 957          {
 958   1          add=0xb0|add;
 959   1          Write_Instruction(add);
 960   1              return;
 961   1      }
 962          
 963          void Set_Column_Address(unsigned char add)
 964          {
 965   1          Write_Instruction((0x10|(add>>4)));
 966   1              Write_Instruction((0x0f&add));
 967   1              return;
 968   1      }
 969          
 970          
 971          
 972          void Set_Contrast_Control_Register(unsigned char mod)
 973          {
 974   1          Write_Instruction(0x81);
 975   1              Write_Instruction(mod);
 976   1              return;
 977   1      }
 978          
 979          
 980          #pragma disable
 981          void Initial(void)
 982          {
 983   1              RST=1;
C51 COMPILER V9.60.7.0   MAIN                                                              06/20/2025 16:54:01 PAGE 17  

 984   1              Delay(2000);
 985   1              RST=0;
 986   1              Delay(2000);
 987   1              RST=1;
 988   1      
 989   1              Delay(2000);
 990   1      
 991   1              Write_Instruction(0xFD);                        // Set Command Lock
 992   1              Write_Instruction(0x12);                                //   Default => 0x12
 993   1                                                      //     0x12 => Driver IC interface is unlocked from entering command.
 994   1                                                      //     0x16 => All Commands are locked except 0xFD.
 995   1      
 996   1              Write_Instruction(0xae);//--turn off oled panel
 997   1      
 998   1              Write_Instruction(0xD5);                        // Set Display Clock Divide Ratio / Oscillator Frequency
 999   1              Write_Instruction(0xa0);                        //   Default => 0x70
1000   1                                                      //     D[3:0] => Display Clock Divider
1001   1                                                      //     D[7:4] => Oscillator Frequency
1002   1      
1003   1              Write_Instruction(0xa8);//--set multiplex ratio(1 to 64)
1004   1              Write_Instruction(0x3f);//--1/64 duty
1005   1      
1006   1              Write_Instruction(0xd3);//Set Display Offset
1007   1              Write_Instruction(0x00);
1008   1      
1009   1              Write_Instruction(0x40);                        // Set Display Start Line
1010   1      
1011   1              Write_Instruction(0x20);                        // Set Memory Addressing Mode
1012   1              Write_Instruction(0x02);                        //   Default => 0x02
1013   1                                                      //     0x00 => Horizontal Addressing Mode
1014   1                                                      //     0x01 => Vertical Addressing Mode
1015   1                                                      //     0x02 => Page Addressing Mode
1016   1      
1017   1      
1018   1              Write_Instruction(0xa1);//--set segment re-map 128 to 0
1019   1      
1020   1              Write_Instruction(0xC8);//--Set COM Output Scan Direction 64 to 1
1021   1      
1022   1      
1023   1              Write_Instruction(0xda);//--Set COM Pins Hardware Configuration
1024   1              Write_Instruction(0x12);//     Disable COM Left/Right Re-Map   Alternative COM Pin Configuration
1025   1      
1026   1      
1027   1              Write_Instruction(0x81);//--set contrast control register
1028   1              Write_Instruction(Contrast_level);
1029   1      
1030   1      
1031   1              Write_Instruction(0xD9);                        // Set Pre-Charge Period
1032   1              Write_Instruction(0x25);                        //   Default => 0x22 (2 Display Clocks [Phase 2] / 2 Display Clocks [Phase 1])
1033   1                                                      //     D[3:0] => Phase 1 Period in 1~15 Display Clocks
1034   1                                                      //     D[7:4] => Phase 2 Period in 1~15 Display Clocks
1035   1      
1036   1              Write_Instruction(0xDB);                        // Set VCOMH Deselect Level
1037   1              Write_Instruction(0x34);                        //   Default => 0x34 (0.78*VCC)
1038   1      
1039   1      
1040   1              Write_Instruction(0xad);//--Set Master Configuration
1041   1              Write_Instruction(0x8e);//--
1042   1      
1043   1              Write_Instruction(0xd8);//--Set Area Color Mode On/Off & Low Power Display Mode
1044   1              Write_Instruction(0x05);//
1045   1      
C51 COMPILER V9.60.7.0   MAIN                                                              06/20/2025 16:54:01 PAGE 18  

1046   1      
1047   1              Write_Instruction(0xa6);//--set normal display
1048   1      
1049   1              Write_Instruction(0xa4);//Disable Entire Display On     
1050   1      
1051   1      
1052   1      
1053   1      
1054   1              Write_Instruction(0xaf);//--turn on oled panel
1055   1      }
1056          
1057          
1058          
1059          void Display_Chess(unsigned char value)
1060          {
1061   1          unsigned char i,j,k;
1062   1          for(i=0;i<0x08;i++)
1063   1              {
1064   2                      Set_Page_Address(i);
1065   2      
1066   2              Set_Column_Address(0x00);
1067   2      
1068   2                      for(j=0;j<0x10;j++)
1069   2                      {
1070   3                          for(k=0;k<0x04;k++)
1071   3                              Write_Data(value);
1072   3                          for(k=0;k<0x04;k++)
1073   3                              Write_Data(~value);
1074   3                      }
1075   2              }
1076   1          return;
1077   1      }
1078          
1079          
1080          void Display_Chinese(unsigned char ft[])
1081          {
1082   1          unsigned char i,j,k,b,c=0;
1083   1              unsigned int    num=0;
1084   1      
1085   1      for(b=0;b<4;b++)
1086   1        {
1087   2          for(i=0;i<0x02;i++)
1088   2              {       Set_Page_Address(c);
1089   3              Set_Column_Address(0x00);
1090   3                  num=i*0x10+b*256;
1091   3                      for(j=0;j<0x08;j++)
1092   3                      {
1093   4                  for(k=0;k<0x10;k++)
1094   4                              {
1095   5                              Write_Data(ft[num+k]);
1096   5                              }
1097   4                              num+=0x20;
1098   4                      }c++;
1099   3              }
1100   2        }
1101   1          return;
1102   1      }
1103          
1104          
1105          //Display_Chinese1
1106          void Display_Chinese_Column(unsigned char ft[])
1107          {
C51 COMPILER V9.60.7.0   MAIN                                                              06/20/2025 16:54:01 PAGE 19  

1108   1          unsigned char i,j,k,num=0x40;
1109   1          for(i=0;i<0x08;i++)
1110   1              {
1111   2                      Set_Page_Address(i);
1112   2              Set_Column_Address(0x00);
1113   2                      for(j=0;j<0x08;j++)
1114   2                      {
1115   3                  for(k=0;k<0x10;k++)
1116   3                              {
1117   4                              Write_Data(ft[num+k]);
1118   4                              }
1119   3                      }
1120   2              num+=0x10;
1121   2              }
1122   1          return;
1123   1      }
1124          
1125          
1126          void Display_Picture(unsigned char pic[])
1127          {
1128   1          unsigned char i,j,num=0;
1129   1              for(i=0;i<0x08;i++)
1130   1              {
1131   2              Set_Page_Address(i);
1132   2          Set_Column_Address(0x00);
1133   2              for(j=0;j<0x80;j++)
1134   2                      {
1135   3                          Write_Data(pic[i*0x80+j]);
1136   3                      }
1137   2              }
1138   1          return;
1139   1      }
1140          
1141          
1142          
1143          void main(void)
1144          {       IE=0x81;
1145   1              IP=0x01;
1146   1              TCON=0x01;
1147   1              int0=1;
1148   1              Delay(100);
1149   1      
1150   1          Initial();
1151   1              Delay(1000);
1152   1              while(1)
1153   1              {
1154   2      
1155   2              Display_Picture(pic);
1156   2                      Delay(65000);
1157   2      
1158   2                      Write_Instruction(0xa7);//--set Inverse Display 
1159   2                      Delay(65000);
1160   2      
1161   2                      Write_Instruction(0xa6);//--set normal display
1162   2                      Display_Picture(pic1);
1163   2                      Delay(65000);
1164   2      
1165   2                      Write_Instruction(0xa7);//--set Inverse Display 
1166   2                      Delay(65000);
1167   2      
1168   2                      Write_Instruction(0xa6);//--set normal display
1169   2                      Display_Picture(pic2);
C51 COMPILER V9.60.7.0   MAIN                                                              06/20/2025 16:54:01 PAGE 20  

1170   2                      Delay(65000);
1171   2      
1172   2                      Write_Instruction(0xa7);//--set Inverse Display 
1173   2                      Delay(65000);
1174   2      
1175   2                      Write_Instruction(0xa6);//--set normal display
1176   2                      Display_Picture(pic3);
1177   2                      Delay(65000);
1178   2      
1179   2                      Write_Instruction(0xa7);//--set Inverse Display 
1180   2                      Delay(65000);
1181   2      
1182   2      
1183   2                      Write_Instruction(0xa6);//--set normal display
1184   2                      Display_Chess(0x0f);
1185   2                      Delay(65000);
1186   2      
1187   2                      Write_Instruction(0xa7);//--set Inverse Display 
1188   2                      Delay(65000);
1189   2      
1190   2                      Write_Instruction(0xa6);//--set normal display
1191   2                      Display_Chinese(font);
1192   2                      Delay(65000);
1193   2      
1194   2                      Write_Instruction(0xa7);//--set Inverse Display 
1195   2                      Display_Chinese(font);
1196   2                      Delay(65000);
1197   2      
1198   2                      Write_Instruction(0xa6);//--set normal display
1199   2                      Display_Chinese_Column(font);
1200   2                      Delay(65000);
1201   2      
1202   2                      Write_Instruction(0xa7);//--set Inverse Display 
1203   2                      Display_Chinese_Column(font);
1204   2                      Delay(65000);
1205   2      
1206   2                      Write_Instruction(0xa6);//--set normal display
1207   2              }
1208   1      }
1209          
1210          


MODULE INFORMATION:   STATIC OVERLAYABLE
   CODE SIZE        =   1175    ----
   CONSTANT SIZE    =   5280    ----
   XDATA SIZE       =   ----    ----
   PDATA SIZE       =   ----    ----
   DATA SIZE        =      1      25
   IDATA SIZE       =   ----    ----
   BIT SIZE         =      1    ----
END OF MODULE INFORMATION.


C51 COMPILATION COMPLETE.  0 WARNING(S),  0 ERROR(S)
