C51 COMPILER V9.60.7.0   MAIN                                                              08/02/2025 11:05:27 PAGE 1   


C51 COMPILER V9.60.7.0, COMPILATION OF MODULE MAIN
OBJECT MODULE PLACED IN main.OBJ
COMPILER INVOKED BY: D:\KEIL_STM32\C51\BIN\C51.EXE main.c LARGE OPTIMIZE(8,SPEED) BROWSE DEBUG OBJECTEXTEND

line level    source

   1          #include <REGX52.H>
   2          #include "12864.h"
   3          #include "photo.h"
   4           
   5          void main()   
   6          { 
   7   1              
   8   1      //      unsigned char mode;
   9   1              Init_IC();   
  10   1          lcd_test();  
  11   1              Yehui_UI();
  12   1              delayMs(3000);
  13   1          Clear();
  14   1                
  15   1      //      whatsapp();
  16   1      //      delayMs(5000); 
  17   1      //      Clear();          
  18   1              lcd_describe();
  19   1              delayMs(3000);  
  20   1          Clear();
  21   1                
  22   1      //    display_photo(tupian,0,0);          
  23   1      //      delayMs(3000);
  24   1      //    Clear();
  25   1      //        
  26   1      //      trans_display_photo(tupian1,0,0);         
  27   1      //      delayMs(3000);
  28   1      
  29   1        while(1)
  30   1        {
  31   2                        
  32   2              unsigned char mode;       
  33   2              if (HOLD()) 
  34   2              {  
  35   3          mode++;           // 先增加 mode
  36   3          mode %= 8;        // 让 mode 保持在 0~7 之间
  37   3              Clear();
  38   3          switch (mode) {
  39   4              case 0:  
  40   4                  display_test(0xaa, 0xaa);
  41   4                  break;
  42   4              case 1:            
  43   4                  Yehui_UI();         
  44   4                  break;
  45   4              case 2:
  46   4                  display_test(0x55, 0x55);  
  47   4                  break;
  48   4              case 3:
  49   4                  display_test(0x55, 0xaa);  
  50   4                  break;
  51   4              case 4:
  52   4                  display_test(0xaa, 0x55);           
  53   4                  break;
  54   4              case 5:
  55   4                  display_test(0xff, 0x00);    
C51 COMPILER V9.60.7.0   MAIN                                                              08/02/2025 11:05:27 PAGE 2   

  56   4                  break;
  57   4              case 6:
  58   4                  display_test(0x00, 0xff);   
  59   4                  break;
  60   4              case 7:
  61   4                  display_test(0xff, 0xff);   
  62   4                  break;
  63   4      
  64   4          }
  65   3      }
  66   2                
  67   2        }    
  68   1      }   


MODULE INFORMATION:   STATIC OVERLAYABLE
   CODE SIZE        =    141    ----
   CONSTANT SIZE    =   ----    ----
   XDATA SIZE       =   ----       1
   PDATA SIZE       =   ----    ----
   DATA SIZE        =   ----    ----
   IDATA SIZE       =   ----    ----
   BIT SIZE         =   ----    ----
END OF MODULE INFORMATION.


C51 COMPILATION COMPLETE.  0 WARNING(S),  0 ERROR(S)
