C51 COMPILER V9.60.7.0   MAIN                                                              11/20/2024 17:56:00 PAGE 1   


C51 COMPILER V9.60.7.0, COMPILATION OF MODULE MAIN
OBJECT MODULE PLACED IN .\Objects\main.obj
COMPILER INVOKED BY: D:\KEIL_STM32\C51\BIN\C51.EXE main.c OPTIMIZE(8,SPEED) BROWSE DEBUG OBJECTEXTEND PRINT(.\Listings\m
                    -ain.lst) OBJECT(.\Objects\main.obj)

line level    source

   1          #include <REGX52.H>
   2          #include <AT89X52.H>
   3          #include <intrins.h>
   4          #include "picture.h"
   5          #include "lcd12232.h"
   6          
   7          
   8          unsigned char mode;
   9          void main(void)
  10          {
  11   1      //  IE=0x81; // Turn on  external interrupt
  12   1      //      IP=0x01;
  13   1      //      TCON=0x01;
  14   1      //      int0=1;
  15   1      
  16   1      
  17   1      //      P1=0xff;
  18   1      //      P2=0xff;
  19   1      //      P3=0xff;
  20   1          Initial();
  21   1              Delay(50);
  22   1      
  23   1              Display_dot(0x00,0x00);
  24   1              Delay(2000);
  25   1              Display_dot(0x55,0xAA);
  26   1              Delay(2000);
  27   1              Display_dot(0xaa,0x55);
  28   1              Delay(2000);
  29   1              Display_dot(0x00,0xff);
  30   1              Delay(2000);
  31   1              Display_dot(0xff,0x00);
  32   1              Delay(2000);
  33   1              Display_dot(0x55,0x55);
  34   1              Delay(2000);
  35   1              Display_dot(0xaa,0xaa);
  36   1              Delay(2000);
  37   1              show_english();
  38   1              Delay(8000);
  39   1              Display_dot(0x00,0x00);
  40   1              show_chinese();
  41   1              while(1)
  42   1              {
  43   2      
  44   2                      if(ReadKey1())
  45   2                      mode++;
  46   2                      mode%=8;
  47   2                      switch(mode){   
  48   3                      case 0:Display_dot(0xAA,0x55);
  49   3                      break;
  50   3                      case 1:Display_dot(0x55,0xaa);
  51   3                      break;
  52   3                      case 2:Display_dot(0x55,0x55);
  53   3                      break;
  54   3                      case 3:Display_dot(0x00,0xff);
C51 COMPILER V9.60.7.0   MAIN                                                              11/20/2024 17:56:00 PAGE 2   

  55   3                      break;
  56   3                      case 4:Display_dot(0xaa,0xaa);
  57   3                      break;
  58   3                      case 5:Display_dot(0xff,0xff);
  59   3                      break;
  60   3                      case 6:show_english();
  61   3                      break;
  62   3                      case 7:show_chinese();
  63   3                      break;
  64   3      
  65   3      
  66   3      }
  67   2      
  68   2              }
  69   1      }


MODULE INFORMATION:   STATIC OVERLAYABLE
   CODE SIZE        =    203    ----
   CONSTANT SIZE    =   ----    ----
   XDATA SIZE       =   ----    ----
   PDATA SIZE       =   ----    ----
   DATA SIZE        =      1    ----
   IDATA SIZE       =   ----    ----
   BIT SIZE         =   ----    ----
END OF MODULE INFORMATION.


C51 COMPILATION COMPLETE.  0 WARNING(S),  0 ERROR(S)
